(Sep 15 2025 23:34:05,  888829 sec) TelemetryInit()      Profile 5. (Apf11 FwRev: 031524)
(Sep 15 2025 23:34:05,  888829 sec) TelemetryInit()      Charge consumption model: OCV:15.3V Wake-Cycles:17113 Standby:130.6days Wake:16.2kC Sensors:1.3kC
(Sep 15 2025 23:39:21,  889145 sec) GetSurfaceObs()      P/O2,T2,TPhase,RPhase,RawTemp/FSig,BbSig,TSig: 0.1dbars / 223.5uM 29.944C 29.185 7.437 -48.918 / 53,115,528
(Sep 15 2025 23:39:21,  889145 sec) GetSurfaceObs()      P/Ocr: 0.1dbars / 0x8e9ba652 0x97a031e4 0x98e39692 0x92b71909
(Sep 15 2025 23:39:55,  889179 sec) GetSurfaceObs()      P/O2,T2,TPhase,RPhase,RawTemp/FSig,BbSig,TSig: -0.0dbars / 224.1uM 29.941C 29.159 7.393 -48.842 / 53,116,528
(Sep 15 2025 23:39:55,  889179 sec) GetSurfaceObs()      P/Ocr: -0.0dbars / 0x8ce2c1f6 0x962cb66d 0x9684fe24 0x92ec1100
(Sep 15 2025 23:40:28,  889212 sec) GetSurfaceObs()      P/O2,T2,TPhase,RPhase,RawTemp/FSig,BbSig,TSig: 0.1dbars / 223.9uM 29.887C 29.187 7.382 -47.111 / 53,113,528
(Sep 15 2025 23:40:28,  889212 sec) GetSurfaceObs()      P/Ocr: 0.1dbars / 0x8c78b46d 0x943d2f5b 0x94890b00 0x8f715a24
(Sep 15 2025 23:41:01,  889245 sec) GetSurfaceObs()      P/O2,T2,TPhase,RPhase,RawTemp/FSig,BbSig,TSig: 0.2dbars / 223.7uM 29.944C 29.176 7.380 -48.918 / 52,113,528
(Sep 15 2025 23:41:01,  889245 sec) GetSurfaceObs()      P/Ocr: 0.2dbars / 0x8c6bd449 0x920bb789 0x93164592 0x8cee66c0
(Sep 15 2025 23:43:40,  889404 sec) AirSystem()          Battery [216cnt, 15.2V]  Current [24cnt, 93.9mA]  Pneumometer [155cnt, 18.2psi]  Run-Time [76s]
(Sep 15 2025 23:43:53,  889417 sec) GetSurfaceObs()      P/O2,T2,TPhase,RPhase,RawTemp/FSig,BbSig,TSig: 0.1dbars / 223.7uM 29.732C 29.250 7.429 -42.204 / 54,112,528
(Sep 15 2025 23:43:53,  889417 sec) GetSurfaceObs()      P/Ocr: 0.1dbars / 0x90cec1a4 0x9bfb0eb6 0x9b4c966d 0x94caa149
(Sep 15 2025 23:44:26,  889450 sec) GetSurfaceObs()      P/O2,T2,TPhase,RPhase,RawTemp/FSig,BbSig,TSig: -0.2dbars / 226.7uM 29.358C 29.244 7.415 -30.268 / 55,115,528
(Sep 15 2025 23:44:26,  889450 sec) GetSurfaceObs()      P/Ocr: -0.2dbars / 0x912194a4 0x9c73142d 0x9bcc13d2 0x956f1cdb
(Sep 15 2025 23:44:59,  889483 sec) GetSurfaceObs()      P/O2,T2,TPhase,RPhase,RawTemp/FSig,BbSig,TSig: -0.1dbars / 228.9uM 29.133C 29.220 7.404 -23.067 / 53,115,528
(Sep 15 2025 23:44:59,  889483 sec) GetSurfaceObs()      P/Ocr: -0.1dbars / 0x90d7409b 0x9defdf49 0x9d5763b6 0x96568c80
(Sep 15 2025 23:45:32,  889516 sec) GetSurfaceObs()      P/O2,T2,TPhase,RPhase,RawTemp/FSig,BbSig,TSig: -0.1dbars / 231.2uM 29.076C 29.131 7.401 -21.255 / 54,113,528
(Sep 15 2025 23:45:32,  889516 sec) GetSurfaceObs()      P/Ocr: -0.1dbars / 0x8f5333c9 0x98505124 0x98de7892 0x93920fe4
(Sep 15 2025 23:46:06,  889550 sec) GetSurfaceObs()      P/O2,T2,TPhase,RPhase,RawTemp/FSig,BbSig,TSig: -0.1dbars / 227.2uM 29.484C 29.175 7.402 -34.300 / 54,115,528
(Sep 15 2025 23:46:06,  889550 sec) GetSurfaceObs()      P/Ocr: -0.1dbars / 0x91558412 0x9e469640 0x9e0022ad 0x96772aa4
(Sep 15 2025 23:46:39,  889583 sec) GetSurfaceObs()      P/O2,T2,TPhase,RPhase,RawTemp/FSig,BbSig,TSig: -0.0dbars / 225.7uM 29.516C 29.234 7.399 -35.319 / 53,114,528
(Sep 15 2025 23:46:39,  889583 sec) GetSurfaceObs()      P/Ocr: -0.0dbars / 0x91d8f25b 0x9ef4aa5b 0x9e7a6a36 0x97e00b00
(Sep 15 2025 23:47:12,  889616 sec) GetSurfaceObs()      P/O2,T2,TPhase,RPhase,RawTemp/FSig,BbSig,TSig: -0.1dbars / 227.8uM 29.459C 29.153 7.413 -33.481 / 55,113,528
(Sep 15 2025 23:47:12,  889616 sec) GetSurfaceObs()      P/Ocr: -0.1dbars / 0x9280fa24 0xa092a3f6 0x9ff22180 0x98447900
(Sep 15 2025 23:47:45,  889649 sec) GetSurfaceObs()      P/O2,T2,TPhase,RPhase,RawTemp/FSig,BbSig,TSig: -0.2dbars / 226.1uM 29.713C 29.146 7.406 -41.575 / 53,112,528
(Sep 15 2025 23:47:45,  889649 sec) GetSurfaceObs()      P/Ocr: -0.2dbars / 0x9349d39b 0xa2d6a136 0xa234dca4 0x9a32afed
(Sep 15 2025 23:48:03,  889667 sec) AirSystem()          Battery [217cnt, 15.2V]  Current [24cnt, 93.7mA]  Pneumometer [159cnt, 18.7psi]  Run-Time [9s]
(Sep 15 2025 23:48:37,  889701 sec) GetSurfaceObs()      P/O2,T2,TPhase,RPhase,RawTemp/FSig,BbSig,TSig: 0.0dbars / 227.8uM 29.497C 29.140 7.413 -34.709 / 53,122,528
(Sep 15 2025 23:48:37,  889701 sec) GetSurfaceObs()      P/Ocr: 0.0dbars / 0x93063c64 0xa2688412 0xa3b641f6 0x9bc80a40
(Sep 15 2025 23:48:40,  889704 sec) GpsServices()        GPS almanac is current.
(Sep 15 2025 23:48:40,  889704 sec) GpsServices()        Initiating GPS fix acquisition.
(Sep 15 2025 23:48:45,  889709 sec) gga()                $GPGGA,234840,1454.9814,N,14247.3419,E,0,00,,,M,,M,,*5F
(Sep 15 2025 23:49:02,  889726 sec) gga()                $GPGGA,234910,1454.9814,N,14247.3419,E,0,00,,,M,,M,,*5B
(Sep 15 2025 23:49:12,  889736 sec) gga()                $GPGGA,234920,1454.9814,N,14247.3419,E,0,00,,,M,,M,,*58
(Sep 15 2025 23:49:22,  889746 sec) gga()                $GPGGA,234930,1454.9814,N,14247.3419,E,0,00,,,M,,M,,*59
(Sep 15 2025 23:49:23,  889747 sec) gga()                $GPGGA,234930,1454.9814,N,14247.3419,E,0,00,,,M,,M,,*59
(Sep 15 2025 23:49:32,  889756 sec) gga()                $GPGGA,234940,1454.9814,N,14247.3419,E,0,00,,,M,,M,,*5E
(Sep 15 2025 23:49:42,  889766 sec) gga()                $GPGGA,234950,1454.9814,N,14247.3419,E,0,00,,,M,,M,,*5F
(Sep 15 2025 23:49:53,  889777 sec) gga()                $GPGGA,235000,1421.0178,N,14243.5088,E,1,09,0.9,13.4,M,50.5,M,,*7D
(Sep 15 2025 23:49:53,  889777 sec) GpsServices()        Profile 5 GPS fix obtained in 73 seconds.
(Sep 15 2025 23:49:53,  889777 sec) GpsServices()                   lon      lat mm/dd/yyyy hhmmss nsat
(Sep 15 2025 23:49:53,  889777 sec) GpsServices()        Fix:  142.7251  14.3503 09/15/2025 235000    9
(Sep 15 2025 23:50:03,  889787 sec) gga()                $GPGGA,235010,1421.0175,N,14243.5070,E,1,09,0.9,13.2,M,50.5,M,,*70
(Sep 15 2025 23:50:12,  889796 sec) gga()                $GPGGA,235020,1421.0161,N,14243.5058,E,1,09,0.9,13.4,M,50.5,M,,*7A
(Sep 15 2025 23:50:12,  889796 sec) GpsServices()        APF11 RTC skew (-8s) OK.
(Sep 15 2025 23:50:12,  889796 sec) GpsServices()        GPS services complete.
(Sep 15 2025 23:50:40,  889824 sec) IrGeoLoc()           <x,y,z>=<-4908km,3728km,1628km> lat=14.891 lon=142.781 IrSysTime=0xec9c8dee
(Sep 15 2025 23:50:43,  889827 sec) CLogin()             Connecting to primary host.
(Sep 15 2025 23:51:01,  889845 sec) CLogin()             Connection 1 established in 18 seconds.
(Sep 15 2025 23:51:31,  889875 sec) expect()             Attempt to read prompt string [login:] failed.
(Sep 15 2025 23:51:31,  889875 sec) login()              Login prompt not received.
(Sep 15 2025 23:51:42,  889886 sec) login()              Login successful.
(Sep 15 2025 23:51:53,  889897 sec) CLogin()             Logged in to host.  [Login required 52 seconds]
(Sep 15 2025 23:51:57,  889901 sec) RxConfig()           Downloading "mission.cfg" from host.
(Sep 15 2025 23:52:10,  889914 sec) RxConfig()           Download successful: [bytes:33, sec:11.1, bps:3]
(Sep 15 2025 23:52:16,  889920 sec) WriteVitals_()       Writing vitals to "21878.005.msg".
(Sep 15 2025 23:52:27,  889931 sec) UpLoadFile()         Uploading "21878.005.log" to host.
(Sep 15 2025 23:55:21,  890105 sec) UpLoadFile()         Upload successful: [bytes:47271, sec:173.9, bps:272]
(Sep 15 2025 23:55:22,  890106 sec) fmove()              Moved: 21878.005.log -> archive/21878.005.log
(Sep 15 2025 23:55:29,  890113 sec) UpLoadFile()         Uploading "21878.005.msg" to host.
(Sep 16 2025 00:00:10,  890394 sec) UpLoadFile()         Upload successful: [bytes:42955, sec:281.4, bps:153]
(Sep 16 2025 00:00:12,  890396 sec) fmove()              Moved: 21878.005.msg -> archive/21878.005.msg
(Sep 16 2025 00:00:14,  890398 sec) Stm32f103SdBlockRead Block transfer from Rx fifo of SD periperal failed. [sdio->STA=0x00000402]
(Sep 16 2025 00:00:14,  890398 sec) Stm32f103SdBlockRead Read failed for 49 blocks starting at address 0x00007424. [status=0,state=-1,msTimer=71msec]
(Sep 16 2025 00:00:24,  890408 sec) fioGet()             FatFs read failed for "21878.005.isus" after 0 bytes. [FatErr=1]
(Sep 16 2025 00:00:24,  890408 sec) UpLoadFile()         Unable to open "21878.005.isus" for reading. [errno=5]
(Sep 16 2025 00:00:31,  890415 sec) UpLoadFile()         Uploading "21878.005.isus" to host.
(Sep 16 2025 00:02:14,  890518 sec) UpLoadFile()         Upload successful: [bytes:25474, sec:102.8, bps:248]
(Sep 16 2025 00:02:15,  890519 sec) fmove()              Moved: 21878.005.isus -> archive/21878.005.isus
(Sep 16 2025 00:02:21,  890525 sec) UpLoadFile()         Uploading "21878.005.dura" to host.
(Sep 16 2025 00:03:17,  890581 sec) UpLoadFile()         Upload successful: [bytes:13583, sec:55.5, bps:245]
(Sep 16 2025 00:03:18,  890582 sec) fmove()              Moved: 21878.005.dura -> archive/21878.005.dura
(Sep 16 2025 00:03:20,  890584 sec) UpLoad()             Files successfully uploaded: 4
(Sep 16 2025 00:03:20,  890584 sec) UpLoad()             Upload complete.
(Sep 16 2025 00:03:27,  890591 sec) chat()               Expected string [logout] not received.
(Sep 16 2025 00:03:27,  890591 sec) logout()             Attempt to log-out failed.
(Sep 16 2025 00:03:27,  890591 sec) logout()             No carrier detected.
(Sep 16 2025 00:03:27,  890591 sec) Telemetry()          Telemetry cycle complete: PrfId=5 ConnectionAttempts=1  Connections=1
(Sep 16 2025 00:03:27,  890591 sec) TelemetryTerminate() Parsing new mission configuration.
(Sep 16 2025 00:03:28,  890592 sec) configure()          Parsing configurators in "mission.cfg".
(Sep 16 2025 00:03:28,  890592 sec) configure()             TelemetryRetry(15)      [0x7BBC] [TelemetryRetry(15)].
(Sep 16 2025 00:03:29,  890593 sec) configure()          Configuration CRCs and syntax OK.
(Sep 16 2025 00:03:29,  890593 sec) ConfigSupervisor()   Configuration accepted.
(Sep 16 2025 00:03:29,  890593 sec) TelemetryTerminate() Reconditioning the file system.
(Sep 16 2025 00:03:32,       0 sec) DescentInit()        Deep profile 6 initiated at mission-time 890596sec.
(Sep 16 2025 00:03:33,       1 sec) DescentInit()        Surface pressure: -0.1dbars.
(Sep 16 2025 00:03:33,       1 sec) DescentInit()        Charge consumption model: OCV:15.1V Wake-Cycles:17114 Standby:130.6days Wake:16.2kC Sleep:1.3kC
(Sep 16 2025 00:03:45,      13 sec) DescentInit()        Pneumatic humidity: 1043(6.5%) -> 1142(9.4%)
(Sep 16 2025 00:03:46,      14 sec) PistonMoveAbsWTO()    231->049 230 229 228 227 226 225 224 223 222 221 220 219 218 217 216 215 214 213 212 211 210 209 208 207 206 205 204 203 202 201 200 199 198 197 196 195 194 193 192 191 190 189 188 187 186 185 184 183 182 181 180 179 178 177 176 175 174 173 172 171 170 169 168 167 166 165 164 163 162 161 160 159 158 157 156 155 154 153 152 151 150 149 148 147 146 145 144 143 142 141 140 139 138 137 136 135 134 133 132 131 130 129 128 127 126 125 124 123 122 121 120 119 118 117 116 115 114 113 112 111 110 109 108 107 106 105 104 103 102 101 100 099 098 097 096 095 094 093 092 091 090 089 088 087 086 085 084 083 082 081 080 079 078 077 076 075 074 073 072 071 070 069 068 067 066 065 064 063 062 061 060 059 058 057 056 055 054 053 052 051 050 049 [936sec, 15.0Volts, 0.151Amps, CPT:936sec]
(Sep 16 2025 00:19:27,     955 sec) DescentInit()        Air solenoid open: Barometer [216cnt,  12.7psi]  Pneumometer [110cnt,  12.8psi]
(Sep 16 2025 00:19:37,     965 sec) Descent()            Pressure: 118.2
(Sep 16 2025 01:03:32,    3600 sec) Descent()            Pressure: 484.8
(Sep 16 2025 02:03:32,    7200 sec) Descent()            Pressure: 764.9
(Sep 16 2025 03:03:32,   10800 sec) Descent()            Pressure: 921.0
(Sep 16 2025 04:03:32,   14400 sec) Descent()            Pressure: 946.0
(Sep 16 2025 04:03:32,   14400 sec) ParkInit()           Charge consumption model: OCV:15.5V Wake-Cycles:17119 Standby:130.8days Wake:16.6kC Sensors:1.3kC
(Sep 16 2025 06:03:40,   21608 sec) Park()               ParkPOutOfBand[-3, 957.2 dbars]: retract piston.
(Sep 16 2025 06:03:40,   21608 sec) PistonMoveAbsWTO()    049->048 048 [6sec, 14.9Volts, 0.131Amps, CPT:942sec]
(Sep 16 2025 09:03:40,   32408 sec) Park()               ParkPOutOfBand[-3, 979.8 dbars]: retract piston.
(Sep 16 2025 09:03:40,   32408 sec) PistonMoveAbsWTO()    048->047 047 [6sec, 14.9Volts, 0.128Amps, CPT:948sec]
(Sep 17 2025 01:03:40,   90008 sec) Park()               ParkPOutOfBand[3, 1016.9 dbars]: extend piston.
(Sep 17 2025 01:03:40,   90008 sec) PistonMoveAbsWTO()    047->048 048 [4sec, 14.5Volts, 0.486Amps, CPT:952sec]
(Sep 17 2025 04:03:40,  100808 sec) Park()               ParkPOutOfBand[3, 1014.6 dbars]: extend piston.
(Sep 17 2025 04:03:40,  100808 sec) PistonMoveAbsWTO()    048->049 049 [6sec, 14.5Volts, 0.470Amps, CPT:958sec]
(Sep 17 2025 08:03:40,  115208 sec) Park()               ParkPOutOfBand[-3, 986.3 dbars]: retract piston.
(Sep 17 2025 08:03:40,  115208 sec) PistonMoveAbsWTO()    049->048 048 [3sec, 15.0Volts, 0.128Amps, CPT:961sec]
(Sep 17 2025 18:03:40,  151208 sec) Park()               ParkPOutOfBand[-3, 989.2 dbars]: retract piston.
(Sep 17 2025 18:03:40,  151208 sec) PistonMoveAbsWTO()    048->047 047 [6sec, 14.9Volts, 0.131Amps, CPT:967sec]
(Sep 18 2025 06:03:40,  194408 sec) Park()               ParkPOutOfBand[3, 1017.8 dbars]: extend piston.
(Sep 18 2025 06:03:40,  194408 sec) PistonMoveAbsWTO()    047->048 048 [3sec, 14.6Volts, 0.489Amps, CPT:970sec]
(Sep 18 2025 21:03:40,  248408 sec) Park()               ParkPOutOfBand[3, 1020.9 dbars]: extend piston.
(Sep 18 2025 21:03:40,  248408 sec) PistonMoveAbsWTO()    048->049 049 [6sec, 14.5Volts, 0.477Amps, CPT:976sec]
(Sep 19 2025 01:03:40,  262808 sec) Park()               ParkPOutOfBand[-3, 988.1 dbars]: retract piston.
(Sep 19 2025 01:03:40,  262808 sec) PistonMoveAbsWTO()    049->048 048 [2sec, 14.9Volts, 0.122Amps, CPT:978sec]
(Sep 19 2025 13:03:40,  306008 sec) Park()               ParkPOutOfBand[-3, 980.0 dbars]: retract piston.
(Sep 19 2025 13:03:40,  306008 sec) PistonMoveAbsWTO()    048->047 047 [6sec, 14.9Volts, 0.122Amps, CPT:984sec]
(Sep 19 2025 16:03:40,  316808 sec) Park()               ParkPOutOfBand[3, 1017.0 dbars]: extend piston.
(Sep 19 2025 16:03:40,  316808 sec) PistonMoveAbsWTO()    047->048 048 [4sec, 14.6Volts, 0.473Amps, CPT:988sec]
(Sep 20 2025 08:03:40,  374408 sec) Park()               ParkPOutOfBand[3, 1023.6 dbars]: extend piston.
(Sep 20 2025 08:03:40,  374408 sec) PistonMoveAbsWTO()    048->049 049 [6sec, 14.6Volts, 0.482Amps, CPT:994sec]
(Sep 20 2025 16:03:40,  403208 sec) Park()               ParkPOutOfBand[-3, 986.2 dbars]: retract piston.
(Sep 20 2025 16:03:40,  403208 sec) PistonMoveAbsWTO()    049->048 048 [2sec, 14.9Volts, 0.123Amps, CPT:996sec]
(Sep 21 2025 12:03:40,  475208 sec) Park()               ParkPOutOfBand[-3, 979.8 dbars]: retract piston.
(Sep 21 2025 12:03:40,  475208 sec) PistonMoveAbsWTO()    048->047 047 [6sec, 14.9Volts, 0.127Amps, CPT:1002sec]
(Sep 21 2025 15:03:40,  486008 sec) Park()               ParkPOutOfBand[3, 1027.8 dbars]: extend piston.
(Sep 21 2025 15:03:40,  486008 sec) PistonMoveAbsWTO()    047->048 048 [3sec, 14.6Volts, 0.466Amps, CPT:1005sec]
(Sep 22 2025 06:03:40,  540008 sec) Park()               ParkPOutOfBand[3, 1024.1 dbars]: extend piston.
(Sep 22 2025 06:03:40,  540008 sec) PistonMoveAbsWTO()    048->049 049 [6sec, 14.5Volts, 0.479Amps, CPT:1011sec]
(Sep 22 2025 11:03:40,  558008 sec) Park()               ParkPOutOfBand[-3, 984.8 dbars]: retract piston.
(Sep 22 2025 11:03:40,  558008 sec) PistonMoveAbsWTO()    049->048 048 [3sec, 14.9Volts, 0.129Amps, CPT:1014sec]
(Sep 22 2025 15:03:40,  572408 sec) Park()               ParkPOutOfBand[3, 1010.0 dbars]: extend piston.
(Sep 22 2025 15:03:40,  572408 sec) PistonMoveAbsWTO()    048->049 049 [3sec, 14.6Volts, 0.496Amps, CPT:1017sec]
(Sep 24 2025 11:03:40,  730808 sec) Park()               ParkPOutOfBand[-3, 989.7 dbars]: retract piston.
(Sep 24 2025 11:03:40,  730808 sec) PistonMoveAbsWTO()    049->048 048 [2sec, 14.9Volts, 0.126Amps, CPT:1019sec]
(Sep 24 2025 20:03:40,  763208 sec) Park()               ParkPOutOfBand[3, 1010.9 dbars]: extend piston.
(Sep 24 2025 20:03:40,  763208 sec) PistonMoveAbsWTO()    048->049 049 [3sec, 14.5Volts, 0.518Amps, CPT:1022sec]
(Sep 25 2025 08:03:40,  806408 sec) Park()               ParkPOutOfBand[-3, 985.1 dbars]: retract piston.
(Sep 25 2025 08:03:40,  806408 sec) PistonMoveAbsWTO()    049->048 048 [3sec, 14.9Volts, 0.122Amps, CPT:1025sec]
(Sep 25 2025 20:03:54,  849622 sec) CtdPower()           [ 1015.36,  4.4823, 34.5188]
(Sep 25 2025 20:03:54,  849622 sec) CtdPower()           CTD Power consumption [216VCnt 3ACnt]: 15.205Volts * 0.011Amps = 0.17Watts.
(Sep 25 2025 20:04:09,  849637 sec) ParkTerminate()      Piston Position:48 Vacuum:195 HumidityAd12:1053(6.8%) Vq:215 Aq:9 Vsbe:216 Asbe:3 Vflbb:212 Aflbb:8 Vopt:211 Aopt:12 Vocr:213 Aocr:7 MuxTemp:4.448C MuxHumidity:4.9%
(Sep 25 2025 20:04:39,  849667 sec) ParkTerminate()      PTS/O2,T2,TPhase,RawTemp: 1015.3dbars 4.4823C 34.5192PSU / 95.2uM 4.467C 49.828 6.258 764.292
(Sep 25 2025 20:04:39,  849667 sec) ParkTerminate()      FLBB FSig, BbSig, TSig / Ocr: 54, 103, 569 /  nan nan nan nan
(Sep 25 2025 20:04:40,  849668 sec) GoDeepInit()         Charge consumption model: OCV:15.3V Wake-Cycles:17351 Standby:140.4days Wake:16.9kC Sensors:1.3kC
(Sep 25 2025 20:04:40,  849668 sec) GoDeepInit()         Moving piston.
(Sep 25 2025 20:04:40,  849668 sec) PistonMoveAbsWTO()    048->011 047 046 045 044 043 042 041 040 039 038 037 036 035 034 033 032 031 030 029 028 027 026 025 024 023 022 021 020 019 018 017 016 015 014 013 012 011 [196sec, 14.8Volts, 0.094Amps, CPT:1221sec]
(Sep 26 2025 00:03:32,  864000 sec) ProfileInit()        Charge consumption model: OCV:15.4V Wake-Cycles:17399 Standby:140.6days Wake:16.9kC Sensors:1.3kC
(Sep 26 2025 00:03:32,  864000 sec) ProfileInit()        PrfId:006  Pressure:1875.7dbar  pTable[2]:1800dbar
(Sep 26 2025 00:03:34,  864002 sec) ProfileInit()        Muxer PPIs K{1,2} quiescent: 15.20V, 0.0mA, 0.0mW
(Sep 26 2025 00:03:47,  864015 sec) ProfileInit()        ISUS powered up.
(Sep 26 2025 00:03:53,  864021 sec) ProfileInit()        Muxer PPIs K{1,2} w/ ISUS awake: 15.11V, 18.6mA, 281.1mW
(Sep 26 2025 00:04:00,  864028 sec) MscErrorLog_()       No error records to log.
(Sep 26 2025 00:04:07,  864035 sec) ProfileInit()        DURA powered up.
(Sep 26 2025 00:04:11,  864039 sec) ProfileInit()        Muxer PPIs K{1,2} w/ DURA awake: 15.12V, 19.7mA, 297.8mW
(Sep 26 2025 00:04:17,  864045 sec) MscErrorLog_()       No error records to log.
(Sep 26 2025 00:04:22,  864050 sec) PistonMoveAbsWTO()    012->033 013 014 015 016 [30sec, 14.2Volts, 0.670Amps, CPT:1251sec]
(Sep 26 2025 00:05:03,  864091 sec) PistonMoveAbsWTO()    016->033 017 018 019 020 021 [30sec, 14.0Volts, 0.660Amps, CPT:1281sec]
(Sep 26 2025 00:05:44,  864132 sec) PistonMoveAbsWTO()    021->033 022 023 024 025 [30sec, 13.9Volts, 0.639Amps, CPT:1311sec]
(Sep 26 2025 00:06:25,  864173 sec) PistonMoveAbsWTO()    025->033 026 027 028 029 030 [30sec, 13.8Volts, 0.657Amps, CPT:1341sec]
(Sep 26 2025 00:07:06,  864214 sec) PistonMoveAbsWTO()    030->033 031 032 033 [19sec, 13.9Volts, 0.647Amps, CPT:1360sec]
(Sep 26 2025 00:18:37,  864905 sec) AscentControlAgent() Bouyancy nudge to 43 (v=0.079dbar/sec).
(Sep 26 2025 00:18:37,  864905 sec) PistonMoveAbsWTO()    033->043 034 035 036 037 [30sec, 14.2Volts, 0.635Amps, CPT:1390sec]
(Sep 26 2025 00:20:21,  865009 sec) Profile()            Sample 0 initiated at 1800.2dbars for bin 2 [1800dbars].  PTS/O2,T2,TPhase,RPhase,RawTemp/NO3/pH/FSig,BbSig,TSig/Ocr: 1797.8dbars 2.3173C 34.6102PSU / 121.3uM 2.310C 48.530 6.295 826.084 / 40.8uM / -1.037679V /   54   99  572 / nan nan nan nan
(Sep 26 2025 00:20:22,  865010 sec) PistonMoveAbsWTO()    037->043 038 039 040 041 042 [30sec, 14.1Volts, 0.613Amps, CPT:1420sec]
(Sep 26 2025 00:21:03,  865051 sec) PistonMoveAbsWTO()    042->043 043 [5sec, 14.1Volts, 0.627Amps, CPT:1425sec]
(Sep 26 2025 00:36:10,  865958 sec) Profile()            Sample 1 initiated at 1701.9dbars for bin 3 [1700dbars].  PTS/O2,T2,TPhase,RPhase,RawTemp/NO3/pH/FSig,BbSig,TSig/Ocr: 1699.8dbars 2.4658C 34.6012PSU / 118.5uM 2.455C 48.692 6.334 821.995 / 41.0uM / -1.037785V /   53   98  572 / nan nan nan nan
(Sep 26 2025 00:51:35,  866883 sec) Profile()            Sample 2 initiated at 1601.6dbars for bin 4 [1600dbars].  PTS/O2,T2,TPhase,RPhase,RawTemp/NO3/pH/FSig,BbSig,TSig/Ocr: 1599.1dbars 2.7089C 34.5894PSU / 113.6uM 2.697C 48.977 6.339 815.123 / 41.2uM / -1.038091V /   54   99  572 / nan nan nan nan
(Sep 26 2025 01:06:27,  867775 sec) Profile()            Sample 3 initiated at 1500.9dbars for bin 5 [1500dbars].  PTS/O2,T2,TPhase,RPhase,RawTemp/NO3/pH/FSig,BbSig,TSig/Ocr: 1498.7dbars 2.8389C 34.5832PSU / 111.5uM 2.827C 49.096 6.338 811.448 / 41.2uM / -1.037971V /   53  100  572 / nan nan nan nan
(Sep 26 2025 01:24:04,  868832 sec) Profile()            Sample 4 initiated at 1401.2dbars for bin 6 [1400dbars].  PTS/O2,T2,TPhase,RPhase,RawTemp/NO3/pH/FSig,BbSig,TSig/Ocr: 1399.3dbars 2.9315C 34.5784PSU / 110.5uM 2.919C 49.144 6.347 808.836 / 41.4uM / -1.037832V /   53   99  571 / nan nan nan nan
(Sep 26 2025 01:30:32,  869220 sec) AscentControlAgent() Bouyancy nudge to 53 (v=0.068dbar/sec).
(Sep 26 2025 01:30:32,  869220 sec) PistonMoveAbsWTO()    043->053 044 045 046 047 [30sec, 14.4Volts, 0.554Amps, CPT:1455sec]
(Sep 26 2025 01:31:13,  869261 sec) PistonMoveAbsWTO()    047->053 048 049 050 051 052 [30sec, 14.2Volts, 0.531Amps, CPT:1485sec]
(Sep 26 2025 01:31:54,  869302 sec) PistonMoveAbsWTO()    052->053 053 [2sec, 14.2Volts, 0.548Amps, CPT:1487sec]
(Sep 26 2025 01:42:22,  869930 sec) Profile()            Sample 5 initiated at 1302.0dbars for bin 7 [1300dbars].  PTS/O2,T2,TPhase,RPhase,RawTemp/NO3/pH/FSig,BbSig,TSig/Ocr: 1299.5dbars 3.3435C 34.5622PSU / 105.1uM 3.331C 49.419 6.352 797.071 / 41.5uM / -1.038024V /   52  109  571 / nan nan nan nan
(Sep 26 2025 01:59:59,  870987 sec) Profile()            Sample 6 initiated at 1201.9dbars for bin 8 [1200dbars].  PTS/O2,T2,TPhase,RPhase,RawTemp/NO3/pH/FSig,BbSig,TSig/Ocr: 1200.3dbars 3.6795C 34.5495PSU / 102.0uM 3.663C 49.557 6.357 787.532 / 41.5uM / -1.037952V /   53   99  570 / nan nan nan nan
(Sep 26 2025 02:01:18,  871066 sec) AscentControlAgent() Bouyancy nudge to 63 (v=0.079dbar/sec).
(Sep 26 2025 02:01:18,  871066 sec) PistonMoveAbsWTO()    053->063 054 055 056 057 [30sec, 14.4Volts, 0.477Amps, CPT:1517sec]
(Sep 26 2025 02:01:59,  871107 sec) PistonMoveAbsWTO()    057->063 058 059 060 061 062 [30sec, 14.2Volts, 0.502Amps, CPT:1547sec]
(Sep 26 2025 02:02:40,  871148 sec) PistonMoveAbsWTO()    062->063 063 [2sec, 14.3Volts, 0.517Amps, CPT:1549sec]
(Sep 26 2025 02:17:55,  872063 sec) Profile()            Sample 7 initiated at 1101.0dbars for bin 9 [1100dbars].  PTS/O2,T2,TPhase,RPhase,RawTemp/NO3/pH/FSig,BbSig,TSig/Ocr: 1099.2dbars 4.0959C 34.5372PSU / 99.0uM 4.082C 49.640 6.366 775.442 / 41.3uM / -1.037890V /   54  101  569 / nan nan nan nan
(Sep 26 2025 02:26:57,  872605 sec) AscentControlAgent() Bouyancy nudge to 73 (v=0.077dbar/sec).
(Sep 26 2025 02:26:57,  872605 sec) PistonMoveAbsWTO()    063->073 064 065 066 067 068 [30sec, 14.5Volts, 0.488Amps, CPT:1579sec]
(Sep 26 2025 02:27:38,  872646 sec) PistonMoveAbsWTO()    068->073 069 070 071 072 [30sec, 14.3Volts, 0.463Amps, CPT:1609sec]
(Sep 26 2025 02:36:10,  873158 sec) Profile()            Sample 8 initiated at 1001.8dbars for bin 10 [1000dbars].  PTS/O2,T2,TPhase,RPhase,RawTemp/NO3/pH/FSig,BbSig,TSig/Ocr: 999.5dbars 4.5095C 34.5189PSU / 95.5uM 4.492C 49.792 6.376 763.560 / 41.2uM / -1.037846V /   53  102  569 / nan nan nan nan
(Sep 26 2025 02:39:10,  873338 sec) Sbe41cpStartCP()     Continuous profile started.
(Sep 26 2025 02:43:33,  873601 sec) Profile()            Sample 9 initiated at 951.8dbars for bin 11 [950dbars].  PTS/O2,T2,TPhase,RPhase,RawTemp/NO3/pH/FSig,BbSig,TSig/Ocr: 951.7dbars 4.7026C 34.5111PSU / 95.5uM 4.685C 49.716 6.380 757.957 / 41.0uM / -1.037735V /   54  102  569 / nan nan nan nan
(Sep 26 2025 02:51:15,  874063 sec) Profile()            Sample 10 initiated at 901.0dbars for bin 12 [900dbars].  PTS/O2,T2,TPhase,RPhase,RawTemp/NO3/pH/FSig,BbSig,TSig/Ocr: 900.9dbars 4.8911C 34.5063PSU / 94.5uM 4.875C 49.728 6.402 752.397 / 40.9uM / -1.037700V /   53  101  568 / nan nan nan nan
(Sep 26 2025 03:00:15,  874603 sec) Profile()            Sample 11 initiated at 851.4dbars for bin 13 [850dbars].  PTS/O2,T2,TPhase,RPhase,RawTemp/NO3/pH/FSig,BbSig,TSig/Ocr: 851.3dbars 5.0596C 34.4974PSU / 93.5uM 5.045C 49.753 6.417 747.415 / 40.8uM / -1.037707V /   53  103  568 / nan nan nan nan
(Sep 26 2025 03:10:09,  875197 sec) Profile()            Sample 12 initiated at 801.1dbars for bin 14 [800dbars].  PTS/O2,T2,TPhase,RPhase,RawTemp/NO3/pH/FSig,BbSig,TSig/Ocr: 801.0dbars 5.3025C 34.4869PSU / 92.4uM 5.288C 49.755 6.438 740.291 / 40.5uM / -1.037724V /   53  102  568 / nan nan nan nan
(Sep 26 2025 03:19:08,  875736 sec) Profile()            Sample 13 initiated at 751.7dbars for bin 15 [750dbars].  PTS/O2,T2,TPhase,RPhase,RawTemp/NO3/pH/FSig,BbSig,TSig/Ocr: 751.6dbars 5.6256C 34.4666PSU / 89.9uM 5.611C 49.867 6.447 730.781 / 40.2uM / -1.037836V /   54  103  567 / nan nan nan nan
(Sep 26 2025 03:23:10,  875978 sec) AscentControlAgent() Bouyancy nudge to 83 (v=0.080dbar/sec).
(Sep 26 2025 03:23:11,  875979 sec) PistonMoveAbsWTO()    073->083 074 075 076 077 078 [30sec, 14.4Volts, 0.375Amps, CPT:1639sec]
(Sep 26 2025 03:23:52,  876020 sec) PistonMoveAbsWTO()    078->083 079 080 081 082 083 [29sec, 14.4Volts, 0.353Amps, CPT:1668sec]
(Sep 26 2025 03:28:54,  876322 sec) Profile()            Sample 14 initiated at 702.0dbars for bin 16 [700dbars].  PTS/O2,T2,TPhase,RPhase,RawTemp/NO3/pH/FSig,BbSig,TSig/Ocr: 701.9dbars 5.9026C 34.4503PSU / 88.7uM 5.891C 49.871 6.460 722.532 / 39.8uM / -1.037949V /   54  105  567 / nan nan nan nan
(Sep 26 2025 03:34:04,  876632 sec) AscentControlAgent() Bouyancy nudge to 93 (v=0.076dbar/sec).
(Sep 26 2025 03:34:05,  876633 sec) PistonMoveAbsWTO()    083->093 084 085 086 087 088 [30sec, 14.5Volts, 0.358Amps, CPT:1698sec]
(Sep 26 2025 03:34:46,  876674 sec) PistonMoveAbsWTO()    088->093 089 090 091 092 093 [28sec, 14.4Volts, 0.361Amps, CPT:1726sec]
(Sep 26 2025 03:38:52,  876920 sec) Profile()            Sample 15 initiated at 651.0dbars for bin 17 [650dbars].  PTS/O2,T2,TPhase,RPhase,RawTemp/NO3/pH/FSig,BbSig,TSig/Ocr: 650.9dbars 6.4606C 34.4109PSU / 85.0uM 6.447C 50.014 6.483 705.999 / 38.8uM / -1.038250V /   53  103  566 / nan nan nan nan
(Sep 26 2025 03:45:50,  877338 sec) Profile()            Sample 16 initiated at 601.9dbars for bin 18 [600dbars].  PTS/O2,T2,TPhase,RPhase,RawTemp/NO3/pH/FSig,BbSig,TSig/Ocr: 601.8dbars 6.7345C 34.3854PSU / 83.4uM 6.726C 50.069 6.507 697.681 / 38.5uM / -1.038466V /   52  104  566 / nan nan nan nan
(Sep 26 2025 03:52:46,  877754 sec) Profile()            Sample 17 initiated at 550.8dbars for bin 19 [550dbars].  PTS/O2,T2,TPhase,RPhase,RawTemp/NO3/pH/FSig,BbSig,TSig/Ocr: 550.7dbars 7.2754C 34.3841PSU / 83.6uM 7.268C 49.822 6.537 681.427 / 37.5uM / -1.038138V /   54  105  565 / nan nan nan nan
(Sep 26 2025 04:01:32,  878280 sec) Profile()            Sample 18 initiated at 501.3dbars for bin 20 [500dbars].  PTS/O2,T2,TPhase,RPhase,RawTemp/NO3/pH/FSig,BbSig,TSig/Ocr: 501.2dbars 7.9978C 34.3735PSU / 85.4uM 7.990C 49.346 6.573 659.603 / 35.8uM / -1.037634V /   53  106  564 / nan nan nan nan
(Sep 26 2025 04:04:50,  878478 sec) AscentControlAgent() Bouyancy nudge to 103 (v=0.069dbar/sec).
(Sep 26 2025 04:04:50,  878478 sec) PistonMoveAbsWTO()    093->103 094 093 094 095 096 097 098 [30sec, 14.5Volts, 0.316Amps, CPT:1756sec]
(Sep 26 2025 04:05:31,  878519 sec) PistonMoveAbsWTO()    098->103 099 100 101 102 103 [28sec, 14.5Volts, 0.310Amps, CPT:1784sec]
(Sep 26 2025 04:06:10,  878558 sec) PistonMoveAbsWTO()    103->103 [0sec, 0.0Volts, 0.000Amps, CPT:1784sec]
(Sep 26 2025 04:06:21,  878569 sec) PistonMoveAbsWTO()    103->103 [0sec, 0.0Volts, 0.000Amps, CPT:1784sec]
(Sep 26 2025 04:06:43,  878591 sec) PistonMoveAbsWTO()    103->103 [0sec, 0.0Volts, 0.000Amps, CPT:1784sec]
(Sep 26 2025 04:07:27,  878635 sec) PistonMoveAbsWTO()    102->103 103 [1sec, 14.6Volts, 0.340Amps, CPT:1785sec]
(Sep 26 2025 04:11:42,  878890 sec) Profile()            Sample 19 initiated at 451.4dbars for bin 21 [450dbars].  PTS/O2,T2,TPhase,RPhase,RawTemp/NO3/pH/FSig,BbSig,TSig/Ocr: 451.3dbars 8.5751C 34.3341PSU / 94.9uM 8.566C 48.119 6.594 642.039 / 33.3uM / -1.036192V /   53  109  563 / 0x7ff357b6 0x7ffd912d 0x800115ad 0x80040ce4
(Sep 26 2025 04:20:42,  879430 sec) Profile()            Sample 20 initiated at 401.8dbars for bin 22 [400dbars].  PTS/O2,T2,TPhase,RPhase,RawTemp/NO3/pH/FSig,BbSig,TSig/Ocr: 401.7dbars 9.3760C 34.2937PSU / 116.9uM 9.370C 45.660 6.636 617.386 / 30.1uM / -1.033673V /   53  104  562 / 0x7ff3436d 0x7ffd9cc9 0x8001089b 0x80040a49
(Sep 26 2025 04:24:24,  879652 sec) Profile()            Sample 21 initiated at 381.6dbars for bin 23 [380dbars].  PTS/O2,T2,TPhase,RPhase,RawTemp/NO3/pH/FSig,BbSig,TSig/Ocr: 381.5dbars 9.8683C 34.2942PSU / 128.6uM 9.866C 44.401 6.654 602.048 / 28.0uM / -1.031728V /   52  105  562 / 0x7ff35209 0x7ffd8bf6 0x800112b6 0x8003fac0
(Sep 26 2025 04:30:28,  880016 sec) Profile()            Sample 22 initiated at 361.9dbars for bin 24 [360dbars].  PTS/O2,T2,TPhase,RPhase,RawTemp/NO3/pH/FSig,BbSig,TSig/Ocr: 361.9dbars 10.6809C 34.2540PSU / 160.9uM 10.671C 41.464 6.703 577.006 / 23.6uM / -1.028272V /   51  106  561 / 0x7ff34fad 0x7ffd8fdb 0x80011989 0x8003ffd2
(Sep 26 2025 04:31:01,  880049 sec) AscentControlAgent() Bouyancy nudge to 113 (v=0.046dbar/sec).
(Sep 26 2025 04:31:01,  880049 sec) PistonMoveAbsWTO()    103->113 104 105 106 107 108 [30sec, 14.6Volts, 0.282Amps, CPT:1815sec]
(Sep 26 2025 04:31:42,  880090 sec) PistonMoveAbsWTO()    108->113 109 110 111 110 111 112 113 [27sec, 14.5Volts, 0.278Amps, CPT:1842sec]
(Sep 26 2025 04:33:16,  880184 sec) Profile()            Sample 23 initiated at 351.8dbars for bin 25 [350dbars].  PTS/O2,T2,TPhase,RPhase,RawTemp/NO3/pH/FSig,BbSig,TSig/Ocr: 351.7dbars 10.9694C 34.2736PSU / 162.0uM 10.966C 41.237 6.715 567.787 / 23.2uM / -1.028092V /   53  107  560 / 0x7ff351ad 0x7ffd7dc0 0x80012d5b 0x8003f0c9
(Sep 26 2025 04:34:56,  880284 sec) Profile()            Sample 24 initiated at 341.9dbars for bin 26 [340dbars].  PTS/O2,T2,TPhase,RPhase,RawTemp/NO3/pH/FSig,BbSig,TSig/Ocr: 341.8dbars 11.1779C 34.2907PSU / 163.0uM 11.205C 41.048 6.726 560.296 / 22.6uM / -1.026961V /   52  105  560 / 0x7ff35cc9 0x7ffd88f6 0x80011cc0 0x8003e8ed
(Sep 26 2025 04:36:36,  880384 sec) Profile()            Sample 25 initiated at 332.0dbars for bin 27 [330dbars].  PTS/O2,T2,TPhase,RPhase,RawTemp/NO3/pH/FSig,BbSig,TSig/Ocr: 331.9dbars 11.9015C 34.3171PSU / 168.7uM 11.892C 40.302 6.751 538.662 / 20.6uM / -1.025547V /   51  105  559 / 0x7ff35e40 0x7ffd93b6 0x80011c80 0x8003e09b
(Sep 26 2025 04:38:28,  880496 sec) Profile()            Sample 26 initiated at 321.7dbars for bin 28 [320dbars].  PTS/O2,T2,TPhase,RPhase,RawTemp/NO3/pH/FSig,BbSig,TSig/Ocr: 321.6dbars 12.2209C 34.3344PSU / 174.9uM 12.238C 39.703 6.774 527.704 / 19.6uM / -1.024527V /   52  105  559 / 0x7ff367db 0x7ffd8b24 0x80013012 0x8003e836
(Sep 26 2025 04:40:30,  880618 sec) Profile()            Sample 27 initiated at 311.5dbars for bin 29 [310dbars].  PTS/O2,T2,TPhase,RPhase,RawTemp/NO3/pH/FSig,BbSig,TSig/Ocr: 311.5dbars 12.8384C 34.3663PSU / 182.9uM 12.834C 38.876 6.794 508.795 / 17.8uM / -1.022470V /   51  104  558 / 0x7ff348db 0x7ffd9512 0x80012e80 0x8003de52
(Sep 26 2025 04:41:44,  880692 sec) AscentControlAgent() Bouyancy nudge to 123 (v=0.079dbar/sec).
(Sep 26 2025 04:41:44,  880692 sec) PistonMoveAbsWTO()    113->123 114 115 116 117 118 [30sec, 14.6Volts, 0.266Amps, CPT:1872sec]
(Sep 26 2025 04:43:10,  880778 sec) Profile()            Sample 28 initiated at 300.8dbars for bin 30 [300dbars].  PTS/O2,T2,TPhase,RPhase,RawTemp/NO3/pH/FSig,BbSig,TSig/Ocr: 300.8dbars 13.9118C 34.4359PSU / 195.9uM 13.882C 37.540 6.823 475.291 / 14.9uM / -1.019938V /   51  103  558 / 0x7ff37864 0x7ffd87a4 0x8001496d 0x8003e3b6
(Sep 26 2025 04:43:10,  880778 sec) PistonMoveAbsWTO()    118->123 119 120 121 122 123 [27sec, 14.6Volts, 0.261Amps, CPT:1899sec]
(Sep 26 2025 04:45:14,  880902 sec) Profile()            Sample 29 initiated at 291.3dbars for bin 31 [290dbars].  PTS/O2,T2,TPhase,RPhase,RawTemp/NO3/pH/FSig,BbSig,TSig/Ocr: 291.2dbars 14.5507C 34.4890PSU / 202.9uM 14.542C 36.794 6.839 454.052 / 14.2uM / -1.019789V /   51  112  557 / 0x7ff37f89 0x7ffd7d09 0x80016589 0x8003d4e4
(Sep 26 2025 04:47:10,  881018 sec) Profile()            Sample 30 initiated at 281.6dbars for bin 32 [280dbars].  PTS/O2,T2,TPhase,RPhase,RawTemp/NO3/pH/FSig,BbSig,TSig/Ocr: 281.6dbars 14.6183C 34.4960PSU / 200.9uM 14.627C 36.871 6.852 451.312 / 14.3uM / -1.020181V /   51  104  556 / 0x7ff36c00 0x7ffd8b6d 0x800190d2 0x8003d340
(Sep 26 2025 04:47:11,  881019 sec) AscentControlAgent() Bouyancy nudge to 133 (v=0.077dbar/sec).
(Sep 26 2025 04:47:11,  881019 sec) PistonMoveAbsWTO()    123->133 124 125 126 127 128 [30sec, 14.6Volts, 0.266Amps, CPT:1929sec]
(Sep 26 2025 04:47:52,  881060 sec) PistonMoveAbsWTO()    128->133 129 130 131 132 133 [26sec, 14.5Volts, 0.264Amps, CPT:1955sec]
(Sep 26 2025 04:49:24,  881152 sec) Profile()            Sample 31 initiated at 271.2dbars for bin 33 [270dbars].  PTS/O2,T2,TPhase,RPhase,RawTemp/NO3/pH/FSig,BbSig,TSig/Ocr: 271.1dbars 15.3713C 34.5525PSU / 203.6uM 15.366C 36.356 6.882 427.389 / 12.3uM / -1.017859V /   50  105  555 / 0x7ff36589 0x7ffd861b 0x8001b209 0x8003d276
(Sep 26 2025 04:51:30,  881278 sec) Profile()            Sample 32 initiated at 261.3dbars for bin 34 [260dbars].  PTS/O2,T2,TPhase,RPhase,RawTemp/NO3/pH/FSig,BbSig,TSig/Ocr: 261.2dbars 16.1866C 34.6086PSU / 205.6uM 16.193C 35.845 6.902 400.533 / 13.1uM / -1.018914V /   51  104  554 / 0x7ff38292 0x7ffdae9b 0x8001e636 0x8003db64
(Sep 26 2025 04:52:01,  881309 sec) PistonMoveAbsWTO()    133->133 [0sec, 0.0Volts, 0.000Amps, CPT:1955sec]
(Sep 26 2025 04:52:12,  881320 sec) AscentControlAgent() Bouyancy nudge to 143 (v=0.075dbar/sec).
(Sep 26 2025 04:52:12,  881320 sec) PistonMoveAbsWTO()    133->143 134 135 136 137 138 [30sec, 14.6Volts, 0.247Amps, CPT:1985sec]
(Sep 26 2025 04:52:53,  881361 sec) PistonMoveAbsWTO()    138->143 139 140 141 142 143 [26sec, 14.6Volts, 0.250Amps, CPT:2011sec]
(Sep 26 2025 04:54:15,  881443 sec) Profile()            Sample 33 initiated at 248.7dbars for bin 35 [250dbars].  PTS/O2,T2,TPhase,RPhase,RawTemp/NO3/pH/FSig,BbSig,TSig/Ocr: 248.6dbars 17.5360C 34.7005PSU / 187.6uM 17.542C 36.315 6.958 356.455 / 11.2uM / -1.017312V /   53  111  553 / 0x7ff3821b 0x7ffdd909 0x80026692 0x8003d3ad
(Sep 26 2025 04:55:21,  881509 sec) Profile()            Sample 34 initiated at 241.2dbars for bin 36 [240dbars].  PTS/O2,T2,TPhase,RPhase,RawTemp/NO3/pH/FSig,BbSig,TSig/Ocr: 241.1dbars 17.9975C 34.7382PSU / 187.7uM 17.991C 36.094 6.973 341.728 / 10.7uM / -1.017162V /   53  107  552 / 0x7ff37592 0x7ffdea64 0x8002adad 0x8003e389
(Sep 26 2025 04:56:47,  881595 sec) Profile()            Sample 35 initiated at 231.5dbars for bin 37 [230dbars].  PTS/O2,T2,TPhase,RPhase,RawTemp/NO3/pH/FSig,BbSig,TSig/Ocr: 231.4dbars 18.0934C 34.7488PSU / 188.7uM 18.101C 35.983 6.984 338.143 / 10.6uM / -1.017160V /   52  108  551 / 0x7ff382ad 0x7ffe5c5b 0x80038fd2 0x8004001b
(Sep 26 2025 04:57:41,  881649 sec) Spi1CsPulse()        Chip-select pulse failed for SPI1 device 3.
(Sep 26 2025 04:58:14,  881682 sec) Profile()            Sample 36 initiated at 221.9dbars for bin 38 [220dbars].  PTS/O2,T2,TPhase,RPhase,RawTemp/NO3/pH/FSig,BbSig,TSig/Ocr: 221.9dbars 18.6158C 34.7961PSU / 188.4uM 18.621C 35.765 6.989 321.031 / 10.0uM / -1.016298V /   53  108  551 / 0x7ff38740 0x7ffee676 0x80045b9b 0x80042424
(Sep 26 2025 05:00:10,  881798 sec) Profile()            Sample 37 initiated at 211.7dbars for bin 39 [210dbars].  PTS/O2,T2,TPhase,RPhase,RawTemp/NO3/pH/FSig,BbSig,TSig/Ocr: 211.6dbars 19.5186C 34.8548PSU / 190.3uM 19.514C 35.240 7.014 291.652 / 8.9uM / -1.014522V /   55  108  550 / 0x7ff37c49 0x7fffd6b6 0x8005b0e4 0x80044d09
(Sep 26 2025 05:02:46,  881954 sec) Profile()            Sample 38 initiated at 201.6dbars for bin 40 [200dbars].  PTS/O2,T2,TPhase,RPhase,RawTemp/NO3/pH/FSig,BbSig,TSig/Ocr: 201.6dbars 20.6787C 34.9392PSU / 193.5uM 20.663C 34.529 7.060 253.765 / 7.8uM / -1.013342V /   58  106  548 / 0x7ff38089 0x80011dd2 0x80076312 0x80048ba4
(Sep 26 2025 05:02:47,  881955 sec) AscentControlAgent() Bouyancy nudge to 153 (v=0.073dbar/sec).
(Sep 26 2025 05:02:47,  881955 sec) PistonMoveAbsWTO()    143->153 144 145 146 147 148 [30sec, 14.7Volts, 0.244Amps, CPT:2041sec]
(Sep 26 2025 05:03:28,  881996 sec) PistonMoveAbsWTO()    148->153 149 150 151 152 153 [25sec, 14.6Volts, 0.232Amps, CPT:2066sec]
(Sep 26 2025 05:05:30,  882118 sec) Profile()            Sample 39 initiated at 191.5dbars for bin 41 [190dbars].  PTS/O2,T2,TPhase,RPhase,RawTemp/NO3/pH/FSig,BbSig,TSig/Ocr: 191.4dbars 21.9605C 35.0131PSU / 196.2uM 21.953C 33.804 7.097 211.202 / 6.6uM / -1.011245V /   62  109  547 / 0x7ff39989 0x80031a5b 0x800a3dd2 0x80051100
(Sep 26 2025 05:13:00,  882568 sec) AscentControlAgent() Bouyancy nudge to 163 (v=0.006dbar/sec).
(Sep 26 2025 05:13:00,  882568 sec) PistonMoveAbsWTO()    153->163 154 155 156 157 158 [30sec, 14.8Volts, 0.226Amps, CPT:2096sec]
(Sep 26 2025 05:13:41,  882609 sec) PistonMoveAbsWTO()    158->163 159 160 161 162 163 [26sec, 14.7Volts, 0.227Amps, CPT:2122sec]
(Sep 26 2025 05:15:05,  882693 sec) Profile()            Sample 40 initiated at 179.6dbars for bin 42 [180dbars].  PTS/O2,T2,TPhase,RPhase,RawTemp/NO3/pH/FSig,BbSig,TSig/Ocr: 179.5dbars 24.0311C 35.0805PSU / 206.6uM 24.012C 32.334 7.158 143.369 / 4.4uM / -1.009295V /   77  112  542 / 0x7ff4191b 0x8007a42d 0x800f86e4 0x8005fa89
(Sep 26 2025 05:16:46,  882794 sec) Profile()            Sample 41 initiated at 171.9dbars for bin 43 [170dbars].  PTS/O2,T2,TPhase,RPhase,RawTemp/NO3/pH/FSig,BbSig,TSig/Ocr: 171.8dbars 24.6050C 35.0763PSU / 208.3uM 24.561C 32.014 7.175 125.309 / 4.2uM / -1.008427V /   79  111  541 / 0x7ff46680 0x800b561b 0x8013ca6d 0x8006d812
(Sep 26 2025 05:21:35,  883083 sec) Profile()            Sample 42 initiated at 161.6dbars for bin 44 [160dbars].  PTS/O2,T2,TPhase,RPhase,RawTemp/NO3/pH/FSig,BbSig,TSig/Ocr: 161.6dbars 24.9415C 35.0757PSU / 213.4uM 24.926C 31.589 7.196 113.361 / 3.9uM / -1.008153V /   82  116  539 / 0x7ff51989 0x80106dad 0x80185bd2 0x8007e309
(Sep 26 2025 05:25:07,  883295 sec) Profile()            Sample 43 initiated at 151.8dbars for bin 45 [150dbars].  PTS/O2,T2,TPhase,RPhase,RawTemp/NO3/pH/FSig,BbSig,TSig/Ocr: 151.8dbars 25.0488C 35.0748PSU / 214.8uM 25.043C 31.470 7.196 109.506 / 3.9uM / -1.007989V /   83  112  538 / 0x7ff65e9b 0x801941f6 0x8020b6d2 0x8009dd52
(Sep 26 2025 05:28:04,  883472 sec) AscentControlAgent() Bouyancy nudge to 173 (v=0.026dbar/sec).
(Sep 26 2025 05:28:04,  883472 sec) PistonMoveAbsWTO()    163->173 164 165 166 167 168 [30sec, 14.8Volts, 0.220Amps, CPT:2152sec]
(Sep 26 2025 05:28:45,  883513 sec) PistonMoveAbsWTO()    168->173 169 170 171 172 173 [26sec, 14.8Volts, 0.218Amps, CPT:2178sec]
(Sep 26 2025 05:30:52,  883640 sec) Profile()            Sample 44 initiated at 141.3dbars for bin 46 [140dbars].  PTS/O2,T2,TPhase,RPhase,RawTemp/NO3/pH/FSig,BbSig,TSig/Ocr: 141.3dbars 25.3310C 35.0713PSU / 216.1uM 25.322C 31.289 7.193 100.374 / 3.8uM / -1.007556V /   81  111  537 / 0x7ffb0540 0x802fe436 0x803536ed 0x800edd6d
(Sep 26 2025 05:33:38,  883806 sec) Profile()            Sample 45 initiated at 131.9dbars for bin 47 [130dbars].  PTS/O2,T2,TPhase,RPhase,RawTemp/NO3/pH/FSig,BbSig,TSig/Ocr: 131.9dbars 25.9124C 35.0539PSU / 219.1uM 25.904C 30.908 7.211 81.343 / 3.9uM / -1.006468V /   90  116  537 / 0x8003115b 0x804b2249 0x8049a736 0x8014d300
(Sep 26 2025 05:38:49,  884117 sec) AscentControlAgent() Bouyancy nudge to 183 (v=0.010dbar/sec).
(Sep 26 2025 05:38:49,  884117 sec) PistonMoveAbsWTO()    173->183 174 175 176 177 178 [30sec, 14.9Volts, 0.214Amps, CPT:2208sec]
(Sep 26 2025 05:39:30,  884158 sec) PistonMoveAbsWTO()    178->183 179 180 181 182 183 [24sec, 14.8Volts, 0.208Amps, CPT:2232sec]
(Sep 26 2025 05:42:07,  884315 sec) Profile()            Sample 46 initiated at 121.8dbars for bin 48 [120dbars].  PTS/O2,T2,TPhase,RPhase,RawTemp/NO3/pH/FSig,BbSig,TSig/Ocr: 121.8dbars 27.6396C 34.9782PSU / 227.3uM 27.591C 29.858 7.256 26.525 / 4.3uM / -1.003982V /  103  124  535 / 0x80148bf6 0x8081d4b6 0x8071ac49 0x802066b6
(Sep 26 2025 05:43:59,  884427 sec) AscentControlAgent() Bouyancy nudge to 193 (v=0.019dbar/sec).
(Sep 26 2025 05:43:59,  884427 sec) PistonMoveAbsWTO()    183->193 184 185 186 187 188 [30sec, 14.8Volts, 0.210Amps, CPT:2262sec]
(Sep 26 2025 05:44:40,  884468 sec) PistonMoveAbsWTO()    188->193 189 190 191 192 193 [24sec, 14.8Volts, 0.212Amps, CPT:2286sec]
(Sep 26 2025 05:48:12,  884680 sec) Profile()            Sample 47 initiated at 111.5dbars for bin 49 [110dbars].  PTS/O2,T2,TPhase,RPhase,RawTemp/NO3/pH/FSig,BbSig,TSig/Ocr: 111.4dbars 28.1154C 34.9265PSU / 233.3uM 28.108C 29.386 7.290 9.846 / 4.4uM / -1.003569V /   82  124  534 / 0x802ec8c9 0x80cbbe12 0x80a45ddb 0x802f8189
(Sep 26 2025 05:50:38,  884826 sec) Profile()            Sample 48 initiated at 102.0dbars for bin 50 [100dbars].  PTS/O2,T2,TPhase,RPhase,RawTemp/NO3/pH/FSig,BbSig,TSig/Ocr: 101.9dbars 28.3332C 34.8982PSU / 234.2uM 28.325C 29.265 7.298 2.858 / 4.5uM / -1.003419V /   76  128  533 / 0x804e7640 0x8113c0d2 0x80d5d049 0x803e6852
(Sep 26 2025 05:52:08,  884916 sec) Profile()            Sample 49 initiated at 96.6dbars for bin 51 [95dbars].  PTS/O2,T2,TPhase,RPhase,RawTemp/NO3/pH/FSig,BbSig,TSig/Ocr: 96.6dbars 28.4895C 34.8693PSU / 234.8uM 28.483C 29.178 7.302 -2.223 / 4.6uM / -1.003407V /   75  121  532 / 0x806466c9 0x8141be2d 0x80f5322d 0x8048372d
(Sep 26 2025 05:53:49,  885017 sec) Profile()            Sample 50 initiated at 91.8dbars for bin 52 [90dbars].  PTS/O2,T2,TPhase,RPhase,RawTemp/NO3/pH/FSig,BbSig,TSig/Ocr: 91.8dbars 28.5487C 34.8552PSU / 235.3uM 28.548C 29.133 7.302 -4.304 / 4.6uM / -1.003285V /   71  123  532 / 0x80791edb 0x8166c1ed 0x810bfb12 0x805057e4
(Sep 26 2025 05:59:22,  885350 sec) AscentControlAgent() Bouyancy nudge to 198 (v=0.003dbar/sec).
(Sep 26 2025 05:59:22,  885350 sec) PistonMoveAbsWTO()    193->198 194 195 196 197 198 [26sec, 15.0Volts, 0.204Amps, CPT:2312sec]
(Sep 26 2025 06:01:39,  885487 sec) Profile()            Sample 51 initiated at 86.8dbars for bin 53 [85dbars].  PTS/O2,T2,TPhase,RPhase,RawTemp/NO3/pH/FSig,BbSig,TSig/Ocr: 86.7dbars 28.7871C 34.7978PSU / 236.4uM 28.788C 28.998 7.303 -12.011 / 4.6uM / -1.003294V /   66  123  531 / 0x80944e1b 0x818ee712 0x81250a36 0x80588e76
(Sep 26 2025 06:03:31,  885599 sec) Profile()            Sample 52 initiated at 81.8dbars for bin 54 [80dbars].  PTS/O2,T2,TPhase,RPhase,RawTemp/NO3/pH/FSig,BbSig,TSig/Ocr: 81.8dbars 28.8205C 34.7907PSU / 236.4uM 28.822C 28.985 7.305 -13.106 / 4.7uM / -1.003228V /   64  121  531 / 0x80b7889b 0x81c4b212 0x8147bd49 0x8064cca4
(Sep 26 2025 06:05:12,  885700 sec) Profile()            Sample 53 initiated at 77.0dbars for bin 55 [75dbars].  PTS/O2,T2,TPhase,RPhase,RawTemp/NO3/pH/FSig,BbSig,TSig/Ocr: 76.9dbars 28.9483C 34.7506PSU / 236.0uM 28.941C 28.960 7.304 -16.939 / 4.7uM / -1.002952V /   65  121  531 / 0x80e889c9 0x821a54ed 0x8184f2ad 0x80790a24
(Sep 26 2025 06:05:14,  885702 sec) AscentControlAgent() Bouyancy nudge to 203 (v=0.038dbar/sec).
(Sep 26 2025 06:05:14,  885702 sec) PistonMoveAbsWTO()    198->203 199 200 201 202 203 [26sec, 14.9Volts, 0.196Amps, CPT:2338sec]
(Sep 26 2025 06:07:10,  885818 sec) Profile()            Sample 54 initiated at 71.8dbars for bin 56 [70dbars].  PTS/O2,T2,TPhase,RPhase,RawTemp/NO3/pH/FSig,BbSig,TSig/Ocr: 71.7dbars 29.2448C 34.6957PSU / 235.7uM 29.245C 28.866 7.312 -26.645 / 4.8uM / -1.002945V /   61  120  531 / 0x8103102d 0x821f6ad2 0x81828cb6 0x807a0000
(Sep 26 2025 06:09:57,  885985 sec) Profile()            Sample 55 initiated at 66.9dbars for bin 57 [65dbars].  PTS/O2,T2,TPhase,RPhase,RawTemp/NO3/pH/FSig,BbSig,TSig/Ocr: 66.9dbars 29.5986C 34.5764PSU / 234.7uM 29.601C 28.787 7.332 -38.031 / 5.0uM / -1.002789V /   61  121  530 / 0x81300549 0x825d2af6 0x81b261d2 0x808a1724
(Sep 26 2025 06:10:21,  886009 sec) AscentControlAgent() Bouyancy nudge to 208 (v=0.027dbar/sec).
(Sep 26 2025 06:10:21,  886009 sec) PistonMoveAbsWTO()    203->208 204 205 206 207 208 [28sec, 14.9Volts, 0.193Amps, CPT:2366sec]
(Sep 26 2025 06:14:30,  886258 sec) Profile()            Sample 56 initiated at 62.0dbars for bin 58 [60dbars].  PTS/O2,T2,TPhase,RPhase,RawTemp/NO3/pH/FSig,BbSig,TSig/Ocr: 62.0dbars 29.7783C 34.4562PSU / 231.8uM 29.786C 28.853 7.339 -43.906 / 5.1uM / -1.002572V /   59  122  530 / 0x8177501b 0x82ead852 0x8221b3c0 0x80aa9ddb
(Sep 26 2025 06:15:26,  886314 sec) AscentControlAgent() Bouyancy nudge to 213 (v=0.015dbar/sec).
(Sep 26 2025 06:15:27,  886315 sec) PistonMoveAbsWTO()    208->213 209 210 211 212 213 [25sec, 15.0Volts, 0.190Amps, CPT:2391sec]
(Sep 26 2025 06:18:16,  886484 sec) Profile()            Sample 57 initiated at 56.4dbars for bin 59 [55dbars].  PTS/O2,T2,TPhase,RPhase,RawTemp/NO3/pH/FSig,BbSig,TSig/Ocr: 56.4dbars 29.9041C 34.3324PSU / 229.1uM 29.906C 28.936 7.336 -47.731 / 5.2uM / -1.002339V /   58  121  529 / 0x81d7e000 0x83913ead 0x82b36e1b 0x80d54bed
(Sep 26 2025 06:20:41,  886629 sec) Profile()            Sample 58 initiated at 51.9dbars for bin 60 [50dbars].  PTS/O2,T2,TPhase,RPhase,RawTemp/NO3/pH/FSig,BbSig,TSig/Ocr: 51.9dbars 29.8280C 34.1918PSU / 226.5uM 29.844C 29.078 7.339 -45.752 / 5.2uM / -1.002166V /   57  116  529 / 0x8225cdb6 0x8430db9b 0x833a2436 0x80fc981b
(Sep 26 2025 06:20:42,  886630 sec) AscentControlAgent() Bouyancy nudge to 218 (v=0.032dbar/sec).
(Sep 26 2025 06:20:43,  886631 sec) PistonMoveAbsWTO()    213->218 214 215 216 217 218 [27sec, 15.0Volts, 0.188Amps, CPT:2418sec]
(Sep 26 2025 06:24:07,  886835 sec) Profile()            Sample 59 initiated at 46.8dbars for bin 61 [45dbars].  PTS/O2,T2,TPhase,RPhase,RawTemp/NO3/pH/FSig,BbSig,TSig/Ocr: 46.8dbars 29.8108C 34.1687PSU / 224.9uM 29.822C 29.164 7.334 -45.043 / 5.1uM / -1.002029V /   55  117  529 / 0x82803840 0x84d42a24 0x83d6a9e4 0x812acc36
(Sep 26 2025 06:26:10,  886958 sec) Profile()            Sample 60 initiated at 41.7dbars for bin 62 [40dbars].  PTS/O2,T2,TPhase,RPhase,RawTemp/NO3/pH/FSig,BbSig,TSig/Ocr: 41.6dbars 29.8275C 34.1652PSU / 224.5uM 29.839C 29.174 7.331 -45.591 / 5.1uM / -1.002027V /   55  116  529 / 0x82c6a09b 0x85345bf6 0x843d4849 0x814c9f6d
(Sep 26 2025 06:26:11,  886959 sec) AscentControlAgent() Bouyancy nudge to 223 (v=0.036dbar/sec).
(Sep 26 2025 06:26:12,  886960 sec) PistonMoveAbsWTO()    218->223 219 220 221 222 223 [27sec, 15.0Volts, 0.183Amps, CPT:2445sec]
(Sep 26 2025 06:27:57,  887065 sec) Profile()            Sample 61 initiated at 36.4dbars for bin 63 [35dbars].  PTS/O2,T2,TPhase,RPhase,RawTemp/NO3/pH/FSig,BbSig,TSig/Ocr: 36.3dbars 29.8352C 34.1603PSU / 224.4uM 29.847C 29.178 7.331 -45.835 / 5.2uM / -1.001997V /   54  121  529 / 0x83080992 0x857b326d 0x8483d709 0x816adc9b
(Sep 26 2025 06:29:05,  887133 sec) Profile()            Sample 62 initiated at 31.6dbars for bin 64 [30dbars].  PTS/O2,T2,TPhase,RPhase,RawTemp/NO3/pH/FSig,BbSig,TSig/Ocr: 31.5dbars 29.8512C 34.1605PSU / 224.3uM 29.863C 29.175 7.330 -46.369 / 5.2uM / -1.001913V /   54  116  529 / 0x8369d0f6 0x861323ad 0x8526bf52 0x81a52f92
(Sep 26 2025 06:30:13,  887201 sec) Profile()            Sample 63 initiated at 26.7dbars for bin 65 [25dbars].  PTS/O2,T2,TPhase,RPhase,RawTemp/NO3/pH/FSig,BbSig,TSig/Ocr: 26.6dbars 29.8785C 34.1605PSU / 224.2uM 29.890C 29.173 7.331 -47.212 / 5.2uM / -1.001898V /   53  117  529 / 0x839d7f2d 0x861bff49 0x85370852 0x81b9b100
(Sep 26 2025 06:31:21,  887269 sec) Profile()            Sample 64 initiated at 21.9dbars for bin 66 [20dbars].  PTS/O2,T2,TPhase,RPhase,RawTemp/NO3/pH/FSig,BbSig,TSig/Ocr: 21.8dbars 29.9056C 34.1579PSU / 224.1uM 29.919C 29.166 7.332 -48.151 / 5.2uM / -1.001826V /   54  114  529 / 0x845fd52d 0x87c0f964 0x870b1ead 0x825c2264
(Sep 26 2025 06:32:41,  887349 sec) Profile()            Sample 65 initiated at 16.3dbars for bin 67 [15dbars].  PTS/O2,T2,TPhase,RPhase,RawTemp/NO3/pH/FSig,BbSig,TSig/Ocr: 16.2dbars 29.9338C 34.1578PSU / 224.1uM 29.950C 29.157 7.332 -49.113 / 5.2uM / -1.001750V /   54  116  529 / 0x85147776 0x88d599f6 0x88418300 0x82e82836
(Sep 26 2025 06:33:49,  887417 sec) Profile()            Sample 66 initiated at 11.7dbars for bin 68 [10dbars].  PTS/O2,T2,TPhase,RPhase,RawTemp/NO3/pH/FSig,BbSig,TSig/Ocr: 11.6dbars 29.9828C 34.1540PSU / 224.1uM 29.999C 29.141 7.331 -50.670

(Sep 26 2025 06:33:49) LogSize()            Log file is 48662 bytes.  Limit is 51200 bytes.

 / 5.2uM / -1.001696V /   53  116  528 / 0x854a806d 0x88d6dc92 0x886358ad 0x83377aed
(Sep 26 2025 06:34:46,  887474 sec) Profile()            Sample 67 initiated at 8.0dbars for bin 69 [6dbars].  PTS/O2,T2,TPhase,RPhase,RawTemp/NO3/pH/FSig,BbSig,TSig/Ocr: 7.9dbars 30.0690C 34.1496PSU / 223.7uM 30.097C 29.123 7.330 -53.806 / 5.4uM / -1.001620V /   53  114  528 / 0x85849a36 0x8915861b 0x88cac8d2 0x83bbf7d2
(Sep 26 2025 06:35:22,  887510 sec) SurfaceDetect()      SurfacePressure:-0.1dbars Pressure:3.5dbars PistonPosition:223
(Sep 26 2025 06:35:22,  887510 sec) Sbe41cpStopCP()      Continuous profile stopped.
(Sep 26 2025 06:35:25,  887513 sec) PistonMoveAbsWTO()    223->245 224 225 226 227 228 229 230 231 [41sec, 15.0Volts, 0.168Amps, CPT:2486sec]
(Sep 26 2025 06:36:12,  887560 sec) chat()               Expected string [S>] not received.
(Sep 26 2025 06:38:07,  887675 sec) Sbe41cpBinAverage()  Finished averaging 14185 samples in 110 seconds.
(Sep 26 2025 06:38:12,  887680 sec) Sbe41cpUploadCP_()   Sbe41cpSerNo[17090] NSample[14185] NBin[493]
(Sep 26 2025 06:38:43,  887711 sec) Sbe41cpUploadCP_()   Continuous profile uploaded [493 lines].
(Sep 26 2025 06:38:58,  887726 sec) MscErrorLog_()       No error records to log.
(Sep 26 2025 06:39:09,  887737 sec) MscErrorLog_()       No error records to log.

<EOT>
