(Aug 16 2025 01:44:42,  887054 sec) TelemetryInit()      Profile 2. (Apf11 FwRev: 031524)
(Aug 16 2025 01:44:42,  887054 sec) TelemetryInit()      Charge consumption model: OCV:15.3V Wake-Cycles:10985 Standby:100.1days Wake:11.8kC Sensors:1.0kC
(Aug 16 2025 01:49:57,  887369 sec) GetSurfaceObs()      P/O2,T2,TPhase,RPhase,RawTemp/FSig,BbSig,TSig: 0.1dbars / 222.4uM 30.476C 29.050 7.471 -65.813 / 50,112,528
(Aug 16 2025 01:49:57,  887369 sec) GetSurfaceObs()      P/Ocr: 0.1dbars / 0x980f206d 0xa7299ced 0xa930ebdb 0x9e80ea80
(Aug 16 2025 01:50:31,  887403 sec) GetSurfaceObs()      P/O2,T2,TPhase,RPhase,RawTemp/FSig,BbSig,TSig: 0.1dbars / 223.2uM 30.500C 29.003 7.413 -66.557 / 51,115,528
(Aug 16 2025 01:50:31,  887403 sec) GetSurfaceObs()      P/Ocr: 0.1dbars / 0x9a2bd949 0xac995df6 0xafb112ad 0xa5d1abf6
(Aug 16 2025 01:51:04,  887436 sec) GetSurfaceObs()      P/O2,T2,TPhase,RPhase,RawTemp/FSig,BbSig,TSig: 0.2dbars / 223.2uM 30.504C 29.001 7.404 -66.689 / 51,116,528
(Aug 16 2025 01:51:04,  887436 sec) GetSurfaceObs()      P/Ocr: 0.2dbars / 0x982bbfd2 0xa87818ad 0xa9fee276 0x9f7bd412
(Aug 16 2025 01:51:37,  887469 sec) GetSurfaceObs()      P/O2,T2,TPhase,RPhase,RawTemp/FSig,BbSig,TSig: 0.2dbars / 223.4uM 30.513C 28.989 7.397 -66.965 / 51,113,528
(Aug 16 2025 01:51:37,  887469 sec) GetSurfaceObs()      P/Ocr: 0.2dbars / 0x9843aee4 0xab399436 0xabe0c980 0xa10ea5e4
(Aug 16 2025 01:54:22,  887634 sec) AirSystem()          Battery [216cnt, 15.2V]  Current [24cnt, 94.0mA]  Pneumometer [156cnt, 18.3psi]  Run-Time [79s]
(Aug 16 2025 01:54:35,  887647 sec) GetSurfaceObs()      P/O2,T2,TPhase,RPhase,RawTemp/FSig,BbSig,TSig: -0.1dbars / 228.2uM 30.011C 28.939 7.460 -51.070 / 50,111,528
(Aug 16 2025 01:54:35,  887647 sec) GetSurfaceObs()      P/Ocr: -0.1dbars / 0x9bd08cad 0xb1fa50db 0xb2384952 0xa74cfb00
(Aug 16 2025 01:55:08,  887680 sec) GetSurfaceObs()      P/O2,T2,TPhase,RPhase,RawTemp/FSig,BbSig,TSig: -0.1dbars / 228.7uM 30.293C 28.818 7.433 -59.996 / 51,112,528
(Aug 16 2025 01:55:08,  887680 sec) GetSurfaceObs()      P/Ocr: -0.1dbars / 0x9c2d2992 0xb356c989 0xb3aa291b 0xa80694db
(Aug 16 2025 01:55:42,  887714 sec) GetSurfaceObs()      P/O2,T2,TPhase,RPhase,RawTemp/FSig,BbSig,TSig: 0.0dbars / 228.9uM 30.031C 28.902 7.427 -51.702 / 50,113,528
(Aug 16 2025 01:55:42,  887714 sec) GetSurfaceObs()      P/Ocr: 0.0dbars / 0x99c2ca52 0xb09f549b 0xb1e879ad 0xa66601b6
(Aug 16 2025 01:56:15,  887747 sec) GetSurfaceObs()      P/O2,T2,TPhase,RPhase,RawTemp/FSig,BbSig,TSig: -0.2dbars / 228.3uM 30.242C 28.853 7.420 -58.387 / 50,112,528
(Aug 16 2025 01:56:15,  887747 sec) GetSurfaceObs()      P/Ocr: -0.2dbars / 0x9792351b 0xaa1631d2 0xaab171db 0xa10bf0f6
(Aug 16 2025 01:56:48,  887780 sec) GetSurfaceObs()      P/O2,T2,TPhase,RPhase,RawTemp/FSig,BbSig,TSig: -0.2dbars / 227.7uM 30.362C 28.839 7.418 -62.212 / 49,111,528
(Aug 16 2025 01:56:48,  887780 sec) GetSurfaceObs()      P/Ocr: -0.2dbars / 0x99b727d2 0xaee9dd40 0xafd22676 0xa4937449
(Aug 16 2025 01:57:21,  887813 sec) GetSurfaceObs()      P/O2,T2,TPhase,RPhase,RawTemp/FSig,BbSig,TSig: -0.2dbars / 222.6uM 31.080C 28.830 7.418 -84.878 / 50,113,528
(Aug 16 2025 01:57:21,  887813 sec) GetSurfaceObs()      P/Ocr: -0.2dbars / 0x99c0a300 0xb03856d2 0xb1430e00 0xa5acb5d2
(Aug 16 2025 01:57:54,  887846 sec) GetSurfaceObs()      P/O2,T2,TPhase,RPhase,RawTemp/FSig,BbSig,TSig: -0.1dbars / 227.3uM 30.318C 28.876 7.418 -60.798 / 53,112,528
(Aug 16 2025 01:57:54,  887846 sec) GetSurfaceObs()      P/Ocr: -0.1dbars / 0x971574e4 0xaae25840 0xaaa77d40 0xa0e0e76d
(Aug 16 2025 01:58:28,  887880 sec) GetSurfaceObs()      P/O2,T2,TPhase,RPhase,RawTemp/FSig,BbSig,TSig: -0.2dbars / 229.4uM 30.145C 28.837 7.416 -55.332 / 51,111,527
(Aug 16 2025 01:58:28,  887880 sec) GetSurfaceObs()      P/Ocr: -0.2dbars / 0x994f5040 0xaf46fc52 0xaf07951b 0xa4956400
(Aug 16 2025 01:58:36,  887888 sec) AirSystem()          Air-bladder inflation by-passed. Pneumatic Pressure: [155cnt, 18.2psi].
(Aug 16 2025 01:59:10,  887922 sec) GetSurfaceObs()      P/O2,T2,TPhase,RPhase,RawTemp/FSig,BbSig,TSig: -0.2dbars / 226.3uM 30.660C 28.803 7.422 -71.627 / 50,110,527
(Aug 16 2025 01:59:10,  887922 sec) GetSurfaceObs()      P/Ocr: -0.2dbars / 0x98e4301b 0xae0c99a4 0xae98d512 0xa4062340
(Aug 16 2025 01:59:13,  887925 sec) GpsServices()        GPS almanac is current.
(Aug 16 2025 01:59:13,  887925 sec) GpsServices()        Initiating GPS fix acquisition.
(Aug 16 2025 01:59:18,  887930 sec) gga()                $GPGGA,015910,1506.9769,N,14149.0513,E,0,00,,,M,,M,,*5C
(Aug 16 2025 01:59:36,  887948 sec) gga()                $GPGGA,015940,1506.9769,N,14149.0513,E,0,00,,,M,,M,,*59
(Aug 16 2025 01:59:46,  887958 sec) gga()                $GPGGA,015950,1506.9769,N,14149.0513,E,0,00,,,M,,M,,*58
(Aug 16 2025 01:59:57,  887969 sec) gga()                $GPGGA,020000,1530.1076,N,14213.6221,E,1,10,0.8,13.0,M,50.2,M,,*79
(Aug 16 2025 01:59:57,  887969 sec) GpsServices()        Profile 2 GPS fix obtained in 44 seconds.
(Aug 16 2025 01:59:57,  887969 sec) GpsServices()                   lon      lat mm/dd/yyyy hhmmss nsat
(Aug 16 2025 01:59:57,  887969 sec) GpsServices()        Fix:  142.2270  15.5018 08/16/2025 020000   10
(Aug 16 2025 02:00:07,  887979 sec) gga()                $GPGGA,020010,1530.1095,N,14213.6218,E,1,10,0.8,12.9,M,50.2,M,,*77
(Aug 16 2025 02:00:16,  887988 sec) gga()                $GPGGA,020020,1530.1119,N,14213.6216,E,1,10,0.8,12.8,M,50.2,M,,*7E
(Aug 16 2025 02:00:16,  887988 sec) GpsServices()        APF11 RTC skew (-4s) OK.
(Aug 16 2025 02:00:16,  887988 sec) GpsServices()        GPS services complete.
(Aug 16 2025 02:00:44,  888016 sec) IrGeoLoc()           <x,y,z>=<-4840km,3804km,1652km> lat=15.118 lon=141.834 IrSysTime=0xead82f05
(Aug 16 2025 02:00:47,  888019 sec) CLogin()             Connecting to primary host.
(Aug 16 2025 02:01:50,  888082 sec) chat()               Expected string [CONNECT] not received.
(Aug 16 2025 02:01:50,  888082 sec) modem_connect()      Modem command [AT+CBST=71,0,1;DT00881600005496] failed.
(Aug 16 2025 02:01:50,  888082 sec) connect()            Connection attempt failed.
(Aug 16 2025 02:01:59,  888091 sec) CLogin()             Connection 1 established in 72 seconds.
(Aug 16 2025 02:02:06,  888098 sec) login()              Login successful.
(Aug 16 2025 02:02:10,  888102 sec) CLogin()             Logged in to host.  [Login required 11 seconds]
(Aug 16 2025 02:02:12,  888104 sec) RxConfig()           Downloading "mission.cfg" from host.
(Aug 16 2025 02:02:23,  888115 sec) RxConfig()           Download successful: [bytes:33, sec:9.2, bps:4]
(Aug 16 2025 02:02:29,  888121 sec) WriteVitals_()       Writing vitals to "21878.002.msg".
(Aug 16 2025 02:02:36,  888128 sec) UpLoadFile()         Uploading "21878.002.log" to host.
(Aug 16 2025 02:05:28,  888300 sec) UpLoadFile()         Upload successful: [bytes:50953, sec:172.8, bps:295]
(Aug 16 2025 02:05:30,  888302 sec) fmove()              Moved: 21878.002.log -> archive/21878.002.log
(Aug 16 2025 02:05:34,  888306 sec) UpLoadFile()         Uploading "21878.002.msg" to host.
(Aug 16 2025 02:07:57,  888449 sec) UpLoadFile()         Upload successful: [bytes:42821, sec:142.5, bps:301]
(Aug 16 2025 02:07:58,  888450 sec) fmove()              Moved: 21878.002.msg -> archive/21878.002.msg
(Aug 16 2025 02:08:02,  888454 sec) UpLoadFile()         Uploading "21878.002.isus" to host.
(Aug 16 2025 02:12:17,  888709 sec) readline()           Time-out expired, aborting ZMODEM transfer.
(Aug 16 2025 02:12:17,  888709 sec) sendline()           Poor telemetry (0 bytes per 257 sec), aborting ZMODEM transfer.
(Aug 16 2025 02:12:18,  888710 sec) UpLoadFile()         Upload failed.
(Aug 16 2025 02:12:38,  888730 sec) UpLoadFile()         Uploading "21878.002.isus" to host.
(Aug 16 2025 02:14:16,  888828 sec) UpLoadFile()         Upload failed.
(Aug 16 2025 02:14:31,  888843 sec) UpLoad()             Files successfully uploaded: 2
(Aug 16 2025 02:14:31,  888843 sec) UpLoad()             Aborting upload: Retry limit [2] exceeded. Upload incomplete.
(Aug 16 2025 02:14:38,  888850 sec) chat()               Expected string [cmd>] not received.
(Aug 16 2025 02:14:38,  888850 sec) logout()             Can't get command prompt.
(Aug 16 2025 02:14:43,  888855 sec) chat()               Expected string [logout] not received.
(Aug 16 2025 02:14:43,  888855 sec) logout()             Attempt to log-out failed.
(Aug 16 2025 02:14:43,  888855 sec) logout()             No carrier detected.
(Aug 16 2025 02:14:43,  888855 sec) Telemetry()          Telemetry cycle complete: PrfId=2 ConnectionAttempts=2  Connections=1
(Aug 16 2025 02:29:59,  889771 sec) AirSystem()          Air-bladder inflation by-passed. Pneumatic Pressure: [155cnt, 18.2psi].
(Aug 16 2025 02:30:33,  889805 sec) GetSurfaceObs()      P/O2,T2,TPhase,RPhase,RawTemp/FSig,BbSig,TSig: -0.1dbars / 228.1uM 30.451C 28.790 7.503 -65.027 / 50,112,528
(Aug 16 2025 02:30:33,  889805 sec) GetSurfaceObs()      P/Ocr: -0.1dbars / 0x99e91876 0xaf0ca8a4 0xae430976 0xa4227bc0
(Aug 16 2025 02:30:34,  889806 sec) GpsServices()        GPS almanac is current.
(Aug 16 2025 02:30:34,  889806 sec) GpsServices()        Initiating GPS fix acquisition.
(Aug 16 2025 02:30:37,  889809 sec) gga()                $GPGGA,023040,1530.1076,N,14213.6221,E,0,00,,,M,,M,,*5D
(Aug 16 2025 02:30:57,  889829 sec) gga()                $GPGGA,023100,1530.5253,N,14213.6259,E,1,10,0.8,12.5,M,50.2,M,,*71
(Aug 16 2025 02:30:57,  889829 sec) GpsServices()        Profile 2 GPS fix obtained in 23 seconds.
(Aug 16 2025 02:30:57,  889829 sec) GpsServices()                   lon      lat mm/dd/yyyy hhmmss nsat
(Aug 16 2025 02:30:57,  889829 sec) GpsServices()        Fix:  142.2271  15.5088 08/16/2025 023100   10
(Aug 16 2025 02:31:07,  889839 sec) gga()                $GPGGA,023110,1530.5276,N,14213.6258,E,1,10,0.8,16.9,M,50.2,M,,*7E
(Aug 16 2025 02:31:16,  889848 sec) gga()                $GPGGA,023120,1530.5293,N,14213.6255,E,1,10,0.8,16.6,M,50.2,M,,*74
(Aug 16 2025 02:31:16,  889848 sec) GpsServices()        APF11 RTC skew (-4s) OK.
(Aug 16 2025 02:31:16,  889848 sec) GpsServices()        GPS services complete.
(Aug 16 2025 02:31:44,  889876 sec) IrGeoLoc()           <x,y,z>=<-4860km,3764km,1692km> lat=15.488 lon=142.243 IrSysTime=0xeb6ec5f5
(Aug 16 2025 02:31:47,  889879 sec) CLogin()             Connecting to primary host.
(Aug 16 2025 02:32:02,  889894 sec) CLogin()             Connection 2 established in 15 seconds.
(Aug 16 2025 02:32:14,  889906 sec) login()              Login successful.
(Aug 16 2025 02:32:22,  889914 sec) CLogin()             Logged in to host.  [Login required 20 seconds]
(Aug 16 2025 02:32:26,  889918 sec) RxConfig()           Downloading "mission.cfg" from host.
(Aug 16 2025 02:32:44,  889936 sec) RxConfig()           Download successful: [bytes:33, sec:15.4, bps:2]
(Aug 16 2025 02:32:54,  889946 sec) UpLoadFile()         Uploading "21878.002.isus" to host.
(Aug 16 2025 02:34:49,  890061 sec) UpLoadFile()         Upload successful: [bytes:25115, sec:115.2, bps:218]
(Aug 16 2025 02:34:50,  890062 sec) fmove()              Moved: 21878.002.isus -> archive/21878.002.isus
(Aug 16 2025 02:34:54,  890066 sec) UpLoadFile()         Uploading "21878.002.dura" to host.
(Aug 16 2025 02:36:10,  890142 sec) UpLoadFile()         Upload successful: [bytes:13376, sec:75.4, bps:177]
(Aug 16 2025 02:36:11,  890143 sec) fmove()              Moved: 21878.002.dura -> archive/21878.002.dura
(Aug 16 2025 02:36:12,  890144 sec) UpLoad()             Files successfully uploaded: 2
(Aug 16 2025 02:36:12,  890144 sec) UpLoad()             Upload complete.
(Aug 16 2025 02:36:19,  890151 sec) chat()               Expected string [logout] not received.
(Aug 16 2025 02:36:19,  890151 sec) logout()             Attempt to log-out failed.
(Aug 16 2025 02:36:19,  890151 sec) logout()             No carrier detected.
(Aug 16 2025 02:36:19,  890151 sec) Telemetry()          Telemetry cycle complete: PrfId=2 ConnectionAttempts=3  Connections=2
(Aug 16 2025 02:36:19,  890151 sec) TelemetryTerminate() Parsing new mission configuration.
(Aug 16 2025 02:36:20,  890152 sec) configure()          Parsing configurators in "mission.cfg".
(Aug 16 2025 02:36:20,  890152 sec) configure()             TelemetryRetry(15)      [0x7BBC] [TelemetryRetry(15)].
(Aug 16 2025 02:36:21,  890153 sec) configure()          Configuration CRCs and syntax OK.
(Aug 16 2025 02:36:21,  890153 sec) ConfigSupervisor()   Configuration accepted.
(Aug 16 2025 02:36:21,  890153 sec) TelemetryTerminate() Reconditioning the file system.
(Aug 16 2025 02:36:24,       0 sec) DescentInit()        Deep profile 3 initiated at mission-time 890156sec.
(Aug 16 2025 02:36:25,       1 sec) DescentInit()        Surface pressure: -0.1dbars.
(Aug 16 2025 02:36:25,       1 sec) DescentInit()        Charge consumption model: OCV:15.1V Wake-Cycles:10987 Standby:100.1days Wake:12.0kC Sleep:1.0kC
(Aug 16 2025 02:36:37,      13 sec) DescentInit()        Pneumatic humidity: 1048(6.7%) -> 1232(12.0%)
(Aug 16 2025 02:36:37,      13 sec) PistonMoveAbsWTO()    231->047 230 229 228 227 226 225 224 223 222 221 220 219 218 217 216 215 214 213 212 211 210 209 208 207 206 205 204 203 202 201 200 199 198 197 196 195 194 193 192 191 190 189 188 187 186 185 184 183 182 181 180 179 178 177 176 175 174 173 172 171 170 169 168 167 166 165 164 163 162 161 160 159 158 157 156 155 154 153 152 151 150 149 148 147 146 145 144 143 142 141 140 139 138 137 136 135 134 133 132 131 130 129 128 127 126 125 124 123 122 121 120 119 118 117 116 115 114 113 112 111 110 109 108 107 106 105 104 103 102 101 100 099 098 097 096 095 094 093 092 091 090 089 088 087 086 085 084 083 082 081 080 079 078 077 076 075 074 073 072 071 070 069 068 067 066 065 064 063 062 061 060 059 058 057 056 055 054 053 052 051 050 049 048 047 [943sec, 15.0Volts, 0.144Amps, CPT:943sec]
(Aug 16 2025 02:52:25,     961 sec) DescentInit()        Air solenoid open: Barometer [217cnt,  12.7psi]  Pneumometer [110cnt,  12.9psi]
(Aug 16 2025 02:52:35,     971 sec) Descent()            Pressure: 125.3
(Aug 16 2025 03:36:24,    3600 sec) Descent()            Pressure: 486.3
(Aug 16 2025 04:36:24,    7200 sec) Descent()            Pressure: 756.9
(Aug 16 2025 05:36:24,   10800 sec) Descent()            Pressure: 931.5
(Aug 16 2025 06:36:24,   14400 sec) Descent()            Pressure: 961.1
(Aug 16 2025 06:36:24,   14400 sec) ParkInit()           Charge consumption model: OCV:15.5V Wake-Cycles:10992 Standby:100.3days Wake:12.3kC Sensors:1.0kC
(Aug 16 2025 08:36:32,   21608 sec) Park()               ParkPOutOfBand[-3, 980.1 dbars]: retract piston.
(Aug 16 2025 08:36:32,   21608 sec) PistonMoveAbsWTO()    047->046 046 [6sec, 15.0Volts, 0.137Amps, CPT:949sec]
(Aug 16 2025 15:36:32,   46808 sec) Park()               ParkPOutOfBand[3, 1011.6 dbars]: extend piston.
(Aug 16 2025 15:36:32,   46808 sec) PistonMoveAbsWTO()    046->047 047 [3sec, 14.6Volts, 0.484Amps, CPT:952sec]
(Aug 18 2025 12:36:32,  208808 sec) Park()               ParkPOutOfBand[3, 1017.8 dbars]: extend piston.
(Aug 18 2025 12:36:32,  208808 sec) PistonMoveAbsWTO()    047->048 048 [7sec, 14.5Volts, 0.463Amps, CPT:959sec]
(Aug 19 2025 03:36:32,  262808 sec) Park()               ParkPOutOfBand[-3, 984.4 dbars]: retract piston.
(Aug 19 2025 03:36:32,  262808 sec) PistonMoveAbsWTO()    048->047 047 [3sec, 14.9Volts, 0.128Amps, CPT:962sec]
(Aug 21 2025 21:36:32,  500408 sec) Park()               ParkPOutOfBand[3, 1021.0 dbars]: extend piston.
(Aug 21 2025 21:36:32,  500408 sec) PistonMoveAbsWTO()    047->048 048 [4sec, 14.5Volts, 0.496Amps, CPT:966sec]
(Aug 24 2025 18:36:32,  748808 sec) Park()               ParkPOutOfBand[3, 1018.5 dbars]: extend piston.
(Aug 24 2025 18:36:32,  748808 sec) PistonMoveAbsWTO()    048->049 049 [6sec, 14.5Volts, 0.483Amps, CPT:972sec]
(Aug 24 2025 22:36:32,  763208 sec) Park()               ParkPOutOfBand[-3, 982.6 dbars]: retract piston.
(Aug 24 2025 22:36:32,  763208 sec) PistonMoveAbsWTO()    049->048 048 [3sec, 14.9Volts, 0.126Amps, CPT:975sec]
(Aug 25 2025 22:36:46,  849622 sec) CtdPower()           [ 1002.37,  4.5973, 34.5139]
(Aug 25 2025 22:36:46,  849622 sec) CtdPower()           CTD Power consumption [217VCnt 3ACnt]: 15.227Volts * 0.012Amps = 0.18Watts.
(Aug 25 2025 22:37:01,  849637 sec) ParkTerminate()      Piston Position:48 Vacuum:195 HumidityAd12:1050(6.7%) Vq:216 Aq:9 Vsbe:217 Asbe:3 Vflbb:213 Aflbb:8 Vopt:211 Aopt:12 Vocr:213 Aocr:7 MuxTemp:4.619C MuxHumidity:4.7%
(Aug 25 2025 22:37:31,  849667 sec) ParkTerminate()      PTS/O2,T2,TPhase,RawTemp: 1002.2dbars 4.5989C 34.5137PSU / 94.9uM 4.581C 49.812 6.293 760.964
(Aug 25 2025 22:37:31,  849667 sec) ParkTerminate()      FLBB FSig, BbSig, TSig / Ocr: 54, 101, 569 /  nan nan nan nan
(Aug 25 2025 22:37:32,  849668 sec) GoDeepInit()         Charge consumption model: OCV:15.3V Wake-Cycles:11224 Standby:109.9days Wake:12.5kC Sensors:1.0kC
(Aug 25 2025 22:37:32,  849668 sec) GoDeepInit()         Moving piston.
(Aug 25 2025 22:37:32,  849668 sec) PistonMoveAbsWTO()    048->014 047 046 045 044 043 042 041 040 039 038 037 036 035 034 033 032 031 030 029 028 027 026 025 024 023 022 021 020 019 018 017 016 015 014 [181sec, 14.8Volts, 0.085Amps, CPT:1156sec]
(Aug 26 2025 02:36:24,  864000 sec) ProfileInit()        Charge consumption model: OCV:15.4V Wake-Cycles:11272 Standby:110.1days Wake:12.6kC Sensors:1.0kC
(Aug 26 2025 02:36:24,  864000 sec) ProfileInit()        PrfId:003  Pressure:1802.9dbar  pTable[2]:1800dbar
(Aug 26 2025 02:36:26,  864002 sec) ProfileInit()        Muxer PPIs K{1,2} quiescent: 15.23V, -0.2mA, -3.0mW
(Aug 26 2025 02:36:39,  864015 sec) ProfileInit()        ISUS powered up.
(Aug 26 2025 02:36:45,  864021 sec) ProfileInit()        Muxer PPIs K{1,2} w/ ISUS awake: 15.13V, 19.8mA, 299.5mW
(Aug 26 2025 02:36:52,  864028 sec) MscErrorLog_()       No error records to log.
(Aug 26 2025 02:36:59,  864035 sec) ProfileInit()        DURA powered up.
(Aug 26 2025 02:37:02,  864038 sec) ProfileInit()        Muxer PPIs K{1,2} w/ DURA awake: 15.13V, 19.5mA, 295.0mW
(Aug 26 2025 02:37:09,  864045 sec) MscErrorLog_()       No error records to log.
(Aug 26 2025 02:37:14,  864050 sec) PistonMoveAbsWTO()    014->036 015 016 017 018 019 [30sec, 14.2Volts, 0.660Amps, CPT:1186sec]
(Aug 26 2025 02:37:55,  864091 sec) PistonMoveAbsWTO()    019->036 020 021 022 023 [30sec, 14.0Volts, 0.639Amps, CPT:1216sec]
(Aug 26 2025 02:39:39,  864195 sec) Profile()            Sample 0 initiated at 1801.0dbars for bin 2 [1800dbars].  PTS/O2,T2,TPhase,RPhase,RawTemp/NO3/pH/FSig,BbSig,TSig/Ocr: 1799.4dbars 2.4012C 34.6009PSU / 116.7uM 2.391C 48.863 6.349 823.799 / 40.7uM / -1.038499V /   52   99  572 / nan nan nan nan
(Aug 26 2025 02:39:40,  864196 sec) PistonMoveAbsWTO()    024->036 025 026 027 028 [30sec, 13.9Volts, 0.641Amps, CPT:1246sec]
(Aug 26 2025 02:40:21,  864237 sec) PistonMoveAbsWTO()    028->036 029 030 031 032 033 [30sec, 13.9Volts, 0.645Amps, CPT:1276sec]
(Aug 26 2025 02:41:02,  864278 sec) PistonMoveAbsWTO()    033->036 034 035 036 [20sec, 13.9Volts, 0.648Amps, CPT:1296sec]
(Aug 26 2025 02:55:38,  865154 sec) Profile()            Sample 1 initiated at 1701.3dbars for bin 3 [1700dbars].  PTS/O2,T2,TPhase,RPhase,RawTemp/NO3/pH/FSig,BbSig,TSig/Ocr: 1699.3dbars 2.5338C 34.5928PSU / 115.1uM 2.523C 48.934 6.385 820.065 / 40.7uM / -1.038617V /   53   99  572 / nan nan nan nan
(Aug 26 2025 03:12:02,  866138 sec) AscentControlAgent() Bouyancy nudge to 46 (v=0.078dbar/sec).
(Aug 26 2025 03:12:02,  866138 sec) PistonMoveAbsWTO()    036->046 037 038 039 040 [30sec, 14.4Volts, 0.587Amps, CPT:1326sec]
(Aug 26 2025 03:12:43,  866179 sec) PistonMoveAbsWTO()    040->046 041 042 043 044 045 [30sec, 14.1Volts, 0.597Amps, CPT:1356sec]
(Aug 26 2025 03:13:24,  866220 sec) PistonMoveAbsWTO()    045->046 046 [3sec, 14.2Volts, 0.599Amps, CPT:1359sec]
(Aug 26 2025 03:15:03,  866319 sec) Profile()            Sample 2 initiated at 1600.9dbars for bin 4 [1600dbars].  PTS/O2,T2,TPhase,RPhase,RawTemp/NO3/pH/FSig,BbSig,TSig/Ocr: 1598.8dbars 2.7534C 34.5814PSU / 111.0uM 2.741C 49.179 6.393 813.881 / 41.0uM / -1.038777V /   54  100  571 / nan nan nan nan
(Aug 26 2025 03:32:07,  867343 sec) Profile()            Sample 3 initiated at 1500.9dbars for bin 5 [1500dbars].  PTS/O2,T2,TPhase,RPhase,RawTemp/NO3/pH/FSig,BbSig,TSig/Ocr: 1498.8dbars 3.0669C 34.5701PSU / 106.4uM 3.055C 49.433 6.397 804.940 / 41.1uM / -1.038951V /   53  100  571 / nan nan nan nan
(Aug 26 2025 03:48:05,  868301 sec) Profile()            Sample 4 initiated at 1401.2dbars for bin 6 [1400dbars].  PTS/O2,T2,TPhase,RPhase,RawTemp/NO3/pH/FSig,BbSig,TSig/Ocr: 1399.2dbars 3.2917C 34.5598PSU / 104.2uM 3.277C 49.525 6.400 798.598 / 41.2uM / -1.038834V /   52  100  571 / nan nan nan nan
(Aug 26 2025 04:03:33,  869229 sec) AscentControlAgent() Bouyancy nudge to 56 (v=0.077dbar/sec).
(Aug 26 2025 04:03:33,  869229 sec) PistonMoveAbsWTO()    046->056 047 048 049 050 [30sec, 14.5Volts, 0.512Amps, CPT:1389sec]
(Aug 26 2025 04:04:14,  869270 sec) PistonMoveAbsWTO()    050->056 051 052 053 054 055 [30sec, 14.3Volts, 0.522Amps, CPT:1419sec]
(Aug 26 2025 04:04:55,  869311 sec) PistonMoveAbsWTO()    055->056 056 [3sec, 14.3Volts, 0.544Amps, CPT:1422sec]
(Aug 26 2025 04:07:29,  869465 sec) Profile()            Sample 5 initiated at 1300.9dbars for bin 7 [1300dbars].  PTS/O2,T2,TPhase,RPhase,RawTemp/NO3/pH/FSig,BbSig,TSig/Ocr: 1298.8dbars 3.5716C 34.5515PSU / 101.4uM 3.557C 49.655 6.426 790.577 / 41.2uM / -1.038776V /   53  101  570 / nan nan nan nan
(Aug 26 2025 04:24:22,  870478 sec) Profile()            Sample 6 initiated at 1201.0dbars for bin 8 [1200dbars].  PTS/O2,T2,TPhase,RPhase,RawTemp/NO3/pH/FSig,BbSig,TSig/Ocr: 1199.1dbars 3.8458C 34.5422PSU / 99.3uM 3.831C 49.727 6.405 782.696 / 41.2uM / -1.038536V /   54  100  570 / nan nan nan nan
(Aug 26 2025 04:43:38,  871634 sec) Profile()            Sample 7 initiated at 1101.2dbars for bin 9 [1100dbars].  PTS/O2,T2,TPhase,RPhase,RawTemp/NO3/pH/FSig,BbSig,TSig/Ocr: 1099.4dbars 4.1511C 34.5269PSU / 95.0uM 4.138C 49.983 6.410 773.836 / 41.2uM / -1.038724V /   53  100  569 / nan nan nan nan
(Aug 26 2025 04:50:06,  872022 sec) AscentControlAgent() Bouyancy nudge to 66 (v=0.078dbar/sec).
(Aug 26 2025 04:50:06,  872022 sec) PistonMoveAbsWTO()    056->066 057 058 059 060 061 [30sec, 14.5Volts, 0.473Amps, CPT:1452sec]
(Aug 26 2025 04:50:47,  872063 sec) PistonMoveAbsWTO()    061->066 062 063 064 065 [30sec, 14.3Volts, 0.459Amps, CPT:1482sec]
(Aug 26 2025 04:51:28,  872104 sec) PistonMoveAbsWTO()    065->066 066 [1sec, 14.4Volts, 0.479Amps, CPT:1483sec]
(Aug 26 2025 05:01:22,  872698 sec) Profile()            Sample 8 initiated at 1001.9dbars for bin 10 [1000dbars].  PTS/O2,T2,TPhase,RPhase,RawTemp/NO3/pH/FSig,BbSig,TSig/Ocr: 999.7dbars 4.6205C 34.5107PSU / 95.3uM 4.606C 49.764 6.419 760.260 / 40.7uM / -1.038302V /   54  101  569 / nan nan nan nan
(Aug 26 2025 05:04:32,  872888 sec) Sbe41cpStartCP()     Continuous profile started.
(Aug 26 2025 05:09:35,  873191 sec) Profile()            Sample 9 initiated at 951.9dbars for bin 11 [950dbars].  PTS/O2,T2,TPhase,RPhase,RawTemp/NO3/pH/FSig,BbSig,TSig/Ocr: 951.8dbars 4.8497C 34.5035PSU / 94.8uM 4.835C 49.718 6.427 753.578 / 40.5uM / -1.038310V /   53  101  569 / nan nan nan nan
(Aug 26 2025 05:19:27,  873783 sec) Profile()            Sample 10 initiated at 901.7dbars for bin 12 [900dbars].  PTS/O2,T2,TPhase,RPhase,RawTemp/NO3/pH/FSig,BbSig,TSig/Ocr: 901.7dbars 5.1625C 34.4939PSU / 92.9uM 5.148C 49.769 6.458 744.407 / 40.3uM / -1.038311V /   54  104  568 / nan nan nan nan
(Aug 26 2025 05:21:30,  873906 sec) AscentControlAgent() Bouyancy nudge to 76 (v=0.078dbar/sec).
(Aug 26 2025 05:21:30,  873906 sec) PistonMoveAbsWTO()    066->076 067 068 069 070 071 [30sec, 14.4Volts, 0.449Amps, CPT:1513sec]
(Aug 26 2025 05:22:11,  873947 sec) PistonMoveAbsWTO()    071->076 072 073 074 075 [30sec, 14.3Volts, 0.411Amps, CPT:1543sec]
(Aug 26 2025 05:23:36,  874032 sec) PistonMoveAbsWTO()    076->076 [1sec, 0.0Volts, 0.000Amps, CPT:1544sec]
(Aug 26 2025 05:24:43,  874099 sec) PistonMoveAbsWTO()    076->076 [1sec, 0.0Volts, 0.000Amps, CPT:1545sec]
(Aug 26 2025 05:24:55,  874111 sec) PistonMoveAbsWTO()    076->076 [1sec, 0.0Volts, 0.000Amps, CPT:1546sec]
(Aug 26 2025 05:28:35,  874331 sec) Profile()            Sample 11 initiated at 851.1dbars for bin 13 [850dbars].  PTS/O2,T2,TPhase,RPhase,RawTemp/NO3/pH/FSig,BbSig,TSig/Ocr: 851.0dbars 5.2864C 34.4883PSU / 92.5uM 5.271C 49.751 6.463 740.789 / 40.2uM / -1.038167V /   53  104  568 / nan nan nan nan
(Aug 26 2025 05:29:09,  874365 sec) PistonMoveAbsWTO()    076->076 [1sec, 0.0Volts, 0.000Amps, CPT:1547sec]
(Aug 26 2025 05:29:54,  874410 sec) PistonMoveAbsWTO()    076->076 [1sec, 0.0Volts, 0.000Amps, CPT:1548sec]
(Aug 26 2025 05:30:06,  874422 sec) PistonMoveAbsWTO()    076->076 [1sec, 0.0Volts, 0.000Amps, CPT:1549sec]
(Aug 26 2025 05:30:40,  874456 sec) PistonMoveAbsWTO()    076->076 [1sec, 0.0Volts, 0.000Amps, CPT:1550sec]
(Aug 26 2025 05:32:32,  874568 sec) PistonMoveAbsWTO()    076->076 [1sec, 0.0Volts, 0.000Amps, CPT:1551sec]
(Aug 26 2025 05:34:23,  874679 sec) PistonMoveAbsWTO()    076->076 [1sec, 0.0Volts, 0.000Amps, CPT:1552sec]
(Aug 26 2025 05:35:41,  874757 sec) PistonMoveAbsWTO()    076->076 [0sec, 0.0Volts, 0.000Amps, CPT:1552sec]
(Aug 26 2025 05:36:57,  874833 sec) Profile()            Sample 12 initiated at 801.2dbars for bin 14 [800dbars].  PTS/O2,T2,TPhase,RPhase,RawTemp/NO3/pH/FSig,BbSig,TSig/Ocr: 801.1dbars 5.4612C 34.4775PSU / 91.6uM 5.447C 49.764 6.452 735.622 / 40.0uM / -1.038262V /   54  103  568 / nan nan nan nan
(Aug 26 2025 05:36:59,  874835 sec) PistonMoveAbsWTO()    075->076 076 [1sec, 14.5Volts, 0.416Amps, CPT:1553sec]
(Aug 26 2025 05:45:36,  875352 sec) Profile()            Sample 13 initiated at 751.1dbars for bin 15 [750dbars].  PTS/O2,T2,TPhase,RPhase,RawTemp/NO3/pH/FSig,BbSig,TSig/Ocr: 751.1dbars 5.6998C 34.4631PSU / 90.0uM 5.687C 49.826 6.458 728.538 / 39.7uM / -1.038330V /   54  105  567 / nan nan nan nan
(Aug 26 2025 05:54:58,  875914 sec) Profile()            Sample 14 initiated at 701.5dbars for bin 16 [700dbars].  PTS/O2,T2,TPhase,RPhase,RawTemp/NO3/pH/FSig,BbSig,TSig/Ocr: 701.4dbars 6.0712C 34.4352PSU / 86.4uM 6.060C 50.028 6.496 717.510 / 39.3uM / -1.038559V /   54  104  567 / nan nan nan nan
(Aug 26 2025 06:02:32,  876368 sec) AscentControlAgent() Bouyancy nudge to 86 (v=0.075dbar/sec).
(Aug 26 2025 06:02:32,  876368 sec) PistonMoveAbsWTO()    076->086 077 078 079 080 081 [30sec, 14.5Volts, 0.372Amps, CPT:1583sec]
(Aug 26 2025 06:03:13,  876409 sec) PistonMoveAbsWTO()    081->086 082 083 084 085 086 [29sec, 14.4Volts, 0.354Amps, CPT:1612sec]
(Aug 26 2025 06:05:20,  876536 sec) Profile()            Sample 15 initiated at 652.0dbars for bin 17 [650dbars].  PTS/O2,T2,TPhase,RPhase,RawTemp/NO3/pH/FSig,BbSig,TSig/Ocr: 651.9dbars 6.4607C 34.3999PSU / 84.5uM 6.452C 50.065 6.518 705.863 / 38.6uM / -1.038865V /   54  106  566 / nan nan nan nan
(Aug 26 2025 06:14:09,  877065 sec) Profile()            Sample 16 initiated at 601.2dbars for bin 18 [600dbars].  PTS/O2,T2,TPhase,RPhase,RawTemp/NO3/pH/FSig,BbSig,TSig/Ocr: 601.0dbars 7.0489C 34.4008PSU / 85.0uM 7.039C 49.768 6.548 688.305 / 37.5uM / -1.038339V /   54  105  566 / nan nan nan nan
(Aug 26 2025 06:22:59,  877595 sec) AscentControlAgent() Bouyancy nudge to 96 (v=0.078dbar/sec).
(Aug 26 2025 06:23:00,  877596 sec) PistonMoveAbsWTO()    086->096 087 088 089 090 091 [30sec, 14.6Volts, 0.317Amps, CPT:1642sec]
(Aug 26 2025 06:24:23,  877679 sec) Profile()            Sample 17 initiated at 551.0dbars for bin 19 [550dbars].  PTS/O2,T2,TPhase,RPhase,RawTemp/NO3/pH/FSig,BbSig,TSig/Ocr: 550.9dbars 7.6711C 34.3882PSU / 83.2uM 7.663C 49.707 6.579 669.503 / 36.3uM / -1.038208V /   53  105  565 / nan nan nan nan
(Aug 26 2025 06:24:24,  877680 sec) PistonMoveAbsWTO()    091->096 092 093 094 095 096 [27sec, 14.4Volts, 0.327Amps, CPT:1669sec]
(Aug 26 2025 06:32:55,  878191 sec) Profile()            Sample 18 initiated at 501.5dbars for bin 20 [500dbars].  PTS/O2,T2,TPhase,RPhase,RawTemp/NO3/pH/FSig,BbSig,TSig/Ocr: 501.4dbars 8.4804C 34.4053PSU / 83.2uM 8.473C 49.382 6.633 644.904 / 34.9uM / -1.037675V /   53  114  564 / nan nan nan nan
(Aug 26 2025 06:42:40,  878776 sec) Profile()            Sample 19 initiated at 451.4dbars for bin 21 [450dbars].  PTS/O2,T2,TPhase,RPhase,RawTemp/NO3/pH/FSig,BbSig,TSig/Ocr: 451.3dbars 8.9610C 34.3435PSU / 98.1uM 8.955C 47.633 6.656 630.144 / 32.2uM / -1.035701V /   53  106  562 / 0x7ff357ad 0x7ffd7eb6 0x80010e00 0x8003faed
(Aug 26 2025 06:53:53,  879449 sec) Profile()            Sample 20 initiated at 401.6dbars for bin 22 [400dbars].  PTS/O2,T2,TPhase,RPhase,RawTemp/NO3/pH/FSig,BbSig,TSig/Ocr: 401.5dbars 9.9102C 34.2672PSU / 134.1uM 9.904C 43.918 6.703 600.870 / 26.9uM / -1.031754V /   52  105  561 / 0x7ff35464 0x7ffd87c9 0x8001106d 0x8003e5e4
(Aug 26 2025 06:53:54,  879450 sec) AscentControlAgent() Bouyancy nudge to 106 (v=0.060dbar/sec).
(Aug 26 2025 06:53:55,  879451 sec) PistonMoveAbsWTO()    096->106 097 098 099 100 101 [30sec, 14.6Volts, 0.293Amps, CPT:1699sec]
(Aug 26 2025 06:54:36,  879492 sec) PistonMoveAbsWTO()    101->106 102 103 104 105 106 [28sec, 14.5Volts, 0.278Amps, CPT:1727sec]
(Aug 26 2025 06:59:40,  879796 sec) Profile()            Sample 21 initiated at 381.5dbars for bin 23 [380dbars].  PTS/O2,T2,TPhase,RPhase,RawTemp/NO3/pH/FSig,BbSig,TSig/Ocr: 381.5dbars 10.9140C 34.3006PSU / 148.1uM 10.915C 42.306 6.739 569.375 / 24.0uM / -1.029220V /   52  105  560 / 0x7ff35b09 0x7ffd7176 0x800106c0 0x8003df2d
(Aug 26 2025 06:59:41,  879797 sec) AscentControlAgent() Bouyancy nudge to 116 (v=0.060dbar/sec).
(Aug 26 2025 06:59:42,  879798 sec) PistonMoveAbsWTO()    106->116 107 108 109 110 111 [30sec, 14.5Volts, 0.287Amps, CPT:1757sec]
(Aug 26 2025 07:00:23,  879839 sec) PistonMoveAbsWTO()    111->116 112 113 114 115 116 [27sec, 14.4Volts, 0.272Amps, CPT:1784sec]
(Aug 26 2025 07:03:47,  880043 sec) Profile()            Sample 22 initiated at 361.4dbars for bin 24 [360dbars].  PTS/O2,T2,TPhase,RPhase,RawTemp/NO3/pH/FSig,BbSig,TSig/Ocr: 361.3dbars 12.4010C 34.4005PSU / 144.2uM 12.429C 41.877 6.799 521.668 / 22.4uM / -1.028468V /   52  105  559 / 0x7ff34af6 0x7ffd72db 0x80010b52 0x8003d62d
(Aug 26 2025 07:05:38,  880154 sec) Profile()            Sample 23 initiated at 351.7dbars for bin 25 [350dbars].  PTS/O2,T2,TPhase,RPhase,RawTemp/NO3/pH/FSig,BbSig,TSig/Ocr: 351.6dbars 12.5524C 34.4101PSU / 141.0uM 12.559C 42.074 6.810 517.532 / 22.3uM / -1.028206V /   52  106  559 / 0x7ff36509 0x7ffd809b 0x800108c9 0x8003cdb6
(Aug 26 2025 07:07:40,  880276 sec) Profile()            Sample 24 initiated at 341.5dbars for bin 26 [340dbars].  PTS/O2,T2,TPhase,RPhase,RawTemp/NO3/pH/FSig,BbSig,TSig/Ocr: 341.4dbars 12.9524C 34.4195PSU / 143.2uM 12.960C 41.706 6.821 504.765 / 19.7uM / -1.025344V /   51  104  558 / 0x7ff36a9b 0x7ffd6d89 0x800103b6 0x8003cc80
(Aug 26 2025 07:09:53,  880409 sec) Profile()            Sample 25 initiated at 331.4dbars for bin 27 [330dbars].  PTS/O2,T2,TPhase,RPhase,RawTemp/NO3/pH/FSig,BbSig,TSig/Ocr: 331.3dbars 13.9028C 34.4512PSU / 161.3uM 13.870C 39.866 6.832 475.662 / 17.3uM / -1.023386V /   51  104  557 / 0x7ff36480 0x7ffd5b76 0x800100f6 0x8003c32d
(Aug 26 2025 07:09:54,  880410 sec) AscentControlAgent() Bouyancy nudge to 126 (v=0.079dbar/sec).
(Aug 26 2025 07:09:54,  880410 sec) PistonMoveAbsWTO()    116->126 117 118 119 120 121 [30sec, 14.6Volts, 0.264Amps, CPT:1814sec]
(Aug 26 2025 07:10:35,  880451 sec) PistonMoveAbsWTO()    121->126 122 123 124 125 126 [28sec, 14.5Volts, 0.262Amps, CPT:1842sec]
(Aug 26 2025 07:11:59,  880535 sec) Profile()            Sample 26 initiated at 320.7dbars for bin 28 [320dbars].  PTS/O2,T2,TPhase,RPhase,RawTemp/NO3/pH/FSig,BbSig,TSig/Ocr: 320.6dbars 14.2325C 34.4777PSU / 168.8uM 14.239C 39.150 6.876 463.793 / 17.3uM / -1.024172V /   51  105  556 / 0x7ff36264 0x7ffd61c0 0x800106db 0x8003c100
(Aug 26 2025 07:13:28,  880624 sec) Profile()            Sample 27 initiated at 310.9dbars for bin 29 [310dbars].  PTS/O2,T2,TPhase,RPhase,RawTemp/NO3/pH/FSig,BbSig,TSig/Ocr: 310.8dbars 14.6990C 34.5011PSU / 164.6uM 14.698C 39.228 6.891 449.012 / 16.4uM / -1.023057V /   50  103  556 / 0x7ff36e2d 0x7ffd4d2d 0x8000fcdb 0x8003b352
(Aug 26 2025 07:15:08,  880724 sec) Profile()            Sample 28 initiated at 301.2dbars for bin 30 [300dbars].  PTS/O2,T2,TPhase,RPhase,RawTemp/NO3/pH/FSig,BbSig,TSig/Ocr: 301.1dbars 15.6227C 34.5625PSU / 173.4uM 15.617C 38.167 6.909 419.259 / 13.6uM / -1.020221V /   51  103  555 / 0x7ff37336 0x7ffd48a4 0x80010852 0x8003bf64
(Aug 26 2025 07:17:00,  880836 sec) Profile()            Sample 29 initiated at 291.9dbars for bin 31 [290dbars].  PTS/O2,T2,TPhase,RPhase,RawTemp/NO3/pH/FSig,BbSig,TSig/Ocr: 291.8dbars 15.9665C 34.5891PSU / 186.8uM 15.970C 37.106 6.922 407.785 / 12.4uM / -1.019072V /   50  107  554 / 0x7ff37900 0x7ffd4392 0x80010ed2 0x8003a4ed
(Aug 26 2025 07:19:13,  880969 sec) Profile()            Sample 30 initiated at 281.6dbars for bin 32 [280dbars].  PTS/O2,T2,TPhase,RPhase,RawTemp/NO3/pH/FSig,BbSig,TSig/Ocr: 281.5dbars 16.3093C 34.5982PSU / 183.9uM 16.321C 37.125 6.930 396.378 / 12.9uM / -1.019453V /   52  105  554 / 0x7ff37789 0x7ffd4af6 0x80010f80 0x8003a06d
(Aug 26 2025 07:20:19,  881035 sec) AscentControlAgent() Bouyancy nudge to 136 (v=0.075dbar/sec).
(Aug 26 2025 07:20:19,  881035 sec) PistonMoveAbsWTO()    126->136 127 128 129 130 131 [30sec, 14.6Volts, 0.271Amps, CPT:1872sec]
(Aug 26 2025 07:21:13,  881089 sec) Spi1CsPulse()        Chip-select pulse failed for SPI1 device 3.
(Aug 26 2025 07:21:45,  881121 sec) Profile()            Sample 31 initiated at 271.4dbars for bin 33 [270dbars].  PTS/O2,T2,TPhase,RPhase,RawTemp/NO3/pH/FSig,BbSig,TSig/Ocr: 271.3dbars 17.1775C 34.6833PSU / 190.4uM 17.198C 36.297 6.950 367.731 / 10.9uM / -1.017497V /   51  104  553 / 0x7ff36912 0x7ffd3fb6 0x80010aa4 0x80039b76
(Aug 26 2025 07:21:45,  881121 sec) PistonMoveAbsWTO()    131->136 132 133 134 135 136 [27sec, 14.6Volts, 0.257Amps, CPT:1899sec]
(Aug 26 2025 07:23:09,  881205 sec) Spi1CsPulse()        Chip-select pulse failed for SPI1 device 3.
(Aug 26 2025 07:23:41,  881237 sec) Profile()            Sample 32 initiated at 261.9dbars for bin 34 [260dbars].  PTS/O2,T2,TPhase,RPhase,RawTemp/NO3/pH/FSig,BbSig,TSig/Ocr: 261.8dbars 17.9203C 34.7332PSU / 194.2uM 17.914C 35.725 6.972 344.273 / 10.0uM / -1.016800V /   52  105  552 / 0x7ff37936 0x7ffd1e1b 0x80010f09 0x80038de4
(Aug 26 2025 07:25:54,  881370 sec) Profile()            Sample 33 initiated at 251.3dbars for bin 35 [250dbars].  PTS/O2,T2,TPhase,RPhase,RawTemp/NO3/pH/FSig,BbSig,TSig/Ocr: 251.2dbars 18.9792C 34.8343PSU / 195.5uM 18.969C 35.162 7.005 309.605 / 8.1uM / -1.014078V /   51  106  551 / 0x7ff37e6d 0x7ffd4809 0x80010b40 0x80038300
(Aug 26 2025 07:25:55,  881371 sec) AscentControlAgent() Bouyancy nudge to 146 (v=0.077dbar/sec).
(Aug 26 2025 07:25:55,  881371 sec) PistonMoveAbsWTO()    136->146 137 138 139 140 141 [30sec, 14.6Volts, 0.237Amps, CPT:1929sec]
(Aug 26 2025 07:26:36,  881412 sec) PistonMoveAbsWTO()    141->146 142 143 144 145 146 [26sec, 14.5Volts, 0.249Amps, CPT:1955sec]
(Aug 26 2025 07:28:20,  881516 sec) Profile()            Sample 34 initiated at 241.4dbars for bin 36 [240dbars].  PTS/O2,T2,TPhase,RPhase,RawTemp/NO3/pH/FSig,BbSig,TSig/Ocr: 241.3dbars 20.2544C 34.9593PSU / 206.6uM 20.232C 33.943 7.047 267.979 / 6.4uM / -1.012398V /   52  105  549 / 0x7ff383db 0x7ffd3d92 0x80011f00 0x80037d49
(Aug 26 2025 07:30:22,  881638 sec) Profile()            Sample 35 initiated at 231.4dbars for bin 37 [230dbars].  PTS/O2,T2,TPhase,RPhase,RawTemp/NO3/pH/FSig,BbSig,TSig/Ocr: 231.3dbars 20.7463C 34.9968PSU / 208.7uM 20.733C 33.605 7.068 251.452 / 6.2uM / -1.012066V /   52  108  548 / 0x7ff391c9 0x7ffd36e4 0x80013952 0x80036e9b
(Aug 26 2025 07:30:55,  881671 sec) AscentControlAgent() Bouyancy nudge to 156 (v=0.078dbar/sec).
(Aug 26 2025 07:30:55,  881671 sec) PistonMoveAbsWTO()    146->156 147 148 149 150 151 [30sec, 14.6Volts, 0.239Amps, CPT:1985sec]
(Aug 26 2025 07:32:21,  881757 sec) Profile()            Sample 36 initiated at 221.3dbars for bin 38 [220dbars].  PTS/O2,T2,TPhase,RPhase,RawTemp/NO3/pH/FSig,BbSig,TSig/Ocr: 221.2dbars 21.2488C 35.0337PSU / 208.0uM 21.246C 33.421 7.086 234.535 / 6.1uM / -1.011453V /   53  104  547 / 0x7ff39b6d 0x7ffd54c0 0x80017536 0x80037849
(Aug 26 2025 07:32:21,  881757 sec) PistonMoveAbsWTO()    151->156 152 153 154 155 156 [27sec, 14.6Volts, 0.243Amps, CPT:2012sec]
(Aug 26 2025 07:34:06,  881862 sec) Profile()            Sample 37 initiated at 211.6dbars for bin 39 [210dbars].  PTS/O2,T2,TPhase,RPhase,RawTemp/NO3/pH/FSig,BbSig,TSig/Ocr: 211.6dbars 22.3343C 35.0905PSU / 206.4uM 22.310C 33.057 7.114 199.411 / 5.6uM / -1.010602V /   57  108  546 / 0x7ff38e12 0x7ffd869b 0x8001aa2d 0x80038392
(Aug 26 2025 07:36:08,  881984 sec) Profile()            Sample 38 initiated at 201.9dbars for bin 40 [200dbars].  PTS/O2,T2,TPhase,RPhase,RawTemp/NO3/pH/FSig,BbSig,TSig/Ocr: 201.9dbars 22.5031C 35.1029PSU / 207.2uM 22.498C 32.930 7.136 193.212 / 5.5uM / -1.010658V /   58  108  545 / 0x7ff3a0f6 0x7ffdc540 0x8001f236 0x80037ced
(Aug 26 2025 07:38:44,  882140 sec) Profile()            Sample 39 initiated at 191.7dbars for bin 41 [190dbars].  PTS/O2,T2,TPhase,RPhase,RawTemp/NO3/pH/FSig,BbSig,TSig/Ocr: 191.6dbars 23.4236C 35.1397PSU / 206.9uM 23.402C 32.569 7.162 163.420 / 5.0uM / -1.009204V /   62  113  543 / 0x7ff3ae5b 0x7ffdfe80 0x8002556d 0x8003936d
(Aug 26 2025 07:46:24,  882600 sec) AscentControlAgent() Bouyancy nudge to 166 (v=0.012dbar/sec).
(Aug 26 2025 07:46:24,  882600 sec) PistonMoveAbsWTO()    156->166 157 158 159 160 161 [30sec, 14.8Volts, 0.229Amps, CPT:2042sec]
(Aug 26 2025 07:47:50,  882686 sec) Profile()            Sample 40 initiated at 181.1dbars for bin 42 [180dbars].  PTS/O2,T2,TPhase,RPhase,RawTemp/NO3/pH/FSig,BbSig,TSig/Ocr: 181.0dbars 24.7213C 35.1330PSU / 211.8uM 24.709C 31.765 7.190 120.467 / 4.1uM / -1.007861V /   71  113  539 / 0x7ff3cf52 0x7ffe0cd2 0x800271c9 0x80037c64
(Aug 26 2025 07:47:50,  882686 sec) PistonMoveAbsWTO()    161->166 162 163 164 165 166 [26sec, 14.7Volts, 0.226Amps, CPT:2068sec]
(Aug 26 2025 07:51:27,  882903 sec) AscentControlAgent() Bouyancy nudge to 176 (v=0.029dbar/sec).
(Aug 26 2025 07:51:27,  882903 sec) PistonMoveAbsWTO()    166->176 167 168 169 170 171 [30sec, 14.8Volts, 0.224Amps, CPT:2098sec]
(Aug 26 2025 07:52:08,  882944 sec) PistonMoveAbsWTO()    171->176 172 173 174 175 176 [24sec, 14.7Volts, 0.225Amps, CPT:2122sec]
(Aug 26 2025 07:53:28,  883024 sec) Profile()            Sample 41 initiated at 171.3dbars for bin 43 [170dbars].  PTS/O2,T2,TPhase,RPhase,RawTemp/NO3/pH/FSig,BbSig,TSig/Ocr: 171.2dbars 25.9902C 35.0564PSU / 218.6uM 25.981C 30.901 7.237 78.834 / 3.8uM / -1.006435V /   86  117  538 / 0x7ff3e95b 0x7ffe6f9b 0x8002ef49 0x800375d2
(Aug 26 2025 07:56:44,  883220 sec) Profile()            Sample 42 initiated at 161.9dbars for bin 44 [160dbars].  PTS/O2,T2,TPhase,RPhase,RawTemp/NO3/pH/FSig,BbSig,TSig/Ocr: 161.9dbars 26.8267C 34.9812PSU / 219.9uM 26.770C 30.530 7.245 53.167 / 3.7uM / -1.005216V /   96  115  537 / 0x7ff42152 0x7fff4012 0x8003aba4 0x8003a29b
(Aug 26 2025 07:56:45,  883221 sec) AscentControlAgent() Bouyancy nudge to 186 (v=0.038dbar/sec).
(Aug 26 2025 07:56:45,  883221 sec) PistonMoveAbsWTO()    176->186 177 178 179 180 181 [30sec, 14.8Volts, 0.220Amps, CPT:2152sec]
(Aug 26 2025 07:57:26,  883262 sec) PistonMoveAbsWTO()    181->186 182 183 184 185 186 [25sec, 14.7Volts, 0.215Amps, CPT:2177sec]
(Aug 26 2025 08:00:17,  883433 sec) Profile()            Sample 43 initiated at 151.4dbars for bin 45 [150dbars].  PTS/O2,T2,TPhase,RPhase,RawTemp/NO3/pH/FSig,BbSig,TSig/Ocr: 151.3dbars 27.0058C 34.9740PSU / 223.9uM 26.987C 30.248 7.266 46.090 / 4.0uM / -1.005249V /   96  116  536 / 0x7ff480ed 0x8000c052 0x80050adb 0x8003f536
(Aug 26 2025 08:02:33,  883569 sec) Profile()            Sample 44 initiated at 141.9dbars for bin 46 [140dbars].  PTS/O2,T2,TPhase,RPhase,RawTemp/NO3/pH/FSig,BbSig,TSig/Ocr: 141.9dbars 27.1181C 34.9681PSU / 224.8uM 27.109C 30.160 7.270 42.147 / 4.0uM / -1.005222V /  102  118  535 / 0x7ff50c76 0x8002aadb 0x8006ae40 0x80045fd2
(Aug 26 2025 08:05:20,  883736 sec) Profile()            Sample 45 initiated at 131.4dbars for bin 47 [130dbars].  PTS/O2,T2,TPhase,RPhase,RawTemp/NO3/pH/FSig,BbSig,TSig/Ocr: 131.4dbars 27.4426C 34.9373PSU / 225.0uM 27.423C 30.033 7.273 31.966 / 4.1uM / -1.004925V /  105  118  535 / 0x7ff64924 0x80060880 0x8009625b 0x80051f5b
(Aug 26 2025 08:09:27,  883983 sec) Profile()            Sample 46 initiated at 121.9dbars for bin 48 [120dbars].  PTS/O2,T2,TPhase,RPhase,RawTemp/NO3/pH/FSig,BbSig,TSig/Ocr: 121.9dbars 28.0825C 34.8570PSU / 228.7uM 28.056C 29.621 7.306 11.517 / 4.3uM / -1.004287V /  103  121  534 / 0x7ff76900 0x8008b064 0x800b3780 0x8005af1b
(Aug 26 2025 08:12:45,  884181 sec) AscentControlAgent() Bouyancy nudge to 196 (v=0.001dbar/sec).
(Aug 26 2025 08:12:45,  884181 sec) PistonMoveAbsWTO()    186->196 187 188 189 190 191 [30sec, 14.9Volts, 0.208Amps, CPT:2207sec]
(Aug 26 2025 08:13:26,  884222 sec) PistonMoveAbsWTO()    191->196 192 193 194 195 196 [24sec, 14.8Volts, 0.209Amps, CPT:2231sec]
(Aug 26 2025 08:17:10,  884446 sec) Profile()            Sample 47 initiated at 111.4dbars for bin 49 [110dbars].  PTS/O2,T2,TPhase,RPhase,RawTemp/NO3/pH/FSig,BbSig,TSig/Ocr: 111.3dbars 28.3839C 34.7893PSU / 231.5uM 28.374C 29.368 7.307 1.275 / 4.3uM / -1.003783V /   78  124  532 / 0x7ff8ac52 0x800a30e4 0x800ba4a4 0x8005f2ad
(Aug 26 2025 08:20:31,  884647 sec) Profile()            Sample 48 initiated at 101.8dbars for bin 50 [100dbars].  PTS/O2,T2,TPhase,RPhase,RawTemp/NO3/pH/FSig,BbSig,TSig/Ocr: 101.8dbars 28.6823C 34.6860PSU / 233.3uM 28.675C 29.179 7.320 -8.396 / 4.5uM / -1.003676V /   76  126  532 / 0x7ffa3492 0x800c9312 0x800d2f89 0x80066a9b
(Aug 26 2025 08:22:55,  884791 sec) AscentControlAgent() Bouyancy nudge to 201 (v=0.028dbar/sec).
(Aug 26 2025 08:22:55,  884791 sec) PistonMoveAbsWTO()    196->201 197 198 199 200 201 [27sec, 15.0Volts, 0.203Amps, CPT:2258sec]
(Aug 26 2025 08:24:19,  884875 sec) Profile()            Sample 49 initiated at 96.2dbars for bin 51 [95dbars].  PTS/O2,T2,TPhase,RPhase,RawTemp/NO3/pH/FSig,BbSig,TSig/Ocr: 96.1dbars 28.7953C 34.6460PSU / 234.2uM 28.792C 29.095 7.322 -12.150 / 4.5uM / -1.003522V /   71  126  531 / 0x7ffaac5b 0x800c6ded 0x800cc240 0x80065c00
(Aug 26 2025 08:25:49,  884965 sec) Profile()            Sample 50 initiated at 91.6dbars for bin 52 [90dbars].  PTS/O2,T2,TPhase,RPhase,RawTemp/NO3/pH/FSig,BbSig,TSig/Ocr: 91.5dbars 28.9003C 34.6063PSU / 234.5uM 28.898C 29.044 7.324 -15.538 / 4.6uM / -1.003458V /   72  124  531 / 0x7ffb6b1b 0x800d5cc9 0x800d5ead 0x800695c9
(Aug 26 2025 08:27:41,  885077 sec) Profile()            Sample 51 initiated at 87.0dbars for bin 53 [85dbars].  PTS/O2,T2,TPhase,RPhase,RawTemp/NO3/pH/FSig,BbSig,TSig/Ocr: 86.9dbars 29.1750C 34.4849PSU / 233.8uM 29.165C 28.979 7.329 -24.105 / 4.6uM / -1.003223V /   72  125  531 / 0x7ffbe352 0x800da4a4 0x800d8212 0x8006abc0
(Aug 26 2025 08:28:04,  885100 sec) AscentControlAgent() Bouyancy nudge to 206 (v=0.036dbar/sec).
(Aug 26 2025 08:28:04,  885100 sec) PistonMoveAbsWTO()    201->206 202 203 204 205 206 [26sec, 14.9Volts, 0.193Amps, CPT:2284sec]
(Aug 26 2025 08:32:01,  885337 sec) Profile()            Sample 52 initiated at 82.0dbars for bin 54 [80dbars].  PTS/O2,T2,TPhase,RPhase,RawTemp/NO3/pH/FSig,BbSig,TSig/Ocr: 81.9dbars 29.2768C 34.4280PSU / 232.7uM 29.276C 28.989 7.336 -27.647 / 4.7uM / -1.003087V /   68  125  531 / 0x7ffb1f49 0x800b0d49 0x800b6164 0x800614ed
(Aug 26 2025 08:33:08,  885404 sec) AscentControlAgent() Bouyancy nudge to 211 (v=0.025dbar/sec).
(Aug 26 2025 08:33:08,  885404 sec) PistonMoveAbsWTO()    206->211 207 208 209 210 211 [26sec, 15.0Volts, 0.198Amps, CPT:2310sec]
(Aug 26 2025 08:34:42,  885498 sec) Profile()            Sample 53 initiated at 76.7dbars for bin 55 [75dbars].  PTS/O2,T2,TPhase,RPhase,RawTemp/NO3/pH/FSig,BbSig,TSig/Ocr: 76.6dbars 29.3303C 34.3912PSU / 232.0uM 29.330C 29.004 7.336 -29.369 / 4.8uM / -1.002983V /   67  123  530 / 0x7ffb41c0 0x800a4a6d 0x800ab012 0x8005e3b6
(Aug 26 2025 08:34:53,  885509 sec) PistonMoveAbsWTO()    210->211 211 [1sec, 15.0Volts, 0.202Amps, CPT:2311sec]
(Aug 26 2025 08:36:02,  885578 sec) Profile()            Sample 54 initiated at 71.4dbars for bin 56 [70dbars].  PTS/O2,T2,TPhase,RPhase,RawTemp/NO3/pH/FSig,BbSig,TSig/Ocr: 71.3dbars 29.3796C 34.3655PSU / 231.5uM 29.381C 29.008 7.335 -30.995 / 4.8uM / -1.002746V /   64  124  530 / 0x7ffbefa4 0x800acbc0 0x800af7c0 0x8005fb40
(Aug 26 2025 08:37:10,  885646 sec) Profile()            Sample 55 initiated at 66.8dbars for bin 57 [65dbars].  PTS/O2,T2,TPhase,RPhase,RawTemp/NO3/pH/FSig,BbSig,TSig/Ocr: 66.8dbars 29.5149C 34.2837PSU / 230.4uM 29.509C 29.016 7.336 -35.091 / 4.9uM / -1.002670V /   65  123  530 / 0x7ffc44c0 0x800aed40 0x800b21c0 0x8006199b
(Aug 26 2025 08:38:40,  885736 sec) Profile()            Sample 56 initiated at 61.9dbars for bin 58 [60dbars].  PTS/O2,T2,TPhase,RPhase,RawTemp/NO3/pH/FSig,BbSig,TSig/Ocr: 61.8dbars 29.5292C 34.2666PSU / 229.7uM 29.530C 29.040 7.339 -35.754 / 4.8uM / -1.002566V /   64  124  530 / 0x7ffc7f92 0x800a9776 0x800ace80 0x80060480
(Aug 26 2025 08:40:33,  885849 sec) Profile()            Sample 57 initiated at 56.8dbars for bin 59 [55dbars].  PTS/O2,T2,TPhase,RPhase,RawTemp/NO3/pH/FSig,BbSig,TSig/Ocr: 56.7dbars 29.5486C 34.2447PSU / 229.2uM 29.551C 29.056 7.341 -36.427 / 4.9uM / -1.002464V /   66  122  530 / 0x7ffc45c0 0x8009949b 0x8009dae4 0x8005c624
(Aug 26 2025 08:43:52,  886048 sec) Profile()            Sample 58 initiated at 51.9dbars for bin 60 [50dbars].  PTS/O2,T2,TPhase,RPhase,RawTemp/NO3/pH/FSig,BbSig,TSig/Ocr: 51.9dbars 29.5959C 34.2215PSU / 229.0uM 29.597C 29.051 7.339 -37.879 / 4.8uM / -1.002434V /   65  124  530 / 0x7ffab6c0 0x800639c0 0x8007325b 0x8004fd9b
(Aug 26 2025 08:43:54,  886050 sec) AscentControlAgent() Bouyancy nudge to 216 (v=0.026dbar/sec).
(Aug 26 2025 08:43:54,  886050 sec) PistonMoveAbsWTO()    211->216 212 213 214 215 216 [27sec, 15.0Volts, 0.185Amps, CPT:2338sec]
(Aug 26 2025 08:46:45,  886221 sec) Profile()            Sample 59 initiated at 46.9dbars for bin 61 [45dbars].  PTS/O2,T2,TPhase,RPhase,RawTemp/NO3/pH/FSig,BbSig,TSig/Ocr: 46.8dbars 29.7696C 34.2053PSU / 227.9uM 29.767C 29.040 7.341 -43.305 / 4.9uM / -1.002259V /   62  125  529 / 0x7ff98264 0x8004831b 0x800608b6 0x8004a980
(Aug 26 2025 08:49:10,  886366 sec) Profile()            Sample 60 initiated at 41.7dbars for bin 62 [40dbars].  PTS/O2,T2,TPhase,RPhase,RawTemp/NO3/pH/FSig,BbSig,TSig/Ocr: 41.7dbars 29.8571C 34.1953PSU / 225.5uM 29.861C 29.121 7.347 -46.281 / 4.8uM / -1.002178V /   60  122  529 / 0x7ff8a776 0x80031892 0x80052ef6 0x80045a49
(Aug 26 2025 08:49:12,  886368 sec) AscentControlAgent() Bouyancy nudge to 221 (v=0.035dbar/sec).
(Aug 26 2025 08:49:12,  886368 sec) PistonMoveAbsWTO()    216->221 217 218 219 220 221 [25sec, 15.0Volts, 0.180Amps, CPT:2363sec]
(Aug 26 2025 08:51:06,  886482 sec) Profile()            Sample 61 initiated at 36.7dbars for bin 63 [35dbars].  PTS/O2,T2,TPhase,RPhase,RawTemp/NO3/pH/FSig,BbSig,TSig/Ocr: 36.6dbars 29.8609C 34.1899PSU / 225.1uM 29.865C 29.140 7.348 -46.424 / 4.9uM / -1.002173V /   59  122  529 / 0x7ff7e264 0x800212c9 0x80047d52 0x80041dad
(Aug 26 2025 08:52:26,  886562 sec) Profile()            Sample 62 initiated at 31.5dbars for bin 64 [30dbars].  PTS/O2,T2,TPhase,RPhase,RawTemp/NO3/pH/FSig,BbSig,TSig/Ocr: 31.5dbars 29.8633C 34.1888PSU / 225.0uM 29.868C 29.143 7.346 -46.510 / 4.9uM / -1.002043V /   60  122  529 / 0x7ff77324 0x80016992 0x80041d92 0x8003fd52
(Aug 26 2025 08:53:33,  886629 sec) Profile()            Sample 63 initiated at 26.9dbars for bin 65 [25dbars].  PTS/O2,T2,TPhase,RPhase,RawTemp/NO3/pH/FSig,BbSig,TSig/Ocr: 26.8dbars 29.8639C 34.1881PSU / 225.0uM 29.869C 29.142 7.345 -46.556 / 4.9uM / -1.002100V /   60  135  529 / 0x7ff72980 0x8000d940 0x8003d2c0 0x8003dce4
(Aug 26 2025 08:54:52,  886708 sec) Profile()            Sample 64 initiated at 21.3dbars for bin 66 [20dbars].  PTS/O2,T2,TPhase,RPhase,RawTemp/NO3/pH/FSig,BbSig,TSig/Ocr: 21.2dbars 29.8690C 34.1865PSU / 225.1uM 29.873C 29.136 7.345 -46.687 / 4.9uM / -1.002003V /   58  122  529 / 0x7ff6ccd2 0x8000496d 0x80036740 0x8003d0ad
(Aug 26 2025 08:56:01,  886777 sec) Profile()            Sample 65 initiated at 16.4dbars for bin 67 [15dbars].  PTS/O2,T2,TPhase,RPhase,RawTemp/NO3/pH/FSig,BbSig,TSig/Ocr: 16.3dbars 29.8639C 34.1794PSU / 225.2uM 29.869C 29.131 7.345 -46.547 / 5.0uM / -1.001930V /   59  121  529 / 0x7ff682c9 0x7fffab52 0x8002f940 0x8003b4a4


(Aug 26 2025 08:57:10) LogSize()            Log file is 48649 bytes.  Limit is 51200 bytes.

(Aug 26 2025 08:57:10,  886846 sec) Profile()            Sample 66 initiated at 11.6dbars for bin 68 [10dbars].  PTS/O2,T2,TPhase,RPhase,RawTemp/NO3/pH/FSig,BbSig,TSig/Ocr: 11.6dbars 29.8667C 34.1665PSU / 225.2uM 29.872C 29.133 7.343 -46.641 / 5.0uM / -1.001823V /   58  118  529 / 0x7ff634ad 0x7fff3d80 0x8002a589 0x80038fc0
(Aug 26 2025 08:58:06,  886902 sec) Profile()            Sample 67 initiated at 7.8dbars for bin 69 [6dbars].  PTS/O2,T2,TPhase,RPhase,RawTemp/NO3/pH/FSig,BbSig,TSig/Ocr: 7.8dbars 29.8490C 34.1526PSU / 225.2uM 29.861C 29.135 7.343 -46.279 / 5.0uM / -1.001848V /   58  119  529 / 0x7ff5d7f6 0x7ffea6f6 0x800243c9 0x80037f89
(Aug 26 2025 08:58:31,  886927 sec) SurfaceDetect()      SurfacePressure:-0.1dbars Pressure:3.6dbars PistonPosition:221
(Aug 26 2025 08:58:31,  886927 sec) Sbe41cpStopCP()      Continuous profile stopped.
(Aug 26 2025 08:58:34,  886930 sec) PistonMoveAbsWTO()    221->243 222 223 224 225 226 227 228 229 230 231 [54sec, 15.0Volts, 0.165Amps, CPT:2417sec]
(Aug 26 2025 08:59:34,  886990 sec) chat()               Expected string [S>] not received.
(Aug 26 2025 09:01:28,  887104 sec) Sbe41cpBinAverage()  Finished averaging 14052 samples in 109 seconds.
(Aug 26 2025 09:01:33,  887109 sec) Sbe41cpUploadCP_()   Sbe41cpSerNo[17090] NSample[14052] NBin[493]
(Aug 26 2025 09:02:04,  887140 sec) Sbe41cpUploadCP_()   Continuous profile uploaded [493 lines].
(Aug 26 2025 09:02:18,  887154 sec) MscErrorLog_()       No error records to log.
(Aug 26 2025 09:02:30,  887166 sec) MscErrorLog_()       No error records to log.

<EOT>
