(Aug 26 2025 09:02:39,  887175 sec) TelemetryInit()      Profile 3. (Apf11 FwRev: 031524)
(Aug 26 2025 09:02:39,  887175 sec) TelemetryInit()      Charge consumption model: OCV:15.3V Wake-Cycles:12950 Standby:110.3days Wake:13.3kC Sensors:1.1kC
(Aug 26 2025 09:07:54,  887490 sec) GetSurfaceObs()      P/O2,T2,TPhase,RPhase,RawTemp/FSig,BbSig,TSig: 0.1dbars / 228.6uM 29.075C 29.253 7.323 -21.201 / 57,121,529
(Aug 26 2025 09:07:54,  887490 sec) GetSurfaceObs()      P/Ocr: 0.1dbars / 0x7ff414c9 0x7ffc2540 0x80004589 0x8002bdb6
(Aug 26 2025 09:08:27,  887523 sec) GetSurfaceObs()      P/O2,T2,TPhase,RPhase,RawTemp/FSig,BbSig,TSig: 0.2dbars / 223.9uM 29.607C 29.288 7.322 -38.214 / 58,124,529
(Aug 26 2025 09:08:27,  887523 sec) GetSurfaceObs()      P/Ocr: 0.2dbars / 0x7ff40a12 0x7ffc1fc9 0x80003ec0 0x8002c5ed
(Aug 26 2025 09:09:00,  887556 sec) GetSurfaceObs()      P/O2,T2,TPhase,RPhase,RawTemp/FSig,BbSig,TSig: 0.0dbars / 225.9uM 29.419C 29.260 7.322 -32.196 / 57,119,529
(Aug 26 2025 09:09:00,  887556 sec) GetSurfaceObs()      P/Ocr: 0.0dbars / 0x7ff4045b 0x7ffc29a4 0x80004cc0 0x8002b8b6
(Aug 26 2025 09:09:33,  887589 sec) GetSurfaceObs()      P/O2,T2,TPhase,RPhase,RawTemp/FSig,BbSig,TSig: 0.0dbars / 225.3uM 29.562C 29.236 7.323 -36.775 / 58,121,529
(Aug 26 2025 09:09:33,  887589 sec) GetSurfaceObs()      P/Ocr: 0.0dbars / 0x7ff3f709 0x7ffc132d 0x8000371b 0x8002bcc9
(Aug 26 2025 09:12:17,  887753 sec) AirSystem()          Battery [216cnt, 15.2V]  Current [24cnt, 93.8mA]  Pneumometer [156cnt, 18.3psi]  Run-Time [78s]
(Aug 26 2025 09:12:30,  887766 sec) GetSurfaceObs()      P/O2,T2,TPhase,RPhase,RawTemp/FSig,BbSig,TSig: -0.2dbars / 235.4uM 27.457C 29.525 7.314 30.861 / 58,124,529
(Aug 26 2025 09:12:30,  887766 sec) GetSurfaceObs()      P/Ocr: -0.2dbars / 0x7ff3e8db 0x7ffc0a49 0x80003a49 0x8002b5c0
(Aug 26 2025 09:13:03,  887799 sec) GetSurfaceObs()      P/O2,T2,TPhase,RPhase,RawTemp/FSig,BbSig,TSig: -0.2dbars / 234.3uM 27.455C 29.575 7.310 30.947 / 57,120,529
(Aug 26 2025 09:13:03,  887799 sec) GetSurfaceObs()      P/Ocr: -0.2dbars / 0x7ff40b12 0x7ffc0824 0x800027c9 0x8002bfd2
(Aug 26 2025 09:13:36,  887832 sec) GetSurfaceObs()      P/O2,T2,TPhase,RPhase,RawTemp/FSig,BbSig,TSig: -0.2dbars / 233.6uM 27.477C 29.600 7.306 30.223 / 58,122,528
(Aug 26 2025 09:13:36,  887832 sec) GetSurfaceObs()      P/Ocr: -0.2dbars / 0x7ff3f240 0x7ffbfcc0 0x8000261b 0x8002bab6
(Aug 26 2025 09:14:09,  887865 sec) GetSurfaceObs()      P/O2,T2,TPhase,RPhase,RawTemp/FSig,BbSig,TSig: -0.2dbars / 234.2uM 27.358C 29.616 7.302 34.088 / 58,121,528
(Aug 26 2025 09:14:09,  887865 sec) GetSurfaceObs()      P/Ocr: -0.2dbars / 0x7ff3f264 0x7ffc1276 0x80002f9b 0x8002be00
(Aug 26 2025 09:14:42,  887898 sec) GetSurfaceObs()      P/O2,T2,TPhase,RPhase,RawTemp/FSig,BbSig,TSig: -0.2dbars / 228.7uM 28.074C 29.611 7.300 10.939 / 57,123,529
(Aug 26 2025 09:14:42,  887898 sec) GetSurfaceObs()      P/Ocr: -0.2dbars / 0x7ff3f5ad 0x7ffc00e4 0x80002840 0x8002bd76
(Aug 26 2025 09:15:16,  887932 sec) GetSurfaceObs()      P/O2,T2,TPhase,RPhase,RawTemp/FSig,BbSig,TSig: -0.2dbars / 237.0uM 26.994C 29.624 7.295 45.886 / 58,124,528
(Aug 26 2025 09:15:16,  887932 sec) GetSurfaceObs()      P/Ocr: -0.2dbars / 0x7ff3f5ad 0x7ffc0952 0x80002ab6 0x8002c2c0
(Aug 26 2025 09:15:49,  887965 sec) GetSurfaceObs()      P/O2,T2,TPhase,RPhase,RawTemp/FSig,BbSig,TSig: -0.2dbars / 235.8uM 27.132C 29.627 7.291 41.399 / 58,121,528
(Aug 26 2025 09:15:49,  887965 sec) GetSurfaceObs()      P/Ocr: -0.2dbars / 0x7ff3da76 0x7ffc132d 0x80002f6d 0x8002bf1b
(Aug 26 2025 09:16:22,  887998 sec) GetSurfaceObs()      P/O2,T2,TPhase,RPhase,RawTemp/FSig,BbSig,TSig: -0.2dbars / 234.9uM 27.157C 29.659 7.289 40.589 / 58,119,528
(Aug 26 2025 09:16:22,  887998 sec) GetSurfaceObs()      P/Ocr: -0.2dbars / 0x7ff3e15b 0x7ffc04f6 0x80002040 0x8002bf80
(Aug 26 2025 09:16:40,  888016 sec) AirSystem()          Battery [217cnt, 15.2V]  Current [23cnt, 91.6mA]  Pneumometer [160cnt, 18.8psi]  Run-Time [9s]
(Aug 26 2025 09:17:21,  888057 sec) GetSurfaceObs()      P/O2,T2,TPhase,RPhase,RawTemp/FSig,BbSig,TSig: -0.1dbars / 237.3uM 27.908C 29.273 7.288 16.296 / 57,121,528
(Aug 26 2025 09:17:21,  888057 sec) GetSurfaceObs()      P/Ocr: -0.1dbars / 0x7ff3df6d 0x7ffbffad 0x800031db 0x8002c189
(Aug 26 2025 09:17:23,  888059 sec) GpsServices()        GPS almanac is current.
(Aug 26 2025 09:17:23,  888059 sec) GpsServices()        Initiating GPS fix acquisition.
(Aug 26 2025 09:17:27,  888063 sec) gga()                $GPGGA,091720,1530.5156,N,14213.6253,E,0,00,,,M,,M,,*57
(Aug 26 2025 09:17:37,  888073 sec) gga()                $GPGGA,091730,1530.5156,N,14213.6253,E,0,00,,,M,,M,,*56
(Aug 26 2025 09:17:45,  888081 sec) gga()                $GPGGA,091750,1530.5156,N,14213.6253,E,0,00,,,M,,M,,*50
(Aug 26 2025 09:17:55,  888091 sec) gga()                $GPGGA,091800,1530.5156,N,14213.6253,E,0,00,,,M,,M,,*5A
(Aug 26 2025 09:17:56,  888092 sec) gga()                $GPGGA,091800,1530.5156,N,14213.6253,E,0,00,,,M,,M,,*5A
(Aug 26 2025 09:18:05,  888101 sec) gga()                $GPGGA,091810,1530.5156,N,14213.6253,E,0,00,,,M,,M,,*5B
(Aug 26 2025 09:18:15,  888111 sec) gga()                $GPGGA,091820,1530.5156,N,14213.6253,E,0,00,,,M,,M,,*58
(Aug 26 2025 09:18:26,  888122 sec) gga()                $GPGGA,091830,1527.0232,N,14240.9575,E,1,11,0.7,15.2,M,49.7,M,,*75
(Aug 26 2025 09:18:26,  888122 sec) GpsServices()        Profile 3 GPS fix obtained in 63 seconds.
(Aug 26 2025 09:18:26,  888122 sec) GpsServices()                   lon      lat mm/dd/yyyy hhmmss nsat
(Aug 26 2025 09:18:26,  888122 sec) GpsServices()        Fix:  142.6826  15.4504 08/26/2025 091830   11
(Aug 26 2025 09:18:36,  888132 sec) gga()                $GPGGA,091840,1527.0233,N,14240.9560,E,1,11,0.7,17.5,M,49.7,M,,*72
(Aug 26 2025 09:18:45,  888141 sec) gga()                $GPGGA,091850,1527.0233,N,14240.9542,E,1,11,0.7,19.3,M,49.7,M,,*7B
(Aug 26 2025 09:18:45,  888141 sec) GpsServices()        APF11 RTC skew (-5s) OK.
(Aug 26 2025 09:18:45,  888141 sec) GpsServices()        GPS services complete.
(Aug 26 2025 09:19:13,  888169 sec) IrGeoLoc()           <x,y,z>=<-4856km,3764km,1692km> lat=15.496 lon=142.220 IrSysTime=0xeb6f142a
(Aug 26 2025 09:19:16,  888172 sec) CLogin()             Connecting to primary host.
(Aug 26 2025 09:19:27,  888183 sec) CLogin()             Connection 1 established in 11 seconds.
(Aug 26 2025 09:19:37,  888193 sec) login()              Login successful.
(Aug 26 2025 09:19:42,  888198 sec) CLogin()             Logged in to host.  [Login required 15 seconds]
(Aug 26 2025 09:19:43,  888199 sec) RxConfig()           Downloading "mission.cfg" from host.
(Aug 26 2025 09:20:05,  888221 sec) RxConfig()           Download successful: [bytes:33, sec:19.4, bps:2]
(Aug 26 2025 09:20:10,  888226 sec) WriteVitals_()       Writing vitals to "21878.003.msg".
(Aug 26 2025 09:20:19,  888235 sec) UpLoadFile()         Uploading "21878.003.log" to host.
(Aug 26 2025 09:23:32,  888428 sec) UpLoadFile()         Upload successful: [bytes:50317, sec:193.4, bps:260]
(Aug 26 2025 09:23:33,  888429 sec) fmove()              Moved: 21878.003.log -> archive/21878.003.log
(Aug 26 2025 09:23:40,  888436 sec) UpLoadFile()         Uploading "21878.003.msg" to host.
(Aug 26 2025 09:26:29,  888605 sec) UpLoadFile()         Upload successful: [bytes:42956, sec:169.2, bps:254]
(Aug 26 2025 09:26:30,  888606 sec) fmove()              Moved: 21878.003.msg -> archive/21878.003.msg
(Aug 26 2025 09:26:34,  888610 sec) UpLoadFile()         Uploading "21878.003.isus" to host.
(Aug 26 2025 09:28:10,  888706 sec) UpLoadFile()         Upload successful: [bytes:25479, sec:95.6, bps:266]
(Aug 26 2025 09:28:11,  888707 sec) fmove()              Moved: 21878.003.isus -> archive/21878.003.isus
(Aug 26 2025 09:28:15,  888711 sec) UpLoadFile()         Uploading "21878.003.dura" to host.
(Aug 26 2025 09:29:07,  888763 sec) UpLoadFile()         Upload successful: [bytes:13583, sec:51.8, bps:262]
(Aug 26 2025 09:29:09,  888765 sec) fmove()              Moved: 21878.003.dura -> archive/21878.003.dura
(Aug 26 2025 09:29:10,  888766 sec) UpLoad()             Files successfully uploaded: 4
(Aug 26 2025 09:29:10,  888766 sec) UpLoad()             Upload complete.
(Aug 26 2025 09:29:19,  888775 sec) chat()               Expected string [logout] not received.
(Aug 26 2025 09:29:19,  888775 sec) logout()             Attempt to log-out failed.
(Aug 26 2025 09:29:19,  888775 sec) logout()             No carrier detected.
(Aug 26 2025 09:29:19,  888775 sec) Telemetry()          Telemetry cycle complete: PrfId=3 ConnectionAttempts=1  Connections=1
(Aug 26 2025 09:29:19,  888775 sec) TelemetryTerminate() Parsing new mission configuration.
(Aug 26 2025 09:29:20,  888776 sec) configure()          Parsing configurators in "mission.cfg".
(Aug 26 2025 09:29:20,  888776 sec) configure()             TelemetryRetry(15)      [0x7BBC] [TelemetryRetry(15)].
(Aug 26 2025 09:29:21,  888777 sec) configure()          Configuration CRCs and syntax OK.
(Aug 26 2025 09:29:21,  888777 sec) ConfigSupervisor()   Configuration accepted.
(Aug 26 2025 09:29:21,  888777 sec) TelemetryTerminate() Reconditioning the file system.
(Aug 26 2025 09:29:24,       0 sec) DescentInit()        Deep profile 4 initiated at mission-time 888780sec.
(Aug 26 2025 09:29:25,       1 sec) DescentInit()        Surface pressure: -0.1dbars.
(Aug 26 2025 09:29:25,       1 sec) DescentInit()        Charge consumption model: OCV:15.1V Wake-Cycles:12951 Standby:110.3days Wake:13.3kC Sleep:1.1kC
(Aug 26 2025 09:29:37,      13 sec) DescentInit()        Pneumatic humidity: 1040(6.4%) -> 1119(8.7%)
(Aug 26 2025 09:29:38,      14 sec) PistonMoveAbsWTO()    231->048 230 229 228 227 226 225 224 223 222 221 220 219 218 217 216 215 214 213 212 211 210 209 208 207 206 205 204 203 202 201 200 199 198 197 196 195 194 193 192 191 190 189 188 187 186 185 184 183 182 181 180 179 178 177 176 175 174 173 172 171 170 169 168 167 166 165 164 163 162 161 160 159 158 157 156 155 154 153 152 151 150 149 148 147 146 145 144 143 142 141 140 139 138 137 136 135 134 133 132 131 130 129 128 127 126 125 124 123 122 121 120 119 118 117 116 115 114 113 112 111 110 109 108 107 106 105 104 103 102 101 100 099 098 097 096 095 094 093 092 091 090 089 088 087 086 085 084 083 082 081 080 079 078 077 076 075 074 073 072 071 070 069 068 067 066 065 064 063 062 061 060 059 058 057 056 055 054 053 052 051 050 049 048 [941sec, 15.0Volts, 0.146Amps, CPT:941sec]
(Aug 26 2025 09:45:24,     960 sec) DescentInit()        Air solenoid open: Barometer [216cnt,  12.7psi]  Pneumometer [109cnt,  12.8psi]
(Aug 26 2025 09:45:34,     970 sec) Descent()            Pressure: 127.9
(Aug 26 2025 10:29:24,    3600 sec) Descent()            Pressure: 485.5
(Aug 26 2025 11:29:24,    7200 sec) Descent()            Pressure: 770.2
(Aug 26 2025 12:29:24,   10800 sec) Descent()            Pressure: 915.2
(Aug 26 2025 13:29:24,   14400 sec) Descent()            Pressure: 960.0
(Aug 26 2025 13:29:24,   14400 sec) ParkInit()           Charge consumption model: OCV:15.5V Wake-Cycles:12956 Standby:110.4days Wake:13.7kC Sensors:1.1kC
(Aug 26 2025 15:29:32,   21608 sec) Park()               ParkPOutOfBand[-3, 984.4 dbars]: retract piston.
(Aug 26 2025 15:29:32,   21608 sec) PistonMoveAbsWTO()    048->047 047 [6sec, 15.0Volts, 0.128Amps, CPT:947sec]
(Aug 28 2025 05:29:32,  158408 sec) Park()               ParkPOutOfBand[3, 1014.2 dbars]: extend piston.
(Aug 28 2025 05:29:32,  158408 sec) PistonMoveAbsWTO()    047->048 048 [3sec, 14.5Volts, 0.487Amps, CPT:950sec]
(Aug 29 2025 05:29:32,  244808 sec) Park()               ParkPOutOfBand[3, 1016.3 dbars]: extend piston.
(Aug 29 2025 05:29:32,  244808 sec) PistonMoveAbsWTO()    048->049 049 [6sec, 14.5Volts, 0.504Amps, CPT:956sec]
(Aug 29 2025 09:29:32,  259208 sec) Park()               ParkPOutOfBand[-3, 978.0 dbars]: retract piston.
(Aug 29 2025 09:29:32,  259208 sec) PistonMoveAbsWTO()    049->048 048 [2sec, 14.9Volts, 0.126Amps, CPT:958sec]
(Aug 29 2025 12:29:32,  270008 sec) Park()               ParkPOutOfBand[-3, 988.0 dbars]: retract piston.
(Aug 29 2025 12:29:32,  270008 sec) PistonMoveAbsWTO()    048->047 047 [6sec, 15.0Volts, 0.135Amps, CPT:964sec]
(Aug 29 2025 15:29:32,  280808 sec) Park()               ParkPOutOfBand[3, 1017.0 dbars]: extend piston.
(Aug 29 2025 15:29:32,  280808 sec) PistonMoveAbsWTO()    047->048 048 [4sec, 14.6Volts, 0.462Amps, CPT:968sec]
(Aug 30 2025 23:29:32,  396008 sec) Park()               ParkPOutOfBand[3, 1010.3 dbars]: extend piston.
(Aug 30 2025 23:29:32,  396008 sec) PistonMoveAbsWTO()    048->049 049 [6sec, 14.5Volts, 0.482Amps, CPT:974sec]
(Aug 31 2025 02:29:32,  406808 sec) Park()               ParkPOutOfBand[-3, 988.5 dbars]: retract piston.
(Aug 31 2025 02:29:32,  406808 sec) PistonMoveAbsWTO()    049->048 048 [1sec, 15.0Volts, 0.129Amps, CPT:975sec]
(Aug 31 2025 10:29:32,  435608 sec) Park()               ParkPOutOfBand[-3, 982.8 dbars]: retract piston.
(Aug 31 2025 10:29:32,  435608 sec) PistonMoveAbsWTO()    049->048 048 [1sec, 15.0Volts, 0.126Amps, CPT:976sec]
(Sep 01 2025 15:29:32,  540008 sec) Park()               ParkPOutOfBand[-3, 983.7 dbars]: retract piston.
(Sep 01 2025 15:29:32,  540008 sec) PistonMoveAbsWTO()    048->047 047 [6sec, 14.9Volts, 0.123Amps, CPT:982sec]
(Sep 01 2025 18:29:32,  550808 sec) Park()               ParkPOutOfBand[3, 1024.8 dbars]: extend piston.
(Sep 01 2025 18:29:32,  550808 sec) PistonMoveAbsWTO()    047->048 048 [3sec, 14.6Volts, 0.475Amps, CPT:985sec]
(Sep 01 2025 21:29:32,  561608 sec) Park()               ParkPOutOfBand[3, 1014.1 dbars]: extend piston.
(Sep 01 2025 21:29:32,  561608 sec) PistonMoveAbsWTO()    048->049 049 [6sec, 14.6Volts, 0.483Amps, CPT:991sec]
(Sep 02 2025 01:29:32,  576008 sec) Park()               ParkPOutOfBand[-3, 986.5 dbars]: retract piston.
(Sep 02 2025 01:29:32,  576008 sec) PistonMoveAbsWTO()    049->048 048 [2sec, 15.0Volts, 0.128Amps, CPT:993sec]
(Sep 03 2025 16:29:32,  716408 sec) Park()               ParkPOutOfBand[-3, 984.4 dbars]: retract piston.
(Sep 03 2025 16:29:32,  716408 sec) PistonMoveAbsWTO()    049->048 048 [1sec, 14.9Volts, 0.126Amps, CPT:994sec]
(Sep 05 2025 05:29:46,  849622 sec) CtdPower()           [  998.76,  4.5334, 34.5179]
(Sep 05 2025 05:29:46,  849622 sec) CtdPower()           CTD Power consumption [216VCnt 3ACnt]: 15.214Volts * 0.011Amps = 0.17Watts.
(Sep 05 2025 05:30:01,  849637 sec) ParkTerminate()      Piston Position:48 Vacuum:195 HumidityAd12:1056(6.9%) Vq:215 Aq:9 Vsbe:216 Asbe:3 Vflbb:213 Aflbb:8 Vopt:211 Aopt:12 Vocr:213 Aocr:7 MuxTemp:4.589C MuxHumidity:4.8%
(Sep 05 2025 05:30:31,  849667 sec) ParkTerminate()      PTS/O2,T2,TPhase,RawTemp: 998.8dbars 4.5303C 34.5182PSU / 94.9uM 4.521C 49.840 6.268 762.731
(Sep 05 2025 05:30:31,  849667 sec) ParkTerminate()      FLBB FSig, BbSig, TSig / Ocr: 54, 106, 569 /  nan nan nan nan
(Sep 05 2025 05:30:32,  849668 sec) GoDeepInit()         Charge consumption model: OCV:15.3V Wake-Cycles:13188 Standby:120.1days Wake:14.0kC Sensors:1.1kC
(Sep 05 2025 05:30:32,  849668 sec) GoDeepInit()         Moving piston.
(Sep 05 2025 05:30:32,  849668 sec) PistonMoveAbsWTO()    048->013 047 046 045 044 043 042 041 040 039 038 037 036 035 034 033 032 031 030 029 028 027 026 025 024 023 022 021 020 019 018 017 016 015 014 013 [185sec, 14.8Volts, 0.096Amps, CPT:1179sec]
(Sep 05 2025 09:29:24,  864000 sec) ProfileInit()        Charge consumption model: OCV:15.4V Wake-Cycles:13236 Standby:120.2days Wake:14.0kC Sensors:1.1kC
(Sep 05 2025 09:29:24,  864000 sec) ProfileInit()        PrfId:004  Pressure:1852.6dbar  pTable[2]:1800dbar
(Sep 05 2025 09:29:26,  864002 sec) ProfileInit()        Muxer PPIs K{1,2} quiescent: 15.21V, -0.2mA, -3.0mW
(Sep 05 2025 09:29:39,  864015 sec) ProfileInit()        ISUS powered up.
(Sep 05 2025 09:29:45,  864021 sec) ProfileInit()        Muxer PPIs K{1,2} w/ ISUS awake: 15.12V, 19.7mA, 297.8mW
(Sep 05 2025 09:29:52,  864028 sec) MscErrorLog_()       No error records to log.
(Sep 05 2025 09:29:59,  864035 sec) ProfileInit()        DURA powered up.
(Sep 05 2025 09:30:03,  864039 sec) ProfileInit()        Muxer PPIs K{1,2} w/ DURA awake: 15.12V, 20.4mA, 308.4mW
(Sep 05 2025 09:30:09,  864045 sec) MscErrorLog_()       No error records to log.
(Sep 05 2025 09:30:14,  864050 sec) PistonMoveAbsWTO()    014->036 015 016 017 018 [30sec, 14.2Volts, 0.662Amps, CPT:1209sec]
(Sep 05 2025 09:30:55,  864091 sec) PistonMoveAbsWTO()    018->036 019 020 021 022 023 [30sec, 14.0Volts, 0.648Amps, CPT:1239sec]
(Sep 05 2025 09:31:36,  864132 sec) PistonMoveAbsWTO()    023->036 024 025 026 027 [30sec, 13.9Volts, 0.659Amps, CPT:1269sec]
(Sep 05 2025 09:32:17,  864173 sec) PistonMoveAbsWTO()    027->036 028 029 030 031 032 [30sec, 13.9Volts, 0.647Amps, CPT:1299sec]
(Sep 05 2025 09:32:58,  864214 sec) PistonMoveAbsWTO()    032->036 033 034 035 036 [26sec, 13.8Volts, 0.648Amps, CPT:1325sec]
(Sep 05 2025 09:40:41,  864677 sec) Profile()            Sample 0 initiated at 1801.2dbars for bin 2 [1800dbars].  PTS/O2,T2,TPhase,RPhase,RawTemp/NO3/pH/FSig,BbSig,TSig/Ocr: 1798.9dbars 2.4265C 34.5982PSU / 117.0uM 2.418C 48.826 6.328 823.052 / 40.8uM / -1.038405V /   53  100  572 / nan nan nan nan
(Sep 05 2025 09:55:43,  865579 sec) Profile()            Sample 1 initiated at 1701.6dbars for bin 3 [1700dbars].  PTS/O2,T2,TPhase,RPhase,RawTemp/NO3/pH/FSig,BbSig,TSig/Ocr: 1699.3dbars 2.5980C 34.5903PSU / 113.4uM 2.587C 49.049 6.366 818.254 / 41.0uM / -1.038547V /   53   99  572 / nan nan nan nan
(Sep 05 2025 10:12:13,  866569 sec) Profile()            Sample 2 initiated at 1601.9dbars for bin 4 [1600dbars].  PTS/O2,T2,TPhase,RPhase,RawTemp/NO3/pH/FSig,BbSig,TSig/Ocr: 1600.0dbars 2.6785C 34.5864PSU / 112.2uM 2.667C 49.111 6.374 815.975 / 41.1uM / -1.038483V /   54  101  572 / nan nan nan nan
(Sep 05 2025 10:22:32,  867188 sec) AscentControlAgent() Bouyancy nudge to 46 (v=0.073dbar/sec).
(Sep 05 2025 10:22:32,  867188 sec) PistonMoveAbsWTO()    036->046 037 038 039 040 [30sec, 14.4Volts, 0.564Amps, CPT:1355sec]
(Sep 05 2025 10:23:13,  867229 sec) PistonMoveAbsWTO()    040->046 041 042 043 044 045 [30sec, 14.2Volts, 0.564Amps, CPT:1385sec]
(Sep 05 2025 10:23:54,  867270 sec) PistonMoveAbsWTO()    045->046 046 [3sec, 14.2Volts, 0.570Amps, CPT:1388sec]
(Sep 05 2025 10:31:48,  867744 sec) Profile()            Sample 3 initiated at 1501.4dbars for bin 5 [1500dbars].  PTS/O2,T2,TPhase,RPhase,RawTemp/NO3/pH/FSig,BbSig,TSig/Ocr: 1499.2dbars 2.9357C 34.5718PSU / 108.3uM 2.924C 49.326 6.378 808.691 / 41.3uM / -1.038623V /   53  100  571 / nan nan nan nan
(Sep 05 2025 10:47:13,  868669 sec) Profile()            Sample 4 initiated at 1401.1dbars for bin 6 [1400dbars].  PTS/O2,T2,TPhase,RPhase,RawTemp/NO3/pH/FSig,BbSig,TSig/Ocr: 1398.9dbars 3.0842C 34.5652PSU / 105.9uM 3.071C 49.462 6.381 804.481 / 41.3uM / -1.038509V /   53  100  571 / nan nan nan nan
(Sep 05 2025 10:58:28,  869344 sec) AscentControlAgent() Bouyancy nudge to 56 (v=0.076dbar/sec).
(Sep 05 2025 10:58:28,  869344 sec) PistonMoveAbsWTO()    046->056 047 048 049 050 [30sec, 14.5Volts, 0.551Amps, CPT:1418sec]
(Sep 05 2025 10:59:09,  869385 sec) PistonMoveAbsWTO()    050->056 051 052 053 054 055 [30sec, 14.2Volts, 0.521Amps, CPT:1448sec]
(Sep 05 2025 10:59:50,  869426 sec) PistonMoveAbsWTO()    055->056 056 [2sec, 14.3Volts, 0.553Amps, CPT:1450sec]
(Sep 05 2025 11:00:36,  869472 sec) PistonMoveAbsWTO()    056->056 [0sec, 0.0Volts, 0.000Amps, CPT:1450sec]
(Sep 05 2025 11:02:26,  869582 sec) PistonMoveAbsWTO()    056->056 [0sec, 0.0Volts, 0.000Amps, CPT:1450sec]
(Sep 05 2025 11:02:37,  869593 sec) PistonMoveAbsWTO()    056->056 [0sec, 0.0Volts, 0.000Amps, CPT:1450sec]
(Sep 05 2025 11:02:59,  869615 sec) PistonMoveAbsWTO()    056->056 [0sec, 0.0Volts, 0.000Amps, CPT:1450sec]
(Sep 05 2025 11:03:21,  869637 sec) PistonMoveAbsWTO()    056->056 [0sec, 0.0Volts, 0.000Amps, CPT:1450sec]
(Sep 05 2025 11:03:33,  869649 sec) PistonMoveAbsWTO()    055->056 056 [1sec, 14.5Volts, 0.580Amps, CPT:1451sec]
(Sep 05 2025 11:06:05,  869801 sec) Profile()            Sample 5 initiated at 1301.5dbars for bin 7 [1300dbars].  PTS/O2,T2,TPhase,RPhase,RawTemp/NO3/pH/FSig,BbSig,TSig/Ocr: 1299.7dbars 3.3977C 34.5528PSU / 102.4uM 3.384C 49.638 6.362 795.544 / 41.4uM / -1.038484V /   53  101  571 / nan nan nan nan
(Sep 05 2025 11:26:17,  871013 sec) Profile()            Sample 6 initiated at 1201.3dbars for bin 8 [1200dbars].  PTS/O2,T2,TPhase,RPhase,RawTemp/NO3/pH/FSig,BbSig,TSig/Ocr: 1199.6dbars 3.6989C 34.5443PSU / 98.5uM 3.687C 49.855 6.382 786.845 / 41.5uM / -1.038520V /   54  100  570 / nan nan nan nan
(Sep 05 2025 11:34:24,  871500 sec) AscentControlAgent() Bouyancy nudge to 66 (v=0.073dbar/sec).
(Sep 05 2025 11:34:24,  871500 sec) PistonMoveAbsWTO()    056->066 057 058 059 060 061 [30sec, 14.5Volts, 0.498Amps, CPT:1481sec]
(Sep 05 2025 11:35:05,  871541 sec) PistonMoveAbsWTO()    061->066 062 063 064 065 [30sec, 14.3Volts, 0.472Amps, CPT:1511sec]
(Sep 05 2025 11:35:46,  871582 sec) PistonMoveAbsWTO()    065->066 066 [1sec, 14.3Volts, 0.481Amps, CPT:1512sec]
(Sep 05 2025 11:45:17,  872153 sec) Profile()            Sample 7 initiated at 1101.8dbars for bin 9 [1100dbars].  PTS/O2,T2,TPhase,RPhase,RawTemp/NO3/pH/FSig,BbSig,TSig/Ocr: 1099.5dbars 4.1760C 34.5260PSU / 95.4uM 4.161C 49.940 6.390 773.178 / 41.3uM / -1.038473V /   54  100  570 / nan nan nan nan
(Sep 05 2025 11:59:57,  873033 sec) Profile()            Sample 8 initiated at 1001.3dbars for bin 10 [1000dbars].  PTS/O2,T2,TPhase,RPhase,RawTemp/NO3/pH/FSig,BbSig,TSig/Ocr: 998.8dbars 4.5477C 34.5154PSU / 95.0uM 4.539C 49.824 6.398 762.198 / 41.0uM / -1.038089V /   53  102  569 / nan nan nan nan
(Sep 05 2025 12:02:46,  873202 sec) Sbe41cpStartCP()     Continuous profile started.
(Sep 05 2025 12:07:19,  873475 sec) Profile()            Sample 9 initiated at 951.1dbars for bin 11 [950dbars].  PTS/O2,T2,TPhase,RPhase,RawTemp/NO3/pH/FSig,BbSig,TSig/Ocr: 951.0dbars 4.7816C 34.5127PSU / 95.5uM 4.766C 49.680 6.403 755.573 / 40.8uM / -1.037891V /   53  101  569 / nan nan nan nan
(Sep 05 2025 12:16:27,  874023 sec) Profile()            Sample 10 initiated at 901.8dbars for bin 12 [900dbars].  PTS/O2,T2,TPhase,RPhase,RawTemp/NO3/pH/FSig,BbSig,TSig/Ocr: 901.7dbars 4.9580C 34.5042PSU / 94.7uM 4.942C 49.678 6.414 750.450 / 40.7uM / -1.037959V /   53  102  568 / nan nan nan nan
(Sep 05 2025 12:21:36,  874332 sec) AscentControlAgent() Bouyancy nudge to 76 (v=0.074dbar/sec).
(Sep 05 2025 12:21:36,  874332 sec) PistonMoveAbsWTO()    066->076 067 068 069 070 071 [30sec, 14.4Volts, 0.416Amps, CPT:1542sec]
(Sep 05 2025 12:22:17,  874373 sec) PistonMoveAbsWTO()    071->076 072 073 074 075 076 [30sec, 14.3Volts, 0.435Amps, CPT:1572sec]
(Sep 05 2025 12:26:36,  874632 sec) Profile()            Sample 11 initiated at 851.2dbars for bin 13 [850dbars].  PTS/O2,T2,TPhase,RPhase,RawTemp/NO3/pH/FSig,BbSig,TSig/Ocr: 851.2dbars 5.2725C 34.4884PSU / 92.6uM 5.258C 49.747 6.417 741.192 / 40.4uM / -1.038034V /   54  105  568 / nan nan nan nan
(Sep 05 2025 12:35:45,  875181 sec) Profile()            Sample 12 initiated at 801.7dbars for bin 14 [800dbars].  PTS/O2,T2,TPhase,RPhase,RawTemp/NO3/pH/FSig,BbSig,TSig/Ocr: 801.6dbars 5.5551C 34.4667PSU / 89.6uM 5.538C 49.925 6.443 732.949 / 40.2uM / -1.038258V /   52  108  567 / nan nan nan nan
(Sep 05 2025 12:45:07,  875743 sec) Profile()            Sample 13 initiated at 751.8dbars for bin 15 [750dbars].  PTS/O2,T2,TPhase,RPhase,RawTemp/NO3/pH/FSig,BbSig,TSig/Ocr: 751.7dbars 5.9077C 34.4479PSU / 87.3uM 5.893C 50.008 6.467 722.468 / 39.7uM / -1.038306V /   54  103  567 / nan nan nan nan
(Sep 05 2025 12:54:11,  876287 sec) Profile()            Sample 14 initiated at 701.3dbars for bin 16 [700dbars].  PTS/O2,T2,TPhase,RPhase,RawTemp/NO3/pH/FSig,BbSig,TSig/Ocr: 701.2dbars 6.1544C 34.4348PSU / 86.2uM 6.143C 50.017 6.468 715.059 / 39.3uM / -1.038380V /   54  106  567 / nan nan nan nan
(Sep 05 2025 13:03:56,  876872 sec) Profile()            Sample 15 initiated at 651.8dbars for bin 17 [650dbars].  PTS/O2,T2,TPhase,RPhase,RawTemp/NO3/pH/FSig,BbSig,TSig/Ocr: 651.7dbars 6.3696C 34.4189PSU / 85.5uM 6.359C 50.001 6.491 708.624 / 38.9uM / -1.038245V /   52  104  566 / nan nan nan nan
(Sep 05 2025 13:07:21,  877077 sec) AscentControlAgent() Bouyancy nudge to 86 (v=0.062dbar/sec).
(Sep 05 2025 13:07:21,  877077 sec) PistonMoveAbsWTO()    076->086 077 078 079 080 081 [30sec, 14.5Volts, 0.361Amps, CPT:1602sec]
(Sep 05 2025 13:08:02,  877118 sec) PistonMoveAbsWTO()    081->086 082 083 084 085 086 [29sec, 14.4Volts, 0.354Amps, CPT:1631sec]
(Sep 05 2025 13:09:26,  877202 sec) PistonMoveAbsWTO()    086->086 [1sec, 0.0Volts, 0.000Amps, CPT:1632sec]
(Sep 05 2025 13:10:00,  877236 sec) PistonMoveAbsWTO()    086->086 [1sec, 0.0Volts, 0.000Amps, CPT:1633sec]
(Sep 05 2025 13:10:34,  877270 sec) PistonMoveAbsWTO()    086->086 [1sec, 0.0Volts, 0.000Amps, CPT:1634sec]
(Sep 05 2025 13:10:57,  877293 sec) PistonMoveAbsWTO()    086->086 [1sec, 0.0Volts, 0.000Amps, CPT:1635sec]
(Sep 05 2025 13:11:09,  877305 sec) PistonMoveAbsWTO()    085->086 086 [1sec, 14.6Volts, 0.355Amps, CPT:1636sec]
(Sep 05 2025 13:15:11,  877547 sec) Profile()            Sample 16 initiated at 601.6dbars for bin 18 [600dbars].  PTS/O2,T2,TPhase,RPhase,RawTemp/NO3/pH/FSig,BbSig,TSig/Ocr: 601.5dbars 6.9934C 34.4043PSU / 85.5uM 6.979C 49.746 6.473 690.099 / 37.8uM / -1.038101V /   53  105  566 / nan nan nan nan
(Sep 05 2025 13:17:36,  877692 sec) AscentControlAgent() Bouyancy nudge to 96 (v=0.080dbar/sec).
(Sep 05 2025 13:17:36,  877692 sec) PistonMoveAbsWTO()    086->096 087 088 089 090 091 [30sec, 14.5Volts, 0.336Amps, CPT:1666sec]
(Sep 05 2025 13:18:17,  877733 sec) PistonMoveAbsWTO()    091->096 092 093 094 095 096 [29sec, 14.4Volts, 0.335Amps, CPT:1695sec]
(Sep 05 2025 13:24:15,  878091 sec) Profile()            Sample 17 initiated at 551.0dbars for bin 19 [550dbars].  PTS/O2,T2,TPhase,RPhase,RawTemp/NO3/pH/FSig,BbSig,TSig/Ocr: 550.9dbars 7.6612C 34.3957PSU / 82.8uM 7.667C 49.743 6.546 669.393 / 36.6uM / -1.037980V /   53  108  565 / nan nan nan nan
(Sep 05 2025 13:32:19,  878575 sec) Profile()            Sample 18 initiated at 501.9dbars for bin 20 [500dbars].  PTS/O2,T2,TPhase,RPhase,RawTemp/NO3/pH/FSig,BbSig,TSig/Ocr: 501.8dbars 8.5254C 34.4104PSU / 82.4uM 8.524C 49.438 6.608 643.344 / 34.9uM / -1.037465V /   53  105  564 / nan nan nan nan
(Sep 05 2025 13:38:03,  878919 sec) AscentControlAgent() Bouyancy nudge to 106 (v=0.078dbar/sec).
(Sep 05 2025 13:38:03,  878919 sec) PistonMoveAbsWTO()    096->106 097 098 099 098 099 100 101 [30sec, 14.6Volts, 0.299Amps, CPT:1725sec]
(Sep 05 2025 13:38:44,  878960 sec) PistonMoveAbsWTO()    101->106 102 103 104 105 106 [29sec, 14.5Volts, 0.297Amps, CPT:1754sec]
(Sep 05 2025 13:42:10,  879166 sec) Profile()            Sample 19 initiated at 451.1dbars for bin 21 [450dbars].  PTS/O2,T2,TPhase,RPhase,RawTemp/NO3/pH/FSig,BbSig,TSig/Ocr: 451.0dbars 9.5007C 34.3066PSU / 112.6uM 9.501C 45.989 6.658 613.331 / 29.5uM / -1.033514V /   52  108  562 / 0x7ff36b5b 0x7ffda3c9 0x80011489 0x8003fbb6
(Sep 05 2025 13:51:13,  879709 sec) Profile()            Sample 20 initiated at 401.3dbars for bin 22 [400dbars].  PTS/O2,T2,TPhase,RPhase,RawTemp/NO3/pH/FSig,BbSig,TSig/Ocr: 401.2dbars 10.6447C 34.3055PSU / 135.8uM 10.641C 43.422 6.716 577.962 / 25.5uM / -1.030026V /   52  110  561 / 0x7ff36bc0 0x7ffd78ad 0x80010ee4 0x8003e86d
(Sep 05 2025 13:53:16,  879832 sec) AscentControlAgent() Bouyancy nudge to 116 (v=0.074dbar/sec).
(Sep 05 2025 13:53:16,  879832 sec) PistonMoveAbsWTO()    106->116 107 108 109 110 111 [30sec, 14.6Volts, 0.279Amps, CPT:1784sec]
(Sep 05 2025 13:53:57,  879873 sec) PistonMoveAbsWTO()    111->116 112 113 114 115 116 [27sec, 14.5Volts, 0.286Amps, CPT:1811sec]
(Sep 05 2025 13:55:20,  879956 sec) Profile()            Sample 21 initiated at 381.7dbars for bin 23 [380dbars].  PTS/O2,T2,TPhase,RPhase,RawTemp/NO3/pH/FSig,BbSig,TSig/Ocr: 381.6dbars 11.0390C 34.3121PSU / 147.2uM 11.044C 42.317 6.737 565.352 / 24.2uM / -1.029136V /   51  103  560 / 0x7ff36324 0x7ffd7ac0 0x80011024 0x8003d9f6
(Sep 05 2025 13:58:29,  880145 sec) Profile()            Sample 22 initiated at 361.5dbars for bin 24 [360dbars].  PTS/O2,T2,TPhase,RPhase,RawTemp/NO3/pH/FSig,BbSig,TSig/Ocr: 361.4dbars 12.3115C 34.3807PSU / 146.1uM 12.283C 41.801 6.768 526.282 / 22.4uM / -1.027879V /   52  104  559 / 0x7ff36280 0x7ffd7576 0x80010d36 0x8003d0a4
(Sep 05 2025 14:00:22,  880258 sec) Profile()            Sample 23 initiated at 351.6dbars for bin 25 [350dbars].  PTS/O2,T2,TPhase,RPhase,RawTemp/NO3/pH/FSig,BbSig,TSig/Ocr: 351.5dbars 13.0141C 34.4135PSU / 150.5uM 13.006C 41.103 6.798 503.306 / 20.0uM / -1.025653V /   51  104  559 / 0x7ff36276 0x7ffd69db 0x800102a4 0x8003d15b
(Sep 05 2025 14:02:36,  880392 sec) Profile()            Sample 24 initiated at 341.9dbars for bin 26 [340dbars].  PTS/O2,T2,TPhase,RPhase,RawTemp/NO3/pH/FSig,BbSig,TSig/Ocr: 341.9dbars 13.7552C 34.4484PSU / 159.6uM 13.749C 40.051 6.837 479.559 / 18.4uM / -1.024495V /   51  104  558 / 0x7ff35a36 0x7ffd686d 0x800109b6 0x8003c3e4
(Sep 05 2025 14:03:33,  880449 sec) AscentControlAgent() Bouyancy nudge to 126 (v=0.071dbar/sec).
(Sep 05 2025 14:03:33,  880449 sec) PistonMoveAbsWTO()    116->126 117 118 119 120 121 [30sec, 14.6Volts, 0.279Amps, CPT:1841sec]
(Sep 05 2025 14:04:14,  880490 sec) PistonMoveAbsWTO()    121->126 122 123 124 125 126 [27sec, 14.5Volts, 0.271Amps, CPT:1868sec]
(Sep 05 2025 14:05:37,  880573 sec) Profile()            Sample 25 initiated at 330.1dbars for bin 27 [330dbars].  PTS/O2,T2,TPhase,RPhase,RawTemp/NO3/pH/FSig,BbSig,TSig/Ocr: 330.0dbars 14.4532C 34.4841PSU / 167.7uM 14.460C 39.121 6.867 456.674 / 16.4uM / -1.022618V /   50  105  557 / 0x7ff36fc9 0x7ffd6380 0x8000f752 0x8003c189
(Sep 05 2025 14:07:18,  880674 sec) Profile()            Sample 26 initiated at 321.1dbars for bin 28 [320dbars].  PTS/O2,T2,TPhase,RPhase,RawTemp/NO3/pH/FSig,BbSig,TSig/Ocr: 321.0dbars 14.8033C 34.5053PSU / 172.1uM 14.808C 38.642 6.883 445.453 / 15.7uM / -1.022108V /   50  103  556 / 0x7ff36e9b 0x7ffd45db 0x8000fa64 0x8003b42d
(Sep 05 2025 14:09:10,  880786 sec) Profile()            Sample 27 initiated at 311.3dbars for bin 29 [310dbars].  PTS/O2,T2,TPhase,RPhase,RawTemp/NO3/pH/FSig,BbSig,TSig/Ocr: 311.2dbars 15.1898C 34.5293PSU / 173.5uM 15.194C 38.362 6.903 432.960 / 15.0uM / -1.020931V /   51  104  555 / 0x7ff36ef6 0x7ffd3e9b 0x8000e980 0x8003b664
(Sep 05 2025 14:11:03,  880899 sec) Profile()            Sample 28 initiated at 301.6dbars for bin 30 [300dbars].  PTS/O2,T2,TPhase,RPhase,RawTemp/NO3/pH/FSig,BbSig,TSig/Ocr: 301.6dbars 15.7379C 34.5691PSU / 180.6uM 15.741C 37.619 6.910 415.233 / 13.7uM / -1.020081V /   52  104  554 / 0x7ff377db 0x7ffd2b89 0x8000e7b6 0x8003b0f6
(Sep 05 2025 14:13:06,  881022 sec) Profile()            Sample 29 initiated at 291.2dbars for bin 31 [290dbars].  PTS/O2,T2,TPhase,RPhase,RawTemp/NO3/pH/FSig,BbSig,TSig/Ocr: 291.1dbars 16.0306C 34.5940PSU / 185.9uM 16.035C 37.132 6.917 405.689 / 12.7uM / -1.018734V /   51  108  554 / 0x7ff37ec9 0x7ffd0dd2 0x8000f6f6 0x8003a476
(Sep 05 2025 14:15:10,  881146 sec) Profile()            Sample 30 initiated at 281.3dbars for bin 32 [280dbars].  PTS/O2,T2,TPhase,RPhase,RawTemp/NO3/pH/FSig,BbSig,TSig/Ocr: 281.2dbars 16.5180C 34.6470PSU / 208.0uM 16.521C 35.554 6.927 389.851 / 9.7uM / -1.015138V /   50  102  553 / 0x7ff36ff6 0x7ffd1dad 0x8000e080 0x80039b92
(Sep 05 2025 14:18:08,  881324 sec) Profile()            Sample 31 initiated at 272.0dbars for bin 33 [270dbars].  PTS/O2,T2,TPhase,RPhase,RawTemp/NO3/pH/FSig,BbSig,TSig/Ocr: 272.0dbars 17.1249C 34.6981PSU / 220.3uM 17.130C 34.580 6.952 369.934 / 8.7uM / -1.014543V /   50  105  552 / 0x7ff37309 0x7ffd19c0 0x8000ddc9 0x80038f64
(Sep 05 2025 14:19:15,  881391 sec) AscentControlAgent() Bouyancy nudge to 136 (v=0.050dbar/sec).
(Sep 05 2025 14:19:16,  881392 sec) PistonMoveAbsWTO()    126->136 127 128 129 130 131 [30sec, 14.7Volts, 0.265Amps, CPT:1898sec]
(Sep 05 2025 14:19:57,  881433 sec) PistonMoveAbsWTO()    131->136 132 133 134 135 136 [26sec, 14.6Volts, 0.254Amps, CPT:1924sec]
(Sep 05 2025 14:20:47,  881483 sec) Spi1CsPulse()        Chip-select pulse failed for SPI1 device 3.
(Sep 05 2025 14:21:19,  881515 sec) Profile()            Sample 32 initiated at 261.5dbars for bin 34 [260dbars].  PTS/O2,T2,TPhase,RPhase,RawTemp/NO3/pH/FSig,BbSig,TSig/Ocr: 261.4dbars 17.5574C 34.7319PSU / 220.1uM 17.561C 34.395 6.960 355.845 / 8.7uM / -1.014214V /   50  107  551 / 0x7ff38ded 0x7ffd05e4 0x8000d489 0x80038692
(Sep 05 2025 14:22:39,  881595 sec) Spi1CsPulse()        Chip-select pulse failed for SPI1 device 3.
(Sep 05 2025 14:23:11,  881627 sec) Profile()            Sample 33 initiated at 251.3dbars for bin 35 [250dbars].  PTS/O2,T2,TPhase,RPhase,RawTemp/NO3/pH/FSig,BbSig,TSig/Ocr: 251.2dbars 18.2945C 34.7925PSU / 216.2uM 18.296C 34.270 6.984 331.717 / 8.0uM / -1.014094V /   50  103  550 / 0x7ff384ed 0x7ffcfb49 0x8000c12d 0x8003801b
(Sep 05 2025 14:25:15,  881751 sec) Profile()            Sample 34 initiated at 241.7dbars for bin 36 [240dbars].  PTS/O2,T2,TPhase,RPhase,RawTemp/NO3/pH/FSig,BbSig,TSig/Ocr: 241.6dbars 19.0914C 34.8355PSU / 210.2uM 19.109C 34.240 7.002 304.999 / 7.8uM / -1.013785V /   51  104  549 / 0x7ff377c0 0x7ffd0b89 0x8000b364 0x80037a2d
(Sep 05 2025 14:28:02,  881918 sec) Profile()            Sample 35 initiated at 232.0dbars for bin 37 [230dbars].  PTS/O2,T2,TPhase,RPhase,RawTemp/NO3/pH/FSig,BbSig,TSig/Ocr: 232.0dbars 19.6578C 34.8641PSU / 199.9uM 19.646C 34.591 7.035 287.303 / 8.1uM / -1.015076V /   51  105  548 / 0x7ff38340 0x7ffcef5b 0x8000b912 0x80036c00
(Sep 05 2025 14:29:20,  881996 sec) AscentControlAgent() Bouyancy nudge to 146 (v=0.055dbar/sec).
(Sep 05 2025 14:29:21,  881997 sec) PistonMoveAbsWTO()    136->146 137 138 139 140 141 [30sec, 14.7Volts, 0.238Amps, CPT:1954sec]
(Sep 05 2025 14:30:02,  882038 sec) PistonMoveAbsWTO()    141->146 142 143 144 145 146 [25sec, 14.6Volts, 0.241Amps, CPT:1979sec]
(Sep 05 2025 14:31:34,  882130 sec) Profile()            Sample 36 initiated at 221.3dbars for bin 38 [220dbars].  PTS/O2,T2,TPhase,RPhase,RawTemp/NO3/pH/FSig,BbSig,TSig/Ocr: 221.2dbars 20.6752C 34.9271PSU / 196.6uM 20.667C 34.335 7.065 253.636 / 7.5uM / -1.013829V /   54  101  547 / 0x7ff39780 0x7ffcd764 0x8000ae09 0x80035ec0
(Sep 05 2025 14:34:10,  882286 sec) Profile()            Sample 37 initiated at 211.4dbars for bin 39 [210dbars].  PTS/O2,T2,TPhase,RPhase,RawTemp/NO3/pH/FSig,BbSig,TSig/Ocr: 211.4dbars 21.3652C 34.9804PSU / 197.7uM 21.355C 33.971 7.087 230.915 / 6.8uM / -1.012413V /   56  107  546 / 0x7ff39a00 0x7ffcbb24 0x8000ad49 0x80035624
(Sep 05 2025 14:34:22,  882298 sec) AscentControlAgent() Bouyancy nudge to 156 (v=0.059dbar/sec).
(Sep 05 2025 14:34:23,  882299 sec) PistonMoveAbsWTO()    146->156 147 148 149 150 151 [30sec, 14.7Volts, 0.239Amps, CPT:2009sec]
(Sep 05 2025 14:35:04,  882340 sec) PistonMoveAbsWTO()    151->156 152 153 154 155 156 [26sec, 14.6Volts, 0.232Amps, CPT:2035sec]
(Sep 05 2025 14:36:37,  882433 sec) Profile()            Sample 38 initiated at 201.9dbars for bin 40 [200dbars].  PTS/O2,T2,TPhase,RPhase,RawTemp/NO3/pH/FSig,BbSig,TSig/Ocr: 201.8dbars 22.7123C 35.0474PSU / 199.5uM 22.660C 33.305 7.114 187.868 / 5.8uM / -1.010841V /   59  108  545 / 0x7ff39b89 0x7ffcbe36 0x8000942d 0x800346f6
(Sep 05 2025 14:38:40,  882556 sec) Profile()            Sample 39 initiated at 191.6dbars for bin 41 [190dbars].  PTS/O2,T2,TPhase,RPhase,RawTemp/NO3/pH/FSig,BbSig,TSig/Ocr: 191.6dbars 23.0684C 35.0753PSU / 202.5uM 23.064C 32.957 7.144 174.547 / 5.5uM / -1.010109V /   61  115  544 / 0x7ff3abd2 0x7ffca812 0x8000a19b 0x80033c1b
(Sep 05 2025 14:41:27,  882723 sec) Profile()            Sample 40 initiated at 181.9dbars for bin 42 [180dbars].  PTS/O2,T2,TPhase,RPhase,RawTemp/NO3/pH/FSig,BbSig,TSig/Ocr: 181.9dbars 23.7085C 35.1060PSU / 205.6uM 23.694C 32.522 7.169 153.820 / 4.8uM / -1.009540V /   63  117  542 / 0x7ff3a2c9 0x7ffc9e36 0x8000909b 0x80032ba4
(Sep 05 2025 14:44:35,  882911 sec) AscentControlAgent() Bouyancy nudge to 166 (v=0.032dbar/sec).
(Sep 05 2025 14:44:36,  882912 sec) PistonMoveAbsWTO()    156->166 157 158 159 160 161 [30sec, 14.8Volts, 0.225Amps, CPT:2065sec]
(Sep 05 2025 14:45:17,  882953 sec) PistonMoveAbsWTO()    161->166 162 163 164 165 166 [25sec, 14.7Volts, 0.224Amps, CPT:2090sec]
(Sep 05 2025 14:46:38,  883034 sec) Profile()            Sample 41 initiated at 171.3dbars for bin 43 [170dbars].  PTS/O2,T2,TPhase,RPhase,RawTemp/NO3/pH/FSig,BbSig,TSig/Ocr: 171.2dbars 24.2554C 35.1077PSU / 207.7uM 24.244C 32.176 7.178 135.734 / 4.4uM / -1.009112V /   67  118  540 / 0x7ff3ae09 0x7ffc7d9b 0x80007e1b 0x80031bed
(Sep 05 2025 14:48:40,  883156 sec) Profile()            Sample 42 initiated at 161.8dbars for bin 44 [160dbars].  PTS/O2,T2,TPhase,RPhase,RawTemp/NO3/pH/FSig,BbSig,TSig/Ocr: 161.8dbars 24.6923C 35.0948PSU / 208.8uM 24.671C 31.940 7.187 121.699 / 4.3uM / -1.008252V /   67  118  540 / 0x7ff39af6 0x7ffc74e4 0x80008276 0x80031324
(Sep 05 2025 14:51:48,  883344 sec) Profile()            Sample 43 initiated at 151.9dbars for bin 45 [150dbars].  PTS/O2,T2,TPhase,RPhase,RawTemp/NO3/pH/FSig,BbSig,TSig/Ocr: 151.9dbars 25.3585C 35.0845PSU / 212.2uM 25.360C 31.483 7.209 99.149 / 4.2uM / -1.007632V /   77  120  539 / 0x7ff3b41b 0x7ffc6ced 0x80006e2d 0x800310c9
(Sep 05 2025 14:54:44,  883520 sec) AscentControlAgent() Bouyancy nudge to 176 (v=0.024dbar/sec).
(Sep 05 2025 14:54:45,  883521 sec) PistonMoveAbsWTO()    166->176 167 168 169 170 171 [30sec, 14.8Volts, 0.218Amps, CPT:2120sec]
(Sep 05 2025 14:55:26,  883562 sec) PistonMoveAbsWTO()    171->176 172 173 174 175 176 [23sec, 14.8Volts, 0.216Amps, CPT:2143sec]
(Sep 05 2025 14:58:24,  883740 sec) Profile()            Sample 44 initiated at 141.7dbars for bin 46 [140dbars].  PTS/O2,T2,TPhase,RPhase,RawTemp/NO3/pH/FSig,BbSig,TSig/Ocr: 141.6dbars 26.2307C 35.0321PSU / 216.2uM 26.208C 30.940 7.228 71.457 / 4.0uM / -1.006423V /   85  118  537 / 0x7ff3af40 0x7ffc4ad2 0x8000606d 0x8002f8b6
(Sep 05 2025 15:03:33,  884049 sec) Profile()            Sample 45 initiated at 131.9dbars for bin 47 [130dbars].  PTS/O2,T2,TPhase,RPhase,RawTemp/NO3/pH/FSig,BbSig,TSig/Ocr: 131.9dbars 26.8815C 34.9837PSU / 221.0uM 26.872C 30.438 7.257 49.834 / 4.0uM / -1.005693V /  107  113  536 / 0x7ff3d3ed 0x7ffc2992 0x80005c40 0x8002e91b
(Sep 05 2025 15:05:01,  884137 sec) AscentControlAgent() Bouyancy nudge to 186 (v=0.020dbar/sec).
(Sep 05 2025 15:05:01,  884137 sec) PistonMoveAbsWTO()    176->186 177 178 179 180 181 [30sec, 14.9Volts, 0.209Amps, CPT:2173sec]
(Sep 05 2025 15:05:42,  884178 sec) PistonMoveAbsWTO()    181->186 182 183 184 185 186 [24sec, 14.8Volts, 0.211Amps, CPT:2197sec]
(Sep 05 2025 15:08:31,  884347 sec) Profile()            Sample 46 initiated at 121.7dbars for bin 48 [120dbars].  PTS/O2,T2,TPhase,RPhase,RawTemp/NO3/pH/FSig,BbSig,TSig/Ocr: 121.6dbars 27.2475C 34.9518PSU / 223.5uM 27.240C 30.174 7.264 37.890 / 4.2uM / -1.004926V /  107  116  535 / 0x7ff3d1c9 0x7ffc3280 0x80005b40 0x8002e4db
(Sep 05 2025 15:12:01,  884557 sec) Profile()            Sample 47 initiated at 111.8dbars for bin 49 [110dbars].  PTS/O2,T2,TPhase,RPhase,RawTemp/NO3/pH/FSig,BbSig,TSig/Ocr: 111.8dbars 27.7510C 34.9012PSU / 226.4uM 27.739C 29.845 7.285 21.741 / 4.2uM / -1.004537V /  108  116  534 / 0x7ff3cd80 0x7ffc3d64 0x80003e24 0x8002d112
(Sep 05 2025 15:15:19,  884755 sec) AscentControlAgent() Bouyancy nudge to 191 (v=0.028dbar/sec).
(Sep 05 2025 15:15:19,  884755 sec) PistonMoveAbsWTO()    186->191 187 188 189 190 191 [27sec, 14.9Volts, 0.201Amps, CPT:2224sec]
(Sep 05 2025 15:17:48,  884904 sec) Profile()            Sample 48 initiated at 101.9dbars for bin 50 [100dbars].  PTS/O2,T2,TPhase,RPhase,RawTemp/NO3/pH/FSig,BbSig,TSig/Ocr: 101.8dbars 28.0848C 34.8544PSU / 229.0uM 28.076C 29.597 7.292 10.863 / 4.3uM / -1.004052V /   94  120  533 / 0x7ff3e040 0x7ffc281b 0x80004200 0x8002d680
(Sep 05 2025 15:19:28,  885004 sec) Profile()            Sample 49 initiated at 97.0dbars for bin 51 [95dbars].  PTS/O2,T2,TPhase,RPhase,RawTemp/NO3/pH/FSig,BbSig,TSig/Ocr: 96.9dbars 28.3116C 34.8172PSU / 229.7uM 28.298C 29.485 7.299 3.741 / 4.4uM / -1.003904V /   76  130  533 / 0x7ff3de09 0x7ffc25c0 0x80004ae4 0x8002ce76
(Sep 05 2025 15:21:41,  885137 sec) Profile()            Sample 50 initiated at 91.8dbars for bin 52 [90dbars].  PTS/O2,T2,TPhase,RPhase,RawTemp/NO3/pH/FSig,BbSig,TSig/Ocr: 91.7dbars 28.4154C 34.7962PSU / 230.4uM 28.403C 29.414 7.303 0.363 / 4.4uM / -1.003957V /   72  122  532 / 0x7ff3c280 0x7ffc245b 0x80004036 0x8002d29b
(Sep 05 2025 15:25:32,  885368 sec) AscentControlAgent() Bouyancy nudge to 196 (v=0.011dbar/sec).
(Sep 05 2025 15:25:32,  885368 sec) PistonMoveAbsWTO()    191->196 192 193 192 193 194 195 196 [26sec, 15.0Volts, 0.203Amps, CPT:2250sec]
(Sep 05 2025 15:26:09,  885405 sec) PistonMoveAbsWTO()    195->196 196 [1sec, 15.0Volts, 0.212Amps, CPT:2251sec]
(Sep 05 2025 15:28:45,  885561 sec) Profile()            Sample 51 initiated at 86.8dbars for bin 53 [85dbars].  PTS/O2,T2,TPhase,RPhase,RawTemp/NO3/pH/FSig,BbSig,TSig/Ocr: 86.8dbars 28.7862C 34.6823PSU / 232.6uM 28.773C 29.176 7.311 -11.525 / 4.6uM / -1.003497V /   70  118  531 / 0x7ff3c712 0x7ffc1d2d 0x800034a4 0x8002c792
(Sep 05 2025 15:30:35,  885671 sec) AscentControlAgent() Bouyancy nudge to 201 (v=0.014dbar/sec).
(Sep 05 2025 15:30:35,  885671 sec) PistonMoveAbsWTO()    196->201 197 198 199 200 201 [28sec, 15.0Volts, 0.199Amps, CPT:2279sec]
(Sep 05 2025 15:34:22,  885898 sec) Profile()            Sample 52 initiated at 81.9dbars for bin 54 [80dbars].  PTS/O2,T2,TPhase,RPhase,RawTemp/NO3/pH/FSig,BbSig,TSig/Ocr: 81.9dbars 29.1659C 34.5175PSU / 233.4uM 29.164C 28.999 7.329 -24.063 / 4.8uM / -1.003137V /   66  118  531 / 0x7ff3eadb 0x7ffbf1f6 0x80002db6 0x8002c100
(Sep 05 2025 15:35:39,  885975 sec) AscentControlAgent() Bouyancy nudge to 206 (v=0.012dbar/sec).
(Sep 05 2025 15:35:39,  885975 sec) PistonMoveAbsWTO()    201->206 202 203 204 205 206 [25sec, 15.0Volts, 0.195Amps, CPT:2304sec]
(Sep 05 2025 15:40:12,  886248 sec) Profile()            Sample 53 initiated at 76.9dbars for bin 55 [75dbars].  PTS/O2,T2,TPhase,RPhase,RawTemp/NO3/pH/FSig,BbSig,TSig/Ocr: 76.9dbars 29.3809C 34.4032PSU / 232.1uM 29.381C 28.980 7.334 -30.989 / 4.8uM / -1.002826V /   63  121  530 / 0x7ff3eb80 0x7ffbec76 0x8000349b 0x8002bf80
(Sep 05 2025 15:40:43,  886279 sec) AscentControlAgent() Bouyancy nudge to 211 (v=0.018dbar/sec).
(Sep 05 2025 15:40:43,  886279 sec) PistonMoveAbsWTO()    206->211 207 208 209 210 211 [27sec, 15.0Volts, 0.198Amps, CPT:2331sec]
(Sep 05 2025 15:43:27,  886443 sec) Profile()            Sample 54 initiated at 71.9dbars for bin 56 [70dbars].  PTS/O2,T2,TPhase,RPhase,RawTemp/NO3/pH/FSig,BbSig,TSig/Ocr: 71.9dbars 29.4450C 34.3523PSU / 231.3uM 29.444C 28.997 7.334 -33.011 / 4.9uM / -1.002643V /   63  116  530 / 0x7ff3d549 0x7ffc0f36 0x80002324 0x8002b3c9
(Sep 05 2025 15:45:43,  886579 sec) Profile()            Sample 55 initiated at 66.9dbars for bin 57 [65dbars].  PTS/O2,T2,TPhase,RPhase,RawTemp/NO3/pH/FSig,BbSig,TSig/Ocr: 66.9dbars 29.5568C 34.3037PSU / 229.8uM 29.558C 29.027 7.338 -36.639 / 5.0uM / -1.002539V /   60  116  530 / 0x7ff3e589 0x7ffc0224 0x8000325b 0x8002b7a4
(Sep 05 2025 15:45:44,  886580 sec) AscentControlAgent() Bouyancy nudge to 216 (v=0.036dbar/sec).
(Sep 05 2025 15:45:44,  886580 sec) PistonMoveAbsWTO()    211->216 212 213 214 215 216 [27sec, 14.9Volts, 0.187Amps, CPT:2358sec]
(Sep 05 2025 15:47:38,  886694 sec) Profile()            Sample 56 initiated at 61.9dbars for bin 58 [60dbars].  PTS/O2,T2,TPhase,RPhase,RawTemp/NO3/pH/FSig,BbSig,TSig/Ocr: 61.8dbars 29.6205C 34.2830PSU / 229.2uM 29.621C 29.031 7.338 -38.667 / 5.0uM / -1.002437V /   59  117  530 / 0x7ff3ddf6 0x7ffbf6f6 0x800032db 0x8002b480
(Sep 05 2025 15:49:04,  886780 sec) Profile()            Sample 57 initiated at 56.9dbars for bin 59 [55dbars].  PTS/O2,T2,TPhase,RPhase,RawTemp/NO3/pH/FSig,BbSig,TSig/Ocr: 56.8dbars 29.6479C 34.2666PSU / 229.1uM 29.650C 29.026 7.339 -39.580 / 5.1uM / -1.002374V /   59  117  529 / 0x7ff3d449 0x7ffc0000 0x80002e36 0x8002b240
(Sep 05 2025 15:50:30,  886866 sec) Profile()            Sample 58 initiated at 52.0dbars for bin 60 [50dbars].  PTS/O2,T2,TPhase,RPhase,RawTemp/NO3/pH/FSig,BbSig,TSig/Ocr: 51.9dbars 29.6962C 34.2426PSU / 229.1uM 29.698C 29.010 7.340 -41.116 / 4.9uM / -1.002273V /   60  116  529 / 0x7ff3f3f6 0x7ffbef2d 0x800033c9 0x8002a99b
(Sep 05 2025 15:52:07,  886963 sec) Profile()            Sample 59 initiated at 46.9dbars for bin 61 [45dbars].  PTS/O2,T2,TPhase,RPhase,RawTemp/NO3/pH/FSig,BbSig,TSig/Ocr: 46.9dbars 29.7099C 34.1491PSU / 227.1uM 29.715C 29.096 7.340 -41.660 / 5.0uM / -1.002194V /   58  114  529 / 0x7ff3d8db 0x7ffc02e4 0x80002e89 0x8002af89
(Sep 05 2025 15:53:53,  887069 sec) Profile()            Sample 60 initiated at 41.7dbars for bin 62 [40dbars].  PTS/O2,T2,TPhase,RPhase,RawTemp/NO3/pH/FSig,BbSig,TSig/Ocr: 41.7dbars 29.7069C 34.1456PSU / 225.7uM 29.711C 29.166 7.339 -41.506 / 5.0uM / -1.002069V /   57  113  529 / 0x7ff3df5b 0x7ffbf1f6 0x80002889 0x8002b1db
(Sep 05 2025 15:55:29,  887165 sec) Profile()            Sample 61 initiated at 36.9dbars for bin 63 [35dbars].  PTS/O2,T2,TPhase,RPhase,RawTemp/NO3/pH/FSig,BbSig,TSig/Ocr: 36.8dbars 29.7023C 34.1428PSU / 225.3uM 29.707C 29.183 7.338 -41.394 / 5.0uM / -1.002032V /   57  113  529 / 0x7ff3d25b 0x7ffc0952 0x80002eed 0x8002b66d
(Sep 05 2025 15:57:06,  887262 sec) Profile()            Sample 62 initiated at 31.8dbars for bin 64 [30dbars].  PTS/O2,T2,TPhase,RPhase,RawTemp/NO3/pH/FSig,BbSig,TSig/Ocr: 31.8dbars 29.7010C 34.1427PSU / 225.3uM 29.705C 29.186 7.337 -41.339 / 5.0uM / -1.001988V /   57  113  529 / 0x7ff3e376 0x7ffc0524 0x80002d80 0x8002a91b
(Sep 05 2025 15:58:52,  887368 sec) Profile()            Sample 63 initiated at 27.0dbars for bin 65 [25dbars].  PTS/O2,T2,TPhase,RPhase,RawTemp/NO3/pH/FSig,BbSig,TSig/Ocr: 27.0dbars 29.7031C 34.1384PSU / 225.2uM 29.708C 29.190 7.335 -41.417 / 5.0uM / -1.001975V /   57  112  529 / 0x7ff3d8ad 0x7ffbf0e4 0x800020e4 0x8002b5ad
(Sep 05 2025 16:00:58,  887494 sec) Profile()            Sample 64 initiated at 21.9dbars for bin 66 [20dbars].  PTS/O2,T2,TPhase,RPhase,RawTemp/NO3/pH/FSig,BbSig,TSig/Ocr: 21.8dbars 29.7035C 34.1381PSU / 225.1uM 29.708C 29.193 7.334 -41.426 / 4.9uM / -1.001877V /   56  112  529 / 0x7ff3e36d 0x7ffbf3e4 0x80001b6d 0x8002ab36
(Sep 05 2025 16:02:55,  887611 sec) Profile()            Sample 65 initiated at 17.0dbars for bin 67 [15dbars].  PTS/O2,T2,TPhase,RPhase,RawTemp/NO3/pH/FSig,BbSig,TSig/Ocr: 16.9dbars 29.7033C 34.1377PSU / 225.2uM 29.708C 29.189 7.332 -41.409 / 5.0uM / -1.001887V /   56  113  529 / 0x7ff3df09 0x7ffbf2ad 0x80001c5b 0x8002a9c9
(Sep 05 2025 16:04:51,  887727 sec) Profile()            Sample 66 initiated at 11.8dbars for bin 68 [10dbars].  PTS/O2,T2,TPhase,RPhase,RawTemp/NO3/pH/FSig,BbSig,TSig/Ocr: 11.7dbars 29.7010C 34.1380PSU / 225.2uM 29.706C 29.190 7.331 -41.350 / 5.0uM / -1.001753V /   56  112  529 / 0x7ff3e800 0x7ffbf512 0x80001a2d 0x8002b624
(Sep 05 2025 16:06:08,  887804 sec) Profile()            Sample 67 initiated at 7.9dbars for bin 69 [6dbars].  PTS/O2,T2,TPhase,RPhase,RawTemp/NO3/pH/FSig,BbSig,TSig/Ocr: 7.8dbars 29.7000C 34.1382PSU / 225.3uM 29.705C 29.187 7.329 -41.336 / 5.1uM / -1.001661V /   56  112  529 / 0x7ff3db12 0x7ffbf3ed 0x800027c0 0x8002b280
(Sep 05 2025 16:06:44,  887840 sec) SurfaceDetect()      SurfacePressure:-0.1dbars Pressure:3.8dbars PistonPosition:216
(Sep 05 2025 16:06:44,  887840 sec) Sbe41cpStopCP()      Continuous profile stopped.
(Sep 05 2025 16:06:48,  887844 sec) PistonMoveAbsWTO()    216->238 217 218 219 220 221 222 223 224 225 226 227 228 229 230 231 [78sec, 15.0Volts, 0.165Amps, CPT:2436sec]
(Sep 05 2025 16:08:11,  887927 sec) chat()               Expected string [S>] not received.
(Sep 05 2025 16:10:08,  888044 sec) Sbe41cpBinAverage()  Finished averaging 14651 samples in 112 seconds.
(Sep 05 2025 16:10:13,  888049 sec) Sbe41cpUploadCP_()   Sbe41cpSerNo[17090] NSample[14651] NBin[493]
(Sep 05 2025 16:10:44,  888080 sec) Sbe41cpUploadCP_()   Continuous profile uploaded [493 lines].
(Sep 05 2025 16:10:59,  888095 sec) MscErrorLog_()       No error records to log.
(Sep 05 2025 16:11:10,  888106 sec) MscErrorLog_()       No error records to log.

<EOT>
