(Oct 06 2025 13:55:43,  888390 sec) TelemetryInit()      Profile 7. (Apf11 FwRev: 031524)
(Oct 06 2025 13:55:43,  888390 sec) TelemetryInit()      Charge consumption model: OCV:15.3V Wake-Cycles:21192 Standby:150.9days Wake:19.1kC Sensors:1.5kC
(Oct 06 2025 14:00:58,  888705 sec) GetSurfaceObs()      P/O2,T2,TPhase,RPhase,RawTemp/FSig,BbSig,TSig: 0.0dbars / 221.7uM 30.572C 29.053 7.352 -68.836 / 53,121,528
(Oct 06 2025 14:00:58,  888705 sec) GetSurfaceObs()      P/Ocr: 0.0dbars / 0x7ff3e2c9 0x7ffbeaa4 0x80002b5b 0x8002b1c0
(Oct 06 2025 14:01:32,  888739 sec) GetSurfaceObs()      P/O2,T2,TPhase,RPhase,RawTemp/FSig,BbSig,TSig: 0.1dbars / 222.1uM 30.595C 29.023 7.354 -69.565 / 54,120,528
(Oct 06 2025 14:01:32,  888739 sec) GetSurfaceObs()      P/Ocr: 0.1dbars / 0x7ff3f7ad 0x7ffbee49 0x80001489 0x8002a736
(Oct 06 2025 14:02:05,  888772 sec) GetSurfaceObs()      P/O2,T2,TPhase,RPhase,RawTemp/FSig,BbSig,TSig: 0.0dbars / 221.8uM 30.592C 29.040 7.355 -69.481 / 55,119,528
(Oct 06 2025 14:02:05,  888772 sec) GetSurfaceObs()      P/Ocr: 0.0dbars / 0x7ff3f4ed 0x7ffbd789 0x80001936 0x8002a9ad
(Oct 06 2025 14:02:38,  888805 sec) GetSurfaceObs()      P/O2,T2,TPhase,RPhase,RawTemp/FSig,BbSig,TSig: 0.3dbars / 222.6uM 30.600C 29.001 7.353 -69.719 / 55,119,527
(Oct 06 2025 14:02:38,  888805 sec) GetSurfaceObs()      P/Ocr: 0.3dbars / 0x7ff3fa80 0x7ffbcff6 0x80002900 0x8002ab52
(Oct 06 2025 14:05:19,  888966 sec) AirSystem()          Battery [216cnt, 15.2V]  Current [24cnt, 92.5mA]  Pneumometer [157cnt, 18.5psi]  Run-Time [77s]
(Oct 06 2025 14:05:32,  888979 sec) GetSurfaceObs()      P/O2,T2,TPhase,RPhase,RawTemp/FSig,BbSig,TSig: -0.1dbars / 230.5uM 28.603C 29.336 7.330 -6.067 / 54,121,527
(Oct 06 2025 14:05:32,  888979 sec) GetSurfaceObs()      P/Ocr: -0.1dbars / 0x7ff3f4d2 0x7ffbda36 0x8000265b 0x8002b449
(Oct 06 2025 14:06:05,  889012 sec) GetSurfaceObs()      P/O2,T2,TPhase,RPhase,RawTemp/FSig,BbSig,TSig: -0.2dbars / 227.4uM 28.850C 29.392 7.325 -13.992 / 55,120,527
(Oct 06 2025 14:06:05,  889012 sec) GetSurfaceObs()      P/Ocr: -0.2dbars / 0x7ff3e409 0x7ffbe8ad 0x800020db 0x8002abc9
(Oct 06 2025 14:06:38,  889045 sec) GetSurfaceObs()      P/O2,T2,TPhase,RPhase,RawTemp/FSig,BbSig,TSig: -0.1dbars / 230.4uM 28.391C 29.416 7.320 0.733 / 54,122,527
(Oct 06 2025 14:06:38,  889045 sec) GetSurfaceObs()      P/Ocr: -0.1dbars / 0x7ff3fdd2 0x7ffbf576 0x80002280 0x8002b5db
(Oct 06 2025 14:07:12,  889079 sec) GetSurfaceObs()      P/O2,T2,TPhase,RPhase,RawTemp/FSig,BbSig,TSig: -0.2dbars / 226.9uM 28.918C 29.392 7.318 -16.174 / 54,119,527
(Oct 06 2025 14:07:12,  889079 sec) GetSurfaceObs()      P/Ocr: -0.2dbars / 0x7ff3fee4 0x7ffc015b 0x80000d5b 0x8002ae89
(Oct 06 2025 14:07:45,  889112 sec) GetSurfaceObs()      P/O2,T2,TPhase,RPhase,RawTemp/FSig,BbSig,TSig: -0.1dbars / 227.3uM 28.817C 29.407 7.316 -12.953 / 54,119,527
(Oct 06 2025 14:07:45,  889112 sec) GetSurfaceObs()      P/Ocr: -0.1dbars / 0x7ff401db 0x7ffbe61b 0x80002089 0x8002b636
(Oct 06 2025 14:08:18,  889145 sec) GetSurfaceObs()      P/O2,T2,TPhase,RPhase,RawTemp/FSig,BbSig,TSig: -0.1dbars / 227.2uM 28.801C 29.418 7.313 -12.446 / 54,122,527
(Oct 06 2025 14:08:18,  889145 sec) GetSurfaceObs()      P/Ocr: -0.1dbars / 0x7ff3ec12 0x7ffbf4ed 0x800019c9 0x8002af6d
(Oct 06 2025 14:08:51,  889178 sec) GetSurfaceObs()      P/O2,T2,TPhase,RPhase,RawTemp/FSig,BbSig,TSig: -0.1dbars / 230.9uM 28.327C 29.415 7.311 2.789 / 54,120,527
(Oct 06 2025 14:08:51,  889178 sec) GetSurfaceObs()      P/Ocr: -0.1dbars / 0x7ff400db 0x7ffc0ac9 0x800021e4 0x8002b012
(Oct 06 2025 14:09:24,  889211 sec) GetSurfaceObs()      P/O2,T2,TPhase,RPhase,RawTemp/FSig,BbSig,TSig: -0.2dbars / 229.4uM 28.464C 29.436 7.308 -1.629 / 54,119,527
(Oct 06 2025 14:09:24,  889211 sec) GetSurfaceObs()      P/Ocr: -0.2dbars / 0x7ff3f124 0x7ffc0812 0x80001fc0 0x8002b0ed
(Oct 06 2025 14:09:33,  889220 sec) AirSystem()          Air-bladder inflation by-passed. Pneumatic Pressure: [156cnt, 18.3psi].
(Oct 06 2025 14:10:14,  889261 sec) GetSurfaceObs()      P/O2,T2,TPhase,RPhase,RawTemp/FSig,BbSig,TSig: -0.1dbars / 228.9uM 28.486C 29.454 7.307 -2.311 / 55,120,527
(Oct 06 2025 14:10:14,  889261 sec) GetSurfaceObs()      P/Ocr: -0.1dbars / 0x7ff3f8b6 0x7ffc01a4 0x8000222d 0x8002b424
(Oct 06 2025 14:10:17,  889264 sec) GpsServices()        GPS almanac is current.
(Oct 06 2025 14:10:17,  889264 sec) GpsServices()        Initiating GPS fix acquisition.
(Oct 06 2025 14:10:23,  889270 sec) gga()                $GPGGA,141020,1401.5512,N,14240.6742,E,0,00,,,M,,M,,*58
(Oct 06 2025 14:10:31,  889278 sec) gga()                $GPGGA,141040,1401.5512,N,14240.6742,E,0,00,,,M,,M,,*5E
(Oct 06 2025 14:10:41,  889288 sec) gga()                $GPGGA,141050,1401.5512,N,14240.6742,E,0,00,,,M,,M,,*5F
(Oct 06 2025 14:10:51,  889298 sec) gga()                $GPGGA,141100,1401.5512,N,14240.6742,E,0,00,,,M,,M,,*5B
(Oct 06 2025 14:10:52,  889299 sec) gga()                $GPGGA,141100,1407.1184,N,14232.1365,E,1,08,0.9,27.8,M,50.8,M,,*7F
(Oct 06 2025 14:10:52,  889299 sec) GpsServices()        Profile 7 GPS fix obtained in 35 seconds.
(Oct 06 2025 14:10:52,  889299 sec) GpsServices()                   lon      lat mm/dd/yyyy hhmmss nsat
(Oct 06 2025 14:10:52,  889299 sec) GpsServices()        Fix:  142.5356  14.1186 10/06/2025 141100    8
(Oct 06 2025 14:11:02,  889309 sec) gga()                $GPGGA,141110,1407.1164,N,14232.1353,E,1,08,0.9,26.3,M,50.8,M,,*7F
(Oct 06 2025 14:11:11,  889318 sec) gga()                $GPGGA,141120,1407.1145,N,14232.1343,E,1,09,0.8,25.1,M,50.8,M,,*7F
(Oct 06 2025 14:11:11,  889318 sec) GpsServices()        APF11 RTC skew (-9s) OK.
(Oct 06 2025 14:11:11,  889318 sec) GpsServices()        GPS services complete.
(Oct 06 2025 14:11:38,  889345 sec) IrGeoLoc()           <x,y,z>=<-4916km,3760km,1532km> lat=13.993 lon=142.589 IrSysTime=0xedca6179
(Oct 06 2025 14:11:42,  889349 sec) CLogin()             Connecting to primary host.
(Oct 06 2025 14:12:02,  889369 sec) CLogin()             Connection 1 established in 20 seconds.
(Oct 06 2025 14:12:08,  889375 sec) login()              Login successful.
(Oct 06 2025 14:12:15,  889382 sec) CLogin()             Logged in to host.  [Login required 13 seconds]
(Oct 06 2025 14:12:17,  889384 sec) RxConfig()           Downloading "mission.cfg" from host.
(Oct 06 2025 14:12:28,  889395 sec) RxConfig()           Download successful: [bytes:33, sec:9.4, bps:4]
(Oct 06 2025 14:12:34,  889401 sec) WriteVitals_()       Writing vitals to "21878.007.msg".
(Oct 06 2025 14:12:40,  889407 sec) UpLoadFile()         Uploading "21878.007.log" to host.
(Oct 06 2025 14:15:37,  889584 sec) UpLoadFile()         Upload successful: [bytes:49174, sec:176.3, bps:279]
(Oct 06 2025 14:15:38,  889585 sec) fmove()              Moved: 21878.007.log -> archive/21878.007.log
(Oct 06 2025 14:15:44,  889591 sec) UpLoadFile()         Uploading "21878.007.msg" to host.
(Oct 06 2025 14:18:28,  889755 sec) UpLoadFile()         Upload successful: [bytes:43102, sec:163.4, bps:264]
(Oct 06 2025 14:18:29,  889756 sec) fmove()              Moved: 21878.007.msg -> archive/21878.007.msg
(Oct 06 2025 14:18:33,  889760 sec) UpLoadFile()         Uploading "21878.007.isus" to host.
(Oct 06 2025 14:20:51,  889898 sec) UpLoadFile()         Upload successful: [bytes:25797, sec:137.8, bps:187]
(Oct 06 2025 14:20:52,  889899 sec) fmove()              Moved: 21878.007.isus -> archive/21878.007.isus
(Oct 06 2025 14:20:56,  889903 sec) UpLoadFile()         Uploading "21878.007.dura" to host.
(Oct 06 2025 14:22:35,  890002 sec) sendline()           Blocking CTS signal, aborting ZMODEM transfer.
(Oct 06 2025 14:22:36,  890003 sec) UpLoadFile()         Upload failed.
(Oct 06 2025 14:23:23,  890050 sec) chat()               Expected string [rz] not received.
(Oct 06 2025 14:23:23,  890050 sec) UpLoadFile()         Failed attempt to execute "rz" on the host.
(Oct 06 2025 14:23:23,  890050 sec) UpLoad()             Files successfully uploaded: 3
(Oct 06 2025 14:23:23,  890050 sec) UpLoad()             Aborting upload: Retry limit [2] exceeded. Upload incomplete.
(Oct 06 2025 14:23:30,  890057 sec) chat()               Expected string [cmd>] not received.
(Oct 06 2025 14:23:30,  890057 sec) logout()             Can't get command prompt.
(Oct 06 2025 14:23:35,  890062 sec) chat()               Expected string [logout] not received.
(Oct 06 2025 14:23:35,  890062 sec) logout()             Attempt to log-out failed.
(Oct 06 2025 14:23:42,  890069 sec) chat()               Expected string [cmd>] not received.
(Oct 06 2025 14:23:42,  890069 sec) logout()             Can't get command prompt.
(Oct 06 2025 14:23:47,  890074 sec) chat()               Expected string [logout] not received.
(Oct 06 2025 14:23:47,  890074 sec) logout()             Attempt to log-out failed.
(Oct 06 2025 14:23:47,  890074 sec) logout()             No carrier detected.
(Oct 06 2025 14:23:47,  890074 sec) Telemetry()          Telemetry cycle complete: PrfId=7 ConnectionAttempts=1  Connections=1
(Oct 06 2025 14:39:03,  890990 sec) AirSystem()          Air-bladder inflation by-passed. Pneumatic Pressure: [156cnt, 18.3psi].
(Oct 06 2025 14:40:26,  891073 sec) GetSurfaceObs()      P/O2,T2,TPhase,RPhase,RawTemp/FSig,BbSig,TSig: -0.2dbars / 232.1uM 27.831C 29.538 7.268 18.771 / 54,123,527
(Oct 06 2025 14:40:26,  891073 sec) GetSurfaceObs()      P/Ocr: -0.2dbars / 0x7ff3eaa4 0x7ffbff24 0x80002764 0x8002c136
(Oct 06 2025 14:40:27,  891074 sec) GpsServices()        GPS almanac is current.
(Oct 06 2025 14:40:27,  891074 sec) GpsServices()        Initiating GPS fix acquisition.
(Oct 06 2025 14:40:32,  891079 sec) gga()                $GPGGA,144040,1406.8141,N,14231.9020,E,6,08,0.8,17.7,M,50.8,M,,*7D
(Oct 06 2025 14:40:52,  891099 sec) gga()                $GPGGA,144100,1406.8109,N,14231.8987,E,1,08,0.8,19.9,M,50.8,M,,*76
(Oct 06 2025 14:40:52,  891099 sec) GpsServices()        Profile 7 GPS fix obtained in 25 seconds.
(Oct 06 2025 14:40:52,  891099 sec) GpsServices()                   lon      lat mm/dd/yyyy hhmmss nsat
(Oct 06 2025 14:40:52,  891099 sec) GpsServices()        Fix:  142.5316  14.1135 10/06/2025 144100    8
(Oct 06 2025 14:41:02,  891109 sec) gga()                $GPGGA,144110,1406.8092,N,14231.8975,E,1,08,0.8,21.3,M,50.8,M,,*78
(Oct 06 2025 14:41:11,  891118 sec) gga()                $GPGGA,144120,1406.8075,N,14231.8962,E,1,08,0.8,19.8,M,50.8,M,,*74
(Oct 06 2025 14:41:11,  891118 sec) GpsServices()        APF11 RTC skew (-9s) OK.
(Oct 06 2025 14:41:11,  891118 sec) GpsServices()        GPS services complete.
(Oct 06 2025 14:41:53,  891160 sec) IrGeoLoc()           <x,y,z>=<-4912km,3756km,1548km> lat=14.145 lon=142.596 IrSysTime=0xee61454a
(Oct 06 2025 14:41:56,  891163 sec) CLogin()             Connecting to primary host.
(Oct 06 2025 14:42:12,  891179 sec) CLogin()             Connection 2 established in 16 seconds.
(Oct 06 2025 14:42:21,  891188 sec) login()              Login successful.
(Oct 06 2025 14:42:25,  891192 sec) CLogin()             Logged in to host.  [Login required 13 seconds]
(Oct 06 2025 14:42:27,  891194 sec) RxConfig()           Downloading "mission.cfg" from host.
(Oct 06 2025 14:42:49,  891216 sec) RxConfig()           Download successful: [bytes:33, sec:20.0, bps:2]
(Oct 06 2025 14:42:59,  891226 sec) UpLoadFile()         Uploading "21878.007.dura" to host.
(Oct 06 2025 14:43:54,  891281 sec) UpLoadFile()         Upload successful: [bytes:13752, sec:55.3, bps:249]
(Oct 06 2025 14:43:56,  891283 sec) fmove()              Moved: 21878.007.dura -> archive/21878.007.dura
(Oct 06 2025 14:43:57,  891284 sec) UpLoad()             Files successfully uploaded: 1
(Oct 06 2025 14:43:57,  891284 sec) UpLoad()             Upload complete.
(Oct 06 2025 14:44:04,  891291 sec) chat()               Expected string [logout] not received.
(Oct 06 2025 14:44:04,  891291 sec) logout()             Attempt to log-out failed.
(Oct 06 2025 14:44:04,  891291 sec) logout()             No carrier detected.
(Oct 06 2025 14:44:04,  891291 sec) Telemetry()          Telemetry cycle complete: PrfId=7 ConnectionAttempts=2  Connections=2
(Oct 06 2025 14:44:04,  891291 sec) TelemetryTerminate() Parsing new mission configuration.
(Oct 06 2025 14:44:05,  891292 sec) configure()          Parsing configurators in "mission.cfg".
(Oct 06 2025 14:44:05,  891292 sec) configure()             TelemetryRetry(15)      [0x7BBC] [TelemetryRetry(15)].
(Oct 06 2025 14:44:06,  891293 sec) configure()          Configuration CRCs and syntax OK.
(Oct 06 2025 14:44:06,  891293 sec) ConfigSupervisor()   Configuration accepted.
(Oct 06 2025 14:44:06,  891293 sec) TelemetryTerminate() Reconditioning the file system.
(Oct 06 2025 14:44:09,       0 sec) DescentInit()        Deep profile 8 initiated at mission-time 891296sec.
(Oct 06 2025 14:44:10,       1 sec) DescentInit()        Surface pressure: -0.2dbars.
(Oct 06 2025 14:44:10,       1 sec) DescentInit()        Charge consumption model: OCV:15.2V Wake-Cycles:21194 Standby:151.0days Wake:19.3kC Sleep:1.5kC
(Oct 06 2025 14:44:22,      13 sec) DescentInit()        Pneumatic humidity: 1063(7.1%) -> 1295(13.8%)
(Oct 06 2025 14:44:23,      14 sec) PistonMoveAbsWTO()    231->049 230 229 228 227 226 225 224 223 222 221 220 219 218 217 216 215 214 213 212 211 210 209 208 207 206 205 204 203 202 201 200 199 198 197 196 195 194 193 192 191 190 189 188 187 186 185 184 183 182 181 180 179 178 177 176 175 174 173 172 171 170 169 168 167 166 165 164 163 162 161 160 159 158 157 156 155 154 153 152 151 150 149 148 147 146 145 144 143 142 141 140 139 138 137 136 135 134 133 132 131 130 129 128 127 126 125 124 123 122 121 120 119 118 117 116 115 114 113 112 111 110 109 108 107 106 105 104 103 102 101 100 099 098 097 096 095 094 093 092 091 090 089 088 087 086 085 084 083 082 081 080 079 078 077 076 075 074 073 072 071 070 069 068 067 066 065 064 063 062 061 060 059 058 057 056 055 054 053 052 051 050 049 [932sec, 15.0Volts, 0.148Amps, CPT:932sec]
(Oct 06 2025 15:00:00,     951 sec) DescentInit()        Air solenoid open: Barometer [216cnt,  12.7psi]  Pneumometer [110cnt,  12.8psi]
(Oct 06 2025 15:00:10,     961 sec) Descent()            Pressure: 125.1
(Oct 06 2025 15:44:09,    3600 sec) Descent()            Pressure: 480.6
(Oct 06 2025 16:44:09,    7200 sec) Descent()            Pressure: 753.8
(Oct 06 2025 17:44:09,   10800 sec) Descent()            Pressure: 914.9
(Oct 06 2025 18:44:09,   14400 sec) Descent()            Pressure: 954.8
(Oct 06 2025 18:44:09,   14400 sec) ParkInit()           Charge consumption model: OCV:15.4V Wake-Cycles:21199 Standby:151.1days Wake:19.5kC Sensors:1.5kC
(Oct 06 2025 20:44:17,   21608 sec) Park()               ParkPOutOfBand[-3, 965.8 dbars]: retract piston.
(Oct 06 2025 20:44:17,   21608 sec) PistonMoveAbsWTO()    049->048 048 [6sec, 14.9Volts, 0.123Amps, CPT:938sec]
(Oct 07 2025 02:44:17,   43208 sec) Park()               ParkPOutOfBand[-3, 984.3 dbars]: retract piston.
(Oct 07 2025 02:44:17,   43208 sec) PistonMoveAbsWTO()    048->047 047 [6sec, 14.9Volts, 0.129Amps, CPT:944sec]
(Oct 07 2025 05:44:17,   54008 sec) Park()               ParkPOutOfBand[3, 1024.4 dbars]: extend piston.
(Oct 07 2025 05:44:17,   54008 sec) PistonMoveAbsWTO()    047->048 048 [4sec, 14.6Volts, 0.485Amps, CPT:948sec]
(Oct 08 2025 20:44:17,  194408 sec) Park()               ParkPOutOfBand[3, 1017.6 dbars]: extend piston.
(Oct 08 2025 20:44:17,  194408 sec) PistonMoveAbsWTO()    048->049 049 [6sec, 14.4Volts, 0.485Amps, CPT:954sec]
(Oct 09 2025 17:44:17,  270008 sec) Park()               ParkPOutOfBand[-3, 989.7 dbars]: retract piston.
(Oct 09 2025 17:44:17,  270008 sec) PistonMoveAbsWTO()    049->048 048 [2sec, 14.9Volts, 0.123Amps, CPT:956sec]
(Oct 10 2025 21:44:17,  370808 sec) Park()               ParkPOutOfBand[3, 1026.5 dbars]: extend piston.
(Oct 10 2025 21:44:17,  370808 sec) PistonMoveAbsWTO()    048->049 049 [3sec, 14.4Volts, 0.491Amps, CPT:959sec]
(Oct 16 2025 10:44:31,  849622 sec) CtdPower()           [ 1010.63,  4.3985, 34.5254]
(Oct 16 2025 10:44:31,  849622 sec) CtdPower()           CTD Power consumption [215VCnt 3ACnt]: 15.135Volts * 0.012Amps = 0.17Watts.
(Oct 16 2025 10:44:46,  849637 sec) ParkTerminate()      Piston Position:49 Vacuum:195 HumidityAd12:1069(7.3%) Vq:215 Aq:9 Vsbe:215 Asbe:3 Vflbb:212 Aflbb:8 Vopt:210 Aopt:12 Vocr:212 Aocr:7 MuxTemp:4.377C MuxHumidity:5.0%
(Oct 16 2025 10:45:16,  849667 sec) ParkTerminate()      PTS/O2,T2,TPhase,RawTemp: 1010.3dbars 4.3994C 34.5254PSU / 96.1uM 4.384C 49.782 6.228 766.715
(Oct 16 2025 10:45:16,  849667 sec) ParkTerminate()      FLBB FSig, BbSig, TSig / Ocr: 53, 101, 569 /  nan nan nan nan
(Oct 16 2025 10:45:17,  849668 sec) GoDeepInit()         Charge consumption model: OCV:15.3V Wake-Cycles:21431 Standby:160.8days Wake:19.8kC Sensors:1.5kC
(Oct 16 2025 10:45:17,  849668 sec) GoDeepInit()         Moving piston.
(Oct 16 2025 10:45:17,  849668 sec) PistonMoveAbsWTO()    049->009 048 047 046 045 044 043 042 041 040 039 038 037 036 035 034 033 032 031 030 029 028 027 026 025 024 023 022 021 020 019 018 017 016 015 014 013 012 011 010 009 [211sec, 14.7Volts, 0.112Amps, CPT:1170sec]
(Oct 16 2025 14:44:09,  864000 sec) ProfileInit()        Charge consumption model: OCV:15.3V Wake-Cycles:21479 Standby:160.9days Wake:19.8kC Sensors:1.5kC
(Oct 16 2025 14:44:09,  864000 sec) ProfileInit()        PrfId:008  Pressure:1975.2dbar  pTable[1]:1900dbar
(Oct 16 2025 14:44:11,  864002 sec) ProfileInit()        Muxer PPIs K{1,2} quiescent: 15.14V, -0.1mA, -1.5mW
(Oct 16 2025 14:44:24,  864015 sec) ProfileInit()        ISUS powered up.
(Oct 16 2025 14:44:30,  864021 sec) ProfileInit()        Muxer PPIs K{1,2} w/ ISUS awake: 15.08V, 20.2mA, 304.7mW
(Oct 16 2025 14:44:37,  864028 sec) MscErrorLog_()       No error records to log.
(Oct 16 2025 14:44:44,  864035 sec) ProfileInit()        DURA powered up.
(Oct 16 2025 14:44:48,  864039 sec) ProfileInit()        Muxer PPIs K{1,2} w/ DURA awake: 15.09V, 19.5mA, 294.3mW
(Oct 16 2025 14:44:54,  864045 sec) MscErrorLog_()       No error records to log.
(Oct 16 2025 14:44:59,  864050 sec) PistonMoveAbsWTO()    010->032 009 010 011 012 013 014 [30sec, 14.0Volts, 0.702Amps, CPT:1200sec]
(Oct 16 2025 14:45:40,  864091 sec) PistonMoveAbsWTO()    014->032 015 016 017 018 [30sec, 13.9Volts, 0.681Amps, CPT:1230sec]
(Oct 16 2025 14:46:21,  864132 sec) PistonMoveAbsWTO()    018->032 019 020 021 022 023 [30sec, 13.8Volts, 0.686Amps, CPT:1260sec]
(Oct 16 2025 14:47:02,  864173 sec) PistonMoveAbsWTO()    023->032 024 025 026 027 [30sec, 13.8Volts, 0.687Amps, CPT:1290sec]
(Oct 16 2025 14:47:43,  864214 sec) PistonMoveAbsWTO()    027->032 028 029 030 031 032 [29sec, 13.8Volts, 0.667Amps, CPT:1319sec]
(Oct 16 2025 14:57:08,  864779 sec) Profile()            Sample 0 initiated at 1902.0dbars for bin 1 [1900dbars].  PTS/O2,T2,TPhase,RPhase,RawTemp/NO3/pH/FSig,BbSig,TSig/Ocr: 1899.2dbars 2.2407C 34.6138PSU / 121.7uM 2.233C 48.532 6.280 828.260 / 40.6uM / -1.037792V /   53   98  572 / nan nan nan nan
(Oct 16 2025 15:12:44,  865715 sec) Profile()            Sample 1 initiated at 1801.4dbars for bin 2 [1800dbars].  PTS/O2,T2,TPhase,RPhase,RawTemp/NO3/pH/FSig,BbSig,TSig/Ocr: 1799.4dbars 2.3360C 34.6080PSU / 120.1uM 2.328C 48.615 6.316 825.584 / 40.9uM / -1.037782V /   54   97  572 / nan nan nan nan
(Oct 16 2025 15:24:54,  866445 sec) AscentControlAgent() Bouyancy nudge to 42 (v=0.074dbar/sec).
(Oct 16 2025 15:24:54,  866445 sec) PistonMoveAbsWTO()    032->042 033 034 035 036 [30sec, 14.3Volts, 0.619Amps, CPT:1349sec]
(Oct 16 2025 15:25:35,  866486 sec) PistonMoveAbsWTO()    036->042 037 038 039 040 041 [30sec, 14.1Volts, 0.617Amps, CPT:1379sec]
(Oct 16 2025 15:26:16,  866527 sec) PistonMoveAbsWTO()    041->042 042 [4sec, 14.1Volts, 0.639Amps, CPT:1383sec]
(Oct 16 2025 15:32:32,  866903 sec) Profile()            Sample 2 initiated at 1701.9dbars for bin 3 [1700dbars].  PTS/O2,T2,TPhase,RPhase,RawTemp/NO3/pH/FSig,BbSig,TSig/Ocr: 1699.9dbars 2.4491C 34.6019PSU / 117.8uM 2.438C 48.753 6.324 822.471 / 41.0uM / -1.037862V /   53   99  572 / nan nan nan nan
(Oct 16 2025 15:51:15,  868026 sec) Profile()            Sample 3 initiated at 1601.8dbars for bin 4 [1600dbars].  PTS/O2,T2,TPhase,RPhase,RawTemp/NO3/pH/FSig,BbSig,TSig/Ocr: 1599.9dbars 2.6192C 34.5940PSU / 114.3uM 2.610C 48.957 6.323 817.602 / 41.2uM / -1.037916V /   53   99  572 / nan nan nan nan
(Oct 16 2025 16:09:47,  869138 sec) Profile()            Sample 4 initiated at 1501.8dbars for bin 5 [1500dbars].  PTS/O2,T2,TPhase,RPhase,RawTemp/NO3/pH/FSig,BbSig,TSig/Ocr: 1499.9dbars 2.8633C 34.5783PSU / 109.3uM 2.850C 49.270 6.330 810.789 / 41.4uM / -1.038114V /   52   99  572 / nan nan nan nan
(Oct 16 2025 16:16:59,  869570 sec) AscentControlAgent() Bouyancy nudge to 52 (v=0.078dbar/sec).
(Oct 16 2025 16:16:59,  869570 sec) PistonMoveAbsWTO()    042->052 043 044 045 046 047 [30sec, 14.4Volts, 0.561Amps, CPT:1413sec]
(Oct 16 2025 16:17:40,  869611 sec) PistonMoveAbsWTO()    046->052 047 048 049 050 051 [30sec, 14.2Volts, 0.547Amps, CPT:1443sec]
(Oct 16 2025 16:18:21,  869652 sec) PistonMoveAbsWTO()    051->052 052 [3sec, 14.2Volts, 0.556Amps, CPT:1446sec]
(Oct 16 2025 16:28:16,  870247 sec) Profile()            Sample 5 initiated at 1401.3dbars for bin 6 [1400dbars].  PTS/O2,T2,TPhase,RPhase,RawTemp/NO3/pH/FSig,BbSig,TSig/Ocr: 1399.3dbars 3.0998C 34.5713PSU / 107.1uM 3.087C 49.357 6.332 804.039 / 41.5uM / -1.038005V /   53  101  571 / nan nan nan nan
(Oct 16 2025 16:46:26,  871337 sec) Profile()            Sample 6 initiated at 1301.8dbars for bin 7 [1300dbars].  PTS/O2,T2,TPhase,RPhase,RawTemp/NO3/pH/FSig,BbSig,TSig/Ocr: 1300.1dbars 3.4973C 34.5550PSU / 101.8uM 3.485C 49.649 6.346 792.655 / 41.5uM / -1.038163V /   53  100  571 / nan nan nan nan
(Oct 16 2025 16:54:00,  871791 sec) AscentControlAgent() Bouyancy nudge to 62 (v=0.070dbar/sec).
(Oct 16 2025 16:54:00,  871791 sec) PistonMoveAbsWTO()    052->062 053 054 055 056 057 [30sec, 14.5Volts, 0.515Amps, CPT:1476sec]
(Oct 16 2025 16:54:41,  871832 sec) PistonMoveAbsWTO()    057->062 058 059 060 061 [30sec, 14.2Volts, 0.519Amps, CPT:1506sec]
(Oct 16 2025 16:55:44,  871895 sec) PistonMoveAbsWTO()    061->062 062 [1sec, 14.4Volts, 0.552Amps, CPT:1507sec]
(Oct 16 2025 17:07:17,  872588 sec) Profile()            Sample 7 initiated at 1201.2dbars for bin 8 [1200dbars].  PTS/O2,T2,TPhase,RPhase,RawTemp/NO3/pH/FSig,BbSig,TSig/Ocr: 1199.3dbars 3.9330C 34.5415PSU / 98.7uM 3.919C 49.738 6.304 780.164 / 41.3uM / -1.038090V /   53  103  570 / nan nan nan nan
(Oct 16 2025 17:24:21,  873612 sec) Profile()            Sample 8 initiated at 1101.5dbars for bin 9 [1100dbars].  PTS/O2,T2,TPhase,RPhase,RawTemp/NO3/pH/FSig,BbSig,TSig/Ocr: 1099.4dbars 4.2080C 34.5328PSU / 97.4uM 4.192C 49.746 6.339 772.274 / 41.3uM / -1.037900V /   53  100  569 / nan nan nan nan
(Oct 16 2025 17:42:54,  874725 sec) Profile()            Sample 9 initiated at 1001.9dbars for bin 10 [1000dbars].  PTS/O2,T2,TPhase,RPhase,RawTemp/NO3/pH/FSig,BbSig,TSig/Ocr: 1000.3dbars 4.5504C 34.5225PSU / 96.8uM 4.535C 49.657 6.366 762.302 / 41.1uM / -1.037532V /   53  102  569 / nan nan nan nan
(Oct 16 2025 17:45:19,  874870 sec) AscentControlAgent() Bouyancy nudge to 72 (v=0.074dbar/sec).
(Oct 16 2025 17:45:19,  874870 sec) PistonMoveAbsWTO()    062->072 063 064 065 066 067 [30sec, 14.5Volts, 0.469Amps, CPT:1537sec]
(Oct 16 2025 17:47:19,  874990 sec) Sbe41cpStartCP()     Continuous profile started.
(Oct 16 2025 17:47:19,  874990 sec) PistonMoveAbsWTO()    067->072 068 069 070 071 072 [30sec, 14.4Volts, 0.464Amps, CPT:1567sec]
(Oct 16 2025 17:48:00,  875031 sec) PistonMoveAbsWTO()    071->072 072 [0sec, 14.4Volts, 0.470Amps, CPT:1567sec]
(Oct 16 2025 17:52:07,  875278 sec) Profile()            Sample 10 initiated at 951.3dbars for bin 11 [950dbars].  PTS/O2,T2,TPhase,RPhase,RawTemp/NO3/pH/FSig,BbSig,TSig/Ocr: 951.2dbars 4.7390C 34.5169PSU / 96.5uM 4.723C 49.605 6.364 756.828 / 40.9uM / -1.037486V /   53  101  568 / nan nan nan nan
(Oct 16 2025 18:00:11,  875762 sec) Profile()            Sample 11 initiated at 901.0dbars for bin 12 [900dbars].  PTS/O2,T2,TPhase,RPhase,RawTemp/NO3/pH/FSig,BbSig,TSig/Ocr: 900.8dbars 4.9407C 34.5033PSU / 94.3uM 4.924C 49.724 6.382 750.962 / 40.8uM / -1.037657V /   53  107  568 / nan nan nan nan
(Oct 16 2025 18:08:27,  876258 sec) Profile()            Sample 12 initiated at 851.8dbars for bin 13 [850dbars].  PTS/O2,T2,TPhase,RPhase,RawTemp/NO3/pH/FSig,BbSig,TSig/Ocr: 851.7dbars 5.1109C 34.4932PSU / 92.9uM 5.097C 49.782 6.396 745.904 / 40.7uM / -1.037659V /   53  102  568 / nan nan nan nan
(Oct 16 2025 18:17:49,  876820 sec) Profile()            Sample 13 initiated at 801.4dbars for bin 14 [800dbars].  PTS/O2,T2,TPhase,RPhase,RawTemp/NO3/pH/FSig,BbSig,TSig/Ocr: 801.3dbars 5.2916C 34.4830PSU / 92.0uM 5.276C 49.795 6.392 740.640 / 40.5uM / -1.037604V /   53  103  568 / nan nan nan nan
(Oct 16 2025 18:21:09,  877020 sec) AscentControlAgent() Bouyancy nudge to 82 (v=0.079dbar/sec).
(Oct 16 2025 18:21:09,  877020 sec) PistonMoveAbsWTO()    072->082 073 074 075 076 077 [30sec, 14.5Volts, 0.416Amps, CPT:1597sec]
(Oct 16 2025 18:21:50,  877061 sec) PistonMoveAbsWTO()    077->082 078 079 080 081 082 [30sec, 14.3Volts, 0.390Amps, CPT:1627sec]
(Oct 16 2025 18:27:16,  877387 sec) Profile()            Sample 14 initiated at 752.0dbars for bin 15 [750dbars].  PTS/O2,T2,TPhase,RPhase,RawTemp/NO3/pH/FSig,BbSig,TSig/Ocr: 751.9dbars 5.6317C 34.4659PSU / 89.8uM 5.618C 49.870 6.420 730.578 / 40.1uM / -1.037772V /   54  104  567 / nan nan nan nan
(Oct 16 2025 18:36:29,  877940 sec) AscentControlAgent() Bouyancy nudge to 92 (v=0.076dbar/sec).
(Oct 16 2025 18:36:29,  877940 sec) PistonMoveAbsWTO()    082->092 083 084 085 086 087 [30sec, 14.5Volts, 0.365Amps, CPT:1657sec]
(Oct 16 2025 18:37:52,  878023 sec) Profile()            Sample 15 initiated at 700.4dbars for bin 16 [700dbars].  PTS/O2,T2,TPhase,RPhase,RawTemp/NO3/pH/FSig,BbSig,TSig/Ocr: 700.3dbars 5.9870C 34.4462PSU / 88.3uM 5.979C 49.866 6.449 719.911 / 39.6uM / -1.037744V /   54  114  567 / nan nan nan nan
(Oct 16 2025 18:37:53,  878024 sec) PistonMoveAbsWTO()    087->092 088 089 090 091 092 [29sec, 14.4Volts, 0.358Amps, CPT:1686sec]
(Oct 16 2025 18:46:03,  878514 sec) Profile()            Sample 16 initiated at 651.2dbars for bin 17 [650dbars].  PTS/O2,T2,TPhase,RPhase,RawTemp/NO3/pH/FSig,BbSig,TSig/Ocr: 651.1dbars 6.3623C 34.4267PSU / 88.2uM 6.351C 49.728 6.462 708.858 / 39.0uM / -1.037642V /   53  103  566 / nan nan nan nan
(Oct 16 2025 18:54:29,  879020 sec) Profile()            Sample 17 initiated at 601.8dbars for bin 18 [600dbars].  PTS/O2,T2,TPhase,RPhase,RawTemp/NO3/pH/FSig,BbSig,TSig/Ocr: 601.7dbars 6.8678C 34.4061PSU / 86.2uM 6.856C 49.721 6.488 693.782 / 38.2uM / -1.037832V /   54  104  566 / nan nan nan nan
(Oct 16 2025 19:02:21,  879492 sec) Profile()            Sample 18 initiated at 551.0dbars for bin 19 [550dbars].  PTS/O2,T2,TPhase,RPhase,RawTemp/NO3/pH/FSig,BbSig,TSig/Ocr: 550.9dbars 7.2494C 34.4009PSU / 84.5uM 7.240C 49.747 6.519 682.268 / 37.6uM / -1.037783V /   54  105  565 / nan nan nan nan
(Oct 16 2025 19:11:32,  880043 sec) Profile()            Sample 19 initiated at 501.9dbars for bin 20 [500dbars].  PTS/O2,T2,TPhase,RPhase,RawTemp/NO3/pH/FSig,BbSig,TSig/Ocr: 501.8dbars 7.5746C 34.3825PSU / 84.2uM 7.567C 49.641 6.539 672.400 / 36.8uM / -1.037809V /   54  106  564 / nan nan nan nan
(Oct 16 2025 19:17:46,  880417 sec) AscentControlAgent() Bouyancy nudge to 102 (v=0.071dbar/sec).
(Oct 16 2025 19:17:47,  880418 sec) PistonMoveAbsWTO()    092->102 093 094 095 094 095 096 097 [30sec, 14.6Volts, 0.315Amps, CPT:1716sec]
(Oct 16 2025 19:18:28,  880459 sec) PistonMoveAbsWTO()    097->102 098 099 100 101 102 [27sec, 14.5Volts, 0.315Amps, CPT:1743sec]
(Oct 16 2025 19:22:47,  880718 sec) Profile()            Sample 20 initiated at 451.3dbars for bin 21 [450dbars].  PTS/O2,T2,TPhase,RPhase,RawTemp/NO3/pH/FSig,BbSig,TSig/Ocr: 451.3dbars 8.2666C 34.2913PSU / 96.4uM 8.267C 48.093 6.571 651.181 / 33.2uM / -1.035966V /   53  106  564 / 0x7ff35b49 0x7ffd9bf6 0x80011fb6 0x80041bed
(Oct 16 2025 19:22:48,  880719 sec) AscentControlAgent() Bouyancy nudge to 112 (v=0.079dbar/sec).
(Oct 16 2025 19:22:49,  880720 sec) PistonMoveAbsWTO()    102->112 103 104 103 104 105 106 107 [30sec, 14.5Volts, 0.301Amps, CPT:1773sec]
(Oct 16 2025 19:23:30,  880761 sec) PistonMoveAbsWTO()    107->112 108 109 110 111 112 [27sec, 14.4Volts, 0.308Amps, CPT:1800sec]
(Oct 16 2025 19:30:12,  881163 sec) Profile()            Sample 21 initiated at 401.0dbars for bin 22 [400dbars].  PTS/O2,T2,TPhase,RPhase,RawTemp/NO3/pH/FSig,BbSig,TSig/Ocr: 400.9dbars 9.2168C 34.2645PSU / 120.4uM 9.208C 45.425 6.613 622.378 / 29.8uM / -1.033321V /   52  106  563 / 0x7ff34d00 0x7ffd9136 0x800126f6 0x80041776
(Oct 16 2025 19:32:58,  881329 sec) Profile()            Sample 22 initiated at 381.6dbars for bin 23 [380dbars].  PTS/O2,T2,TPhase,RPhase,RawTemp/NO3/pH/FSig,BbSig,TSig/Ocr: 381.5dbars 9.4152C 34.2649PSU / 126.9uM 9.408C 44.758 6.633 616.201 / 29.2uM / -1.032923V /   53  105  562 / 0x7ff34912 0x7ffd9ea4 0x80011380 0x8003fde4
(Oct 16 2025 19:36:29,  881540 sec) Profile()            Sample 23 initiated at 361.3dbars for bin 24 [360dbars].  PTS/O2,T2,TPhase,RPhase,RawTemp/NO3/pH/FSig,BbSig,TSig/Ocr: 361.2dbars 10.0943C 34.2466PSU / 140.6uM 10.097C 43.297 6.664 594.884 / 26.0uM / -1.030018V /   52  106  562 / 0x7ff357db 0x7ffd8fdb 0x80010c49 0x80040789
(Oct 16 2025 19:38:09,  881640 sec) Profile()            Sample 24 initiated at 352.0dbars for bin 25 [350dbars].  PTS/O2,T2,TPhase,RPhase,RawTemp/NO3/pH/FSig,BbSig,TSig/Ocr: 351.9dbars 10.5075C 34.2557PSU / 154.1uM 10.504C 42.048 6.669 582.241 / 24.2uM / -1.028572V /   52  104  561 / 0x7ff36d12 0x7ffd989b 0x800116c0 0x8003fc6d
(Oct 16 2025 19:39:50,  881741 sec) Profile()            Sample 25 initiated at 341.8dbars for bin 26 [340dbars].  PTS/O2,T2,TPhase,RPhase,RawTemp/NO3/pH/FSig,BbSig,TSig/Ocr: 341.7dbars 10.7960C 34.2789PSU / 159.9uM 10.784C 41.481 6.689 573.472 / 24.0uM / -1.028452V /   51  107  561 / 0x7ff372db 0x7ffd8d76 0x80011ef6 0x8003f5c0
(Oct 16 2025 19:41:30,  881841 sec) Profile()            Sample 26 initiated at 331.4dbars for bin 27 [330dbars].  PTS/O2,T2,TPhase,RPhase,RawTemp/NO3/pH/FSig,BbSig,TSig/Ocr: 331.3dbars 11.5845C 34.3614PSU / 154.9uM 11.580C 41.459 6.720 548.508 / 23.4uM / -1.027397V /   51  106  560 / 0x7ff37aa4 0x7ffd82db 0x800117ad 0x8003f21b
(Oct 16 2025 19:43:10,  881941 sec) Profile()            Sample 27 initiated at 321.8dbars for bin 28 [320dbars].  PTS/O2,T2,TPhase,RPhase,RawTemp/NO3/pH/FSig,BbSig,TSig/Ocr: 321.7dbars 12.0186C 34.3785PSU / 155.6uM 12.012C 41.193 6.754 534.874 / 22.3uM / -1.026703V /   51  105  560 / 0x7ff34e49 0x7ffd8812 0x80010f40 0x8003ef92
(Oct 16 2025 19:45:24,  882075 sec) Profile()            Sample 28 initiated at 311.9dbars for bin 29 [310dbars].  PTS/O2,T2,TPhase,RPhase,RawTemp/NO3/pH/FSig,BbSig,TSig/Ocr: 311.9dbars 12.4382C 34.3906PSU / 160.2uM 12.434C 40.650 6.776 521.492 / 21.0uM / -1.025551V /   51  108  559 / 0x7ff367c9 0x7ffd72d2 0x800100f6 0x8003e749
(Oct 16 2025 19:48:20,  882251 sec) AscentControlAgent() Bouyancy nudge to 122 (v=0.049dbar/sec).
(Oct 16 2025 19:48:20,  882251 sec) PistonMoveAbsWTO()    112->122 113 114 115 116 117 [30sec, 14.6Volts, 0.272Amps, CPT:1830sec]
(Oct 16 2025 19:49:46,  882337 sec) Profile()            Sample 29 initiated at 301.0dbars for bin 30 [300dbars].  PTS/O2,T2,TPhase,RPhase,RawTemp/NO3/pH/FSig,BbSig,TSig/Ocr: 301.0dbars 13.3604C 34.4247PSU / 159.3uM 13.352C 40.269 6.807 492.257 / 19.3uM / -1.024972V /   51  105  558 / 0x7ff37f40 0x7ffd602d 0x80011892 0x8003d652
(Oct 16 2025 19:49:46,  882337 sec) PistonMoveAbsWTO()    117->122 118 119 120 121 122 [27sec, 14.5Volts, 0.266Amps, CPT:1857sec]
(Oct 16 2025 19:52:04,  882475 sec) Profile()            Sample 30 initiated at 292.0dbars for bin 31 [290dbars].  PTS/O2,T2,TPhase,RPhase,RawTemp/NO3/pH/FSig,BbSig,TSig/Ocr: 291.9dbars 13.9083C 34.4572PSU / 162.9uM 13.921C 39.724 6.828 474.030 / 18.0uM / -1.023507V /   51  107  557 / 0x7ff373c9 0x7ffd5fc9 0x800101ad 0x8003ca89
(Oct 16 2025 19:53:21,  882552 sec) AscentControlAgent() Bouyancy nudge to 132 (v=0.067dbar/sec).
(Oct 16 2025 19:53:21,  882552 sec) PistonMoveAbsWTO()    122->132 123 124 125 126 127 [30sec, 14.5Volts, 0.264Amps, CPT:1887sec]
(Oct 16 2025 19:54:47,  882638 sec) Profile()            Sample 31 initiated at 279.5dbars for bin 32 [280dbars].  PTS/O2,T2,TPhase,RPhase,RawTemp/NO3/pH/FSig,BbSig,TSig/Ocr: 279.4dbars 15.1343C 34.5265PSU / 171.6uM 15.143C 38.518 6.870 434.622 / 15.4uM / -1.021477V /   50  104  556 / 0x7ff383e4 0x7ffd4a00 0x8000f780 0x8003c9db
(Oct 16 2025 19:54:47,  882638 sec) PistonMoveAbsWTO()    127->132 128 129 130 131 132 [27sec, 14.5Volts, 0.258Amps, CPT:1914sec]
(Oct 16 2025 19:56:10,  882721 sec) Profile()            Sample 32 initiated at 272.0dbars for bin 33 [270dbars].  PTS/O2,T2,TPhase,RPhase,RawTemp/NO3/pH/FSig,BbSig,TSig/Ocr: 271.9dbars 15.3451C 34.5416PSU / 174.5uM 15.349C 38.217 6.882 427.963 / 15.0uM / -1.021252V /   50  106  555 / 0x7ff374d2 0x7ffd41db 0x8000ea52 0x8003b452
(Oct 16 2025 19:58:01,  882832 sec) Profile()            Sample 33 initiated at 261.5dbars for bin 34 [260dbars].  PTS/O2,T2,TPhase,RPhase,RawTemp/NO3/pH/FSig,BbSig,TSig/Ocr: 261.4dbars 15.5117C 34.5524PSU / 176.6uM 15.526C 37.988 6.880 422.225 / 14.7uM / -1.020768V /   51  104  554 / 0x7ff38536 0x7ffd2b9b 0x8000ecb6 0x8003be49
(Oct 16 2025 20:00:03,  882954 sec) Profile()            Sample 34 initiated at 251.7dbars for bin 35 [250dbars].  PTS/O2,T2,TPhase,RPhase,RawTemp/NO3/pH/FSig,BbSig,TSig/Ocr: 251.6dbars 16.0654C 34.5921PSU / 178.4uM 16.089C 37.596 6.892 403.905 / 13.7uM / -1.019645V /   51  104  554 / 0x7ff37b6d 0x7ffd2c36 0x8000eb52 0x8003ac49
(Oct 16 2025 20:02:27,  883098 sec) Profile()            Sample 35 initiated at 241.3dbars for bin 36 [240dbars].  PTS/O2,T2,TPhase,RPhase,RawTemp/NO3/pH/FSig,BbSig,TSig/Ocr: 241.3dbars 16.8717C 34.6627PSU / 190.0uM 16.874C 36.469 6.933 378.308 / 11.3uM / -1.017427V /   50  106  553 / 0x7ff385ed 0x7ffd0d64 0x8000e164 0x8003a26d
(Oct 16 2025 20:03:33,  883164 sec) AscentControlAgent() Bouyancy nudge to 142 (v=0.075dbar/sec).
(Oct 16 2025 20:03:33,  883164 sec) PistonMoveAbsWTO()    132->142 133 134 135 136 137 [30sec, 14.7Volts, 0.247Amps, CPT:1944sec]
(Oct 16 2025 20:04:59,  883250 sec) Profile()            Sample 36 initiated at 229.6dbars for bin 37 [230dbars].  PTS/O2,T2,TPhase,RPhase,RawTemp/NO3/pH/FSig,BbSig,TSig/Ocr: 229.4dbars 17.3494C 34.7038PSU / 199.6uM 17.366C 35.651 6.947 362.230 / 10.7uM / -1.016651V /   51  105  552 / 0x7ff38176 0x7ffd0c40 0x8000c680 0x80039dc9
(Oct 16 2025 20:04:59,  883250 sec) PistonMoveAbsWTO()    137->142 138 139 140 141 142 [27sec, 14.6Volts, 0.247Amps, CPT:1971sec]
(Oct 16 2025 20:06:33,  883344 sec) Profile()            Sample 37 initiated at 221.7dbars for bin 38 [220dbars].  PTS/O2,T2,TPhase,RPhase,RawTemp/NO3/pH/FSig,BbSig,TSig/Ocr: 221.6dbars 18.1430C 34.7703PSU / 197.5uM 18.138C 35.420 6.967 336.927 / 9.6uM / -1.015344V /   52  107  551 / 0x7ff39d09 0x7ffd0036 0x8000e29b 0x80038949
(Oct 16 2025 20:08:02,  883433 sec) Spi1CsPulse()        Chip-select pulse failed for SPI1 device 3.
(Oct 16 2025 20:08:35,  883466 sec) Profile()            Sample 38 initiated at 211.4dbars for bin 39 [210dbars].  PTS/O2,T2,TPhase,RPhase,RawTemp/NO3/pH/FSig,BbSig,TSig/Ocr: 211.4dbars 19.1331C 34.8708PSU / 200.1uM 19.120C 34.819 6.999 304.634 / 7.9uM / -1.014063V /   53  110  550 / 0x7ff38036 0x7ffcf49b 0x8000cfa4 0x800393e4
(Oct 16 2025 20:10:27,  883578 sec) Profile()            Sample 39 initiated at 201.3dbars for bin 40 [200dbars].  PTS/O2,T2,TPhase,RPhase,RawTemp/NO3/pH/FSig,BbSig,TSig/Ocr: 201.2dbars 19.6405C 34.8969PSU / 200.8uM 19.628C 34.548 7.016 287.906 / 8.0uM / -1.014050V /   54  103  549 / 0x7ff3861b 0x7ffcf952 0x8000cf9b 0x80037ec0
(Oct 16 2025 20:12:18,  883689 sec) Profile()            Sample 40 initiated at 191.6dbars for bin 41 [190dbars].  PTS/O2,T2,TPhase,RPhase,RawTemp/NO3/pH/FSig,BbSig,TSig/Ocr: 191.6dbars 20.2350C 34.9347PSU / 198.0uM 20.219C 34.453 7.038 268.403 / 7.7uM / -1.013687V /   57  106  548 / 0x7ff381f6 0x7ffcf376 0x8000afe4 0x800377db
(Oct 16 2025 20:14:53,  883844 sec) Profile()            Sample 41 initiated at 181.7dbars for bin 42 [180dbars].  PTS/O2,T2,TPhase,RPhase,RawTemp/NO3/pH/FSig,BbSig,TSig/Ocr: 181.7dbars 20.6562C 34.9641PSU / 196.9uM 20.653C 34.326 7.052 254.094 / 7.3uM / -1.013074V /   59  111  547 / 0x7ff39a24 0x7ffcde36 0x8000c2db 0x80036836
(Oct 16 2025 20:18:54,  884085 sec) AscentControlAgent() Bouyancy nudge to 152 (v=0.027dbar/sec).
(Oct 16 2025 20:18:54,  884085 sec) PistonMoveAbsWTO()    142->152 143 144 145 146 147 [30sec, 14.8Volts, 0.232Amps, CPT:2001sec]
(Oct 16 2025 20:19:35,  884126 sec) PistonMoveAbsWTO()    147->152 148 149 150 151 152 [26sec, 14.7Volts, 0.234Amps, CPT:2027sec]
(Oct 16 2025 20:20:57,  884208 sec) Profile()            Sample 42 initiated at 171.5dbars for bin 43 [170dbars].  PTS/O2,T2,TPhase,RPhase,RawTemp/NO3/pH/FSig,BbSig,TSig/Ocr: 171.5dbars 21.9052C 35.0401PSU / 199.7uM 21.895C 33.618 7.097 213.105 / 6.2uM / -1.011827V /   65  117  545 / 0x7ff3a16d 0x7ffcccb6 0x8000c62d 0x80035409
(Oct 16 2025 20:23:23,  884354 sec) Profile()            Sample 43 initiated at 161.5dbars for bin 44 [160dbars].  PTS/O2,T2,TPhase,RPhase,RawTemp/NO3/pH/FSig,BbSig,TSig/Ocr: 161.4dbars 22.3535C 35.0641PSU / 200.6uM 22.341C 33.375 7.108 198.387 / 5.7uM / -1.011358V /   68  118  544 / 0x7ff3abb6 0x7ffccaed 0x8000d7e4 0x80034ec0
(Oct 16 2025 20:26:31,  884542 sec) Profile()            Sample 44 initiated at 151.6dbars for bin 45 [150dbars].  PTS/O2,T2,TPhase,RPhase,RawTemp/NO3/pH/FSig,BbSig,TSig/Ocr: 151.6dbars 23.0125C 35.1162PSU / 202.7uM 22.989C 32.977 7.119 177.014 / 5.2uM / -1.010210V /   73  116  543 / 0x7ff3bed2 0x7ffd029b 0x80011bed 0x80035a49
(Oct 16 2025 20:29:02,  884693 sec) AscentControlAgent() Bouyancy nudge to 162 (v=0.034dbar/sec).
(Oct 16 2025 20:29:02,  884693 sec) PistonMoveAbsWTO()    152->162 153 154 155 156 157 [30sec, 14.8Volts, 0.227Amps, CPT:2057sec]
(Oct 16 2025 20:29:43,  884734 sec) PistonMoveAbsWTO()    157->162 158 159 160 161 162 [25sec, 14.7Volts, 0.219Amps, CPT:2082sec]
(Oct 16 2025 20:32:04,  884875 sec) Profile()            Sample 45 initiated at 141.8dbars for bin 46 [140dbars].  PTS/O2,T2,TPhase,RPhase,RawTemp/NO3/pH/FSig,BbSig,TSig/Ocr: 141.8dbars 24.2467C 35.0997PSU / 206.2uM 24.209C 32.273 7.160 136.891 / 4.3uM / -1.009050V /   84  112  541 / 0x7ff3e22d 0x7ffdbf24 0x8001c476 0x800377db
(Oct 16 2025 20:34:05,  884996 sec) AscentControlAgent() Bouyancy nudge to 172 (v=0.039dbar/sec).
(Oct 16 2025 20:34:05,  884996 sec) PistonMoveAbsWTO()    162->172 163 164 165 166 167 [30sec, 14.8Volts, 0.221Amps, CPT:2112sec]
(Oct 16 2025 20:34:46,  885037 sec) PistonMoveAbsWTO()    167->172 168 169 170 171 172 [24sec, 14.7Volts, 0.214Amps, CPT:2136sec]
(Oct 16 2025 20:36:26,  885137 sec) Profile()            Sample 46 initiated at 131.8dbars for bin 47 [130dbars].  PTS/O2,T2,TPhase,RPhase,RawTemp/NO3/pH/FSig,BbSig,TSig/Ocr: 131.8dbars 25.3429C 35.0972PSU / 212.5uM 25.316C 31.486 7.201 100.581 / 4.0uM / -1.007314V /   98  115  539 / 0x7ff41280 0x7fff265b 0x80030980 0x8003b1b6
(Oct 16 2025 20:39:07,  885298 sec) AscentControlAgent() Bouyancy nudge to 182 (v=0.034dbar/sec).
(Oct 16 2025 20:39:07,  885298 sec) PistonMoveAbsWTO()    172->182 173 174 175 176 177 [30sec, 14.8Volts, 0.215Amps, CPT:2166sec]
(Oct 16 2025 20:39:48,  885339 sec) PistonMoveAbsWTO()    177->182 178 179 180 181 182 [24sec, 14.8Volts, 0.213Amps, CPT:2190sec]
(Oct 16 2025 20:41:08,  885419 sec) Profile()            Sample 47 initiated at 121.3dbars for bin 48 [120dbars].  PTS/O2,T2,TPhase,RPhase,RawTemp/NO3/pH/FSig,BbSig,TSig/Ocr: 121.2dbars 26.1364C 35.0932PSU / 222.5uM 26.125C 30.648 7.231 74.154 / 4.0uM / -1.005922V /  103  119  538 / 0x7ff4fc09 0x80027a2d 0x8005d6e4 0x8004619b
(Oct 16 2025 20:41:29,  885440 sec) PistonMoveAbsWTO()    182->182 [0sec, 0.0Volts, 0.000Amps, CPT:2190sec]
(Oct 16 2025 20:41:39,  885450 sec) PistonMoveAbsWTO()    182->182 [1sec, 0.0Volts, 0.000Amps, CPT:2191sec]
(Oct 16 2025 20:42:21,  885492 sec) PistonMoveAbsWTO()    182->182 [1sec, 0.0Volts, 0.000Amps, CPT:2192sec]
(Oct 16 2025 20:42:44,  885515 sec) PistonMoveAbsWTO()    182->182 [1sec, 0.0Volts, 0.000Amps, CPT:2193sec]
(Oct 16 2025 20:43:53,  885584 sec) Profile()            Sample 48 initiated at 111.6dbars for bin 49 [110dbars].  PTS/O2,T2,TPhase,RPhase,RawTemp/NO3/pH/FSig,BbSig,TSig/Ocr: 111.5dbars 27.0481C 35.0513PSU / 224.8uM 26.987C 30.205 7.237 46.092 / 4.4uM / -1.004424V /   97  124  537 / 0x7ff6dd89 0x80087e76 0x800a0aed 0x8005a0c9
(Oct 16 2025 20:43:53,  885584 sec) PistonMoveAbsWTO()    182->182 [0sec, 0.0Volts, 0.000Amps, CPT:2193sec]
(Oct 16 2025 20:44:04,  885595 sec) PistonMoveAbsWTO()    182->182 [1sec, 0.0Volts, 0.000Amps, CPT:2194sec]
(Oct 16 2025 20:44:17,  885608 sec) PistonMoveAbsWTO()    182->182 [0sec, 0.0Volts, 0.000Amps, CPT:2194sec]
(Oct 16 2025 20:44:28,  885619 sec) PistonMoveAbsWTO()    181->182 182 [1sec, 14.9Volts, 0.219Amps, CPT:2195sec]
(Oct 16 2025 20:48:33,  885864 sec) Profile()            Sample 49 initiated at 101.7dbars for bin 50 [100dbars].  PTS/O2,T2,TPhase,RPhase,RawTemp/NO3/pH/FSig,BbSig,TSig/Ocr: 101.6dbars 27.3861C 35.0283PSU / 232.4uM 27.368C 29.700 7.261 33.758 / 4.3uM / -1.004218V /   85  123  535 / 0x7ffad789 0x80137e9b 0x80123812 0x8007f8b6
(Oct 16 2025 20:49:18,  885909 sec) AscentControlAgent() Bouyancy nudge to 187 (v=0.038dbar/sec).
(Oct 16 2025 20:49:18,  885909 sec) PistonMoveAbsWTO()    182->187 183 184 185 186 187 [27sec, 14.9Volts, 0.205Amps, CPT:2222sec]
(Oct 16 2025 20:49:56,  885947 sec) PistonMoveAbsWTO()    186->187 187 [1sec, 14.9Volts, 0.216Amps, CPT:2223sec]
(Oct 16 2025 20:50:54,  886005 sec) Profile()            Sample 50 initiated at 96.5dbars for bin 51 [95dbars].  PTS/O2,T2,TPhase,RPhase,RawTemp/NO3/pH/FSig,BbSig,TSig/Ocr: 96.5dbars 27.5661C 35.0124PSU / 233.2uM 27.552C 29.594 7.265 27.790 / 4.3uM / -1.003916V /   76  124  534 / 0x7ffe29db 0x801b2440 0x8017595b 0x80098ce4
(Oct 16 2025 20:52:35,  886106 sec) Profile()            Sample 51 initiated at 91.5dbars for bin 52 [90dbars].  PTS/O2,T2,TPhase,RPhase,RawTemp/NO3/pH/FSig,BbSig,TSig/Ocr: 91.5dbars 27.8361C 34.9937PSU / 234.5uM 27.814C 29.435 7.269 19.320 / 4.5uM / -1.003774V /   71  123  534 / 0x80026bdb 0x80231a00 0x801c1000 0x800b275b
(Oct 16 2025 20:54:27,  886218 sec) Profile()            Sample 52 initiated at 86.7dbars for bin 53 [85dbars].  PTS/O2,T2,TPhase,RPhase,RawTemp/NO3/pH/FSig,BbSig,TSig/Ocr: 86.6dbars 28.0522C 34.9585PSU / 234.5uM 28.029C 29.359 7.278 12.390 / 4.5uM / -1.003642V /   73  123  534 / 0x8007a536 0x802c9964 0x8022575b 0x800d35e4
(Oct 16 2025 20:59:37,  886528 sec) AscentControlAgent() Bouyancy nudge to 192 (v=-0.008dbar/sec).
(Oct 16 2025 20:59:37,  886528 sec) PistonMoveAbsWTO()    187->192 188 189 190 191 192 [26sec, 14.9Volts, 0.209Amps, CPT:2249sec]
(Oct 16 2025 21:04:40,  886831 sec) Profile()            Sample 53 initiated at 81.9dbars for bin 54 [80dbars].  PTS/O2,T2,TPhase,RPhase,RawTemp/NO3/pH/FSig,BbSig,TSig/Ocr: 81.9dbars 28.6413C 34.8861PSU / 236.5uM 28.634C 29.049 7.291 -7.076 / 4.6uM / -1.003340V /   69  123  532 / 0x801bc5c9 0x80505d1b 0x8039102d 0x8014c6b6
(Oct 16 2025 21:04:41,  886832 sec) AscentControlAgent() Bouyancy nudge to 197 (v=0.022dbar/sec).
(Oct 16 2025 21:04:41,  886832 sec) PistonMoveAbsWTO()    192->197 193 194 195 196 197 [27sec, 14.9Volts, 0.202Amps, CPT:2276sec]
(Oct 16 2025 21:07:43,  887014 sec) Profile()            Sample 54 initiated at 76.8dbars for bin 55 [75dbars].  PTS/O2,T2,TPhase,RPhase,RawTemp/NO3/pH/FSig,BbSig,TSig/Ocr: 76.7dbars 29.1703C 34.8277PSU / 235.9uM 29.137C 28.895 7.308 -23.185 / 4.9uM / -1.002915V /   66  123  532 / 0x802d1f24 0x806e3900 0x804e1724 0x801b5252
(Oct 16 2025 21:10:30,  887181 sec) Profile()            Sample 55 initiated at 71.9dbars for bin 56 [70dbars].  PTS/O2,T2,TPhase,RPhase,RawTemp/NO3/pH/FSig,BbSig,TSig/Ocr: 71.9dbars 29.2031C 34.8245PSU / 236.5uM 29.202C 28.845 7.318 -25.267 / 4.8uM / -1.002919V /   64  126  531 / 0x803c9192 0x808a77a4 0x80635400 0x8021d309
(Oct 16 2025 21:10:32,  887183 sec) AscentControlAgent() Bouyancy nudge to 202 (v=0.029dbar/sec).
(Oct 16 2025 21:10:32,  887183 sec) PistonMoveAbsWTO()    197->202 198 199 200 201 202 [26sec, 14.9Volts, 0.199Amps, CPT:2302sec]
(Oct 16 2025 21:15:34,  887485 sec) AscentControlAgent() Bouyancy nudge to 207 (v=0.001dbar/sec).
(Oct 16 2025 21:15:34,  887485 sec) PistonMoveAbsWTO()    202->207 203 204 205 206 207 [28sec, 15.0Volts, 0.196Amps, CPT:2330sec]
(Oct 16 2025 21:18:38,  887669 sec) Profile()            Sample 56 initiated at 66.8dbars for bin 57 [65dbars].  PTS/O2,T2,TPhase,RPhase,RawTemp/NO3/pH/FSig,BbSig,TSig/Ocr: 66.7dbars 29.7628C 34.5011PSU / 227.3uM 29.764C 29.068 7.330 -43.202 / 5.1uM / -1.002291V /   61  124  530 / 0x806eecd2 0x80efe5e4 0x80b261ed 0x80391ef6
(Oct 16 2025 21:20:41,  887792 sec) AscentControlAgent() Bouyancy nudge to 212 (v=0.023dbar/sec).
(Oct 16 2025 21:20:41,  887792 sec) PistonMoveAbsWTO()    207->212 208 209 210 211 212 [26sec, 15.0Volts, 0.187Amps, CPT:2356sec]
(Oct 16 2025 21:22:25,  887896 sec) Profile()            Sample 57 initiated at 61.6dbars for bin 58 [60dbars].  PTS/O2,T2,TPhase,RPhase,RawTemp/NO3/pH/FSig,BbSig,TSig/Ocr: 61.6dbars 29.7519C 34.4776PSU / 224.7uM 29.758C 29.197 7.329 -43.016 / 5.1uM / -1.002252V /   56  123  530 / 0x808f1f09 0x812e2849 0x80e6995b 0x80485c89
(Oct 16 2025 21:24:06,  887997 sec) Profile()            Sample 58 initiated at 56.5dbars for bin 59 [55dbars].  PTS/O2,T2,TPhase,RPhase,RawTemp/NO3/pH/FSig,BbSig,TSig/Ocr: 56.5dbars 29.7510C 34.4773PSU / 224.4uM 29.757C 29.212 7.328 -42.981 / 5.1uM / -1.002182V /   56  120  529 / 0x80aab092 0x8155d91b 0x8106415b 0x8052ddd2
(Oct 16 2025 21:25:47,  888098 sec) Profile()            Sample 59 initiated at 51.7dbars for bin 60 [50dbars].  PTS/O2,T2,TPhase,RPhase,RawTemp/NO3/pH/FSig,BbSig,TSig/Ocr: 51.7dbars 29.7496C 34.4769PSU / 224.3uM 29.756C 29.213 7.324 -42.938 / 5.1uM / -1.002145V /   55  122  529 / 0x80cc63a4 0x818e2d09 0x813b37ed 0x806358a4
(Oct 16 2025 21:27:40,  888211 sec) Profile()            Sample 60 initiated at 46.7dbars for bin 61 [45dbars].  PTS/O2,T2,TPhase,RPhase,RawTemp/NO3/pH/FSig,BbSig,TSig/Ocr: 46.6dbars 29.7477C 34.4773PSU / 224.4uM 29.755C 29.211 7.323 -42.934 / 5.1uM / -1.002136V /   55  118  529 / 0x80ffabed 0x81fb9d6d 0x81a5549b 0x8080fb40
(Oct 16 2025 21:29:21,  888312 sec) Profile()            Sample 61 initiated at 41.5dbars for bin 62 [40dbars].  PTS/O2,T2,TPhase,RPhase,RawTemp/NO3/pH/FSig,BbSig,TSig/Ocr: 41.5dbars 29.7489C 34.4773PSU / 224.5uM 29.756C 29.207 7.322 -42.963 / 5.1uM / -1.002099V /   56  120  529 / 0x81366952 0x826089ed 0x81fe2a36 0x809da612
(Oct 16 2025 21:30:40,  888391 sec) Profile()            Sample 62 initiated at 36.5dbars for bin 63 [35dbars].  PTS/O2,T2,TPhase,RPhase,RawTemp/NO3/pH/FSig,BbSig,TSig/Ocr: 36.4dbars 29.7469C 34.4774PSU / 224.4uM 29.755C 29.209 7.320 -42.920 / 5.1uM / -1.002067V /   54  120  529 / 0x816d60e4 0x82b13036 0x824962e4 0x80ba3d00
(Oct 16 2025 21:31:49,  888460 sec) Profile()            Sample 63 initiated at 31.8dbars for bin 64 [30dbars].  PTS/O2,T2,TPhase,RPhase,RawTemp/NO3/pH/FSig,BbSig,TSig/Ocr: 31.7dbars 29.7465C 34.4768PSU / 224.5uM 29.754C 29.204 7.319 -42.892 / 5.0uM / -1.002010V /   55  118  529 / 0x818bcd64 0x82a11ec9 0x8239ccc9 0x80ba4eb6
(Oct 16 2025 21:33:08,  888539 sec) Profile()            Sample 64 initiated at 26.3dbars for bin 65 [25dbars].  PTS/O2,T2,TPhase,RPhase,RawTemp/NO3/pH/FSig,BbSig,TSig/Ocr: 26.3dbars 29.7455C 34.4772PSU / 224.6uM 29.754C 29.202 7.318 -42.890 / 5.0uM / -1.001992V /   56  119  529 / 0x81f38db6 0x836e1df6 0x8301bc40 0x80ff0a24
(Oct 16 2025 21:34:16,  888607 sec) Profile()            Sample 65 initiated at 21.9dbars for bin 66 [20dbars].  PTS/O2,T2,TPhase,RPhase,RawTemp/NO3/pH/FSig,BbSig,TSig/Ocr: 21.8dbars 29.7429C 34.4769PSU / 224.6uM 29.752C 29.200 7.315 -42.831 / 5.1uM / -1.001909V /   57  119  529 / 0x8266d549 0x84695836 0x84162249 0x815d66db
(Oct 16 2025 21:35:46,  888697 sec) Profile()            Sample 66 initiated at 16.5dbars for bin 67 [15dbars].  PTS/O2,T2,TPhase,RPhase,RawTemp/NO3/pH/FSig,BbSig,TSig/Ocr: 16.5dbars 29.7405C 34.4761PSU / 224.7uM 29.750C 29.198 7.314 -42.758 / 5.1uM / -1.001859V /   56  118  529 / 0x82c87eed 0x84ce13ed 0x84730ce4 0x819b4b80
(Oct 16 2025 21:37:28,  888799 sec) Profile()            Sample 67 initiated at 11.8dbars for bin 68 [10dbars].  PTS/O2,T2,TPhase,RPhase,RawTemp/NO3/pH/FSig,BbSig,TSig/Ocr: 11.8dbars 29.7407C 34.4763PSU / 224.9uM 29.755C 29.188 7.313 -42.929

(Oct 16 2025 21:37:28) LogSize()            Log file is 48681 bytes.  Limit is 51200 bytes.

 / 5.1uM / -1.001835V /   56  119  529 / 0x8343e0e4 0x858f60db 0x856979c0 0x8215989b
(Oct 16 2025 21:38:47,  888878 sec) Profile()            Sample 68 initiated at 7.6dbars for bin 69 [6dbars].  PTS/O2,T2,TPhase,RPhase,RawTemp/NO3/pH/FSig,BbSig,TSig/Ocr: 7.5dbars 29.7393C 34.4763PSU / 224.9uM 29.749C 29.189 7.309 -42.734 / 5.1uM / -1.001799V /   55  120  529 / 0x83b60d52 0x868152e4 0x867be452 0x82c09d09
(Oct 16 2025 21:39:34,  888925 sec) SurfaceDetect()      SurfacePressure:-0.2dbars Pressure:3.7dbars PistonPosition:212
(Oct 16 2025 21:39:34,  888925 sec) Sbe41cpStopCP()      Continuous profile stopped.
(Oct 16 2025 21:39:37,  888928 sec) PistonMoveAbsWTO()    212->234 213 214 215 216 217 218 219 220 221 222 223 224 225 226 227 228 229 230 231 [99sec, 14.9Volts, 0.172Amps, CPT:2455sec]
(Oct 16 2025 21:41:22,  889033 sec) chat()               Expected string [S>] not received.
(Oct 16 2025 21:43:15,  889146 sec) Sbe41cpBinAverage()  Finished averaging 13948 samples in 108 seconds.
(Oct 16 2025 21:43:20,  889151 sec) Sbe41cpUploadCP_()   Sbe41cpSerNo[17090] NSample[13948] NBin[492]
(Oct 16 2025 21:43:51,  889182 sec) Sbe41cpUploadCP_()   Continuous profile uploaded [492 lines].
(Oct 16 2025 21:44:06,  889197 sec) MscErrorLog_()       No error records to log.
(Oct 16 2025 21:44:17,  889208 sec) MscErrorLog_()       No error records to log.

<EOT>
