(Sep 05 2025 16:11:20,  888116 sec) TelemetryInit()      Profile 4. (Apf11 FwRev: 031524)
(Sep 05 2025 16:11:20,  888116 sec) TelemetryInit()      Charge consumption model: OCV:15.3V Wake-Cycles:15004 Standby:120.4days Wake:14.7kC Sensors:1.2kC
(Sep 05 2025 16:16:35,  888431 sec) GetSurfaceObs()      P/O2,T2,TPhase,RPhase,RawTemp/FSig,BbSig,TSig: 0.1dbars / 225.6uM 29.595C 29.209 7.321 -37.832 / 55,111,529
(Sep 05 2025 16:16:35,  888431 sec) GetSurfaceObs()      P/Ocr: 0.1dbars / 0x7ff3e6c9 0x7ffbebe4 0x80002236 0x8002afa4
(Sep 05 2025 16:17:09,  888465 sec) GetSurfaceObs()      P/O2,T2,TPhase,RPhase,RawTemp/FSig,BbSig,TSig: 0.1dbars / 225.2uM 29.635C 29.214 7.322 -39.084 / 59,113,529
(Sep 05 2025 16:17:09,  888465 sec) GetSurfaceObs()      P/Ocr: 0.1dbars / 0x7ff3ea00 0x7ffbf289 0x800029a4 0x8002b900
(Sep 05 2025 16:17:42,  888498 sec) GetSurfaceObs()      P/O2,T2,TPhase,RPhase,RawTemp/FSig,BbSig,TSig: 0.1dbars / 225.4uM 29.623C 29.211 7.321 -38.732 / 55,117,529
(Sep 05 2025 16:17:42,  888498 sec) GetSurfaceObs()      P/Ocr: 0.1dbars / 0x7ff3ef36 0x7ffbf649 0x800020ed 0x8002ac36
(Sep 05 2025 16:18:15,  888531 sec) GetSurfaceObs()      P/O2,T2,TPhase,RPhase,RawTemp/FSig,BbSig,TSig: 0.1dbars / 224.8uM 29.643C 29.229 7.320 -39.357 / 55,119,529
(Sep 05 2025 16:18:15,  888531 sec) GetSurfaceObs()      P/Ocr: 0.1dbars / 0x7ff3ed2d 0x7ffbe5db 0x80001e00 0x8002b040
(Sep 05 2025 16:20:58,  888694 sec) AirSystem()          Battery [216cnt, 15.2V]  Current [24cnt, 94.2mA]  Pneumometer [156cnt, 18.3psi]  Run-Time [78s]
(Sep 05 2025 16:21:11,  888707 sec) GetSurfaceObs()      P/O2,T2,TPhase,RPhase,RawTemp/FSig,BbSig,TSig: -0.1dbars / 232.1uM 28.188C 29.412 7.312 7.253 / 55,113,529
(Sep 05 2025 16:21:11,  888707 sec) GetSurfaceObs()      P/Ocr: -0.1dbars / 0x7ff3deb6 0x7ffbeadb 0x80002589 0x8002bb24
(Sep 05 2025 16:21:44,  888740 sec) GetSurfaceObs()      P/O2,T2,TPhase,RPhase,RawTemp/FSig,BbSig,TSig: -0.2dbars / 230.7uM 28.246C 29.454 7.307 5.386 / 55,112,529
(Sep 05 2025 16:21:44,  888740 sec) GetSurfaceObs()      P/Ocr: -0.2dbars / 0x7ff3f0db 0x7ffbf6a4 0x80003192 0x8002ba76
(Sep 05 2025 16:22:17,  888773 sec) GetSurfaceObs()      P/O2,T2,TPhase,RPhase,RawTemp/FSig,BbSig,TSig: -0.1dbars / 229.7uM 28.334C 29.470 7.305 2.577 / 55,110,528
(Sep 05 2025 16:22:17,  888773 sec) GetSurfaceObs()      P/Ocr: -0.1dbars / 0x7ff41124 0x7ffbe576 0x80002580 0x8002b8f6
(Sep 05 2025 16:22:51,  888807 sec) GetSurfaceObs()      P/O2,T2,TPhase,RPhase,RawTemp/FSig,BbSig,TSig: -0.0dbars / 232.1uM 27.944C 29.500 7.302 15.119 / 55,111,529
(Sep 05 2025 16:22:51,  888807 sec) GetSurfaceObs()      P/Ocr: -0.0dbars / 0x7ff3e51b 0x7ffbf7e4 0x8000255b 0x8002ba9b
(Sep 05 2025 16:23:24,  888840 sec) GetSurfaceObs()      P/O2,T2,TPhase,RPhase,RawTemp/FSig,BbSig,TSig: -0.2dbars / 230.7uM 28.082C 29.513 7.298 10.685 / 55,112,529
(Sep 05 2025 16:23:24,  888840 sec) GetSurfaceObs()      P/Ocr: -0.2dbars / 0x7ff3e0e4 0x7ffbfe92 0x800018c9 0x8002b4db
(Sep 05 2025 16:23:57,  888873 sec) GetSurfaceObs()      P/O2,T2,TPhase,RPhase,RawTemp/FSig,BbSig,TSig: -0.1dbars / 231.0uM 28.019C 29.523 7.295 12.701 / 56,111,528
(Sep 05 2025 16:23:57,  888873 sec) GetSurfaceObs()      P/Ocr: -0.1dbars / 0x7ff3ef64 0x7ffbf552 0x80002c24 0x8002b6ad
(Sep 05 2025 16:24:30,  888906 sec) GetSurfaceObs()      P/O2,T2,TPhase,RPhase,RawTemp/FSig,BbSig,TSig: -0.0dbars / 230.9uM 28.042C 29.520 7.294 11.969 / 55,112,528
(Sep 05 2025 16:24:30,  888906 sec) GetSurfaceObs()      P/Ocr: -0.0dbars / 0x7ff3f8f6 0x7ffc03ad 0x800028c0 0x8002b880
(Sep 05 2025 16:25:03,  888939 sec) GetSurfaceObs()      P/O2,T2,TPhase,RPhase,RawTemp/FSig,BbSig,TSig: -0.2dbars / 231.0uM 28.059C 29.510 7.293 11.413 / 55,113,528
(Sep 05 2025 16:25:03,  888939 sec) GetSurfaceObs()      P/Ocr: -0.2dbars / 0x7ff3db40 0x7ffc0089 0x80001ec9 0x8002b309
(Sep 05 2025 16:25:27,  888963 sec) AirSystem()          Battery [217cnt, 15.2V]  Current [23cnt, 91.7mA]  Pneumometer [159cnt, 18.7psi]  Run-Time [9s]
(Sep 05 2025 16:26:23,  889019 sec) GetSurfaceObs()      P/O2,T2,TPhase,RPhase,RawTemp/FSig,BbSig,TSig: -0.1dbars / 230.7uM 28.178C 29.481 7.294 7.583 / 55,111,529
(Sep 05 2025 16:26:23,  889019 sec) GetSurfaceObs()      P/Ocr: -0.1dbars / 0x7ff3d792 0x7ffbec52 0x80002864 0x8002c06d
(Sep 05 2025 16:26:26,  889022 sec) GpsServices()        GPS almanac is current.
(Sep 05 2025 16:26:26,  889022 sec) GpsServices()        Initiating GPS fix acquisition.
(Sep 05 2025 16:26:44,  889040 sec) gga()                $GPGGA,162650,1527.0231,N,14240.9548,E,0,00,,,M,,M,,*59
(Sep 05 2025 16:26:53,  889049 sec) gga()                $GPGGA,162700,1527.0231,N,14240.9548,E,0,00,,,M,,M,,*5D
(Sep 05 2025 16:26:54,  889050 sec) gga()                $GPGGA,162700,1527.0231,N,14240.9548,E,0,00,,,M,,M,,*5D
(Sep 05 2025 16:27:04,  889060 sec) gga()                $GPGGA,162710,1527.0231,N,14240.9548,E,0,00,,,M,,M,,*5C
(Sep 05 2025 16:27:14,  889070 sec) gga()                $GPGGA,162720,1454.9811,N,14247.3415,E,1,06,1.2,25.8,M,50.0,M,,*7F
(Sep 05 2025 16:27:14,  889070 sec) GpsServices()        Profile 4 GPS fix obtained in 48 seconds.
(Sep 05 2025 16:27:14,  889070 sec) GpsServices()                   lon      lat mm/dd/yyyy hhmmss nsat
(Sep 05 2025 16:27:14,  889070 sec) GpsServices()        Fix:  142.7890  14.9164 09/05/2025 162720    6
(Sep 05 2025 16:27:24,  889080 sec) gga()                $GPGGA,162730,1454.9805,N,14247.3401,E,1,06,1.2,27.2,M,50.0,M,,*76
(Sep 05 2025 16:27:33,  889089 sec) gga()                $GPGGA,162740,1454.9796,N,14247.3389,E,1,06,1.2,26.6,M,50.0,M,,*76
(Sep 05 2025 16:27:33,  889089 sec) GpsServices()        APF11 RTC skew (-7s) OK.
(Sep 05 2025 16:27:33,  889089 sec) GpsServices()        GPS services complete.
(Sep 05 2025 16:28:01,  889117 sec) IrGeoLoc()           <x,y,z>=<-4888km,3724km,1688km> lat=15.458 lon=142.697 IrSysTime=0xec05b52f
(Sep 05 2025 16:28:05,  889121 sec) CLogin()             Connecting to primary host.
(Sep 05 2025 16:28:18,  889134 sec) CLogin()             Connection 1 established in 13 seconds.
(Sep 05 2025 16:28:48,  889164 sec) expect()             Attempt to read prompt string [login:] failed.
(Sep 05 2025 16:28:48,  889164 sec) login()              Login prompt not received.
(Sep 05 2025 16:29:00,  889176 sec) login()              Login successful.
(Sep 05 2025 16:29:04,  889180 sec) CLogin()             Logged in to host.  [Login required 46 seconds]
(Sep 05 2025 16:29:08,  889184 sec) RxConfig()           Downloading "mission.cfg" from host.
(Sep 05 2025 16:29:29,  889205 sec) RxConfig()           Download successful: [bytes:33, sec:19.5, bps:2]
(Sep 05 2025 16:29:35,  889211 sec) WriteVitals_()       Writing vitals to "21878.004.msg".
(Sep 05 2025 16:29:46,  889222 sec) UpLoadFile()         Uploading "21878.004.log" to host.
(Sep 05 2025 16:34:11,  889487 sec) UpLoadFile()         Upload successful: [bytes:48281, sec:265.4, bps:182]
(Sep 05 2025 16:34:13,  889489 sec) fmove()              Moved: 21878.004.log -> archive/21878.004.log
(Sep 05 2025 16:34:17,  889493 sec) UpLoadFile()         Uploading "21878.004.msg" to host.
(Sep 05 2025 16:37:08,  889664 sec) UpLoadFile()         Upload successful: [bytes:42941, sec:171.0, bps:251]
(Sep 05 2025 16:37:09,  889665 sec) fmove()              Moved: 21878.004.msg -> archive/21878.004.msg
(Sep 05 2025 16:37:21,  889677 sec) UpLoadFile()         Uploading "21878.004.isus" to host.
(Sep 05 2025 16:39:04,  889780 sec) UpLoadFile()         Upload successful: [bytes:25479, sec:103.0, bps:247]
(Sep 05 2025 16:39:05,  889781 sec) fmove()              Moved: 21878.004.isus -> archive/21878.004.isus
(Sep 05 2025 16:39:09,  889785 sec) UpLoadFile()         Uploading "21878.004.dura" to host.
(Sep 05 2025 16:40:01,  889837 sec) UpLoadFile()         Upload successful: [bytes:13584, sec:51.9, bps:262]
(Sep 05 2025 16:40:02,  889838 sec) fmove()              Moved: 21878.004.dura -> archive/21878.004.dura
(Sep 05 2025 16:40:04,  889840 sec) UpLoad()             Files successfully uploaded: 4
(Sep 05 2025 16:40:04,  889840 sec) UpLoad()             Upload complete.
(Sep 05 2025 16:40:11,  889847 sec) chat()               Expected string [logout] not received.
(Sep 05 2025 16:40:11,  889847 sec) logout()             Attempt to log-out failed.
(Sep 05 2025 16:40:11,  889847 sec) logout()             No carrier detected.
(Sep 05 2025 16:40:11,  889847 sec) Telemetry()          Telemetry cycle complete: PrfId=4 ConnectionAttempts=1  Connections=1
(Sep 05 2025 16:40:11,  889847 sec) TelemetryTerminate() Parsing new mission configuration.
(Sep 05 2025 16:40:12,  889848 sec) configure()          Parsing configurators in "mission.cfg".
(Sep 05 2025 16:40:12,  889848 sec) configure()             TelemetryRetry(15)      [0x7BBC] [TelemetryRetry(15)].
(Sep 05 2025 16:40:13,  889849 sec) configure()          Configuration CRCs and syntax OK.
(Sep 05 2025 16:40:13,  889849 sec) ConfigSupervisor()   Configuration accepted.
(Sep 05 2025 16:40:13,  889849 sec) TelemetryTerminate() Reconditioning the file system.
(Sep 05 2025 16:40:16,       0 sec) DescentInit()        Deep profile 5 initiated at mission-time 889852sec.
(Sep 05 2025 16:40:17,       1 sec) DescentInit()        Surface pressure: -0.2dbars.
(Sep 05 2025 16:40:17,       1 sec) DescentInit()        Charge consumption model: OCV:15.1V Wake-Cycles:15005 Standby:120.4days Wake:14.7kC Sleep:1.2kC
(Sep 05 2025 16:40:29,      13 sec) DescentInit()        Pneumatic humidity: 1015(5.7%) -> 1159(9.9%)
(Sep 05 2025 16:40:30,      14 sec) PistonMoveAbsWTO()    231->048 230 229 228 227 226 225 224 223 222 221 220 219 218 217 216 215 214 213 212 211 210 209 208 207 206 205 204 203 202 201 200 199 198 197 196 195 194 193 192 191 190 189 188 187 186 185 184 183 182 181 180 179 178 177 176 175 174 173 172 171 170 169 168 167 166 165 164 163 162 161 160 159 158 157 156 155 154 153 152 151 150 149 148 147 146 145 144 143 142 141 140 139 138 137 136 135 134 133 132 131 130 129 128 127 126 125 124 123 122 121 120 119 118 117 116 115 114 113 112 111 110 109 108 107 106 105 104 103 102 101 100 099 098 097 096 095 094 093 092 091 090 089 088 087 086 085 084 083 082 081 080 079 078 077 076 075 074 073 072 071 070 069 068 067 066 065 064 063 062 061 060 059 058 057 056 055 054 053 052 051 050 049 048 [939sec, 15.0Volts, 0.145Amps, CPT:939sec]
(Sep 05 2025 16:56:14,     958 sec) DescentInit()        Air solenoid open: Barometer [216cnt,  12.7psi]  Pneumometer [109cnt,  12.8psi]
(Sep 05 2025 16:56:24,     968 sec) Descent()            Pressure: 127.7
(Sep 05 2025 17:40:16,    3600 sec) Descent()            Pressure: 492.6
(Sep 05 2025 18:40:16,    7200 sec) Descent()            Pressure: 770.5
(Sep 05 2025 19:40:16,   10800 sec) Descent()            Pressure: 920.3
(Sep 05 2025 20:40:16,   14400 sec) Descent()            Pressure: 968.0
(Sep 05 2025 20:40:16,   14400 sec) ParkInit()           Charge consumption model: OCV:15.5V Wake-Cycles:15010 Standby:120.6days Wake:15.1kC Sensors:1.2kC
(Sep 05 2025 22:40:24,   21608 sec) Park()               ParkPOutOfBand[-3, 973.0 dbars]: retract piston.
(Sep 05 2025 22:40:24,   21608 sec) PistonMoveAbsWTO()    048->047 047 [6sec, 14.9Volts, 0.129Amps, CPT:945sec]
(Sep 06 2025 13:40:24,   75608 sec) Park()               ParkPOutOfBand[3, 1013.2 dbars]: extend piston.
(Sep 06 2025 13:40:24,   75608 sec) PistonMoveAbsWTO()    047->048 048 [4sec, 14.5Volts, 0.474Amps, CPT:949sec]
(Sep 09 2025 21:40:24,  363608 sec) Park()               ParkPOutOfBand[3, 1013.5 dbars]: extend piston.
(Sep 09 2025 21:40:24,  363608 sec) PistonMoveAbsWTO()    048->049 049 [6sec, 14.4Volts, 0.473Amps, CPT:955sec]
(Sep 10 2025 17:40:24,  435608 sec) Park()               ParkPOutOfBand[-3, 988.2 dbars]: retract piston.
(Sep 10 2025 17:40:24,  435608 sec) PistonMoveAbsWTO()    049->048 048 [3sec, 14.9Volts, 0.131Amps, CPT:958sec]
(Sep 11 2025 23:40:24,  543608 sec) Park()               ParkPOutOfBand[3, 1017.6 dbars]: extend piston.
(Sep 11 2025 23:40:24,  543608 sec) PistonMoveAbsWTO()    048->049 049 [3sec, 14.5Volts, 0.497Amps, CPT:961sec]
(Sep 12 2025 16:40:24,  604808 sec) Park()               ParkPOutOfBand[-3, 982.5 dbars]: retract piston.
(Sep 12 2025 16:40:24,  604808 sec) PistonMoveAbsWTO()    049->048 048 [3sec, 14.9Volts, 0.136Amps, CPT:964sec]
(Sep 13 2025 01:40:24,  637208 sec) Park()               ParkPOutOfBand[3, 1016.2 dbars]: extend piston.
(Sep 13 2025 01:40:24,  637208 sec) PistonMoveAbsWTO()    048->049 049 [3sec, 14.5Volts, 0.499Amps, CPT:967sec]
(Sep 13 2025 05:40:24,  651608 sec) Park()               ParkPOutOfBand[-3, 987.8 dbars]: retract piston.
(Sep 13 2025 05:40:24,  651608 sec) PistonMoveAbsWTO()    049->048 048 [2sec, 14.9Volts, 0.115Amps, CPT:969sec]
(Sep 13 2025 14:40:24,  684008 sec) Park()               ParkPOutOfBand[3, 1017.8 dbars]: extend piston.
(Sep 13 2025 14:40:24,  684008 sec) PistonMoveAbsWTO()    048->049 049 [3sec, 14.5Volts, 0.496Amps, CPT:972sec]
(Sep 13 2025 19:40:24,  702008 sec) Park()               ParkPOutOfBand[-3, 984.1 dbars]: retract piston.
(Sep 13 2025 19:40:24,  702008 sec) PistonMoveAbsWTO()    049->048 048 [3sec, 14.9Volts, 0.133Amps, CPT:975sec]
(Sep 14 2025 00:40:24,  720008 sec) Park()               ParkPOutOfBand[3, 1029.6 dbars]: extend piston.
(Sep 14 2025 00:40:24,  720008 sec) PistonMoveAbsWTO()    048->049 049 [3sec, 14.6Volts, 0.511Amps, CPT:978sec]
(Sep 14 2025 18:40:24,  784808 sec) Park()               ParkPOutOfBand[-3, 989.9 dbars]: retract piston.
(Sep 14 2025 18:40:24,  784808 sec) PistonMoveAbsWTO()    049->048 048 [2sec, 14.9Volts, 0.124Amps, CPT:980sec]
(Sep 15 2025 02:40:24,  813608 sec) Park()               ParkPOutOfBand[3, 1018.7 dbars]: extend piston.
(Sep 15 2025 02:40:24,  813608 sec) PistonMoveAbsWTO()    048->049 049 [3sec, 14.5Volts, 0.486Amps, CPT:983sec]
(Sep 15 2025 12:40:38,  849622 sec) CtdPower()           [  994.58,  4.5580, 34.5171]
(Sep 15 2025 12:40:38,  849622 sec) CtdPower()           CTD Power consumption [217VCnt 3ACnt]: 15.231Volts * 0.011Amps = 0.18Watts.
(Sep 15 2025 12:40:53,  849637 sec) ParkTerminate()      Piston Position:49 Vacuum:195 HumidityAd12:1057(6.9%) Vq:215 Aq:9 Vsbe:217 Asbe:3 Vflbb:213 Aflbb:8 Vopt:211 Aopt:12 Vocr:213 Aocr:7 MuxTemp:4.579C MuxHumidity:4.8%
(Sep 15 2025 12:41:23,  849667 sec) ParkTerminate()      PTS/O2,T2,TPhase,RawTemp: 994.4dbars 4.5564C 34.5168PSU / 95.5uM 4.547C 49.767 6.257 761.963
(Sep 15 2025 12:41:23,  849667 sec) ParkTerminate()      FLBB FSig, BbSig, TSig / Ocr: 53, 102, 569 /  nan nan nan nan
(Sep 15 2025 12:41:24,  849668 sec) GoDeepInit()         Charge consumption model: OCV:15.3V Wake-Cycles:15242 Standby:130.2days Wake:15.4kC Sensors:1.2kC
(Sep 15 2025 12:41:24,  849668 sec) GoDeepInit()         Moving piston.
(Sep 15 2025 12:41:24,  849668 sec) PistonMoveAbsWTO()    049->012 048 047 046 045 044 043 042 041 040 039 038 037 036 035 034 033 032 031 030 029 028 027 026 025 024 023 022 021 020 019 018 017 016 015 014 013 012 [194sec, 14.7Volts, 0.098Amps, CPT:1177sec]
(Sep 15 2025 16:40:16,  864000 sec) ProfileInit()        Charge consumption model: OCV:15.4V Wake-Cycles:15290 Standby:130.4days Wake:15.4kC Sensors:1.2kC
(Sep 15 2025 16:40:16,  864000 sec) ProfileInit()        PrfId:005  Pressure:1861.6dbar  pTable[2]:1800dbar
(Sep 15 2025 16:40:18,  864002 sec) ProfileInit()        Muxer PPIs K{1,2} quiescent: 15.22V, -0.3mA, -4.6mW
(Sep 15 2025 16:40:31,  864015 sec) ProfileInit()        ISUS powered up.
(Sep 15 2025 16:40:37,  864021 sec) ProfileInit()        Muxer PPIs K{1,2} w/ ISUS awake: 15.12V, 19.8mA, 299.3mW
(Sep 15 2025 16:40:44,  864028 sec) MscErrorLog_()       No error records to log.
(Sep 15 2025 16:40:51,  864035 sec) ProfileInit()        DURA powered up.
(Sep 15 2025 16:40:55,  864039 sec) ProfileInit()        Muxer PPIs K{1,2} w/ DURA awake: 15.11V, 20.1mA, 303.8mW
(Sep 15 2025 16:41:01,  864045 sec) MscErrorLog_()       No error records to log.
(Sep 15 2025 16:41:06,  864050 sec) PistonMoveAbsWTO()    012->034 013 012 013 014 015 016 017 [30sec, 14.1Volts, 0.661Amps, CPT:1207sec]
(Sep 15 2025 16:41:47,  864091 sec) PistonMoveAbsWTO()    017->034 018 019 020 021 022 [30sec, 14.0Volts, 0.646Amps, CPT:1237sec]
(Sep 15 2025 16:42:28,  864132 sec) PistonMoveAbsWTO()    022->034 023 024 025 026 [30sec, 13.9Volts, 0.646Amps, CPT:1267sec]
(Sep 15 2025 16:43:09,  864173 sec) PistonMoveAbsWTO()    026->034 027 028 029 030 [30sec, 13.8Volts, 0.664Amps, CPT:1297sec]
(Sep 15 2025 16:43:50,  864214 sec) PistonMoveAbsWTO()    031->034 032 033 034 [20sec, 13.8Volts, 0.658Amps, CPT:1317sec]
(Sep 15 2025 16:53:06,  864770 sec) Profile()            Sample 0 initiated at 1801.2dbars for bin 2 [1800dbars].  PTS/O2,T2,TPhase,RPhase,RawTemp/NO3/pH/FSig,BbSig,TSig/Ocr: 1798.9dbars 2.3571C 34.6051PSU / 119.7uM 2.350C 48.641 6.307 824.972 / 40.7uM / -1.038072V /   53   99  572 / nan nan nan nan
(Sep 15 2025 17:09:26,  865750 sec) Profile()            Sample 1 initiated at 1701.2dbars for bin 3 [1700dbars].  PTS/O2,T2,TPhase,RPhase,RawTemp/NO3/pH/FSig,BbSig,TSig/Ocr: 1699.2dbars 2.5012C 34.5995PSU / 116.3uM 2.491C 48.854 6.345 820.984 / 40.9uM / -1.038141V /   52   98  572 / nan nan nan nan
(Sep 15 2025 17:26:12,  866756 sec) AscentControlAgent() Bouyancy nudge to 44 (v=0.079dbar/sec).
(Sep 15 2025 17:26:12,  866756 sec) PistonMoveAbsWTO()    034->044 035 036 037 038 [30sec, 14.4Volts, 0.604Amps, CPT:1347sec]
(Sep 15 2025 17:26:53,  866797 sec) PistonMoveAbsWTO()    038->044 039 040 041 042 043 [30sec, 14.1Volts, 0.595Amps, CPT:1377sec]
(Sep 15 2025 17:28:37,  866901 sec) Profile()            Sample 2 initiated at 1600.9dbars for bin 4 [1600dbars].  PTS/O2,T2,TPhase,RPhase,RawTemp/NO3/pH/FSig,BbSig,TSig/Ocr: 1598.7dbars 2.5921C 34.5900PSU / 113.7uM 2.583C 49.021 6.361 818.365 / 41.3uM / -1.038351V /   53   99  572 / nan nan nan nan
(Sep 15 2025 17:28:38,  866902 sec) PistonMoveAbsWTO()    043->044 044 [3sec, 14.2Volts, 0.635Amps, CPT:1380sec]
(Sep 15 2025 17:45:00,  867884 sec) Profile()            Sample 3 initiated at 1501.9dbars for bin 5 [1500dbars].  PTS/O2,T2,TPhase,RPhase,RawTemp/NO3/pH/FSig,BbSig,TSig/Ocr: 1499.9dbars 2.9305C 34.5766PSU / 108.8uM 2.919C 49.285 6.360 808.840 / 41.2uM / -1.038341V /   53  100  571 / nan nan nan nan
(Sep 15 2025 18:03:33,  868997 sec) Profile()            Sample 4 initiated at 1401.3dbars for bin 6 [1400dbars].  PTS/O2,T2,TPhase,RPhase,RawTemp/NO3/pH/FSig,BbSig,TSig/Ocr: 1399.4dbars 3.1062C 34.5665PSU / 105.1uM 3.094C 49.527 6.375 803.846 / 41.4uM / -1.038425V /   54  100  571 / nan nan nan nan
(Sep 15 2025 18:22:27,  870131 sec) Profile()            Sample 5 initiated at 1302.0dbars for bin 7 [1300dbars].  PTS/O2,T2,TPhase,RPhase,RawTemp/NO3/pH/FSig,BbSig,TSig/Ocr: 1300.3dbars 3.3326C 34.5556PSU / 102.3uM 3.319C 49.677 6.369 797.411 / 41.5uM / -1.038413V /   54  101  571 / nan nan nan nan
(Sep 15 2025 18:27:49,  870453 sec) AscentControlAgent() Bouyancy nudge to 54 (v=0.069dbar/sec).
(Sep 15 2025 18:27:49,  870453 sec) PistonMoveAbsWTO()    044->054 045 046 047 048 [30sec, 14.4Volts, 0.542Amps, CPT:1410sec]
(Sep 15 2025 18:28:30,  870494 sec) PistonMoveAbsWTO()    048->054 049 050 051 052 053 [30sec, 14.3Volts, 0.505Amps, CPT:1440sec]
(Sep 15 2025 18:29:11,  870535 sec) PistonMoveAbsWTO()    053->054 054 [1sec, 14.3Volts, 0.518Amps, CPT:1441sec]
(Sep 15 2025 18:42:46,  871350 sec) Profile()            Sample 6 initiated at 1201.4dbars for bin 8 [1200dbars].  PTS/O2,T2,TPhase,RPhase,RawTemp/NO3/pH/FSig,BbSig,TSig/Ocr: 1199.6dbars 3.6162C 34.5458PSU / 98.3uM 3.602C 49.907 6.374 789.282 / 41.6uM / -1.038451V /   53  100  570 / nan nan nan nan
(Sep 15 2025 19:02:14,  872518 sec) Profile()            Sample 7 initiated at 1101.4dbars for bin 9 [1100dbars].  PTS/O2,T2,TPhase,RPhase,RawTemp/NO3/pH/FSig,BbSig,TSig/Ocr: 1099.7dbars 3.9362C 34.5339PSU / 95.3uM 3.922C 50.050 6.387 780.066 / 41.5uM / -1.038390V /   54  102  570 / nan nan nan nan
(Sep 15 2025 19:08:53,  872917 sec) AscentControlAgent() Bouyancy nudge to 64 (v=0.076dbar/sec).
(Sep 15 2025 19:08:53,  872917 sec) PistonMoveAbsWTO()    054->064 055 056 057 058 [30sec, 14.5Volts, 0.468Amps, CPT:1471sec]
(Sep 15 2025 19:09:34,  872958 sec) PistonMoveAbsWTO()    058->064 059 060 061 062 063 [30sec, 14.3Volts, 0.469Amps, CPT:1501sec]
(Sep 15 2025 19:10:15,  872999 sec) PistonMoveAbsWTO()    063->064 064 [1sec, 14.3Volts, 0.482Amps, CPT:1502sec]
(Sep 15 2025 19:20:42,  873626 sec) Profile()            Sample 8 initiated at 1001.3dbars for bin 10 [1000dbars].  PTS/O2,T2,TPhase,RPhase,RawTemp/NO3/pH/FSig,BbSig,TSig/Ocr: 999.3dbars 4.3515C 34.5219PSU / 95.7uM 4.335C 49.837 6.381 768.111 / 41.2uM / -1.038011V /   54  101  569 / nan nan nan nan
(Sep 15 2025 19:24:03,  873827 sec) Sbe41cpStartCP()     Continuous profile started.
(Sep 15 2025 19:29:43,  874167 sec) Profile()            Sample 9 initiated at 951.7dbars for bin 11 [950dbars].  PTS/O2,T2,TPhase,RPhase,RawTemp/NO3/pH/FSig,BbSig,TSig/Ocr: 951.6dbars 4.6066C 34.5173PSU / 95.8uM 4.592C 49.723 6.399 760.663 / 41.0uM / -1.037848V /   53  102  569 / nan nan nan nan
(Sep 15 2025 19:34:53,  874477 sec) AscentControlAgent() Bouyancy nudge to 74 (v=0.075dbar/sec).
(Sep 15 2025 19:34:54,  874478 sec) PistonMoveAbsWTO()    064->074 065 066 067 068 069 [30sec, 14.4Volts, 0.417Amps, CPT:1532sec]
(Sep 15 2025 19:35:35,  874519 sec) PistonMoveAbsWTO()    069->074 070 071 072 073 [30sec, 14.3Volts, 0.430Amps, CPT:1562sec]
(Sep 15 2025 19:36:16,  874560 sec) PistonMoveAbsWTO()    073->074 074 [1sec, 14.3Volts, 0.476Amps, CPT:1563sec]
(Sep 15 2025 19:39:44,  874768 sec) Profile()            Sample 10 initiated at 901.8dbars for bin 12 [900dbars].  PTS/O2,T2,TPhase,RPhase,RawTemp/NO3/pH/FSig,BbSig,TSig/Ocr: 901.8dbars 4.9289C 34.5029PSU / 94.6uM 4.913C 49.704 6.397 751.304 / 40.8uM / -1.037806V /   53  102  569 / nan nan nan nan
(Sep 15 2025 19:49:05,  875329 sec) Profile()            Sample 11 initiated at 851.3dbars for bin 13 [850dbars].  PTS/O2,T2,TPhase,RPhase,RawTemp/NO3/pH/FSig,BbSig,TSig/Ocr: 851.2dbars 5.1297C 34.4988PSU / 92.8uM 5.125C 49.783 6.416 745.097 / 40.6uM / -1.037944V /   53  103  568 / nan nan nan nan
(Sep 15 2025 19:57:53,  875857 sec) Profile()            Sample 12 initiated at 801.6dbars for bin 14 [800dbars].  PTS/O2,T2,TPhase,RPhase,RawTemp/NO3/pH/FSig,BbSig,TSig/Ocr: 801.5dbars 5.3344C 34.4853PSU / 92.1uM 5.320C 49.766 6.435 739.375 / 40.4uM / -1.037734V /   54  102  568 / nan nan nan nan
(Sep 15 2025 20:06:50,  876394 sec) Profile()            Sample 13 initiated at 751.1dbars for bin 15 [750dbars].  PTS/O2,T2,TPhase,RPhase,RawTemp/NO3/pH/FSig,BbSig,TSig/Ocr: 751.0dbars 5.5973C 34.4685PSU / 90.4uM 5.584C 49.827 6.443 731.581 / 40.2uM / -1.037903V /   54  102  567 / nan nan nan nan
(Sep 15 2025 20:15:49,  876933 sec) AscentControlAgent() Bouyancy nudge to 84 (v=0.072dbar/sec).
(Sep 15 2025 20:15:50,  876934 sec) PistonMoveAbsWTO()    074->084 075 076 077 078 079 [30sec, 14.5Volts, 0.351Amps, CPT:1593sec]
(Sep 15 2025 20:16:31,  876975 sec) PistonMoveAbsWTO()    079->084 080 081 082 083 084 [28sec, 14.4Volts, 0.375Amps, CPT:1621sec]
(Sep 15 2025 20:17:53,  877057 sec) Profile()            Sample 14 initiated at 699.4dbars for bin 16 [700dbars].  PTS/O2,T2,TPhase,RPhase,RawTemp/NO3/pH/FSig,BbSig,TSig/Ocr: 699.4dbars 5.9129C 34.4538PSU / 91.5uM 5.900C 49.587 6.454 722.257 / 39.5uM / -1.037693V /   53  103  567 / nan nan nan nan
(Sep 15 2025 20:26:17,  877561 sec) Profile()            Sample 15 initiated at 651.8dbars for bin 17 [650dbars].  PTS/O2,T2,TPhase,RPhase,RawTemp/NO3/pH/FSig,BbSig,TSig/Ocr: 651.7dbars 6.2897C 34.4334PSU / 88.7uM 6.279C 49.703 6.483 710.997 / 39.0uM / -1.037780V /   54  103  566 / nan nan nan nan
(Sep 15 2025 20:34:53,  878077 sec) Profile()            Sample 16 initiated at 601.8dbars for bin 18 [600dbars].  PTS/O2,T2,TPhase,RPhase,RawTemp/NO3/pH/FSig,BbSig,TSig/Ocr: 601.7dbars 6.6558C 34.4170PSU / 87.4uM 6.645C 49.689 6.511 700.107 / 38.3uM / -1.037975V /   53  105  566 / nan nan nan nan
(Sep 15 2025 20:44:56,  878680 sec) Profile()            Sample 17 initiated at 551.4dbars for bin 19 [550dbars].  PTS/O2,T2,TPhase,RPhase,RawTemp/NO3/pH/FSig,BbSig,TSig/Ocr: 551.3dbars 7.1133C 34.4025PSU / 85.0uM 7.099C 49.744 6.524 686.499 / 37.6uM / -1.038067V /   54  104  565 / nan nan nan nan
(Sep 15 2025 20:46:46,  878790 sec) AscentControlAgent() Bouyancy nudge to 94 (v=0.075dbar/sec).
(Sep 15 2025 20:46:46,  878790 sec) PistonMoveAbsWTO()    084->094 085 086 087 088 089 [30sec, 14.5Volts, 0.318Amps, CPT:1651sec]
(Sep 15 2025 20:47:27,  878831 sec) PistonMoveAbsWTO()    089->094 090 091 092 093 094 [28sec, 14.4Volts, 0.321Amps, CPT:1679sec]
(Sep 15 2025 20:54:40,  879264 sec) Profile()            Sample 18 initiated at 501.3dbars for bin 20 [500dbars].  PTS/O2,T2,TPhase,RPhase,RawTemp/NO3/pH/FSig,BbSig,TSig/Ocr: 501.2dbars 8.1303C 34.4062PSU / 82.3uM 8.138C 49.612 6.571 655.085 / 35.7uM / -1.037609V /   54  105  564 / nan nan nan nan
(Sep 15 2025 21:01:52,  879696 sec) AscentControlAgent() Bouyancy nudge to 104 (v=0.078dbar/sec).
(Sep 15 2025 21:01:52,  879696 sec) PistonMoveAbsWTO()    094->104 095 096 097 098 099 [30sec, 14.6Volts, 0.316Amps, CPT:1709sec]
(Sep 15 2025 21:02:33,  879737 sec) PistonMoveAbsWTO()    099->104 100 101 102 103 102 103 104 [27sec, 14.4Volts, 0.311Amps, CPT:1736sec]
(Sep 15 2025 21:04:56,  879880 sec) Profile()            Sample 19 initiated at 451.2dbars for bin 21 [450dbars].  PTS/O2,T2,TPhase,RPhase,RawTemp/NO3/pH/FSig,BbSig,TSig/Ocr: 451.0dbars 8.9062C 34.3393PSU / 96.0uM 8.898C 47.864 6.617 631.904 / 32.2uM / -1.035511V /   53  105  563 / 0x7ff35af6 0x7ffd8a92 0x80011692 0x8003feed
(Sep 15 2025 21:13:54,  880418 sec) Profile()            Sample 20 initiated at 401.3dbars for bin 22 [400dbars].  PTS/O2,T2,TPhase,RPhase,RawTemp/NO3/pH/FSig,BbSig,TSig/Ocr: 401.2dbars 10.2075C 34.2924PSU / 132.5uM 10.224C 43.902 6.679 590.934 / 26.7uM / -1.031033V /   53  105  562 / 0x7ff34580 0x7ffd88db 0x80011aa4 0x8003f4e4
(Sep 15 2025 21:17:05,  880609 sec) AscentControlAgent() Bouyancy nudge to 114 (v=0.073dbar/sec).
(Sep 15 2025 21:17:05,  880609 sec) PistonMoveAbsWTO()    104->114 105 106 107 108 109 [30sec, 14.6Volts, 0.290Amps, CPT:1766sec]
(Sep 15 2025 21:18:31,  880695 sec) Profile()            Sample 21 initiated at 381.3dbars for bin 23 [380dbars].  PTS/O2,T2,TPhase,RPhase,RawTemp/NO3/pH/FSig,BbSig,TSig/Ocr: 381.2dbars 11.0338C 34.3290PSU / 138.4uM 11.018C 43.029 6.719 566.149 / 24.9uM / -1.029763V /   52  109  561 / 0x7ff35376 0x7ffd76a4 0x80010fad 0x8003eee4
(Sep 15 2025 21:18:31,  880695 sec) PistonMoveAbsWTO()    109->114 110 111 112 113 114 [27sec, 14.5Volts, 0.278Amps, CPT:1793sec]
(Sep 15 2025 21:22:03,  880907 sec) Profile()            Sample 22 initiated at 362.0dbars for bin 24 [360dbars].  PTS/O2,T2,TPhase,RPhase,RawTemp/NO3/pH/FSig,BbSig,TSig/Ocr: 361.9dbars 11.4678C 34.3415PSU / 144.1uM 11.465C 42.351 6.748 552.141 / 23.6uM / -1.028484V /   51  108  560 / 0x7ff35392 0x7ffd59c9 0x80011524 0x8003e664
(Sep 15 2025 21:23:56,  881020 sec) Profile()            Sample 23 initiated at 351.8dbars for bin 25 [350dbars].  PTS/O2,T2,TPhase,RPhase,RawTemp/NO3/pH/FSig,BbSig,TSig/Ocr: 351.7dbars 11.6735C 34.3591PSU / 147.9uM 11.684C 41.946 6.761 545.223 / 23.1uM / -1.028275V /   52  107  559 / 0x7ff3551b 0x7ffd756d 0x800114b6 0x8003d8c9
(Sep 15 2025 21:25:48,  881132 sec) Profile()            Sample 24 initiated at 341.9dbars for bin 26 [340dbars].  PTS/O2,T2,TPhase,RPhase,RawTemp/NO3/pH/FSig,BbSig,TSig/Ocr: 341.8dbars 12.1437C 34.3738PSU / 148.6uM 12.135C 41.670 6.769 530.974 / 22.3uM / -1.027554V /   51  105  559 / 0x7ff35da4 0x7ffd8376 0x800104c0 0x8003d200
(Sep 15 2025 21:27:50,  881254 sec) Profile()            Sample 25 initiated at 331.6dbars for bin 27 [330dbars].  PTS/O2,T2,TPhase,RPhase,RawTemp/NO3/pH/FSig,BbSig,TSig/Ocr: 331.5dbars 12.8902C 34.4083PSU / 152.1uM 12.884C 41.037 6.796 507.187 / 20.5uM / -1.026064V /   51  106  558 / 0x7ff35c49 0x7ffd80b6 0x800106db 0x8003d1a4
(Sep 15 2025 21:29:54,  881378 sec) Profile()            Sample 26 initiated at 321.3dbars for bin 28 [320dbars].  PTS/O2,T2,TPhase,RPhase,RawTemp/NO3/pH/FSig,BbSig,TSig/Ocr: 321.2dbars 13.2494C 34.4297PSU / 154.7uM 13.261C 40.654 6.811 495.168 / 19.9uM / -1.025582V /   51  103  558 / 0x7ff34e76 0x7ffd8036 0x8000fd5b 0x8003bca4
(Sep 15 2025 21:32:08,  881512 sec) Profile()            Sample 27 initiated at 311.3dbars for bin 29 [310dbars].  PTS/O2,T2,TPhase,RPhase,RawTemp/NO3/pH/FSig,BbSig,TSig/Ocr: 311.2dbars 13.4722C 34.4414PSU / 157.6uM 13.484C 40.331 6.826 488.046 / 19.3uM / -1.025045V /   51  103  557 / 0x7ff36e12 0x7ffd5052 0x800104db 0x8003bf12
(Sep 15 2025 21:32:53,  881557 sec) AscentControlAgent() Bouyancy nudge to 124 (v=0.075dbar/sec).
(Sep 15 2025 21:32:53,  881557 sec) PistonMoveAbsWTO()    114->124 115 116 117 118 119 [30sec, 14.6Volts, 0.279Amps, CPT:1823sec]
(Sep 15 2025 21:34:20,  881644 sec) Profile()            Sample 28 initiated at 302.0dbars for bin 30 [300dbars].  PTS/O2,T2,TPhase,RPhase,RawTemp/NO3/pH/FSig,BbSig,TSig/Ocr: 301.9dbars 14.0869C 34.4791PSU / 160.8uM 14.095C 39.796 6.819 468.445 / 17.1uM / -1.022988V /   51  103  556 / 0x7ff369b6 0x7ffd6724 0x80010e64 0x8003c380
(Sep 15 2025 21:34:20,  881644 sec) PistonMoveAbsWTO()    119->124 120 121 122 123 124 [27sec, 14.5Volts, 0.268Amps, CPT:1850sec]
(Sep 15 2025 21:36:39,  881783 sec) Profile()            Sample 29 initiated at 291.2dbars for bin 31 [290dbars].  PTS/O2,T2,TPhase,RPhase,RawTemp/NO3/pH/FSig,BbSig,TSig/Ocr: 291.2dbars 15.1230C 34.5283PSU / 174.9uM 15.088C 38.313 6.855 436.413 / 13.3uM / -1.017124V /   51  110  556 / 0x7ff36f64 0x7ffd5c36 0x800114ad 0x8003be5b
(Sep 15 2025 21:37:57,  881861 sec) AscentControlAgent() Bouyancy nudge to 134 (v=0.073dbar/sec).
(Sep 15 2025 21:37:57,  881861 sec) PistonMoveAbsWTO()    124->134 125 126 127 128 129 [30sec, 14.6Volts, 0.259Amps, CPT:1880sec]
(Sep 15 2025 21:39:24,  881948 sec) Profile()            Sample 30 initiated at 280.1dbars for bin 32 [280dbars].  PTS/O2,T2,TPhase,RPhase,RawTemp/NO3/pH/FSig,BbSig,TSig/Ocr: 280.0dbars 16.3614C 34.6308PSU / 212.8uM 16.341C 35.366 6.917 395.717 / 10.1uM / -1.015644V /   51  103  554 / 0x7ff37f80 0x7ffd4276 0x800121b6 0x8003af24
(Sep 15 2025 21:39:24,  881948 sec) PistonMoveAbsWTO()    129->134 130 131 132 133 134 [27sec, 14.6Volts, 0.256Amps, CPT:1907sec]
(Sep 15 2025 21:41:10,  882054 sec) Profile()            Sample 31 initiated at 271.8dbars for bin 33 [270dbars].  PTS/O2,T2,TPhase,RPhase,RawTemp/NO3/pH/FSig,BbSig,TSig/Ocr: 271.7dbars 16.7149C 34.6641PSU / 217.3uM 16.723C 34.933 6.935 383.263 / 9.7uM / -1.014716V /   51  105  554 / 0x7ff377f6 0x7ffd42d2 0x80012bd2 0x8003aa40
(Sep 15 2025 21:43:12,  882176 sec) Profile()            Sample 32 initiated at 261.8dbars for bin 34 [260dbars].  PTS/O2,T2,TPhase,RPhase,RawTemp/NO3/pH/FSig,BbSig,TSig/Ocr: 261.7dbars 17.3979C 34.7188PSU / 218.9uM 17.402C 34.535 6.959 361.033 / 8.8uM / -1.014455V /   50  104  553 / 0x7ff35bf6 0x7ffd5c09 0x800131ad 0x8003ad09
(Sep 15 2025 21:43:14,  882178 sec) AscentControlAgent() Bouyancy nudge to 144 (v=0.078dbar/sec).
(Sep 15 2025 21:43:14,  882178 sec) PistonMoveAbsWTO()    134->144 135 136 137 138 139 [30sec, 14.6Volts, 0.259Amps, CPT:1937sec]
(Sep 15 2025 21:43:55,  882219 sec) PistonMoveAbsWTO()    139->144 140 141 142 143 144 [27sec, 14.5Volts, 0.262Amps, CPT:1964sec]
(Sep 15 2025 21:45:19,  882303 sec) Profile()            Sample 33 initiated at 250.4dbars for bin 35 [250dbars].  PTS/O2,T2,TPhase,RPhase,RawTemp/NO3/pH/FSig,BbSig,TSig/Ocr: 250.2dbars 17.7266C 34.7466PSU / 218.3uM 17.736C 34.413 6.969 350.113 / 8.4uM / -1.014257V /   50  104  552 / 0x7ff37692 0x7ffd6080 0x8001531b 0x8003a5c0
(Sep 15 2025 21:46:37,  882381 sec) Profile()            Sample 34 initiated at 241.6dbars for bin 36 [240dbars].  PTS/O2,T2,TPhase,RPhase,RawTemp/NO3/pH/FSig,BbSig,TSig/Ocr: 241.5dbars 18.0565C 34.7801PSU / 217.1uM 18.075C 34.325 6.975 338.981 / 8.1uM / -1.013902V /   51  104  551 / 0x7ff38424 0x7ffd675b 0x8001875b 0x8003a16d
(Sep 15 2025 21:48:18,  882482 sec) Profile()            Sample 35 initiated at 231.0dbars for bin 37 [230dbars].  PTS/O2,T2,TPhase,RPhase,RawTemp/NO3/pH/FSig,BbSig,TSig/Ocr: 231.0dbars 18.8670C 34.8549PSU / 213.4uM 18.852C 34.174 6.989 313.439 / 7.6uM / -1.013430V /   50  106  550 / 0x7ff36ead 0x7ffd85db 0x8001aaf6 0x8003a680
(Sep 15 2025 21:49:39,  882563 sec) Spi1CsPulse()        Chip-select pulse failed for SPI1 device 3.
(Sep 15 2025 21:50:12,  882596 sec) Profile()            Sample 36 initiated at 221.3dbars for bin 38 [220dbars].  PTS/O2,T2,TPhase,RPhase,RawTemp/NO3/pH/FSig,BbSig,TSig/Ocr: 221.2dbars 19.7514C 34.9321PSU / 211.4uM 19.737C 33.889 7.026 284.297 / 6.7uM / -1.012599V /   52  108  549 / 0x7ff37512 0x7ffd8eed 0x8001f764 0x8003a389
(Sep 15 2025 21:52:26,  882730 sec) Profile()            Sample 37 initiated at 211.3dbars for bin 39 [210dbars].  PTS/O2,T2,TPhase,RPhase,RawTemp/NO3/pH/FSig,BbSig,TSig/Ocr: 211.2dbars 20.4070C 34.9876PSU / 210.4uM 20.393C 33.659 7.048 262.660 / 6.4uM / -1.011982V /   54  107  548 / 0x7ff38376 0x7ffdf1e4 0x80026200 0x8003b42d
(Sep 15 2025 21:53:22,  882786 sec) AscentControlAgent() Bouyancy nudge to 154 (v=0.073dbar/sec).
(Sep 15 2025 21:53:22,  882786 sec) PistonMoveAbsWTO()    144->154 145 146 147 148 149 [30sec, 14.7Volts, 0.248Amps, CPT:1994sec]
(Sep 15 2025 21:54:03,  882827 sec) PistonMoveAbsWTO()    149->154 150 151 152 153 154 [26sec, 14.6Volts, 0.245Amps, CPT:2020sec]
(Sep 15 2025 21:55:26,  882910 sec) Profile()            Sample 38 initiated at 200.2dbars for bin 40 [200dbars].  PTS/O2,T2,TPhase,RPhase,RawTemp/NO3/pH/FSig,BbSig,TSig/Ocr: 200.1dbars 21.8949C 35.0905PSU / 207.7uM 21.877C 33.168 7.097 213.710 / 5.8uM / -1.010567V /   56  107  547 / 0x7ff38f40 0x7ffe2364 0x80029c89 0x8003b480
(Sep 15 2025 21:57:18,  883022 sec) Profile()            Sample 39 initiated at 191.6dbars for bin 41 [190dbars].  PTS/O2,T2,TPhase,RPhase,RawTemp/NO3/pH/FSig,BbSig,TSig/Ocr: 191.5dbars 22.4333C 35.1218PSU / 207.6uM 22.439C 32.931 7.120 195.165 / 5.5uM / -1.010154V /   59  111  546 / 0x7ff390c9 0x7ffeede4 0x80039b24 0x8003d41b
(Sep 15 2025 21:59:43,  883167 sec) Profile()            Sample 40 initiated at 181.7dbars for bin 42 [180dbars].  PTS/O2,T2,TPhase,RPhase,RawTemp/NO3/pH/FSig,BbSig,TSig/Ocr: 181.6dbars 22.9656C 35.1336PSU / 208.4uM 22.955C 32.669 7.138 178.160 / 5.0uM / -1.009647V /   62  111  544 / 0x7ff3b552 0x7fff2924 0x8003d29b 0x8003ced2
(Sep 15 2025 22:02:41,  883345 sec) Profile()            Sample 41 initiated at 171.9dbars for bin 43 [170dbars].  PTS/O2,T2,TPhase,RPhase,RawTemp/NO3/pH/FSig,BbSig,TSig/Ocr: 171.8dbars 23.3982C 35.1380PSU / 209.4uM 23.381C 32.438 7.149 164.107 / 4.7uM / -1.009024V /   63  112  543 / 0x7ff3cfe4 0x8000c9c9 0x8005dedb 0x80043552
(Sep 15 2025 22:08:36,  883700 sec) Profile()            Sample 42 initiated at 161.9dbars for bin 44 [160dbars].  PTS/O2,T2,TPhase,RPhase,RawTemp/NO3/pH/FSig,BbSig,TSig/Ocr: 161.9dbars 24.2035C 35.1219PSU / 212.2uM 24.174C 31.960 7.175 138.043 / 4.2uM / -1.008120V /   71  111  541 / 0x7ff4251b 0x8005869b 0x800c0e92 0x80056af6
(Sep 15 2025 22:08:38,  883702 sec) AscentControlAgent() Bouyancy nudge to 164 (v=0.020dbar/sec).
(Sep 15 2025 22:08:38,  883702 sec) PistonMoveAbsWTO()    154->164 155 156 157 158 159 [30sec, 14.8Volts, 0.229Amps, CPT:2050sec]
(Sep 15 2025 22:09:19,  883743 sec) PistonMoveAbsWTO()    159->164 160 161 162 163 164 [26sec, 14.6Volts, 0.222Amps, CPT:2076sec]
(Sep 15 2025 22:12:31,  883935 sec) Profile()            Sample 43 initiated at 152.0dbars for bin 45 [150dbars].  PTS/O2,T2,TPhase,RPhase,RawTemp/NO3/pH/FSig,BbSig,TSig/Ocr: 151.9dbars 24.5330C 35.1097PSU / 214.6uM 24.522C 31.690 7.184 126.613 / 4.0uM / -1.007671V /   73  115  540 / 0x7ff4d124 0x8009445b 0x800f34e4 0x80062e24
(Sep 15 2025 22:16:14,  884158 sec) Profile()            Sample 44 initiated at 141.9dbars for bin 46 [140dbars].  PTS/O2,T2,TPhase,RPhase,RawTemp/NO3/pH/FSig,BbSig,TSig/Ocr: 141.9dbars 25.2173C 35.0908PSU / 216.3uM 25.200C 31.328 7.201 104.372 / 4.0uM / -1.006787V /   86  115  539 / 0x7ff666ad 0x8012a7c9 0x8018b689 0x80085be4
(Sep 15 2025 22:18:39,  884303 sec) AscentControlAgent() Bouyancy nudge to 174 (v=0.026dbar/sec).
(Sep 15 2025 22:18:39,  884303 sec) PistonMoveAbsWTO()    164->174 165 166 167 168 169 [30sec, 14.8Volts, 0.215Amps, CPT:2106sec]
(Sep 15 2025 22:19:20,  884344 sec) PistonMoveAbsWTO()    169->174 170 171 172 173 174 [25sec, 14.8Volts, 0.217Amps, CPT:2131sec]
(Sep 15 2025 22:22:20,  884524 sec) Profile()            Sample 45 initiated at 131.6dbars for bin 47 [130dbars].  PTS/O2,T2,TPhase,RPhase,RawTemp/NO3/pH/FSig,BbSig,TSig/Ocr: 131.5dbars 25.8835C 35.0399PSU / 219.1uM 25.862C 30.921 7.216 82.714 / 3.7uM / -1.005982V /   94  131  537 / 0x7ffa2240 0x802518ed 0x802a56a4 0x800c891b
(Sep 15 2025 22:25:30,  884714 sec) Profile()            Sample 46 initiated at 121.7dbars for bin 48 [120dbars].  PTS/O2,T2,TPhase,RPhase,RawTemp/NO3/pH/FSig,BbSig,TSig/Ocr: 121.7dbars 26.4157C 35.0072PSU / 222.2uM 26.396C 30.559 7.227 65.310 / 3.8uM / -1.005308V /   98  118  537 / 0x7fff18db 0x8038c9d2 0x803bc72d 0x80110949
(Sep 15 2025 22:28:38,  884902 sec) AscentControlAgent() Bouyancy nudge to 179 (v=0.026dbar/sec).
(Sep 15 2025 22:28:39,  884903 sec) PistonMoveAbsWTO()    174->179 175 176 177 178 179 [26sec, 14.9Volts, 0.210Amps, CPT:2157sec]
(Sep 15 2025 22:29:27,  884951 sec) PistonMoveAbsWTO()    179->179 [0sec, 0.0Volts, 0.000Amps, CPT:2157sec]
(Sep 15 2025 22:31:40,  885084 sec) Profile()            Sample 47 initiated at 111.9dbars for bin 49 [110dbars].  PTS/O2,T2,TPhase,RPhase,RawTemp/NO3/pH/FSig,BbSig,TSig/Ocr: 111.9dbars 26.8366C 34.9669PSU / 227.1uM 26.823C 30.154 7.246 51.415 / 3.9uM / -1.004931V /   84  119  535 / 0x800bfd92 0x80698f12 0x8067442d 0x801c27ad
(Sep 15 2025 22:31:52,  885096 sec) PistonMoveAbsWTO()    179->179 [0sec, 0.0Volts, 0.000Amps, CPT:2157sec]
(Sep 15 2025 22:33:42,  885206 sec) AscentControlAgent() Bouyancy nudge to 184 (v=0.040dbar/sec).
(Sep 15 2025 22:33:43,  885207 sec) PistonMoveAbsWTO()    179->184 180 181 182 183 184 [27sec, 14.9Volts, 0.198Amps, CPT:2184sec]
(Sep 15 2025 22:35:39,  885323 sec) Profile()            Sample 48 initiated at 101.9dbars for bin 50 [100dbars].  PTS/O2,T2,TPhase,RPhase,RawTemp/NO3/pH/FSig,BbSig,TSig/Ocr: 101.8dbars 27.2113C 34.9510PSU / 229.4uM 27.197C 29.905 7.254 39.288 / 4.0uM / -1.004395V /   77  122  535 / 0x802d59f6 0x80dab200 0x80c85489 0x8035b249
(Sep 15 2025 22:37:20,  885424 sec) Profile()            Sample 49 initiated at 97.0dbars for bin 51 [95dbars].  PTS/O2,T2,TPhase,RPhase,RawTemp/NO3/pH/FSig,BbSig,TSig/Ocr: 96.9dbars 27.3895C 34.9445PSU / 230.7uM 27.376C 29.777 7.262 33.508 / 4.2uM / -1.003983V /   72  123  534 / 0x8040156d 0x80ff9989 0x80df4a92 0x803df4a4
(Sep 15 2025 22:39:46,  885570 sec) Profile()            Sample 50 initiated at 91.9dbars for bin 52 [90dbars].  PTS/O2,T2,TPhase,RPhase,RawTemp/NO3/pH/FSig,BbSig,TSig/Ocr: 91.9dbars 27.7898C 34.8988PSU / 233.8uM 27.774C 29.481 7.281 20.618 / 4.3uM / -1.003675V /   75  119  534 / 0x8057735b 0x812f9f6d 0x8100da36 0x8048a292
(Sep 15 2025 22:43:49,  885813 sec) AscentControlAgent() Bouyancy nudge to 189 (v=-0.004dbar/sec).
(Sep 15 2025 22:43:50,  885814 sec) PistonMoveAbsWTO()    184->189 185 186 187 188 189 [26sec, 15.0Volts, 0.204Amps, CPT:2210sec]
(Sep 15 2025 22:48:08,  886072 sec) Profile()            Sample 51 initiated at 86.5dbars for bin 53 [85dbars].  PTS/O2,T2,TPhase,RPhase,RawTemp/NO3/pH/FSig,BbSig,TSig/Ocr: 86.5dbars 28.4232C 34.8317PSU / 237.4uM 28.384C 29.099 7.284 0.959 / 4.3uM / -1.003078V /   67  119  533 / 0x809714db 0x81a6ea9b 0x81551649 0x80628e80
(Sep 15 2025 22:48:53,  886117 sec) AscentControlAgent() Bouyancy nudge to 194 (v=0.029dbar/sec).
(Sep 15 2025 22:48:54,  886118 sec) PistonMoveAbsWTO()    189->194 190 191 192 193 194 [28sec, 14.9Volts, 0.205Amps, CPT:2238sec]
(Sep 15 2025 22:51:57,  886301 sec) Profile()            Sample 52 initiated at 81.9dbars for bin 54 [80dbars].  PTS/O2,T2,TPhase,RPhase,RawTemp/NO3/pH/FSig,BbSig,TSig/Ocr: 81.8dbars 28.8479C 34.7980PSU / 240.1uM 28.824C 28.820 7.312 -13.161 / 4.7uM / -1.002872V /   65  118  532 / 0x80bfaa80 0x81f0b15b 0x818daf36 0x8074279b
(Sep 15 2025 22:53:59,  886423 sec) AscentControlAgent() Bouyancy nudge to 199 (v=0.017dbar/sec).
(Sep 15 2025 22:54:00,  886424 sec) PistonMoveAbsWTO()    194->199 195 196 197 198 199 [25sec, 15.0Volts, 0.196Amps, CPT:2263sec]
(Sep 15 2025 22:56:05,  886549 sec) Profile()            Sample 53 initiated at 76.9dbars for bin 55 [75dbars].  PTS/O2,T2,TPhase,RPhase,RawTemp/NO3/pH/FSig,BbSig,TSig/Ocr: 76.9dbars 29.0742C 34.7563PSU / 240.6uM 29.064C 28.710 7.317 -20.854 / 4.7uM / -1.002686V /   64  120  531 / 0x80fd22ed 0x825eb352 0x81e7c200 0x808e1500
(Sep 15 2025 22:59:02,  886726 sec) AscentControlAgent() Bouyancy nudge to 204 (v=0.012dbar/sec).
(Sep 15 2025 22:59:03,  886727 sec) PistonMoveAbsWTO()    199->204 200 201 202 201 202 203 204 [26sec, 15.0Volts, 0.195Amps, CPT:2289sec]
(Sep 15 2025 22:59:40,  886764 sec) PistonMoveAbsWTO()    203->204 204 [1sec, 15.0Volts, 0.203Amps, CPT:2290sec]
(Sep 15 2025 23:03:22,  886986 sec) Profile()            Sample 54 initiated at 71.7dbars for bin 56 [70dbars].  PTS/O2,T2,TPhase,RPhase,RawTemp/NO3/pH/FSig,BbSig,TSig/Ocr: 71.7dbars 29.5386C 34.5776PSU / 237.5uM 29.542C 28.679 7.334 -36.119 / 4.8uM / -1.002419V /   62  116  530 / 0x8171789b 0x834e001b 0x82b01b92 0x80c7c5ad
(Sep 15 2025 23:04:06,  887030 sec) AscentControlAgent() Bouyancy nudge to 209 (v=0.022dbar/sec).
(Sep 15 2025 23:04:07,  887031 sec) PistonMoveAbsWTO()    204->209 205 206 207 208 209 [26sec, 15.0Volts, 0.187Amps, CPT:2316sec]
(Sep 15 2025 23:05:51,  887135 sec) Profile()            Sample 55 initiated at 66.8dbars for bin 57 [65dbars].  PTS/O2,T2,TPhase,RPhase,RawTemp/NO3/pH/FSig,BbSig,TSig/Ocr: 66.8dbars 29.6231C 34.5196PSU / 236.2uM 29.628C 28.709 7.339 -38.864 / 4.9uM / -1.002307V /   62  116  530 / 0x81c3d140 0x83d157c9 0x831f2b12 0x80e99aed
(Sep 15 2025 23:07:42,  887246 sec) Profile()            Sample 56 initiated at 61.8dbars for bin 58 [60dbars].  PTS/O2,T2,TPhase,RPhase,RawTemp/NO3/pH/FSig,BbSig,TSig/Ocr: 61.8dbars 29.6402C 34.5009PSU / 235.3uM 29.648C 28.743 7.340 -39.513 / 5.0uM / -1.002248V /   61  118  530 / 0x82458c12 0x84c5c876 0x83f4ca1b 0x8127b09b
(Sep 15 2025 23:09:11,  887335 sec) AscentControlAgent() Bouyancy nudge to 214 (v=0.039dbar/sec).
(Sep 15 2025 23:09:12,  887336 sec) PistonMoveAbsWTO()    209->214 210 211 212 213 214 [26sec, 15.0Volts, 0.191Amps, CPT:2342sec]
(Sep 15 2025 23:10:34,  887418 sec) Profile()            Sample 57 initiated at 56.6dbars for bin 59 [55dbars].  PTS/O2,T2,TPhase,RPhase,RawTemp/NO3/pH/FSig,BbSig,TSig/Ocr: 56.5dbars 29.7886C 34.3641PSU / 232.2uM 29.799C 28.830 7.341 -44.327 / 5.0uM / -1.002111V /   62  117  529 / 0x82eb7d36 0x85e0eeed 0x84f4c0f6 0x817252e4
(Sep 15 2025 23:12:36,  887540 sec) Profile()            Sample 58 initiated at 51.8dbars for bin 60 [50dbars].  PTS/O2,T2,TPhase,RPhase,RawTemp/NO3/pH/FSig,BbSig,TSig/Ocr: 51.8dbars 29.8805C 34.2462PSU / 229.1uM 29.890C 28.940 7.342 -47.215 / 5.0uM / -1.001996V /   62  114  529 / 0x83639476 0x868716ed 0x8589d4ad 0x81a2dc1b
(Sep 15 2025 23:14:15,  887639 sec) AscentControlAgent() Bouyancy nudge to 219 (v=0.027dbar/sec).
(Sep 15 2025 23:14:16,  887640 sec) PistonMoveAbsWTO()    214->219 215 216 217 218 219 [27sec, 15.0Volts, 0.183Amps, CPT:2369sec]
(Sep 15 2025 23:16:12,  887756 sec) Profile()            Sample 59 initiated at 46.7dbars for bin 61 [45dbars].  PTS/O2,T2,TPhase,RPhase,RawTemp/NO3/pH/FSig,BbSig,TSig/Ocr: 46.6dbars 29.9468C 34.1793PSU / 225.8uM 29.956C 29.074 7.340 -49.319 / 5.1uM / -1.002034V /   61  117  529 / 0x83fd3ddb 0x8755c11b 0x8634e39b 0x81e5961b
(Sep 15 2025 23:17:41,  887845 sec) Profile()            Sample 60 initiated at 42.0dbars for bin 62 [40dbars].  PTS/O2,T2,TPhase,RPhase,RawTemp/NO3/pH/FSig,BbSig,TSig/Ocr: 41.9dbars 29.9403C 34.1543PSU / 225.0uM 29.959C 29.107 7.344 -49.395 / 5.0uM / -1.001883V /   59  116  529 / 0x84d5b780 0x89028592 0x87e97540 0x82629349
(Sep 15 2025 23:19:10,  887934 sec) Profile()            Sample 61 initiated at 37.0dbars for bin 63 [35dbars].  PTS/O2,T2,TPhase,RPhase,RawTemp/NO3/pH/FSig,BbSig,TSig/Ocr: 36.9dbars 29.9078C 34.1298PSU / 224.7uM 29.927C 29.136 7.342 -48.406 / 5.1uM / -1.001919V /   58  115  529 / 0x85765312 0x89e448d2 0x88d14524 0x82b8bb92
(Sep 15 2025 23:20:39,  888023 sec) Profile()            Sample 62 initiated at 32.0dbars for bin 64 [30dbars].  PTS/O2,T2,TPhase,RPhase,RawTemp/NO3/pH/FSig,BbSig,TSig/Ocr: 31.9dbars 29.8782C 34.1100PSU / 224.4uM 29.898C 29.159 7.340 -47.479 / 5.0uM / -1.001888V /   57  119  529 / 0x86618852 0x8b410eed 0x8a247aed 0x8334c5e4
(Sep 15 2025 23:22:30,  888134 sec) Profile()            Sample 63 initiated at 26.5dbars for bin 65 [25dbars].  PTS/O2,T2,TPhase,RPhase,RawTemp/NO3/pH/FSig,BbSig,TSig/Ocr: 26.5dbars 29.8731C 34.1090PSU / 224.2uM 29.894C 29.170 7.336 -47.359 / 5.1uM / -1.001751V /   57  115  529 / 0x8761391b 0x8c77872d 0x8b4982ed 0x83c47aa4
(Sep 15 2025 23:24:10,  888234 sec) Profile()            Sample 64 initiated at 21.8dbars for bin 66 [20dbars].  PTS/O2,T2,TPhase,RPhase,RawTemp/NO3/pH/FSig,BbSig,TSig/Ocr: 21.8dbars 29.8717C 34.1090PSU / 224.1uM 29.893C 29.175 7.334 -47.325 / 5.0uM / -1.001697V /   57  116  529 / 0x893e85a4 0x901f9612 0x8f23c0c9 0x853cc876
(Sep 15 2025 23:25:50,  888334 sec) Profile()            Sample 65 initiated at 16.9dbars for bin 67 [15dbars].  PTS/O2,T2,TPhase,RPhase,RawTemp/NO3/pH/FSig,BbSig,TSig/Ocr: 16.8dbars 29.8723C 34.1073PSU / 224.2uM 29.897C 29.170 7.331 -47.446 / 5.2uM / -1.001580V /   55  117  528 / 0x8a27d3ad 0x913e5cd2 0x90672c92 0x8601eedb
(Sep 15 2025 23:27:30,  888434 sec) Profile()            Sample 66 initiated at 11.9dbars for bin 68 [10dbars].  PTS/O2,T2,TPhase,RPhase,RawTemp/NO3/pH/FSig,BbSig,TSig/Ocr: 11.9dbars 29.8722C 34.1070PSU / 224.3uM 29.899C 29.162 7.331 -47.501 / 5.1uM / -1.001568V /   54  115  528 / 0x8c286840 0x94bf0dc0 0x945319db 0x8800c9e4
(Sep 15 2025 23:28:59,  888523 sec) Profile()            Sample 67 initiated at 7.5dbars for bin 69 [6dbars].  PTS/O2,T2,TPhase,RPhase,RawTemp/NO3/pH/FSig,BbSig,TSig/Ocr: 7.5dbars 29.8729C 34.1060PSU / 224.4uM 29.902C 29.159 7.329 -47.594 / 5.1uM / -1.001427V /   55  114  528 / 0x8c3cf289 0x94253fdb 0x93ea1252 0x88bb1309
(Sep 15 2025 23:29:44,  888568 sec) SurfaceDetect()      SurfacePressure:-0.2dbars Pressure:3.5dbars PistonPosition:219
(Sep 15 2025 23:29:45,  888569 sec) Sbe41cpStopCP()      Continuous profile stopped.
(Sep 15 2025 23:29:48,  888572 sec) PistonMoveAbsWTO()    219->241 220 221 222 223 224 225 226 225 226 227 228 229 230 231 [62sec, 15.0Volts, 0.169Amps, CPT:2431sec]
(Sep 15 2025 23:30:56,  888640 sec) chat()               Expected string [S>] not received.
(Sep 15 2025 23:32:53,  888757 sec) Sbe41cpBinAverage()  Finished averaging 14755 samples in 112 seconds.
(Sep 15 2025 23:32:58,  888762 sec) Sbe41cpUploadCP_()   Sbe41cpSerNo[17090] NSample[14755] NBin[493]
(Sep 15 2025 23:33:29,  888793 sec) Sbe41cpUploadCP_()   Continuous profile uploaded [493 lines].
(Sep 15 2025 23:33:44,  888808 sec) MscErrorLog_()       No error records to log.
(Sep 15 2025 23:33:55,  888819 sec) MscErrorLog_()       No error records to log.

<EOT>
