(Sep 26 2025 06:39:19,  887747 sec) TelemetryInit()      Profile 6. (Apf11 FwRev: 031524)
(Sep 26 2025 06:39:19,  887747 sec) TelemetryInit()      Charge consumption model: OCV:15.3V Wake-Cycles:19120 Standby:140.8days Wake:17.6kC Sensors:1.4kC
(Sep 26 2025 06:44:34,  888062 sec) GetSurfaceObs()      P/O2,T2,TPhase,RPhase,RawTemp/FSig,BbSig,TSig: 0.2dbars / 223.4uM 30.162C 29.113 7.444 -55.846 / 53,112,528
(Sep 26 2025 06:44:34,  888062 sec) GetSurfaceObs()      P/Ocr: 0.2dbars / 0x85bad92d 0x89bd2540 0x8abcf9e4 0x86f62124
(Sep 26 2025 06:45:08,  888096 sec) GetSurfaceObs()      P/O2,T2,TPhase,RPhase,RawTemp/FSig,BbSig,TSig: 0.1dbars / 223.7uM 30.124C 29.111 7.392 -54.635 / 51,111,528
(Sep 26 2025 06:45:08,  888096 sec) GetSurfaceObs()      P/Ocr: 0.1dbars / 0x874b99c0 0x8b84ee92 0x8d7fcec0 0x8af52ee4
(Sep 26 2025 06:45:41,  888129 sec) GetSurfaceObs()      P/O2,T2,TPhase,RPhase,RawTemp/FSig,BbSig,TSig: 0.1dbars / 223.2uM 30.144C 29.132 7.373 -55.281 / 52,112,528
(Sep 26 2025 06:45:41,  888129 sec) GetSurfaceObs()      P/Ocr: 0.1dbars / 0x85e96352 0x89b84c2d 0x89ba3340 0x87cd969b
(Sep 26 2025 06:46:14,  888162 sec) GetSurfaceObs()      P/O2,T2,TPhase,RPhase,RawTemp/FSig,BbSig,TSig: 0.1dbars / 223.3uM 30.016C 29.171 7.395 -51.214 / 52,113,528
(Sep 26 2025 06:46:14,  888162 sec) GetSurfaceObs()      P/Ocr: 0.1dbars / 0x85a3109b 0x8a2ce35b 0x8aed3749 0x876592f6
(Sep 26 2025 06:49:01,  888329 sec) AirSystem()          Battery [216cnt, 15.2V]  Current [24cnt, 93.0mA]  Pneumometer [156cnt, 18.3psi]  Run-Time [80s]
(Sep 26 2025 06:49:14,  888342 sec) GetSurfaceObs()      P/O2,T2,TPhase,RPhase,RawTemp/FSig,BbSig,TSig: -0.2dbars / 222.5uM 29.937C 29.237 7.427 -48.711 / 52,115,528
(Sep 26 2025 06:49:14,  888342 sec) GetSurfaceObs()      P/Ocr: -0.2dbars / 0x8696e889 0x8bdc8312 0x8c6869d2 0x8918c51b
(Sep 26 2025 06:49:47,  888375 sec) GetSurfaceObs()      P/O2,T2,TPhase,RPhase,RawTemp/FSig,BbSig,TSig: -0.1dbars / 229.5uM 29.153C 29.181 7.391 -23.715 / 51,111,528
(Sep 26 2025 06:49:48,  888376 sec) GetSurfaceObs()      P/Ocr: -0.1dbars / 0x875f7ddb 0x8ce319c9 0x8d6a3409 0x8a09aab6
(Sep 26 2025 06:50:21,  888409 sec) GetSurfaceObs()      P/O2,T2,TPhase,RPhase,RawTemp/FSig,BbSig,TSig: -0.2dbars / 228.8uM 29.004C 29.268 7.378 -18.934 / 53,111,528
(Sep 26 2025 06:50:21,  888409 sec) GetSurfaceObs()      P/Ocr: -0.2dbars / 0x85a5e0ad 0x880966b6 0x884d7a52 0x875e19e4
(Sep 26 2025 06:50:54,  888442 sec) GetSurfaceObs()      P/O2,T2,TPhase,RPhase,RawTemp/FSig,BbSig,TSig: -0.1dbars / 229.6uM 28.921C 29.262 7.374 -16.279 / 52,112,528
(Sep 26 2025 06:50:54,  888442 sec) GetSurfaceObs()      P/Ocr: -0.1dbars / 0x865541e4 0x873a4adb 0x88340aed 0x88730c80
(Sep 26 2025 06:51:27,  888475 sec) GetSurfaceObs()      P/O2,T2,TPhase,RPhase,RawTemp/FSig,BbSig,TSig: -0.0dbars / 227.9uM 29.220C 29.236 7.366 -25.865 / 52,112,528
(Sep 26 2025 06:51:27,  888475 sec) GetSurfaceObs()      P/Ocr: -0.0dbars / 0x86858a9b 0x8b2904c9 0x8b68eb49 0x88a592c9
(Sep 26 2025 06:52:00,  888508 sec) GetSurfaceObs()      P/O2,T2,TPhase,RPhase,RawTemp/FSig,BbSig,TSig: -0.2dbars / 226.1uM 29.438C 29.241 7.355 -32.811 / 51,112,527
(Sep 26 2025 06:52:00,  888508 sec) GetSurfaceObs()      P/Ocr: -0.2dbars / 0x85a40c40 0x8948e236 0x8974c1ed 0x86cbabad
(Sep 26 2025 06:52:33,  888541 sec) GetSurfaceObs()      P/O2,T2,TPhase,RPhase,RawTemp/FSig,BbSig,TSig: -0.1dbars / 227.4uM 29.270C 29.242 7.359 -27.452 / 52,112,528
(Sep 26 2025 06:52:34,  888542 sec) GetSurfaceObs()      P/Ocr: -0.1dbars / 0x85df145b 0x89b3ef80 0x89ac1b49 0x8762e012
(Sep 26 2025 06:53:07,  888575 sec) GetSurfaceObs()      P/O2,T2,TPhase,RPhase,RawTemp/FSig,BbSig,TSig: -0.2dbars / 229.0uM 29.020C 29.255 7.345 -19.441 / 53,114,528
(Sep 26 2025 06:53:07,  888575 sec) GetSurfaceObs()      P/Ocr: -0.2dbars / 0x84825d80 0x865d24c9 0x85d205f6 0x840ed4e4
(Sep 26 2025 06:53:15,  888583 sec) AirSystem()          Air-bladder inflation by-passed. Pneumatic Pressure: [156cnt, 18.3psi].
(Sep 26 2025 06:53:56,  888624 sec) GetSurfaceObs()      P/O2,T2,TPhase,RPhase,RawTemp/FSig,BbSig,TSig: -0.1dbars / 228.9uM 28.948C 29.285 7.367 -17.146 / 52,111,528
(Sep 26 2025 06:53:56,  888624 sec) GetSurfaceObs()      P/Ocr: -0.1dbars / 0x85c09fed 0x89905b12 0x89883c09 0x86fe799b
(Sep 26 2025 06:53:59,  888627 sec) GpsServices()        GPS almanac is current.
(Sep 26 2025 06:53:59,  888627 sec) GpsServices()        Initiating GPS fix acquisition.
(Sep 26 2025 06:54:04,  888632 sec) gga()                $GPGGA,065400,1421.0185,N,14243.5100,E,0,00,,,M,,M,,*54
(Sep 26 2025 06:54:11,  888639 sec) gga()                $GPGGA,065420,1421.0185,N,14243.5100,E,0,00,,,M,,M,,*56
(Sep 26 2025 06:54:21,  888649 sec) gga()                $GPGGA,065430,1421.0185,N,14243.5100,E,0,00,,,M,,M,,*57
(Sep 26 2025 06:54:31,  888659 sec) gga()                $GPGGA,065440,1421.0185,N,14243.5100,E,0,00,,,M,,M,,*50
(Sep 26 2025 06:54:41,  888669 sec) gga()                $GPGGA,065450,1421.0185,N,14243.5100,E,0,00,,,M,,M,,*51
(Sep 26 2025 06:54:51,  888679 sec) gga()                $GPGGA,065500,1421.0185,N,14243.5100,E,0,00,,,M,,M,,*55
(Sep 26 2025 06:55:02,  888690 sec) gga()                $GPGGA,065510,1401.5507,N,14240.6725,E,1,05,1.2,10.0,M,50.7,M,,*76
(Sep 26 2025 06:55:02,  888690 sec) GpsServices()        Profile 6 GPS fix obtained in 63 seconds.
(Sep 26 2025 06:55:02,  888690 sec) GpsServices()                   lon      lat mm/dd/yyyy hhmmss nsat
(Sep 26 2025 06:55:02,  888690 sec) GpsServices()        Fix:  142.6779  14.0258 09/26/2025 065510    5
(Sep 26 2025 06:55:12,  888700 sec) gga()                $GPGGA,065520,1401.5512,N,14240.6711,E,1,05,1.2,10.7,M,50.7,M,,*71
(Sep 26 2025 06:55:21,  888709 sec) gga()                $GPGGA,065530,1401.5520,N,14240.6693,E,1,05,1.2,10.5,M,50.7,M,,*78
(Sep 26 2025 06:55:21,  888709 sec) GpsServices()        APF11 RTC skew (-9s) OK.
(Sep 26 2025 06:55:21,  888709 sec) GpsServices()        GPS services complete.
(Sep 26 2025 06:55:56,  888744 sec) IrGeoLoc()           <x,y,z>=<-4920km,3736km,1568km> lat=14.334 lon=142.789 IrSysTime=0xed338ab6
(Sep 26 2025 06:56:00,  888748 sec) CLogin()             Connecting to primary host.
(Sep 26 2025 06:57:02,  888810 sec) chat()               Expected string [CONNECT] not received.
(Sep 26 2025 06:57:02,  888810 sec) modem_connect()      Modem command [AT+CBST=71,0,1;DT00881600005496] failed.
(Sep 26 2025 06:57:02,  888810 sec) connect()            Connection attempt failed.
(Sep 26 2025 06:57:43,  888851 sec) CLogin()             Connection 1 established in 103 seconds.
(Sep 26 2025 06:58:16,  888884 sec) expect()             Attempt to read prompt string [Last login:] failed.
(Sep 26 2025 06:58:16,  888884 sec) login()              Login failed.
(Sep 26 2025 06:58:46,  888914 sec) expect()             Attempt to read prompt string [login:] failed.
(Sep 26 2025 06:58:46,  888914 sec) login()              Login prompt not received.
(Sep 26 2025 06:58:46,  888914 sec) CLogin()             Attempt to connect to primary host failed after 2 tries.  Connecting to alternate host.
(Sep 26 2025 06:59:01,  888929 sec) CLogin()             Connection 2 established in 181 seconds.
(Sep 26 2025 06:59:22,  888950 sec) login()              Login successful.
(Sep 26 2025 06:59:29,  888957 sec) CLogin()             Logged in to host.  [Login required 28 seconds]
(Sep 26 2025 06:59:31,  888959 sec) RxConfig()           Downloading "mission.cfg" from host.
(Sep 26 2025 06:59:45,  888973 sec) RxConfig()           Download successful: [bytes:33, sec:12.0, bps:3]
(Sep 26 2025 06:59:49,  888977 sec) WriteVitals_()       Writing vitals to "21878.006.msg".
(Sep 26 2025 06:59:58,  888986 sec) UpLoadFile()         Uploading "21878.006.log" to host.
(Sep 26 2025 07:03:04,  889172 sec) UpLoadFile()         Upload successful: [bytes:50081, sec:186.1, bps:269]
(Sep 26 2025 07:03:05,  889173 sec) fmove()              Moved: 21878.006.log -> archive/21878.006.log
(Sep 26 2025 07:03:10,  889178 sec) UpLoadFile()         Uploading "21878.006.msg" to host.
(Sep 26 2025 07:05:58,  889346 sec) UpLoadFile()         Upload successful: [bytes:42955, sec:168.2, bps:255]
(Sep 26 2025 07:05:59,  889347 sec) fmove()              Moved: 21878.006.msg -> archive/21878.006.msg
(Sep 26 2025 07:06:04,  889352 sec) UpLoadFile()         Uploading "21878.006.isus" to host.
(Sep 26 2025 07:07:50,  889458 sec) UpLoadFile()         Upload successful: [bytes:25475, sec:106.1, bps:240]
(Sep 26 2025 07:07:51,  889459 sec) fmove()              Moved: 21878.006.isus -> archive/21878.006.isus
(Sep 26 2025 07:07:56,  889464 sec) UpLoadFile()         Uploading "21878.006.dura" to host.
(Sep 26 2025 07:08:57,  889525 sec) UpLoadFile()         Upload successful: [bytes:13579, sec:61.3, bps:221]
(Sep 26 2025 07:08:58,  889526 sec) fmove()              Moved: 21878.006.dura -> archive/21878.006.dura
(Sep 26 2025 07:08:59,  889527 sec) UpLoad()             Files successfully uploaded: 4
(Sep 26 2025 07:08:59,  889527 sec) UpLoad()             Upload complete.
(Sep 26 2025 07:09:06,  889534 sec) logout()             Log-out successful.
(Sep 26 2025 07:09:07,  889535 sec) Telemetry()          Telemetry cycle complete: PrfId=6 ConnectionAttempts=3  Connections=2
(Sep 26 2025 07:09:07,  889535 sec) TelemetryTerminate() Parsing new mission configuration.
(Sep 26 2025 07:09:09,  889537 sec) configure()          Parsing configurators in "mission.cfg".
(Sep 26 2025 07:09:09,  889537 sec) configure()             TelemetryRetry(15)      [0x7BBC] [TelemetryRetry(15)].
(Sep 26 2025 07:09:10,  889538 sec) configure()          Configuration CRCs and syntax OK.
(Sep 26 2025 07:09:10,  889538 sec) ConfigSupervisor()   Configuration accepted.
(Sep 26 2025 07:09:10,  889538 sec) TelemetryTerminate() Reconditioning the file system.
(Sep 26 2025 07:09:13,       0 sec) DescentInit()        Deep profile 7 initiated at mission-time 889541sec.
(Sep 26 2025 07:09:14,       1 sec) DescentInit()        Surface pressure: -0.2dbars.
(Sep 26 2025 07:09:14,       1 sec) DescentInit()        Charge consumption model: OCV:15.1V Wake-Cycles:19121 Standby:140.8days Wake:17.6kC Sleep:1.4kC
(Sep 26 2025 07:09:26,      13 sec) DescentInit()        Pneumatic humidity: 1051(6.7%) -> 1151(9.7%)
(Sep 26 2025 07:09:27,      14 sec) PistonMoveAbsWTO()    231->048 230 229 228 227 226 225 224 223 222 221 220 219 218 217 216 215 214 213 212 211 210 209 208 207 206 205 204 203 202 201 200 199 198 197 196 195 194 193 192 191 190 189 188 187 186 185 184 183 182 181 180 179 178 177 176 175 174 173 172 171 170 169 168 167 166 165 164 163 162 161 160 159 158 157 156 155 154 153 152 151 150 149 148 147 146 145 144 143 142 141 140 139 138 137 136 135 134 133 132 131 130 129 128 127 126 125 124 123 122 121 120 119 118 117 116 115 114 113 112 111 110 109 108 107 106 105 104 103 102 101 100 099 098 097 096 095 094 093 092 091 090 089 088 087 086 085 084 083 082 081 080 079 078 077 076 075 074 073 072 071 070 069 068 067 066 065 064 063 062 061 060 059 058 057 056 055 054 053 052 051 050 049 048 [941sec, 15.0Volts, 0.151Amps, CPT:941sec]
(Sep 26 2025 07:25:13,     960 sec) DescentInit()        Air solenoid open: Barometer [216cnt,  12.7psi]  Pneumometer [109cnt,  12.8psi]
(Sep 26 2025 07:25:23,     970 sec) Descent()            Pressure: 126.5
(Sep 26 2025 08:09:13,    3600 sec) Descent()            Pressure: 491.3
(Sep 26 2025 09:09:13,    7200 sec) Descent()            Pressure: 754.2
(Sep 26 2025 10:09:13,   10800 sec) Descent()            Pressure: 905.7
(Sep 26 2025 11:09:13,   14400 sec) Descent()            Pressure: 952.2
(Sep 26 2025 11:09:13,   14400 sec) ParkInit()           Charge consumption model: OCV:15.4V Wake-Cycles:19126 Standby:140.9days Wake:18.0kC Sensors:1.4kC
(Sep 26 2025 13:09:21,   21608 sec) Park()               ParkPOutOfBand[-3, 968.9 dbars]: retract piston.
(Sep 26 2025 13:09:21,   21608 sec) PistonMoveAbsWTO()    048->047 047 [6sec, 14.9Volts, 0.134Amps, CPT:947sec]
(Sep 27 2025 04:09:21,   75608 sec) Park()               ParkPOutOfBand[3, 1024.4 dbars]: extend piston.
(Sep 27 2025 04:09:21,   75608 sec) PistonMoveAbsWTO()    047->048 048 [4sec, 14.5Volts, 0.467Amps, CPT:951sec]
(Sep 27 2025 09:09:21,   93608 sec) Park()               ParkPOutOfBand[3, 1018.2 dbars]: extend piston.
(Sep 27 2025 09:09:21,   93608 sec) PistonMoveAbsWTO()    048->049 049 [6sec, 14.6Volts, 0.488Amps, CPT:957sec]
(Sep 27 2025 12:09:21,  104408 sec) Park()               ParkPOutOfBand[-3, 969.8 dbars]: retract piston.
(Sep 27 2025 12:09:21,  104408 sec) PistonMoveAbsWTO()    049->048 048 [3sec, 14.9Volts, 0.130Amps, CPT:960sec]
(Sep 27 2025 23:09:21,  144008 sec) Park()               ParkPOutOfBand[-3, 982.2 dbars]: retract piston.
(Sep 27 2025 23:09:21,  144008 sec) PistonMoveAbsWTO()    048->047 047 [6sec, 14.9Volts, 0.129Amps, CPT:966sec]
(Sep 28 2025 06:09:21,  169208 sec) Park()               ParkPOutOfBand[3, 1020.3 dbars]: extend piston.
(Sep 28 2025 06:09:21,  169208 sec) PistonMoveAbsWTO()    047->048 048 [3sec, 14.6Volts, 0.477Amps, CPT:969sec]
(Sep 29 2025 01:09:21,  237608 sec) Park()               ParkPOutOfBand[3, 1013.1 dbars]: extend piston.
(Sep 29 2025 01:09:21,  237608 sec) PistonMoveAbsWTO()    048->049 049 [6sec, 14.5Volts, 0.468Amps, CPT:975sec]
(Sep 29 2025 04:09:21,  248408 sec) Park()               ParkPOutOfBand[-3, 987.7 dbars]: retract piston.
(Sep 29 2025 04:09:21,  248408 sec) PistonMoveAbsWTO()    049->048 048 [3sec, 14.9Volts, 0.120Amps, CPT:978sec]
(Oct 02 2025 04:09:21,  507608 sec) Park()               ParkPOutOfBand[3, 1014.3 dbars]: extend piston.
(Oct 02 2025 04:09:21,  507608 sec) PistonMoveAbsWTO()    048->049 049 [3sec, 14.4Volts, 0.493Amps, CPT:981sec]
(Oct 06 2025 03:09:35,  849622 sec) CtdPower()           [  997.86,  4.2884, 34.5281]
(Oct 06 2025 03:09:35,  849622 sec) CtdPower()           CTD Power consumption [216VCnt 3ACnt]: 15.161Volts * 0.011Amps = 0.17Watts.
(Oct 06 2025 03:09:50,  849637 sec) ParkTerminate()      Piston Position:49 Vacuum:195 HumidityAd12:1064(7.1%) Vq:215 Aq:9 Vsbe:216 Asbe:3 Vflbb:212 Aflbb:8 Vopt:210 Aopt:12 Vocr:212 Aocr:7 MuxTemp:4.297C MuxHumidity:4.9%
(Oct 06 2025 03:10:20,  849667 sec) ParkTerminate()      PTS/O2,T2,TPhase,RawTemp: 998.2dbars 4.2907C 34.5279PSU / 96.3uM 4.274C 49.811 6.243 769.904
(Oct 06 2025 03:10:20,  849667 sec) ParkTerminate()      FLBB FSig, BbSig, TSig / Ocr: 53, 100, 569 /  nan nan nan nan
(Oct 06 2025 03:10:21,  849668 sec) GoDeepInit()         Charge consumption model: OCV:15.3V Wake-Cycles:19358 Standby:150.6days Wake:18.3kC Sensors:1.4kC
(Oct 06 2025 03:10:21,  849668 sec) GoDeepInit()         Moving piston.
(Oct 06 2025 03:10:21,  849668 sec) PistonMoveAbsWTO()    049->010 048 047 046 045 044 043 042 041 040 039 038 037 036 035 034 033 032 031 030 029 028 027 026 025 024 023 022 021 020 019 018 017 016 015 014 013 012 011 010 [212sec, 14.5Volts, 0.176Amps, CPT:1193sec]
(Oct 06 2025 07:09:13,  864000 sec) ProfileInit()        Charge consumption model: OCV:15.4V Wake-Cycles:19406 Standby:150.7days Wake:18.3kC Sensors:1.4kC
(Oct 06 2025 07:09:13,  864000 sec) ProfileInit()        PrfId:007  Pressure:1906.1dbar  pTable[1]:1900dbar
(Oct 06 2025 07:09:15,  864002 sec) ProfileInit()        Muxer PPIs K{1,2} quiescent: 15.20V, -0.2mA, -3.0mW
(Oct 06 2025 07:09:28,  864015 sec) ProfileInit()        ISUS powered up.
(Oct 06 2025 07:09:34,  864021 sec) ProfileInit()        Muxer PPIs K{1,2} w/ ISUS awake: 15.11V, 19.9mA, 300.7mW
(Oct 06 2025 07:09:41,  864028 sec) MscErrorLog_()       No error records to log.
(Oct 06 2025 07:09:48,  864035 sec) ProfileInit()        DURA powered up.
(Oct 06 2025 07:09:52,  864039 sec) ProfileInit()        Muxer PPIs K{1,2} w/ DURA awake: 15.12V, 19.9mA, 300.8mW
(Oct 06 2025 07:09:58,  864045 sec) MscErrorLog_()       No error records to log.
(Oct 06 2025 07:10:03,  864050 sec) PistonMoveAbsWTO()    010->032 011 012 013 014 015 [30sec, 14.2Volts, 0.669Amps, CPT:1223sec]
(Oct 06 2025 07:10:44,  864091 sec) PistonMoveAbsWTO()    015->032 016 017 018 019 [30sec, 13.9Volts, 0.697Amps, CPT:1253sec]
(Oct 06 2025 07:11:25,  864132 sec) PistonMoveAbsWTO()    019->032 020 021 022 023 024 [30sec, 13.9Volts, 0.676Amps, CPT:1283sec]
(Oct 06 2025 07:12:06,  864173 sec) PistonMoveAbsWTO()    024->032 025 026 027 028 [30sec, 13.8Volts, 0.710Amps, CPT:1313sec]
(Oct 06 2025 07:12:47,  864214 sec) PistonMoveAbsWTO()    029->032 030 031 032 [21sec, 13.9Volts, 0.660Amps, CPT:1334sec]
(Oct 06 2025 07:14:22,  864309 sec) Profile()            Sample 0 initiated at 1901.3dbars for bin 1 [1900dbars].  PTS/O2,T2,TPhase,RPhase,RawTemp/NO3/pH/FSig,BbSig,TSig/Ocr: 1899.3dbars 2.1833C 34.6186PSU / 124.1uM 2.177C 48.372 6.289 829.846 / 40.5uM / -1.037411V /   53   97  572 / nan nan nan nan
(Oct 06 2025 07:24:18,  864905 sec) AscentControlAgent() Bouyancy nudge to 42 (v=0.073dbar/sec).
(Oct 06 2025 07:24:18,  864905 sec) PistonMoveAbsWTO()    032->042 033 034 035 036 [30sec, 14.2Volts, 0.638Amps, CPT:1364sec]
(Oct 06 2025 07:24:59,  864946 sec) PistonMoveAbsWTO()    036->042 037 038 039 040 041 [30sec, 14.0Volts, 0.617Amps, CPT:1394sec]
(Oct 06 2025 07:25:40,  864987 sec) PistonMoveAbsWTO()    041->042 042 [4sec, 14.0Volts, 0.670Amps, CPT:1398sec]
(Oct 06 2025 07:26:17,  865024 sec) PistonMoveAbsWTO()    041->042 042 [1sec, 14.1Volts, 0.680Amps, CPT:1399sec]
(Oct 06 2025 07:31:02,  865309 sec) Profile()            Sample 1 initiated at 1800.8dbars for bin 2 [1800dbars].  PTS/O2,T2,TPhase,RPhase,RawTemp/NO3/pH/FSig,BbSig,TSig/Ocr: 1798.2dbars 2.3287C 34.6089PSU / 120.3uM 2.321C 48.601 6.325 825.785 / 40.7uM / -1.037667V /   52   99  572 / nan nan nan nan
(Oct 06 2025 07:45:09,  866156 sec) Profile()            Sample 2 initiated at 1701.5dbars for bin 3 [1700dbars].  PTS/O2,T2,TPhase,RPhase,RawTemp/NO3/pH/FSig,BbSig,TSig/Ocr: 1699.1dbars 2.4847C 34.6015PSU / 117.3uM 2.474C 48.780 6.331 821.450 / 40.9uM / -1.037809V /   53   98  572 / nan nan nan nan
(Oct 06 2025 08:00:44,  867091 sec) Profile()            Sample 3 initiated at 1601.6dbars for bin 4 [1600dbars].  PTS/O2,T2,TPhase,RPhase,RawTemp/NO3/pH/FSig,BbSig,TSig/Ocr: 1599.6dbars 2.6307C 34.5934PSU / 114.7uM 2.620C 48.926 6.334 817.320 / 41.1uM / -1.037911V /   53  100  572 / nan nan nan nan
(Oct 06 2025 08:17:37,  868104 sec) Profile()            Sample 4 initiated at 1501.8dbars for bin 5 [1500dbars].  PTS/O2,T2,TPhase,RPhase,RawTemp/NO3/pH/FSig,BbSig,TSig/Ocr: 1499.8dbars 2.8337C 34.5834PSU / 111.3uM 2.822C 49.112 6.337 811.579 / 41.2uM / -1.037987V /   53   99  571 / nan nan nan nan
(Oct 06 2025 08:31:37,  868944 sec) AscentControlAgent() Bouyancy nudge to 52 (v=0.076dbar/sec).
(Oct 06 2025 08:31:37,  868944 sec) PistonMoveAbsWTO()    042->052 043 044 045 046 047 [30sec, 14.4Volts, 0.533Amps, CPT:1429sec]
(Oct 06 2025 08:32:18,  868985 sec) PistonMoveAbsWTO()    047->052 048 049 050 051 [30sec, 14.2Volts, 0.554Amps, CPT:1459sec]
(Oct 06 2025 08:32:59,  869026 sec) PistonMoveAbsWTO()    051->052 052 [2sec, 14.2Volts, 0.551Amps, CPT:1461sec]
(Oct 06 2025 08:36:27,  869234 sec) Profile()            Sample 5 initiated at 1401.3dbars for bin 6 [1400dbars].  PTS/O2,T2,TPhase,RPhase,RawTemp/NO3/pH/FSig,BbSig,TSig/Ocr: 1398.9dbars 3.1374C 34.5702PSU / 106.9uM 3.124C 49.356 6.339 802.974 / 41.3uM / -1.038047V /   54  100  571 / nan nan nan nan
(Oct 06 2025 08:51:52,  870159 sec) Profile()            Sample 6 initiated at 1301.8dbars for bin 7 [1300dbars].  PTS/O2,T2,TPhase,RPhase,RawTemp/NO3/pH/FSig,BbSig,TSig/Ocr: 1299.6dbars 3.3922C 34.5604PSU / 103.7uM 3.380C 49.520 6.341 795.673 / 41.4uM / -1.038068V /   53  100  571 / nan nan nan nan
(Oct 06 2025 09:07:32,  871099 sec) AscentControlAgent() Bouyancy nudge to 62 (v=0.080dbar/sec).
(Oct 06 2025 09:07:32,  871099 sec) PistonMoveAbsWTO()    052->062 053 054 055 056 057 [30sec, 14.5Volts, 0.512Amps, CPT:1491sec]
(Oct 06 2025 09:08:13,  871140 sec) PistonMoveAbsWTO()    057->062 058 059 060 061 [30sec, 14.3Volts, 0.505Amps, CPT:1521sec]
(Oct 06 2025 09:09:57,  871244 sec) Profile()            Sample 7 initiated at 1200.8dbars for bin 8 [1200dbars].  PTS/O2,T2,TPhase,RPhase,RawTemp/NO3/pH/FSig,BbSig,TSig/Ocr: 1198.7dbars 3.7151C 34.5422PSU / 97.7uM 3.702C 49.918 6.345 786.425 / 41.6uM / -1.038361V /   54  100  570 / nan nan nan nan
(Oct 06 2025 09:09:58,  871245 sec) PistonMoveAbsWTO()    061->062 062 [1sec, 14.3Volts, 0.525Amps, CPT:1522sec]
(Oct 06 2025 09:28:08,  872335 sec) Profile()            Sample 8 initiated at 1101.9dbars for bin 9 [1100dbars].  PTS/O2,T2,TPhase,RPhase,RawTemp/NO3/pH/FSig,BbSig,TSig/Ocr: 1100.0dbars 4.1030C 34.5319PSU / 96.3uM 4.090C 49.884 6.354 775.229 / 41.3uM / -1.038118V /   54  101  570 / nan nan nan nan
(Oct 06 2025 09:46:29,  873436 sec) Profile()            Sample 9 initiated at 1001.4dbars for bin 10 [1000dbars].  PTS/O2,T2,TPhase,RPhase,RawTemp/NO3/pH/FSig,BbSig,TSig/Ocr: 999.5dbars 4.4173C 34.5244PSU / 96.5uM 4.402C 49.740 6.363 766.188 / 41.1uM / -1.037704V /   54   99  569 / nan nan nan nan
(Oct 06 2025 09:50:01,  873648 sec) Sbe41cpStartCP()     Continuous profile started.
(Oct 06 2025 09:55:10,  873957 sec) AscentControlAgent() Bouyancy nudge to 72 (v=0.079dbar/sec).
(Oct 06 2025 09:55:10,  873957 sec) PistonMoveAbsWTO()    062->072 063 064 065 066 067 [30sec, 14.5Volts, 0.478Amps, CPT:1552sec]
(Oct 06 2025 09:56:33,  874040 sec) Profile()            Sample 10 initiated at 951.0dbars for bin 11 [950dbars].  PTS/O2,T2,TPhase,RPhase,RawTemp/NO3/pH/FSig,BbSig,TSig/Ocr: 950.9dbars 4.5901C 34.5192PSU / 95.7uM 4.575C 49.743 6.369 761.160 / 41.1uM / -1.037678V /   54  103  569 / nan nan nan nan
(Oct 06 2025 09:56:33,  874040 sec) PistonMoveAbsWTO()    067->072 068 069 070 071 [30sec, 14.3Volts, 0.453Amps, CPT:1582sec]
(Oct 06 2025 10:05:05,  874552 sec) Profile()            Sample 11 initiated at 901.1dbars for bin 12 [900dbars].  PTS/O2,T2,TPhase,RPhase,RawTemp/NO3/pH/FSig,BbSig,TSig/Ocr: 901.0dbars 4.7815C 34.5096PSU / 95.4uM 4.766C 49.683 6.374 755.575 / 40.9uM / -1.037568V /   54  101  569 / nan nan nan nan
(Oct 06 2025 10:13:30,  875057 sec) Profile()            Sample 12 initiated at 851.9dbars for bin 13 [850dbars].  PTS/O2,T2,TPhase,RPhase,RawTemp/NO3/pH/FSig,BbSig,TSig/Ocr: 851.8dbars 4.9720C 34.5001PSU / 94.4uM 4.956C 49.703 6.397 750.037 / 40.8uM / -1.037630V /   53  104  568 / nan nan nan nan
(Oct 06 2025 10:21:14,  875521 sec) Profile()            Sample 13 initiated at 801.9dbars for bin 14 [800dbars].  PTS/O2,T2,TPhase,RPhase,RawTemp/NO3/pH/FSig,BbSig,TSig/Ocr: 801.8dbars 5.2158C 34.4898PSU / 92.4uM 5.200C 49.794 6.413 742.896 / 40.6uM / -1.037672V /   54  103  568 / nan nan nan nan
(Oct 06 2025 10:29:16,  876003 sec) Profile()            Sample 14 initiated at 751.2dbars for bin 15 [750dbars].  PTS/O2,T2,TPhase,RPhase,RawTemp/NO3/pH/FSig,BbSig,TSig/Ocr: 751.1dbars 5.5107C 34.4743PSU / 91.1uM 5.496C 49.792 6.427 734.173 / 40.2uM / -1.037772V /   54  103  568 / nan nan nan nan
(Oct 06 2025 10:39:00,  876587 sec) Profile()            Sample 15 initiated at 701.9dbars for bin 16 [700dbars].  PTS/O2,T2,TPhase,RPhase,RawTemp/NO3/pH/FSig,BbSig,TSig/Ocr: 701.8dbars 5.7440C 34.4603PSU / 90.1uM 5.730C 49.790 6.450 727.286 / 39.8uM / -1.037721V /   53  104  567 / nan nan nan nan
(Oct 06 2025 10:40:52,  876699 sec) AscentControlAgent() Bouyancy nudge to 82 (v=0.066dbar/sec).
(Oct 06 2025 10:40:52,  876699 sec) PistonMoveAbsWTO()    072->082 073 074 075 076 [30sec, 14.5Volts, 0.368Amps, CPT:1612sec]
(Oct 06 2025 10:41:33,  876740 sec) PistonMoveAbsWTO()    077->082 078 079 080 081 082 [30sec, 14.3Volts, 0.359Amps, CPT:1642sec]
(Oct 06 2025 10:49:44,  877231 sec) Profile()            Sample 16 initiated at 651.9dbars for bin 17 [650dbars].  PTS/O2,T2,TPhase,RPhase,RawTemp/NO3/pH/FSig,BbSig,TSig/Ocr: 651.8dbars 6.1333C 34.4365PSU / 86.8uM 6.123C 49.960 6.466 715.653 / 39.4uM / -1.037914V /   53  103  567 / nan nan nan nan
(Oct 06 2025 10:56:12,  877619 sec) AscentControlAgent() Bouyancy nudge to 92 (v=0.074dbar/sec).
(Oct 06 2025 10:56:12,  877619 sec) PistonMoveAbsWTO()    082->092 083 084 085 086 [30sec, 14.5Volts, 0.331Amps, CPT:1672sec]
(Oct 06 2025 10:56:53,  877660 sec) PistonMoveAbsWTO()    087->092 088 089 090 091 092 [29sec, 14.4Volts, 0.334Amps, CPT:1701sec]
(Oct 06 2025 10:57:44,  877711 sec) PistonMoveAbsWTO()    092->092 [0sec, 0.0Volts, 0.000Amps, CPT:1701sec]
(Oct 06 2025 10:57:56,  877723 sec) PistonMoveAbsWTO()    091->092 092 [1sec, 14.5Volts, 0.379Amps, CPT:1702sec]
(Oct 06 2025 10:59:56,  877843 sec) Profile()            Sample 17 initiated at 601.4dbars for bin 18 [600dbars].  PTS/O2,T2,TPhase,RPhase,RawTemp/NO3/pH/FSig,BbSig,TSig/Ocr: 601.3dbars 6.4427C 34.4241PSU / 86.8uM 6.431C 49.840 6.486 706.481 / 38.9uM / -1.037853V /   52  103  566 / nan nan nan nan
(Oct 06 2025 11:07:05,  878272 sec) Profile()            Sample 18 initiated at 551.8dbars for bin 19 [550dbars].  PTS/O2,T2,TPhase,RPhase,RawTemp/NO3/pH/FSig,BbSig,TSig/Ocr: 551.7dbars 6.8834C 34.4032PSU / 85.2uM 6.870C 49.823 6.506 693.361 / 38.1uM / -1.037976V /   54  105  566 / nan nan nan nan
(Oct 06 2025 11:15:21,  878768 sec) Profile()            Sample 19 initiated at 501.8dbars for bin 20 [500dbars].  PTS/O2,T2,TPhase,RPhase,RawTemp/NO3/pH/FSig,BbSig,TSig/Ocr: 501.7dbars 7.7035C 34.3775PSU / 83.2uM 7.681C 49.701 6.543 668.962 / 36.6uM / -1.037835V /   53  106  565 / nan nan nan nan
(Oct 06 2025 11:25:41,  879388 sec) Profile()            Sample 20 initiated at 451.9dbars for bin 21 [450dbars].  PTS/O2,T2,TPhase,RPhase,RawTemp/NO3/pH/FSig,BbSig,TSig/Ocr: 451.8dbars 8.2822C 34.3389PSU / 91.1uM 8.276C 48.630 6.579 650.911 / 34.4uM / -1.036904V /   53  105  564 / 0x7ff34a49 0x7ffdacb6 0x80011664 0x80041d9b
(Oct 06 2025 11:27:32,  879499 sec) AscentControlAgent() Bouyancy nudge to 102 (v=0.061dbar/sec).
(Oct 06 2025 11:27:33,  879500 sec) PistonMoveAbsWTO()    092->102 093 094 095 096 095 096 097 096 097 [30sec, 14.6Volts, 0.324Amps, CPT:1732sec]
(Oct 06 2025 11:28:14,  879541 sec) PistonMoveAbsWTO()    097->102 098 099 100 101 102 [28sec, 14.5Volts, 0.304Amps, CPT:1760sec]
(Oct 06 2025 11:36:48,  880055 sec) Profile()            Sample 21 initiated at 401.7dbars for bin 22 [400dbars].  PTS/O2,T2,TPhase,RPhase,RawTemp/NO3/pH/FSig,BbSig,TSig/Ocr: 401.6dbars 9.7073C 34.2546PSU / 129.2uM 9.693C 44.432 6.640 607.404 / 27.6uM / -1.031637V /   52  106  562 / 0x7ff345db 0x7ffd892d 0x800111c9 0x80040a80
(Oct 06 2025 11:37:33,  880100 sec) AscentControlAgent() Bouyancy nudge to 112 (v=0.074dbar/sec).
(Oct 06 2025 11:37:34,  880101 sec) PistonMoveAbsWTO()    102->112 103 104 105 106 107 [30sec, 14.6Volts, 0.286Amps, CPT:1790sec]
(Oct 06 2025 11:38:15,  880142 sec) PistonMoveAbsWTO()    107->112 108 109 110 111 112 [27sec, 14.5Volts, 0.289Amps, CPT:1817sec]
(Oct 06 2025 11:41:06,  880313 sec) Profile()            Sample 22 initiated at 381.5dbars for bin 23 [380dbars].  PTS/O2,T2,TPhase,RPhase,RawTemp/NO3/pH/FSig,BbSig,TSig/Ocr: 381.4dbars 10.0983C 34.2500PSU / 145.3uM 10.090C 42.929 6.668 595.108 / 26.0uM / -1.030070V /   52  104  562 / 0x7ff35fed 0x7ffd9a89 0x80010840 0x8003f2ad
(Oct 06 2025 11:44:38,  880525 sec) Profile()            Sample 23 initiated at 361.5dbars for bin 24 [360dbars].  PTS/O2,T2,TPhase,RPhase,RawTemp/NO3/pH/FSig,BbSig,TSig/Ocr: 361.4dbars 10.6962C 34.2675PSU / 158.3uM 10.717C 41.632 6.699 575.583 / 24.0uM / -1.028393V /   51  104  561 / 0x7ff34b2d 0x7ffd8764 0x80010109 0x8003f6d2
(Oct 06 2025 11:46:19,  880626 sec) Profile()            Sample 24 initiated at 351.8dbars for bin 25 [350dbars].  PTS/O2,T2,TPhase,RPhase,RawTemp/NO3/pH/FSig,BbSig,TSig/Ocr: 351.7dbars 10.8349C 34.2699PSU / 160.9uM 10.838C 41.386 6.711 571.808 / 23.6uM / -1.028321V /   52  108  560 / 0x7ff35cf6 0x7ffd7a1b 0x80011076 0x8003fbdb
(Oct 06 2025 11:48:11,  880738 sec) Profile()            Sample 25 initiated at 341.0dbars for bin 26 [340dbars].  PTS/O2,T2,TPhase,RPhase,RawTemp/NO3/pH/FSig,BbSig,TSig/Ocr: 341.0dbars 10.9226C 34.2735PSU / 162.1uM 10.926C 41.250 6.714 569.048 / 23.3uM / -1.028047V /   52  112  560 / 0x7ff35524 0x7ffd87ed 0x800107ed 0x8003f176
(Oct 06 2025 11:49:52,  880839 sec) Profile()            Sample 26 initiated at 331.5dbars for bin 27 [330dbars].  PTS/O2,T2,TPhase,RPhase,RawTemp/NO3/pH/FSig,BbSig,TSig/Ocr: 331.4dbars 11.1083C 34.2824PSU / 163.5uM 11.118C 41.059 6.718 563.040 / 22.9uM / -1.027402V /   51  105  560 / 0x7ff34c36 0x7ffd79a4 0x80010e09 0x8003f124
(Oct 06 2025 11:51:44,  880951 sec) Profile()            Sample 27 initiated at 321.7dbars for bin 28 [320dbars].  PTS/O2,T2,TPhase,RPhase,RawTemp/NO3/pH/FSig,BbSig,TSig/Ocr: 321.6dbars 11.4337C 34.2950PSU / 168.9uM 11.436C 40.516 6.731 553.034 / 21.6uM / -1.025992V /   51  104  559 / 0x7ff386ad 0x7ffd6c40 0x80010d12 0x8003dcdb
(Oct 06 2025 11:54:09,  881096 sec) Profile()            Sample 28 initiated at 311.8dbars for bin 29 [310dbars].  PTS/O2,T2,TPhase,RPhase,RawTemp/NO3/pH/FSig,BbSig,TSig/Ocr: 311.7dbars 12.3116C 34.3358PSU / 182.6uM 12.288C 39.164 6.761 526.143 / 19.0uM / -1.023858V /   51  104  559 / 0x7ff36b89 0x7ffd68b6 0x80010fdb 0x8003e6b6
(Oct 06 2025 11:57:40,  881307 sec) Profile()            Sample 29 initiated at 301.7dbars for bin 30 [300dbars].  PTS/O2,T2,TPhase,RPhase,RawTemp/NO3/pH/FSig,BbSig,TSig/Ocr: 301.7dbars 13.3023C 34.4219PSU / 189.7uM 13.298C 38.208 6.801 493.997 / 17.4uM / -1.022635V /   51  104  558 / 0x7ff3616d 0x7ffd62a4 0x80010312 0x8003cfb6
(Oct 06 2025 11:58:13,  881340 sec) AscentControlAgent() Bouyancy nudge to 122 (v=0.045dbar/sec).
(Oct 06 2025 11:58:14,  881341 sec) PistonMoveAbsWTO()    112->122 113 114 115 116 117 [30sec, 14.6Volts, 0.258Amps, CPT:1847sec]
(Oct 06 2025 11:58:55,  881382 sec) PistonMoveAbsWTO()    117->122 118 119 120 121 122 [26sec, 14.6Volts, 0.265Amps, CPT:1873sec]
(Oct 06 2025 12:01:12,  881519 sec) Profile()            Sample 30 initiated at 291.3dbars for bin 31 [290dbars].  PTS/O2,T2,TPhase,RPhase,RawTemp/NO3/pH/FSig,BbSig,TSig/Ocr: 291.2dbars 14.8248C 34.5157PSU / 177.1uM 14.832C 38.287 6.853 444.682 / 15.6uM / -1.021487V /   51  105  557 / 0x7ff36892 0x7ffd46c0 0x8000fa40 0x8003ca36
(Oct 06 2025 12:03:25,  881652 sec) Profile()            Sample 31 initiated at 281.4dbars for bin 32 [280dbars].  PTS/O2,T2,TPhase,RPhase,RawTemp/NO3/pH/FSig,BbSig,TSig/Ocr: 281.3dbars 15.3740C 34.5471PSU / 178.8uM 15.372C 37.911 6.875 427.213 / 14.7uM / -1.020899V /   50  105  555 / 0x7ff35676 0x7ffd412d 0x8000ece4 0x8003c824
(Oct 06 2025 12:03:26,  881653 sec) AscentControlAgent() Bouyancy nudge to 132 (v=0.067dbar/sec).
(Oct 06 2025 12:03:27,  881654 sec) PistonMoveAbsWTO()    122->132 123 124 125 126 127 [30sec, 14.6Volts, 0.259Amps, CPT:1903sec]
(Oct 06 2025 12:04:08,  881695 sec) PistonMoveAbsWTO()    127->132 128 129 130 131 132 [26sec, 14.5Volts, 0.269Amps, CPT:1929sec]
(Oct 06 2025 12:05:30,  881777 sec) Profile()            Sample 32 initiated at 271.4dbars for bin 33 [270dbars].  PTS/O2,T2,TPhase,RPhase,RawTemp/NO3/pH/FSig,BbSig,TSig/Ocr: 271.4dbars 15.5373C 34.5557PSU / 179.3uM 15.544C 37.801 6.883 421.645 / 14.6uM / -1.020556V /   51  105  555 / 0x7ff38336 0x7ffd4ced 0x8000f59b 0x8003b7c0
(Oct 06 2025 12:07:21,  881888 sec) Profile()            Sample 33 initiated at 261.2dbars for bin 34 [260dbars].  PTS/O2,T2,TPhase,RPhase,RawTemp/NO3/pH/FSig,BbSig,TSig/Ocr: 261.1dbars 16.7338C 34.6417PSU / 181.0uM 16.719C 37.129 6.914 383.375 / 12.3uM / -1.018728V /   50  104  554 / 0x7ff38192 0x7ffd3f40 0x8000f2ed 0x8003aec0
(Oct 06 2025 12:09:24,  882011 sec) Profile()            Sample 34 initiated at 251.7dbars for bin 35 [250dbars].  PTS/O2,T2,TPhase,RPhase,RawTemp/NO3/pH/FSig,BbSig,TSig/Ocr: 251.7dbars 17.1713C 34.6892PSU / 188.6uM 17.170C 36.425 6.945 368.628 / 11.0uM / -1.016569V /   51  106  553 / 0x7ff376ed 0x7ffd18db 0x8000f024 0x8003a1b6
(Oct 06 2025 12:12:10,  882177 sec) Profile()            Sample 35 initiated at 241.9dbars for bin 36 [240dbars].  PTS/O2,T2,TPhase,RPhase,RawTemp/NO3/pH/FSig,BbSig,TSig/Ocr: 241.8dbars 18.4248C 34.8197PSU / 207.6uM 18.417C 34.701 6.985 327.750 / 7.6uM / -1.013284V /   51  107  551 / 0x7ff3749b 0x7ffd1b80 0x8000d349 0x800393a4
(Oct 06 2025 12:13:38,  882265 sec) AscentControlAgent() Bouyancy nudge to 142 (v=0.057dbar/sec).
(Oct 06 2025 12:13:39,  882266 sec) PistonMoveAbsWTO()    132->142 133 134 135 136 137 [30sec, 14.7Volts, 0.239Amps, CPT:1959sec]
(Oct 06 2025 12:14:20,  882307 sec) PistonMoveAbsWTO()    137->142 138 139 140 141 142 [26sec, 14.6Volts, 0.240Amps, CPT:1985sec]
(Oct 06 2025 12:15:10,  882357 sec) Spi1CsPulse()        Chip-select pulse failed for SPI1 device 3.
(Oct 06 2025 12:15:42,  882389 sec) Profile()            Sample 36 initiated at 229.3dbars for bin 37 [230dbars].  PTS/O2,T2,TPhase,RPhase,RawTemp/NO3/pH/FSig,BbSig,TSig/Ocr: 229.2dbars 19.1117C 34.8871PSU / 214.8uM 19.113C 33.977 7.008 304.849 / 7.0uM / -1.012957V /   51  110  550 / 0x7ff385e4 0x7ffcf1a4 0x8000d4ad 0x80037d00
(Oct 06 2025 12:17:00,  882467 sec) Profile()            Sample 37 initiated at 221.9dbars for bin 38 [220dbars].  PTS/O2,T2,TPhase,RPhase,RawTemp/NO3/pH/FSig,BbSig,TSig/Ocr: 221.8dbars 19.2799C 34.9029PSU / 213.7uM 19.316C 33.949 7.012 298.184 / 7.1uM / -1.012718V /   51  108  549 / 0x7ff395f6 0x7ffce69b 0x8000cec9 0x80037892
(Oct 06 2025 12:18:30,  882557 sec) Spi1CsPulse()        Chip-select pulse failed for SPI1 device 3.
(Oct 06 2025 12:19:02,  882589 sec) Profile()            Sample 38 initiated at 211.3dbars for bin 39 [210dbars].  PTS/O2,T2,TPhase,RPhase,RawTemp/NO3/pH/FSig,BbSig,TSig/Ocr: 211.2dbars 20.9445C 35.0419PSU / 208.5uM 20.834C 33.572 7.032 248.120 / 6.0uM / -1.011570V /   55  114  548 / 0x7ff3a009 0x7ffcf8c9 0x8000c852 0x80037664
(Oct 06 2025 12:22:33,  882800 sec) Profile()            Sample 39 initiated at 201.9dbars for bin 40 [200dbars].  PTS/O2,T2,TPhase,RPhase,RawTemp/NO3/pH/FSig,BbSig,TSig/Ocr: 201.8dbars 21.7754C 35.1056PSU / 207.3uM 21.723C 33.255 7.091 218.793 / 5.5uM / -1.010853V /   60  111  546 / 0x7ff39f9b 0x7ffcc06d 0x8000ba24 0x80035d89
(Oct 06 2025 12:24:12,  882899 sec) AscentControlAgent() Bouyancy nudge to 152 (v=0.029dbar/sec).
(Oct 06 2025 12:24:12,  882899 sec) PistonMoveAbsWTO()    142->152 143 144 145 146 147 [30sec, 14.7Volts, 0.227Amps, CPT:2015sec]
(Oct 06 2025 12:24:53,  882940 sec) PistonMoveAbsWTO()    147->152 148 149 150 151 152 [26sec, 14.7Volts, 0.239Amps, CPT:2041sec]
(Oct 06 2025 12:27:21,  883088 sec) Profile()            Sample 40 initiated at 192.0dbars for bin 41 [190dbars].  PTS/O2,T2,TPhase,RPhase,RawTemp/NO3/pH/FSig,BbSig,TSig/Ocr: 191.9dbars 22.1263C 35.1206PSU / 206.9uM 22.120C 33.106 7.104 205.670 / 5.6uM / -1.010820V /   61  112  544 / 0x7ff39089 0x7ffcb02d 0x8000a400 0x80034736
(Oct 06 2025 12:29:34,  883221 sec) Profile()            Sample 41 initiated at 181.7dbars for bin 42 [180dbars].  PTS/O2,T2,TPhase,RPhase,RawTemp/NO3/pH/FSig,BbSig,TSig/Ocr: 181.7dbars 22.6622C 35.1464PSU / 205.8uM 22.635C 32.951 7.111 188.689 / 5.2uM / -1.010171V /   66  113  543 / 0x7ff3b164 0x7ffc9e9b 0x80009f36 0x80034140
(Oct 06 2025 12:32:21,  883388 sec) Profile()            Sample 42 initiated at 171.8dbars for bin 43 [170dbars].  PTS/O2,T2,TPhase,RPhase,RawTemp/NO3/pH/FSig,BbSig,TSig/Ocr: 171.7dbars 22.8053C 35.1465PSU / 206.7uM 22.820C 32.821 7.122 182.595 / 5.2uM / -1.010094V /   67  117  542 / 0x7ff3b8f6 0x7ffc9bad 0x80008eb6 0x80033ce4
(Oct 06 2025 12:35:51,  883598 sec) Profile()            Sample 43 initiated at 161.6dbars for bin 44 [160dbars].  PTS/O2,T2,TPhase,RPhase,RawTemp/NO3/pH/FSig,BbSig,TSig/Ocr: 161.5dbars 23.1128C 35.1309PSU / 206.2uM 23.107C 32.730 7.129 173.132 / 4.9uM / -1.009815V /   68  118  541 / 0x7ff3bd36 0x7ffc89ed 0x80008f00 0x800331f6
(Oct 06 2025 12:39:53,  883840 sec) AscentControlAgent() Bouyancy nudge to 162 (v=0.031dbar/sec).
(Oct 06 2025 12:39:53,  883840 sec) PistonMoveAbsWTO()    152->162 153 154 153 154 155 156 157 [30sec, 14.8Volts, 0.224Amps, CPT:2071sec]
(Oct 06 2025 12:40:34,  883881 sec) PistonMoveAbsWTO()    157->162 158 159 160 161 162 [25sec, 14.7Volts, 0.222Amps, CPT:2096sec]
(Oct 06 2025 12:41:55,  883962 sec) Profile()            Sample 44 initiated at 150.5dbars for bin 45 [150dbars].  PTS/O2,T2,TPhase,RPhase,RawTemp/NO3/pH/FSig,BbSig,TSig/Ocr: 150.4dbars 24.2449C 35.1307PSU / 207.5uM 24.208C 32.203 7.157 136.900 / 4.4uM / -1.008190V /   71  122  540 / 0x7ff3b32d 0x7ffc89ed 0x80007b49 0x800321b6
(Oct 06 2025 12:42:28,  883995 sec) PistonMoveAbsWTO()    162->162 [0sec, 0.0Volts, 0.000Amps, CPT:2096sec]
(Oct 06 2025 12:43:23,  884050 sec) PistonMoveAbsWTO()    162->162 [0sec, 0.0Volts, 0.000Amps, CPT:2096sec]
(Oct 06 2025 12:45:02,  884149 sec) AscentControlAgent() Bouyancy nudge to 172 (v=0.028dbar/sec).
(Oct 06 2025 12:45:02,  884149 sec) PistonMoveAbsWTO()    162->172 163 164 165 166 167 [30sec, 14.8Volts, 0.220Amps, CPT:2126sec]
(Oct 06 2025 12:45:43,  884190 sec) PistonMoveAbsWTO()    167->172 168 169 170 171 172 [24sec, 14.7Volts, 0.222Amps, CPT:2150sec]
(Oct 06 2025 12:47:03,  884270 sec) Profile()            Sample 45 initiated at 141.3dbars for bin 46 [140dbars].  PTS/O2,T2,TPhase,RPhase,RawTemp/NO3/pH/FSig,BbSig,TSig/Ocr: 141.3dbars 25.3220C 35.1004PSU / 212.8uM 25.301C 31.471 7.203 101.075 / 4.2uM / -1.006759V /   96  127  539 / 0x7ff3b052 0x7ffc6980 0x8000746d 0x80031492
(Oct 06 2025 12:47:03,  884270 sec) PistonMoveAbsWTO()    172->172 [1sec, 0.0Volts, 0.000Amps, CPT:2151sec]
(Oct 06 2025 12:47:37,  884304 sec) PistonMoveAbsWTO()    172->172 [0sec, 0.0Volts, 0.000Amps, CPT:2151sec]
(Oct 06 2025 12:47:59,  884326 sec) PistonMoveAbsWTO()    172->172 [0sec, 0.0Volts, 0.000Amps, CPT:2151sec]
(Oct 06 2025 12:49:17,  884404 sec) Profile()            Sample 46 initiated at 131.4dbars for bin 47 [130dbars].  PTS/O2,T2,TPhase,RPhase,RawTemp/NO3/pH/FSig,BbSig,TSig/Ocr: 131.4dbars 25.8728C 35.0890PSU / 215.9uM 25.850C 31.094 7.219 83.116 / 4.0uM / -1.006188V /  119  133  538 / 0x7ff3b5c0 0x7ffc7be4 0x80006576 0x800302f6
(Oct 06 2025 12:49:28,  884415 sec) PistonMoveAbsWTO()    172->172 [0sec, 0.0Volts, 0.000Amps, CPT:2151sec]
(Oct 06 2025 12:49:39,  884426 sec) PistonMoveAbsWTO()    172->172 [0sec, 0.0Volts, 0.000Amps, CPT:2151sec]
(Oct 06 2025 12:50:12,  884459 sec) PistonMoveAbsWTO()    172->172 [0sec, 0.0Volts, 0.000Amps, CPT:2151sec]
(Oct 06 2025 12:51:41,  884548 sec) PistonMoveAbsWTO()    172->172 [0sec, 0.0Volts, 0.000Amps, CPT:2151sec]
(Oct 06 2025 12:51:52,  884559 sec) PistonMoveAbsWTO()    172->172 [0sec, 0.0Volts, 0.000Amps, CPT:2151sec]
(Oct 06 2025 12:52:36,  884603 sec) PistonMoveAbsWTO()    172->172 [0sec, 0.0Volts, 0.000Amps, CPT:2151sec]
(Oct 06 2025 12:53:32,  884659 sec) Profile()            Sample 47 initiated at 121.8dbars for bin 48 [120dbars].  PTS/O2,T2,TPhase,RPhase,RawTemp/NO3/pH/FSig,BbSig,TSig/Ocr: 121.8dbars 26.3926C 35.0680PSU / 220.5uM 26.366C 30.658 7.232 66.309 / 3.7uM / -1.005441V /  138  127  537 / 0x7ff3c4c0 0x7ffc51d2 0x800058ad 0x8002fee4
(Oct 06 2025 12:53:43,  884670 sec) PistonMoveAbsWTO()    172->172 [0sec, 0.0Volts, 0.000Amps, CPT:2151sec]
(Oct 06 2025 12:54:14,  884701 sec) PistonMoveAbsWTO()    172->172 [0sec, 0.0Volts, 0.000Amps, CPT:2151sec]
(Oct 06 2025 12:55:15,  884762 sec) AscentControlAgent() Bouyancy nudge to 177 (v=0.020dbar/sec).
(Oct 06 2025 12:55:15,  884762 sec) PistonMoveAbsWTO()    172->177 173 174 175 176 177 [27sec, 14.9Volts, 0.218Amps, CPT:2178sec]
(Oct 06 2025 12:59:20,  885007 sec) Profile()            Sample 48 initiated at 111.8dbars for bin 49 [110dbars].  PTS/O2,T2,TPhase,RPhase,RawTemp/NO3/pH/FSig,BbSig,TSig/Ocr: 111.7dbars 26.8542C 35.0339PSU / 225.4uM 26.824C 30.236 7.236 51.386 / 4.0uM / -1.004657V /   83  121  535 / 0x7ff3b892 0x7ffc50c0 0x80004ff6 0x8002f2ad
(Oct 06 2025 13:00:21,  885068 sec) AscentControlAgent() Bouyancy nudge to 182 (v=0.037dbar/sec).
(Oct 06 2025 13:00:21,  885068 sec) PistonMoveAbsWTO()    177->182 178 179 180 181 182 [26sec, 14.9Volts, 0.213Amps, CPT:2204sec]
(Oct 06 2025 13:04:03,  885290 sec) Profile()            Sample 49 initiated at 101.7dbars for bin 50 [100dbars].  PTS/O2,T2,TPhase,RPhase,RawTemp/NO3/pH/FSig,BbSig,TSig/Ocr: 101.7dbars 27.2938C 34.9949PSU / 228.7uM 27.274C 29.907 7.253 36.799 / 4.0uM / -1.004257V /   77  123  535 / 0x7ff3d1d2 0x7ffc3852 0x80004c1b 0x8002ee1b
(Oct 06 2025 13:05:24,  885371 sec) AscentControlAgent() Bouyancy nudge to 187 (v=0.034dbar/sec).
(Oct 06 2025 13:05:24,  885371 sec) PistonMoveAbsWTO()    182->187 183 184 185 186 187 [28sec, 14.9Volts, 0.207Amps, CPT:2232sec]
(Oct 06 2025 13:06:48,  885455 sec) Profile()            Sample 50 initiated at 96.9dbars for bin 51 [95dbars].  PTS/O2,T2,TPhase,RPhase,RawTemp/NO3/pH/FSig,BbSig,TSig/Ocr: 96.8dbars 27.5070C 34.9921PSU / 230.5uM 27.493C 29.743 7.262 29.693 / 4.2uM / -1.004102V /   70  139  534 / 0x7ff3c0d2 0x7ffc3412 0x80004789 0x8002e509
(Oct 06 2025 13:08:24,  885551 sec) Profile()            Sample 51 initiated at 91.8dbars for bin 52 [90dbars].  PTS/O2,T2,TPhase,RPhase,RawTemp/NO3/pH/FSig,BbSig,TSig/Ocr: 91.8dbars 27.9129C 34.9401PSU / 231.2uM 27.904C 29.555 7.266 16.440 / 4.4uM / -1.003481V /   68  122  534 / 0x7ff3aae4 0x7ffc3aed 0x80004380 0x8002df6d
(Oct 06 2025 13:10:25,  885672 sec) AscentControlAgent() Bouyancy nudge to 192 (v=0.035dbar/sec).
(Oct 06 2025 13:10:25,  885672 sec) PistonMoveAbsWTO()    187->192 188 189 190 191 192 [26sec, 14.9Volts, 0.201Amps, CPT:2258sec]
(Oct 06 2025 13:11:57,  885764 sec) Profile()            Sample 52 initiated at 87.0dbars for bin 53 [85dbars].  PTS/O2,T2,TPhase,RPhase,RawTemp/NO3/pH/FSig,BbSig,TSig/Ocr: 87.0dbars 28.3212C 34.9079PSU / 235.1uM 28.300C 29.233 7.292 3.658 / 4.5uM / -1.003293V /   65  122  533 / 0x7ff3c309 0x7ffc2636 0x80003b80 0x8002d280
(Oct 06 2025 13:14:33,  885920 sec) Profile()            Sample 53 initiated at 82.0dbars for bin 54 [80dbars].  PTS/O2,T2,TPhase,RPhase,RawTemp/NO3/pH/FSig,BbSig,TSig/Ocr: 81.9dbars 28.6827C 34.8405PSU / 236.3uM 28.661C 29.049 7.305 -7.930 / 4.5uM / -1.003075V /   64  120  532 / 0x7ff3e4c0 0x7ffc22f6 0x8000416d 0x8002d0c9
(Oct 06 2025 13:15:34,  885981 sec) AscentControlAgent() Bouyancy nudge to 197 (v=0.025dbar/sec).
(Oct 06 2025 13:15:34,  885981 sec) PistonMoveAbsWTO()    192->197 193 194 195 196 197 [27sec, 14.9Volts, 0.196Amps, CPT:2285sec]
(Oct 06 2025 13:17:38,  886105 sec) Profile()            Sample 54 initiated at 76.9dbars for bin 55 [75dbars].  PTS/O2,T2,TPhase,RPhase,RawTemp/NO3/pH/FSig,BbSig,TSig/Ocr: 76.8dbars 28.7793C 34.8359PSU / 236.9uM 28.772C 28.980 7.308 -11.505 / 4.6uM / -1.002935V /   61  119  532 / 0x7ff3d56d 0x7ffc0a36 0x80003ce4 0x8002cc12
(Oct 06 2025 13:19:14,  886201 sec) Profile()            Sample 55 initiated at 71.5dbars for bin 56 [70dbars].  PTS/O2,T2,TPhase,RPhase,RawTemp/NO3/pH/FSig,BbSig,TSig/Ocr: 71.5dbars 29.0044C 34.7698PSU / 236.8uM 28.991C 28.907 7.310 -18.513 / 4.7uM / -1.002856V /   60  119  531 / 0x7ff3cddb 0x7ffc1436 0x80003892 0x8002d036
(Oct 06 2025 13:20:38,  886285 sec) AscentControlAgent() Bouyancy nudge to 202 (v=0.039dbar/sec).
(Oct 06 2025 13:20:38,  886285 sec) PistonMoveAbsWTO()    197->202 198 199 200 201 202 [25sec, 14.9Volts, 0.196Amps, CPT:2310sec]
(Oct 06 2025 13:21:15,  886322 sec) PistonMoveAbsWTO()    201->202 202 [1sec, 14.9Volts, 0.204Amps, CPT:2311sec]
(Oct 06 2025 13:22:35,  886402 sec) Profile()            Sample 56 initiated at 66.8dbars for bin 57 [65dbars].  PTS/O2,T2,TPhase,RPhase,RawTemp/NO3/pH/FSig,BbSig,TSig/Ocr: 66.8dbars 29.1980C 34.7377PSU / 236.7uM 29.197C 28.836 7.321 -25.108 / 4.8uM / -1.002773V /   61  123  531 / 0x7ff3d61b 0x7ffc2d64 0x800029f6 0x8002cda4
(Oct 06 2025 13:25:11,  886558 sec) Profile()            Sample 57 initiated at 62.0dbars for bin 58 [60dbars].  PTS/O2,T2,TPhase,RPhase,RawTemp/NO3/pH/FSig,BbSig,TSig/Ocr: 62.0dbars 29.6028C 34.6330PSU / 234.1uM 29.582C 28.818 7.328 -37.408 / 4.9uM / -1.002391V /   61  120  531 / 0x7ff3de6d 0x7ffc07f6 0x80002240 0x8002c109
(Oct 06 2025 13:25:45,  886592 sec) AscentControlAgent() Bouyancy nudge to 207 (v=0.018dbar/sec).
(Oct 06 2025 13:25:45,  886592 sec) PistonMoveAbsWTO()    202->207 203 204 205 206 207 [28sec, 14.9Volts, 0.192Amps, CPT:2339sec]
(Oct 06 2025 13:30:49,  886896 sec) AscentControlAgent() Bouyancy nudge to 212 (v=0.016dbar/sec).
(Oct 06 2025 13:30:49,  886896 sec) PistonMoveAbsWTO()    207->212 208 209 210 211 212 [27sec, 15.0Volts, 0.189Amps, CPT:2366sec]
(Oct 06 2025 13:32:13,  886980 sec) Profile()            Sample 58 initiated at 56.7dbars for bin 59 [55dbars].  PTS/O2,T2,TPhase,RPhase,RawTemp/NO3/pH/FSig,BbSig,TSig/Ocr: 56.6dbars 29.7959C 34.5551PSU / 229.1uM 29.800C 28.972 7.335 -44.358 / 5.0uM / -1.002303V /   59  127  530 / 0x7ff3dfc0 0x7ffbf91b 0x80002040 0x8002b0db
(Oct 06 2025 13:33:43,  887070 sec) Profile()            Sample 59 initiated at 51.7dbars for bin 60 [50dbars].  PTS/O2,T2,TPhase,RPhase,RawTemp/NO3/pH/FSig,BbSig,TSig/Ocr: 51.6dbars 29.8295C 34.5102PSU / 228.8uM 29.832C 28.973 7.335 -45.383 / 5.0uM / -1.001934V /   68  161  529 / 0x7ff3e564 0x7ffc031b 0x800024c9 0x8002b000
(Oct 06 2025 13:35:13,  887160 sec) Profile()            Sample 60 initiated at 46.7dbars for bin 61 [45dbars].  PTS/O2,T2,TPhase,RPhase,RawTemp/NO3/pH/FSig,BbSig,TSig/Ocr: 46.6dbars 29.8874C 34.4780PSU / 228.9uM 29.896C 28.946 7.335 -47.399 / 5.1uM / -1.002089V /   72  138  529 / 0x7ff3eb00 0x7ffbf292 0x80003224 0x8002b1ed
(Oct 06 2025 13:36:55,  887262 sec) Profile()            Sample 61 initiated at 41.8dbars for bin 62 [40dbars].  PTS/O2,T2,TPhase,RPhase,RawTemp/NO3/pH/FSig,BbSig,TSig/Ocr: 41.8dbars 29.9335C 34.4293PSU / 226.5uM 29.936C 29.047 7.338 -48.690 / 5.0uM / -1.002090V /   57  121  529 / 0x7ff3dd6d 0x7ffc0a5b 0x800026a4 0x8002b549
(Oct 06 2025 13:38:47,  887374 sec) Profile()            Sample 62 initiated at 36.8dbars for bin 63 [35dbars].  PTS/O2,T2,TPhase,RPhase,RawTemp/NO3/pH/FSig,BbSig,TSig/Ocr: 36.8dbars 29.9604C 34.4231PSU / 225.4uM 29.963C 29.091 7.336 -49.551 / 5.1uM / -1.002090V /   55  119  529 / 0x7ff3d576 0x7ffbfb36 0x80003440 0x8002baad
(Oct 06 2025 13:40:39,  887486 sec) Profile()            Sample 63 initiated at 31.7dbars for bin 64 [30dbars].  PTS/O2,T2,TPhase,RPhase,RawTemp/NO3/pH/FSig,BbSig,TSig/Ocr: 31.6dbars 29.9942C 34.4256PSU / 224.9uM 29.998C 29.098 7.337 -50.658 / 5.0uM / -1.001999V /   55  122  529 / 0x7ff3e092 0x7ffbe35b 0x80002792 0x8002a724
(Oct 06 2025 13:42:32,  887599 sec) Profile()            Sample 64 initiated at 26.8dbars for bin 65 [25dbars].  PTS/O2,T2,TPhase,RPhase,RawTemp/NO3/pH/FSig,BbSig,TSig/Ocr: 26.8dbars 30.0237C 34.4292PSU / 224.6uM 30.026C 29.103 7.336 -51.553 / 5.1uM / -1.002016V /   54  118  529 / 0x7ff4041b 0x7ffbee52 0x80002600 0x8002acc9
(Oct 06 2025 13:44:46,  887733 sec) Profile()            Sample 65 initiated at 21.7dbars for bin 66 [20dbars].  PTS/O2,T2,TPhase,RPhase,RawTemp/NO3/pH/FSig,BbSig,TSig/Ocr: 21.7dbars 30.0818C 34.4378PSU / 224.2uM 30.085C 29.101 7.338 -53.407 / 5.1uM / -1.001948V /   56  118  529 / 0x7ff3f209 0x7ffbf0a4 0x80001ec0 0x8002af76
(Oct 06 2025 13:46:04,  887811 sec) AscentControlAgent() Bouyancy nudge to 217 (v=0.036dbar/sec).
(Oct 06 2025 13:46:04,  887811 sec) PistonMoveAbsWTO()    212->217 213 214 [15sec, 15.1Volts, 0.182Amps, CPT:2381sec]
(Oct 06 2025 13:47:16,  887883 sec) Profile()            Sample 66 initiated at 16.8dbars for bin 67 [15dbars].  PTS/O2,T2,TPhase,RPhase,RawTemp/NO3/pH/FSig,BbSig,TSig/Ocr: 16.7dbars 30.1012C 34.4312PSU / 224.2uM 30.107C 29.096 7.338 -54.105 / 5.1uM / -1.001883V /   54  116  528 / 0x7ff3ed80 0x7ffbf0ad 0x80002109 0x8002ae89
(Oct 06 2025 13:47:16,  887883 sec) PistonMoveAbsWTO()    215->217 216 217 [10sec, 15.0Volts, 0.181Amps, CPT:2391sec]
(Oct 06 2025 13:49:06,  887993 sec) Profile()            Sample 67 initiated at 11.4dbars for bin 68 [10dbars].  PTS/O2,T2,TPhase,RPhase,RawTemp/NO3/pH/FSig,BbSig,TSig/Ocr: 11.4dbars 30.1341C 34.4184PSU / 224.2uM 30.138C 29.086 7.338 -55.106 / 5.3uM / -1.001814V /   54  142  529 / 0x7ff3ec92 0x7ffc00f6 0x80002852 0x8002afed
(Oct 06 2025 13:50:14,  888061 sec) Profile()            Sample 68 initiated at 8.0dbars for bin 69 [6dbars].  PTS/O2,T2,TPhase,RPhase,RawTemp/NO3/pH/FSig,BbSig,TSig/Ocr: 7.9dbars 30.3342C 34.4115PSU / 223.8uM 30.329C 29.034 7.342 -61.165 / 5.2uM / -1.001692V /   54  115  528 / 0x7ff3ea64 0x7ffbf180 0x80002bf6 0x8002af6d
(Oct 06 2025 13:51:12,  888119 sec) SurfaceDetect()      SurfacePressure:-0.2dbars Pressure:3.9dbars PistonPosition:217
(Oct 06 2025 13:51:12,  888119 sec) Sbe41cpStopCP()      Continuous profile stopped.
(Oct 06 2025 13:51:15,  888122 sec) PistonMoveAbsWTO()    217->239 218 219 220 221 222 223 224 225 226 227 228 229 228 229 230 231 [75sec, 15.0Volts, 0.173Amps, CPT:2466sec]
(Oct 06 2025 13:52:35,  888202 sec) chat()               Expected string [S>] not received.
(Oct 06 2025 13:54:31,  888318 sec) Sbe41cpBinAverage()  Finished averaging 14484 samples in 111 seconds.


(Oct 06 2025 13:54:36) LogSize()            Log file is 48708 bytes.  Limit is 51200 bytes.

(Oct 06 2025 13:54:36,  888323 sec) Sbe41cpUploadCP_()   Sbe41cpSerNo[17090] NSample[14484] NBin[493]
(Oct 06 2025 13:55:07,  888354 sec) Sbe41cpUploadCP_()   Continuous profile uploaded [493 lines].
(Oct 06 2025 13:55:22,  888369 sec) MscErrorLog_()       No error records to log.
(Oct 06 2025 13:55:33,  888380 sec) MscErrorLog_()       No error records to log.

<EOT>
