(Nov 11 2025 21:29:52,    2285 sec) SelfTest()           Executing self-test for ApfId 23124. [FwRev 091723]
(Nov 11 2025 21:29:52,    2285 sec) SelfTest()           Apf11 Family:0x36 Group:0x0000 SerNo:0x037a8524 Crc:0xbe SeqNo:124
(Nov 11 2025 21:29:53,    2286 sec) SelfTest()           Passed: FatFs volume mounted. [ChaN/ELM Rev 86604]
(Nov 11 2025 21:29:53,    2286 sec) SelfTest()           Passed: FatFs volume: size(7438MB) sector-size(512B) block-size(512B)
(Nov 11 2025 21:29:55,    2288 sec) SelfTest()           Passed: FatFs volume reconditioned.
(Nov 11 2025 21:29:56,    2289 sec) PistonMoveAbsWTO()    231->227 230 229 228 227 [18sec, 15.0Volts, 0.147Amps, CPT:18sec]
(Nov 11 2025 21:30:14,    2307 sec) PistonMoveAbsWTO()    227->231 228 229 230 231 [18sec, 14.9Volts, 0.150Amps, CPT:36sec]
(Nov 11 2025 21:30:32,    2325 sec) SelfTest()           Passed: Timed piston movements from 231 to 227 counts and back.
(Nov 11 2025 21:30:32,    2325 sec) SelfTest()           Passed: Internal pressure [206, 12.1psi] less than threshold [237, 13.9psi].
(Nov 11 2025 21:30:33,    2326 sec) SelfTest()           Passed: Response received from SBE41cp.
(Nov 11 2025 21:30:41,    2334 sec) SelfTest()           Passed: Sbe41cp SerNo: 20516
(Nov 11 2025 21:30:51,    2344 sec) SelfTest()           Passed: SBE41cp (SerNo 20516) FwRev accepted: [7.2.5]
(Nov 11 2025 21:30:51,    2344 sec) SelfTest()           Passed: SBE41cp (SerNo 20516) firmware build-date accepted: [Oct 14 2015 20:03:56]
(Nov 11 2025 21:30:51,    2344 sec) SelfTest()           Passed: SBE41cp (SerNo 20516) firmware variant accepted: [CP UW]
(Nov 11 2025 21:30:59,    2352 sec) Sbe41cpConfig()      Configuration successful.
(Nov 11 2025 21:31:08,    2361 sec) Sbe41cpTsWait()      Configuration successful.
(Nov 11 2025 21:31:11,    2364 sec) SelfTest()           Passed: SBE41cp configuration was successful.
(Nov 11 2025 21:31:30,    2383 sec) Sbe41cpPOffSet()     Configuration successful: POffset(0.0).
(Nov 11 2025 21:31:30,    2383 sec) SelfTest()           Passed: SBE41cp pressure-offset initialized to zero.
(Nov 11 2025 21:31:37,    2390 sec) Sbe41cpLogCal()      SBE 41CP V 7.2.5  SERIAL NO. 20516
(Nov 11 2025 21:31:37,    2390 sec) Sbe41cpLogCal()      temperature: 02-Aug-24
(Nov 11 2025 21:31:37,    2390 sec) Sbe41cpLogCal()          TA0 = -8.005944e-04
(Nov 11 2025 21:31:37,    2390 sec) Sbe41cpLogCal()          TA1 = 2.782563e-04
(Nov 11 2025 21:31:37,    2390 sec) Sbe41cpLogCal()          TA2 = -2.809787e-06
(Nov 11 2025 21:31:37,    2390 sec) Sbe41cpLogCal()          TA3 = 1.280299e-07
(Nov 11 2025 21:31:37,    2390 sec) Sbe41cpLogCal()      conductivity: 02-Aug-24
(Nov 11 2025 21:31:37,    2390 sec) Sbe41cpLogCal()          G = -9.958029e-01
(Nov 11 2025 21:31:37,    2390 sec) Sbe41cpLogCal()          H = 1.505436e-01
(Nov 11 2025 21:31:37,    2390 sec) Sbe41cpLogCal()          I = -2.919920e-04
(Nov 11 2025 21:31:38,    2391 sec) Sbe41cpLogCal()          J = 4.415298e-05
(Nov 11 2025 21:31:38,    2391 sec) Sbe41cpLogCal()          CTCOR = 3.250000e-06
(Nov 11 2025 21:31:38,    2391 sec) Sbe41cpLogCal()          CPCOR = -9.570000e-08
(Nov 11 2025 21:31:38,    2391 sec) Sbe41cpLogCal()          WBOTC = -9.704086e-07
(Nov 11 2025 21:31:38,    2391 sec) Sbe41cpLogCal()      pressure S/N = 12648757, range = 2900 psia:  29-Jul-24
(Nov 11 2025 21:31:38,    2391 sec) Sbe41cpLogCal()          PA0 = 6.006109e-01
(Nov 11 2025 21:31:38,    2391 sec) Sbe41cpLogCal()          PA1 = 3.933505e-04
(Nov 11 2025 21:31:38,    2391 sec) Sbe41cpLogCal()          PA2 = -2.890026e-13
(Nov 11 2025 21:31:38,    2391 sec) Sbe41cpLogCal()          PTCA0 = -4.783971e+02
(Nov 11 2025 21:31:39,    2392 sec) Sbe41cpLogCal()          PTCA1 = 1.598364e+02
(Nov 11 2025 21:31:39,    2392 sec) Sbe41cpLogCal()          PTCA2 = -4.068689e+00
(Nov 11 2025 21:31:39,    2392 sec) Sbe41cpLogCal()          PTCB0 = 3.161871e+05
(Nov 11 2025 21:31:39,    2392 sec) Sbe41cpLogCal()          PTCB1 = 5.688028e-01
(Nov 11 2025 21:31:39,    2392 sec) Sbe41cpLogCal()          PTCB2 = 1.118993e-01
(Nov 11 2025 21:31:39,    2392 sec) Sbe41cpLogCal()          PTHA0 = 3.090025e+02
(Nov 11 2025 21:31:39,    2392 sec) Sbe41cpLogCal()          PTHA1 = -5.871265e-05
(Nov 11 2025 21:31:39,    2392 sec) Sbe41cpLogCal()          PTHA2 = -1.632620e-12
(Nov 11 2025 21:31:39,    2392 sec) Sbe41cpLogCal()          POFFSET = 0.000000e+00
(Nov 11 2025 21:31:48,    2401 sec) SelfTest()           Passed: LBT model: IRIDIUM 9600 Family SBD Transceiver
(Nov 11 2025 21:31:49,    2402 sec) SelfTest()           Passed: LBT firmware revision: TA21004
(Nov 11 2025 21:31:50,    2403 sec) SelfTest()           Passed: LBT's destination gateway: EMSS
(Nov 11 2025 21:31:50,    2403 sec) IrModemConfigure()   Modem configured for fixed (19200) baud rate.
(Nov 11 2025 21:31:50,    2403 sec) IrModemConfigure()   Configuration saved to modem's NVRAM.
(Nov 11 2025 21:31:51,    2404 sec) IrModemConfigure()   Modem configuration successful.
(Nov 11 2025 21:31:51,    2404 sec) SelfTest()           Passed: LBT configuration was successful.
(Nov 11 2025 21:31:52,    2405 sec) SelfTest()           Passed: LBT IMEI: 300534066368910
(Nov 11 2025 21:31:53,    2406 sec) ConfigGarmin15()     Garmin GPS15 configuration initiated.
(Nov 11 2025 21:32:02,    2415 sec) ConfigGarmin15()     Garmin GPS15 successfully configured.
(Nov 11 2025 21:32:03,    2416 sec) PActivateInit()      Self-test passed.
(Nov 11 2025 21:32:03,    2416 sec) PActivateInit()      Pressure activation mode initiated. [itime=2416]
(Nov 11 2025 21:32:03,       0 sec) PistonMoveAbsWTO()    231->016 230 229 228 227 226 225 224 223 222 221 220 219 218 217 216 215 214 213 212 211 210 209 208 207 206 205 204 203 202 201 200 199 198 197 196 195 194 193 192 191 190 189 188 187 186 185 184 183 182 181 180 179 178 177 176 175 174 173 172 171 170 169 168 167 166 165 164 163 162 161 160 159 158 157 156 155 154 153 152 151 150 149 148 147 146 145 144 143 142 141 140 139 138 137 136 135 134 133 132 131 130 129 128 127 126 125 124 123 122 121 120 119 118 117 116 115 114 113 112 111 110 109 108 107 106 105 104 103 102 101 100 099 098 097 096 095 094 093 092 091 090 089 088 087 086 085 084 083 082 081 080 079 078 077 076 075 074 073 072 071 070 069 068 067 066 065 064 063 062 061 060 059 058 057 056 055 054 053 052 051 050 049 048 047 046 045 044 043 042 041 040 039 038 037 036 035 034 033 032 031 030 029 028 027 026 025 024 023 022 021 020 019 018 017 016 [1083sec, 14.8Volts, 0.136Amps, CPT:1119sec]
(Nov 11 2025 22:02:07,    1804 sec) Apf11Init()          Asynchronous wake-up detected (ie., wake-up not initiated by alarm signal).
(Nov 25 2025 04:02:04, 1146601 sec) PistonMoveAbsWTO()    016->016 [0sec, 0.0Volts, 0.000Amps, CPT:1119sec]
(Nov 26 2025 01:02:04, 1222201 sec) PistonMoveAbsWTO()    017->016 016 [0sec, 14.5Volts, 0.154Amps, CPT:1119sec]
(Dec 01 2025 15:47:09,       0 sec) PreludeInit()        Mission restarted. [pid=0, itime=1707306]
(Dec 01 2025 15:47:09,       0 sec) PistonMoveAbsWTO()    016->231 017 018 019 020 021 022 023 024 025 026 027 028 029 030 031 032 033 034 035 036 037 038 039 040 041 042 043 044 045 046 047 048 049 050 051 052 053 054 055 056 057 058 059 060 061 062 063 064 065 066 067 068 069 070 071 072 073 074 075 076 077 078 079 080 081 082 083 084 085 086 087 088 089 090 091 092 093 094 095 096 097 098 099 100 101 102 103 104 105 106 107 108 109 110 111 112 113 114 115 116 117 118 119 120 121 122 123 124 125 126 127 128 129 130 131 132 133 134 135 136 137 138 139 140 141 142 143 144 145 146 147 148 149 150 151 152 153 154 155 156 157 158 159 160 161 162 163 164 165 166 167 168 169 170 171 172 173 174 175 176 177 178 179 180 181 182 183 184 185 186 187 188 189 190 191 192 193 194 195 196 197 198 199 200 201 202 203 204 205 206 207 208 209 210 211 212 213 214 215 216 217 218 219 220 221 220 221 222 223 224 225 226 227 228 229 230 231 [1127sec, 14.6Volts, 0.214Amps, CPT:1127sec]
(Dec 01 2025 16:06:06,    1137 sec) Prelude()            Logging configuration and initiating telemetry.
(Dec 01 2025 16:06:06,    1137 sec) LogConfiguration()   Mission configuration for Apf11 FwRev 091723:
(Dec 01 2025 16:06:06,    1137 sec) LogConfiguration()      AscentTimeOut(540) [min]
(Dec 01 2025 16:06:06,    1137 sec) LogConfiguration()      BuoyancyNudge(10) [count]
(Dec 01 2025 16:06:06,    1137 sec) LogConfiguration()      BuoyancyNudgeInitial(22) [count]
(Dec 01 2025 16:06:06,    1137 sec) LogConfiguration()      CompensatorHyperRetraction(0) [count]
(Dec 01 2025 16:06:06,    1137 sec) LogConfiguration()      CpActivationP(985) [dbar]
(Dec 01 2025 16:06:06,    1137 sec) LogConfiguration()      DeepProfileDescentTime(240) [min]
(Dec 01 2025 16:06:06,    1137 sec) LogConfiguration()      DeepProfilePistonPos(16) [count]
(Dec 01 2025 16:06:06,    1137 sec) LogConfiguration()      DeepProfilePressure(2020) [dbar]
(Dec 01 2025 16:06:06,    1137 sec) LogConfiguration()      DownTime(14400) [min]
(Dec 01 2025 16:06:06,    1137 sec) LogConfiguration()      FatFsEnable(1)
(Dec 01 2025 16:06:06,    1137 sec) LogConfiguration()      FloatId(23124)
(Dec 01 2025 16:06:06,    1137 sec) LogConfiguration()      FullExtension(231) [count]
(Dec 01 2025 16:06:06,    1137 sec) LogConfiguration()      FullRetraction(9) [count]
(Dec 01 2025 16:06:06,    1137 sec) LogConfiguration()      MaxAirBladder(154) [count]
(Dec 01 2025 16:06:06,    1137 sec) LogConfiguration()      MaxLogKb(40) [KByte]
(Dec 01 2025 16:06:06,    1137 sec) LogConfiguration()      MissionPrelude(360) [min]
(Dec 01 2025 16:06:06,    1137 sec) LogConfiguration()      OkVacuum(237) [count]
(Dec 01 2025 16:06:06,    1137 sec) LogConfiguration()      PActivationPistonPosition(16) [count]
(Dec 01 2025 16:06:06,    1137 sec) LogConfiguration()      ParkDescentTime(240) [min]
(Dec 01 2025 16:06:06,    1137 sec) LogConfiguration()      ParkPistonPos(66) [count]
(Dec 01 2025 16:06:06,    1137 sec) LogConfiguration()      ParkPressure(1000) [dbar]
(Dec 01 2025 16:06:06,    1137 sec) LogConfiguration()      PnPCycleLen(1)
(Dec 01 2025 16:06:06,    1137 sec) LogConfiguration()      SbeConfig(2,2,2;1000,1500) [dbar]
(Dec 01 2025 16:06:06,    1137 sec) LogConfiguration()      TelemetryRetry(15) [min]
(Dec 01 2025 16:06:06,    1137 sec) LogConfiguration()      TimeOfDay(DISABLED) [min]
(Dec 01 2025 16:06:06,    1137 sec) LogConfiguration()      TimeOutMin(300) [sec]
(Dec 01 2025 16:06:06,    1137 sec) LogConfiguration()      TimeOutPerMsg(60) [sec]
(Dec 01 2025 16:06:06,    1137 sec) LogConfiguration()      UpTime(660) [min]
(Dec 01 2025 16:06:06,    1137 sec) LogConfiguration()      Verbosity(2)
(Dec 01 2025 16:06:06,    1137 sec) LogConfiguration()      DebugBits(0x0002)

<EOT>
