(Sep 27 2025 01:19:30,   45763 sec) TelemetryInit()      Profile 3. (Apf11 FwRev: 061125)
(Sep 27 2025 01:19:30,   45763 sec) TelemetryInit()      Charge consumption model: OCV:15.2V Wake-Cycles:3549 Standby:5.9days Wake:4.5kC Sensors:0.3kC
(Sep 27 2025 01:24:46,   46079 sec) GetSurfaceObs()      P/O2,T2,TPhase,RPhase,RawTemp/FSig,BbSig,TSig: 0.4dbars / 244.7uM 27.164C 29.458 8.618 -90.866 / 55,144,535
(Sep 27 2025 01:24:46,   46079 sec) GetSurfaceObs()      P/Ocr: 0.4dbars / 0x8a95d0db 0x8dd508c0 0x8d95bbf6 0x8e33def6
(Sep 27 2025 01:25:19,   46112 sec) GetSurfaceObs()      P/O2,T2,TPhase,RPhase,RawTemp/FSig,BbSig,TSig: 0.3dbars / 244.4uM 27.156C 29.473 8.602 -90.622 / 54,149,535
(Sep 27 2025 01:25:19,   46112 sec) GetSurfaceObs()      P/Ocr: 0.3dbars / 0x8a384b12 0x8daad41b 0x8cd3c6a4 0x8d3ad72d
(Sep 27 2025 01:25:52,   46145 sec) GetSurfaceObs()      P/O2,T2,TPhase,RPhase,RawTemp/FSig,BbSig,TSig: 0.2dbars / 245.7uM 27.044C 29.458 8.600 -87.076 / 54,141,534
(Sep 27 2025 01:25:52,   46145 sec) GetSurfaceObs()      P/Ocr: 0.2dbars / 0x8adc6a09 0x8f70e8c9 0x8e8aac12 0x8e7b1512
(Sep 27 2025 01:26:25,   46178 sec) GetSurfaceObs()      P/O2,T2,TPhase,RPhase,RawTemp/FSig,BbSig,TSig: 0.2dbars / 244.8uM 27.092C 29.481 8.599 -88.581 / 52,142,535
(Sep 27 2025 01:26:26,   46179 sec) GetSurfaceObs()      P/Ocr: 0.2dbars / 0x8cbdd5ed 0x9315ee1b 0x8ff4c949 0x9197e340
(Sep 27 2025 01:29:41,   46374 sec) AirSystem()          Battery [216cnt, 15.2V]  Current [20cnt, 78.0mA]  Pneumometer [158cnt, 18.6psi]  Run-Time [93s]
(Sep 27 2025 01:29:54,   46387 sec) GetSurfaceObs()      P/O2,T2,TPhase,RPhase,RawTemp/FSig,BbSig,TSig: 0.0dbars / 243.2uM 26.805C 29.659 8.612 -79.478 / 55,145,535
(Sep 27 2025 01:29:54,   46387 sec) GetSurfaceObs()      P/Ocr: 0.0dbars / 0x8b8c67ed 0x91127900 0x8f88db24 0x90ca1880
(Sep 27 2025 01:30:27,   46420 sec) GetSurfaceObs()      P/O2,T2,TPhase,RPhase,RawTemp/FSig,BbSig,TSig: -0.0dbars / 251.9uM 25.809C 29.650 8.602 -47.731 / 54,143,535
(Sep 27 2025 01:30:27,   46420 sec) GetSurfaceObs()      P/Ocr: -0.0dbars / 0x8c8536b6 0x91870be4 0x9050172d 0x921a4009
(Sep 27 2025 01:31:00,   46453 sec) GetSurfaceObs()      P/O2,T2,TPhase,RPhase,RawTemp/FSig,BbSig,TSig: 0.0dbars / 247.7uM 26.211C 29.684 8.598 -60.581 / 55,144,534
(Sep 27 2025 01:31:00,   46453 sec) GetSurfaceObs()      P/Ocr: 0.0dbars / 0x8a866692 0x8fdcc9a4 0x8ef383ad 0x8f5d0bed
(Sep 27 2025 01:31:33,   46486 sec) GetSurfaceObs()      P/O2,T2,TPhase,RPhase,RawTemp/FSig,BbSig,TSig: -0.1dbars / 245.1uM 26.797C 29.577 8.597 -79.245 / 54,143,534
(Sep 27 2025 01:31:33,   46486 sec) GetSurfaceObs()      P/Ocr: -0.1dbars / 0x8d2ccc52 0x93db8c5b 0x92de3709 0x93ed2349
(Sep 27 2025 01:32:06,   46519 sec) GetSurfaceObs()      P/O2,T2,TPhase,RPhase,RawTemp/FSig,BbSig,TSig: -0.1dbars / 247.7uM 26.219C 29.682 8.592 -60.829 / 54,142,534
(Sep 27 2025 01:32:06,   46519 sec) GetSurfaceObs()      P/Ocr: -0.1dbars / 0x8d63be76 0x94f847f6 0x93d0639b 0x94bee412
(Sep 27 2025 01:32:40,   46553 sec) GetSurfaceObs()      P/O2,T2,TPhase,RPhase,RawTemp/FSig,BbSig,TSig: -0.0dbars / 244.3uM 26.420C 29.755 8.592 -67.238 / 54,142,534
(Sep 27 2025 01:32:40,   46553 sec) GetSurfaceObs()      P/Ocr: -0.0dbars / 0x8d2b7ab6 0x93d06b92 0x935253b6 0x94cc5bd2
(Sep 27 2025 01:33:13,   46586 sec) GetSurfaceObs()      P/O2,T2,TPhase,RPhase,RawTemp/FSig,BbSig,TSig: -0.1dbars / 252.3uM 25.763C 29.652 8.595 -46.278 / 55,141,534
(Sep 27 2025 01:33:13,   46586 sec) GetSurfaceObs()      P/Ocr: -0.1dbars / 0x8f377af6 0x96ac1da4 0x94db06e4 0x973b6bad
(Sep 27 2025 01:33:46,   46619 sec) GetSurfaceObs()      P/O2,T2,TPhase,RPhase,RawTemp/FSig,BbSig,TSig: -0.1dbars / 252.5uM 25.623C 29.696 8.593 -41.777 / 54,141,534
(Sep 27 2025 01:33:46,   46619 sec) GetSurfaceObs()      P/Ocr: -0.1dbars / 0x8ced0cc9 0x926273d2 0x91c98100 0x93210709
(Sep 27 2025 01:34:04,   46637 sec) AirSystem()          Battery [217cnt, 15.2V]  Current [20cnt, 79.7mA]  Pneumometer [158cnt, 18.6psi]  Run-Time [9s]
(Sep 27 2025 01:34:38,   46671 sec) GetSurfaceObs()      P/O2,T2,TPhase,RPhase,RawTemp/FSig,BbSig,TSig: 0.3dbars / 248.9uM 26.344C 29.579 8.593 -64.841 / 55,142,534
(Sep 27 2025 01:34:38,   46671 sec) GetSurfaceObs()      P/Ocr: 0.3dbars / 0x8becb336 0x91481364 0x901748c0 0x91587f12
(Sep 27 2025 01:34:40,   46673 sec) GpsServices()        GPS almanac is current.
(Sep 27 2025 01:34:40,   46673 sec) GpsServices()        Initiating GPS fix acquisition.
(Sep 27 2025 01:34:43,   46676 sec) gga()                $GPGGA,013450,2732.6991,N,15759.0686,W,0,00,,,M,,M,,*48
(Sep 27 2025 01:35:02,   46695 sec) gga()                $GPGGA,013510,2732.6991,N,15759.0686,W,0,00,,,M,,M,,*4D
(Sep 27 2025 01:35:12,   46705 sec) gga()                $GPGGA,013520,2732.6991,N,15759.0686,W,0,00,,,M,,M,,*4E
(Sep 27 2025 01:35:21,   46714 sec) gga()                $GPGGA,013530,2732.6991,N,15759.0686,W,0,00,,,M,,M,,*4F
(Sep 27 2025 01:35:31,   46724 sec) gga()                $GPGGA,013540,2732.6991,N,15759.0686,W,0,00,,,M,,M,,*48
(Sep 27 2025 01:35:41,   46734 sec) gga()                $GPGGA,013550,2732.6991,N,15759.0686,W,0,00,,,M,,M,,*49
(Sep 27 2025 01:35:51,   46744 sec) gga()                $GPGGA,013600,2732.6991,N,15759.0686,W,0,00,,,M,,M,,*4F
(Sep 27 2025 01:36:01,   46754 sec) gga()                $GPGGA,013610,2732.6991,N,15759.0686,W,0,00,,,M,,M,,*4E
(Sep 27 2025 01:36:11,   46764 sec) gga()                $GPGGA,013620,2732.6991,N,15759.0686,W,0,00,,,M,,M,,*4D
(Sep 27 2025 01:36:21,   46774 sec) gga()                $GPGGA,013630,2732.6991,N,15759.0686,W,0,00,,,M,,M,,*4C
(Sep 27 2025 01:36:31,   46784 sec) gga()                $GPGGA,013640,2732.6991,N,15759.0686,W,0,00,,,M,,M,,*4B
(Sep 27 2025 01:36:52,   46805 sec) gga()                $GPGGA,013700,2733.0035,N,15758.3635,W,1,08,1.1,-1.2,M,-5.6,M,,*63
(Sep 27 2025 01:36:52,   46805 sec) GpsServices()        Profile 3 GPS fix obtained in 132 seconds.
(Sep 27 2025 01:36:52,   46805 sec) GpsServices()                   lon      lat mm/dd/yyyy hhmmss nsat
(Sep 27 2025 01:36:52,   46805 sec) GpsServices()        Fix: -157.9727  27.5501 09/27/2025 013700    8
(Sep 27 2025 01:37:02,   46815 sec) gga()                $GPGGA,013710,2733.0046,N,15758.3633,W,1,08,1.1,-0.9,M,-5.6,M,,*6A
(Sep 27 2025 01:37:11,   46824 sec) gga()                $GPGGA,013720,2733.0052,N,15758.3624,W,1,08,1.1,-1.4,M,-5.6,M,,*66
(Sep 27 2025 01:37:11,   46824 sec) GpsServices()        APF11 RTC skew (-9s) OK.
(Sep 27 2025 01:37:11,   46824 sec) GpsServices()        GPS services complete.
(Sep 27 2025 01:37:53,   46866 sec) IrGeoLoc()           <x,y,z>=<-5244km,-2120km,2932km> lat=27.557 lon=-157.988 IrSysTime=0xedcdca6e
(Sep 27 2025 01:37:57,   46870 sec) CLogin()             Connecting to primary host.
(Sep 27 2025 01:38:12,   46885 sec) CLogin()             Connection 1 established in 15 seconds.
(Sep 27 2025 01:38:25,   46898 sec) login()              Login successful.
(Sep 27 2025 01:38:34,   46907 sec) CLogin()             Logged in to host.  [Login required 22 seconds]
(Sep 27 2025 01:38:38,   46911 sec) RxConfig()           Downloading "mission.cfg" from host.
(Sep 27 2025 01:39:15,   46948 sec) RxConfig()           Download successful: [bytes:83, sec:34.9, bps:2]
(Sep 27 2025 01:39:19,   46952 sec) WriteVitals_()       Writing vitals to "23808.003.msg".
(Sep 27 2025 01:39:26,   46959 sec) UpLoadFile()         Uploading "23808.003.log" to host.
(Sep 27 2025 01:43:24,   47197 sec) sendline()           Blocking CTS signal, aborting ZMODEM transfer.
(Sep 27 2025 01:43:26,   47199 sec) UpLoadFile()         Upload failed.
(Sep 27 2025 01:44:53,   47286 sec) CLogin()             Connecting to primary host.
(Sep 27 2025 01:45:04,   47297 sec) CLogin()             Connection 2 established in 11 seconds.
(Sep 27 2025 01:45:30,   47323 sec) login()              Login successful.
(Sep 27 2025 01:45:35,   47328 sec) CLogin()             Logged in to host.  [Login required 31 seconds]
(Sep 27 2025 01:45:37,   47330 sec) UpLoadFile()         Uploading "23808.003.log" to host.
(Sep 27 2025 01:46:34,   47387 sec) UpLoadFile()         Upload successful: [bytes:12121, sec:56.8, bps:213]
(Sep 27 2025 01:46:35,   47388 sec) fmove()              Moved: 23808.003.log -> archive/23808.003.log
(Sep 27 2025 01:46:41,   47394 sec) UpLoadFile()         Uploading "23808.003.msg" to host.
(Sep 27 2025 01:48:17,   47490 sec) sendline()           Blocking CTS signal, aborting ZMODEM transfer.
(Sep 27 2025 01:48:18,   47491 sec) UpLoadFile()         Upload failed.
(Sep 27 2025 01:49:07,   47540 sec) chat()               Expected string [rz] not received.
(Sep 27 2025 01:49:07,   47540 sec) UpLoadFile()         Failed attempt to execute "rz" on the host.
(Sep 27 2025 01:49:07,   47540 sec) UpLoad()             Files successfully uploaded: 1
(Sep 27 2025 01:49:07,   47540 sec) UpLoad()             Aborting upload: Retry limit [2] exceeded. Upload incomplete.
(Sep 27 2025 01:49:07,   47540 sec) logout()             No carrier detected.
(Sep 27 2025 01:49:07,   47540 sec) Telemetry()          Telemetry cycle complete: PrfId=3 ConnectionAttempts=2  Connections=2
(Sep 27 2025 02:04:23,   48456 sec) AirSystem()          Air-bladder inflation by-passed. Pneumatic Pressure: [157cnt, 18.5psi].
(Sep 27 2025 02:04:57,   48490 sec) GetSurfaceObs()      P/O2,T2,TPhase,RPhase,RawTemp/FSig,BbSig,TSig: -0.1dbars / 250.2uM 26.027C 29.645 8.617 -54.720 / 55,145,535
(Sep 27 2025 02:04:57,   48490 sec) GetSurfaceObs()      P/Ocr: -0.1dbars / 0x8cfd4364 0x907c7f76 0x8aea2c1b 0x92eb8952
(Sep 27 2025 02:05:00,   48493 sec) GpsServices()        GPS almanac is current.
(Sep 27 2025 02:05:00,   48493 sec) GpsServices()        Initiating GPS fix acquisition.
(Sep 27 2025 02:05:03,   48496 sec) gga()                $GPGGA,020510,2733.0034,N,15758.3641,W,0,00,,,M,,M,,*45
(Sep 27 2025 02:05:13,   48506 sec) gga()                $GPGGA,020520,2733.0784,N,15758.1563,W,6,08,1.1,-8.3,M,-5.6,M,,*63
(Sep 27 2025 02:05:22,   48515 sec) gga()                $GPGGA,020530,2733.0794,N,15758.1549,W,1,08,1.1,-6.8,M,-5.6,M,,*69
(Sep 27 2025 02:05:22,   48515 sec) GpsServices()        Profile 3 GPS fix obtained in 22 seconds.
(Sep 27 2025 02:05:22,   48515 sec) GpsServices()                   lon      lat mm/dd/yyyy hhmmss nsat
(Sep 27 2025 02:05:22,   48515 sec) GpsServices()        Fix: -157.9693  27.5513 09/27/2025 020530    8
(Sep 27 2025 02:05:32,   48525 sec) gga()                $GPGGA,020540,2733.0796,N,15758.1548,W,1,08,1.1,-5.9,M,-5.6,M,,*6F
(Sep 27 2025 02:05:41,   48534 sec) gga()                $GPGGA,020550,2733.0785,N,15758.1540,W,1,08,1.1,-7.9,M,-5.6,M,,*66
(Sep 27 2025 02:05:41,   48534 sec) GpsServices()        APF11 RTC skew (-9s) OK.
(Sep 27 2025 02:05:42,   48535 sec) GpsServices()        GPS services complete.
(Sep 27 2025 02:06:09,   48562 sec) IrGeoLoc()           <x,y,z>=<-5244km,-2124km,2928km> lat=27.519 lon=-157.950 IrSysTime=0xedd5d602
(Sep 27 2025 02:06:13,   48566 sec) CLogin()             Connecting to primary host.
(Sep 27 2025 02:06:31,   48584 sec) CLogin()             Connection 3 established in 18 seconds.
(Sep 27 2025 02:07:08,   48621 sec) expect()             Attempt to read prompt string [Last login:] failed.
(Sep 27 2025 02:07:08,   48621 sec) login()              Login failed.
(Sep 27 2025 02:07:33,   48646 sec) login()              Login successful.
(Sep 27 2025 02:07:42,   48655 sec) CLogin()             Logged in to host.  [Login required 71 seconds]
(Sep 27 2025 02:07:46,   48659 sec) RxConfig()           Downloading "mission.cfg" from host.
(Sep 27 2025 02:08:11,   48684 sec) RxConfig()           Download successful: [bytes:83, sec:22.7, bps:4]
(Sep 27 2025 02:08:15,   48688 sec) WriteVitals_()       Writing vitals to "23808.003.msg".
(Sep 27 2025 02:08:23,   48696 sec) UpLoadFile()         Uploading "23808.003.msg" to host.
(Sep 27 2025 02:10:09,   48802 sec) UpLoadFile()         Upload successful: [bytes:20216, sec:106.0, bps:191]
(Sep 27 2025 02:10:10,   48803 sec) fmove()              Moved: 23808.003.msg -> archive/23808.003.msg
(Sep 27 2025 02:10:13,   48806 sec) UpLoadFile()         Uploading "23808.003.isus" to host.
(Sep 27 2025 02:12:08,   48921 sec) UpLoadFile()         Upload successful: [bytes:23404, sec:115.2, bps:203]
(Sep 27 2025 02:12:09,   48922 sec) fmove()              Moved: 23808.003.isus -> archive/23808.003.isus
(Sep 27 2025 02:12:13,   48926 sec) UpLoadFile()         Uploading "23808.003.dura" to host.
(Sep 27 2025 02:13:56,   49029 sec) sendline()           Blocking CTS signal, aborting ZMODEM transfer.
(Sep 27 2025 02:13:56,   49029 sec) UpLoadFile()         Upload failed.
(Sep 27 2025 02:14:47,   49080 sec) chat()               Expected string [rz] not received.
(Sep 27 2025 02:14:47,   49080 sec) UpLoadFile()         Failed attempt to execute "rz" on the host.
(Sep 27 2025 02:14:47,   49080 sec) UpLoad()             Files successfully uploaded: 2
(Sep 27 2025 02:14:47,   49080 sec) UpLoad()             Aborting upload: Retry limit [2] exceeded. Upload incomplete.
(Sep 27 2025 02:14:54,   49087 sec) chat()               Expected string [cmd>] not received.
(Sep 27 2025 02:14:54,   49087 sec) logout()             Can't get command prompt.
(Sep 27 2025 02:14:59,   49092 sec) chat()               Expected string [logout] not received.
(Sep 27 2025 02:14:59,   49092 sec) logout()             Attempt to log-out failed.
(Sep 27 2025 02:15:06,   49099 sec) chat()               Expected string [cmd>] not received.
(Sep 27 2025 02:15:06,   49099 sec) logout()             Can't get command prompt.
(Sep 27 2025 02:15:11,   49104 sec) chat()               Expected string [logout] not received.
(Sep 27 2025 02:15:11,   49104 sec) logout()             Attempt to log-out failed.
(Sep 27 2025 02:15:11,   49104 sec) logout()             No carrier detected.
(Sep 27 2025 02:15:11,   49104 sec) Telemetry()          Telemetry cycle complete: PrfId=3 ConnectionAttempts=3  Connections=3
(Sep 27 2025 02:30:27,   50020 sec) AirSystem()          Air-bladder inflation by-passed. Pneumatic Pressure: [159cnt, 18.7psi].
(Sep 27 2025 02:31:08,   50061 sec) GetSurfaceObs()      P/O2,T2,TPhase,RPhase,RawTemp/FSig,BbSig,TSig: -0.0dbars / 251.4uM 25.900C 29.638 8.621 -50.663 / 55,141,535
(Sep 27 2025 02:31:08,   50061 sec) GetSurfaceObs()      P/Ocr: -0.0dbars / 0x865487d2 0x88a74c24 0x87dac95b 0x88c9afed
(Sep 27 2025 02:31:09,   50062 sec) GpsServices()        GPS almanac is current.
(Sep 27 2025 02:31:09,   50062 sec) GpsServices()        Initiating GPS fix acquisition.
(Sep 27 2025 02:31:12,   50065 sec) gga()                $GPGGA,023120,2733.0780,N,15758.1579,W,0,00,,,M,,M,,*43
(Sep 27 2025 02:31:12,   50065 sec) gga()                $GPGGA,023120,2733.0780,N,15758.1579,W,0,00,,,M,,M,,*43
(Sep 27 2025 02:31:23,   50076 sec) gga()                $GPGGA,023130,2733.0859,N,15757.9402,W,1,08,1.2,3.4,M,-5.6,M,,*4E
(Sep 27 2025 02:31:23,   50076 sec) GpsServices()        Profile 3 GPS fix obtained in 14 seconds.
(Sep 27 2025 02:31:23,   50076 sec) GpsServices()                   lon      lat mm/dd/yyyy hhmmss nsat
(Sep 27 2025 02:31:23,   50076 sec) GpsServices()        Fix: -157.9657  27.5514 09/27/2025 023130    8
(Sep 27 2025 02:31:33,   50086 sec) gga()                $GPGGA,023140,2733.0867,N,15757.9393,W,1,08,1.2,0.2,M,-5.6,M,,*4E
(Sep 27 2025 02:31:41,   50094 sec) gga()                $GPGGA,023150,2733.0865,N,15757.9383,W,1,08,1.2,-0.6,M,-5.6,M,,*65
(Sep 27 2025 02:31:41,   50094 sec) GpsServices()        APF11 RTC skew (-9s) OK.
(Sep 27 2025 02:31:42,   50095 sec) GpsServices()        GPS services complete.
(Sep 27 2025 02:32:16,   50129 sec) IrGeoLoc()           <x,y,z>=<-5244km,-2124km,2928km> lat=27.519 lon=-157.950 IrSysTime=0xedd60dbf
(Sep 27 2025 02:32:20,   50133 sec) CLogin()             Connecting to primary host.
(Sep 27 2025 02:32:31,   50144 sec) CLogin()             Connection 4 established in 11 seconds.
(Sep 27 2025 02:33:01,   50174 sec) expect()             Attempt to read prompt string [login:] failed.
(Sep 27 2025 02:33:01,   50174 sec) login()              Login prompt not received.
(Sep 27 2025 02:33:12,   50185 sec) login()              Login successful.
(Sep 27 2025 02:33:21,   50194 sec) CLogin()             Logged in to host.  [Login required 50 seconds]
(Sep 27 2025 02:33:24,   50197 sec) RxConfig()           Downloading "mission.cfg" from host.
(Sep 27 2025 02:33:54,   50227 sec) RxConfig()           Download successful: [bytes:83, sec:27.7, bps:3]
(Sep 27 2025 02:34:01,   50234 sec) UpLoadFile()         Uploading "23808.003.dura" to host.
(Sep 27 2025 02:35:13,   50306 sec) UpLoadFile()         Upload successful: [bytes:5367, sec:71.1, bps:76]
(Sep 27 2025 02:35:14,   50307 sec) fmove()              Moved: 23808.003.dura -> archive/23808.003.dura
(Sep 27 2025 02:35:15,   50308 sec) UpLoad()             Files successfully uploaded: 1
(Sep 27 2025 02:35:15,   50308 sec) UpLoad()             Upload complete.
(Sep 27 2025 02:35:22,   50315 sec) chat()               Expected string [logout] not received.
(Sep 27 2025 02:35:22,   50315 sec) logout()             Attempt to log-out failed.
(Sep 27 2025 02:35:22,   50315 sec) logout()             No carrier detected.
(Sep 27 2025 02:35:22,   50315 sec) Telemetry()          Telemetry cycle complete: PrfId=3 ConnectionAttempts=4  Connections=4
(Sep 27 2025 02:35:22,   50315 sec) TelemetryTerminate() Parsing new mission configuration.
(Sep 27 2025 02:35:23,   50316 sec) configure()          Parsing configurators in "mission.cfg".
(Sep 27 2025 02:35:23,   50316 sec) configure()             TelemetryRetry(15)      [0x7BBC] [TelemetryRetry(15)].
(Sep 27 2025 02:35:23,   50316 sec) configure()             DeepProfilePistonPos(9) [CRC=0xFF37] [DeepProfilePistonPos(9)].
(Sep 27 2025 02:35:23,   50316 sec) configure()             DeepProfilePressure(2025) [CRC=0x5FF2] [ProfilePressure(2025)].
(Sep 27 2025 02:35:24,   50317 sec) configure()          Configuration CRCs and syntax OK.
(Sep 27 2025 02:35:24,   50317 sec) ConfigSupervisor()   Sanity check violated: cfg->TimeDeepProfileDescent >= (cfg->PressureProfile-cfg->PressurePark)/dPdt
(Sep 27 2025 02:35:24,   50317 sec) ConfigSupervisor()   Configuration accepted.
(Sep 27 2025 02:35:24,   50317 sec) LogConfiguration()   Mission configuration for Apf11 FwRev 061125:
(Sep 27 2025 02:35:24,   50317 sec) LogConfiguration()      AscentTimeOut(540) [min]
(Sep 27 2025 02:35:24,   50317 sec) LogConfiguration()      AtDialCmd(AT+CBST=71,0,1;DT00881600005496) [primary]
(Sep 27 2025 02:35:24,   50317 sec) LogConfiguration()      AltDialCmd(ATDT0012066163256) [alternate]
(Sep 27 2025 02:35:24,   50317 sec) LogConfiguration()      BuoyancyNudge(10) [count]
(Sep 27 2025 02:35:24,   50317 sec) LogConfiguration()      BuoyancyNudgeInitial(22) [count]
(Sep 27 2025 02:35:24,   50317 sec) LogConfiguration()      CompensatorHyperRetraction(0) [count]
(Sep 27 2025 02:35:24,   50317 sec) LogConfiguration()      ConnectTimeOut(60) [sec]
(Sep 27 2025 02:35:24,   50317 sec) LogConfiguration()      CpActivationP(985) [dbar]
(Sep 27 2025 02:35:24,   50317 sec) LogConfiguration()      DeepProfileDescentTime(120) [min]
(Sep 27 2025 02:35:24,   50317 sec) LogConfiguration()      DeepProfilePistonPos(9) [count]
(Sep 27 2025 02:35:24,   50317 sec) LogConfiguration()      DeepProfilePressure(2025) [dbar]
(Sep 27 2025 02:35:24,   50317 sec) LogConfiguration()      DownTime(540) [min]
(Sep 27 2025 02:35:24,   50317 sec) LogConfiguration()      DuraRefWarmUpHrs(255)
(Sep 27 2025 02:35:24,   50317 sec) LogConfiguration()      DuraInit(-1) [Enable<0, Disable=0, Enable&Init>0]
(Sep 27 2025 02:35:24,   50317 sec) LogConfiguration()      FatFsEnable(1)
(Sep 27 2025 02:35:24,   50317 sec) LogConfiguration()      FlbbMode(1)
(Sep 27 2025 02:35:24,   50317 sec) LogConfiguration()      FloatId(23808)
(Sep 27 2025 02:35:24,   50317 sec) LogConfiguration()      FullExtension(231) [count]
(Sep 27 2025 02:35:24,   50317 sec) LogConfiguration()      FullRetraction(9) [count]
(Sep 27 2025 02:35:24,   50317 sec) LogConfiguration()      IsusInit(-1) [Enable<0, Disable=0, Enable&Init>0]
(Sep 27 2025 02:35:24,   50317 sec) LogConfiguration()      MaxAirBladder(154) [count]
(Sep 27 2025 02:35:24,   50317 sec) LogConfiguration()      MaxLogKb(60) [KByte]
(Sep 27 2025 02:35:24,   50317 sec) LogConfiguration()      MissionPrelude(360) [min]
(Sep 27 2025 02:35:24,   50317 sec) LogConfiguration()      OcrInit(-500) [dbar]
(Sep 27 2025 02:35:24,   50317 sec) LogConfiguration()      OkVacuum(230) [count]
(Sep 27 2025 02:35:24,   50317 sec) LogConfiguration()      OptodeMode(1)
(Sep 27 2025 02:35:24,   50317 sec) LogConfiguration()      PActivationPistonPosition(16) [count]
(Sep 27 2025 02:35:24,   50317 sec) LogConfiguration()      ParkDescentTime(240) [min]
(Sep 27 2025 02:35:24,   50317 sec) LogConfiguration()      ParkPistonPos(68) [count]
(Sep 27 2025 02:35:24,   50317 sec) LogConfiguration()      ParkPressure(800) [dbar]
(Sep 27 2025 02:35:24,   50317 sec) LogConfiguration()      PnPCycleLen(1)
(Sep 27 2025 02:35:24,   50317 sec) LogConfiguration()      Pwd(0xafb3)
(Sep 27 2025 02:35:24,   50317 sec) LogConfiguration()      TelemetryRetry(15) [min]
(Sep 27 2025 02:35:24,   50317 sec) LogConfiguration()      TimeOfDay(DISABLED) [min]
(Sep 27 2025 02:35:24,   50317 sec) LogConfiguration()      UpTime(660) [min]
(Sep 27 2025 02:35:24,   50317 sec) LogConfiguration()      User(f23808)
(Sep 27 2025 02:35:24,   50317 sec) LogConfiguration()      ZModemTimeOut(80) [sec]
(Sep 27 2025 02:35:24,   50317 sec) LogConfiguration()      Verbosity(2)
(Sep 27 2025 02:35:24,   50317 sec) LogConfiguration()      DebugBits(0x0002)
(Sep 27 2025 02:35:24,   50317 sec) TelemetryTerminate() Reconditioning the file system.
(Sep 27 2025 02:35:27,       0 sec) DescentInit()        Deep profile 4 initiated at mission-time 50320sec.
(Sep 27 2025 02:35:28,       1 sec) DescentInit()        Surface pressure: -0.0dbars.
(Sep 27 2025 02:35:28,       1 sec) DescentInit()        Charge consumption model: OCV:15.1V Wake-Cycles:3552 Standby:5.9days Wake:4.8kC Sleep:0.3kC
(Sep 27 2025 02:35:40,      13 sec) DescentInit()        Pneumatic humidity: 2898(60.5%) -> 2902(60.6%)
(Sep 27 2025 02:35:40,      13 sec) PistonMoveAbsWTO()    201->068 200 199 198 197 196 195 194 193 192 191 190 189 188 187 186 185 184 183 182 181 180 179 178 177 176 175 174 173 172 171 170 169 168 167 166 165 164 163 162 161 160 159 158 157 156 155 154 153 152 151 150 149 148 147 146 145 144 143 142 141 140 139 138 137 136 135 134 133 132 131 130 129 128 127 126 125 124 123 122 121 120 119 118 117 116 115 114 113 112 111 110 109 108 107 106 105 104 103 102 101 100 099 098 097 096 095 094 093 092 091 090 089 088 087 086 085 084 083 082 081 080 079 078 077 076 075 074 073 072 071 070 069 068 [648sec, 15.0Volts, 0.131Amps, CPT:648sec]
(Sep 27 2025 02:46:33,     666 sec) DescentInit()        Air solenoid open: Barometer [210cnt,  12.3psi]  Pneumometer [108cnt,  12.6psi]
(Sep 27 2025 02:46:43,     676 sec) Descent()            Pressure: 49.5
(Sep 27 2025 03:35:27,    3600 sec) Descent()            Pressure: 429.7
(Sep 27 2025 04:35:27,    7200 sec) Descent()            Pressure: 717.8
(Sep 27 2025 05:35:27,   10800 sec) Descent()            Pressure: 796.9
(Sep 27 2025 06:35:27,   14400 sec) Descent()            Pressure: 806.7
(Sep 27 2025 06:35:28,   14401 sec) ParkInit()           Charge consumption model: OCV:15.5V Wake-Cycles:3557 Standby:6.1days Wake:5.0kC Sensors:0.3kC
(Sep 27 2025 09:35:59,   25232 sec) CtdPower()           [  809.80,  4.5127, 34.2188]
(Sep 27 2025 09:35:59,   25232 sec) CtdPower()           CTD Power consumption [219VCnt 3ACnt]: 15.420Volts * 0.012Amps = 0.18Watts.
(Sep 27 2025 09:36:05,   25238 sec) ParkTerminate()      Piston Position:68 Vacuum:191 HumidityAd12:4094(inf%) Vq:220 Aq:2 Vsbe:219 Asbe:3 Vflbb:217 Aflbb:11 Vopt:217 Aopt:13 Vocr:218 Aocr:7 MuxTemp:4.619C MuxHumidity:6.1%
(Sep 27 2025 09:36:35,   25268 sec) ParkTerminate()      PTS/O2,T2,TPhase,RawTemp: 809.9dbars 4.5124C 34.2189PSU / 37.6uM 4.505C 56.773 8.184 641.991
(Sep 27 2025 09:36:35,   25268 sec) ParkTerminate()      FLBB FSig, BbSig, TSig: 55, 113, 571 / Ocr: nan nan nan nan
(Sep 27 2025 09:36:36,   25269 sec) GoDeepInit()         Charge consumption model: OCV:15.4V Wake-Cycles:3560 Standby:6.2days Wake:5.0kC Sensors:0.3kC
(Sep 27 2025 09:36:36,   25269 sec) GoDeepInit()         Moving piston.
(Sep 27 2025 09:36:36,   25269 sec) PistonMoveAbsWTO()    068->009 067 066 065 064 063 062 061 060 059 058 057 056 055 054 053 052 051 050 049 048 047 046 045 044 043 042 041 040 039 038 037 036 035 034 033 032 031 030 029 028 027 026 025 024 023 022 021 020 019 018 017 016 015 014 013 012 011 010 009 [292sec, 14.9Volts, 0.067Amps, CPT:940sec]
(Sep 27 2025 11:35:27,   32400 sec) ProfileInit()        Charge consumption model: OCV:15.5V Wake-Cycles:3583 Standby:6.3days Wake:5.0kC Sensors:0.3kC
(Sep 27 2025 11:35:27,   32400 sec) ProfileInit()        PrfId:004  Pressure:1521.3dbar  pTable[5]:1500dbar
(Sep 27 2025 11:35:29,   32402 sec) ProfileInit()        Muxer PPIs K{1,2} quiescent: 15.42V, 0.1mA, 1.5mW
(Sep 27 2025 11:35:33,   32406 sec) ProfileInit()        ISUS powered up.
(Sep 27 2025 11:35:36,   32409 sec) ProfileInit()        Muxer PPIs K{1,2} w/ ISUS awake: 15.24V, 47.0mA, 716.1mW
(Sep 27 2025 11:35:43,   32416 sec) MscErrorLog_()       No error records to log.
(Sep 27 2025 11:35:50,   32423 sec) ProfileInit()        DURA powered up.
(Sep 27 2025 11:35:54,   32427 sec) ProfileInit()        Muxer PPIs K{1,2} w/ DURA awake: 15.22V, 47.0mA, 715.2mW
(Sep 27 2025 11:35:59,   32432 sec) MscErrorLog_()       No error records to log.
(Sep 27 2025 11:36:05,   32438 sec) PistonMoveAbsWTO()    009->031 010 011 012 013 014 015 [30sec, 14.6Volts, 0.514Amps, CPT:970sec]
(Sep 27 2025 11:36:46,   32479 sec) PistonMoveAbsWTO()    015->031 016 017 018 019 020 [30sec, 14.4Volts, 0.521Amps, CPT:1000sec]
(Sep 27 2025 11:37:27,   32520 sec) PistonMoveAbsWTO()    020->031 021 022 023 024 025 [30sec, 14.3Volts, 0.503Amps, CPT:1030sec]
(Sep 27 2025 11:38:08,   32561 sec) PistonMoveAbsWTO()    025->031 026 027 028 029 030 [30sec, 14.2Volts, 0.510Amps, CPT:1060sec]
(Sep 27 2025 11:43:26,   32879 sec) Profile()            Sample 0 initiated at 1501.4dbars for bin 5 [1500dbars].  PTS/O2,T2,TPhase,RPhase,RawTemp/NO3/pH/FSig,BbSig,TSig/Ocr: 1499.5dbars 2.8214C 34.5481PSU / 72.4uM 2.815C 53.300 8.154 693.515 / 42.1uM / -0.885035V /   55  112  573 / nan nan nan nan
(Sep 27 2025 11:50:37,   33310 sec) AscentControlAgent() Bouyancy nudge to 41 (v=0.067dbar/sec).
(Sep 27 2025 11:50:37,   33310 sec) PistonMoveAbsWTO()    031->041 032 033 034 035 036 [30sec, 14.5Volts, 0.502Amps, CPT:1090sec]
(Sep 27 2025 11:51:18,   33351 sec) PistonMoveAbsWTO()    036->041 037 038 039 040 041 [25sec, 14.3Volts, 0.494Amps, CPT:1115sec]
(Sep 27 2025 12:01:30,   33963 sec) Profile()            Sample 1 initiated at 1401.8dbars for bin 6 [1400dbars].  PTS/O2,T2,TPhase,RPhase,RawTemp/NO3/pH/FSig,BbSig,TSig/Ocr: 1399.8dbars 3.0261C 34.5285PSU / 65.9uM 3.017C 53.911 8.168 687.414 / 42.5uM / -0.885107V /   54  113  573 / nan nan nan nan
(Sep 27 2025 12:02:05,   33998 sec) PistonMoveAbsWTO()    040->041 041 [1sec, 14.7Volts, 0.523Amps, CPT:1116sec]
(Sep 27 2025 12:20:20,   35093 sec) Profile()            Sample 2 initiated at 1301.9dbars for bin 7 [1300dbars].  PTS/O2,T2,TPhase,RPhase,RawTemp/NO3/pH/FSig,BbSig,TSig/Ocr: 1300.2dbars 3.2221C 34.5114PSU / 61.5uM 3.215C 54.308 8.173 681.413 / 42.7uM / -0.884750V /   55  115  573 / nan nan nan nan
(Sep 27 2025 12:22:01,   35194 sec) AscentControlAgent() Bouyancy nudge to 51 (v=0.078dbar/sec).
(Sep 27 2025 12:22:01,   35194 sec) PistonMoveAbsWTO()    041->051 042 043 044 045 046 [30sec, 14.6Volts, 0.461Amps, CPT:1146sec]
(Sep 27 2025 12:22:42,   35235 sec) PistonMoveAbsWTO()    046->051 047 048 049 050 051 [25sec, 14.4Volts, 0.455Amps, CPT:1171sec]
(Sep 27 2025 12:37:51,   36144 sec) Profile()            Sample 3 initiated at 1201.6dbars for bin 8 [1200dbars].  PTS/O2,T2,TPhase,RPhase,RawTemp/NO3/pH/FSig,BbSig,TSig/Ocr: 1199.6dbars 3.4035C 34.4938PSU / 57.2uM 3.396C 54.734 8.175 675.910 / 43.0uM / -0.884299V /   54  114  572 / nan nan nan nan
(Sep 27 2025 12:48:33,   36786 sec) PistonMoveAbsWTO()    051->051 [0sec, 0.0Volts, 0.000Amps, CPT:1171sec]
(Sep 27 2025 12:53:20,   37073 sec) AscentControlAgent() Bouyancy nudge to 61 (v=0.073dbar/sec).
(Sep 27 2025 12:53:20,   37073 sec) PistonMoveAbsWTO()    051->061 052 053 054 055 056 [30sec, 14.7Volts, 0.423Amps, CPT:1201sec]
(Sep 27 2025 12:54:01,   37114 sec) PistonMoveAbsWTO()    056->061 057 058 059 060 061 [24sec, 14.5Volts, 0.418Amps, CPT:1225sec]
(Sep 27 2025 12:57:45,   37338 sec) Profile()            Sample 4 initiated at 1101.5dbars for bin 9 [1100dbars].  PTS/O2,T2,TPhase,RPhase,RawTemp/NO3/pH/FSig,BbSig,TSig/Ocr: 1099.4dbars 3.5994C 34.4636PSU / 49.5uM 3.593C 55.556 8.179 669.929 / 43.2uM / -0.884246V /   55  113  572 / nan nan nan nan
(Sep 27 2025 13:13:47,   38300 sec) AscentControlAgent() Bouyancy nudge to 71 (v=0.078dbar/sec).
(Sep 27 2025 13:13:47,   38300 sec) PistonMoveAbsWTO()    061->071 062 063 064 065 066 [30sec, 14.7Volts, 0.401Amps, CPT:1255sec]
(Sep 27 2025 13:14:28,   38341 sec) PistonMoveAbsWTO()    066->071 067 068 069 070 071 [24sec, 14.6Volts, 0.396Amps, CPT:1279sec]
(Sep 27 2025 13:17:17,   38510 sec) Profile()            Sample 5 initiated at 1001.2dbars for bin 10 [1000dbars].  PTS/O2,T2,TPhase,RPhase,RawTemp/NO3/pH/FSig,BbSig,TSig/Ocr: 999.0dbars 3.8152C 34.4052PSU / 37.9uM 3.808C 56.908 8.186 663.366 / 43.7uM / -0.884678V /   56  115  572 / nan nan nan nan
(Sep 27 2025 13:20:28,   38701 sec) Sbe41cpStartCP()     Continuous profile started.
(Sep 27 2025 13:25:29,   39002 sec) Profile()            Sample 6 initiated at 951.5dbars for bin 11 [950dbars].  PTS/O2,T2,TPhase,RPhase,RawTemp/NO3/pH/FSig,BbSig,TSig/Ocr: 951.4dbars 3.9148C 34.3734PSU / 33.5uM 3.906C 57.454 8.187 660.354 / 43.9uM / -0.884937V /   55  116  572 / nan nan nan nan
(Sep 27 2025 13:34:42,   39555 sec) Profile()            Sample 7 initiated at 901.5dbars for bin 12 [900dbars].  PTS/O2,T2,TPhase,RPhase,RawTemp/NO3/pH/FSig,BbSig,TSig/Ocr: 901.4dbars 4.0868C 34.3305PSU / 30.2uM 4.079C 57.847 8.191 655.077 / 44.0uM / -0.884865V /   56  113  571 / nan nan nan nan
(Sep 27 2025 13:44:04,   40117 sec) AscentControlAgent() Bouyancy nudge to 81 (v=0.065dbar/sec).
(Sep 27 2025 13:44:04,   40117 sec) PistonMoveAbsWTO()    071->081 072 073 074 075 076 [30sec, 14.6Volts, 0.361Amps, CPT:1309sec]
(Sep 27 2025 13:44:45,   40158 sec) PistonMoveAbsWTO()    076->081 077 078 079 080 081 [24sec, 14.5Volts, 0.361Amps, CPT:1333sec]
(Sep 27 2025 13:46:08,   40241 sec) Profile()            Sample 8 initiated at 851.6dbars for bin 13 [850dbars].  PTS/O2,T2,TPhase,RPhase,RawTemp/NO3/pH/FSig,BbSig,TSig/Ocr: 851.5dbars 4.2353C 34.2842PSU / 29.6uM 4.228C 57.902 8.193 650.516 / 43.7uM / -0.884598V /   55  114  571 / nan nan nan nan
(Sep 27 2025 13:55:48,   40821 sec) Profile()            Sample 9 initiated at 802.0dbars for bin 14 [800dbars].  PTS/O2,T2,TPhase,RPhase,RawTemp/NO3/pH/FSig,BbSig,TSig/Ocr: 801.9dbars 4.4428C 34.2354PSU / 32.7uM 4.434C 57.434 8.197 644.182 / 43.2uM / -0.883962V /   54  115  571 / nan nan nan nan
(Sep 27 2025 13:59:18,   41031 sec) AscentControlAgent() Bouyancy nudge to 91 (v=0.080dbar/sec).
(Sep 27 2025 13:59:18,   41031 sec) PistonMoveAbsWTO()    081->091 082 083 084 085 086 [30sec, 14.6Volts, 0.344Amps, CPT:1363sec]
(Sep 27 2025 13:59:59,   41072 sec) PistonMoveAbsWTO()    086->091 087 088 089 090 091 [24sec, 14.5Volts, 0.341Amps, CPT:1387sec]
(Sep 27 2025 14:05:02,   41375 sec) Profile()            Sample 10 initiated at 751.5dbars for bin 15 [750dbars].  PTS/O2,T2,TPhase,RPhase,RawTemp/NO3/pH/FSig,BbSig,TSig/Ocr: 751.4dbars 4.6657C 34.1860PSU / 39.0uM 4.658C 56.547 8.202 637.305 / 42.5uM / -0.883118V /   55  117  571 / nan nan nan nan
(Sep 27 2025 14:14:19,   41932 sec) Profile()            Sample 11 initiated at 701.8dbars for bin 16 [700dbars].  PTS/O2,T2,TPhase,RPhase,RawTemp/NO3/pH/FSig,BbSig,TSig/Ocr: 701.7dbars 5.0060C 34.1285PSU / 52.8uM 4.997C 54.717 8.207 626.840 / 41.0uM / -0.881261V /   55  117  570 / nan nan nan nan
(Sep 27 2025 14:20:25,   42298 sec) AscentControlAgent() Bouyancy nudge to 101 (v=0.074dbar/sec).
(Sep 27 2025 14:20:25,   42298 sec) PistonMoveAbsWTO()    091->101 092 093 094 095 096 [30sec, 14.6Volts, 0.319Amps, CPT:1417sec]
(Sep 27 2025 14:21:06,   42339 sec) PistonMoveAbsWTO()    096->101 097 098 099 100 101 [23sec, 14.5Volts, 0.314Amps, CPT:1440sec]
(Sep 27 2025 14:24:39,   42552 sec) Profile()            Sample 12 initiated at 651.1dbars for bin 17 [650dbars].  PTS/O2,T2,TPhase,RPhase,RawTemp/NO3/pH/FSig,BbSig,TSig/Ocr: 651.0dbars 5.3350C 34.0842PSU / 67.8uM 5.324C 52.868 8.212 616.711 / 39.4uM / -0.879309V /   54  117  570 / nan nan nan nan
(Sep 27 2025 14:33:44,   43097 sec) Profile()            Sample 13 initiated at 601.7dbars for bin 18 [600dbars].  PTS/O2,T2,TPhase,RPhase,RawTemp/NO3/pH/FSig,BbSig,TSig/Ocr: 601.6dbars 5.8817C 34.0259PSU / 100.3uM 5.872C 49.293 8.225 599.677 / 36.3uM / -0.875582V /   53  119  569 / nan nan nan nan
(Sep 27 2025 14:40:45,   43518 sec) AscentControlAgent() Bouyancy nudge to 111 (v=0.076dbar/sec).
(Sep 27 2025 14:40:45,   43518 sec) PistonMoveAbsWTO()    101->111 102 103 104 105 106 [30sec, 14.7Volts, 0.290Amps, CPT:1470sec]
(Sep 27 2025 14:41:26,   43559 sec) PistonMoveAbsWTO()    106->111 107 108 109 110 111 [22sec, 14.6Volts, 0.290Amps, CPT:1492sec]
(Sep 27 2025 14:43:53,   43706 sec) Profile()            Sample 14 initiated at 551.7dbars for bin 19 [550dbars].  PTS/O2,T2,TPhase,RPhase,RawTemp/NO3/pH/FSig,BbSig,TSig/Ocr: 551.6dbars 6.6792C 34.0034PSU / 136.1uM 6.679C 45.798 8.242 574.474 / 32.0uM / -0.870515V /   53  118  568 / nan nan nan nan
(Sep 27 2025 14:46:51,   43884 sec) PistonMoveAbsWTO()    110->111 111 [1sec, 14.7Volts, 0.319Amps, CPT:1493sec]
(Sep 27 2025 14:52:59,   44252 sec) Profile()            Sample 15 initiated at 501.5dbars for bin 20 [500dbars].  PTS/O2,T2,TPhase,RPhase,RawTemp/NO3/pH/FSig,BbSig,TSig/Ocr: 501.5dbars 7.6536C 34.0067PSU / 172.6uM 7.648C 42.602 8.267 543.938 / 27.5uM / -0.865653V /   53  120  567 / nan nan nan nan
(Sep 27 2025 15:01:05,   44738 sec) AscentControlAgent() Bouyancy nudge to 121 (v=0.074dbar/sec).
(Sep 27 2025 15:01:06,   44739 sec) PistonMoveAbsWTO()    111->121 112 113 114 115 116 117 [30sec, 14.7Volts, 0.263Amps, CPT:1523sec]
(Sep 27 2025 15:01:48,   44781 sec) PistonMoveAbsWTO()    117->121 118 119 120 121 [21sec, 14.6Volts, 0.262Amps, CPT:1544sec]
(Sep 27 2025 15:03:43,   44896 sec) Profile()            Sample 16 initiated at 451.5dbars for bin 21 [450dbars].  PTS/O2,T2,TPhase,RPhase,RawTemp/NO3/pH/FSig,BbSig,TSig/Ocr: 451.4dbars 8.5518C 34.0321PSU / 205.6uM 8.560C 40.032 8.286 514.977 / 23.0uM / -0.860646V /   52  120  565 / 0x8006b764 0x80003589 0x80088c09 0x8000139b
(Sep 27 2025 15:12:40,   45433 sec) Profile()            Sample 17 initiated at 401.5dbars for bin 22 [400dbars].  PTS/O2,T2,TPhase,RPhase,RawTemp/NO3/pH/FSig,BbSig,TSig/Ocr: 401.4dbars 9.7349C 34.0915PSU / 232.8uM 9.739C 37.896 8.309 477.242 / 18.5uM / -0.856155V /   51  119  564 / 0x8006c6f6 0x80000a49 0x80088800 0x7fffec92
(Sep 27 2025 15:16:27,   45660 sec) Profile()            Sample 18 initiated at 381.1dbars for bin 23 [380dbars].  PTS/O2,T2,TPhase,RPhase,RawTemp/NO3/pH/FSig,BbSig,TSig/Ocr: 381.0dbars 10.1854C 34.1110PSU / 238.9uM 10.182C 37.344 8.317 462.987 / 17.5uM / -0.855047V /   51  117  563 / 0x8006ba80 0x80001576 0x8008951b 0x80000092
(Sep 27 2025 15:20:26,   45899 sec) Profile()            Sample 19 initiated at 361.5dbars for bin 24 [360dbars].  PTS/O2,T2,TPhase,RPhase,RawTemp/NO3/pH/FSig,BbSig,TSig/Ocr: 361.4dbars 10.5932C 34.1406PSU / 241.5uM 10.596C 37.001 8.323 449.643 / 16.5uM / -0.853892V /   51  120  562 / 0x8006ae49 0x80000f89 0x8008772d 0x7fffef89
(Sep 27 2025 15:21:33,   45966 sec) AscentControlAgent() Bouyancy nudge to 131 (v=0.078dbar/sec).
(Sep 27 2025 15:21:34,   45967 sec) PistonMoveAbsWTO()    121->131 122 123 124 125 126 [30sec, 14.7Volts, 0.249Amps, CPT:1574sec]
(Sep 27 2025 15:22:54,   46047 sec) Profile()            Sample 20 initiated at 350.8dbars for bin 25 [350dbars].  PTS/O2,T2,TPhase,RPhase,RawTemp/NO3/pH/FSig,BbSig,TSig/Ocr: 350.7dbars 10.9164C 34.1590PSU / 244.3uM 10.916C 36.693 8.332 439.291 / 15.6uM / -0.853070V /   50  116  562 / 0x8006ba6d 0x7fffe849 0x80087e76 0x80000489
(Sep 27 2025 15:22:55,   46048 sec) PistonMoveAbsWTO()    126->131 127 128 129 130 131 [22sec, 14.6Volts, 0.242Amps, CPT:1596sec]
(Sep 27 2025 15:24:40,   46153 sec) Profile()            Sample 21 initiated at 341.1dbars for bin 26 [340dbars].  PTS/O2,T2,TPhase,RPhase,RawTemp/NO3/pH/FSig,BbSig,TSig/Ocr: 341.0dbars 11.2667C 34.1801PSU / 245.7uM 11.274C 36.441 8.339 427.699 / 14.6uM / -0.852070V /   50  117  561 / 0x8006a700 0x7fffe45b 0x800874b6 0x7fffe79b
(Sep 27 2025 15:26:15,   46248 sec) Profile()            Sample 22 initiated at 331.9dbars for bin 27 [330dbars].  PTS/O2,T2,TPhase,RPhase,RawTemp/NO3/pH/FSig,BbSig,TSig/Ocr: 331.8dbars 11.6321C 34.2073PSU / 248.0uM 11.631C 36.146 8.353 416.099 / 13.9uM / -0.851395V /   50  119  561 / 0x80069af6 0x7fffe86d 0x80087be4 0x7ffff1b6
(Sep 27 2025 15:28:02,   46355 sec) Profile()            Sample 23 initiated at 321.2dbars for bin 28 [320dbars].  PTS/O2,T2,TPhase,RPhase,RawTemp/NO3/pH/FSig,BbSig,TSig/Ocr: 321.1dbars 11.9384C 34.2316PSU / 248.8uM 11.935C 35.955 8.360 406.211 / 13.4uM / -0.850706V /   51  117  561 / 0x8006be76 0x7fffdadb 0x80088180 0x7fffe9e4
(Sep 27 2025 15:29:37,   46450 sec) Profile()            Sample 24 initiated at 311.6dbars for bin 29 [310dbars].  PTS/O2,T2,TPhase,RPhase,RawTemp/NO3/pH/FSig,BbSig,TSig/Ocr: 311.5dbars 12.1827C 34.2476PSU / 249.8uM 12.178C 35.783 8.366 398.308 / 12.7uM / -0.850166V /   50  120  560 / 0x80068e9b 0x7fffec92 0x800877ed 0x7fffe340
(Sep 27 2025 15:31:23,   46556 sec) Profile()            Sample 25 initiated at 301.1dbars for bin 30 [300dbars].  PTS/O2,T2,TPhase,RPhase,RawTemp/NO3/pH/FSig,BbSig,TSig/Ocr: 301.0dbars 12.4234C 34.2708PSU / 249.9uM 12.438C 35.649 8.372 389.848 / 12.2uM / -0.849496V /   50  119  560 / 0x80067e40 0x7fffd3b6 0x80088b09 0x7fffde64
(Sep 27 2025 15:32:59,   46652 sec) Profile()            Sample 26 initiated at 292.0dbars for bin 31 [290dbars].  PTS/O2,T2,TPhase,RPhase,RawTemp/NO3/pH/FSig,BbSig,TSig/Ocr: 291.9dbars 12.6484C 34.2790PSU / 251.5uM 12.645C 35.468 8.375 383.067 / 11.8uM / -0.849067V /   50  116  559 / 0x80068dc0 0x7fffd500 0x80086ca4 0x7fffdbf6
(Sep 27 2025 15:34:56,   46769 sec) Profile()            Sample 27 initiated at 281.7dbars for bin 32 [280dbars].  PTS/O2,T2,TPhase,RPhase,RawTemp/NO3/pH/FSig,BbSig,TSig/Ocr: 281.6dbars 12.9466C 34.3078PSU / 253.1uM 12.950C 35.239 8.377 373.124 / 11.1uM / -0.848279V /   50  117  559 / 0x80068e80 0x7fffdd64 0x80086e5b 0x7fffcb64
(Sep 27 2025 15:37:04,   46897 sec) Profile()            Sample 28 initiated at 271.8dbars for bin 33 [270dbars].  PTS/O2,T2,TPhase,RPhase,RawTemp/NO3/pH/FSig,BbSig,TSig/Ocr: 271.7dbars 13.3538C 34.3320PSU / 255.3uM 13.351C 34.933 8.384 360.005 / 10.1uM / -0.847510V /   50  120  558 / 0x800690b6 0x7fffc8c0 0x800856a4 0x7fffe5ad
(Sep 27 2025 15:39:24,   47037 sec) Profile()            Sample 29 initiated at 261.9dbars for bin 34 [260dbars].  PTS/O2,T2,TPhase,RPhase,RawTemp/NO3/pH/FSig,BbSig,TSig/Ocr: 261.8dbars 13.5514C 34.3492PSU / 256.0uM 13.552C 34.804 8.389 353.421 / 9.8uM / -0.847007V /   50  117  558 / 0x80068109 0x7fffbcc0 0x80085fc0 0x7fffcb9b
(Sep 27 2025 15:41:43,   47176 sec) Profile()            Sample 30 initiated at 252.0dbars for bin 35 [250dbars].  PTS/O2,T2,TPhase,RPhase,RawTemp/NO3/pH/FSig,BbSig,TSig/Ocr: 251.9dbars 13.7131C 34.3515PSU / 253.8uM 13.714C 34.827 8.392 348.109 / 9.5uM / -0.846839V /   50  119  557 / 0x800668db 0x7fffbe24 0x80084e09 0x7fffd5db
(Sep 27 2025 15:42:06,   47199 sec) AscentControlAgent() Bouyancy nudge to 141 (v=0.071dbar/sec).
(Sep 27 2025 15:42:07,   47200 sec) PistonMoveAbsWTO()    131->141 132 133 134 135 136 137 [30sec, 14.7Volts, 0.209Amps, CPT:1626sec]
(Sep 27 2025 15:42:48,   47241 sec) PistonMoveAbsWTO()    137->141 138 139 140 141 [21sec, 14.7Volts, 0.208Amps, CPT:1647sec]
(Sep 27 2025 15:43:59,   47312 sec) Profile()            Sample 31 initiated at 241.7dbars for bin 36 [240dbars].  PTS/O2,T2,TPhase,RPhase,RawTemp/NO3/pH/FSig,BbSig,TSig/Ocr: 241.6dbars 14.3699C 34.4065PSU / 254.7uM 14.349C 34.479 8.399 327.291 / 8.2uM / -0.845634V /   51  121  557 / 0x80068980 0x7fffbed2 0x8008479b 0x7fffcb80
(Sep 27 2025 15:45:45,   47418 sec) Profile()            Sample 32 initiated at 231.7dbars for bin 37 [230dbars].  PTS/O2,T2,TPhase,RPhase,RawTemp/NO3/pH/FSig,BbSig,TSig/Ocr: 231.6dbars 14.5254C 34.4170PSU / 254.8uM 14.532C 34.383 8.404 321.258 / 7.9uM / -0.845244V /   51  118  556 / 0x800679db 0x7fffbcdb 0x80085b52 0x7fffc564
(Sep 27 2025 15:47:31,   47524 sec) Profile()            Sample 33 initiated at 221.1dbars for bin 38 [220dbars].  PTS/O2,T2,TPhase,RPhase,RawTemp/NO3/pH/FSig,BbSig,TSig/Ocr: 221.0dbars 14.9375C 34.4452PSU / 256.9uM 14.931C 34.092 8.408 308.163 / 7.0uM / -0.844314V /   54  120  556 / 0x800694c0 0x7fffb549 0x8008639b 0x7fffc224
(Sep 27 2025 15:49:07,   47620 sec) Profile()            Sample 34 initiated at 211.9dbars for bin 39 [210dbars].  PTS/O2,T2,TPhase,RPhase,RawTemp/NO3/pH/FSig,BbSig,TSig/Ocr: 211.8dbars 15.1643C 34.4531PSU / 260.5uM 15.167C 33.813 8.414 300.390 / 6.2uM / -0.843391V /   56  121  556 / 0x80066992 0x7fffb9e4 0x80083edb 0x7fffbc9b
(Sep 27 2025 15:51:04,   47737 sec) Profile()            Sample 35 initiated at 201.4dbars for bin 40 [200dbars].  PTS/O2,T2,TPhase,RPhase,RawTemp/NO3/pH/FSig,BbSig,TSig/Ocr: 201.3dbars 15.7010C 34.5091PSU / 261.1uM 15.700C 33.537 8.419 282.844 / 5.5uM / -0.842811V /   56  124  555 / 0x8006656d 0x7fffbb89 0x80083c6d 0x7fffc0d2
(Sep 27 2025 15:53:01,   47854 sec) Profile()            Sample 36 initiated at 191.3dbars for bin 41 [190dbars].  PTS/O2,T2,TPhase,RPhase,RawTemp/NO3/pH/FSig,BbSig,TSig/Ocr: 191.2dbars 16.0717C 34.5410PSU / 259.4uM 16.066C 33.444 8.424 270.785 / 5.0uM / -0.842197V /   58  123  555 / 0x80066b40 0x7fffae09 0x80085009 0x7fffbad2
(Sep 27 2025 15:55:10,   47983 sec) Profile()            Sample 37 initiated at 181.4dbars for bin 42 [180dbars].  PTS/O2,T2,TPhase,RPhase,RawTemp/NO3/pH/FSig,BbSig,TSig/Ocr: 181.4dbars 16.7522C 34.6253PSU / 256.1uM 16.736C 33.284 8.438 248.705 / 4.5uM / -0.841617V /   60  123  554 / 0x800669db 0x7fff9ce4 0x80084864 0x7fffbe5b
(Sep 27 2025 15:57:29,   48122 sec) Profile()            Sample 38 initiated at 172.0dbars for bin 43 [170dbars].  PTS/O2,T2,TPhase,RPhase,RawTemp/NO3/pH/FSig,BbSig,TSig/Ocr: 171.9dbars 17.1695C 34.6878PSU / 250.8uM 17.165C 33.331 8.452 234.533 / 5.7uM / -0.841598V /   60  126  553 / 0x80065776 0x7fff9892 0x80084d36 0x7fffa4ed
(Sep 27 2025 16:00:11,   48284 sec) Profile()            Sample 39 initiated at 161.9dbars for bin 44 [160dbars].  PTS/O2,T2,TPhase,RPhase,RawTemp/NO3/pH/FSig,BbSig,TSig/Ocr: 161.8dbars 17.8433C 34.7833PSU / 239.1uM 17.846C 33.587 8.467 212.068 / 5.0uM / -0.841183V /   62  127  552 / 0x80066bdb 0x7fff7c76 0x80083e49 0x7fffa9b6
(Sep 27 2025 16:02:52,   48445 sec) Profile()            Sample 40 initiated at 151.7dbars for bin 45 [150dbars].  PTS/O2,T2,TPhase,RPhase,RawTemp/NO3/pH/FSig,BbSig,TSig/Ocr: 151.6dbars 18.1859C 34.8262PSU / 238.0uM 18.181C 33.491 8.473 201.044 / 4.7uM / -0.840700V /   62  130  551 / 0x80065d09 0x7fff82ed 0x800830e4 0x7fffa0b6
(Sep 27 2025 16:05:34,   48607 sec) Profile()            Sample 41 initiated at 141.7dbars for bin 46 [140dbars].  PTS/O2,T2,TPhase,RPhase,RawTemp/NO3/pH/FSig,BbSig,TSig/Ocr: 141.6dbars 18.8157C 34.9048PSU / 235.9uM 18.796C 33.315 8.468 180.770 / 4.2uM / -0.839695V /   69  134  550 / 0x80065c6d 0x7fff7500 0x800830e4 0x7fff97e4
(Sep 27 2025 16:09:11,   48824 sec) Profile()            Sample 42 initiated at 131.6dbars for bin 47 [130dbars].  PTS/O2,T2,TPhase,RPhase,RawTemp/NO3/pH/FSig,BbSig,TSig/Ocr: 131.5dbars 19.3358C 34.9720PSU / 238.1uM 19.342C 32.962 8.481 162.776 / 3.6uM / -0.838801V /   83  144  549 / 0x8006481b 0x7fff5bf6 0x80082f2d 0x7fff97d2
(Sep 27 2025 16:13:20,   49073 sec) Profile()            Sample 43 initiated at 121.9dbars for bin 48 [120dbars].  PTS/O2,T2,TPhase,RPhase,RawTemp/NO3/pH/FSig,BbSig,TSig/Ocr: 121.9dbars 19.6178C 35.0052PSU / 240.0uM 19.619C 32.747 8.484 153.652 / 3.2uM / -0.838293V /   93  141  548 / 0x80064049 0x7fff586d 0x800835c9 0x7fff882d
(Sep 27 2025 16:13:21,   49074 sec) AscentControlAgent() Bouyancy nudge to 151 (v=0.039dbar/sec).
(Sep 27 2025 16:13:21,   49074 sec) PistonMoveAbsWTO()    141->151 142 143 144 145 146 [30sec, 14.9Volts, 0.179Amps, CPT:1677sec]
(Sep 27 2025 16:14:02,   49115 sec) PistonMoveAbsWTO()    146->151 147 148 149 150 151 [21sec, 14.8Volts, 0.186Amps, CPT:1698sec]
(Sep 27 2025 16:16:19,   49252 sec) Profile()            Sample 44 initiated at 111.2dbars for bin 49 [110dbars].  PTS/O2,T2,TPhase,RPhase,RawTemp/NO3/pH/FSig,BbSig,TSig/Ocr: 111.1dbars 19.8345C 35.0314PSU / 241.7uM 19.832C 32.568 8.485 146.629 / 2.9uM / -0.837706V /   96  145  548 / 0x80064736 0x7fff7de4 0x80085f1b 0x7fff7edb
(Sep 27 2025 16:18:27,   49380 sec) Profile()            Sample 45 initiated at 101.4dbars for bin 50 [100dbars].  PTS/O2,T2,TPhase,RPhase,RawTemp/NO3/pH/FSig,BbSig,TSig/Ocr: 101.3dbars 20.6696C 35.1161PSU / 248.8uM 20.642C 31.882 8.491 120.002 / 1.9uM / -0.835712V /  117  143  547 / 0x80065ddb 0x7fffff49 0x8008bbc9 0x7fff7c6d
(Sep 27 2025 16:19:40,   49453 sec) Profile()            Sample 46 initiated at 96.6dbars for bin 51 [95dbars].  PTS/O2,T2,TPhase,RPhase,RawTemp/NO3/pH/FSig,BbSig,TSig/Ocr: 96.5dbars 20.7813C 35.1223PSU / 255.3uM 20.775C 31.527 8.498 115.638 / 1.9uM / -0.835302V /  113  142  547 / 0x80065b80 0x80005809 0x80094052 0x7fff7149
(Sep 27 2025 16:20:53,   49526 sec) Profile()            Sample 47 initiated at 91.7dbars for bin 52 [90dbars].  PTS/O2,T2,TPhase,RPhase,RawTemp/NO3/pH/FSig,BbSig,TSig/Ocr: 91.6dbars 20.9254C 35.1274PSU / 259.3uM 20.919C 31.289 8.497 110.918 / 2.1uM / -0.834828V /  106  143  547 / 0x80067e52 0x800109a4 0x8009be1b 0x7fff8b12
(Sep 27 2025 16:22:06,   49599 sec) Profile()            Sample 48 initiated at 86.7dbars for bin 53 [85dbars].  PTS/O2,T2,TPhase,RPhase,RawTemp/NO3/pH/FSig,BbSig,TSig/Ocr: 86.7dbars 21.3512C 35.1402PSU / 264.9uM 21.325C 30.878 8.499 97.607 / 2.1uM / -0.834075V /   83  139  546 / 0x8006b82d 0x8001d889 0x800a87e4 0x7fff8124
(Sep 27 2025 16:23:30,   49683 sec) Profile()            Sample 49 initiated at 81.9dbars for bin 54 [80dbars].  PTS/O2,T2,TPhase,RPhase,RawTemp/NO3/pH/FSig,BbSig,TSig/Ocr: 81.9dbars 21.6735C 35.1566PSU / 269.7uM 21.658C 30.536 8.504 86.727 / 2.0uM / -0.833438V /   77  145  546 / 0x8006fc5b 0x80032676 0x800b9c6d 0x7fff8064
(Sep 27 2025 16:25:27,   49800 sec) Profile()            Sample 50 initiated at 76.7dbars for bin 55 [75dbars].  PTS/O2,T2,TPhase,RPhase,RawTemp/NO3/pH/FSig,BbSig,TSig/Ocr: 76.6dbars 22.2985C 35.1939PSU / 274.3uM 22.263C 30.102 8.512 66.954 / 2.1uM / -0.832815V /   71  146  545 / 0x8007b7ad 0x800569ed 0x800d7e5b 0x7fff962d
(Sep 27 2025 16:27:29,   49922 sec) PistonMoveAbsWTO()    151->151 [0sec, 0.0Volts, 0.000Amps, CPT:1698sec]
(Sep 27 2025 16:28:35,   49988 sec) AscentControlAgent() Bouyancy nudge to 156 (v=0.024dbar/sec).
(Sep 27 2025 16:28:35,   49988 sec) PistonMoveAbsWTO()    151->156 152 153 154 155 156 [25sec, 15.0Volts, 0.181Amps, CPT:1723sec]
(Sep 27 2025 16:30:01,   50074 sec) Profile()            Sample 51 initiated at 71.9dbars for bin 56 [70dbars].  PTS/O2,T2,TPhase,RPhase,RawTemp/NO3/pH/FSig,BbSig,TSig/Ocr: 71.9dbars 22.9443C 35.2236PSU / 281.1uM 22.935C 29.563 8.531 45.036 / 2.3uM / -0.832066V /   70  157  544 / 0x80097f2d 0x800aebc9 0x8011e5a4 0x7fffbaad
(Sep 27 2025 16:33:04,   50257 sec) Profile()            Sample 52 initiated at 66.9dbars for bin 57 [65dbars].  PTS/O2,T2,TPhase,RPhase,RawTemp/NO3/pH/FSig,BbSig,TSig/Ocr: 66.9dbars 23.4525C 35.2416PSU / 281.9uM 23.443C 29.333 8.541 28.520 / 2.3uM / -0.831653V /   69  155  543 / 0x800c4a9b 0x8011de52 0x80170bb6 0x7fffda40
(Sep 27 2025 16:33:38,   50291 sec) AscentControlAgent() Bouyancy nudge to 161 (v=0.023dbar/sec).
(Sep 27 2025 16:33:38,   50291 sec) PistonMoveAbsWTO()    156->161 157 158 159 160 161 [25sec, 14.9Volts, 0.172Amps, CPT:1748sec]
(Sep 27 2025 16:35:48,   50421 sec) Profile()            Sample 53 initiated at 62.0dbars for bin 58 [60dbars].  PTS/O2,T2,TPhase,RPhase,RawTemp/NO3/pH/FSig,BbSig,TSig/Ocr: 61.9dbars 23.6154C 35.2501PSU / 282.1uM 23.604C 29.264 8.543 23.292 / 2.5uM / -0.831540V /   67  152  542 / 0x8010f164 0x801b8c24 0x801e2b6d 0x80005209
(Sep 27 2025 16:37:45,   50538 sec) Profile()            Sample 54 initiated at 56.8dbars for bin 59 [55dbars].  PTS/O2,T2,TPhase,RPhase,RawTemp/NO3/pH/FSig,BbSig,TSig/Ocr: 56.8dbars 24.0909C 35.2777PSU / 280.6uM 24.066C 29.146 8.542 8.325 / 2.9uM / -0.831191V /   62  152  542 / 0x8017d9d2 0x80277f52 0x8026c949 0x800109e4
(Sep 27 2025 16:38:41,   50594 sec) AscentControlAgent() Bouyancy nudge to 166 (v=0.038dbar/sec).
(Sep 27 2025 16:38:41,   50594 sec) PistonMoveAbsWTO()    161->166 162 163 164 165 166 [25sec, 14.9Volts, 0.159Amps, CPT:1773sec]
(Sep 27 2025 16:43:41,   50894 sec) AscentControlAgent() Bouyancy nudge to 171 (v=0.003dbar/sec).
(Sep 27 2025 16:43:41,   50894 sec) PistonMoveAbsWTO()    166->171 167 168 169 170 171 [26sec, 15.0Volts, 0.157Amps, CPT:1799sec]
(Sep 27 2025 16:48:42,   51195 sec) AscentControlAgent() Bouyancy nudge to 176 (v=0.004dbar/sec).
(Sep 27 2025 16:48:42,   51195 sec) PistonMoveAbsWTO()    171->176 172 173 174 175 176 [24sec, 15.0Volts, 0.175Amps, CPT:1823sec]
(Sep 27 2025 16:49:57,   51270 sec) Profile()            Sample 55 initiated at 51.7dbars for bin 60 [50dbars].  PTS/O2,T2,TPhase,RPhase,RawTemp/NO3/pH/FSig,BbSig,TSig/Ocr: 51.6dbars 26.9919C 35.4970PSU / 246.4uM 26.987C 29.448 8.579 -85.260 / 3.2uM / -0.829119V /   57  144  538 / 0x80365940 0x80629f36 0x80552076 0x80045d76
(Sep 27 2025 16:51:54,   51387 sec) Profile()            Sample 56 initiated at 47.0dbars for bin 61 [45dbars].  PTS/O2,T2,TPhase,RPhase,RawTemp/NO3/pH/FSig,BbSig,TSig/Ocr: 46.9dbars 27.0682C 35.5004PSU / 244.5uM 27.069C 29.504 8.578 -87.867 / 3.1uM / -0.828974V /   57  145  537 / 0x80455e92 0x807c5bb6 0x806b3d9b 0x80076a09
(Sep 27 2025 16:53:51,   51504 sec) Profile()            Sample 57 initiated at 41.8dbars for bin 62 [40dbars].  PTS/O2,T2,TPhase,RPhase,RawTemp/NO3/pH/FSig,BbSig,TSig/Ocr: 41.7dbars 27.0814C 35.4973PSU / 244.0uM 27.085C 29.517 8.580 -88.375 / 3.1uM / -0.828853V /   55  141  536 / 0x8058faed 0x809bc1c0 0x80843aa4 0x800cb72d
(Sep 27 2025 16:55:15,   51588 sec) Profile()            Sample 58 initiated at 36.9dbars for bin 63 [35dbars].  PTS/O2,T2,TPhase,RPhase,RawTemp/NO3/pH/FSig,BbSig,TSig/Ocr: 36.8dbars 27.0796C 35.4972PSU / 244.0uM 27.084C 29.519 8.577 -88.326 / 3.0uM / -0.828740V /   54  147  536 / 0x806e76c0 0x80bcf652 0x80a3c836 0x80140dc9
(Sep 27 2025 16:56:39,   51672 sec) Profile()            Sample 59 initiated at 31.4dbars for bin 64 [30dbars].  PTS/O2,T2,TPhase,RPhase,RawTemp/NO3/pH/FSig,BbSig,TSig/Ocr: 31.4dbars 27.0794C 35.4971PSU / 244.1uM 27.084C 29.517 8.577 -88.338 / 3.1uM / -0.828623V /   56  139  536 / 0x808d2fc9 0x80f42d5b 0x80dae7db 0x80246840
(Sep 27 2025 16:57:51,   51744 sec) Profile()            Sample 60 initiated at 26.8dbars for bin 65 [25dbars].  PTS/O2,T2,TPhase,RPhase,RawTemp/NO3/pH/FSig,BbSig,TSig/Ocr: 26.7dbars 27.0782C 35.4964PSU / 243.9uM 27.084C 29.522 8.575 -88.327 / 3.0uM / -0.828553V /   55  142  536 / 0x80abd140 0x81129c49 0x80e9c52d 0x8030dc36
(Sep 27 2025 16:59:15,   51828 sec) Profile()            Sample 61 initiated at 21.7dbars for bin 66 [20dbars].  PTS/O2,T2,TPhase,RPhase,RawTemp/NO3/pH/FSig,BbSig,TSig/Ocr: 21.6dbars 27.0768C 35.4969PSU / 244.0uM 27.082C 29.519 8.573 -88.284 / 3.0uM / -0.828506V /   62  166  535 / 0x80ce33db 0x813be176 0x810f3149 0x804c06ed
(Sep 27 2025 17:00:39,   51912 sec) Profile()            Sample 62 initiated at 16.9dbars for bin 67 [15dbars].  PTS/O2,T2,TPhase,RPhase,RawTemp/NO3/pH/FSig,BbSig,TSig/Ocr: 16.9dbars 27.0737C 35.4965PSU / 244.0uM 27.080C 29.519 8.574 -88.203 / 3.0uM / -0.828434V /   55  138  535 / 0x81020d09 0x818c0680 0x8165ad76 0x808b3824
(Sep 27 2025 17:02:13,   52006 sec) Profile()            Sample 63 initiated at 11.6dbars for bin 68 [10dbars].  PTS/O2,T2,TPhase,RPhase,RawTemp/NO3/pH/FSig,BbSig,TSig/Ocr: 11.5dbars 27.0778C 35.4973PSU / 244.2uM 27.083C 29.511 8.574 -88.322 / 3.0uM / -0.828312V /   56  143  535 / 0x814796d2 0x81ef535b 0x81c66900 0x80f8c59b
(Sep 27 2025 17:03:26,   52079 sec) Profile()            Sample 64 initiated at 7.8dbars for bin 69 [6dbars].  PTS/O2,T2,TPhase,RPhase,RawTemp/NO3/pH/FSig,BbSig,TSig/Ocr: 7.7dbars 27.0734C 35.4976PSU / 244.3uM 27.080C 29.509 8.573 -88.209 / 3.0uM / -0.828293V /   56  138  535 / 0x8171b612 0x8206006d 0x81c85da4 0x811a74a4
(Sep 27 2025 17:04:11,   52124 sec) SurfaceDetect()      SurfacePressure:-0.0dbars Pressure:3.7dbars PistonPosition:176
(Sep 27 2025 17:04:11,   52124 sec) Sbe41cpStopCP()      Continuous profile stopped.
(Sep 27 2025 17:04:15,   52128 sec) PistonMoveAbsWTO()    176->198 177 178 179 180 181 182 183 184 185 186 187 188 189 190 191 192 193 194 195 196 197 198 [108sec, 14.9Volts, 0.155Amps, CPT:1931sec]
(Sep 27 2025 17:06:09,   52242 sec) chat()               Expected string [S>] not received.
(Sep 27 2025 17:08:02,   52355 sec) Sbe41cpBinAverage()  Finished averaging 13436 samples in 108 seconds.
(Sep 27 2025 17:08:07,   52360 sec) Sbe41cpUploadCP_()   Sbe41cpSerNo[20478] NSample[13436] NBin[493]
(Sep 27 2025 17:08:38,   52391 sec) Sbe41cpUploadCP_()   Continuous profile uploaded [493 lines].
(Sep 27 2025 17:08:52,   52405 sec) MscErrorLog_()       No error records to log.
(Sep 27 2025 17:09:02,   52415 sec) MscErrorLog_()       No error records to log.

<EOT>
