(Sep 04 2025 07:28:17,   40197 sec) TelemetryInit()      Profile 4. (Apf11 FwRev: 061125)
(Sep 04 2025 07:28:17,   40197 sec) TelemetryInit()      Charge consumption model: OCV:15.0V Wake-Cycles:656 Standby:1.3days Wake:2.2kC Sensors:0.1kC
(Sep 04 2025 07:28:32,   40212 sec) GetSurfaceObs()      P/O2,T2,TPhase,RPhase,RawTemp/FSig,BbSig,TSig: 100.8dbars / 281.1uM 19.166C 31.116 8.452 168.580 / 460,2237,547
(Sep 04 2025 07:28:32,   40212 sec) GetSurfaceObs()      P/Ocr: 100.8dbars / 0x80061e92 0x7fff57db 0x800848ad 0x7fff8676
(Sep 04 2025 07:29:05,   40245 sec) GetSurfaceObs()      P/O2,T2,TPhase,RPhase,RawTemp/FSig,BbSig,TSig: 100.8dbars / 281.0uM 19.161C 31.120 8.455 168.743 / 464,2244,547
(Sep 04 2025 07:29:05,   40245 sec) GetSurfaceObs()      P/Ocr: 100.8dbars / 0x80064612 0x7fff5c00 0x80084800 0x7fff87ad
(Sep 04 2025 07:29:39,   40279 sec) GetSurfaceObs()      P/O2,T2,TPhase,RPhase,RawTemp/FSig,BbSig,TSig: 100.8dbars / 281.2uM 19.148C 31.121 8.455 169.175 / 464,2248,547
(Sep 04 2025 07:29:39,   40279 sec) GetSurfaceObs()      P/Ocr: 100.8dbars / 0x80061f09 0x7fff6b89 0x80085140 0x7fff902d
(Sep 04 2025 07:30:12,   40312 sec) GetSurfaceObs()      P/O2,T2,TPhase,RPhase,RawTemp/FSig,BbSig,TSig: 100.8dbars / 281.2uM 19.136C 31.123 8.454 169.570 / 464,2252,547
(Sep 04 2025 07:30:12,   40312 sec) GetSurfaceObs()      P/Ocr: 100.8dbars / 0x8006399b 0x7fff62c9 0x80085b9b 0x7fff8ab6
(Sep 04 2025 07:33:31,   40511 sec) AirSystem()          Battery [214cnt, 15.0V]  Current [18cnt, 69.8mA]  Pneumometer [156cnt, 18.3psi]  Run-Time [95s]
(Sep 04 2025 07:33:44,   40524 sec) GetSurfaceObs()      P/O2,T2,TPhase,RPhase,RawTemp/FSig,BbSig,TSig: 100.8dbars / 281.4uM 19.116C 31.123 8.457 170.225 / 462,2244,548
(Sep 04 2025 07:33:44,   40524 sec) GetSurfaceObs()      P/Ocr: 100.8dbars / 0x80062dc9 0x7fff6d89 0x80084dc9 0x7fff8c36
(Sep 04 2025 07:34:17,   40557 sec) GetSurfaceObs()      P/O2,T2,TPhase,RPhase,RawTemp/FSig,BbSig,TSig: 100.8dbars / 281.4uM 19.112C 31.126 8.455 170.335 / 464,2251,547
(Sep 04 2025 07:34:17,   40557 sec) GetSurfaceObs()      P/Ocr: 100.8dbars / 0x800644f6 0x7fff6a00 0x80084700 0x7fff94b6
(Sep 04 2025 07:34:51,   40591 sec) GetSurfaceObs()      P/O2,T2,TPhase,RPhase,RawTemp/FSig,BbSig,TSig: 100.8dbars / 281.4uM 19.106C 31.129 8.454 170.538 / 464,2253,547
(Sep 04 2025 07:34:51,   40591 sec) GetSurfaceObs()      P/Ocr: 100.8dbars / 0x800639ad 0x7fff7776 0x80084776 0x7fff8bf6
(Sep 04 2025 07:35:24,   40624 sec) GetSurfaceObs()      P/O2,T2,TPhase,RPhase,RawTemp/FSig,BbSig,TSig: 100.8dbars / 281.3uM 19.108C 31.130 8.453 170.465 / 464,2256,547
(Sep 04 2025 07:35:24,   40624 sec) GetSurfaceObs()      P/Ocr: 100.8dbars / 0x80061e24 0x7fff5d00 0x800856db 0x7fff87d2
(Sep 04 2025 07:35:57,   40657 sec) GetSurfaceObs()      P/O2,T2,TPhase,RPhase,RawTemp/FSig,BbSig,TSig: 100.8dbars / 281.4uM 19.102C 31.132 8.453 170.689 / 465,2257,547
(Sep 04 2025 07:35:57,   40657 sec) GetSurfaceObs()      P/Ocr: 100.8dbars / 0x80063189 0x7fff69d2 0x80084fed 0x7fff8cc0
(Sep 04 2025 07:36:30,   40690 sec) GetSurfaceObs()      P/O2,T2,TPhase,RPhase,RawTemp/FSig,BbSig,TSig: 100.8dbars / 281.4uM 19.097C 31.132 8.451 170.852 / 465,2259,547
(Sep 04 2025 07:36:30,   40690 sec) GetSurfaceObs()      P/Ocr: 100.8dbars / 0x8006289b 0x7fff585b 0x800850ed 0x7fff71db
(Sep 04 2025 07:37:03,   40723 sec) GetSurfaceObs()      P/O2,T2,TPhase,RPhase,RawTemp/FSig,BbSig,TSig: 100.8dbars / 281.4uM 19.093C 31.134 8.452 170.988 / 465,2259,547
(Sep 04 2025 07:37:03,   40723 sec) GetSurfaceObs()      P/Ocr: 100.8dbars / 0x80064e89 0x7fff7cdb 0x80085109 0x7fff7d80
(Sep 04 2025 07:37:37,   40757 sec) GetSurfaceObs()      P/O2,T2,TPhase,RPhase,RawTemp/FSig,BbSig,TSig: 100.8dbars / 281.5uM 19.082C 31.135 8.450 171.329 / 466,2260,547
(Sep 04 2025 07:37:37,   40757 sec) GetSurfaceObs()      P/Ocr: 100.8dbars / 0x80062fc0 0x7fff6d64 0x80084eb6 0x7fff86d2
(Sep 04 2025 07:37:54,   40774 sec) AirSystem()          Battery [215cnt, 15.1V]  Current [17cnt, 66.9mA]  Pneumometer [157cnt, 18.5psi]  Run-Time [9s]
(Sep 04 2025 07:38:28,   40808 sec) GetSurfaceObs()      P/O2,T2,TPhase,RPhase,RawTemp/FSig,BbSig,TSig: 100.8dbars / 281.5uM 19.068C 31.139 8.451 171.781 / 464,2259,547
(Sep 04 2025 07:38:28,   40808 sec) GetSurfaceObs()      P/Ocr: 100.8dbars / 0x8006446d 0x7fff646d 0x80084d24 0x7fff852d
(Sep 04 2025 07:38:31,   40811 sec) GpsServices()        GPS almanac is current.
(Sep 04 2025 07:38:31,   40811 sec) GpsServices()        Initiating GPS fix acquisition.
(Sep 04 2025 07:38:37,   40817 sec) gga()                $GPGGA,073840,4739.0616,N,12218.7810,W,0,00,,,M,,M,,*49
(Sep 04 2025 07:38:47,   40827 sec) gga()                $GPGGA,073850,4739.0616,N,12218.7810,W,0,00,,,M,,M,,*48
(Sep 04 2025 07:38:58,   40838 sec) gga()                $GPGGA,073900,4739.0719,N,12218.7720,W,1,05,1.5,-2.4,M,-18.2,M,,*5D
(Sep 04 2025 07:38:58,   40838 sec) GpsServices()        Profile 4 GPS fix obtained in 27 seconds.
(Sep 04 2025 07:38:58,   40838 sec) GpsServices()                   lon      lat mm/dd/yyyy hhmmss nsat
(Sep 04 2025 07:38:58,   40838 sec) GpsServices()        Fix: -122.3129  47.6512 09/04/2025 073900    5
(Sep 04 2025 07:39:08,   40848 sec) gga()                $GPGGA,073910,4739.0703,N,12218.7737,W,1,06,1.4,2.4,M,-18.2,M,,*7E
(Sep 04 2025 07:39:17,   40857 sec) gga()                $GPGGA,073920,4739.0706,N,12218.7742,W,1,06,1.4,2.5,M,-18.2,M,,*7B
(Sep 04 2025 07:39:17,   40857 sec) GpsServices()        APF11 RTC skew (-3s) OK.
(Sep 04 2025 07:39:17,   40857 sec) GpsServices()        GPS services complete.
(Sep 04 2025 07:39:45,   40885 sec) IrGeoLoc()           <x,y,z>=<-2296km,-3636km,4688km> lat=47.661 lon=-122.271 IrSysTime=0xec8190a1
(Sep 04 2025 07:39:48,   40888 sec) CLogin()             Connecting to primary host.
(Sep 04 2025 07:40:05,   40905 sec) CLogin()             Connection 1 established in 17 seconds.
(Sep 04 2025 07:40:35,   40935 sec) expect()             Attempt to read prompt string [Password:] failed.
(Sep 04 2025 07:40:35,   40935 sec) login()              Password prompt not received.
(Sep 04 2025 07:41:05,   40965 sec) expect()             Attempt to read prompt string [login:] failed.
(Sep 04 2025 07:41:05,   40965 sec) login()              Login prompt not received.
(Sep 04 2025 07:41:17,   40977 sec) CLogin()             Connection 2 established in 89 seconds.
(Sep 04 2025 07:41:47,   41007 sec) expect()             Attempt to read prompt string [login:] failed.
(Sep 04 2025 07:41:47,   41007 sec) login()              Login prompt not received.
(Sep 04 2025 07:41:53,   41013 sec) login()              Login successful.
(Sep 04 2025 07:41:56,   41016 sec) CLogin()             Logged in to host.  [Login required 39 seconds]
(Sep 04 2025 07:41:57,   41017 sec) RxConfig()           Downloading "mission.cfg" from host.
(Sep 04 2025 07:42:09,   41029 sec) RxConfig()           Download successful: [bytes:33, sec:9.4, bps:4]
(Sep 04 2025 07:42:13,   41033 sec) WriteVitals_()       Writing vitals to "23808.004.msg".
(Sep 04 2025 07:42:18,   41038 sec) UpLoadFile()         Uploading "23808.004.log" to host.
(Sep 04 2025 07:43:39,   41119 sec) UpLoadFile()         Upload successful: [bytes:20071, sec:81.5, bps:246]
(Sep 04 2025 07:43:40,   41120 sec) fmove()              Moved: 23808.004.log -> archive/23808.004.log
(Sep 04 2025 07:43:43,   41123 sec) UpLoadFile()         Uploading "23808.004.msg" to host.
(Sep 04 2025 07:44:09,   41149 sec) UpLoadFile()         Upload successful: [bytes:6856, sec:25.8, bps:266]
(Sep 04 2025 07:44:10,   41150 sec) fmove()              Moved: 23808.004.msg -> archive/23808.004.msg
(Sep 04 2025 07:44:14,   41154 sec) UpLoadFile()         Uploading "23808.004.isus" to host.
(Sep 04 2025 07:44:29,   41169 sec) UpLoadFile()         Upload successful: [bytes:3212, sec:15.0, bps:214]
(Sep 04 2025 07:44:30,   41170 sec) fmove()              Moved: 23808.004.isus -> archive/23808.004.isus
(Sep 04 2025 07:44:33,   41173 sec) UpLoadFile()         Uploading "23808.004.dura" to host.
(Sep 04 2025 07:44:46,   41186 sec) UpLoadFile()         Upload successful: [bytes:1774, sec:13.0, bps:137]
(Sep 04 2025 07:44:47,   41187 sec) fmove()              Moved: 23808.004.dura -> archive/23808.004.dura
(Sep 04 2025 07:44:48,   41188 sec) UpLoad()             Files successfully uploaded: 4
(Sep 04 2025 07:44:48,   41188 sec) UpLoad()             Upload complete.
(Sep 04 2025 07:44:55,   41195 sec) chat()               Expected string [logout] not received.
(Sep 04 2025 07:44:55,   41195 sec) logout()             Attempt to log-out failed.
(Sep 04 2025 07:44:55,   41195 sec) logout()             No carrier detected.
(Sep 04 2025 07:44:55,   41195 sec) Telemetry()          Telemetry cycle complete: PrfId=4 ConnectionAttempts=2  Connections=2
(Sep 04 2025 07:44:55,   41195 sec) TelemetryTerminate() Parsing new mission configuration.
(Sep 04 2025 07:44:56,   41196 sec) configure()          Parsing configurators in "mission.cfg".
(Sep 04 2025 07:44:56,   41196 sec) configure()             TelemetryRetry(15)      [0x7BBC] [TelemetryRetry(15)].
(Sep 04 2025 07:44:56,   41196 sec) configure()          Configuration CRCs and syntax OK.
(Sep 04 2025 07:44:56,   41196 sec) ConfigSupervisor()   Configuration accepted.
(Sep 04 2025 07:44:56,   41196 sec) TelemetryTerminate() Reconditioning the file system.
(Sep 04 2025 07:44:59,       0 sec) DescentInit()        Deep profile 5 initiated at mission-time 41199sec.
(Sep 04 2025 07:45:00,       1 sec) DescentInit()        Surface pressure: 100.8dbars.
(Sep 04 2025 07:45:00,       1 sec) DescentInit()        Charge consumption model: OCV:15.0V Wake-Cycles:656 Standby:1.3days Wake:2.2kC Sleep:0.1kC
(Sep 04 2025 07:45:12,      13 sec) DescentInit()        Pneumatic humidity: 2933(61.5%) -> 2917(61.0%)
(Sep 04 2025 07:45:12,      13 sec) PistonMoveAbsWTO()    231->019 230 229 228 227 226 225 224 223 222 221 220 219 218 217 216 215 214 213 212 211 210 209 208 207 206 205 204 203 202 201 200 199 198 197 196 195 194 193 192 191 190 189 188 187 186 185 184 183 182 181 180 179 178 177 176 175 174 173 172 171 170 169 168 167 166 165 164 163 162 161 160 159 158 157 156 155 154 153 152 151 150 149 148 147 146 145 144 143 142 141 140 139 138 137 136 135 134 133 132 131 130 129 128 127 126 125 124 123 122 121 120 119 118 117 116 115 114 113 112 111 110 109 108 107 106 105 104 103 102 101 100 099 098 097 096 095 094 093 092 091 090 089 088 087 086 085 084 083 082 081 080 079 078 077 076 075 074 073 072 071 070 069 068 067 066 065 064 063 062 061 060 059 058 057 056 055 054 053 052 051 050 049 048 047 046 045 044 043 042 041 040 039 038 037 036 035 034 033 032 031 030 029 028 027 026 025 024 023 022 021 020 019 [1049sec, 14.8Volts, 0.146Amps, CPT:1049sec]
(Sep 04 2025 08:02:46,    1067 sec) DescentInit()        Air solenoid open: Barometer [204cnt,  12.0psi]  Pneumometer [104cnt,  12.2psi]
(Sep 04 2025 08:02:56,    1077 sec) Descent()            Pressure: 100.8
(Sep 04 2025 08:15:09,    1810 sec) Descent()            Pressure: 100.8
(Sep 04 2025 08:15:10,    1811 sec) ParkInit()           Charge consumption model: OCV:15.5V Wake-Cycles:658 Standby:1.3days Wake:2.5kC Sensors:0.1kC
(Sep 04 2025 16:15:41,   30642 sec) CtdPower()           [  100.79, 18.6920, 33.8919]
(Sep 04 2025 16:15:41,   30642 sec) CtdPower()           CTD Power consumption [220VCnt 3ACnt]: 15.478Volts * 0.011Amps = 0.17Watts.
(Sep 04 2025 16:15:47,   30648 sec) ParkTerminate()      Piston Position:19 Vacuum:200 HumidityAd12:4094(inf%) Vq:221 Aq:2 Vsbe:220 Asbe:3 Vflbb:218 Aflbb:11 Vopt:218 Aopt:13 Vocr:219 Aocr:7 MuxTemp:16.897C MuxHumidity:6.1%
(Sep 04 2025 16:16:20,   30681 sec) ParkTerminate()      PTS/O2,T2,TPhase,RawTemp: 100.8dbars 18.7147C 33.5754PSU / 279.4uM 19.181C 31.176 8.439 168.069
(Sep 04 2025 16:16:20,   30681 sec) ParkTerminate()      FLBB FSig, BbSig, TSig: 800, 2116, 549 / Ocr: 0x80062189 0x7fff6a09 0x80083d36 0x7fff8b5b
(Sep 04 2025 16:16:21,   30682 sec) GoDeepInit()         Charge consumption model: OCV:15.5V Wake-Cycles:667 Standby:1.6days Wake:2.5kC Sensors:0.1kC
(Sep 04 2025 16:16:21,   30682 sec) GoDeepInit()         Moving piston.
(Sep 04 2025 16:16:21,   30682 sec) PistonMoveAbsWTO()    019->009 018 017 016 015 014 013 012 011 010 009 [49sec, 15.1Volts, 0.147Amps, CPT:1098sec]
(Sep 04 2025 16:44:59,   32400 sec) ProfileInit()        Charge consumption model: OCV:15.5V Wake-Cycles:673 Standby:1.6days Wake:2.6kC Sensors:0.1kC
(Sep 04 2025 16:44:59,   32400 sec) ProfileInit()        PrfId:005  Pressure:100.8dbar  pTable[50]:100dbar
(Sep 04 2025 16:45:01,   32402 sec) ProfileInit()        Muxer PPIs K{1,2} quiescent: 15.48V, 0.0mA, 0.0mW
(Sep 04 2025 16:45:05,   32406 sec) ProfileInit()        ISUS powered up.
(Sep 04 2025 16:45:08,   32409 sec) ProfileInit()        Muxer PPIs K{1,2} w/ ISUS awake: 15.33V, 49.1mA, 752.8mW
(Sep 04 2025 16:45:15,   32416 sec) MscErrorLog_()       No error records to log.
(Sep 04 2025 16:45:22,   32423 sec) ProfileInit()        DURA powered up.
(Sep 04 2025 16:45:25,   32426 sec) ProfileInit()        Muxer PPIs K{1,2} w/ DURA awake: 15.31V, 47.6mA, 728.9mW
(Sep 04 2025 16:45:31,   32432 sec) MscErrorLog_()       No error records to log.
(Sep 04 2025 16:46:55,   32516 sec) Sbe41cpStartCP()     Continuous profile started.
(Sep 04 2025 16:47:36,   32557 sec) Profile()            Sample 0 initiated at 100.8dbars for bin 50 [100dbars].  PTS/O2,T2,TPhase,RPhase,RawTemp/NO3/pH/FSig,BbSig,TSig/Ocr: 100.8dbars 20.7234C 33.6929PSU / 266.6uM 21.422C 30.762 8.479 94.451 / -12.2uM / -0.856050V /  972 2013  547 / 0x800623c0 0x7fff27d2 0x8008351b 0x7fff5e1b
(Sep 04 2025 16:47:37,   32558 sec) PistonMoveAbsWTO()    009->031 010 011 012 013 014 015 [30sec, 15.1Volts, 0.159Amps, CPT:1128sec]
(Sep 04 2025 16:48:18,   32599 sec) PistonMoveAbsWTO()    015->031 016 017 018 019 020 021 [30sec, 15.0Volts, 0.149Amps, CPT:1158sec]
(Sep 04 2025 16:48:59,   32640 sec) PistonMoveAbsWTO()    021->031 022 023 024 025 026 027 028 [30sec, 14.9Volts, 0.157Amps, CPT:1188sec]
(Sep 04 2025 16:49:40,   32681 sec) PistonMoveAbsWTO()    028->031 029 030 031 [15sec, 14.9Volts, 0.152Amps, CPT:1203sec]
(Sep 04 2025 17:00:01,   33302 sec) AscentControlAgent() Bouyancy nudge to 36 (v=-0.000dbar/sec).
(Sep 04 2025 17:00:01,   33302 sec) PistonMoveAbsWTO()    031->036 032 033 034 035 036 [24sec, 15.0Volts, 0.162Amps, CPT:1227sec]
(Sep 04 2025 17:05:01,   33602 sec) AscentControlAgent() Bouyancy nudge to 41 (v=-0.000dbar/sec).
(Sep 04 2025 17:05:01,   33602 sec) PistonMoveAbsWTO()    036->041 037 038 039 040 041 [25sec, 15.0Volts, 0.152Amps, CPT:1252sec]
(Sep 04 2025 17:10:12,   33913 sec) AscentControlAgent() Bouyancy nudge to 46 (v=-0.000dbar/sec).
(Sep 04 2025 17:10:12,   33913 sec) PistonMoveAbsWTO()    041->046 042 043 044 045 046 [25sec, 15.0Volts, 0.148Amps, CPT:1277sec]
(Sep 04 2025 17:15:12,   34213 sec) AscentControlAgent() Bouyancy nudge to 51 (v=-0.000dbar/sec).
(Sep 04 2025 17:15:12,   34213 sec) PistonMoveAbsWTO()    046->051 047 048 049 050 051 [26sec, 15.0Volts, 0.151Amps, CPT:1303sec]
(Sep 04 2025 17:20:13,   34514 sec) AscentControlAgent() Bouyancy nudge to 56 (v=0.000dbar/sec).
(Sep 04 2025 17:20:13,   34514 sec) PistonMoveAbsWTO()    051->056 052 053 054 055 056 [24sec, 15.0Volts, 0.153Amps, CPT:1327sec]
(Sep 04 2025 17:25:13,   34814 sec) AscentControlAgent() Bouyancy nudge to 61 (v=0.000dbar/sec).
(Sep 04 2025 17:25:13,   34814 sec) PistonMoveAbsWTO()    056->061 057 058 059 060 061 [25sec, 15.0Volts, 0.156Amps, CPT:1352sec]
(Sep 04 2025 17:30:13,   35114 sec) AscentControlAgent() Bouyancy nudge to 66 (v=-0.000dbar/sec).
(Sep 04 2025 17:30:13,   35114 sec) PistonMoveAbsWTO()    061->066 062 063 064 065 066 [25sec, 15.0Volts, 0.147Amps, CPT:1377sec]
(Sep 04 2025 17:35:13,   35414 sec) AscentControlAgent() Bouyancy nudge to 71 (v=0.000dbar/sec).
(Sep 04 2025 17:35:13,   35414 sec) PistonMoveAbsWTO()    066->071 067 068 069 070 071 [25sec, 15.0Volts, 0.152Amps, CPT:1402sec]
(Sep 04 2025 17:40:13,   35714 sec) AscentControlAgent() Bouyancy nudge to 76 (v=-0.000dbar/sec).
(Sep 04 2025 17:40:13,   35714 sec) PistonMoveAbsWTO()    071->076 072 073 074 075 076 [25sec, 15.0Volts, 0.147Amps, CPT:1427sec]
(Sep 04 2025 17:45:13,   36014 sec) AscentControlAgent() Bouyancy nudge to 81 (v=-0.000dbar/sec).
(Sep 04 2025 17:45:13,   36014 sec) PistonMoveAbsWTO()    076->081 077 078 079 080 081 [24sec, 15.0Volts, 0.147Amps, CPT:1451sec]
(Sep 04 2025 17:50:13,   36314 sec) AscentControlAgent() Bouyancy nudge to 86 (v=0.000dbar/sec).
(Sep 04 2025 17:50:13,   36314 sec) PistonMoveAbsWTO()    081->086 082 083 084 085 086 [25sec, 15.0Volts, 0.144Amps, CPT:1476sec]
(Sep 04 2025 17:55:13,   36614 sec) AscentControlAgent() Bouyancy nudge to 91 (v=-0.000dbar/sec).
(Sep 04 2025 17:55:13,   36614 sec) PistonMoveAbsWTO()    086->091 087 088 089 090 091 [25sec, 15.0Volts, 0.149Amps, CPT:1501sec]
(Sep 04 2025 18:00:13,   36914 sec) AscentControlAgent() Bouyancy nudge to 96 (v=-0.000dbar/sec).
(Sep 04 2025 18:00:13,   36914 sec) PistonMoveAbsWTO()    091->096 092 093 094 095 096 [25sec, 15.0Volts, 0.156Amps, CPT:1526sec]
(Sep 04 2025 18:05:19,   37220 sec) AscentControlAgent() Bouyancy nudge to 101 (v=-0.000dbar/sec).
(Sep 04 2025 18:05:19,   37220 sec) PistonMoveAbsWTO()    096->101 097 098 099 100 101 [24sec, 15.0Volts, 0.155Amps, CPT:1550sec]
(Sep 04 2025 18:10:21,   37522 sec) AscentControlAgent() Bouyancy nudge to 106 (v=-0.000dbar/sec).
(Sep 04 2025 18:10:21,   37522 sec) PistonMoveAbsWTO()    101->106 102 103 104 105 106 [25sec, 15.0Volts, 0.148Amps, CPT:1575sec]
(Sep 04 2025 18:15:22,   37823 sec) AscentControlAgent() Bouyancy nudge to 111 (v=0.000dbar/sec).
(Sep 04 2025 18:15:22,   37823 sec) PistonMoveAbsWTO()    106->111 107 108 109 110 111 [24sec, 15.0Volts, 0.148Amps, CPT:1599sec]
(Sep 04 2025 18:20:22,   38123 sec) AscentControlAgent() Bouyancy nudge to 116 (v=-0.000dbar/sec).
(Sep 04 2025 18:20:22,   38123 sec) PistonMoveAbsWTO()    111->116 112 113 114 115 116 [25sec, 15.0Volts, 0.148Amps, CPT:1624sec]
(Sep 04 2025 18:25:23,   38424 sec) AscentControlAgent() Bouyancy nudge to 121 (v=-0.000dbar/sec).
(Sep 04 2025 18:25:23,   38424 sec) PistonMoveAbsWTO()    116->121 117 118 119 120 121 [24sec, 15.0Volts, 0.143Amps, CPT:1648sec]
(Sep 04 2025 18:30:23,   38724 sec) AscentControlAgent() Bouyancy nudge to 126 (v=0.000dbar/sec).
(Sep 04 2025 18:30:23,   38724 sec) PistonMoveAbsWTO()    121->126 122 123 124 125 126 [25sec, 15.1Volts, 0.152Amps, CPT:1673sec]
(Sep 04 2025 18:35:24,   39025 sec) AscentControlAgent() Bouyancy nudge to 131 (v=-0.000dbar/sec).
(Sep 04 2025 18:35:24,   39025 sec) PistonMoveAbsWTO()    126->131 127 128 129 130 131 [25sec, 15.1Volts, 0.154Amps, CPT:1698sec]
(Sep 04 2025 18:40:25,   39326 sec) AscentControlAgent() Bouyancy nudge to 136 (v=-0.000dbar/sec).
(Sep 04 2025 18:40:25,   39326 sec) PistonMoveAbsWTO()    131->136 132 133 134 135 136 [24sec, 15.1Volts, 0.156Amps, CPT:1722sec]
(Sep 04 2025 18:45:09,   39610 sec) MissionControlAgent( Ascent time-out exceeded; aborting profile.
(Sep 04 2025 18:46:13,   39674 sec) Sbe41cpBinAverage()  Finished averaging 7106 samples in 59 seconds.
(Sep 04 2025 18:46:18,   39679 sec) Sbe41cpUploadCP_()   Sbe41cpSerNo[20478] NSample[7106] NBin[51]
(Sep 04 2025 18:46:36,   39697 sec) Sbe41cpUploadCP_()   Continuous profile uploaded [51 lines].
(Sep 04 2025 18:46:49,   39710 sec) MscErrorLog_()       No error records to log.
(Sep 04 2025 18:46:59,   39720 sec) MscErrorLog_()       No error records to log.
(Sep 04 2025 18:47:06,   39727 sec) PistonMoveAbsWTO()    136->231 137 138 139 140 141 142 143 144 145 146 147 148 149 150 151 152 153 154 155 156 157 158 159 160 161 162 163 164 165 166 167 168 169 170 171 172 173 174 175 176 177 178 179 180 181 182 183 184 185 186 187 188 189 190 191 192 193 194 195 196 197 198 199 200 201 202 203 204 205 206 207 208 209 210 211 212 213 214 215 216 217 218 219 220 221 222 223 224 225 226 227 228 229 230 231 [465sec, 14.9Volts, 0.149Amps, CPT:2187sec]

<EOT>
