(Oct 16 2025 05:52:56,  452505 sec) TelemetryInit()      Profile 19. (Apf11 FwRev: 061125)
(Oct 16 2025 05:52:56,  452505 sec) TelemetryInit()      Charge consumption model: OCV:15.2V Wake-Cycles:28338 Standby:23.5days Wake:20.1kC Sensors:2.2kC
(Oct 16 2025 05:58:11,  452820 sec) GetSurfaceObs()      P/O2,T2,TPhase,RPhase,RawTemp/FSig,BbSig,TSig: 0.3dbars / 243.9uM 26.736C 29.654 8.539 -77.309 / 55,145,535
(Oct 16 2025 05:58:11,  452820 sec) GetSurfaceObs()      P/Ocr: 0.3dbars / 0x8005c5f6 0x7ffee976 0x800787d2 0x7ffee01b
(Oct 16 2025 05:58:44,  452853 sec) GetSurfaceObs()      P/O2,T2,TPhase,RPhase,RawTemp/FSig,BbSig,TSig: 0.1dbars / 243.8uM 26.724C 29.662 8.538 -76.915 / 55,142,535
(Oct 16 2025 05:58:44,  452853 sec) GetSurfaceObs()      P/Ocr: 0.1dbars / 0x8005d689 0x7ffef276 0x80078b64 0x7ffedb40
(Oct 16 2025 05:59:17,  452886 sec) GetSurfaceObs()      P/O2,T2,TPhase,RPhase,RawTemp/FSig,BbSig,TSig: 0.2dbars / 243.7uM 26.719C 29.668 8.537 -76.756 / 54,140,535
(Oct 16 2025 05:59:17,  452886 sec) GetSurfaceObs()      P/Ocr: 0.2dbars / 0x8005e1ad 0x7ffeecb6 0x80078880 0x7ffee424
(Oct 16 2025 05:59:51,  452920 sec) GetSurfaceObs()      P/O2,T2,TPhase,RPhase,RawTemp/FSig,BbSig,TSig: 0.2dbars / 244.5uM 26.661C 29.655 8.537 -74.917 / 55,139,535
(Oct 16 2025 05:59:51,  452920 sec) GetSurfaceObs()      P/Ocr: 0.2dbars / 0x8005c5c0 0x7ffee349 0x800785a4 0x7ffee0a4
(Oct 16 2025 06:02:57,  453106 sec) AirSystem()          Battery [216cnt, 15.2V]  Current [21cnt, 80.5mA]  Pneumometer [156cnt, 18.3psi]  Run-Time [89s]
(Oct 16 2025 06:03:10,  453119 sec) GetSurfaceObs()      P/O2,T2,TPhase,RPhase,RawTemp/FSig,BbSig,TSig: 0.1dbars / 249.7uM 25.286C 29.950 8.531 -30.985 / 55,144,535
(Oct 16 2025 06:03:10,  453119 sec) GetSurfaceObs()      P/Ocr: 0.1dbars / 0x8005e100 0x7ffee7a4 0x800797b6 0x7ffedbdb
(Oct 16 2025 06:03:43,  453152 sec) GetSurfaceObs()      P/O2,T2,TPhase,RPhase,RawTemp/FSig,BbSig,TSig: -0.1dbars / 244.4uM 26.523C 29.711 8.532 -70.513 / 56,142,535
(Oct 16 2025 06:03:43,  453152 sec) GetSurfaceObs()      P/Ocr: -0.1dbars / 0x8005c5c9 0x7ffeec00 0x80078f49 0x7ffee02d
(Oct 16 2025 06:04:17,  453186 sec) GetSurfaceObs()      P/O2,T2,TPhase,RPhase,RawTemp/FSig,BbSig,TSig: -0.1dbars / 240.8uM 26.560C 29.863 8.527 -71.698 / 55,143,535
(Oct 16 2025 06:04:17,  453186 sec) GetSurfaceObs()      P/Ocr: -0.1dbars / 0x8005b9ad 0x7fff0164 0x80077fad 0x7ffee6d2
(Oct 16 2025 06:04:50,  453219 sec) GetSurfaceObs()      P/O2,T2,TPhase,RPhase,RawTemp/FSig,BbSig,TSig: 0.1dbars / 249.8uM 25.896C 29.712 8.528 -50.519 / 55,142,535
(Oct 16 2025 06:04:50,  453219 sec) GetSurfaceObs()      P/Ocr: 0.1dbars / 0x8005d312 0x7ffefa89 0x800780c0 0x7ffee224
(Oct 16 2025 06:05:23,  453252 sec) GetSurfaceObs()      P/O2,T2,TPhase,RPhase,RawTemp/FSig,BbSig,TSig: -0.0dbars / 249.6uM 25.805C 29.754 8.527 -47.626 / 54,140,535
(Oct 16 2025 06:05:23,  453252 sec) GetSurfaceObs()      P/Ocr: -0.0dbars / 0x8005c580 0x7ffeef9b 0x80077f09 0x7ffee112
(Oct 16 2025 06:05:56,  453285 sec) GetSurfaceObs()      P/O2,T2,TPhase,RPhase,RawTemp/FSig,BbSig,TSig: -0.0dbars / 250.2uM 25.357C 29.900 8.527 -33.265 / 55,142,535
(Oct 16 2025 06:05:56,  453285 sec) GetSurfaceObs()      P/Ocr: -0.0dbars / 0x8005b96d 0x7ffeedad 0x80077ed2 0x7ffedbf6
(Oct 16 2025 06:06:29,  453318 sec) GetSurfaceObs()      P/O2,T2,TPhase,RPhase,RawTemp/FSig,BbSig,TSig: -0.1dbars / 243.5uM 26.026C 29.941 8.526 -54.688 / 54,140,535
(Oct 16 2025 06:06:29,  453318 sec) GetSurfaceObs()      P/Ocr: -0.1dbars / 0x8005c789 0x7ffee792 0x80077c80 0x7ffee536
(Oct 16 2025 06:07:03,  453352 sec) GetSurfaceObs()      P/O2,T2,TPhase,RPhase,RawTemp/FSig,BbSig,TSig: 0.2dbars / 246.0uM 25.766C 29.930 8.525 -46.379 / 55,140,535
(Oct 16 2025 06:07:03,  453352 sec) GetSurfaceObs()      P/Ocr: 0.2dbars / 0x8005c4a4 0x7ffef089 0x80078e9b 0x7ffedff6
(Oct 16 2025 06:07:23,  453372 sec) AirSystem()          Battery [216cnt, 15.2V]  Current [20cnt, 77.4mA]  Pneumometer [157cnt, 18.5psi]  Run-Time [9s]
(Oct 16 2025 06:07:57,  453406 sec) GetSurfaceObs()      P/O2,T2,TPhase,RPhase,RawTemp/FSig,BbSig,TSig: 0.2dbars / 244.5uM 25.757C 29.999 8.526 -46.096 / 55,139,535
(Oct 16 2025 06:07:57,  453406 sec) GetSurfaceObs()      P/Ocr: 0.2dbars / 0x8005b4c0 0x7ffee764 0x80077c76 0x7ffef1ad
(Oct 16 2025 06:08:00,  453409 sec) GpsServices()        GPS almanac is current.
(Oct 16 2025 06:08:00,  453409 sec) GpsServices()        Initiating GPS fix acquisition.
(Oct 16 2025 06:08:02,  453411 sec) gga()                $GPGGA,060800,2741.7690,N,15757.6022,W,0,00,,,M,,M,,*4E
(Oct 16 2025 06:08:12,  453421 sec) gga()                $GPGGA,060810,2741.7690,N,15757.6022,W,0,00,,,M,,M,,*4F
(Oct 16 2025 06:08:17,  453426 sec) gga()                $GPGGA,060820,2741.7690,N,15757.6022,W,0,00,,,M,,M,,*4C
(Oct 16 2025 06:08:26,  453435 sec) gga()                $GPGGA,060830,2741.7690,N,15757.6022,W,0,00,,,M,,M,,*4D
(Oct 16 2025 06:08:36,  453445 sec) gga()                $GPGGA,060840,2741.7690,N,15757.6022,W,0,00,,,M,,M,,*4A
(Oct 16 2025 06:08:46,  453455 sec) gga()                $GPGGA,060850,2741.7690,N,15757.6022,W,0,00,,,M,,M,,*4B
(Oct 16 2025 06:08:56,  453465 sec) gga()                $GPGGA,060900,2741.7690,N,15757.6022,W,0,00,,,M,,M,,*4F
(Oct 16 2025 06:09:06,  453475 sec) gga()                $GPGGA,060910,2741.7690,N,15757.6022,W,0,00,,,M,,M,,*4E
(Oct 16 2025 06:09:16,  453485 sec) gga()                $GPGGA,060920,2741.7690,N,15757.6022,W,0,00,,,M,,M,,*4D
(Oct 16 2025 06:09:27,  453496 sec) gga()                $GPGGA,060930,2740.5030,N,15759.9132,W,1,08,1.1,-8.5,M,-5.8,M,,*65
(Oct 16 2025 06:09:27,  453496 sec) GpsServices()        Profile 19 GPS fix obtained in 87 seconds.
(Oct 16 2025 06:09:27,  453496 sec) GpsServices()                   lon      lat mm/dd/yyyy hhmmss nsat
(Oct 16 2025 06:09:27,  453496 sec) GpsServices()        Fix: -157.9986  27.6751 10/16/2025 060930    8
(Oct 16 2025 06:09:37,  453506 sec) gga()                $GPGGA,060940,2740.5026,N,15759.9136,W,1,08,1.1,-10.4,M,-5.8,M,,*59
(Oct 16 2025 06:09:46,  453515 sec) gga()                $GPGGA,060950,2740.5021,N,15759.9150,W,1,08,1.1,-9.9,M,-5.8,M,,*6A
(Oct 16 2025 06:09:46,  453515 sec) GpsServices()        APF11 RTC skew (-4s) OK.
(Oct 16 2025 06:09:47,  453516 sec) GpsServices()        GPS services complete.
(Oct 16 2025 06:10:14,  453543 sec) IrGeoLoc()           <x,y,z>=<-5236km,-2120km,2944km> lat=27.684 lon=-157.958 IrSysTime=0xeea1dd0b
(Oct 16 2025 06:10:18,  453547 sec) CLogin()             Connecting to primary host.
(Oct 16 2025 06:10:34,  453563 sec) CLogin()             Connection 1 established in 16 seconds.
(Oct 16 2025 06:11:04,  453593 sec) expect()             Attempt to read prompt string [login:] failed.
(Oct 16 2025 06:11:04,  453593 sec) login()              Login prompt not received.
(Oct 16 2025 06:11:34,  453623 sec) expect()             Attempt to read prompt string [login:] failed.
(Oct 16 2025 06:11:34,  453623 sec) login()              Login prompt not received.
(Oct 16 2025 06:11:47,  453636 sec) CLogin()             Connection 2 established in 89 seconds.
(Oct 16 2025 06:11:55,  453644 sec) login()              Login successful.
(Oct 16 2025 06:12:00,  453649 sec) chat()               Expected string [cmd>] not received.
(Oct 16 2025 06:12:00,  453649 sec) login()              Attempt to set the command prompt failed.
(Oct 16 2025 06:12:08,  453657 sec) CLogin()             Logged in to host.  [Login required 21 seconds]
(Oct 16 2025 06:12:10,  453659 sec) RxConfig()           Downloading "mission.cfg" from host.
(Oct 16 2025 06:12:23,  453672 sec) RxConfig()           Download successful: [bytes:48, sec:11.1, bps:4]
(Oct 16 2025 06:12:27,  453676 sec) WriteVitals_()       Writing vitals to "23808.019.msg".
(Oct 16 2025 06:12:35,  453684 sec) UpLoadFile()         Uploading "23808.019.log" to host.
(Oct 16 2025 06:16:16,  453905 sec) sendline()           Blocking CTS signal, aborting ZMODEM transfer.
(Oct 16 2025 06:16:17,  453906 sec) UpLoadFile()         Upload failed.
(Oct 16 2025 06:17:11,  453960 sec) chat()               Expected string [rz] not received.
(Oct 16 2025 06:17:11,  453960 sec) UpLoadFile()         Failed attempt to execute "rz" on the host.
(Oct 16 2025 06:17:11,  453960 sec) UpLoad()             Files successfully uploaded: 0
(Oct 16 2025 06:17:11,  453960 sec) UpLoad()             Aborting upload: Retry limit [2] exceeded. Upload incomplete.
(Oct 16 2025 06:17:18,  453967 sec) chat()               Expected string [cmd>] not received.
(Oct 16 2025 06:17:18,  453967 sec) logout()             Can't get command prompt.
(Oct 16 2025 06:17:23,  453972 sec) chat()               Expected string [logout] not received.
(Oct 16 2025 06:17:23,  453972 sec) logout()             Attempt to log-out failed.
(Oct 16 2025 06:17:30,  453979 sec) chat()               Expected string [cmd>] not received.
(Oct 16 2025 06:17:30,  453979 sec) logout()             Can't get command prompt.
(Oct 16 2025 06:17:35,  453984 sec) chat()               Expected string [logout] not received.
(Oct 16 2025 06:17:35,  453984 sec) logout()             Attempt to log-out failed.
(Oct 16 2025 06:17:35,  453984 sec) logout()             No carrier detected.
(Oct 16 2025 06:17:35,  453984 sec) Telemetry()          Telemetry cycle complete: PrfId=19 ConnectionAttempts=2  Connections=2
(Oct 16 2025 06:32:51,  454900 sec) AirSystem()          Air-bladder inflation by-passed. Pneumatic Pressure: [157cnt, 18.5psi].
(Oct 16 2025 06:33:46,  454955 sec) GetSurfaceObs()      P/O2,T2,TPhase,RPhase,RawTemp/FSig,BbSig,TSig: 0.0dbars / 252.6uM 24.973C 29.943 8.524 -20.923 / 55,143,535
(Oct 16 2025 06:33:46,  454955 sec) GetSurfaceObs()      P/Ocr: 0.0dbars / 0x8005c66d 0x7ffeed12 0x800784ed 0x7ffeebdb
(Oct 16 2025 06:33:49,  454958 sec) GpsServices()        GPS almanac is current.
(Oct 16 2025 06:33:49,  454958 sec) GpsServices()        Initiating GPS fix acquisition.
(Oct 16 2025 06:33:57,  454966 sec) gga()                $GPGGA,063400,2740.4058,N,15800.1276,W,1,08,1.0,-16.7,M,-5.8,M,,*53
(Oct 16 2025 06:33:57,  454966 sec) GpsServices()        Profile 19 GPS fix obtained in 8 seconds.
(Oct 16 2025 06:33:57,  454966 sec) GpsServices()                   lon      lat mm/dd/yyyy hhmmss nsat
(Oct 16 2025 06:33:57,  454966 sec) GpsServices()        Fix: -158.0021  27.6734 10/16/2025 063400    8
(Oct 16 2025 06:34:07,  454976 sec) gga()                $GPGGA,063410,2740.4080,N,15800.1336,W,1,08,1.0,-11.7,M,-5.8,M,,*55
(Oct 16 2025 06:34:16,  454985 sec) gga()                $GPGGA,063420,2740.4071,N,15800.1341,W,1,08,1.0,-9.3,M,-5.8,M,,*65
(Oct 16 2025 06:34:16,  454985 sec) GpsServices()        APF11 RTC skew (-4s) OK.
(Oct 16 2025 06:34:17,  454986 sec) GpsServices()        GPS services complete.
(Oct 16 2025 06:34:51,  455020 sec) IrGeoLoc()           <x,y,z>=<-5240km,-2116km,2944km> lat=27.675 lon=-158.010 IrSysTime=0xeeeede69
(Oct 16 2025 06:34:55,  455024 sec) CLogin()             Connecting to primary host.
(Oct 16 2025 06:35:06,  455035 sec) CLogin()             Connection 3 established in 11 seconds.
(Oct 16 2025 06:35:18,  455047 sec) login()              Login successful.
(Oct 16 2025 06:35:22,  455051 sec) CLogin()             Logged in to host.  [Login required 16 seconds]
(Oct 16 2025 06:35:24,  455053 sec) RxConfig()           Downloading "mission.cfg" from host.
(Oct 16 2025 06:36:53,  455142 sec) readline()           Time-out expired, aborting ZMODEM transfer.
(Oct 16 2025 06:36:54,  455143 sec) RxConfig()           Download failed.
(Oct 16 2025 06:38:19,  455228 sec) RxConfig()           No carrier detected.
(Oct 16 2025 06:38:19,  455228 sec) DownLoadMissionCfg() Keeping previous version of "mission.cfg".
(Oct 16 2025 06:38:22,  455231 sec) CLogin()             Connecting to primary host.
(Oct 16 2025 06:38:27,  455236 sec) chat()               Expected string [OK] not received.
(Oct 16 2025 06:38:52,  455261 sec) CLogin()             Connection 4 established in 30 seconds.
(Oct 16 2025 06:38:57,  455266 sec) login()              Login successful.
(Oct 16 2025 06:39:04,  455273 sec) CLogin()             Logged in to host.  [Login required 12 seconds]
(Oct 16 2025 06:39:05,  455274 sec) RxConfig()           Downloading "mission.cfg" from host.
(Oct 16 2025 06:39:24,  455293 sec) RxConfig()           Download successful: [bytes:48, sec:16.7, bps:3]
(Oct 16 2025 06:39:28,  455297 sec) WriteVitals_()       Writing vitals to "23808.019.msg".
(Oct 16 2025 06:39:33,  455302 sec) UpLoadFile()         Uploading "23808.019.log" to host.
(Oct 16 2025 06:40:37,  455366 sec) UpLoadFile()         Upload successful: [bytes:16827, sec:64.1, bps:263]
(Oct 16 2025 06:40:38,  455367 sec) fmove()              Moved: 23808.019.log -> archive/23808.019.log
(Oct 16 2025 06:40:42,  455371 sec) UpLoadFile()         Uploading "23808.019.msg" to host.
(Oct 16 2025 06:42:57,  455506 sec) UpLoadFile()         Upload successful: [bytes:34783, sec:135.0, bps:258]
(Oct 16 2025 06:42:58,  455507 sec) fmove()              Moved: 23808.019.msg -> archive/23808.019.msg
(Oct 16 2025 06:43:01,  455510 sec) UpLoadFile()         Uploading "23808.019.isus" to host.
(Oct 16 2025 06:45:21,  455650 sec) UpLoadFile()         Upload successful: [bytes:24798, sec:139.7, bps:178]
(Oct 16 2025 06:45:22,  455651 sec) fmove()              Moved: 23808.019.isus -> archive/23808.019.isus
(Oct 16 2025 06:45:26,  455655 sec) UpLoadFile()         Uploading "23808.019.dura" to host.
(Oct 16 2025 06:46:44,  455733 sec) UpLoadFile()         Upload successful: [bytes:12210, sec:77.8, bps:157]
(Oct 16 2025 06:46:45,  455734 sec) fmove()              Moved: 23808.019.dura -> archive/23808.019.dura
(Oct 16 2025 06:46:46,  455735 sec) UpLoad()             Files successfully uploaded: 4
(Oct 16 2025 06:46:46,  455735 sec) UpLoad()             Upload complete.
(Oct 16 2025 06:46:51,  455740 sec) logout()             Log-out successful.
(Oct 16 2025 06:46:52,  455741 sec) Telemetry()          Telemetry cycle complete: PrfId=19 ConnectionAttempts=4  Connections=4
(Oct 16 2025 06:46:52,  455741 sec) TelemetryTerminate() Parsing new mission configuration.
(Oct 16 2025 06:46:53,  455742 sec) configure()          Parsing configurators in "mission.cfg".
(Oct 16 2025 06:46:53,  455742 sec) configure()             TelemetryRetry(15)      [0x7BBC] [TelemetryRetry(15)].
(Oct 16 2025 06:46:54,  455743 sec) configure()             DownTime(7200) [CRC=0xBC7F] [DownTime(7200)].
(Oct 16 2025 06:46:54,  455743 sec) configure()          Configuration CRCs and syntax OK.
(Oct 16 2025 06:46:54,  455743 sec) ConfigSupervisor()   Configuration accepted.
(Oct 16 2025 06:46:54,  455743 sec) TelemetryTerminate() Reconditioning the file system.
(Oct 16 2025 06:46:57,       0 sec) DescentInit()        Deep profile 20 initiated at mission-time 455746sec.
(Oct 16 2025 06:46:58,       1 sec) DescentInit()        Surface pressure: -0.0dbars.
(Oct 16 2025 06:46:58,       1 sec) DescentInit()        Charge consumption model: OCV:15.0V Wake-Cycles:28340 Standby:23.5days Wake:20.3kC Sleep:2.2kC
(Oct 16 2025 06:47:10,      13 sec) DescentInit()        Pneumatic humidity: 2888(60.2%) -> 2890(60.2%)
(Oct 16 2025 06:47:10,      13 sec) PistonMoveAbsWTO()    198->053 197 196 195 194 193 192 191 190 189 188 187 186 185 184 183 182 181 180 179 178 177 176 175 174 173 172 171 170 169 168 167 166 165 164 163 162 161 160 159 158 157 156 155 154 153 152 151 150 149 148 147 146 145 144 143 142 141 140 139 138 137 136 135 134 133 132 131 130 129 128 127 126 125 124 123 122 121 120 119 118 117 116 115 114 113 112 111 110 109 108 107 106 105 104 103 102 101 100 099 098 097 096 095 094 093 092 091 090 089 088 087 086 085 084 083 082 081 080 079 078 077 076 075 074 073 072 071 070 069 068 067 066 065 064 063 062 061 060 059 058 057 056 055 054 053 [705sec, 15.0Volts, 0.134Amps, CPT:705sec]
(Oct 16 2025 06:59:00,     723 sec) DescentInit()        Air solenoid open: Barometer [209cnt,  12.2psi]  Pneumometer [107cnt,  12.5psi]
(Oct 16 2025 06:59:10,     733 sec) Descent()            Pressure: 75.5
(Oct 16 2025 07:46:57,    3600 sec) Descent()            Pressure: 504.2
(Oct 16 2025 08:46:57,    7200 sec) Descent()            Pressure: 850.1
(Oct 16 2025 09:46:57,   10800 sec) Descent()            Pressure: 984.8
(Oct 16 2025 10:46:57,   14400 sec) Descent()            Pressure: 994.8
(Oct 16 2025 10:46:58,   14401 sec) ParkInit()           Charge consumption model: OCV:15.4V Wake-Cycles:28345 Standby:23.7days Wake:20.5kC Sensors:2.2kC
(Oct 21 2025 02:47:29,  417632 sec) CtdPower()           [  997.61,  3.8257, 34.4109]
(Oct 21 2025 02:47:29,  417632 sec) CtdPower()           CTD Power consumption [217VCnt 3ACnt]: 15.249Volts * 0.012Amps = 0.18Watts.
(Oct 21 2025 02:47:35,  417638 sec) ParkTerminate()      Piston Position:53 Vacuum:190 HumidityAd12:4094(inf%) Vq:219 Aq:2 Vsbe:217 Asbe:3 Vflbb:211 Aflbb:11 Vopt:211 Aopt:13 Vocr:212 Aocr:7 MuxTemp:3.854C MuxHumidity:6.9%
(Oct 21 2025 02:48:05,  417668 sec) ParkTerminate()      PTS/O2,T2,TPhase,RawTemp: 997.6dbars 3.8257C 34.4112PSU / 37.1uM 3.818C 57.012 8.022 663.040
(Oct 21 2025 02:48:05,  417668 sec) ParkTerminate()      FLBB FSig, BbSig, TSig: 54, 112, 572 / Ocr: nan nan nan nan
(Oct 21 2025 02:48:06,  417669 sec) GoDeepInit()         Charge consumption model: OCV:15.3V Wake-Cycles:28457 Standby:28.4days Wake:20.7kC Sensors:2.2kC
(Oct 21 2025 02:48:06,  417669 sec) GoDeepInit()         Moving piston.
(Oct 21 2025 02:48:06,  417669 sec) PistonMoveAbsWTO()    053->009 052 051 050 049 048 047 046 045 044 043 042 041 040 039 038 037 036 035 034 033 032 031 030 029 028 027 026 025 024 023 022 021 020 019 018 017 016 015 014 013 012 011 010 009 [216sec, 15.0Volts, 0.057Amps, CPT:921sec]
(Oct 21 2025 06:46:57,  432000 sec) ProfileInit()        Charge consumption model: OCV:15.4V Wake-Cycles:28505 Standby:28.5days Wake:20.7kC Sensors:2.2kC
(Oct 21 2025 06:46:57,  432000 sec) ProfileInit()        PrfId:020  Pressure:1642.0dbar  pTable[4]:1600dbar
(Oct 21 2025 06:46:59,  432002 sec) ProfileInit()        Muxer PPIs K{1,2} quiescent: 15.27V, 0.0mA, 0.0mW
(Oct 21 2025 06:47:03,  432006 sec) ProfileInit()        ISUS powered up.
(Oct 21 2025 06:47:06,  432009 sec) ProfileInit()        Muxer PPIs K{1,2} w/ ISUS awake: 14.94V, 57.1mA, 853.3mW
(Oct 21 2025 06:47:13,  432016 sec) MscErrorLog_()       No error records to log.
(Oct 21 2025 06:47:19,  432022 sec) ProfileInit()        DURA powered up.
(Oct 21 2025 06:47:23,  432026 sec) ProfileInit()        Muxer PPIs K{1,2} w/ DURA awake: 15.02V, 47.1mA, 707.3mW
(Oct 21 2025 06:47:29,  432032 sec) MscErrorLog_()       No error records to log.
(Oct 21 2025 06:47:34,  432037 sec) PistonMoveAbsWTO()    009->031 010 011 012 013 014 015 [30sec, 14.5Volts, 0.553Amps, CPT:951sec]
(Oct 21 2025 06:48:15,  432078 sec) PistonMoveAbsWTO()    015->031 016 017 018 019 020 [30sec, 14.3Volts, 0.547Amps, CPT:981sec]
(Oct 21 2025 06:48:56,  432119 sec) PistonMoveAbsWTO()    020->031 021 022 023 024 025 [30sec, 14.1Volts, 0.546Amps, CPT:1011sec]
(Oct 21 2025 06:49:37,  432160 sec) PistonMoveAbsWTO()    025->031 026 027 028 029 030 [30sec, 14.1Volts, 0.541Amps, CPT:1041sec]
(Oct 21 2025 06:50:18,  432201 sec) PistonMoveAbsWTO()    030->031 031 [1sec, 14.2Volts, 0.549Amps, CPT:1042sec]
(Oct 21 2025 06:56:36,  432579 sec) Profile()            Sample 0 initiated at 1601.6dbars for bin 4 [1600dbars].  PTS/O2,T2,TPhase,RPhase,RawTemp/NO3/pH/FSig,BbSig,TSig/Ocr: 1599.6dbars 2.6368C 34.5645PSU / 76.8uM 2.631C 52.928 8.037 699.074 / 41.2uM / -0.884705V /   54  112  574 / nan nan nan nan
(Oct 21 2025 07:04:53,  433076 sec) PistonMoveAbsWTO()    030->031 031 [1sec, 14.6Volts, 0.562Amps, CPT:1043sec]
(Oct 21 2025 07:15:47,  433730 sec) Profile()            Sample 1 initiated at 1502.0dbars for bin 5 [1500dbars].  PTS/O2,T2,TPhase,RPhase,RawTemp/NO3/pH/FSig,BbSig,TSig/Ocr: 1500.3dbars 2.8373C 34.5474PSU / 71.5uM 2.831C 53.382 8.051 693.046 / 41.5uM / -0.884750V /   54  113  573 / nan nan nan nan
(Oct 21 2025 07:17:28,  433831 sec) AscentControlAgent() Bouyancy nudge to 41 (v=0.079dbar/sec).
(Oct 21 2025 07:17:28,  433831 sec) PistonMoveAbsWTO()    031->041 032 033 034 035 036 [30sec, 14.5Volts, 0.522Amps, CPT:1073sec]
(Oct 21 2025 07:18:09,  433872 sec) PistonMoveAbsWTO()    036->041 037 038 039 040 041 [25sec, 14.3Volts, 0.518Amps, CPT:1098sec]
(Oct 21 2025 07:33:18,  434781 sec) Profile()            Sample 2 initiated at 1401.9dbars for bin 6 [1400dbars].  PTS/O2,T2,TPhase,RPhase,RawTemp/NO3/pH/FSig,BbSig,TSig/Ocr: 1400.1dbars 3.0073C 34.5328PSU / 66.4uM 3.001C 53.853 8.054 687.899 / 41.8uM / -0.884627V /   54  113  573 / nan nan nan nan
(Oct 21 2025 07:43:38,  435401 sec) AscentControlAgent() Bouyancy nudge to 51 (v=0.078dbar/sec).
(Oct 21 2025 07:43:38,  435401 sec) PistonMoveAbsWTO()    041->051 042 043 044 045 046 [30sec, 14.5Volts, 0.475Amps, CPT:1128sec]
(Oct 21 2025 07:44:19,  435442 sec) PistonMoveAbsWTO()    046->051 047 048 049 050 051 [25sec, 14.4Volts, 0.472Amps, CPT:1153sec]
(Oct 21 2025 07:52:18,  435921 sec) Profile()            Sample 3 initiated at 1301.3dbars for bin 7 [1300dbars].  PTS/O2,T2,TPhase,RPhase,RawTemp/NO3/pH/FSig,BbSig,TSig/Ocr: 1299.3dbars 3.1963C 34.5118PSU / 59.7uM 3.191C 54.513 8.058 682.146 / 42.1uM / -0.884637V /   55  115  573 / nan nan nan nan
(Oct 21 2025 08:11:07,  437050 sec) Profile()            Sample 4 initiated at 1201.2dbars for bin 8 [1200dbars].  PTS/O2,T2,TPhase,RPhase,RawTemp/NO3/pH/FSig,BbSig,TSig/Ocr: 1199.5dbars 3.4534C 34.4861PSU / 54.7uM 3.446C 55.000 8.060 674.390 / 42.2uM / -0.884498V /   55  122  572 / nan nan nan nan
(Oct 21 2025 08:14:16,  437239 sec) AscentControlAgent() Bouyancy nudge to 61 (v=0.080dbar/sec).
(Oct 21 2025 08:14:16,  437239 sec) PistonMoveAbsWTO()    051->061 052 053 054 055 056 [30sec, 14.6Volts, 0.446Amps, CPT:1183sec]
(Oct 21 2025 08:14:57,  437280 sec) PistonMoveAbsWTO()    056->061 057 058 059 060 061 [24sec, 14.4Volts, 0.441Amps, CPT:1207sec]
(Oct 21 2025 08:28:37,  438100 sec) Profile()            Sample 5 initiated at 1101.0dbars for bin 9 [1100dbars].  PTS/O2,T2,TPhase,RPhase,RawTemp/NO3/pH/FSig,BbSig,TSig/Ocr: 1099.0dbars 3.6607C 34.4488PSU / 45.8uM 3.653C 55.979 8.065 668.094 / 42.7uM / -0.884804V /   54  115  572 / nan nan nan nan
(Oct 21 2025 08:45:01,  439084 sec) AscentControlAgent() Bouyancy nudge to 71 (v=0.075dbar/sec).
(Oct 21 2025 08:45:01,  439084 sec) PistonMoveAbsWTO()    061->071 062 063 064 065 066 [30sec, 14.7Volts, 0.399Amps, CPT:1237sec]
(Oct 21 2025 08:45:42,  439125 sec) PistonMoveAbsWTO()    066->071 067 068 069 070 071 [23sec, 14.5Volts, 0.396Amps, CPT:1260sec]
(Oct 21 2025 08:48:09,  439272 sec) Profile()            Sample 6 initiated at 1001.3dbars for bin 10 [1000dbars].  PTS/O2,T2,TPhase,RPhase,RawTemp/NO3/pH/FSig,BbSig,TSig/Ocr: 999.3dbars 3.8331C 34.3985PSU / 35.2uM 3.826C 57.257 8.069 662.819 / 43.2uM / -0.884705V /   55  115  572 / nan nan nan nan
(Oct 21 2025 08:51:31,  439474 sec) Sbe41cpStartCP()     Continuous profile started.
(Oct 21 2025 08:57:16,  439819 sec) Profile()            Sample 7 initiated at 951.7dbars for bin 11 [950dbars].  PTS/O2,T2,TPhase,RPhase,RawTemp/NO3/pH/FSig,BbSig,TSig/Ocr: 951.6dbars 3.9591C 34.3670PSU / 31.9uM 3.951C 57.655 8.072 658.982 / 43.3uM / -0.884739V /   55  113  572 / nan nan nan nan
(Oct 21 2025 09:00:02,  439985 sec) AscentControlAgent() Bouyancy nudge to 81 (v=0.077dbar/sec).
(Oct 21 2025 09:00:03,  439986 sec) PistonMoveAbsWTO()    071->081 072 073 074 075 076 [30sec, 14.5Volts, 0.384Amps, CPT:1290sec]
(Oct 21 2025 09:00:44,  440027 sec) PistonMoveAbsWTO()    076->081 077 078 079 080 081 [24sec, 14.4Volts, 0.381Amps, CPT:1314sec]
(Oct 21 2025 09:07:03,  440406 sec) Profile()            Sample 8 initiated at 901.1dbars for bin 12 [900dbars].  PTS/O2,T2,TPhase,RPhase,RawTemp/NO3/pH/FSig,BbSig,TSig/Ocr: 901.0dbars 4.1217C 34.3186PSU / 26.2uM 4.113C 58.390 8.074 654.047 / 43.4uM / -0.884849V /   55  114  571 / nan nan nan nan
(Oct 21 2025 09:16:16,  440959 sec) Profile()            Sample 9 initiated at 851.3dbars for bin 13 [850dbars].  PTS/O2,T2,TPhase,RPhase,RawTemp/NO3/pH/FSig,BbSig,TSig/Ocr: 851.2dbars 4.3032C 34.2708PSU / 29.0uM 4.295C 57.958 8.080 648.456 / 42.9uM / -0.884442V /   55  115  571 / nan nan nan nan
(Oct 21 2025 09:26:13,  441556 sec) Profile()            Sample 10 initiated at 801.4dbars for bin 14 [800dbars].  PTS/O2,T2,TPhase,RPhase,RawTemp/NO3/pH/FSig,BbSig,TSig/Ocr: 801.3dbars 4.5071C 34.2196PSU / 33.0uM 4.497C 57.381 8.084 642.240 / 42.3uM / -0.883684V /   55  114  571 / nan nan nan nan
(Oct 21 2025 09:26:14,  441557 sec) AscentControlAgent() Bouyancy nudge to 91 (v=0.079dbar/sec).
(Oct 21 2025 09:26:14,  441557 sec) PistonMoveAbsWTO()    081->091 082 083 084 085 086 [30sec, 14.5Volts, 0.356Amps, CPT:1344sec]
(Oct 21 2025 09:26:55,  441598 sec) PistonMoveAbsWTO()    086->091 087 088 089 090 091 [23sec, 14.4Volts, 0.347Amps, CPT:1367sec]
(Oct 21 2025 09:35:25,  442108 sec) Profile()            Sample 11 initiated at 751.2dbars for bin 15 [750dbars].  PTS/O2,T2,TPhase,RPhase,RawTemp/NO3/pH/FSig,BbSig,TSig/Ocr: 751.1dbars 4.7515C 34.1581PSU / 39.5uM 4.742C 56.456 8.092 634.720 / 41.7uM / -0.883035V /   54  117  570 / nan nan nan nan
(Oct 21 2025 09:41:28,  442471 sec) AscentControlAgent() Bouyancy nudge to 101 (v=0.078dbar/sec).
(Oct 21 2025 09:41:28,  442471 sec) PistonMoveAbsWTO()    091->101 092 093 094 095 096 [30sec, 14.5Volts, 0.336Amps, CPT:1397sec]
(Oct 21 2025 09:42:09,  442512 sec) PistonMoveAbsWTO()    096->101 097 098 099 100 101 [22sec, 14.4Volts, 0.338Amps, CPT:1419sec]
(Oct 21 2025 09:45:09,  442692 sec) Profile()            Sample 12 initiated at 701.2dbars for bin 16 [700dbars].  PTS/O2,T2,TPhase,RPhase,RawTemp/NO3/pH/FSig,BbSig,TSig/Ocr: 701.1dbars 5.1075C 34.0989PSU / 54.9uM 5.097C 54.436 8.100 623.745 / 39.9uM / -0.881014V /   54  117  570 / nan nan nan nan
(Oct 21 2025 09:53:05,  443168 sec) Profile()            Sample 13 initiated at 652.0dbars for bin 17 [650dbars].  PTS/O2,T2,TPhase,RPhase,RawTemp/NO3/pH/FSig,BbSig,TSig/Ocr: 651.9dbars 5.4989C 34.0474PSU / 79.9uM 5.489C 51.495 8.112 611.589 / 37.7uM / -0.878181V /   55  117  570 / nan nan nan nan
(Oct 21 2025 10:02:40,  443743 sec) Profile()            Sample 14 initiated at 601.5dbars for bin 18 [600dbars].  PTS/O2,T2,TPhase,RPhase,RawTemp/NO3/pH/FSig,BbSig,TSig/Ocr: 601.4dbars 5.8058C 34.0213PSU / 97.6uM 5.797C 49.585 8.121 602.025 / 36.0uM / -0.875882V /   53  118  569 / nan nan nan nan
(Oct 21 2025 10:06:53,  443996 sec) AscentControlAgent() Bouyancy nudge to 111 (v=0.072dbar/sec).
(Oct 21 2025 10:06:53,  443996 sec) PistonMoveAbsWTO()    101->111 102 103 104 105 106 [30sec, 14.6Volts, 0.299Amps, CPT:1449sec]
(Oct 21 2025 10:07:34,  444037 sec) PistonMoveAbsWTO()    106->111 107 108 109 110 111 [22sec, 14.5Volts, 0.301Amps, CPT:1471sec]
(Oct 21 2025 10:12:35,  444338 sec) Profile()            Sample 15 initiated at 551.3dbars for bin 19 [550dbars].  PTS/O2,T2,TPhase,RPhase,RawTemp/NO3/pH/FSig,BbSig,TSig/Ocr: 551.2dbars 6.8694C 33.9972PSU / 143.2uM 6.862C 45.139 8.154 568.714 / 30.3uM / -0.869479V /   52  120  568 / nan nan nan nan
(Oct 21 2025 10:22:28,  444931 sec) Profile()            Sample 16 initiated at 501.2dbars for bin 20 [500dbars].  PTS/O2,T2,TPhase,RPhase,RawTemp/NO3/pH/FSig,BbSig,TSig/Ocr: 501.1dbars 7.7393C 34.0065PSU / 176.8uM 7.726C 42.281 8.183 541.452 / 26.2uM / -0.864636V /   51  119  567 / nan nan nan nan
(Oct 21 2025 10:22:40,  444943 sec) AscentControlAgent() Bouyancy nudge to 121 (v=0.078dbar/sec).
(Oct 21 2025 10:22:40,  444943 sec) PistonMoveAbsWTO()    111->121 112 113 114 115 116 [30sec, 14.6Volts, 0.286Amps, CPT:1501sec]
(Oct 21 2025 10:23:21,  444984 sec) PistonMoveAbsWTO()    116->121 117 118 119 120 121 [23sec, 14.5Volts, 0.277Amps, CPT:1524sec]
(Oct 21 2025 10:31:02,  445445 sec) Profile()            Sample 17 initiated at 451.4dbars for bin 21 [450dbars].  PTS/O2,T2,TPhase,RPhase,RawTemp/NO3/pH/FSig,BbSig,TSig/Ocr: 451.2dbars 8.8296C 34.0411PSU / 214.0uM 8.824C 39.405 8.212 506.548 / 21.2uM / -0.859263V /   51  118  565 / 0x80067f9b 0x800047d2 0x80085649 0x7fffc9b6
(Oct 21 2025 10:40:11,  445994 sec) Profile()            Sample 18 initiated at 401.7dbars for bin 22 [400dbars].  PTS/O2,T2,TPhase,RPhase,RawTemp/NO3/pH/FSig,BbSig,TSig/Ocr: 401.6dbars 9.9514C 34.1022PSU / 234.3uM 9.949C 37.704 8.239 470.490 / 17.5uM / -0.855462V /   51  121  563 / 0x8006731b 0x800030f6 0x80085a1b 0x7fffc864
(Oct 21 2025 10:44:10,  446233 sec) Profile()            Sample 19 initiated at 381.8dbars for bin 23 [380dbars].  PTS/O2,T2,TPhase,RPhase,RawTemp/NO3/pH/FSig,BbSig,TSig/Ocr: 381.7dbars 10.4732C 34.1270PSU / 239.2uM 10.467C 37.184 8.251 453.802 / 15.9uM / -0.853967V /   50  116  563 / 0x80067b6d 0x80001c5b 0x80084e09 0x7fffd080
(Oct 21 2025 10:48:52,  446515 sec) Profile()            Sample 20 initiated at 361.8dbars for bin 24 [360dbars].  PTS/O2,T2,TPhase,RPhase,RawTemp/NO3/pH/FSig,BbSig,TSig/Ocr: 361.8dbars 11.0950C 34.1656PSU / 242.9uM 11.095C 36.675 8.269 433.503 / 14.5uM / -0.852460V /   50  117  562 / 0x80065ac0 0x80003600 0x8008575b 0x7fffb324
(Oct 21 2025 10:48:53,  446516 sec) AscentControlAgent() Bouyancy nudge to 131 (v=0.070dbar/sec).
(Oct 21 2025 10:48:53,  446516 sec) PistonMoveAbsWTO()    121->131 122 123 124 125 126 [30sec, 14.6Volts, 0.245Amps, CPT:1554sec]
(Oct 21 2025 10:49:34,  446557 sec) PistonMoveAbsWTO()    126->131 127 128 129 130 131 [22sec, 14.6Volts, 0.250Amps, CPT:1576sec]
(Oct 21 2025 10:51:10,  446653 sec) Profile()            Sample 21 initiated at 351.7dbars for bin 25 [350dbars].  PTS/O2,T2,TPhase,RPhase,RawTemp/NO3/pH/FSig,BbSig,TSig/Ocr: 351.6dbars 11.4123C 34.1829PSU / 244.4uM 11.422C 36.430 8.282 422.896 / 13.6uM / -0.851651V /   50  117  561 / 0x80066224 0x800018d2 0x80084392 0x7fffb892
(Oct 21 2025 10:52:56,  446759 sec) Profile()            Sample 22 initiated at 341.5dbars for bin 26 [340dbars].  PTS/O2,T2,TPhase,RPhase,RawTemp/NO3/pH/FSig,BbSig,TSig/Ocr: 341.4dbars 11.5520C 34.1919PSU / 244.1uM 11.554C 36.380 8.288 418.616 / 13.4uM / -0.851443V /   51  115  561 / 0x80065612 0x80001c40 0x80083ab6 0x7fffa876
(Oct 21 2025 10:54:42,  446865 sec) Profile()            Sample 23 initiated at 331.2dbars for bin 27 [330dbars].  PTS/O2,T2,TPhase,RPhase,RawTemp/NO3/pH/FSig,BbSig,TSig/Ocr: 331.1dbars 11.8475C 34.2118PSU / 245.2uM 11.842C 36.180 8.297 409.228 / 12.8uM / -0.850731V /   51  118  560 / 0x800678c9 0x800024ad 0x80084cc9 0x7fffacb6
(Oct 21 2025 10:56:18,  446961 sec) Profile()            Sample 24 initiated at 321.8dbars for bin 28 [320dbars].  PTS/O2,T2,TPhase,RPhase,RawTemp/NO3/pH/FSig,BbSig,TSig/Ocr: 321.7dbars 11.9715C 34.2205PSU / 246.1uM 11.969C 36.071 8.301 405.124 / 12.5uM / -0.850380V /   50  117  560 / 0x80066b80 0x80001f00 0x800852a4 0x7fff9e12
(Oct 21 2025 10:58:04,  447067 sec) Profile()            Sample 25 initiated at 311.7dbars for bin 29 [310dbars].  PTS/O2,T2,TPhase,RPhase,RawTemp/NO3/pH/FSig,BbSig,TSig/Ocr: 311.6dbars 12.2665C 34.2628PSU / 245.7uM 12.288C 35.927 8.305 394.725 / 11.8uM / -0.849695V /   51  117  560 / 0x800670ed 0x800003c9 0x800837e4 0x7fffb65b
(Oct 21 2025 11:00:01,  447184 sec) Profile()            Sample 26 initiated at 301.5dbars for bin 30 [300dbars].  PTS/O2,T2,TPhase,RPhase,RawTemp/NO3/pH/FSig,BbSig,TSig/Ocr: 301.4dbars 12.6794C 34.2738PSU / 246.0uM 12.681C 35.716 8.311 381.897 / 11.0uM / -0.848897V /   50  117  559 / 0x8006665b 0x80000940 0x8008476d 0x7fff9e76
(Oct 21 2025 11:02:10,  447313 sec) Profile()            Sample 27 initiated at 291.2dbars for bin 31 [290dbars].  PTS/O2,T2,TPhase,RPhase,RawTemp/NO3/pH/FSig,BbSig,TSig/Ocr: 291.1dbars 12.9060C 34.2862PSU / 246.7uM 12.902C 35.573 8.318 374.682 / 10.4uM / -0.848444V /   50  118  559 / 0x80067fed 0x7ffffe09 0x8008445b 0x7fffa709
(Oct 21 2025 11:04:07,  447430 sec) Profile()            Sample 28 initiated at 281.9dbars for bin 32 [280dbars].  PTS/O2,T2,TPhase,RPhase,RawTemp/NO3/pH/FSig,BbSig,TSig/Ocr: 281.8dbars 13.1868C 34.3072PSU / 247.3uM 13.179C 35.407 8.322 365.634 / 9.8uM / -0.847918V /   50  119  559 / 0x8006696d 0x7ffff91b 0x80084e2d 0x7fffa0c9
(Oct 21 2025 11:05:03,  447486 sec) AscentControlAgent() Bouyancy nudge to 141 (v=0.080dbar/sec).
(Oct 21 2025 11:05:03,  447486 sec) PistonMoveAbsWTO()    131->141 132 133 134 135 136 [30sec, 14.7Volts, 0.231Amps, CPT:1606sec]
(Oct 21 2025 11:06:24,  447567 sec) Profile()            Sample 29 initiated at 270.8dbars for bin 33 [270dbars].  PTS/O2,T2,TPhase,RPhase,RawTemp/NO3/pH/FSig,BbSig,TSig/Ocr: 270.7dbars 13.4708C 34.3344PSU / 248.7uM 13.474C 35.192 8.327 355.964 / 9.3uM / -0.847168V /   50  121  558 / 0x80064e00 0x7fffff2d 0x80082ee4 0x7fff9f12
(Oct 21 2025 11:06:24,  447567 sec) PistonMoveAbsWTO()    136->141 137 138 139 140 141 [22sec, 14.6Volts, 0.225Amps, CPT:1628sec]
(Oct 21 2025 11:07:59,  447662 sec) Profile()            Sample 30 initiated at 261.3dbars for bin 34 [260dbars].  PTS/O2,T2,TPhase,RPhase,RawTemp/NO3/pH/FSig,BbSig,TSig/Ocr: 261.2dbars 13.7897C 34.3607PSU / 247.5uM 13.800C 35.089 8.334 345.277 / 9.1uM / -0.846756V /   50  119  558 / 0x80065509 0x7fffe7db 0x80083424 0x7fff93c9
(Oct 21 2025 11:09:34,  447757 sec) Profile()            Sample 31 initiated at 251.1dbars for bin 35 [250dbars].  PTS/O2,T2,TPhase,RPhase,RawTemp/NO3/pH/FSig,BbSig,TSig/Ocr: 251.0dbars 14.1261C 34.3902PSU / 245.2uM 14.128C 35.043 8.340 334.540 / 8.7uM / -0.846293V /   50  118  557 / 0x80066349 0x7fffe764 0x80083264 0x7fff85c9
(Oct 21 2025 11:11:10,  447853 sec) Profile()            Sample 32 initiated at 241.0dbars for bin 36 [240dbars].  PTS/O2,T2,TPhase,RPhase,RawTemp/NO3/pH/FSig,BbSig,TSig/Ocr: 240.9dbars 14.3129C 34.4056PSU / 244.3uM 14.308C 34.999 8.344 328.615 / 8.3uM / -0.845848V /   50  121  557 / 0x80065a36 0x7ffffd64 0x80083140 0x7fff91e4
(Oct 21 2025 11:12:45,  447948 sec) Profile()            Sample 33 initiated at 231.2dbars for bin 37 [230dbars].  PTS/O2,T2,TPhase,RPhase,RawTemp/NO3/pH/FSig,BbSig,TSig/Ocr: 231.1dbars 14.4820C 34.4222PSU / 244.3uM 14.483C 34.916 8.349 322.882 / 8.0uM / -0.845562V /   51  119  556 / 0x80064f00 0x7fffd964 0x80082fe4 0x7fff8192
(Oct 21 2025 11:14:20,  448043 sec) Profile()            Sample 34 initiated at 221.6dbars for bin 38 [220dbars].  PTS/O2,T2,TPhase,RPhase,RawTemp/NO3/pH/FSig,BbSig,TSig/Ocr: 221.5dbars 14.7124C 34.4387PSU / 244.5uM 14.705C 34.797 8.352 315.574 / 7.5uM / -0.844993V /   50  116  556 / 0x80065ddb 0x7ffff309 0x8008291b 0x7fff8fed
(Oct 21 2025 11:16:07,  448150 sec) Profile()            Sample 35 initiated at 211.4dbars for bin 39 [210dbars].  PTS/O2,T2,TPhase,RPhase,RawTemp/NO3/pH/FSig,BbSig,TSig/Ocr: 211.3dbars 15.0346C 34.4553PSU / 244.9uM 15.028C 34.624 8.356 304.966 / 6.7uM / -0.844488V /   51  124  556 / 0x80066040 0x7fffda09 0x8008269b 0x7fff8952
(Oct 21 2025 11:18:04,  448267 sec) Profile()            Sample 36 initiated at 201.7dbars for bin 40 [200dbars].  PTS/O2,T2,TPhase,RPhase,RawTemp/NO3/pH/FSig,BbSig,TSig/Ocr: 201.6dbars 15.5424C 34.5013PSU / 244.4uM 15.533C 34.405 8.362 288.345 / 6.2uM / -0.843668V /   51  120  555 / 0x80065d2d 0x7fffbea4 0x80081bb6 0x7fff73ad
(Oct 21 2025 11:20:23,  448406 sec) Profile()            Sample 37 initiated at 191.5dbars for bin 41 [190dbars].  PTS/O2,T2,TPhase,RPhase,RawTemp/NO3/pH/FSig,BbSig,TSig/Ocr: 191.4dbars 15.8275C 34.5021PSU / 245.2uM 15.825C 34.225 8.369 278.717 / 5.5uM / -0.843051V /   51  119  555 / 0x80062ec0 0x7fffc5f6 0x80080d89 0x7fff7cc0
(Oct 21 2025 11:23:27,  448590 sec) Profile()            Sample 38 initiated at 181.5dbars for bin 42 [180dbars].  PTS/O2,T2,TPhase,RPhase,RawTemp/NO3/pH/FSig,BbSig,TSig/Ocr: 181.5dbars 17.2919C 34.6665PSU / 248.5uM 17.243C 33.407 8.395 231.965 / 2.5uM / -0.840414V /   57  120  554 / 0x80063380 0x7fffb0e4 0x800813ed 0x7fff705b
(Oct 21 2025 11:26:52,  448795 sec) Profile()            Sample 39 initiated at 171.5dbars for bin 43 [170dbars].  PTS/O2,T2,TPhase,RPhase,RawTemp/NO3/pH/FSig,BbSig,TSig/Ocr: 171.4dbars 17.7337C 34.7560PSU / 247.3uM 17.734C 33.241 8.409 215.771 / 3.7uM / -0.840544V /   61  123  552 / 0x80063da4 0x7fffa836 0x8008189b 0x7fff6e12
(Oct 21 2025 11:29:23,  448946 sec) Profile()            Sample 40 initiated at 162.0dbars for bin 44 [160dbars].  PTS/O2,T2,TPhase,RPhase,RawTemp/NO3/pH/FSig,BbSig,TSig/Ocr: 161.9dbars 17.9228C 34.7729PSU / 242.0uM 17.919C 33.411 8.413 209.670 / 3.2uM / -0.840171V /   64  124  551 / 0x8006231b 0x7fffa012 0x8007fe52 0x7fff5e2d
(Oct 21 2025 11:32:05,  449108 sec) Profile()            Sample 41 initiated at 151.4dbars for bin 45 [150dbars].  PTS/O2,T2,TPhase,RPhase,RawTemp/NO3/pH/FSig,BbSig,TSig/Ocr: 151.4dbars 18.4806C 34.8434PSU / 244.0uM 18.466C 33.067 8.415 191.630 / 2.9uM / -0.839418V /   70  127  551 / 0x80062792 0x7fffa824 0x80080180 0x7fff5ff6
(Oct 21 2025 11:35:34,  449317 sec) AscentControlAgent() Bouyancy nudge to 151 (v=0.039dbar/sec).
(Oct 21 2025 11:35:35,  449318 sec) PistonMoveAbsWTO()    141->151 142 143 144 145 146 147 [30sec, 14.8Volts, 0.205Amps, CPT:1658sec]
(Oct 21 2025 11:36:57,  449400 sec) Profile()            Sample 42 initiated at 141.0dbars for bin 46 [140dbars].  PTS/O2,T2,TPhase,RPhase,RawTemp/NO3/pH/FSig,BbSig,TSig/Ocr: 141.0dbars 19.0828C 34.9090PSU / 244.3uM 19.083C 32.775 8.432 171.293 / 2.2uM / -0.838596V /   73  129  549 / 0x80062f64 0x7fff8d92 0x8007f2c0 0x7fff6049
(Oct 21 2025 11:36:57,  449400 sec) PistonMoveAbsWTO()    147->151 148 149 150 151 [20sec, 14.7Volts, 0.193Amps, CPT:1678sec]
(Oct 21 2025 11:39:14,  449537 sec) Profile()            Sample 43 initiated at 131.3dbars for bin 47 [130dbars].  PTS/O2,T2,TPhase,RPhase,RawTemp/NO3/pH/FSig,BbSig,TSig/Ocr: 131.2dbars 19.5466C 34.9664PSU / 245.0uM 19.540C 32.542 8.434 156.264 / 2.0uM / -0.837839V /   77  134  549 / 0x80060a1b 0x7fff8e52 0x8007e9db 0x7fff4b89
(Oct 21 2025 11:41:10,  449653 sec) Profile()            Sample 44 initiated at 121.4dbars for bin 48 [120dbars].  PTS/O2,T2,TPhase,RPhase,RawTemp/NO3/pH/FSig,BbSig,TSig/Ocr: 121.3dbars 19.8229C 35.0029PSU / 245.8uM 19.842C 32.370 8.439 146.315 / 1.8uM / -0.837051V /   78  135  548 / 0x800615c0 0x7fff7c9b 0x8007ea40 0x7fff4736
(Oct 21 2025 11:43:08,  449771 sec) Profile()            Sample 45 initiated at 111.8dbars for bin 49 [110dbars].  PTS/O2,T2,TPhase,RPhase,RawTemp/NO3/pH/FSig,BbSig,TSig/Ocr: 111.8dbars 20.2167C 35.0625PSU / 249.6uM 20.238C 32.019 8.446 133.298 / 1.5uM / -0.836109V /   86  133  548 / 0x80061a36 0x7fff7012 0x8007f3d2 0x7fff4040
(Oct 21 2025 11:45:27,  449910 sec) Profile()            Sample 46 initiated at 101.4dbars for bin 50 [100dbars].  PTS/O2,T2,TPhase,RPhase,RawTemp/NO3/pH/FSig,BbSig,TSig/Ocr: 101.4dbars 20.7515C 35.1122PSU / 255.7uM 20.740C 31.526 8.454 116.790 / 1.3uM / -0.835322V /  106  133  547 / 0x8006195b 0x7fff8cd2 0x8007e152 0x7fff3fd2
(Oct 21 2025 11:46:40,  449983 sec) Profile()            Sample 47 initiated at 96.6dbars for bin 51 [95dbars].  PTS/O2,T2,TPhase,RPhase,RawTemp/NO3/pH/FSig,BbSig,TSig/Ocr: 96.5dbars 21.0188C 35.1485PSU / 256.6uM 21.001C 31.373 8.455 108.238 / 1.3uM / -0.834806V /  105  134  547 / 0x80060f00 0x7fff7f40 0x8007e476 0x7fff3b1b
(Oct 21 2025 11:48:05,  450068 sec) Profile()            Sample 48 initiated at 91.8dbars for bin 52 [90dbars].  PTS/O2,T2,TPhase,RPhase,RawTemp/NO3/pH/FSig,BbSig,TSig/Ocr: 91.7dbars 21.6410C 35.2317PSU / 259.3uM 21.602C 31.004 8.461 88.562 / 1.6uM / -0.833831V /  102  136  546 / 0x800616a4 0x7fff8480 0x8007e440 0x7fff3409
(Oct 21 2025 11:50:24,  450207 sec) Profile()            Sample 49 initiated at 86.9dbars for bin 53 [85dbars].  PTS/O2,T2,TPhase,RPhase,RawTemp/NO3/pH/FSig,BbSig,TSig/Ocr: 86.9dbars 22.0485C 35.2432PSU / 263.6uM 22.035C 30.639 8.475 74.396 / 1.4uM / -0.833217V /   86  142  546 / 0x800608ed 0x7fff53ad 0x8007e09b 0x7fff3b09
(Oct 21 2025 11:51:42,  450285 sec) AscentControlAgent() Bouyancy nudge to 156 (v=0.038dbar/sec).
(Oct 21 2025 11:51:43,  450286 sec) PistonMoveAbsWTO()    151->156 152 153 154 155 156 [24sec, 14.9Volts, 0.179Amps, CPT:1702sec]
(Oct 21 2025 11:52:58,  450361 sec) Profile()            Sample 50 initiated at 81.1dbars for bin 54 [80dbars].  PTS/O2,T2,TPhase,RPhase,RawTemp/NO3/pH/FSig,BbSig,TSig/Ocr: 81.0dbars 22.2057C 35.2472PSU / 265.8uM 22.211C 30.473 8.475 68.654 / 1.6uM / -0.832805V /   79  140  545 / 0x8005fdc0 0x7fff5676 0x8007c812 0x7fff2a40
(Oct 21 2025 11:54:11,  450434 sec) Profile()            Sample 51 initiated at 76.5dbars for bin 55 [75dbars].  PTS/O2,T2,TPhase,RPhase,RawTemp/NO3/pH/FSig,BbSig,TSig/Ocr: 76.4dbars 22.5170C 35.2031PSU / 271.0uM 22.509C 30.135 8.480 58.917 / 1.7uM / -0.832336V /   74  148  544 / 0x80060f12 0x7fff5d12 0x8007cbe4 0x7fff169b
(Oct 21 2025 11:55:35,  450518 sec) Profile()            Sample 52 initiated at 71.9dbars for bin 56 [70dbars].  PTS/O2,T2,TPhase,RPhase,RawTemp/NO3/pH/FSig,BbSig,TSig/Ocr: 71.8dbars 22.8456C 35.2220PSU / 273.4uM 22.841C 29.908 8.484 48.109 / 2.2uM / -0.831991V /   72  148  544 / 0x8005fded 0x7fff49ed 0x8007be76 0x7fff2489
(Oct 21 2025 11:57:44,  450647 sec) Profile()            Sample 53 initiated at 66.9dbars for bin 57 [65dbars].  PTS/O2,T2,TPhase,RPhase,RawTemp/NO3/pH/FSig,BbSig,TSig/Ocr: 66.9dbars 23.4153C 35.2779PSU / 272.2uM 23.388C 29.738 8.498 30.304 / 1.7uM / -0.831565V /   72  148  543 / 0x80060336 0x7fff4449 0x8007baad 0x7fff2876
(Oct 21 2025 12:02:15,  450918 sec) Profile()            Sample 54 initiated at 61.9dbars for bin 58 [60dbars].  PTS/O2,T2,TPhase,RPhase,RawTemp/NO3/pH/FSig,BbSig,TSig/Ocr: 61.9dbars 23.6614C 35.3197PSU / 271.0uM 23.625C 29.695 8.504 22.635 / 1.8uM / -0.831385V /   69  146  542 / 0x8005f7e4 0x7fff3524 0x8007ae92 0x7fff1b00
(Oct 21 2025 12:02:16,  450919 sec) AscentControlAgent() Bouyancy nudge to 161 (v=0.019dbar/sec).
(Oct 21 2025 12:02:17,  450920 sec) PistonMoveAbsWTO()    156->161 157 158 159 160 161 [24sec, 14.9Volts, 0.175Amps, CPT:1726sec]
(Oct 21 2025 12:05:10,  451093 sec) Profile()            Sample 55 initiated at 56.5dbars for bin 59 [55dbars].  PTS/O2,T2,TPhase,RPhase,RawTemp/NO3/pH/FSig,BbSig,TSig/Ocr: 56.5dbars 24.8458C 35.3954PSU / 264.7uM 24.826C 29.486 8.504 -16.194 / 2.3uM / -0.830475V /   67  147  542 / 0x8005d380 0x7fff2540 0x8007afc9 0x7fff0eed
(Oct 21 2025 12:07:23,  451226 sec) AscentControlAgent() Bouyancy nudge to 166 (v=0.017dbar/sec).
(Oct 21 2025 12:07:24,  451227 sec) PistonMoveAbsWTO()    161->166 162 163 164 165 166 [25sec, 14.9Volts, 0.169Amps, CPT:1751sec]
(Oct 21 2025 12:11:35,  451478 sec) Profile()            Sample 56 initiated at 52.0dbars for bin 60 [50dbars].  PTS/O2,T2,TPhase,RPhase,RawTemp/NO3/pH/FSig,BbSig,TSig/Ocr: 52.0dbars 25.8668C 35.4461PSU / 255.1uM 25.792C 29.519 8.524 -47.196 / 2.2uM / -0.829468V /   64  143  540 / 0x8005c1db 0x7fff1e89 0x8007a11b 0x7ffef5a4
(Oct 21 2025 12:12:31,  451534 sec) AscentControlAgent() Bouyancy nudge to 171 (v=0.014dbar/sec).
(Oct 21 2025 12:12:32,  451535 sec) PistonMoveAbsWTO()    166->171 167 168 169 170 171 [24sec, 14.9Volts, 0.169Amps, CPT:1775sec]
(Oct 21 2025 12:15:59,  451742 sec) Profile()            Sample 57 initiated at 46.8dbars for bin 61 [45dbars].  PTS/O2,T2,TPhase,RPhase,RawTemp/NO3/pH/FSig,BbSig,TSig/Ocr: 46.8dbars 26.1745C 35.4808PSU / 247.4uM 26.159C 29.717 8.535 -58.930 / 2.2uM / -0.829041V /   59  141  538 / 0x8005c924 0x7fff0ac0 0x8007a636 0x7fff0252
(Oct 21 2025 12:17:45,  451848 sec) Profile()            Sample 58 initiated at 41.8dbars for bin 62 [40dbars].  PTS/O2,T2,TPhase,RPhase,RawTemp/NO3/pH/FSig,BbSig,TSig/Ocr: 41.7dbars 26.1955C 35.4895PSU / 246.0uM 26.209C 29.759 8.537 -60.512 / 2.1uM / -0.828931V /   57  138  538 / 0x8005bbc0 0x7fff0c5b 0x80078adb 0x7fff025b
(Oct 21 2025 12:17:46,  451849 sec) AscentControlAgent() Bouyancy nudge to 176 (v=0.039dbar/sec).
(Oct 21 2025 12:17:47,  451850 sec) PistonMoveAbsWTO()    171->176 172 173 174 175 176 [24sec, 14.9Volts, 0.169Amps, CPT:1799sec]
(Oct 21 2025 12:19:13,  451936 sec) Profile()            Sample 59 initiated at 36.6dbars for bin 63 [35dbars].  PTS/O2,T2,TPhase,RPhase,RawTemp/NO3/pH/FSig,BbSig,TSig/Ocr: 36.5dbars 26.2068C 35.4874PSU / 245.7uM 26.209C 29.774 8.537 -60.524 / 2.2uM / -0.828848V /   58  141  538 / 0x8005d6c0 0x7fff0436 0x80077ca4 0x7ffee32d
(Oct 21 2025 12:20:15,  451998 sec) Profile()            Sample 60 initiated at 31.9dbars for bin 64 [30dbars].  PTS/O2,T2,TPhase,RPhase,RawTemp/NO3/pH/FSig,BbSig,TSig/Ocr: 31.8dbars 26.2124C 35.4883PSU / 245.5uM 26.216C 29.779 8.533 -60.750 / 2.1uM / -0.828762V /   57  147  537 / 0x8005c1b6 0x7fff10b6 0x800791c0 0x7ffef1a4
(Oct 21 2025 12:21:17,  452060 sec) Profile()            Sample 61 initiated at 27.0dbars for bin 65 [25dbars].  PTS/O2,T2,TPhase,RPhase,RawTemp/NO3/pH/FSig,BbSig,TSig/Ocr: 26.9dbars 26.2147C 35.4884PSU / 245.5uM 26.218C 29.779 8.533 -60.801 / 2.0uM / -0.828647V /   56  142  537 / 0x8005c3b6 0x7fff0976 0x800794e4 0x7ffee889
(Oct 21 2025 12:22:19,  452122 sec) Profile()            Sample 62 initiated at 21.9dbars for bin 66 [20dbars].  PTS/O2,T2,TPhase,RPhase,RawTemp/NO3/pH/FSig,BbSig,TSig/Ocr: 21.8dbars 26.2131C 35.4889PSU / 245.5uM 26.217C 29.780 8.531 -60.780 / 2.2uM / -0.828623V /   57  141  537 / 0x8005d352 0x7ffefc00 0x80078a5b 0x7ffeef1b
(Oct 21 2025 12:23:32,  452195 sec) Profile()            Sample 63 initiated at 16.4dbars for bin 67 [15dbars].  PTS/O2,T2,TPhase,RPhase,RawTemp/NO3/pH/FSig,BbSig,TSig/Ocr: 16.3dbars 26.2069C 35.4887PSU / 245.6uM 26.211C 29.778 8.531 -60.591 / 2.2uM / -0.828538V /   56  143  537 / 0x8005b992 0x7fff1364 0x800780d2 0x7ffee409
(Oct 21 2025 12:24:57,  452280 sec) Profile()            Sample 64 initiated at 12.0dbars for bin 68 [10dbars].  PTS/O2,T2,TPhase,RPhase,RawTemp/NO3/pH/FSig,BbSig,TSig/Ocr: 11.9dbars 26.2085C 35.4883PSU / 245.6uM 26.212C 29.774 8.530 -60.627 / 2.2uM / -0.828458V /   56  142  537 / 0x8005b4d2 0x7fff08f6 0x80078d76 0x7ffee576
(Oct 21 2025 12:26:21,  452364 sec) Profile()            Sample 65 initiated at 7.7dbars for bin 69 [6dbars].  PTS/O2,T2,TPhase,RPhase,RawTemp/NO3/pH/FSig,BbSig,TSig/Ocr: 7.6dbars 26.2086C 35.4885PSU / 245.7uM 26.212C 29.769 8.529 -60.626 / 2.2uM / -0.828429V /   57  140  537 / 0x8005cf1b 0x7ffef46d 0x80077fed 0x7ffeef09
(Oct 21 2025 12:27:07,  452410 sec) SurfaceDetect()      SurfacePressure:-0.0dbars Pressure:3.2dbars PistonPosition:176
(Oct 21 2025 12:27:08,  452411 sec) Sbe41cpStopCP()      Continuous profile stopped.
(Oct 21 2025 12:27:11,  452414 sec) PistonMoveAbsWTO()    176->198 177 178 179 180 181 182 183 184 185 186 187 188 189 190 191 192 193 194 195 196 197 198 [107sec, 14.9Volts, 0.155Amps, CPT:1906sec]
(Oct 21 2025 12:29:04,  452527 sec) chat()               Expected string [S>] not received.
(Oct 21 2025 12:30:54,  452637 sec) Sbe41cpBinAverage()  Finished averaging 12949 samples in 105 seconds.
(Oct 21 2025 12:30:59,  452642 sec) Sbe41cpUploadCP_()   Sbe41cpSerNo[20478] NSample[12949] NBin[493]
(Oct 21 2025 12:31:30,  452673 sec) Sbe41cpUploadCP_()   Continuous profile uploaded [493 lines].
(Oct 21 2025 12:31:44,  452687 sec) MscErrorLog_()       No error records to log.
(Oct 21 2025 12:31:54,  452697 sec) MscErrorLog_()       No error records to log.

<EOT>
(Oct 16 2025 05:52:56,  452505 sec) TelemetryInit()      Profile 19. (Apf11 FwRev: 061125)
(Oct 16 2025 05:52:56,  452505 sec) TelemetryInit()      Charge consumption model: OCV:15.2V Wake-Cycles:28338 Standby:23.5days Wake:20.1kC Sensors:2.2kC
(Oct 16 2025 05:58:11,  452820 sec) GetSurfaceObs()      P/O2,T2,TPhase,RPhase,RawTemp/FSig,BbSig,TSig: 0.3dbars / 243.9uM 26.736C 29.654 8.539 -77.309 / 55,145,535
(Oct 16 2025 05:58:11,  452820 sec) GetSurfaceObs()      P/Ocr: 0.3dbars / 0x8005c5f6 0x7ffee976 0x800787d2 0x7ffee01b
(Oct 16 2025 05:58:44,  452853 sec) GetSurfaceObs()      P/O2,T2,TPhase,RPhase,RawTemp/FSig,BbSig,TSig: 0.1dbars / 243.8uM 26.724C 29.662 8.538 -76.915 / 55,142,535
(Oct 16 2025 05:58:44,  452853 sec) GetSurfaceObs()      P/Ocr: 0.1dbars / 0x8005d689 0x7ffef276 0x80078b64 0x7ffedb40
(Oct 16 2025 05:59:17,  452886 sec) GetSurfaceObs()      P/O2,T2,TPhase,RPhase,RawTemp/FSig,BbSig,TSig: 0.2dbars / 243.7uM 26.719C 29.668 8.537 -76.756 / 54,140,535
(Oct 16 2025 05:59:17,  452886 sec) GetSurfaceObs()      P/Ocr: 0.2dbars / 0x8005e1ad 0x7ffeecb6 0x80078880 0x7ffee424
(Oct 16 2025 05:59:51,  452920 sec) GetSurfaceObs()      P/O2,T2,TPhase,RPhase,RawTemp/FSig,BbSig,TSig: 0.2dbars / 244.5uM 26.661C 29.655 8.537 -74.917 / 55,139,535
(Oct 16 2025 05:59:51,  452920 sec) GetSurfaceObs()      P/Ocr: 0.2dbars / 0x8005c5c0 0x7ffee349 0x800785a4 0x7ffee0a4
(Oct 16 2025 06:02:57,  453106 sec) AirSystem()          Battery [216cnt, 15.2V]  Current [21cnt, 80.5mA]  Pneumometer [156cnt, 18.3psi]  Run-Time [89s]
(Oct 16 2025 06:03:10,  453119 sec) GetSurfaceObs()      P/O2,T2,TPhase,RPhase,RawTemp/FSig,BbSig,TSig: 0.1dbars / 249.7uM 25.286C 29.950 8.531 -30.985 / 55,144,535
(Oct 16 2025 06:03:10,  453119 sec) GetSurfaceObs()      P/Ocr: 0.1dbars / 0x8005e100 0x7ffee7a4 0x800797b6 0x7ffedbdb
(Oct 16 2025 06:03:43,  453152 sec) GetSurfaceObs()      P/O2,T2,TPhase,RPhase,RawTemp/FSig,BbSig,TSig: -0.1dbars / 244.4uM 26.523C 29.711 8.532 -70.513 / 56,142,535
(Oct 16 2025 06:03:43,  453152 sec) GetSurfaceObs()      P/Ocr: -0.1dbars / 0x8005c5c9 0x7ffeec00 0x80078f49 0x7ffee02d
(Oct 16 2025 06:04:17,  453186 sec) GetSurfaceObs()      P/O2,T2,TPhase,RPhase,RawTemp/FSig,BbSig,TSig: -0.1dbars / 240.8uM 26.560C 29.863 8.527 -71.698 / 55,143,535
(Oct 16 2025 06:04:17,  453186 sec) GetSurfaceObs()      P/Ocr: -0.1dbars / 0x8005b9ad 0x7fff0164 0x80077fad 0x7ffee6d2
(Oct 16 2025 06:04:50,  453219 sec) GetSurfaceObs()      P/O2,T2,TPhase,RPhase,RawTemp/FSig,BbSig,TSig: 0.1dbars / 249.8uM 25.896C 29.712 8.528 -50.519 / 55,142,535
(Oct 16 2025 06:04:50,  453219 sec) GetSurfaceObs()      P/Ocr: 0.1dbars / 0x8005d312 0x7ffefa89 0x800780c0 0x7ffee224
(Oct 16 2025 06:05:23,  453252 sec) GetSurfaceObs()      P/O2,T2,TPhase,RPhase,RawTemp/FSig,BbSig,TSig: -0.0dbars / 249.6uM 25.805C 29.754 8.527 -47.626 / 54,140,535
(Oct 16 2025 06:05:23,  453252 sec) GetSurfaceObs()      P/Ocr: -0.0dbars / 0x8005c580 0x7ffeef9b 0x80077f09 0x7ffee112
(Oct 16 2025 06:05:56,  453285 sec) GetSurfaceObs()      P/O2,T2,TPhase,RPhase,RawTemp/FSig,BbSig,TSig: -0.0dbars / 250.2uM 25.357C 29.900 8.527 -33.265 / 55,142,535
(Oct 16 2025 06:05:56,  453285 sec) GetSurfaceObs()      P/Ocr: -0.0dbars / 0x8005b96d 0x7ffeedad 0x80077ed2 0x7ffedbf6
(Oct 16 2025 06:06:29,  453318 sec) GetSurfaceObs()      P/O2,T2,TPhase,RPhase,RawTemp/FSig,BbSig,TSig: -0.1dbars / 243.5uM 26.026C 29.941 8.526 -54.688 / 54,140,535
(Oct 16 2025 06:06:29,  453318 sec) GetSurfaceObs()      P/Ocr: -0.1dbars / 0x8005c789 0x7ffee792 0x80077c80 0x7ffee536
(Oct 16 2025 06:07:03,  453352 sec) GetSurfaceObs()      P/O2,T2,TPhase,RPhase,RawTemp/FSig,BbSig,TSig: 0.2dbars / 246.0uM 25.766C 29.930 8.525 -46.379 / 55,140,535
(Oct 16 2025 06:07:03,  453352 sec) GetSurfaceObs()      P/Ocr: 0.2dbars / 0x8005c4a4 0x7ffef089 0x80078e9b 0x7ffedff6
(Oct 16 2025 06:07:23,  453372 sec) AirSystem()          Battery [216cnt, 15.2V]  Current [20cnt, 77.4mA]  Pneumometer [157cnt, 18.5psi]  Run-Time [9s]
(Oct 16 2025 06:07:57,  453406 sec) GetSurfaceObs()      P/O2,T2,TPhase,RPhase,RawTemp/FSig,BbSig,TSig: 0.2dbars / 244.5uM 25.757C 29.999 8.526 -46.096 / 55,139,535
(Oct 16 2025 06:07:57,  453406 sec) GetSurfaceObs()      P/Ocr: 0.2dbars / 0x8005b4c0 0x7ffee764 0x80077c76 0x7ffef1ad
(Oct 16 2025 06:08:00,  453409 sec) GpsServices()        GPS almanac is current.
(Oct 16 2025 06:08:00,  453409 sec) GpsServices()        Initiating GPS fix acquisition.
(Oct 16 2025 06:08:02,  453411 sec) gga()                $GPGGA,060800,2741.7690,N,15757.6022,W,0,00,,,M,,M,,*4E
(Oct 16 2025 06:08:12,  453421 sec) gga()                $GPGGA,060810,2741.7690,N,15757.6022,W,0,00,,,M,,M,,*4F
(Oct 16 2025 06:08:17,  453426 sec) gga()                $GPGGA,060820,2741.7690,N,15757.6022,W,0,00,,,M,,M,,*4C
(Oct 16 2025 06:08:26,  453435 sec) gga()                $GPGGA,060830,2741.7690,N,15757.6022,W,0,00,,,M,,M,,*4D
(Oct 16 2025 06:08:36,  453445 sec) gga()                $GPGGA,060840,2741.7690,N,15757.6022,W,0,00,,,M,,M,,*4A
(Oct 16 2025 06:08:46,  453455 sec) gga()                $GPGGA,060850,2741.7690,N,15757.6022,W,0,00,,,M,,M,,*4B
(Oct 16 2025 06:08:56,  453465 sec) gga()                $GPGGA,060900,2741.7690,N,15757.6022,W,0,00,,,M,,M,,*4F
(Oct 16 2025 06:09:06,  453475 sec) gga()                $GPGGA,060910,2741.7690,N,15757.6022,W,0,00,,,M,,M,,*4E
(Oct 16 2025 06:09:16,  453485 sec) gga()                $GPGGA,060920,2741.7690,N,15757.6022,W,0,00,,,M,,M,,*4D
(Oct 16 2025 06:09:27,  453496 sec) gga()                $GPGGA,060930,2740.5030,N,15759.9132,W,1,08,1.1,-8.5,M,-5.8,M,,*65
(Oct 16 2025 06:09:27,  453496 sec) GpsServices()        Profile 19 GPS fix obtained in 87 seconds.
(Oct 16 2025 06:09:27,  453496 sec) GpsServices()                   lon      lat mm/dd/yyyy hhmmss nsat
(Oct 16 2025 06:09:27,  453496 sec) GpsServices()        Fix: -157.9986  27.6751 10/16/2025 060930    8
(Oct 16 2025 06:09:37,  453506 sec) gga()                $GPGGA,060940,2740.5026,N,15759.9136,W,1,08,1.1,-10.4,M,-5.8,M,,*59
(Oct 16 2025 06:09:46,  453515 sec) gga()                $GPGGA,060950,2740.5021,N,15759.9150,W,1,08,1.1,-9.9,M,-5.8,M,,*6A
(Oct 16 2025 06:09:46,  453515 sec) GpsServices()        APF11 RTC skew (-4s) OK.
(Oct 16 2025 06:09:47,  453516 sec) GpsServices()        GPS services complete.
(Oct 16 2025 06:10:14,  453543 sec) IrGeoLoc()           <x,y,z>=<-5236km,-2120km,2944km> lat=27.684 lon=-157.958 IrSysTime=0xeea1dd0b
(Oct 16 2025 06:10:18,  453547 sec) CLogin()             Connecting to primary host.
(Oct 16 2025 06:10:34,  453563 sec) CLogin()             Connection 1 established in 16 seconds.
(Oct 16 2025 06:11:04,  453593 sec) expect()             Attempt to read prompt string [login:] failed.
(Oct 16 2025 06:11:04,  453593 sec) login()              Login prompt not received.
(Oct 16 2025 06:11:34,  453623 sec) expect()             Attempt to read prompt string [login:] failed.
(Oct 16 2025 06:11:34,  453623 sec) login()              Login prompt not received.
(Oct 16 2025 06:11:47,  453636 sec) CLogin()             Connection 2 established in 89 seconds.
(Oct 16 2025 06:11:55,  453644 sec) login()              Login successful.
(Oct 16 2025 06:12:00,  453649 sec) chat()               Expected string [cmd>] not received.
(Oct 16 2025 06:12:00,  453649 sec) login()              Attempt to set the command prompt failed.
(Oct 16 2025 06:12:08,  453657 sec) CLogin()             Logged in to host.  [Login required 21 seconds]
(Oct 16 2025 06:12:10,  453659 sec) RxConfig()           Downloading "mission.cfg" from host.
(Oct 16 2025 06:12:23,  453672 sec) RxConfig()           Download successful: [bytes:48, sec:11.1, bps:4]
(Oct 16 2025 06:12:27,  453676 sec) WriteVitals_()       Writing vitals to "23808.019.msg".
(Oct 16 2025 06:12:35,  453684 sec) UpLoadFile()         Uploading "23808.019.log" to host.
(Oct 16 2025 06:16:16,  453905 sec) sendline()           Blocking CTS signal, aborting ZMODEM transfer.
(Oct 16 2025 06:16:17,  453906 sec) UpLoadFile()         Upload failed.
(Oct 16 2025 06:17:11,  453960 sec) chat()               Expected string [rz] not received.
(Oct 16 2025 06:17:11,  453960 sec) UpLoadFile()         Failed attempt to execute "rz" on the host.
(Oct 16 2025 06:17:11,  453960 sec) UpLoad()             Files successfully uploaded: 0
(Oct 16 2025 06:17:11,  453960 sec) UpLoad()             Aborting upload: Retry limit [2] exceeded. Upload incomplete.
(Oct 16 2025 06:17:18,  453967 sec) chat()               Expected string [cmd>] not received.
(Oct 16 2025 06:17:18,  453967 sec) logout()             Can't get command prompt.
(Oct 16 2025 06:17:23,  453972 sec) chat()               Expected string [logout] not received.
(Oct 16 2025 06:17:23,  453972 sec) logout()             Attempt to log-out failed.
(Oct 16 2025 06:17:30,  453979 sec) chat()               Expected string [cmd>] not received.
(Oct 16 2025 06:17:30,  453979 sec) logout()             Can't get command prompt.
(Oct 16 2025 06:17:35,  453984 sec) chat()               Expected string [logout] not received.
(Oct 16 2025 06:17:35,  453984 sec) logout()             Attempt to log-out failed.
(Oct 16 2025 06:17:35,  453984 sec) logout()             No carrier detected.
(Oct 16 2025 06:17:35,  453984 sec) Telemetry()          Telemetry cycle complete: PrfId=19 ConnectionAttempts=2  Connections=2
(Oct 16 2025 06:32:51,  454900 sec) AirSystem()          Air-bladder inflation by-passed. Pneumatic Pressure: [157cnt, 18.5psi].
(Oct 16 2025 06:33:46,  454955 sec) GetSurfaceObs()      P/O2,T2,TPhase,RPhase,RawTemp/FSig,BbSig,TSig: 0.0dbars / 252.6uM 24.973C 29.943 8.524 -20.923 / 55,143,535
(Oct 16 2025 06:33:46,  454955 sec) GetSurfaceObs()      P/Ocr: 0.0dbars / 0x8005c66d 0x7ffeed12 0x800784ed 0x7ffeebdb
(Oct 16 2025 06:33:49,  454958 sec) GpsServices()        GPS almanac is current.
(Oct 16 2025 06:33:49,  454958 sec) GpsServices()        Initiating GPS fix acquisition.
(Oct 16 2025 06:33:57,  454966 sec) gga()                $GPGGA,063400,2740.4058,N,15800.1276,W,1,08,1.0,-16.7,M,-5.8,M,,*53
(Oct 16 2025 06:33:57,  454966 sec) GpsServices()        Profile 19 GPS fix obtained in 8 seconds.
(Oct 16 2025 06:33:57,  454966 sec) GpsServices()                   lon      lat mm/dd/yyyy hhmmss nsat
(Oct 16 2025 06:33:57,  454966 sec) GpsServices()        Fix: -158.0021  27.6734 10/16/2025 063400    8
(Oct 16 2025 06:34:07,  454976 sec) gga()                $GPGGA,063410,2740.4080,N,15800.1336,W,1,08,1.0,-11.7,M,-5.8,M,,*55
(Oct 16 2025 06:34:16,  454985 sec) gga()                $GPGGA,063420,2740.4071,N,15800.1341,W,1,08,1.0,-9.3,M,-5.8,M,,*65
(Oct 16 2025 06:34:16,  454985 sec) GpsServices()        APF11 RTC skew (-4s) OK.
(Oct 16 2025 06:34:17,  454986 sec) GpsServices()        GPS services complete.
(Oct 16 2025 06:34:51,  455020 sec) IrGeoLoc()           <x,y,z>=<-5240km,-2116km,2944km> lat=27.675 lon=-158.010 IrSysTime=0xeeeede69
(Oct 16 2025 06:34:55,  455024 sec) CLogin()             Connecting to primary host.
(Oct 16 2025 06:35:06,  455035 sec) CLogin()             Connection 3 established in 11 seconds.
(Oct 16 2025 06:35:18,  455047 sec) login()              Login successful.
(Oct 16 2025 06:35:22,  455051 sec) CLogin()             Logged in to host.  [Login required 16 seconds]
(Oct 16 2025 06:35:24,  455053 sec) RxConfig()           Downloading "mission.cfg" from host.
(Oct 16 2025 06:36:53,  455142 sec) readline()           Time-out expired, aborting ZMODEM transfer.
(Oct 16 2025 06:36:54,  455143 sec) RxConfig()           Download failed.
(Oct 16 2025 06:38:19,  455228 sec) RxConfig()           No carrier detected.
(Oct 16 2025 06:38:19,  455228 sec) DownLoadMissionCfg() Keeping previous version of "mission.cfg".
(Oct 16 2025 06:38:22,  455231 sec) CLogin()             Connecting to primary host.
(Oct 16 2025 06:38:27,  455236 sec) chat()               Expected string [OK] not received.
(Oct 16 2025 06:38:52,  455261 sec) CLogin()             Connection 4 established in 30 seconds.
(Oct 16 2025 06:38:57,  455266 sec) login()              Login successful.
(Oct 16 2025 06:39:04,  455273 sec) CLogin()             Logged in to host.  [Login required 12 seconds]
(Oct 16 2025 06:39:05,  455274 sec) RxConfig()           Downloading "mission.cfg" from host.
(Oct 16 2025 06:39:24,  455293 sec) RxConfig()           Download successful: [bytes:48, sec:16.7, bps:3]
(Oct 16 2025 06:39:28,  455297 sec) WriteVitals_()       Writing vitals to "23808.019.msg".
(Oct 16 2025 06:39:33,  455302 sec) UpLoadFile()         Uploading "23808.019.log" to host.
(Oct 16 2025 06:40:37,  455366 sec) UpLoadFile()         Upload successful: [bytes:16827, sec:64.1, bps:263]
(Oct 16 2025 06:40:38,  455367 sec) fmove()              Moved: 23808.019.log -> archive/23808.019.log
(Oct 16 2025 06:40:42,  455371 sec) UpLoadFile()         Uploading "23808.019.msg" to host.
(Oct 16 2025 06:42:57,  455506 sec) UpLoadFile()         Upload successful: [bytes:34783, sec:135.0, bps:258]
(Oct 16 2025 06:42:58,  455507 sec) fmove()              Moved: 23808.019.msg -> archive/23808.019.msg
(Oct 16 2025 06:43:01,  455510 sec) UpLoadFile()         Uploading "23808.019.isus" to host.
(Oct 16 2025 06:45:21,  455650 sec) UpLoadFile()         Upload successful: [bytes:24798, sec:139.7, bps:178]
(Oct 16 2025 06:45:22,  455651 sec) fmove()              Moved: 23808.019.isus -> archive/23808.019.isus
(Oct 16 2025 06:45:26,  455655 sec) UpLoadFile()         Uploading "23808.019.dura" to host.
(Oct 16 2025 06:46:44,  455733 sec) UpLoadFile()         Upload successful: [bytes:12210, sec:77.8, bps:157]
(Oct 16 2025 06:46:45,  455734 sec) fmove()              Moved: 23808.019.dura -> archive/23808.019.dura
(Oct 16 2025 06:46:46,  455735 sec) UpLoad()             Files successfully uploaded: 4
(Oct 16 2025 06:46:46,  455735 sec) UpLoad()             Upload complete.
(Oct 16 2025 06:46:51,  455740 sec) logout()             Log-out successful.
(Oct 16 2025 06:46:52,  455741 sec) Telemetry()          Telemetry cycle complete: PrfId=19 ConnectionAttempts=4  Connections=4
(Oct 16 2025 06:46:52,  455741 sec) TelemetryTerminate() Parsing new mission configuration.
(Oct 16 2025 06:46:53,  455742 sec) configure()          Parsing configurators in "mission.cfg".
(Oct 16 2025 06:46:53,  455742 sec) configure()             TelemetryRetry(15)      [0x7BBC] [TelemetryRetry(15)].
(Oct 16 2025 06:46:54,  455743 sec) configure()             DownTime(7200) [CRC=0xBC7F] [DownTime(7200)].
(Oct 16 2025 06:46:54,  455743 sec) configure()          Configuration CRCs and syntax OK.
(Oct 16 2025 06:46:54,  455743 sec) ConfigSupervisor()   Configuration accepted.
(Oct 16 2025 06:46:54,  455743 sec) TelemetryTerminate() Reconditioning the file system.
(Oct 16 2025 06:46:57,       0 sec) DescentInit()        Deep profile 20 initiated at mission-time 455746sec.
(Oct 16 2025 06:46:58,       1 sec) DescentInit()        Surface pressure: -0.0dbars.
(Oct 16 2025 06:46:58,       1 sec) DescentInit()        Charge consumption model: OCV:15.0V Wake-Cycles:28340 Standby:23.5days Wake:20.3kC Sleep:2.2kC
(Oct 16 2025 06:47:10,      13 sec) DescentInit()        Pneumatic humidity: 2888(60.2%) -> 2890(60.2%)
(Oct 16 2025 06:47:10,      13 sec) PistonMoveAbsWTO()    198->053 197 196 195 194 193 192 191 190 189 188 187 186 185 184 183 182 181 180 179 178 177 176 175 174 173 172 171 170 169 168 167 166 165 164 163 162 161 160 159 158 157 156 155 154 153 152 151 150 149 148 147 146 145 144 143 142 141 140 139 138 137 136 135 134 133 132 131 130 129 128 127 126 125 124 123 122 121 120 119 118 117 116 115 114 113 112 111 110 109 108 107 106 105 104 103 102 101 100 099 098 097 096 095 094 093 092 091 090 089 088 087 086 085 084 083 082 081 080 079 078 077 076 075 074 073 072 071 070 069 068 067 066 065 064 063 062 061 060 059 058 057 056 055 054 053 [705sec, 15.0Volts, 0.134Amps, CPT:705sec]
(Oct 16 2025 06:59:00,     723 sec) DescentInit()        Air solenoid open: Barometer [209cnt,  12.2psi]  Pneumometer [107cnt,  12.5psi]
(Oct 16 2025 06:59:10,     733 sec) Descent()            Pressure: 75.5
(Oct 16 2025 07:46:57,    3600 sec) Descent()            Pressure: 504.2
(Oct 16 2025 08:46:57,    7200 sec) Descent()            Pressure: 850.1
(Oct 16 2025 09:46:57,   10800 sec) Descent()            Pressure: 984.8
(Oct 16 2025 10:46:57,   14400 sec) Descent()            Pressure: 994.8
(Oct 16 2025 10:46:58,   14401 sec) ParkInit()           Charge consumption model: OCV:15.4V Wake-Cycles:28345 Standby:23.7days Wake:20.5kC Sensors:2.2kC
(Oct 21 2025 02:47:29,  417632 sec) CtdPower()           [  997.61,  3.8257, 34.4109]
(Oct 21 2025 02:47:29,  417632 sec) CtdPower()           CTD Power consumption [217VCnt 3ACnt]: 15.249Volts * 0.012Amps = 0.18Watts.
(Oct 21 2025 02:47:35,  417638 sec) ParkTerminate()      Piston Position:53 Vacuum:190 HumidityAd12:4094(inf%) Vq:219 Aq:2 Vsbe:217 Asbe:3 Vflbb:211 Aflbb:11 Vopt:211 Aopt:13 Vocr:212 Aocr:7 MuxTemp:3.854C MuxHumidity:6.9%
(Oct 21 2025 02:48:05,  417668 sec) ParkTerminate()      PTS/O2,T2,TPhase,RawTemp: 997.6dbars 3.8257C 34.4112PSU / 37.1uM 3.818C 57.012 8.022 663.040
(Oct 21 2025 02:48:05,  417668 sec) ParkTerminate()      FLBB FSig, BbSig, TSig: 54, 112, 572 / Ocr: nan nan nan nan
(Oct 21 2025 02:48:06,  417669 sec) GoDeepInit()         Charge consumption model: OCV:15.3V Wake-Cycles:28457 Standby:28.4days Wake:20.7kC Sensors:2.2kC
(Oct 21 2025 02:48:06,  417669 sec) GoDeepInit()         Moving piston.
(Oct 21 2025 02:48:06,  417669 sec) PistonMoveAbsWTO()    053->009 052 051 050 049 048 047 046 045 044 043 042 041 040 039 038 037 036 035 034 033 032 031 030 029 028 027 026 025 024 023 022 021 020 019 018 017 016 015 014 013 012 011 010 009 [216sec, 15.0Volts, 0.057Amps, CPT:921sec]
(Oct 21 2025 06:46:57,  432000 sec) ProfileInit()        Charge consumption model: OCV:15.4V Wake-Cycles:28505 Standby:28.5days Wake:20.7kC Sensors:2.2kC
(Oct 21 2025 06:46:57,  432000 sec) ProfileInit()        PrfId:020  Pressure:1642.0dbar  pTable[4]:1600dbar
(Oct 21 2025 06:46:59,  432002 sec) ProfileInit()        Muxer PPIs K{1,2} quiescent: 15.27V, 0.0mA, 0.0mW
(Oct 21 2025 06:47:03,  432006 sec) ProfileInit()        ISUS powered up.
(Oct 21 2025 06:47:06,  432009 sec) ProfileInit()        Muxer PPIs K{1,2} w/ ISUS awake: 14.94V, 57.1mA, 853.3mW
(Oct 21 2025 06:47:13,  432016 sec) MscErrorLog_()       No error records to log.
(Oct 21 2025 06:47:19,  432022 sec) ProfileInit()        DURA powered up.
(Oct 21 2025 06:47:23,  432026 sec) ProfileInit()        Muxer PPIs K{1,2} w/ DURA awake: 15.02V, 47.1mA, 707.3mW
(Oct 21 2025 06:47:29,  432032 sec) MscErrorLog_()       No error records to log.
(Oct 21 2025 06:47:34,  432037 sec) PistonMoveAbsWTO()    009->031 010 011 012 013 014 015 [30sec, 14.5Volts, 0.553Amps, CPT:951sec]
(Oct 21 2025 06:48:15,  432078 sec) PistonMoveAbsWTO()    015->031 016 017 018 019 020 [30sec, 14.3Volts, 0.547Amps, CPT:981sec]
(Oct 21 2025 06:48:56,  432119 sec) PistonMoveAbsWTO()    020->031 021 022 023 024 025 [30sec, 14.1Volts, 0.546Amps, CPT:1011sec]
(Oct 21 2025 06:49:37,  432160 sec) PistonMoveAbsWTO()    025->031 026 027 028 029 030 [30sec, 14.1Volts, 0.541Amps, CPT:1041sec]
(Oct 21 2025 06:50:18,  432201 sec) PistonMoveAbsWTO()    030->031 031 [1sec, 14.2Volts, 0.549Amps, CPT:1042sec]
(Oct 21 2025 06:56:36,  432579 sec) Profile()            Sample 0 initiated at 1601.6dbars for bin 4 [1600dbars].  PTS/O2,T2,TPhase,RPhase,RawTemp/NO3/pH/FSig,BbSig,TSig/Ocr: 1599.6dbars 2.6368C 34.5645PSU / 76.8uM 2.631C 52.928 8.037 699.074 / 41.2uM / -0.884705V /   54  112  574 / nan nan nan nan
(Oct 21 2025 07:04:53,  433076 sec) PistonMoveAbsWTO()    030->031 031 [1sec, 14.6Volts, 0.562Amps, CPT:1043sec]
(Oct 21 2025 07:15:47,  433730 sec) Profile()            Sample 1 initiated at 1502.0dbars for bin 5 [1500dbars].  PTS/O2,T2,TPhase,RPhase,RawTemp/NO3/pH/FSig,BbSig,TSig/Ocr: 1500.3dbars 2.8373C 34.5474PSU / 71.5uM 2.831C 53.382 8.051 693.046 / 41.5uM / -0.884750V /   54  113  573 / nan nan nan nan
(Oct 21 2025 07:17:28,  433831 sec) AscentControlAgent() Bouyancy nudge to 41 (v=0.079dbar/sec).
(Oct 21 2025 07:17:28,  433831 sec) PistonMoveAbsWTO()    031->041 032 033 034 035 036 [30sec, 14.5Volts, 0.522Amps, CPT:1073sec]
(Oct 21 2025 07:18:09,  433872 sec) PistonMoveAbsWTO()    036->041 037 038 039 040 041 [25sec, 14.3Volts, 0.518Amps, CPT:1098sec]
(Oct 21 2025 07:33:18,  434781 sec) Profile()            Sample 2 initiated at 1401.9dbars for bin 6 [1400dbars].  PTS/O2,T2,TPhase,RPhase,RawTemp/NO3/pH/FSig,BbSig,TSig/Ocr: 1400.1dbars 3.0073C 34.5328PSU / 66.4uM 3.001C 53.853 8.054 687.899 / 41.8uM / -0.884627V /   54  113  573 / nan nan nan nan
(Oct 21 2025 07:43:38,  435401 sec) AscentControlAgent() Bouyancy nudge to 51 (v=0.078dbar/sec).
(Oct 21 2025 07:43:38,  435401 sec) PistonMoveAbsWTO()    041->051 042 043 044 045 046 [30sec, 14.5Volts, 0.475Amps, CPT:1128sec]
(Oct 21 2025 07:44:19,  435442 sec) PistonMoveAbsWTO()    046->051 047 048 049 050 051 [25sec, 14.4Volts, 0.472Amps, CPT:1153sec]
(Oct 21 2025 07:52:18,  435921 sec) Profile()            Sample 3 initiated at 1301.3dbars for bin 7 [1300dbars].  PTS/O2,T2,TPhase,RPhase,RawTemp/NO3/pH/FSig,BbSig,TSig/Ocr: 1299.3dbars 3.1963C 34.5118PSU / 59.7uM 3.191C 54.513 8.058 682.146 / 42.1uM / -0.884637V /   55  115  573 / nan nan nan nan
(Oct 21 2025 08:11:07,  437050 sec) Profile()            Sample 4 initiated at 1201.2dbars for bin 8 [1200dbars].  PTS/O2,T2,TPhase,RPhase,RawTemp/NO3/pH/FSig,BbSig,TSig/Ocr: 1199.5dbars 3.4534C 34.4861PSU / 54.7uM 3.446C 55.000 8.060 674.390 / 42.2uM / -0.884498V /   55  122  572 / nan nan nan nan
(Oct 21 2025 08:14:16,  437239 sec) AscentControlAgent() Bouyancy nudge to 61 (v=0.080dbar/sec).
(Oct 21 2025 08:14:16,  437239 sec) PistonMoveAbsWTO()    051->061 052 053 054 055 056 [30sec, 14.6Volts, 0.446Amps, CPT:1183sec]
(Oct 21 2025 08:14:57,  437280 sec) PistonMoveAbsWTO()    056->061 057 058 059 060 061 [24sec, 14.4Volts, 0.441Amps, CPT:1207sec]
(Oct 21 2025 08:28:37,  438100 sec) Profile()            Sample 5 initiated at 1101.0dbars for bin 9 [1100dbars].  PTS/O2,T2,TPhase,RPhase,RawTemp/NO3/pH/FSig,BbSig,TSig/Ocr: 1099.0dbars 3.6607C 34.4488PSU / 45.8uM 3.653C 55.979 8.065 668.094 / 42.7uM / -0.884804V /   54  115  572 / nan nan nan nan
(Oct 21 2025 08:45:01,  439084 sec) AscentControlAgent() Bouyancy nudge to 71 (v=0.075dbar/sec).
(Oct 21 2025 08:45:01,  439084 sec) PistonMoveAbsWTO()    061->071 062 063 064 065 066 [30sec, 14.7Volts, 0.399Amps, CPT:1237sec]
(Oct 21 2025 08:45:42,  439125 sec) PistonMoveAbsWTO()    066->071 067 068 069 070 071 [23sec, 14.5Volts, 0.396Amps, CPT:1260sec]
(Oct 21 2025 08:48:09,  439272 sec) Profile()            Sample 6 initiated at 1001.3dbars for bin 10 [1000dbars].  PTS/O2,T2,TPhase,RPhase,RawTemp/NO3/pH/FSig,BbSig,TSig/Ocr: 999.3dbars 3.8331C 34.3985PSU / 35.2uM 3.826C 57.257 8.069 662.819 / 43.2uM / -0.884705V /   55  115  572 / nan nan nan nan
(Oct 21 2025 08:51:31,  439474 sec) Sbe41cpStartCP()     Continuous profile started.
(Oct 21 2025 08:57:16,  439819 sec) Profile()            Sample 7 initiated at 951.7dbars for bin 11 [950dbars].  PTS/O2,T2,TPhase,RPhase,RawTemp/NO3/pH/FSig,BbSig,TSig/Ocr: 951.6dbars 3.9591C 34.3670PSU / 31.9uM 3.951C 57.655 8.072 658.982 / 43.3uM / -0.884739V /   55  113  572 / nan nan nan nan
(Oct 21 2025 09:00:02,  439985 sec) AscentControlAgent() Bouyancy nudge to 81 (v=0.077dbar/sec).
(Oct 21 2025 09:00:03,  439986 sec) PistonMoveAbsWTO()    071->081 072 073 074 075 076 [30sec, 14.5Volts, 0.384Amps, CPT:1290sec]
(Oct 21 2025 09:00:44,  440027 sec) PistonMoveAbsWTO()    076->081 077 078 079 080 081 [24sec, 14.4Volts, 0.381Amps, CPT:1314sec]
(Oct 21 2025 09:07:03,  440406 sec) Profile()            Sample 8 initiated at 901.1dbars for bin 12 [900dbars].  PTS/O2,T2,TPhase,RPhase,RawTemp/NO3/pH/FSig,BbSig,TSig/Ocr: 901.0dbars 4.1217C 34.3186PSU / 26.2uM 4.113C 58.390 8.074 654.047 / 43.4uM / -0.884849V /   55  114  571 / nan nan nan nan
(Oct 21 2025 09:16:16,  440959 sec) Profile()            Sample 9 initiated at 851.3dbars for bin 13 [850dbars].  PTS/O2,T2,TPhase,RPhase,RawTemp/NO3/pH/FSig,BbSig,TSig/Ocr: 851.2dbars 4.3032C 34.2708PSU / 29.0uM 4.295C 57.958 8.080 648.456 / 42.9uM / -0.884442V /   55  115  571 / nan nan nan nan
(Oct 21 2025 09:26:13,  441556 sec) Profile()            Sample 10 initiated at 801.4dbars for bin 14 [800dbars].  PTS/O2,T2,TPhase,RPhase,RawTemp/NO3/pH/FSig,BbSig,TSig/Ocr: 801.3dbars 4.5071C 34.2196PSU / 33.0uM 4.497C 57.381 8.084 642.240 / 42.3uM / -0.883684V /   55  114  571 / nan nan nan nan
(Oct 21 2025 09:26:14,  441557 sec) AscentControlAgent() Bouyancy nudge to 91 (v=0.079dbar/sec).
(Oct 21 2025 09:26:14,  441557 sec) PistonMoveAbsWTO()    081->091 082 083 084 085 086 [30sec, 14.5Volts, 0.356Amps, CPT:1344sec]
(Oct 21 2025 09:26:55,  441598 sec) PistonMoveAbsWTO()    086->091 087 088 089 090 091 [23sec, 14.4Volts, 0.347Amps, CPT:1367sec]
(Oct 21 2025 09:35:25,  442108 sec) Profile()            Sample 11 initiated at 751.2dbars for bin 15 [750dbars].  PTS/O2,T2,TPhase,RPhase,RawTemp/NO3/pH/FSig,BbSig,TSig/Ocr: 751.1dbars 4.7515C 34.1581PSU / 39.5uM 4.742C 56.456 8.092 634.720 / 41.7uM / -0.883035V /   54  117  570 / nan nan nan nan
(Oct 21 2025 09:41:28,  442471 sec) AscentControlAgent() Bouyancy nudge to 101 (v=0.078dbar/sec).
(Oct 21 2025 09:41:28,  442471 sec) PistonMoveAbsWTO()    091->101 092 093 094 095 096 [30sec, 14.5Volts, 0.336Amps, CPT:1397sec]
(Oct 21 2025 09:42:09,  442512 sec) PistonMoveAbsWTO()    096->101 097 098 099 100 101 [22sec, 14.4Volts, 0.338Amps, CPT:1419sec]
(Oct 21 2025 09:45:09,  442692 sec) Profile()            Sample 12 initiated at 701.2dbars for bin 16 [700dbars].  PTS/O2,T2,TPhase,RPhase,RawTemp/NO3/pH/FSig,BbSig,TSig/Ocr: 701.1dbars 5.1075C 34.0989PSU / 54.9uM 5.097C 54.436 8.100 623.745 / 39.9uM / -0.881014V /   54  117  570 / nan nan nan nan
(Oct 21 2025 09:53:05,  443168 sec) Profile()            Sample 13 initiated at 652.0dbars for bin 17 [650dbars].  PTS/O2,T2,TPhase,RPhase,RawTemp/NO3/pH/FSig,BbSig,TSig/Ocr: 651.9dbars 5.4989C 34.0474PSU / 79.9uM 5.489C 51.495 8.112 611.589 / 37.7uM / -0.878181V /   55  117  570 / nan nan nan nan
(Oct 21 2025 10:02:40,  443743 sec) Profile()            Sample 14 initiated at 601.5dbars for bin 18 [600dbars].  PTS/O2,T2,TPhase,RPhase,RawTemp/NO3/pH/FSig,BbSig,TSig/Ocr: 601.4dbars 5.8058C 34.0213PSU / 97.6uM 5.797C 49.585 8.121 602.025 / 36.0uM / -0.875882V /   53  118  569 / nan nan nan nan
(Oct 21 2025 10:06:53,  443996 sec) AscentControlAgent() Bouyancy nudge to 111 (v=0.072dbar/sec).
(Oct 21 2025 10:06:53,  443996 sec) PistonMoveAbsWTO()    101->111 102 103 104 105 106 [30sec, 14.6Volts, 0.299Amps, CPT:1449sec]
(Oct 21 2025 10:07:34,  444037 sec) PistonMoveAbsWTO()    106->111 107 108 109 110 111 [22sec, 14.5Volts, 0.301Amps, CPT:1471sec]
(Oct 21 2025 10:12:35,  444338 sec) Profile()            Sample 15 initiated at 551.3dbars for bin 19 [550dbars].  PTS/O2,T2,TPhase,RPhase,RawTemp/NO3/pH/FSig,BbSig,TSig/Ocr: 551.2dbars 6.8694C 33.9972PSU / 143.2uM 6.862C 45.139 8.154 568.714 / 30.3uM / -0.869479V /   52  120  568 / nan nan nan nan
(Oct 21 2025 10:22:28,  444931 sec) Profile()            Sample 16 initiated at 501.2dbars for bin 20 [500dbars].  PTS/O2,T2,TPhase,RPhase,RawTemp/NO3/pH/FSig,BbSig,TSig/Ocr: 501.1dbars 7.7393C 34.0065PSU / 176.8uM 7.726C 42.281 8.183 541.452 / 26.2uM / -0.864636V /   51  119  567 / nan nan nan nan
(Oct 21 2025 10:22:40,  444943 sec) AscentControlAgent() Bouyancy nudge to 121 (v=0.078dbar/sec).
(Oct 21 2025 10:22:40,  444943 sec) PistonMoveAbsWTO()    111->121 112 113 114 115 116 [30sec, 14.6Volts, 0.286Amps, CPT:1501sec]
(Oct 21 2025 10:23:21,  444984 sec) PistonMoveAbsWTO()    116->121 117 118 119 120 121 [23sec, 14.5Volts, 0.277Amps, CPT:1524sec]
(Oct 21 2025 10:31:02,  445445 sec) Profile()            Sample 17 initiated at 451.4dbars for bin 21 [450dbars].  PTS/O2,T2,TPhase,RPhase,RawTemp/NO3/pH/FSig,BbSig,TSig/Ocr: 451.2dbars 8.8296C 34.0411PSU / 214.0uM 8.824C 39.405 8.212 506.548 / 21.2uM / -0.859263V /   51  118  565 / 0x80067f9b 0x800047d2 0x80085649 0x7fffc9b6
(Oct 21 2025 10:40:11,  445994 sec) Profile()            Sample 18 initiated at 401.7dbars for bin 22 [400dbars].  PTS/O2,T2,TPhase,RPhase,RawTemp/NO3/pH/FSig,BbSig,TSig/Ocr: 401.6dbars 9.9514C 34.1022PSU / 234.3uM 9.949C 37.704 8.239 470.490 / 17.5uM / -0.855462V /   51  121  563 / 0x8006731b 0x800030f6 0x80085a1b 0x7fffc864
(Oct 21 2025 10:44:10,  446233 sec) Profile()            Sample 19 initiated at 381.8dbars for bin 23 [380dbars].  PTS/O2,T2,TPhase,RPhase,RawTemp/NO3/pH/FSig,BbSig,TSig/Ocr: 381.7dbars 10.4732C 34.1270PSU / 239.2uM 10.467C 37.184 8.251 453.802 / 15.9uM / -0.853967V /   50  116  563 / 0x80067b6d 0x80001c5b 0x80084e09 0x7fffd080
(Oct 21 2025 10:48:52,  446515 sec) Profile()            Sample 20 initiated at 361.8dbars for bin 24 [360dbars].  PTS/O2,T2,TPhase,RPhase,RawTemp/NO3/pH/FSig,BbSig,TSig/Ocr: 361.8dbars 11.0950C 34.1656PSU / 242.9uM 11.095C 36.675 8.269 433.503 / 14.5uM / -0.852460V /   50  117  562 / 0x80065ac0 0x80003600 0x8008575b 0x7fffb324
(Oct 21 2025 10:48:53,  446516 sec) AscentControlAgent() Bouyancy nudge to 131 (v=0.070dbar/sec).
(Oct 21 2025 10:48:53,  446516 sec) PistonMoveAbsWTO()    121->131 122 123 124 125 126 [30sec, 14.6Volts, 0.245Amps, CPT:1554sec]
(Oct 21 2025 10:49:34,  446557 sec) PistonMoveAbsWTO()    126->131 127 128 129 130 131 [22sec, 14.6Volts, 0.250Amps, CPT:1576sec]
(Oct 21 2025 10:51:10,  446653 sec) Profile()            Sample 21 initiated at 351.7dbars for bin 25 [350dbars].  PTS/O2,T2,TPhase,RPhase,RawTemp/NO3/pH/FSig,BbSig,TSig/Ocr: 351.6dbars 11.4123C 34.1829PSU / 244.4uM 11.422C 36.430 8.282 422.896 / 13.6uM / -0.851651V /   50  117  561 / 0x80066224 0x800018d2 0x80084392 0x7fffb892
(Oct 21 2025 10:52:56,  446759 sec) Profile()            Sample 22 initiated at 341.5dbars for bin 26 [340dbars].  PTS/O2,T2,TPhase,RPhase,RawTemp/NO3/pH/FSig,BbSig,TSig/Ocr: 341.4dbars 11.5520C 34.1919PSU / 244.1uM 11.554C 36.380 8.288 418.616 / 13.4uM / -0.851443V /   51  115  561 / 0x80065612 0x80001c40 0x80083ab6 0x7fffa876
(Oct 21 2025 10:54:42,  446865 sec) Profile()            Sample 23 initiated at 331.2dbars for bin 27 [330dbars].  PTS/O2,T2,TPhase,RPhase,RawTemp/NO3/pH/FSig,BbSig,TSig/Ocr: 331.1dbars 11.8475C 34.2118PSU / 245.2uM 11.842C 36.180 8.297 409.228 / 12.8uM / -0.850731V /   51  118  560 / 0x800678c9 0x800024ad 0x80084cc9 0x7fffacb6
(Oct 21 2025 10:56:18,  446961 sec) Profile()            Sample 24 initiated at 321.8dbars for bin 28 [320dbars].  PTS/O2,T2,TPhase,RPhase,RawTemp/NO3/pH/FSig,BbSig,TSig/Ocr: 321.7dbars 11.9715C 34.2205PSU / 246.1uM 11.969C 36.071 8.301 405.124 / 12.5uM / -0.850380V /   50  117  560 / 0x80066b80 0x80001f00 0x800852a4 0x7fff9e12
(Oct 21 2025 10:58:04,  447067 sec) Profile()            Sample 25 initiated at 311.7dbars for bin 29 [310dbars].  PTS/O2,T2,TPhase,RPhase,RawTemp/NO3/pH/FSig,BbSig,TSig/Ocr: 311.6dbars 12.2665C 34.2628PSU / 245.7uM 12.288C 35.927 8.305 394.725 / 11.8uM / -0.849695V /   51  117  560 / 0x800670ed 0x800003c9 0x800837e4 0x7fffb65b
(Oct 21 2025 11:00:01,  447184 sec) Profile()            Sample 26 initiated at 301.5dbars for bin 30 [300dbars].  PTS/O2,T2,TPhase,RPhase,RawTemp/NO3/pH/FSig,BbSig,TSig/Ocr: 301.4dbars 12.6794C 34.2738PSU / 246.0uM 12.681C 35.716 8.311 381.897 / 11.0uM / -0.848897V /   50  117  559 / 0x8006665b 0x80000940 0x8008476d 0x7fff9e76
(Oct 21 2025 11:02:10,  447313 sec) Profile()            Sample 27 initiated at 291.2dbars for bin 31 [290dbars].  PTS/O2,T2,TPhase,RPhase,RawTemp/NO3/pH/FSig,BbSig,TSig/Ocr: 291.1dbars 12.9060C 34.2862PSU / 246.7uM 12.902C 35.573 8.318 374.682 / 10.4uM / -0.848444V /   50  118  559 / 0x80067fed 0x7ffffe09 0x8008445b 0x7fffa709
(Oct 21 2025 11:04:07,  447430 sec) Profile()            Sample 28 initiated at 281.9dbars for bin 32 [280dbars].  PTS/O2,T2,TPhase,RPhase,RawTemp/NO3/pH/FSig,BbSig,TSig/Ocr: 281.8dbars 13.1868C 34.3072PSU / 247.3uM 13.179C 35.407 8.322 365.634 / 9.8uM / -0.847918V /   50  119  559 / 0x8006696d 0x7ffff91b 0x80084e2d 0x7fffa0c9
(Oct 21 2025 11:05:03,  447486 sec) AscentControlAgent() Bouyancy nudge to 141 (v=0.080dbar/sec).
(Oct 21 2025 11:05:03,  447486 sec) PistonMoveAbsWTO()    131->141 132 133 134 135 136 [30sec, 14.7Volts, 0.231Amps, CPT:1606sec]
(Oct 21 2025 11:06:24,  447567 sec) Profile()            Sample 29 initiated at 270.8dbars for bin 33 [270dbars].  PTS/O2,T2,TPhase,RPhase,RawTemp/NO3/pH/FSig,BbSig,TSig/Ocr: 270.7dbars 13.4708C 34.3344PSU / 248.7uM 13.474C 35.192 8.327 355.964 / 9.3uM / -0.847168V /   50  121  558 / 0x80064e00 0x7fffff2d 0x80082ee4 0x7fff9f12
(Oct 21 2025 11:06:24,  447567 sec) PistonMoveAbsWTO()    136->141 137 138 139 140 141 [22sec, 14.6Volts, 0.225Amps, CPT:1628sec]
(Oct 21 2025 11:07:59,  447662 sec) Profile()            Sample 30 initiated at 261.3dbars for bin 34 [260dbars].  PTS/O2,T2,TPhase,RPhase,RawTemp/NO3/pH/FSig,BbSig,TSig/Ocr: 261.2dbars 13.7897C 34.3607PSU / 247.5uM 13.800C 35.089 8.334 345.277 / 9.1uM / -0.846756V /   50  119  558 / 0x80065509 0x7fffe7db 0x80083424 0x7fff93c9
(Oct 21 2025 11:09:34,  447757 sec) Profile()            Sample 31 initiated at 251.1dbars for bin 35 [250dbars].  PTS/O2,T2,TPhase,RPhase,RawTemp/NO3/pH/FSig,BbSig,TSig/Ocr: 251.0dbars 14.1261C 34.3902PSU / 245.2uM 14.128C 35.043 8.340 334.540 / 8.7uM / -0.846293V /   50  118  557 / 0x80066349 0x7fffe764 0x80083264 0x7fff85c9
(Oct 21 2025 11:11:10,  447853 sec) Profile()            Sample 32 initiated at 241.0dbars for bin 36 [240dbars].  PTS/O2,T2,TPhase,RPhase,RawTemp/NO3/pH/FSig,BbSig,TSig/Ocr: 240.9dbars 14.3129C 34.4056PSU / 244.3uM 14.308C 34.999 8.344 328.615 / 8.3uM / -0.845848V /   50  121  557 / 0x80065a36 0x7ffffd64 0x80083140 0x7fff91e4
(Oct 21 2025 11:12:45,  447948 sec) Profile()            Sample 33 initiated at 231.2dbars for bin 37 [230dbars].  PTS/O2,T2,TPhase,RPhase,RawTemp/NO3/pH/FSig,BbSig,TSig/Ocr: 231.1dbars 14.4820C 34.4222PSU / 244.3uM 14.483C 34.916 8.349 322.882 / 8.0uM / -0.845562V /   51  119  556 / 0x80064f00 0x7fffd964 0x80082fe4 0x7fff8192
(Oct 21 2025 11:14:20,  448043 sec) Profile()            Sample 34 initiated at 221.6dbars for bin 38 [220dbars].  PTS/O2,T2,TPhase,RPhase,RawTemp/NO3/pH/FSig,BbSig,TSig/Ocr: 221.5dbars 14.7124C 34.4387PSU / 244.5uM 14.705C 34.797 8.352 315.574 / 7.5uM / -0.844993V /   50  116  556 / 0x80065ddb 0x7ffff309 0x8008291b 0x7fff8fed
(Oct 21 2025 11:16:07,  448150 sec) Profile()            Sample 35 initiated at 211.4dbars for bin 39 [210dbars].  PTS/O2,T2,TPhase,RPhase,RawTemp/NO3/pH/FSig,BbSig,TSig/Ocr: 211.3dbars 15.0346C 34.4553PSU / 244.9uM 15.028C 34.624 8.356 304.966 / 6.7uM / -0.844488V /   51  124  556 / 0x80066040 0x7fffda09 0x8008269b 0x7fff8952
(Oct 21 2025 11:18:04,  448267 sec) Profile()            Sample 36 initiated at 201.7dbars for bin 40 [200dbars].  PTS/O2,T2,TPhase,RPhase,RawTemp/NO3/pH/FSig,BbSig,TSig/Ocr: 201.6dbars 15.5424C 34.5013PSU / 244.4uM 15.533C 34.405 8.362 288.345 / 6.2uM / -0.843668V /   51  120  555 / 0x80065d2d 0x7fffbea4 0x80081bb6 0x7fff73ad
(Oct 21 2025 11:20:23,  448406 sec) Profile()            Sample 37 initiated at 191.5dbars for bin 41 [190dbars].  PTS/O2,T2,TPhase,RPhase,RawTemp/NO3/pH/FSig,BbSig,TSig/Ocr: 191.4dbars 15.8275C 34.5021PSU / 245.2uM 15.825C 34.225 8.369 278.717 / 5.5uM / -0.843051V /   51  119  555 / 0x80062ec0 0x7fffc5f6 0x80080d89 0x7fff7cc0
(Oct 21 2025 11:23:27,  448590 sec) Profile()            Sample 38 initiated at 181.5dbars for bin 42 [180dbars].  PTS/O2,T2,TPhase,RPhase,RawTemp/NO3/pH/FSig,BbSig,TSig/Ocr: 181.5dbars 17.2919C 34.6665PSU / 248.5uM 17.243C 33.407 8.395 231.965 / 2.5uM / -0.840414V /   57  120  554 / 0x80063380 0x7fffb0e4 0x800813ed 0x7fff705b
(Oct 21 2025 11:26:52,  448795 sec) Profile()            Sample 39 initiated at 171.5dbars for bin 43 [170dbars].  PTS/O2,T2,TPhase,RPhase,RawTemp/NO3/pH/FSig,BbSig,TSig/Ocr: 171.4dbars 17.7337C 34.7560PSU / 247.3uM 17.734C 33.241 8.409 215.771 / 3.7uM / -0.840544V /   61  123  552 / 0x80063da4 0x7fffa836 0x8008189b 0x7fff6e12
(Oct 21 2025 11:29:23,  448946 sec) Profile()            Sample 40 initiated at 162.0dbars for bin 44 [160dbars].  PTS/O2,T2,TPhase,RPhase,RawTemp/NO3/pH/FSig,BbSig,TSig/Ocr: 161.9dbars 17.9228C 34.7729PSU / 242.0uM 17.919C 33.411 8.413 209.670 / 3.2uM / -0.840171V /   64  124  551 / 0x8006231b 0x7fffa012 0x8007fe52 0x7fff5e2d
(Oct 21 2025 11:32:05,  449108 sec) Profile()            Sample 41 initiated at 151.4dbars for bin 45 [150dbars].  PTS/O2,T2,TPhase,RPhase,RawTemp/NO3/pH/FSig,BbSig,TSig/Ocr: 151.4dbars 18.4806C 34.8434PSU / 244.0uM 18.466C 33.067 8.415 191.630 / 2.9uM / -0.839418V /   70  127  551 / 0x80062792 0x7fffa824 0x80080180 0x7fff5ff6
(Oct 21 2025 11:35:34,  449317 sec) AscentControlAgent() Bouyancy nudge to 151 (v=0.039dbar/sec).
(Oct 21 2025 11:35:35,  449318 sec) PistonMoveAbsWTO()    141->151 142 143 144 145 146 147 [30sec, 14.8Volts, 0.205Amps, CPT:1658sec]
(Oct 21 2025 11:36:57,  449400 sec) Profile()            Sample 42 initiated at 141.0dbars for bin 46 [140dbars].  PTS/O2,T2,TPhase,RPhase,RawTemp/NO3/pH/FSig,BbSig,TSig/Ocr: 141.0dbars 19.0828C 34.9090PSU / 244.3uM 19.083C 32.775 8.432 171.293 / 2.2uM / -0.838596V /   73  129  549 / 0x80062f64 0x7fff8d92 0x8007f2c0 0x7fff6049
(Oct 21 2025 11:36:57,  449400 sec) PistonMoveAbsWTO()    147->151 148 149 150 151 [20sec, 14.7Volts, 0.193Amps, CPT:1678sec]
(Oct 21 2025 11:39:14,  449537 sec) Profile()            Sample 43 initiated at 131.3dbars for bin 47 [130dbars].  PTS/O2,T2,TPhase,RPhase,RawTemp/NO3/pH/FSig,BbSig,TSig/Ocr: 131.2dbars 19.5466C 34.9664PSU / 245.0uM 19.540C 32.542 8.434 156.264 / 2.0uM / -0.837839V /   77  134  549 / 0x80060a1b 0x7fff8e52 0x8007e9db 0x7fff4b89
(Oct 21 2025 11:41:10,  449653 sec) Profile()            Sample 44 initiated at 121.4dbars for bin 48 [120dbars].  PTS/O2,T2,TPhase,RPhase,RawTemp/NO3/pH/FSig,BbSig,TSig/Ocr: 121.3dbars 19.8229C 35.0029PSU / 245.8uM 19.842C 32.370 8.439 146.315 / 1.8uM / -0.837051V /   78  135  548 / 0x800615c0 0x7fff7c9b 0x8007ea40 0x7fff4736
(Oct 21 2025 11:43:08,  449771 sec) Profile()            Sample 45 initiated at 111.8dbars for bin 49 [110dbars].  PTS/O2,T2,TPhase,RPhase,RawTemp/NO3/pH/FSig,BbSig,TSig/Ocr: 111.8dbars 20.2167C 35.0625PSU / 249.6uM 20.238C 32.019 8.446 133.298 / 1.5uM / -0.836109V /   86  133  548 / 0x80061a36 0x7fff7012 0x8007f3d2 0x7fff4040
(Oct 21 2025 11:45:27,  449910 sec) Profile()            Sample 46 initiated at 101.4dbars for bin 50 [100dbars].  PTS/O2,T2,TPhase,RPhase,RawTemp/NO3/pH/FSig,BbSig,TSig/Ocr: 101.4dbars 20.7515C 35.1122PSU / 255.7uM 20.740C 31.526 8.454 116.790 / 1.3uM / -0.835322V /  106  133  547 / 0x8006195b 0x7fff8cd2 0x8007e152 0x7fff3fd2
(Oct 21 2025 11:46:40,  449983 sec) Profile()            Sample 47 initiated at 96.6dbars for bin 51 [95dbars].  PTS/O2,T2,TPhase,RPhase,RawTemp/NO3/pH/FSig,BbSig,TSig/Ocr: 96.5dbars 21.0188C 35.1485PSU / 256.6uM 21.001C 31.373 8.455 108.238 / 1.3uM / -0.834806V /  105  134  547 / 0x80060f00 0x7fff7f40 0x8007e476 0x7fff3b1b
(Oct 21 2025 11:48:05,  450068 sec) Profile()            Sample 48 initiated at 91.8dbars for bin 52 [90dbars].  PTS/O2,T2,TPhase,RPhase,RawTemp/NO3/pH/FSig,BbSig,TSig/Ocr: 91.7dbars 21.6410C 35.2317PSU / 259.3uM 21.602C 31.004 8.461 88.562 / 1.6uM / -0.833831V /  102  136  546 / 0x800616a4 0x7fff8480 0x8007e440 0x7fff3409
(Oct 21 2025 11:50:24,  450207 sec) Profile()            Sample 49 initiated at 86.9dbars for bin 53 [85dbars].  PTS/O2,T2,TPhase,RPhase,RawTemp/NO3/pH/FSig,BbSig,TSig/Ocr: 86.9dbars 22.0485C 35.2432PSU / 263.6uM 22.035C 30.639 8.475 74.396 / 1.4uM / -0.833217V /   86  142  546 / 0x800608ed 0x7fff53ad 0x8007e09b 0x7fff3b09
(Oct 21 2025 11:51:42,  450285 sec) AscentControlAgent() Bouyancy nudge to 156 (v=0.038dbar/sec).
(Oct 21 2025 11:51:43,  450286 sec) PistonMoveAbsWTO()    151->156 152 153 154 155 156 [24sec, 14.9Volts, 0.179Amps, CPT:1702sec]
(Oct 21 2025 11:52:58,  450361 sec) Profile()            Sample 50 initiated at 81.1dbars for bin 54 [80dbars].  PTS/O2,T2,TPhase,RPhase,RawTemp/NO3/pH/FSig,BbSig,TSig/Ocr: 81.0dbars 22.2057C 35.2472PSU / 265.8uM 22.211C 30.473 8.475 68.654 / 1.6uM / -0.832805V /   79  140  545 / 0x8005fdc0 0x7fff5676 0x8007c812 0x7fff2a40
(Oct 21 2025 11:54:11,  450434 sec) Profile()            Sample 51 initiated at 76.5dbars for bin 55 [75dbars].  PTS/O2,T2,TPhase,RPhase,RawTemp/NO3/pH/FSig,BbSig,TSig/Ocr: 76.4dbars 22.5170C 35.2031PSU / 271.0uM 22.509C 30.135 8.480 58.917 / 1.7uM / -0.832336V /   74  148  544 / 0x80060f12 0x7fff5d12 0x8007cbe4 0x7fff169b
(Oct 21 2025 11:55:35,  450518 sec) Profile()            Sample 52 initiated at 71.9dbars for bin 56 [70dbars].  PTS/O2,T2,TPhase,RPhase,RawTemp/NO3/pH/FSig,BbSig,TSig/Ocr: 71.8dbars 22.8456C 35.2220PSU / 273.4uM 22.841C 29.908 8.484 48.109 / 2.2uM / -0.831991V /   72  148  544 / 0x8005fded 0x7fff49ed 0x8007be76 0x7fff2489
(Oct 21 2025 11:57:44,  450647 sec) Profile()            Sample 53 initiated at 66.9dbars for bin 57 [65dbars].  PTS/O2,T2,TPhase,RPhase,RawTemp/NO3/pH/FSig,BbSig,TSig/Ocr: 66.9dbars 23.4153C 35.2779PSU / 272.2uM 23.388C 29.738 8.498 30.304 / 1.7uM / -0.831565V /   72  148  543 / 0x80060336 0x7fff4449 0x8007baad 0x7fff2876
(Oct 21 2025 12:02:15,  450918 sec) Profile()            Sample 54 initiated at 61.9dbars for bin 58 [60dbars].  PTS/O2,T2,TPhase,RPhase,RawTemp/NO3/pH/FSig,BbSig,TSig/Ocr: 61.9dbars 23.6614C 35.3197PSU / 271.0uM 23.625C 29.695 8.504 22.635 / 1.8uM / -0.831385V /   69  146  542 / 0x8005f7e4 0x7fff3524 0x8007ae92 0x7fff1b00
(Oct 21 2025 12:02:16,  450919 sec) AscentControlAgent() Bouyancy nudge to 161 (v=0.019dbar/sec).
(Oct 21 2025 12:02:17,  450920 sec) PistonMoveAbsWTO()    156->161 157 158 159 160 161 [24sec, 14.9Volts, 0.175Amps, CPT:1726sec]
(Oct 21 2025 12:05:10,  451093 sec) Profile()            Sample 55 initiated at 56.5dbars for bin 59 [55dbars].  PTS/O2,T2,TPhase,RPhase,RawTemp/NO3/pH/FSig,BbSig,TSig/Ocr: 56.5dbars 24.8458C 35.3954PSU / 264.7uM 24.826C 29.486 8.504 -16.194 / 2.3uM / -0.830475V /   67  147  542 / 0x8005d380 0x7fff2540 0x8007afc9 0x7fff0eed
(Oct 21 2025 12:07:23,  451226 sec) AscentControlAgent() Bouyancy nudge to 166 (v=0.017dbar/sec).
(Oct 21 2025 12:07:24,  451227 sec) PistonMoveAbsWTO()    161->166 162 163 164 165 166 [25sec, 14.9Volts, 0.169Amps, CPT:1751sec]
(Oct 21 2025 12:11:35,  451478 sec) Profile()            Sample 56 initiated at 52.0dbars for bin 60 [50dbars].  PTS/O2,T2,TPhase,RPhase,RawTemp/NO3/pH/FSig,BbSig,TSig/Ocr: 52.0dbars 25.8668C 35.4461PSU / 255.1uM 25.792C 29.519 8.524 -47.196 / 2.2uM / -0.829468V /   64  143  540 / 0x8005c1db 0x7fff1e89 0x8007a11b 0x7ffef5a4
(Oct 21 2025 12:12:31,  451534 sec) AscentControlAgent() Bouyancy nudge to 171 (v=0.014dbar/sec).
(Oct 21 2025 12:12:32,  451535 sec) PistonMoveAbsWTO()    166->171 167 168 169 170 171 [24sec, 14.9Volts, 0.169Amps, CPT:1775sec]
(Oct 21 2025 12:15:59,  451742 sec) Profile()            Sample 57 initiated at 46.8dbars for bin 61 [45dbars].  PTS/O2,T2,TPhase,RPhase,RawTemp/NO3/pH/FSig,BbSig,TSig/Ocr: 46.8dbars 26.1745C 35.4808PSU / 247.4uM 26.159C 29.717 8.535 -58.930 / 2.2uM / -0.829041V /   59  141  538 / 0x8005c924 0x7fff0ac0 0x8007a636 0x7fff0252
(Oct 21 2025 12:17:45,  451848 sec) Profile()            Sample 58 initiated at 41.8dbars for bin 62 [40dbars].  PTS/O2,T2,TPhase,RPhase,RawTemp/NO3/pH/FSig,BbSig,TSig/Ocr: 41.7dbars 26.1955C 35.4895PSU / 246.0uM 26.209C 29.759 8.537 -60.512 / 2.1uM / -0.828931V /   57  138  538 / 0x8005bbc0 0x7fff0c5b 0x80078adb 0x7fff025b
(Oct 21 2025 12:17:46,  451849 sec) AscentControlAgent() Bouyancy nudge to 176 (v=0.039dbar/sec).
(Oct 21 2025 12:17:47,  451850 sec) PistonMoveAbsWTO()    171->176 172 173 174 175 176 [24sec, 14.9Volts, 0.169Amps, CPT:1799sec]
(Oct 21 2025 12:19:13,  451936 sec) Profile()            Sample 59 initiated at 36.6dbars for bin 63 [35dbars].  PTS/O2,T2,TPhase,RPhase,RawTemp/NO3/pH/FSig,BbSig,TSig/Ocr: 36.5dbars 26.2068C 35.4874PSU / 245.7uM 26.209C 29.774 8.537 -60.524 / 2.2uM / -0.828848V /   58  141  538 / 0x8005d6c0 0x7fff0436 0x80077ca4 0x7ffee32d
(Oct 21 2025 12:20:15,  451998 sec) Profile()            Sample 60 initiated at 31.9dbars for bin 64 [30dbars].  PTS/O2,T2,TPhase,RPhase,RawTemp/NO3/pH/FSig,BbSig,TSig/Ocr: 31.8dbars 26.2124C 35.4883PSU / 245.5uM 26.216C 29.779 8.533 -60.750 / 2.1uM / -0.828762V /   57  147  537 / 0x8005c1b6 0x7fff10b6 0x800791c0 0x7ffef1a4
(Oct 21 2025 12:21:17,  452060 sec) Profile()            Sample 61 initiated at 27.0dbars for bin 65 [25dbars].  PTS/O2,T2,TPhase,RPhase,RawTemp/NO3/pH/FSig,BbSig,TSig/Ocr: 26.9dbars 26.2147C 35.4884PSU / 245.5uM 26.218C 29.779 8.533 -60.801 / 2.0uM / -0.828647V /   56  142  537 / 0x8005c3b6 0x7fff0976 0x800794e4 0x7ffee889
(Oct 21 2025 12:22:19,  452122 sec) Profile()            Sample 62 initiated at 21.9dbars for bin 66 [20dbars].  PTS/O2,T2,TPhase,RPhase,RawTemp/NO3/pH/FSig,BbSig,TSig/Ocr: 21.8dbars 26.2131C 35.4889PSU / 245.5uM 26.217C 29.780 8.531 -60.780 / 2.2uM / -0.828623V /   57  141  537 / 0x8005d352 0x7ffefc00 0x80078a5b 0x7ffeef1b
(Oct 21 2025 12:23:32,  452195 sec) Profile()            Sample 63 initiated at 16.4dbars for bin 67 [15dbars].  PTS/O2,T2,TPhase,RPhase,RawTemp/NO3/pH/FSig,BbSig,TSig/Ocr: 16.3dbars 26.2069C 35.4887PSU / 245.6uM 26.211C 29.778 8.531 -60.591 / 2.2uM / -0.828538V /   56  143  537 / 0x8005b992 0x7fff1364 0x800780d2 0x7ffee409
(Oct 21 2025 12:24:57,  452280 sec) Profile()            Sample 64 initiated at 12.0dbars for bin 68 [10dbars].  PTS/O2,T2,TPhase,RPhase,RawTemp/NO3/pH/FSig,BbSig,TSig/Ocr: 11.9dbars 26.2085C 35.4883PSU / 245.6uM 26.212C 29.774 8.530 -60.627 / 2.2uM / -0.828458V /   56  142  537 / 0x8005b4d2 0x7fff08f6 0x80078d76 0x7ffee576
(Oct 21 2025 12:26:21,  452364 sec) Profile()            Sample 65 initiated at 7.7dbars for bin 69 [6dbars].  PTS/O2,T2,TPhase,RPhase,RawTemp/NO3/pH/FSig,BbSig,TSig/Ocr: 7.6dbars 26.2086C 35.4885PSU / 245.7uM 26.212C 29.769 8.529 -60.626 / 2.2uM / -0.828429V /   57  140  537 / 0x8005cf1b 0x7ffef46d 0x80077fed 0x7ffeef09
(Oct 21 2025 12:27:07,  452410 sec) SurfaceDetect()      SurfacePressure:-0.0dbars Pressure:3.2dbars PistonPosition:176
(Oct 21 2025 12:27:08,  452411 sec) Sbe41cpStopCP()      Continuous profile stopped.
(Oct 21 2025 12:27:11,  452414 sec) PistonMoveAbsWTO()    176->198 177 178 179 180 181 182 183 184 185 186 187 188 189 190 191 192 193 194 195 196 197 198 [107sec, 14.9Volts, 0.155Amps, CPT:1906sec]
(Oct 21 2025 12:29:04,  452527 sec) chat()               Expected string [S>] not received.
(Oct 21 2025 12:30:54,  452637 sec) Sbe41cpBinAverage()  Finished averaging 12949 samples in 105 seconds.
(Oct 21 2025 12:30:59,  452642 sec) Sbe41cpUploadCP_()   Sbe41cpSerNo[20478] NSample[12949] NBin[493]
(Oct 21 2025 12:31:30,  452673 sec) Sbe41cpUploadCP_()   Continuous profile uploaded [493 lines].
(Oct 21 2025 12:31:44,  452687 sec) MscErrorLog_()       No error records to log.
(Oct 21 2025 12:31:54,  452697 sec) MscErrorLog_()       No error records to log.

<EOT>
