(Oct 02 2025 19:07:20,   53005 sec) TelemetryInit()      Profile 12. (Apf11 FwRev: 061125)
(Oct 02 2025 19:07:20,   53005 sec) TelemetryInit()      Charge consumption model: OCV:15.3V Wake-Cycles:17149 Standby:10.8days Wake:13.3kC Sensors:1.4kC
(Oct 02 2025 19:12:35,   53320 sec) GetSurfaceObs()      P/O2,T2,TPhase,RPhase,RawTemp/FSig,BbSig,TSig: 0.3dbars / 243.6uM 26.989C 29.574 8.591 -85.333 / 57,139,535
(Oct 02 2025 19:12:35,   53320 sec) GetSurfaceObs()      P/Ocr: 0.3dbars / 0x839e68d2 0x84a5de24 0x842f2064 0x845c7012
(Oct 02 2025 19:13:08,   53353 sec) GetSurfaceObs()      P/O2,T2,TPhase,RPhase,RawTemp/FSig,BbSig,TSig: 0.3dbars / 243.3uM 27.046C 29.564 8.571 -87.140 / 55,137,535
(Oct 02 2025 19:13:08,   53353 sec) GetSurfaceObs()      P/Ocr: 0.3dbars / 0x839bfd00 0x84b01436 0x843ba5c9 0x843636f6
(Oct 02 2025 19:13:41,   53386 sec) GetSurfaceObs()      P/O2,T2,TPhase,RPhase,RawTemp/FSig,BbSig,TSig: 0.2dbars / 243.9uM 26.956C 29.572 8.565 -84.268 / 55,137,535
(Oct 02 2025 19:13:41,   53386 sec) GetSurfaceObs()      P/Ocr: 0.2dbars / 0x83fc8f09 0x853f4bdb 0x84ccf840 0x84cf1376
(Oct 02 2025 19:14:14,   53419 sec) GetSurfaceObs()      P/O2,T2,TPhase,RPhase,RawTemp/FSig,BbSig,TSig: 0.1dbars / 243.3uM 27.047C 29.566 8.561 -87.156 / 56,143,535
(Oct 02 2025 19:14:15,   53420 sec) GetSurfaceObs()      P/Ocr: 0.1dbars / 0x83dbbc89 0x85147424 0x84a3a512 0x84b67e52
(Oct 02 2025 19:17:25,   53610 sec) AirSystem()          Battery [216cnt, 15.2V]  Current [20cnt, 77.5mA]  Pneumometer [156cnt, 18.3psi]  Run-Time [91s]
(Oct 02 2025 19:17:38,   53623 sec) GetSurfaceObs()      P/O2,T2,TPhase,RPhase,RawTemp/FSig,BbSig,TSig: -0.1dbars / 249.9uM 25.713C 29.774 8.583 -44.671 / 56,139,535
(Oct 02 2025 19:17:38,   53623 sec) GetSurfaceObs()      P/Ocr: -0.1dbars / 0x87bc29e4 0x8b324b12 0x8a84a0a4 0x8b06dd92
(Oct 02 2025 19:18:12,   53657 sec) GetSurfaceObs()      P/O2,T2,TPhase,RPhase,RawTemp/FSig,BbSig,TSig: 0.2dbars / 249.4uM 25.608C 29.840 8.567 -41.317 / 56,137,534
(Oct 02 2025 19:18:12,   53657 sec) GetSurfaceObs()      P/Ocr: 0.2dbars / 0x88a9855b 0x8d739864 0x8c379fad 0x8c174d64
(Oct 02 2025 19:18:45,   53690 sec) GetSurfaceObs()      P/O2,T2,TPhase,RPhase,RawTemp/FSig,BbSig,TSig: 0.0dbars / 249.9uM 25.578C 29.826 8.560 -40.354 / 55,139,534
(Oct 02 2025 19:18:45,   53690 sec) GetSurfaceObs()      P/Ocr: 0.0dbars / 0x88a1b6db 0x8cef3552 0x8bc6391b 0x8ca08052
(Oct 02 2025 19:19:18,   53723 sec) GetSurfaceObs()      P/O2,T2,TPhase,RPhase,RawTemp/FSig,BbSig,TSig: -0.1dbars / 241.8uM 26.686C 29.766 8.558 -75.701 / 55,140,535
(Oct 02 2025 19:19:18,   53723 sec) GetSurfaceObs()      P/Ocr: -0.1dbars / 0x88c7556d 0x8d1f3ced 0x8bd7401b 0x8c9ac512
(Oct 02 2025 19:19:51,   53756 sec) GetSurfaceObs()      P/O2,T2,TPhase,RPhase,RawTemp/FSig,BbSig,TSig: -0.0dbars / 249.4uM 25.706C 29.799 8.558 -44.458 / 54,232,535
(Oct 02 2025 19:19:51,   53756 sec) GetSurfaceObs()      P/Ocr: -0.0dbars / 0x889b62f6 0x8d219612 0x8c20ac64 0x8cab1a36
(Oct 02 2025 19:20:24,   53789 sec) GetSurfaceObs()      P/O2,T2,TPhase,RPhase,RawTemp/FSig,BbSig,TSig: 0.2dbars / 248.2uM 25.957C 29.758 8.557 -52.474 / 54,137,534
(Oct 02 2025 19:20:24,   53789 sec) GetSurfaceObs()      P/Ocr: 0.2dbars / 0x89442ff6 0x8e8dcd92 0x8cb669ed 0x8d7437a4
(Oct 02 2025 19:20:58,   53823 sec) GetSurfaceObs()      P/O2,T2,TPhase,RPhase,RawTemp/FSig,BbSig,TSig: 0.1dbars / 248.9uM 25.783C 29.791 8.558 -46.913 / 55,135,534
(Oct 02 2025 19:20:58,   53823 sec) GetSurfaceObs()      P/Ocr: 0.1dbars / 0x8a5c1bdb 0x8fbf239b 0x8e656800 0x8f0d3a09
(Oct 02 2025 19:21:31,   53856 sec) GetSurfaceObs()      P/O2,T2,TPhase,RPhase,RawTemp/FSig,BbSig,TSig: 0.0dbars / 246.6uM 26.049C 29.795 8.556 -55.417 / 55,155,534
(Oct 02 2025 19:21:31,   53856 sec) GetSurfaceObs()      P/Ocr: 0.0dbars / 0x8948ab00 0x8d945189 0x8c54f349 0x8cd83776
(Oct 02 2025 19:21:39,   53864 sec) AirSystem()          Air-bladder inflation by-passed. Pneumatic Pressure: [155cnt, 18.2psi].
(Oct 02 2025 19:22:20,   53905 sec) GetSurfaceObs()      P/O2,T2,TPhase,RPhase,RawTemp/FSig,BbSig,TSig: 0.1dbars / 249.0uM 25.908C 29.740 8.562 -50.900 / 55,137,535
(Oct 02 2025 19:22:20,   53905 sec) GetSurfaceObs()      P/Ocr: 0.1dbars / 0x8bc93b12 0x90af0aa4 0x903b9252 0x91deb836
(Oct 02 2025 19:22:22,   53907 sec) GpsServices()        GPS almanac is current.
(Oct 02 2025 19:22:22,   53907 sec) GpsServices()        Initiating GPS fix acquisition.
(Oct 02 2025 19:22:26,   53911 sec) gga()                $GPGGA,192250,2737.0657,N,15756.0165,W,0,00,,,M,,M,,*45
(Oct 02 2025 19:22:46,   53931 sec) gga()                $GPGGA,192310,2737.0657,N,15756.0165,W,0,00,,,M,,M,,*40
(Oct 02 2025 19:22:56,   53941 sec) gga()                $GPGGA,192320,2737.0657,N,15756.0165,W,0,00,,,M,,M,,*43
(Oct 02 2025 19:23:06,   53951 sec) gga()                $GPGGA,192330,2737.0657,N,15756.0165,W,0,00,,,M,,M,,*42
(Oct 02 2025 19:23:16,   53961 sec) gga()                $GPGGA,192340,2737.0657,N,15756.0165,W,0,00,,,M,,M,,*45
(Oct 02 2025 19:23:26,   53971 sec) gga()                $GPGGA,192350,2737.0657,N,15756.0165,W,0,00,,,M,,M,,*44
(Oct 02 2025 19:23:36,   53981 sec) gga()                $GPGGA,192400,2737.0657,N,15756.0165,W,0,00,,,M,,M,,*46
(Oct 02 2025 19:23:37,   53982 sec) gga()                $GPGGA,192400,2737.0657,N,15756.0165,W,0,00,,,M,,M,,*46
(Oct 02 2025 19:23:46,   53991 sec) gga()                $GPGGA,192410,2737.0657,N,15756.0165,W,0,00,,,M,,M,,*47
(Oct 02 2025 19:23:56,   54001 sec) gga()                $GPGGA,192420,2737.0657,N,15756.0165,W,0,00,,,M,,M,,*44
(Oct 02 2025 19:24:06,   54011 sec) gga()                $GPGGA,192430,2737.0657,N,15756.0165,W,0,00,,,M,,M,,*45
(Oct 02 2025 19:24:07,   54012 sec) gga()                $GPGGA,192430,2737.0657,N,15756.0165,W,0,00,,,M,,M,,*45
(Oct 02 2025 19:24:16,   54021 sec) gga()                $GPGGA,192440,2737.0657,N,15756.0165,W,0,00,,,M,,M,,*42
(Oct 02 2025 19:24:36,   54041 sec) gga()                $GPGGA,192500,2737.0657,N,15756.0165,W,0,00,,,M,,M,,*47
(Oct 02 2025 19:24:37,   54042 sec) gga()                $GPGGA,192500,2737.0657,N,15756.0165,W,0,00,,,M,,M,,*47
(Oct 02 2025 19:24:46,   54051 sec) gga()                $GPGGA,192510,2737.0657,N,15756.0165,W,0,00,,,M,,M,,*46
(Oct 02 2025 19:24:56,   54061 sec) gga()                $GPGGA,192520,2737.0657,N,15756.0165,W,0,00,,,M,,M,,*45
(Oct 02 2025 19:25:07,   54072 sec) gga()                $GPGGA,192530,2737.3751,N,15755.8313,W,1,10,0.8,-8.6,M,-5.8,M,,*6D
(Oct 02 2025 19:25:07,   54072 sec) GpsServices()        Profile 12 GPS fix obtained in 165 seconds.
(Oct 02 2025 19:25:07,   54072 sec) GpsServices()                   lon      lat mm/dd/yyyy hhmmss nsat
(Oct 02 2025 19:25:07,   54072 sec) GpsServices()        Fix: -157.9305  27.6229 10/02/2025 192530   10
(Oct 02 2025 19:25:17,   54082 sec) gga()                $GPGGA,192540,2737.3765,N,15755.8299,W,1,10,0.8,-7.2,M,-5.8,M,,*65
(Oct 02 2025 19:25:26,   54091 sec) gga()                $GPGGA,192550,2737.3775,N,15755.8294,W,1,10,0.8,-6.4,M,-5.8,M,,*6F
(Oct 02 2025 19:25:26,   54091 sec) GpsServices()        APF11 RTC skew (-24s) OK.
(Oct 02 2025 19:25:26,   54091 sec) GpsServices()        GPS services complete.
(Oct 02 2025 19:25:54,   54119 sec) IrGeoLoc()           <x,y,z>=<-5236km,-2132km,2940km> lat=27.633 lon=-157.845 IrSysTime=0xee209a4b
(Oct 02 2025 19:25:57,   54122 sec) CLogin()             Connecting to primary host.
(Oct 02 2025 19:26:13,   54138 sec) CLogin()             Connection 1 established in 16 seconds.
(Oct 02 2025 19:26:43,   54168 sec) expect()             Attempt to read prompt string [login:] failed.
(Oct 02 2025 19:26:43,   54168 sec) login()              Login prompt not received.
(Oct 02 2025 19:26:56,   54181 sec) login()              Login successful.
(Oct 02 2025 19:27:01,   54186 sec) chat()               Expected string [cmd>] not received.
(Oct 02 2025 19:27:01,   54186 sec) login()              Attempt to set the command prompt failed.
(Oct 02 2025 19:27:12,   54197 sec) CLogin()             Logged in to host.  [Login required 59 seconds]
(Oct 02 2025 19:27:16,   54201 sec) RxConfig()           Downloading "mission.cfg" from host.
(Oct 02 2025 19:27:28,   54213 sec) RxConfig()           Download successful: [bytes:83, sec:10.5, bps:8]
(Oct 02 2025 19:27:32,   54217 sec) WriteVitals_()       Writing vitals to "23808.012.msg".
(Oct 02 2025 19:27:37,   54222 sec) UpLoadFile()         Uploading "23808.012.log" to host.
(Oct 02 2025 19:30:24,   54389 sec) UpLoadFile()         Upload successful: [bytes:42336, sec:166.6, bps:254]
(Oct 02 2025 19:30:25,   54390 sec) fmove()              Moved: 23808.012.log -> archive/23808.012.log
(Oct 02 2025 19:30:30,   54395 sec) UpLoadFile()         Uploading "23808.012.msg" to host.
(Oct 02 2025 19:31:53,   54478 sec) UpLoadFile()         Upload successful: [bytes:22180, sec:82.3, bps:269]
(Oct 02 2025 19:31:54,   54479 sec) fmove()              Moved: 23808.012.msg -> archive/23808.012.msg
(Oct 02 2025 19:31:57,   54482 sec) UpLoadFile()         Uploading "23808.012.isus" to host.
(Oct 02 2025 19:33:56,   54601 sec) UpLoadFile()         Upload successful: [bytes:24394, sec:119.0, bps:205]
(Oct 02 2025 19:33:58,   54603 sec) fmove()              Moved: 23808.012.isus -> archive/23808.012.isus
(Oct 02 2025 19:34:01,   54606 sec) UpLoadFile()         Uploading "23808.012.dura" to host.
(Oct 02 2025 19:35:03,   54668 sec) UpLoadFile()         Upload successful: [bytes:11982, sec:62.2, bps:193]
(Oct 02 2025 19:35:05,   54670 sec) fmove()              Moved: 23808.012.dura -> archive/23808.012.dura
(Oct 02 2025 19:35:06,   54671 sec) UpLoad()             Files successfully uploaded: 4
(Oct 02 2025 19:35:06,   54671 sec) UpLoad()             Upload complete.
(Oct 02 2025 19:35:13,   54678 sec) chat()               Expected string [logout] not received.
(Oct 02 2025 19:35:13,   54678 sec) logout()             Attempt to log-out failed.
(Oct 02 2025 19:35:13,   54678 sec) logout()             No carrier detected.
(Oct 02 2025 19:35:13,   54678 sec) Telemetry()          Telemetry cycle complete: PrfId=12 ConnectionAttempts=1  Connections=1
(Oct 02 2025 19:35:13,   54678 sec) TelemetryTerminate() Parsing new mission configuration.
(Oct 02 2025 19:35:14,   54679 sec) configure()          Parsing configurators in "mission.cfg".
(Oct 02 2025 19:35:14,   54679 sec) configure()             TelemetryRetry(15)      [0x7BBC] [TelemetryRetry(15)].
(Oct 02 2025 19:35:14,   54679 sec) configure()             DeepProfilePistonPos(9) [CRC=0xFF37] [DeepProfilePistonPos(9)].
(Oct 02 2025 19:35:14,   54679 sec) configure()             DeepProfilePressure(2025) [CRC=0x5FF2] [ProfilePressure(2025)].
(Oct 02 2025 19:35:15,   54680 sec) configure()          Configuration CRCs and syntax OK.
(Oct 02 2025 19:35:15,   54680 sec) ConfigSupervisor()   Sanity check violated: cfg->TimeDeepProfileDescent >= (cfg->PressureProfile-cfg->PressurePark)/dPdt
(Oct 02 2025 19:35:15,   54680 sec) ConfigSupervisor()   Configuration accepted.
(Oct 02 2025 19:35:15,   54680 sec) TelemetryTerminate() Reconditioning the file system.
(Oct 02 2025 19:35:17,       0 sec) DescentInit()        Deep profile 13 initiated at mission-time 54682sec.
(Oct 02 2025 19:35:18,       1 sec) DescentInit()        Surface pressure: -0.1dbars.
(Oct 02 2025 19:35:18,       1 sec) DescentInit()        Charge consumption model: OCV:15.0V Wake-Cycles:17150 Standby:10.8days Wake:13.3kC Sleep:1.4kC
(Oct 02 2025 19:35:30,      13 sec) DescentInit()        Pneumatic humidity: 2894(60.3%) -> 2899(60.5%)
(Oct 02 2025 19:35:30,      13 sec) PistonMoveAbsWTO()    198->069 197 196 195 194 193 192 191 190 189 188 187 186 185 184 183 182 181 180 179 178 177 176 175 174 173 172 171 170 169 168 167 166 165 164 163 162 161 160 159 158 157 156 155 154 153 152 151 150 149 148 147 146 145 144 143 142 141 140 139 138 137 136 135 134 133 132 131 130 129 128 127 126 125 124 123 122 121 120 119 118 117 116 115 114 113 112 111 110 109 108 107 106 105 104 103 102 101 100 099 098 097 096 095 094 093 092 091 090 089 088 087 086 085 084 083 082 081 080 079 078 077 076 075 074 073 072 071 070 069 [630sec, 15.0Volts, 0.126Amps, CPT:630sec]
(Oct 02 2025 19:46:05,     648 sec) DescentInit()        Air solenoid open: Barometer [209cnt,  12.2psi]  Pneumometer [107cnt,  12.6psi]
(Oct 02 2025 19:46:15,     658 sec) Descent()            Pressure: 55.5
(Oct 02 2025 20:35:17,    3600 sec) Descent()            Pressure: 448.4
(Oct 02 2025 21:35:17,    7200 sec) Descent()            Pressure: 719.5
(Oct 02 2025 22:35:17,   10800 sec) Descent()            Pressure: 792.6
(Oct 02 2025 23:35:17,   14400 sec) Descent()            Pressure: 796.9
(Oct 02 2025 23:35:18,   14401 sec) ParkInit()           Charge consumption model: OCV:15.5V Wake-Cycles:17155 Standby:10.9days Wake:13.6kC Sensors:1.4kC
(Oct 03 2025 02:35:49,   25232 sec) CtdPower()           [  798.95,  4.4963, 34.2247]
(Oct 03 2025 02:35:49,   25232 sec) CtdPower()           CTD Power consumption [219VCnt 3ACnt]: 15.412Volts * 0.012Amps = 0.18Watts.
(Oct 03 2025 02:35:55,   25238 sec) ParkTerminate()      Piston Position:69 Vacuum:191 HumidityAd12:4094(inf%) Vq:220 Aq:2 Vsbe:219 Asbe:3 Vflbb:217 Aflbb:11 Vopt:217 Aopt:13 Vocr:218 Aocr:7 MuxTemp:4.609C MuxHumidity:6.5%
(Oct 03 2025 02:36:25,   25268 sec) ParkTerminate()      PTS/O2,T2,TPhase,RawTemp: 799.0dbars 4.4984C 34.2192PSU / 36.5uM 4.490C 56.921 8.170 642.458
(Oct 03 2025 02:36:25,   25268 sec) ParkTerminate()      FLBB FSig, BbSig, TSig: 55, 115, 571 / Ocr: nan nan nan nan
(Oct 03 2025 02:36:26,   25269 sec) GoDeepInit()         Charge consumption model: OCV:15.4V Wake-Cycles:17158 Standby:11.0days Wake:13.6kC Sensors:1.4kC
(Oct 03 2025 02:36:26,   25269 sec) GoDeepInit()         Moving piston.
(Oct 03 2025 02:36:26,   25269 sec) PistonMoveAbsWTO()    069->009 068 067 066 065 064 063 062 061 060 059 058 057 056 055 054 053 052 051 050 049 048 047 046 045 044 043 042 041 040 039 038 037 036 035 034 033 032 031 030 029 028 027 026 025 024 023 022 021 020 019 018 017 016 015 014 013 012 011 010 009 [296sec, 14.9Volts, 0.062Amps, CPT:926sec]
(Oct 03 2025 04:35:17,   32400 sec) ProfileInit()        Charge consumption model: OCV:15.5V Wake-Cycles:17181 Standby:11.1days Wake:13.6kC Sensors:1.4kC
(Oct 03 2025 04:35:17,   32400 sec) ProfileInit()        PrfId:013  Pressure:1525.4dbar  pTable[5]:1500dbar
(Oct 03 2025 04:35:19,   32402 sec) ProfileInit()        Muxer PPIs K{1,2} quiescent: 15.41V, 0.1mA, 1.5mW
(Oct 03 2025 04:35:23,   32406 sec) ProfileInit()        ISUS powered up.
(Oct 03 2025 04:35:26,   32409 sec) ProfileInit()        Muxer PPIs K{1,2} w/ ISUS awake: 15.23V, 53.8mA, 819.5mW
(Oct 03 2025 04:35:33,   32416 sec) MscErrorLog_()       No error records to log.
(Oct 03 2025 04:35:40,   32423 sec) ProfileInit()        DURA powered up.
(Oct 03 2025 04:35:44,   32427 sec) ProfileInit()        Muxer PPIs K{1,2} w/ DURA awake: 15.21V, 48.6mA, 739.3mW
(Oct 03 2025 04:35:49,   32432 sec) MscErrorLog_()       No error records to log.
(Oct 03 2025 04:35:55,   32438 sec) PistonMoveAbsWTO()    009->031 010 011 012 013 014 015 [30sec, 14.6Volts, 0.507Amps, CPT:956sec]
(Oct 03 2025 04:36:36,   32479 sec) PistonMoveAbsWTO()    015->031 016 017 018 019 020 [30sec, 14.4Volts, 0.510Amps, CPT:986sec]
(Oct 03 2025 04:37:17,   32520 sec) PistonMoveAbsWTO()    020->031 021 022 023 024 025 [30sec, 14.3Volts, 0.504Amps, CPT:1016sec]
(Oct 03 2025 04:37:58,   32561 sec) PistonMoveAbsWTO()    025->031 026 027 028 029 030 031 [30sec, 14.2Volts, 0.507Amps, CPT:1046sec]
(Oct 03 2025 04:43:49,   32912 sec) Profile()            Sample 0 initiated at 1501.4dbars for bin 5 [1500dbars].  PTS/O2,T2,TPhase,RPhase,RawTemp/NO3/pH/FSig,BbSig,TSig/Ocr: 1499.6dbars 2.8061C 34.5501PSU / 72.9uM 2.802C 53.250 8.129 693.896 / 41.8uM / -0.884335V /   54  113  573 / nan nan nan nan
(Oct 03 2025 04:50:27,   33310 sec) AscentControlAgent() Bouyancy nudge to 41 (v=0.067dbar/sec).
(Oct 03 2025 04:50:27,   33310 sec) PistonMoveAbsWTO()    031->041 032 033 034 035 036 [30sec, 14.5Volts, 0.501Amps, CPT:1076sec]
(Oct 03 2025 04:51:08,   33351 sec) PistonMoveAbsWTO()    036->041 037 038 039 040 041 [25sec, 14.4Volts, 0.492Amps, CPT:1101sec]
(Oct 03 2025 05:01:54,   33997 sec) Profile()            Sample 1 initiated at 1401.5dbars for bin 6 [1400dbars].  PTS/O2,T2,TPhase,RPhase,RawTemp/NO3/pH/FSig,BbSig,TSig/Ocr: 1399.5dbars 3.0038C 34.5321PSU / 67.2uM 2.997C 53.777 8.141 688.018 / 42.2uM / -0.884349V /   53  113  573 / nan nan nan nan
(Oct 03 2025 05:20:09,   35092 sec) Profile()            Sample 2 initiated at 1301.8dbars for bin 7 [1300dbars].  PTS/O2,T2,TPhase,RPhase,RawTemp/NO3/pH/FSig,BbSig,TSig/Ocr: 1300.1dbars 3.1999C 34.5153PSU / 63.0uM 3.193C 54.157 8.145 682.072 / 42.4uM / -0.884029V /   54  114  573 / nan nan nan nan
(Oct 03 2025 05:26:15,   35458 sec) AscentControlAgent() Bouyancy nudge to 51 (v=0.071dbar/sec).
(Oct 03 2025 05:26:15,   35458 sec) PistonMoveAbsWTO()    041->051 042 043 044 045 046 [30sec, 14.6Volts, 0.453Amps, CPT:1131sec]
(Oct 03 2025 05:26:56,   35499 sec) PistonMoveAbsWTO()    046->051 047 048 049 050 051 [25sec, 14.5Volts, 0.449Amps, CPT:1156sec]
(Oct 03 2025 05:41:00,   36343 sec) Profile()            Sample 3 initiated at 1201.6dbars for bin 8 [1200dbars].  PTS/O2,T2,TPhase,RPhase,RawTemp/NO3/pH/FSig,BbSig,TSig/Ocr: 1200.0dbars 3.4164C 34.4939PSU / 57.5uM 3.410C 54.696 8.148 675.489 / 42.7uM / -0.883732V /   55  115  572 / nan nan nan nan
(Oct 03 2025 05:41:35,   36378 sec) AscentControlAgent() Bouyancy nudge to 61 (v=0.074dbar/sec).
(Oct 03 2025 05:41:35,   36378 sec) PistonMoveAbsWTO()    051->061 052 053 054 055 056 [30sec, 14.6Volts, 0.433Amps, CPT:1186sec]
(Oct 03 2025 05:42:16,   36419 sec) PistonMoveAbsWTO()    056->061 057 058 059 060 061 [24sec, 14.4Volts, 0.425Amps, CPT:1210sec]
(Oct 03 2025 05:58:42,   37405 sec) Profile()            Sample 4 initiated at 1101.3dbars for bin 9 [1100dbars].  PTS/O2,T2,TPhase,RPhase,RawTemp/NO3/pH/FSig,BbSig,TSig/Ocr: 1099.3dbars 3.6766C 34.4517PSU / 47.5uM 3.669C 55.768 8.153 667.605 / 43.1uM / -0.884009V /   55  114  572 / nan nan nan nan
(Oct 03 2025 06:12:20,   38223 sec) AscentControlAgent() Bouyancy nudge to 71 (v=0.069dbar/sec).
(Oct 03 2025 06:12:20,   38223 sec) PistonMoveAbsWTO()    061->071 062 063 064 065 066 [30sec, 14.7Volts, 0.405Amps, CPT:1240sec]
(Oct 03 2025 06:13:01,   38264 sec) PistonMoveAbsWTO()    066->071 067 068 069 070 071 [24sec, 14.5Volts, 0.401Amps, CPT:1264sec]
(Oct 03 2025 06:18:36,   38599 sec) Profile()            Sample 5 initiated at 1001.8dbars for bin 10 [1000dbars].  PTS/O2,T2,TPhase,RPhase,RawTemp/NO3/pH/FSig,BbSig,TSig/Ocr: 999.8dbars 3.8743C 34.3908PSU / 35.5uM 3.866C 57.203 8.157 661.573 / 43.8uM / -0.884569V /   55  114  572 / nan nan nan nan
(Oct 03 2025 06:21:57,   38800 sec) Sbe41cpStartCP()     Continuous profile started.
(Oct 03 2025 06:27:21,   39124 sec) Profile()            Sample 6 initiated at 952.0dbars for bin 11 [950dbars].  PTS/O2,T2,TPhase,RPhase,RawTemp/NO3/pH/FSig,BbSig,TSig/Ocr: 951.9dbars 4.0030C 34.3584PSU / 31.5uM 3.995C 57.695 8.161 657.649 / 43.8uM / -0.884691V /   55  115  572 / nan nan nan nan
(Oct 03 2025 06:37:43,   39746 sec) Profile()            Sample 7 initiated at 901.8dbars for bin 12 [900dbars].  PTS/O2,T2,TPhase,RPhase,RawTemp/NO3/pH/FSig,BbSig,TSig/Ocr: 901.7dbars 4.1319C 34.3203PSU / 29.7uM 4.124C 57.902 8.165 653.694 / 43.7uM / -0.884520V /   56  114  571 / nan nan nan nan
(Oct 03 2025 06:37:45,   39748 sec) AscentControlAgent() Bouyancy nudge to 81 (v=0.075dbar/sec).
(Oct 03 2025 06:37:45,   39748 sec) PistonMoveAbsWTO()    071->081 072 073 074 075 076 [30sec, 14.5Volts, 0.376Amps, CPT:1294sec]
(Oct 03 2025 06:38:26,   39789 sec) PistonMoveAbsWTO()    076->081 077 078 079 080 081 [24sec, 14.4Volts, 0.371Amps, CPT:1318sec]
(Oct 03 2025 06:46:26,   40269 sec) Profile()            Sample 8 initiated at 851.7dbars for bin 13 [850dbars].  PTS/O2,T2,TPhase,RPhase,RawTemp/NO3/pH/FSig,BbSig,TSig/Ocr: 851.6dbars 4.3037C 34.2695PSU / 29.7uM 4.297C 57.873 8.166 648.403 / 43.5uM / -0.884208V /   55  115  571 / nan nan nan nan
(Oct 03 2025 06:54:58,   40781 sec) Profile()            Sample 9 initiated at 801.8dbars for bin 14 [800dbars].  PTS/O2,T2,TPhase,RPhase,RawTemp/NO3/pH/FSig,BbSig,TSig/Ocr: 801.7dbars 4.4775C 34.2264PSU / 33.1uM 4.469C 57.365 8.170 643.114 / 43.0uM / -0.883461V /   55  118  571 / nan nan nan nan
(Oct 03 2025 07:03:16,   41279 sec) AscentControlAgent() Bouyancy nudge to 91 (v=0.072dbar/sec).
(Oct 03 2025 07:03:16,   41279 sec) PistonMoveAbsWTO()    081->091 082 083 084 085 086 [30sec, 14.6Volts, 0.340Amps, CPT:1348sec]
(Oct 03 2025 07:03:57,   41320 sec) PistonMoveAbsWTO()    086->091 087 088 089 090 091 [24sec, 14.5Volts, 0.336Amps, CPT:1372sec]
(Oct 03 2025 07:05:41,   41424 sec) Profile()            Sample 10 initiated at 751.3dbars for bin 15 [750dbars].  PTS/O2,T2,TPhase,RPhase,RawTemp/NO3/pH/FSig,BbSig,TSig/Ocr: 751.2dbars 4.7515C 34.1726PSU / 42.0uM 4.743C 56.132 8.176 634.687 / 42.0uM / -0.882196V /   55  115  570 / nan nan nan nan
(Oct 03 2025 07:13:25,   41888 sec) AscentControlAgent() Bouyancy nudge to 101 (v=0.076dbar/sec).
(Oct 03 2025 07:13:26,   41889 sec) PistonMoveAbsWTO()    091->101 092 093 094 095 096 [30sec, 14.6Volts, 0.326Amps, CPT:1402sec]
(Oct 03 2025 07:14:08,   41931 sec) PistonMoveAbsWTO()    096->101 097 098 099 100 101 [22sec, 14.5Volts, 0.327Amps, CPT:1424sec]
(Oct 03 2025 07:15:50,   42033 sec) Profile()            Sample 11 initiated at 701.3dbars for bin 16 [700dbars].  PTS/O2,T2,TPhase,RPhase,RawTemp/NO3/pH/FSig,BbSig,TSig/Ocr: 701.2dbars 5.1114C 34.1162PSU / 56.7uM 5.101C 54.226 8.182 623.637 / 40.5uM / -0.880301V /   54  117  570 / nan nan nan nan
(Oct 03 2025 07:23:59,   42522 sec) Profile()            Sample 12 initiated at 651.5dbars for bin 17 [650dbars].  PTS/O2,T2,TPhase,RPhase,RawTemp/NO3/pH/FSig,BbSig,TSig/Ocr: 651.4dbars 5.4831C 34.0708PSU / 77.5uM 5.476C 51.754 8.190 612.019 / 38.5uM / -0.877916V /   54  117  570 / nan nan nan nan
(Oct 03 2025 07:32:53,   43056 sec) Profile()            Sample 13 initiated at 601.8dbars for bin 18 [600dbars].  PTS/O2,T2,TPhase,RPhase,RawTemp/NO3/pH/FSig,BbSig,TSig/Ocr: 601.8dbars 5.9192C 34.0264PSU / 100.0uM 5.905C 49.311 8.198 598.656 / 36.2uM / -0.874838V /   53  117  569 / nan nan nan nan
(Oct 03 2025 07:39:20,   43443 sec) AscentControlAgent() Bouyancy nudge to 111 (v=0.071dbar/sec).
(Oct 03 2025 07:39:21,   43444 sec) PistonMoveAbsWTO()    101->111 102 103 104 105 106 [30sec, 14.6Volts, 0.296Amps, CPT:1454sec]
(Oct 03 2025 07:40:02,   43485 sec) PistonMoveAbsWTO()    106->111 107 108 109 110 111 [22sec, 14.6Volts, 0.289Amps, CPT:1476sec]
(Oct 03 2025 07:43:34,   43697 sec) Profile()            Sample 14 initiated at 551.8dbars for bin 19 [550dbars].  PTS/O2,T2,TPhase,RPhase,RawTemp/NO3/pH/FSig,BbSig,TSig/Ocr: 551.8dbars 6.6469C 34.0016PSU / 134.7uM 6.643C 45.928 8.216 575.587 / 32.2uM / -0.870461V /   54  119  568 / nan nan nan nan
(Oct 03 2025 07:52:50,   44253 sec) Profile()            Sample 15 initiated at 502.0dbars for bin 20 [500dbars].  PTS/O2,T2,TPhase,RPhase,RawTemp/NO3/pH/FSig,BbSig,TSig/Ocr: 501.9dbars 7.6499C 34.0057PSU / 173.0uM 7.640C 42.577 8.242 544.171 / 27.5uM / -0.865106V /   53  118  567 / nan nan nan nan
(Oct 03 2025 08:03:26,   44889 sec) Profile()            Sample 16 initiated at 451.8dbars for bin 21 [450dbars].  PTS/O2,T2,TPhase,RPhase,RawTemp/NO3/pH/FSig,BbSig,TSig/Ocr: 451.7dbars 8.4906C 34.0239PSU / 204.1uM 8.478C 40.162 8.257 517.587 / 23.1uM / -0.860306V /   52  120  565 / 0x8006ae09 0x80001912 0x80088ca4 0x7fffe600
(Oct 03 2025 08:04:55,   44978 sec) AscentControlAgent() Bouyancy nudge to 121 (v=0.067dbar/sec).
(Oct 03 2025 08:04:56,   44979 sec) PistonMoveAbsWTO()    111->121 112 113 114 115 116 117 [30sec, 14.7Volts, 0.268Amps, CPT:1506sec]
(Oct 03 2025 08:05:37,   45020 sec) PistonMoveAbsWTO()    117->121 118 119 120 121 [21sec, 14.6Volts, 0.266Amps, CPT:1527sec]
(Oct 03 2025 08:13:47,   45510 sec) Profile()            Sample 17 initiated at 401.1dbars for bin 22 [400dbars].  PTS/O2,T2,TPhase,RPhase,RawTemp/NO3/pH/FSig,BbSig,TSig/Ocr: 401.0dbars 9.9036C 34.1009PSU / 236.3uM 9.898C 37.628 8.285 472.125 / 18.1uM / -0.855076V /   51  118  564 / 0x80069b12 0x800001f6 0x80087440 0x7fffeb52
(Oct 03 2025 08:18:07,   45770 sec) Profile()            Sample 18 initiated at 381.3dbars for bin 23 [380dbars].  PTS/O2,T2,TPhase,RPhase,RawTemp/NO3/pH/FSig,BbSig,TSig/Ocr: 381.2dbars 10.3551C 34.1270PSU / 241.0uM 10.351C 37.150 8.294 457.530 / 16.9uM / -0.853791V /   50  119  563 / 0x800687e4 0x800006c0 0x800880c9 0x7fffd15b
(Oct 03 2025 08:20:09,   45892 sec) AscentControlAgent() Bouyancy nudge to 131 (v=0.074dbar/sec).
(Oct 03 2025 08:20:09,   45892 sec) PistonMoveAbsWTO()    121->131 122 123 124 125 126 [30sec, 14.7Volts, 0.252Amps, CPT:1557sec]
(Oct 03 2025 08:20:50,   45933 sec) PistonMoveAbsWTO()    126->131 127 128 129 130 131 [23sec, 14.6Volts, 0.247Amps, CPT:1580sec]
(Oct 03 2025 08:22:14,   46017 sec) Profile()            Sample 19 initiated at 361.8dbars for bin 24 [360dbars].  PTS/O2,T2,TPhase,RPhase,RawTemp/NO3/pH/FSig,BbSig,TSig/Ocr: 361.7dbars 10.7027C 34.1433PSU / 243.4uM 10.702C 36.851 8.303 446.223 / 16.0uM / -0.852937V /   51  118  562 / 0x80068e6d 0x7ffff72d 0x800883c0 0x7fffc236
(Oct 03 2025 08:23:49,   46112 sec) Profile()            Sample 20 initiated at 351.7dbars for bin 25 [350dbars].  PTS/O2,T2,TPhase,RPhase,RawTemp/NO3/pH/FSig,BbSig,TSig/Ocr: 351.6dbars 11.0074C 34.1603PSU / 243.9uM 10.995C 36.675 8.306 436.728 / 15.2uM / -0.852197V /   51  119  562 / 0x80069000 0x7fffe9db 0x80086a80 0x7fffbcc9
(Oct 03 2025 08:25:24,   46207 sec) Profile()            Sample 21 initiated at 341.8dbars for bin 26 [340dbars].  PTS/O2,T2,TPhase,RPhase,RawTemp/NO3/pH/FSig,BbSig,TSig/Ocr: 341.7dbars 11.3354C 34.1837PSU / 244.7uM 11.326C 36.467 8.315 425.989 / 14.6uM / -0.851543V /   50  118  562 / 0x80068964 0x7fffee12 0x80087f36 0x7fffd7db
(Oct 03 2025 08:26:59,   46302 sec) Profile()            Sample 22 initiated at 331.7dbars for bin 27 [330dbars].  PTS/O2,T2,TPhase,RPhase,RawTemp/NO3/pH/FSig,BbSig,TSig/Ocr: 331.5dbars 11.4622C 34.1945PSU / 245.6uM 11.465C 36.352 8.323 421.507 / 14.2uM / -0.851014V /   50  116  561 / 0x800695d2 0x7fffff09 0x80086c92 0x7fffc624
(Oct 03 2025 08:28:34,   46397 sec) Profile()            Sample 23 initiated at 321.7dbars for bin 28 [320dbars].  PTS/O2,T2,TPhase,RPhase,RawTemp/NO3/pH/FSig,BbSig,TSig/Ocr: 321.6dbars 11.7929C 34.2145PSU / 246.6uM 11.784C 36.138 8.330 411.123 / 13.6uM / -0.850413V /   50  117  561 / 0x80069ddb 0x7fffec9b 0x80086409 0x7fffc92d
(Oct 03 2025 08:30:20,   46503 sec) Profile()            Sample 24 initiated at 311.0dbars for bin 29 [310dbars].  PTS/O2,T2,TPhase,RPhase,RawTemp/NO3/pH/FSig,BbSig,TSig/Ocr: 310.8dbars 11.9916C 34.2343PSU / 247.1uM 12.016C 35.997 8.337 403.574 / 13.0uM / -0.849693V /   50  119  560 / 0x80068d00 0x7ffff024 0x80086df6 0x7fffc32d
(Oct 03 2025 08:31:55,   46598 sec) Profile()            Sample 25 initiated at 301.8dbars for bin 30 [300dbars].  PTS/O2,T2,TPhase,RPhase,RawTemp/NO3/pH/FSig,BbSig,TSig/Ocr: 301.7dbars 12.2784C 34.2492PSU / 248.6uM 12.282C 35.791 8.342 394.931 / 12.5uM / -0.849258V /   50  118  560 / 0x80069d89 0x7fffd6a4 0x80087092 0x7fffc540
(Oct 03 2025 08:33:52,   46715 sec) Profile()            Sample 26 initiated at 291.5dbars for bin 31 [290dbars].  PTS/O2,T2,TPhase,RPhase,RawTemp/NO3/pH/FSig,BbSig,TSig/Ocr: 291.4dbars 12.5995C 34.2767PSU / 250.4uM 12.594C 35.544 8.347 384.750 / 11.8uM / -0.848493V /   50  116  559 / 0x800673c0 0x7fffe8db 0x80085676 0x7fffb976
(Oct 03 2025 08:35:49,   46832 sec) Profile()            Sample 27 initiated at 282.0dbars for bin 32 [280dbars].  PTS/O2,T2,TPhase,RPhase,RawTemp/NO3/pH/FSig,BbSig,TSig/Ocr: 281.9dbars 12.8065C 34.2955PSU / 252.0uM 12.807C 35.362 8.351 377.788 / 11.1uM / -0.847786V /   50  116  559 / 0x8006816d 0x7fffdff6 0x8008519b 0x7fffb112
(Oct 03 2025 08:38:08,   46971 sec) Profile()            Sample 28 initiated at 271.4dbars for bin 33 [270dbars].  PTS/O2,T2,TPhase,RPhase,RawTemp/NO3/pH/FSig,BbSig,TSig/Ocr: 271.4dbars 13.2082C 34.3220PSU / 255.2uM 13.200C 35.016 8.357 364.940 / 10.2uM / -0.846981V /   50  116  558 / 0x80069ec0 0x7fffd249 0x80086000 0x7fffb692
(Oct 03 2025 08:40:16,   47099 sec) Profile()            Sample 29 initiated at 261.7dbars for bin 34 [260dbars].  PTS/O2,T2,TPhase,RPhase,RawTemp/NO3/pH/FSig,BbSig,TSig/Ocr: 261.6dbars 13.3194C 34.3320PSU / 256.1uM 13.320C 34.912 8.362 361.001 / 10.0uM / -0.846654V /   50  118  558 / 0x80068809 0x7fffc9ad 0x80084a5b 0x7fffaf09
(Oct 03 2025 08:40:50,   47133 sec) AscentControlAgent() Bouyancy nudge to 141 (v=0.076dbar/sec).
(Oct 03 2025 08:40:50,   47133 sec) PistonMoveAbsWTO()    131->141 132 133 134 135 136 [30sec, 14.7Volts, 0.218Amps, CPT:1610sec]
(Oct 03 2025 08:41:31,   47174 sec) PistonMoveAbsWTO()    136->141 137 138 139 140 141 [21sec, 14.7Volts, 0.208Amps, CPT:1631sec]
(Oct 03 2025 08:42:42,   47245 sec) Profile()            Sample 30 initiated at 249.3dbars for bin 35 [250dbars].  PTS/O2,T2,TPhase,RPhase,RawTemp/NO3/pH/FSig,BbSig,TSig/Ocr: 249.2dbars 13.8455C 34.3674PSU / 255.0uM 13.833C 34.711 8.366 344.219 / 9.0uM / -0.845803V /   50  119  557 / 0x80068ce4 0x7fffce80 0x800855f6 0x7fffb912
(Oct 03 2025 08:43:55,   47318 sec) Profile()            Sample 31 initiated at 241.5dbars for bin 36 [240dbars].  PTS/O2,T2,TPhase,RPhase,RawTemp/NO3/pH/FSig,BbSig,TSig/Ocr: 241.3dbars 14.2681C 34.4096PSU / 253.7uM 14.302C 34.546 8.370 328.807 / 8.3uM / -0.844955V /   50  118  558 / 0x80066a00 0x7fffba12 0x800857d2 0x7fffaedb
(Oct 03 2025 08:45:30,   47413 sec) Profile()            Sample 32 initiated at 231.6dbars for bin 37 [230dbars].  PTS/O2,T2,TPhase,RPhase,RawTemp/NO3/pH/FSig,BbSig,TSig/Ocr: 231.5dbars 14.6109C 34.4262PSU / 254.6uM 14.613C 34.354 8.379 318.603 / 7.7uM / -0.844347V /   51  119  557 / 0x80067252 0x7fffd1d2 0x800854ad 0x7fffab00
(Oct 03 2025 08:47:16,   47519 sec) Profile()            Sample 33 initiated at 221.1dbars for bin 38 [220dbars].  PTS/O2,T2,TPhase,RPhase,RawTemp/NO3/pH/FSig,BbSig,TSig/Ocr: 221.0dbars 14.8883C 34.4404PSU / 257.7uM 14.889C 34.075 8.386 309.535 / 6.8uM / -0.843578V /   52  119  556 / 0x80065ddb 0x7fffbd9b 0x800847ad 0x7fffa049
(Oct 03 2025 08:49:02,   47625 sec) Profile()            Sample 34 initiated at 211.6dbars for bin 39 [210dbars].  PTS/O2,T2,TPhase,RPhase,RawTemp/NO3/pH/FSig,BbSig,TSig/Ocr: 211.5dbars 15.1797C 34.4604PSU / 259.4uM 15.179C 33.861 8.389 299.994 / 6.2uM / -0.842928V /   52  122  556 / 0x80067312 0x7fffa764 0x80084c1b 0x7fffa29b
(Oct 03 2025 08:51:10,   47753 sec) Profile()            Sample 35 initiated at 201.5dbars for bin 40 [200dbars].  PTS/O2,T2,TPhase,RPhase,RawTemp/NO3/pH/FSig,BbSig,TSig/Ocr: 201.4dbars 15.6180C 34.4981PSU / 259.8uM 15.610C 33.638 8.396 285.793 / 5.7uM / -0.842319V /   55  122  555 / 0x80064c1b 0x7fff9b2d 0x80084ee4 0x7fff9636
(Oct 03 2025 08:53:29,   47892 sec) Profile()            Sample 36 initiated at 191.2dbars for bin 41 [190dbars].  PTS/O2,T2,TPhase,RPhase,RawTemp/NO3/pH/FSig,BbSig,TSig/Ocr: 191.1dbars 15.8600C 34.5337PSU / 256.1uM 15.874C 33.684 8.399 277.091 / 5.9uM / -0.842131V /   55  121  555 / 0x800661db 0x7fffa6c9 0x80084e49 0x7fff9440
(Oct 03 2025 08:55:37,   48020 sec) Profile()            Sample 37 initiated at 181.8dbars for bin 42 [180dbars].  PTS/O2,T2,TPhase,RPhase,RawTemp/NO3/pH/FSig,BbSig,TSig/Ocr: 181.8dbars 16.5316C 34.6117PSU / 249.9uM 16.527C 33.671 8.409 255.596 / 5.1uM / -0.841574V /   57  124  554 / 0x80067640 0x7fff94db 0x80084c9b 0x7fff9676
(Oct 03 2025 08:57:56,   48159 sec) Profile()            Sample 38 initiated at 171.5dbars for bin 43 [170dbars].  PTS/O2,T2,TPhase,RPhase,RawTemp/NO3/pH/FSig,BbSig,TSig/Ocr: 171.4dbars 16.5927C 34.6152PSU / 251.5uM 16.600C 33.559 8.408 253.182 / 4.8uM / -0.841170V /   57  122  553 / 0x800663db 0x7fff95ed 0x80084892 0x7fff8f09
(Oct 03 2025 09:00:26,   48309 sec) Profile()            Sample 39 initiated at 161.3dbars for bin 44 [160dbars].  PTS/O2,T2,TPhase,RPhase,RawTemp/NO3/pH/FSig,BbSig,TSig/Ocr: 161.2dbars 17.4312C 34.7313PSU / 239.7uM 17.411C 33.759 8.430 226.414 / 5.2uM / -0.841068V /   56  122  553 / 0x80064900 0x7fff90f6 0x80083be4 0x7fff8b76
(Oct 03 2025 09:02:56,   48459 sec) Profile()            Sample 40 initiated at 151.6dbars for bin 45 [150dbars].  PTS/O2,T2,TPhase,RPhase,RawTemp/NO3/pH/FSig,BbSig,TSig/Ocr: 151.5dbars 17.9577C 34.7989PSU / 237.4uM 17.943C 33.629 8.443 208.878 / 4.8uM / -0.840387V /   61  126  552 / 0x800653ad 0x7fff82e4 0x8008329b 0x7fff7900
(Oct 03 2025 09:05:59,   48642 sec) Profile()            Sample 41 initiated at 141.5dbars for bin 46 [140dbars].  PTS/O2,T2,TPhase,RPhase,RawTemp/NO3/pH/FSig,BbSig,TSig/Ocr: 141.5dbars 18.5599C 34.8706PSU / 236.3uM 18.549C 33.406 8.453 188.897 / 4.3uM / -0.839468V /   67  128  551 / 0x80065840 0x7fff7dd2 0x8008351b 0x7fff76c0
(Oct 03 2025 09:09:45,   48868 sec) Profile()            Sample 42 initiated at 131.7dbars for bin 47 [130dbars].  PTS/O2,T2,TPhase,RPhase,RawTemp/NO3/pH/FSig,BbSig,TSig/Ocr: 131.6dbars 19.3584C 34.9705PSU / 239.0uM 19.347C 32.914 8.457 162.591 / 3.3uM / -0.838199V /   83  141  549 / 0x80063952 0x7fff6864 0x80081ec9 0x7fff77ed
(Oct 03 2025 09:14:05,   49128 sec) Profile()            Sample 43 initiated at 121.7dbars for bin 48 [120dbars].  PTS/O2,T2,TPhase,RPhase,RawTemp/NO3/pH/FSig,BbSig,TSig/Ocr: 121.7dbars 19.4438C 34.9827PSU / 239.1uM 19.447C 32.865 8.459 159.314 / 3.3uM / -0.838006V /   85  143  549 / 0x80063a40 0x7fff6089 0x800809e4 0x7fff6fed
(Oct 03 2025 09:16:28,   49271 sec) AscentControlAgent() Bouyancy nudge to 146 (v=0.035dbar/sec).
(Oct 03 2025 09:16:28,   49271 sec) PistonMoveAbsWTO()    141->146 142 143 144 145 146 [26sec, 14.9Volts, 0.190Amps, CPT:1657sec]
(Oct 03 2025 09:18:39,   49402 sec) Profile()            Sample 44 initiated at 111.7dbars for bin 49 [110dbars].  PTS/O2,T2,TPhase,RPhase,RawTemp/NO3/pH/FSig,BbSig,TSig/Ocr: 111.6dbars 19.8953C 35.0330PSU / 245.6uM 19.892C 32.357 8.462 144.664 / 2.4uM / -0.836619V /  100  140  548 / 0x800621e4 0x7fff5076 0x800808db 0x7fff6776
(Oct 03 2025 09:21:52,   49595 sec) Profile()            Sample 45 initiated at 102.0dbars for bin 50 [100dbars].  PTS/O2,T2,TPhase,RPhase,RawTemp/NO3/pH/FSig,BbSig,TSig/Ocr: 101.9dbars 20.7320C 35.1006PSU / 261.2uM 20.721C 31.288 8.474 117.428 / 1.7uM / -0.834365V /  118  144  547 / 0x80063492 0x7fff476d 0x8008112d 0x7fff5e89
(Oct 03 2025 09:23:38,   49701 sec) Profile()            Sample 46 initiated at 96.5dbars for bin 51 [95dbars].  PTS/O2,T2,TPhase,RPhase,RawTemp/NO3/pH/FSig,BbSig,TSig/Ocr: 96.5dbars 20.8349C 35.1111PSU / 265.3uM 20.827C 31.067 8.474 113.956 / 1.7uM / -0.834240V /  109  157  546 / 0x8006262d 0x7fff4236 0x8007fbdb 0x7fff539b
(Oct 03 2025 09:25:23,   49806 sec) Profile()            Sample 47 initiated at 91.5dbars for bin 52 [90dbars].  PTS/O2,T2,TPhase,RPhase,RawTemp/NO3/pH/FSig,BbSig,TSig/Ocr: 91.4dbars 20.9802C 35.1214PSU / 266.2uM 20.973C 30.967 8.477 109.162 / 1.8uM / -0.833734V /  105  143  546 / 0x800630f6 0x7fff411b 0x80080349 0x7fff4276
(Oct 03 2025 09:27:41,   49944 sec) Profile()            Sample 48 initiated at 86.8dbars for bin 53 [85dbars].  PTS/O2,T2,TPhase,RPhase,RawTemp/NO3/pH/FSig,BbSig,TSig/Ocr: 86.8dbars 21.2086C 35.1359PSU / 270.2uM 21.201C 30.706 8.478 101.677 / 1.7uM / -0.833411V /   95  146  545 / 0x80062a64 0x7fff34db 0x8007f364 0x7fff4e36
(Oct 03 2025 09:32:23,   50226 sec) Profile()            Sample 49 initiated at 82.0dbars for bin 54 [80dbars].  PTS/O2,T2,TPhase,RPhase,RawTemp/NO3/pH/FSig,BbSig,TSig/Ocr: 81.9dbars 21.5852C 35.1553PSU / 274.5uM 21.573C 30.374 8.484 89.486 / 1.7uM / -0.832798V /   86  148  545 / 0x800622b6 0x7fff3992 0x8007fa12 0x7fff4089
(Oct 03 2025 09:32:45,   50248 sec) AscentControlAgent() Bouyancy nudge to 151 (v=0.016dbar/sec).
(Oct 03 2025 09:32:45,   50248 sec) PistonMoveAbsWTO()    146->151 147 148 149 150 151 [24sec, 14.9Volts, 0.181Amps, CPT:1681sec]
(Oct 03 2025 09:35:16,   50399 sec) Profile()            Sample 50 initiated at 77.0dbars for bin 55 [75dbars].  PTS/O2,T2,TPhase,RPhase,RawTemp/NO3/pH/FSig,BbSig,TSig/Ocr: 76.9dbars 22.1269C 35.1786PSU / 276.6uM 22.125C 30.066 8.486 71.461 / 1.9uM / -0.832264V /   73  154  544 / 0x80061949 0x7fff28f6 0x8007ebf6 0x7fff4624
(Oct 03 2025 09:37:52,   50555 sec) AscentControlAgent() Bouyancy nudge to 156 (v=0.027dbar/sec).
(Oct 03 2025 09:37:52,   50555 sec) PistonMoveAbsWTO()    151->156 152 153 154 155 156 [25sec, 15.0Volts, 0.169Amps, CPT:1706sec]
(Oct 03 2025 09:39:21,   50644 sec) Profile()            Sample 51 initiated at 71.8dbars for bin 56 [70dbars].  PTS/O2,T2,TPhase,RPhase,RawTemp/NO3/pH/FSig,BbSig,TSig/Ocr: 71.7dbars 22.8440C 35.2073PSU / 280.5uM 22.843C 29.623 8.511 48.035 / 2.2uM / -0.831605V /   68  155  544 / 0x8006192d 0x7fff25db 0x8007de00 0x7fff3b52
(Oct 03 2025 09:41:40,   50783 sec) Profile()            Sample 52 initiated at 66.8dbars for bin 57 [65dbars].  PTS/O2,T2,TPhase,RPhase,RawTemp/NO3/pH/FSig,BbSig,TSig/Ocr: 66.7dbars 22.9875C 35.2130PSU / 281.3uM 22.979C 29.540 8.510 43.610 / 2.0uM / -0.831460V /   68  152  543 / 0x8006175b 0x7fff1589 0x8007e5c0 0x7fff3449
(Oct 03 2025 09:42:58,   50861 sec) AscentControlAgent() Bouyancy nudge to 161 (v=0.034dbar/sec).
(Oct 03 2025 09:42:58,   50861 sec) PistonMoveAbsWTO()    156->161 157 158 159 160 161 [23sec, 14.9Volts, 0.160Amps, CPT:1729sec]
(Oct 03 2025 09:44:12,   50935 sec) Profile()            Sample 53 initiated at 61.0dbars for bin 58 [60dbars].  PTS/O2,T2,TPhase,RPhase,RawTemp/NO3/pH/FSig,BbSig,TSig/Ocr: 61.0dbars 23.8987C 35.2592PSU / 279.3uM 23.849C 29.280 8.517 15.363 / 2.4uM / -0.830857V /   67  154  542 / 0x80061a9b 0x7fff1ed2 0x8007ea6d 0x7fff2d09
(Oct 03 2025 09:45:58,   51041 sec) Profile()            Sample 54 initiated at 57.0dbars for bin 59 [55dbars].  PTS/O2,T2,TPhase,RPhase,RawTemp/NO3/pH/FSig,BbSig,TSig/Ocr: 56.9dbars 24.1860C 35.2755PSU / 279.1uM 24.160C 29.168 8.526 5.307 / 2.3uM / -0.830606V /   67  150  542 / 0x80061389 0x7fff06e4 0x8007caf6 0x7fff275b
(Oct 03 2025 09:48:00,   51163 sec) AscentControlAgent() Bouyancy nudge to 166 (v=0.028dbar/sec).
(Oct 03 2025 09:48:00,   51163 sec) PistonMoveAbsWTO()    161->166 162 163 164 165 166 [25sec, 15.0Volts, 0.170Amps, CPT:1754sec]
(Oct 03 2025 09:53:01,   51464 sec) AscentControlAgent() Bouyancy nudge to 171 (v=0.001dbar/sec).
(Oct 03 2025 09:53:01,   51464 sec) PistonMoveAbsWTO()    166->171 167 168 169 170 171 [25sec, 15.0Volts, 0.162Amps, CPT:1779sec]
(Oct 03 2025 09:54:40,   51563 sec) Profile()            Sample 55 initiated at 51.7dbars for bin 60 [50dbars].  PTS/O2,T2,TPhase,RPhase,RawTemp/NO3/pH/FSig,BbSig,TSig/Ocr: 51.7dbars 26.8011C 35.4347PSU / 256.9uM 26.727C 29.096 8.561 -77.022 / 3.3uM / -0.828680V /   64  155  539 / 0x8005e5db 0x7ffedc5b 0x8007ba1b 0x7fff1752
(Oct 03 2025 09:58:10,   51773 sec) AscentControlAgent() Bouyancy nudge to 176 (v=0.015dbar/sec).
(Oct 03 2025 09:58:10,   51773 sec) PistonMoveAbsWTO()    171->176 172 173 174 175 176 [25sec, 15.1Volts, 0.164Amps, CPT:1804sec]
(Oct 03 2025 10:00:21,   51904 sec) Profile()            Sample 56 initiated at 46.9dbars for bin 61 [45dbars].  PTS/O2,T2,TPhase,RPhase,RawTemp/NO3/pH/FSig,BbSig,TSig/Ocr: 46.9dbars 27.0738C 35.4566PSU / 244.3uM 27.075C 29.511 8.562 -88.043 / 2.9uM / -0.828150V /   60  148  538 / 0x8005eee4 0x7ffebd92 0x8007abad 0x7fff06c9
(Oct 03 2025 10:02:40,   52043 sec) Profile()            Sample 57 initiated at 41.5dbars for bin 62 [40dbars].  PTS/O2,T2,TPhase,RPhase,RawTemp/NO3/pH/FSig,BbSig,TSig/Ocr: 41.5dbars 27.0777C 35.4515PSU / 243.5uM 27.081C 29.544 8.560 -88.253 / 2.9uM / -0.828065V /   60  144  537 / 0x8005f452 0x7ffede49 0x8007a449 0x7ffef240
(Oct 03 2025 10:03:14,   52077 sec) AscentControlAgent() Bouyancy nudge to 181 (v=0.036dbar/sec).
(Oct 03 2025 10:03:14,   52077 sec) PistonMoveAbsWTO()    176->181 177 178 179 180 181 [25sec, 15.0Volts, 0.164Amps, CPT:1829sec]
(Oct 03 2025 10:04:30,   52153 sec) Profile()            Sample 58 initiated at 35.5dbars for bin 63 [35dbars].  PTS/O2,T2,TPhase,RPhase,RawTemp/NO3/pH/FSig,BbSig,TSig/Ocr: 35.4dbars 27.0758C 35.4463PSU / 243.5uM 27.080C 29.542 8.558 -88.209 / 2.8uM / -0.827975V /   58  141  536 / 0x8005f1db 0x7ffec536 0x8007abdb 0x7ffef22d
(Oct 03 2025 10:05:21,   52204 sec) Profile()            Sample 59 initiated at 31.6dbars for bin 64 [30dbars].  PTS/O2,T2,TPhase,RPhase,RawTemp/NO3/pH/FSig,BbSig,TSig/Ocr: 31.5dbars 27.0738C 35.4429PSU / 243.6uM 27.078C 29.541 8.556 -88.138 / 3.0uM / -0.827916V /   57  141  536 / 0x8005eab6 0x7ffecd80 0x8007aa76 0x7fff0089
(Oct 03 2025 10:06:23,   52266 sec) Profile()            Sample 60 initiated at 26.3dbars for bin 65 [25dbars].  PTS/O2,T2,TPhase,RPhase,RawTemp/NO3/pH/FSig,BbSig,TSig/Ocr: 26.3dbars 27.0791C 35.4364PSU / 243.6uM 27.083C 29.537 8.556 -88.302 / 2.8uM / -0.827853V /   57  139  536 / 0x8005e2c9 0x7ffec2ed 0x80079b00 0x7ffeed12
(Oct 03 2025 10:07:14,   52317 sec) Profile()            Sample 61 initiated at 21.9dbars for bin 66 [20dbars].  PTS/O2,T2,TPhase,RPhase,RawTemp/NO3/pH/FSig,BbSig,TSig/Ocr: 21.8dbars 27.0748C 35.4396PSU / 243.7uM 27.079C 29.536 8.555 -88.175 / 3.0uM / -0.827727V /   57  137  536 / 0x8005ec36 0x7ffebead 0x80079ec0 0x7ffefcdb
(Oct 03 2025 10:08:16,   52379 sec) Profile()            Sample 62 initiated at 16.8dbars for bin 67 [15dbars].  PTS/O2,T2,TPhase,RPhase,RawTemp/NO3/pH/FSig,BbSig,TSig/Ocr: 16.8dbars 27.0748C 35.4346PSU / 243.7uM 27.079C 29.534 8.555 -88.177 / 2.9uM / -0.827712V /   57  139  536 / 0x8005e636 0x7ffec82d 0x80079152 0x7ffef8ad
(Oct 03 2025 10:09:19,   52442 sec) Profile()            Sample 63 initiated at 11.9dbars for bin 68 [10dbars].  PTS/O2,T2,TPhase,RPhase,RawTemp/NO3/pH/FSig,BbSig,TSig/Ocr: 11.9dbars 27.0769C 35.4341PSU / 243.8uM 27.081C 29.531 8.554 -88.247 / 3.0uM / -0.827596V /   56  139  535 / 0x8005df64 0x7ffecb49 0x8007972d 0x7ffef936
(Oct 03 2025 10:10:21,   52504 sec) Profile()            Sample 64 initiated at 7.2dbars for bin 69 [6dbars].  PTS/O2,T2,TPhase,RPhase,RawTemp/NO3/pH/FSig,BbSig,TSig/Ocr: 7.2dbars 27.0749C 35.4335PSU / 243.8uM 27.081C 29.529 8.554 -88.229 / 3.0uM / -0.827569V /   57  142  536 / 0x8005de09 0x7ffeb652 0x800799db 0x7ffefb12
(Oct 03 2025 10:10:34,   52517 sec) SurfaceDetect()      SurfacePressure:-0.1dbars Pressure:3.6dbars PistonPosition:181
(Oct 03 2025 10:10:34,   52517 sec) Sbe41cpStopCP()      Continuous profile stopped.
(Oct 03 2025 10:10:37,   52520 sec) PistonMoveAbsWTO()    181->203 182 183 184 185 186 187 188 189 190 189 190 191 192 193 194 195 196 197 198 199 200 201 202 203 [109sec, 14.9Volts, 0.146Amps, CPT:1938sec]
(Oct 03 2025 10:12:31,   52634 sec) chat()               Expected string [S>] not received.
(Oct 03 2025 10:14:25,   52748 sec) Sbe41cpBinAverage()  Finished averaging 13730 samples in 109 seconds.
(Oct 03 2025 10:14:30,   52753 sec) Sbe41cpUploadCP_()   Sbe41cpSerNo[20478] NSample[13730] NBin[493]
(Oct 03 2025 10:15:01,   52784 sec) Sbe41cpUploadCP_()   Continuous profile uploaded [493 lines].
(Oct 03 2025 10:15:15,   52798 sec) MscErrorLog_()       No error records to log.
(Oct 03 2025 10:15:25,   52808 sec) MscErrorLog_()       No error records to log.

<EOT>
