(Nov 11 2025 07:50:06,  885084 sec) TelemetryInit()      Profile 23. (Apf11 FwRev: 061125)
(Nov 11 2025 07:50:06,  885084 sec) TelemetryInit()      Charge consumption model: OCV:15.2V Wake-Cycles:35359 Standby:49.2days Wake:24.7kC Sensors:2.6kC
(Nov 11 2025 07:55:21,  885399 sec) GetSurfaceObs()      P/O2,T2,TPhase,RPhase,RawTemp/FSig,BbSig,TSig: 4.7dbars / 250.0uM 25.234C 29.955 8.506 -29.299 / 61,139,538
(Nov 11 2025 07:55:21,  885399 sec) GetSurfaceObs()      P/Ocr: 4.7dbars / 0x8005c380 0x7fff0d89 0x800792c0 0x7ffeea5b
(Nov 11 2025 07:55:54,  885432 sec) GetSurfaceObs()      P/O2,T2,TPhase,RPhase,RawTemp/FSig,BbSig,TSig: 4.5dbars / 250.0uM 25.233C 29.955 8.501 -29.290 / 60,141,538
(Nov 11 2025 07:55:54,  885432 sec) GetSurfaceObs()      P/Ocr: 4.5dbars / 0x8005c3ad 0x7ffeffad 0x80078c9b 0x7ffee0db
(Nov 11 2025 07:56:27,  885465 sec) GetSurfaceObs()      P/O2,T2,TPhase,RPhase,RawTemp/FSig,BbSig,TSig: 3.5dbars / 250.0uM 25.233C 29.958 8.501 -29.268 / 60,140,538
(Nov 11 2025 07:56:27,  885465 sec) GetSurfaceObs()      P/Ocr: 3.5dbars / 0x8005c8ad 0x7fff0792 0x80079880 0x7ffef280
(Nov 11 2025 07:57:01,  885499 sec) GetSurfaceObs()      P/O2,T2,TPhase,RPhase,RawTemp/FSig,BbSig,TSig: 1.8dbars / 250.0uM 25.232C 29.957 8.500 -29.262 / 61,154,537
(Nov 11 2025 07:57:01,  885499 sec) GetSurfaceObs()      P/Ocr: 1.8dbars / 0x8005ce5b 0x7fff10b6 0x80078824 0x7ffee5db
(Nov 11 2025 08:00:16,  885694 sec) AirSystem()          Battery [215cnt, 15.1V]  Current [21cnt, 80.4mA]  Pneumometer [158cnt, 18.6psi]  Run-Time [93s]
(Nov 11 2025 08:00:29,  885707 sec) GetSurfaceObs()      P/O2,T2,TPhase,RPhase,RawTemp/FSig,BbSig,TSig: 0.5dbars / 244.8uM 24.899C 30.320 8.498 -18.548 / 59,140,538
(Nov 11 2025 08:00:29,  885707 sec) GetSurfaceObs()      P/Ocr: 0.5dbars / 0x8005c3c9 0x7ffefac9 0x8007a1f6 0x7ffef436
(Nov 11 2025 08:01:02,  885740 sec) GetSurfaceObs()      P/O2,T2,TPhase,RPhase,RawTemp/FSig,BbSig,TSig: 0.0dbars / 248.6uM 24.399C 30.343 8.494 -2.409 / 59,141,538
(Nov 11 2025 08:01:02,  885740 sec) GetSurfaceObs()      P/Ocr: 0.0dbars / 0x8005c840 0x7fff0a1b 0x80078864 0x7ffef7ed
(Nov 11 2025 08:01:35,  885773 sec) GetSurfaceObs()      P/O2,T2,TPhase,RPhase,RawTemp/FSig,BbSig,TSig: -0.0dbars / 263.1uM 22.631C 30.419 8.492 54.928 / 60,139,538
(Nov 11 2025 08:01:35,  885773 sec) GetSurfaceObs()      P/Ocr: -0.0dbars / 0x8005cfb6 0x7fff0892 0x80079289 0x7ffefe1b
(Nov 11 2025 08:02:08,  885806 sec) GetSurfaceObs()      P/O2,T2,TPhase,RPhase,RawTemp/FSig,BbSig,TSig: 0.4dbars / 253.5uM 23.732C 30.391 8.492 19.157 / 59,141,538
(Nov 11 2025 08:02:08,  885806 sec) GetSurfaceObs()      P/Ocr: 0.4dbars / 0x8005de92 0x7fff1e76 0x80079549 0x7ffefc36
(Nov 11 2025 08:02:41,  885839 sec) GetSurfaceObs()      P/O2,T2,TPhase,RPhase,RawTemp/FSig,BbSig,TSig: 0.2dbars / 252.8uM 24.358C 30.172 8.488 -1.086 / 61,140,537
(Nov 11 2025 08:02:42,  885840 sec) GetSurfaceObs()      P/Ocr: 0.2dbars / 0x8005db5b 0x7fff0dad 0x80078924 0x7ffef549
(Nov 11 2025 08:03:15,  885873 sec) GetSurfaceObs()      P/O2,T2,TPhase,RPhase,RawTemp/FSig,BbSig,TSig: 0.0dbars / 275.8uM 22.576C 29.917 8.489 56.741 / 59,145,537
(Nov 11 2025 08:03:15,  885873 sec) GetSurfaceObs()      P/Ocr: 0.0dbars / 0x8005cb89 0x7fff09c9 0x80079080 0x7ffeeef6
(Nov 11 2025 08:03:48,  885906 sec) GetSurfaceObs()      P/O2,T2,TPhase,RPhase,RawTemp/FSig,BbSig,TSig: 0.1dbars / 253.6uM 23.789C 30.362 8.489 17.290 / 60,141,537
(Nov 11 2025 08:03:48,  885906 sec) GetSurfaceObs()      P/Ocr: 0.1dbars / 0x8005d51b 0x7fff0cc0 0x80078b9b 0x7ffefb76
(Nov 11 2025 08:04:21,  885939 sec) GetSurfaceObs()      P/O2,T2,TPhase,RPhase,RawTemp/FSig,BbSig,TSig: 0.0dbars / 265.3uM 23.491C 29.981 8.487 26.982 / 61,143,537
(Nov 11 2025 08:04:21,  885939 sec) GetSurfaceObs()      P/Ocr: 0.0dbars / 0x8005bbe4 0x7fff202d 0x80079f40 0x7ffeeef6
(Nov 11 2025 08:04:42,  885960 sec) AirSystem()          Battery [216cnt, 15.2V]  Current [20cnt, 78.7mA]  Pneumometer [158cnt, 18.6psi]  Run-Time [9s]
(Nov 11 2025 08:05:30,  886008 sec) GetSurfaceObs()      P/O2,T2,TPhase,RPhase,RawTemp/FSig,BbSig,TSig: -0.0dbars / 248.7uM 24.176C 30.428 8.490 4.784 / 59,141,537
(Nov 11 2025 08:05:30,  886008 sec) GetSurfaceObs()      P/Ocr: -0.0dbars / 0x8005cb6d 0x7fff1264 0x8007a7e4 0x7ffeeedb
(Nov 11 2025 08:05:32,  886010 sec) GpsServices()        GPS almanac is current.
(Nov 11 2025 08:05:32,  886010 sec) GpsServices()        Initiating GPS fix acquisition.
(Nov 11 2025 08:05:40,  886018 sec) gga()                $GPGGA,080540,2737.0175,N,15809.8642,W,0,00,,,M,,M,,*49
(Nov 11 2025 08:05:50,  886028 sec) gga()                $GPGGA,080550,2737.0175,N,15809.8642,W,0,00,,,M,,M,,*48
(Nov 11 2025 08:06:01,  886039 sec) gga()                $GPGGA,080610,2737.0175,N,15809.8642,W,0,00,,,M,,M,,*4F
(Nov 11 2025 08:06:12,  886050 sec) gga()                $GPGGA,080620,2737.0175,N,15809.8642,W,0,00,,,M,,M,,*4C
(Nov 11 2025 08:06:21,  886059 sec) gga()                $GPGGA,080630,2737.0175,N,15809.8642,W,0,00,,,M,,M,,*4D
(Nov 11 2025 08:06:22,  886060 sec) gga()                $GPGGA,080630,2737.0175,N,15809.8642,W,0,00,,,M,,M,,*4D
(Nov 11 2025 08:06:31,  886069 sec) gga()                $GPGGA,080640,2737.0175,N,15809.8642,W,0,00,,,M,,M,,*4A
(Nov 11 2025 08:06:42,  886080 sec) gga()                $GPGGA,080650,2737.0175,N,15809.8642,W,0,00,,,M,,M,,*4B
(Nov 11 2025 08:06:51,  886089 sec) gga()                $GPGGA,080700,2737.0175,N,15809.8642,W,0,00,,,M,,M,,*4F
(Nov 11 2025 08:06:52,  886090 sec) gga()                $GPGGA,080700,2737.0175,N,15809.8642,W,0,00,,,M,,M,,*4F
(Nov 11 2025 08:07:02,  886100 sec) gga()                $GPGGA,080710,2737.0175,N,15809.8642,W,0,00,,,M,,M,,*4E
(Nov 11 2025 08:07:12,  886110 sec) gga()                $GPGGA,080720,2737.0175,N,15809.8642,W,0,00,,,M,,M,,*4D
(Nov 11 2025 08:07:21,  886119 sec) gga()                $GPGGA,080730,2737.0175,N,15809.8642,W,0,00,,,M,,M,,*4C
(Nov 11 2025 08:07:32,  886130 sec) gga()                $GPGGA,080740,2737.0175,N,15809.8642,W,0,00,,,M,,M,,*4B
(Nov 11 2025 08:07:51,  886149 sec) gga()                $GPGGA,080800,2737.0175,N,15809.8642,W,0,00,,,M,,M,,*40
(Nov 11 2025 08:07:52,  886150 sec) gga()                $GPGGA,080800,2737.0175,N,15809.8642,W,0,00,,,M,,M,,*40
(Nov 11 2025 08:08:02,  886160 sec) gga()                $GPGGA,080810,2737.0175,N,15809.8642,W,0,00,,,M,,M,,*41
(Nov 11 2025 08:08:11,  886169 sec) gga()                $GPGGA,080820,2737.0175,N,15809.8642,W,0,00,,,M,,M,,*42
(Nov 11 2025 08:08:21,  886179 sec) gga()                $GPGGA,080830,2737.0175,N,15809.8642,W,0,00,,,M,,M,,*43
(Nov 11 2025 08:08:23,  886181 sec) gga()                $GPGGA,080830,2734.0408,N,15817.6306,W,6,06,1.4,24.1,M,-5.3,M,,*7C
(Nov 11 2025 08:08:32,  886190 sec) gga()                $GPGGA,080840,2734.0402,N,15817.6327,W,1,06,1.4,23.8,M,-5.3,M,,*7B
(Nov 11 2025 08:08:32,  886190 sec) GpsServices()        Profile 23 GPS fix obtained in 180 seconds.
(Nov 11 2025 08:08:32,  886190 sec) GpsServices()                   lon      lat mm/dd/yyyy hhmmss nsat
(Nov 11 2025 08:08:32,  886190 sec) GpsServices()        Fix: -158.2939  27.5673 11/11/2025 080840    6
(Nov 11 2025 08:08:42,  886200 sec) gga()                $GPGGA,080850,2734.0408,N,15817.6333,W,1,06,2.2,24.3,M,-5.3,M,,*7C
(Nov 11 2025 08:08:51,  886209 sec) gga()                $GPGGA,080900,2734.0410,N,15817.6332,W,1,06,1.4,25.8,M,-5.3,M,,*7F
(Nov 11 2025 08:08:51,  886209 sec) GpsServices()        APF11 RTC skew (-9s) OK.
(Nov 11 2025 08:08:51,  886209 sec) LogNmeaSentences()   042,33,10,14,182,37,16,16,319,36,18,76,345,42*73
(Nov 11 2025 08:08:52,  886210 sec) LogNmeaSentences()   $GPGSV,3,2,11,23,41,150,40,25,26,138,36,26,52,314,43,27,03,285,30*78
(Nov 11 2025 08:08:52,  886210 sec) LogNmeaSentences()   $GPGSV,3,3,11,28,31,224,40,29,35,058,40,31,35,260,42*43
(Nov 11 2025 08:08:52,  886210 sec) LogNmeaSentences()   $PGRMT,GPS 15x-L software ver. 4.50,,,,,,,,*76
(Nov 11 2025 08:09:01,  886219 sec) LogNmeaSentences()   $GPRMC,080910,A,2734.0398,N,15817.6358,W,002.0,268.7,111125,010.4,E*6D
(Nov 11 2025 08:09:01,  886219 sec) LogNmeaSentences()   $GPGGA,080910,2734.0398,N,15817.6358,W,1,06,1.4,26.4,M,-5.3,M,,*7A
(Nov 11 2025 08:09:01,  886219 sec) LogNmeaSentences()   $GPGSA,A,3,,,,18,23,25,26,,28,,31,,1.7,1.4,1.0*33
(Nov 11 2025 08:09:02,  886220 sec) LogNmeaSentences()   $GPGSV,3,1,11,05,13,042,33,10,14,182,40,16,16,319,35,18,76,345,41*73
(Nov 11 2025 08:09:02,  886220 sec) LogNmeaSentences()   $GPGSV,3,2,11,23,41,149,41,25,29,138,39,26,52,314,40,27,03,285,26*75
(Nov 11 2025 08:09:02,  886220 sec) LogNmeaSentences()   $GPGSV,3,3,11,28,30,224,41,29,35,058,38,31,35,260,40*4E
(Nov 11 2025 08:09:11,  886229 sec) LogNmeaSentences()   $GPRMC,080920,A,2734.0402,N,15817.6336,W,002.4,166.8,111125,010.4,E*64
(Nov 11 2025 08:09:11,  886229 sec) LogNmeaSentences()   $GPGGA,080920,2734.0402,N,15817.6336,W,1,06,1.4,25.8,M,-5.3,M,,*7A
(Nov 11 2025 08:09:11,  886229 sec) LogNmeaSentences()   $GPGSA,A,3,,,,18,23,25,26,,28,,31,,1.7,1.4,1.0*33
(Nov 11 2025 08:09:12,  886230 sec) LogNmeaSentences()   $GPGSV,3,1,11,05,12,042,28,10,14,182,36,16,16,319,35,18,76,345,41*79
(Nov 11 2025 08:09:12,  886230 sec) LogNmeaSentences()   $GPGSV,3,2,11,23,41,149,38,25,29,138,36,26,52,314,41,27,03,285,18*78
(Nov 11 2025 08:09:12,  886230 sec) LogNmeaSentences()   $GPGSV,3,3,11,28,30,224,39,29,35,058,37,31,35,260,41*4F
(Nov 11 2025 08:09:21,  886239 sec) LogNmeaSentences()   $GPRMC,080930,A,2734.0399,N,15817.6353,W,001.0,256.2,111125,010.4,E*6E
(Nov 11 2025 08:09:21,  886239 sec) LogNmeaSentences()   $GPGGA,080930,2734.0399,N,15817.6353,W,1,06,1.4,24.3,M,-5.3,M,,*77
(Nov 11 2025 08:09:22,  886240 sec) GpsServices()        GPS services complete.
(Nov 11 2025 08:09:49,  886267 sec) IrGeoLoc()           <x,y,z>=<-5256km,-2076km,2940km> lat=27.643 lon=-158.447 IrSysTime=0xefd696b5
(Nov 11 2025 08:09:53,  886271 sec) CLogin()             Connecting to primary host.
(Nov 11 2025 08:10:55,  886333 sec) chat()               Expected string [CONNECT] not received.
(Nov 11 2025 08:10:55,  886333 sec) modem_connect()      Modem command [AT+CBST=71,0,1;DT00881600005496] failed.
(Nov 11 2025 08:10:55,  886333 sec) connect()            Connection attempt failed.
(Nov 11 2025 08:11:25,  886363 sec) CLogin()             Connection 1 established in 92 seconds.
(Nov 11 2025 08:11:55,  886393 sec) expect()             Attempt to read prompt string [login:] failed.
(Nov 11 2025 08:11:55,  886393 sec) login()              Login prompt not received.
(Nov 11 2025 08:12:13,  886411 sec) login()              Login successful.
(Nov 11 2025 08:12:20,  886418 sec) CLogin()             Logged in to host.  [Login required 55 seconds]
(Nov 11 2025 08:12:23,  886421 sec) RxConfig()           Downloading "mission.cfg" from host.
(Nov 11 2025 08:12:35,  886433 sec) RxConfig()           Download successful: [bytes:50, sec:9.8, bps:5]
(Nov 11 2025 08:12:39,  886437 sec) WriteVitals_()       Writing vitals to "23808.023.msg".
(Nov 11 2025 08:12:52,  886450 sec) UpLoadFile()         Uploading "23808.023.log" to host.
(Nov 11 2025 08:14:54,  886572 sec) sendline()           No carrier, aborting ZMODEM transfer.
(Nov 11 2025 08:14:55,  886573 sec) UpLoadFile()         Upload failed.
(Nov 11 2025 08:14:59,  886577 sec) CLogin()             Connecting to primary host.
(Nov 11 2025 08:15:15,  886593 sec) CLogin()             Connection 2 established in 16 seconds.
(Nov 11 2025 08:15:26,  886604 sec) login()              Login successful.
(Nov 11 2025 08:15:37,  886615 sec) CLogin()             Logged in to host.  [Login required 22 seconds]
(Nov 11 2025 08:15:39,  886617 sec) UpLoadFile()         Uploading "23808.023.log" to host.
(Nov 11 2025 08:16:23,  886661 sec) sendline()           No carrier, aborting ZMODEM transfer.
(Nov 11 2025 08:16:25,  886663 sec) UpLoadFile()         Upload failed.
(Nov 11 2025 08:16:25,  886663 sec) UpLoad()             Files successfully uploaded: 0
(Nov 11 2025 08:16:25,  886663 sec) UpLoad()             Aborting upload: Retry limit [2] exceeded. Upload incomplete.
(Nov 11 2025 08:16:25,  886663 sec) logout()             No carrier detected.
(Nov 11 2025 08:16:25,  886663 sec) Telemetry()          Telemetry cycle complete: PrfId=23 ConnectionAttempts=3  Connections=2
(Nov 11 2025 08:31:41,  887579 sec) AirSystem()          Air-bladder inflation by-passed. Pneumatic Pressure: [159cnt, 18.7psi].
(Nov 11 2025 08:32:22,  887620 sec) GetSurfaceObs()      P/O2,T2,TPhase,RPhase,RawTemp/FSig,BbSig,TSig: 0.1dbars / 252.5uM 24.875C 29.984 8.486 -17.783 / 60,143,538
(Nov 11 2025 08:32:22,  887620 sec) GetSurfaceObs()      P/Ocr: 0.1dbars / 0x8005d56d 0x7fff1249 0x8007a4ad 0x7ffef7c9
(Nov 11 2025 08:32:25,  887623 sec) GpsServices()        GPS almanac is current.
(Nov 11 2025 08:32:25,  887623 sec) GpsServices()        Initiating GPS fix acquisition.
(Nov 11 2025 08:32:32,  887630 sec) gga()                $GPGGA,083240,2734.0223,N,15817.7742,W,6,06,1.3,73.6,M,-5.3,M,,*7A
(Nov 11 2025 08:32:42,  887640 sec) gga()                $GPGGA,083250,2734.0220,N,15817.7735,W,6,06,1.3,65.2,M,-5.3,M,,*7B
(Nov 11 2025 08:32:52,  887650 sec) gga()                $GPGGA,083300,2734.0309,N,15817.7724,W,1,06,1.3,7.2,M,-5.3,M,,*46
(Nov 11 2025 08:32:52,  887650 sec) GpsServices()        Profile 23 GPS fix obtained in 27 seconds.
(Nov 11 2025 08:32:52,  887650 sec) GpsServices()                   lon      lat mm/dd/yyyy hhmmss nsat
(Nov 11 2025 08:32:52,  887650 sec) GpsServices()        Fix: -158.2962  27.5672 11/11/2025 083300    6
(Nov 11 2025 08:33:02,  887660 sec) gga()                $GPGGA,083310,2734.0313,N,15817.7727,W,1,06,1.3,12.4,M,-5.3,M,,*7D
(Nov 11 2025 08:33:11,  887669 sec) gga()                $GPGGA,083320,2734.0306,N,15817.7730,W,1,06,1.3,11.6,M,-5.3,M,,*7D
(Nov 11 2025 08:33:11,  887669 sec) GpsServices()        APF11 RTC skew (-9s) OK.
(Nov 11 2025 08:33:11,  887669 sec) GpsServices()        GPS services complete.
(Nov 11 2025 08:33:53,  887711 sec) IrGeoLoc()           <x,y,z>=<-5256km,-2092km,2932km> lat=27.554 lon=-158.296 IrSysTime=0xf06cfc4a
(Nov 11 2025 08:33:57,  887715 sec) CLogin()             Connecting to primary host.
(Nov 11 2025 08:34:07,  887725 sec) CLogin()             Connection 3 established in 10 seconds.
(Nov 11 2025 08:34:33,  887751 sec) login()              Login successful.
(Nov 11 2025 08:34:38,  887756 sec) chat()               Expected string [cmd>] not received.
(Nov 11 2025 08:34:38,  887756 sec) login()              Attempt to set the command prompt failed.
(Nov 11 2025 08:34:44,  887762 sec) CLogin()             Logged in to host.  [Login required 37 seconds]
(Nov 11 2025 08:34:50,  887768 sec) RxConfig()           Downloading "mission.cfg" from host.
(Nov 11 2025 08:35:19,  887797 sec) RxConfig()           Download successful: [bytes:50, sec:26.9, bps:2]
(Nov 11 2025 08:35:23,  887801 sec) WriteVitals_()       Writing vitals to "23808.023.msg".
(Nov 11 2025 08:35:33,  887811 sec) UpLoadFile()         Uploading "23808.023.log" to host.
(Nov 11 2025 08:37:06,  887904 sec) sendline()           Blocking CTS signal, aborting ZMODEM transfer.
(Nov 11 2025 08:37:07,  887905 sec) UpLoadFile()         Upload failed.
(Nov 11 2025 08:37:53,  887951 sec) chat()               Expected string [rz] not received.
(Nov 11 2025 08:37:53,  887951 sec) UpLoadFile()         Failed attempt to execute "rz" on the host.
(Nov 11 2025 08:37:53,  887951 sec) UpLoad()             Files successfully uploaded: 0
(Nov 11 2025 08:37:53,  887951 sec) UpLoad()             Aborting upload: Retry limit [2] exceeded. Upload incomplete.
(Nov 11 2025 08:38:00,  887958 sec) chat()               Expected string [cmd>] not received.
(Nov 11 2025 08:38:00,  887958 sec) logout()             Can't get command prompt.
(Nov 11 2025 08:38:05,  887963 sec) chat()               Expected string [logout] not received.
(Nov 11 2025 08:38:05,  887963 sec) logout()             Attempt to log-out failed.
(Nov 11 2025 08:38:12,  887970 sec) chat()               Expected string [cmd>] not received.
(Nov 11 2025 08:38:12,  887970 sec) logout()             Can't get command prompt.
(Nov 11 2025 08:38:17,  887975 sec) chat()               Expected string [logout] not received.
(Nov 11 2025 08:38:17,  887975 sec) logout()             Attempt to log-out failed.
(Nov 11 2025 08:38:17,  887975 sec) logout()             No carrier detected.
(Nov 11 2025 08:38:17,  887975 sec) Telemetry()          Telemetry cycle complete: PrfId=23 ConnectionAttempts=4  Connections=3
(Nov 11 2025 08:53:33,  888891 sec) AirSystem()          Air-bladder inflation by-passed. Pneumatic Pressure: [157cnt, 18.5psi].
(Nov 11 2025 08:54:49,  888967 sec) GetSurfaceObs()      P/O2,T2,TPhase,RPhase,RawTemp/FSig,BbSig,TSig: 0.1dbars / 262.1uM 22.969C 30.322 8.483 43.936 / 59,147,538
(Nov 11 2025 08:54:49,  888967 sec) GetSurfaceObs()      P/Ocr: 0.1dbars / 0x8005cd64 0x7fff1492 0x800798b6 0x7ffefd64
(Nov 11 2025 08:54:52,  888970 sec) GpsServices()        GPS almanac is current.
(Nov 11 2025 08:54:52,  888970 sec) GpsServices()        Initiating GPS fix acquisition.
(Nov 11 2025 08:55:03,  888981 sec) gga()                $GPGGA,085510,2734.0273,N,15817.8881,W,1,06,1.3,-85.9,M,-5.3,M,,*58
(Nov 11 2025 08:55:03,  888981 sec) GpsServices()        Profile 23 GPS fix obtained in 11 seconds.
(Nov 11 2025 08:55:03,  888981 sec) GpsServices()                   lon      lat mm/dd/yyyy hhmmss nsat
(Nov 11 2025 08:55:03,  888981 sec) GpsServices()        Fix: -158.2981  27.5671 11/11/2025 085510    6
(Nov 11 2025 08:55:13,  888991 sec) gga()                $GPGGA,085520,2734.0338,N,15817.8881,W,6,06,1.3,-115.4,M,-5.3,M,,*67
(Nov 11 2025 08:55:23,  889001 sec) gga()                $GPGGA,085530,2734.0395,N,15817.8880,W,6,06,1.9,-147.1,M,-5.3,M,,*68
(Nov 11 2025 08:55:33,  889011 sec) gga()                $GPGGA,085540,2734.0427,N,15817.8891,W,6,06,1.3,-166.3,M,-5.3,M,,*6A
(Nov 11 2025 08:55:52,  889030 sec) gga()                $GPGGA,085600,2734.0112,N,15817.8908,W,1,06,1.9,-0.1,M,-5.3,M,,*61
(Nov 11 2025 08:56:01,  889039 sec) gga()                $GPGGA,085610,2734.0100,N,15817.8919,W,1,06,1.3,2.2,M,-5.3,M,,*45
(Nov 11 2025 08:56:01,  889039 sec) GpsServices()        APF11 RTC skew (-9s) OK.
(Nov 11 2025 08:56:01,  889039 sec) GpsServices()        GPS services complete.
(Nov 11 2025 08:56:36,  889074 sec) IrGeoLoc()           <x,y,z>=<-5256km,-2092km,2932km> lat=27.554 lon=-158.296 IrSysTime=0xf06d2d4d
(Nov 11 2025 08:56:40,  889078 sec) CLogin()             Connecting to primary host.
(Nov 11 2025 08:56:52,  889090 sec) CLogin()             Connection 4 established in 12 seconds.
(Nov 11 2025 08:56:59,  889097 sec) login()              Login successful.
(Nov 11 2025 08:57:04,  889102 sec) chat()               Expected string [cmd>] not received.
(Nov 11 2025 08:57:04,  889102 sec) login()              Attempt to set the command prompt failed.
(Nov 11 2025 08:57:13,  889111 sec) CLogin()             Logged in to host.  [Login required 21 seconds]
(Nov 11 2025 08:57:17,  889115 sec) RxConfig()           Downloading "mission.cfg" from host.
(Nov 11 2025 08:57:36,  889134 sec) RxConfig()           Download successful: [bytes:50, sec:17.1, bps:3]
(Nov 11 2025 08:57:39,  889137 sec) WriteVitals_()       Writing vitals to "23808.023.msg".
(Nov 11 2025 08:57:45,  889143 sec) UpLoadFile()         Uploading "23808.023.log" to host.
(Nov 11 2025 09:00:00,  889278 sec) UpLoadFile()         Upload successful: [bytes:25241, sec:134.7, bps:187]
(Nov 11 2025 09:00:01,  889279 sec) fmove()              Moved: 23808.023.log -> archive/23808.023.log
(Nov 11 2025 09:00:04,  889282 sec) UpLoadFile()         Uploading "23808.023.msg" to host.
(Nov 11 2025 09:04:06,  889524 sec) UpLoadFile()         Upload successful: [bytes:48264, sec:241.4, bps:200]
(Nov 11 2025 09:04:07,  889525 sec) fmove()              Moved: 23808.023.msg -> archive/23808.023.msg
(Nov 11 2025 09:04:11,  889529 sec) UpLoadFile()         Uploading "23808.023.isus" to host.
(Nov 11 2025 09:06:07,  889645 sec) UpLoadFile()         Upload successful: [bytes:24792, sec:116.3, bps:213]
(Nov 11 2025 09:06:08,  889646 sec) fmove()              Moved: 23808.023.isus -> archive/23808.023.isus
(Nov 11 2025 09:06:15,  889653 sec) UpLoadFile()         Uploading "23808.023.dura" to host.
(Nov 11 2025 09:07:16,  889714 sec) UpLoadFile()         Upload successful: [bytes:12203, sec:61.9, bps:197]
(Nov 11 2025 09:07:18,  889716 sec) fmove()              Moved: 23808.023.dura -> archive/23808.023.dura
(Nov 11 2025 09:07:19,  889717 sec) UpLoad()             Files successfully uploaded: 4
(Nov 11 2025 09:07:19,  889717 sec) UpLoad()             Upload complete.
(Nov 11 2025 09:07:23,  889721 sec) logout()             Log-out successful.
(Nov 11 2025 09:07:24,  889722 sec) Telemetry()          Telemetry cycle complete: PrfId=23 ConnectionAttempts=5  Connections=4
(Nov 11 2025 09:07:24,  889722 sec) TelemetryTerminate() Parsing new mission configuration.
(Nov 11 2025 09:07:25,  889723 sec) configure()          Parsing configurators in "mission.cfg".
(Nov 11 2025 09:07:25,  889723 sec) configure()             TelemetryRetry(15)      [0x7BBC] [TelemetryRetry(15)].
(Nov 11 2025 09:07:25,  889723 sec) configure()             DownTime(14400) [CRC=0x9F62] [DownTime(14400)].
(Nov 11 2025 09:07:26,  889724 sec) configure()          Configuration CRCs and syntax OK.
(Nov 11 2025 09:07:26,  889724 sec) ConfigSupervisor()   Configuration accepted.
(Nov 11 2025 09:07:26,  889724 sec) TelemetryTerminate() Reconditioning the file system.
(Nov 11 2025 09:07:28,       0 sec) DescentInit()        Deep profile 24 initiated at mission-time 889726sec.
(Nov 11 2025 09:07:29,       1 sec) DescentInit()        Surface pressure: -0.0dbars.
(Nov 11 2025 09:07:29,       1 sec) DescentInit()        Charge consumption model: OCV:15.1V Wake-Cycles:35362 Standby:49.2days Wake:24.9kC Sleep:2.6kC
(Nov 11 2025 09:07:41,      13 sec) DescentInit()        Pneumatic humidity: 2889(60.2%) -> 2895(60.4%)
(Nov 11 2025 09:07:41,      13 sec) PistonMoveAbsWTO()    193->054 192 191 190 189 188 187 186 185 184 183 182 181 180 179 178 177 176 175 174 173 172 171 170 169 170 169 168 167 166 165 164 163 162 161 160 159 158 157 156 155 154 153 152 151 150 149 148 147 146 145 144 143 142 141 140 139 138 137 136 135 134 133 132 131 130 129 128 127 126 125 124 123 122 121 120 119 118 117 116 115 114 113 112 111 110 109 108 107 106 105 104 103 102 101 100 099 098 097 096 095 094 093 092 091 090 089 088 087 086 085 084 083 082 081 080 079 078 077 076 075 074 073 072 071 070 069 068 067 066 065 064 063 062 061 060 059 058 057 056 055 054 [677sec, 15.0Volts, 0.137Amps, CPT:677sec]
(Nov 11 2025 09:19:02,     694 sec) DescentInit()        Air solenoid open: Barometer [209cnt,  12.2psi]  Pneumometer [107cnt,  12.5psi]
(Nov 11 2025 09:19:12,     704 sec) Descent()            Pressure: 59.5
(Nov 11 2025 10:07:28,    3600 sec) Descent()            Pressure: 501.4
(Nov 11 2025 11:07:28,    7200 sec) Descent()            Pressure: 854.5
(Nov 11 2025 12:07:28,   10800 sec) Descent()            Pressure: 976.4
(Nov 11 2025 13:07:28,   14400 sec) Descent()            Pressure: 981.6
(Nov 11 2025 13:07:29,   14401 sec) ParkInit()           Charge consumption model: OCV:15.4V Wake-Cycles:35367 Standby:49.4days Wake:25.2kC Sensors:2.6kC
(Nov 11 2025 15:07:36,   21608 sec) Park()               ParkPOutOfBand[-3, 982.5 dbars]: retract piston.
(Nov 11 2025 15:07:36,   21608 sec) PistonMoveAbsWTO()    054->053 053 [6sec, 15.0Volts, 0.079Amps, CPT:683sec]
(Nov 18 2025 04:07:36,  586808 sec) Park()               ParkPOutOfBand[3, 1015.0 dbars]: extend piston.
(Nov 18 2025 04:07:36,  586808 sec) PistonMoveAbsWTO()    053->054 054 [2sec, 14.5Volts, 0.432Amps, CPT:685sec]
(Nov 21 2025 05:08:00,  849632 sec) CtdPower()           [ 1006.86,  3.8850, 34.3971]
(Nov 21 2025 05:08:00,  849632 sec) CtdPower()           CTD Power consumption [216VCnt 3ACnt]: 15.161Volts * 0.012Amps = 0.18Watts.
(Nov 21 2025 05:08:06,  849638 sec) ParkTerminate()      Piston Position:54 Vacuum:190 HumidityAd12:4094(inf%) Vq:218 Aq:2 Vsbe:216 Asbe:3 Vflbb:211 Aflbb:11 Vopt:209 Aopt:13 Vocr:212 Aocr:7 MuxTemp:3.894C MuxHumidity:7.1%
(Nov 21 2025 05:08:36,  849668 sec) ParkTerminate()      PTS/O2,T2,TPhase,RawTemp: 1006.9dbars 3.8852C 34.3969PSU / 35.6uM 3.878C 57.187 7.959 661.235
(Nov 21 2025 05:08:36,  849668 sec) ParkTerminate()      FLBB FSig, BbSig, TSig: 55, 115, 572 / Ocr: nan nan nan nan
(Nov 21 2025 05:08:37,  849669 sec) GoDeepInit()         Charge consumption model: OCV:15.3V Wake-Cycles:35599 Standby:59.0days Wake:25.4kC Sensors:2.6kC
(Nov 21 2025 05:08:37,  849669 sec) GoDeepInit()         Moving piston.
(Nov 21 2025 05:08:37,  849669 sec) PistonMoveAbsWTO()    054->009 053 052 051 050 049 048 047 046 045 044 043 042 041 040 039 038 037 036 035 034 033 032 031 030 029 028 027 026 025 024 023 022 021 020 019 018 017 016 015 014 013 012 011 010 009 [218sec, 14.9Volts, 0.045Amps, CPT:903sec]
(Nov 21 2025 09:07:28,  864000 sec) ProfileInit()        Charge consumption model: OCV:15.3V Wake-Cycles:35647 Standby:59.2days Wake:25.5kC Sensors:2.6kC
(Nov 21 2025 09:07:28,  864000 sec) ProfileInit()        PrfId:024  Pressure:1639.3dbar  pTable[4]:1600dbar
(Nov 21 2025 09:07:30,  864002 sec) ProfileInit()        Muxer PPIs K{1,2} quiescent: 15.18V, 0.0mA, 0.0mW
(Nov 21 2025 09:07:34,  864006 sec) ProfileInit()        ISUS powered up.
(Nov 21 2025 09:07:37,  864009 sec) ProfileInit()        Muxer PPIs K{1,2} w/ ISUS awake: 14.90V, 56.3mA, 839.1mW
(Nov 21 2025 09:07:44,  864016 sec) MscErrorLog_()       No error records to log.
(Nov 21 2025 09:07:50,  864022 sec) ProfileInit()        DURA powered up.
(Nov 21 2025 09:07:54,  864026 sec) ProfileInit()        Muxer PPIs K{1,2} w/ DURA awake: 14.98V, 47.2mA, 707.2mW
(Nov 21 2025 09:08:00,  864032 sec) MscErrorLog_()       No error records to log.
(Nov 21 2025 09:08:05,  864037 sec) PistonMoveAbsWTO()    009->031 010 011 012 013 014 015 [30sec, 14.3Volts, 0.558Amps, CPT:933sec]
(Nov 21 2025 09:08:46,  864078 sec) PistonMoveAbsWTO()    015->031 016 017 018 019 020 [30sec, 14.2Volts, 0.551Amps, CPT:963sec]
(Nov 21 2025 09:09:27,  864119 sec) PistonMoveAbsWTO()    020->031 021 022 023 024 025 [30sec, 14.1Volts, 0.526Amps, CPT:993sec]
(Nov 21 2025 09:10:08,  864160 sec) PistonMoveAbsWTO()    025->031 026 027 028 029 030 [30sec, 14.0Volts, 0.535Amps, CPT:1023sec]
(Nov 21 2025 09:10:49,  864201 sec) PistonMoveAbsWTO()    030->031 031 [2sec, 14.1Volts, 0.544Amps, CPT:1025sec]
(Nov 21 2025 09:16:45,  864557 sec) Profile()            Sample 0 initiated at 1601.4dbars for bin 4 [1600dbars].  PTS/O2,T2,TPhase,RPhase,RawTemp/NO3/pH/FSig,BbSig,TSig/Ocr: 1599.4dbars 2.6258C 34.5637PSU / 75.3uM 2.621C 53.079 7.991 699.385 / 41.0uM / -0.885001V /   54  113  573 / nan nan nan nan
(Nov 21 2025 09:36:39,  865751 sec) Profile()            Sample 1 initiated at 1501.4dbars for bin 5 [1500dbars].  PTS/O2,T2,TPhase,RPhase,RawTemp/NO3/pH/FSig,BbSig,TSig/Ocr: 1499.7dbars 2.7852C 34.5513PSU / 71.6uM 2.779C 53.398 8.005 694.603 / 41.1uM / -0.884805V /   54  113  573 / nan nan nan nan
(Nov 21 2025 09:53:25,  866757 sec) AscentControlAgent() Bouyancy nudge to 41 (v=0.078dbar/sec).
(Nov 21 2025 09:53:25,  866757 sec) PistonMoveAbsWTO()    031->041 032 033 034 035 036 [30sec, 14.5Volts, 0.501Amps, CPT:1055sec]
(Nov 21 2025 09:54:06,  866798 sec) PistonMoveAbsWTO()    036->041 037 038 039 040 041 [25sec, 14.3Volts, 0.489Amps, CPT:1080sec]
(Nov 21 2025 09:56:35,  866947 sec) Profile()            Sample 2 initiated at 1401.7dbars for bin 6 [1400dbars].  PTS/O2,T2,TPhase,RPhase,RawTemp/NO3/pH/FSig,BbSig,TSig/Ocr: 1399.5dbars 2.9664C 34.5354PSU / 67.3uM 2.959C 53.776 8.010 689.168 / 41.3uM / -0.884682V /   53  114  573 / nan nan nan nan
(Nov 21 2025 10:14:50,  868042 sec) Profile()            Sample 3 initiated at 1301.7dbars for bin 7 [1300dbars].  PTS/O2,T2,TPhase,RPhase,RawTemp/NO3/pH/FSig,BbSig,TSig/Ocr: 1300.3dbars 3.0870C 34.5235PSU / 63.2uM 3.080C 54.174 8.012 685.503 / 41.5uM / -0.884406V /   53  113  573 / nan nan nan nan
(Nov 21 2025 10:14:51,  868043 sec) AscentControlAgent() Bouyancy nudge to 51 (v=0.075dbar/sec).
(Nov 21 2025 10:14:52,  868044 sec) PistonMoveAbsWTO()    041->051 042 043 044 045 046 [30sec, 14.4Volts, 0.458Amps, CPT:1110sec]
(Nov 21 2025 10:15:33,  868085 sec) PistonMoveAbsWTO()    046->051 047 048 049 050 051 [25sec, 14.3Volts, 0.469Amps, CPT:1135sec]
(Nov 21 2025 10:34:45,  869237 sec) Profile()            Sample 4 initiated at 1201.2dbars for bin 8 [1200dbars].  PTS/O2,T2,TPhase,RPhase,RawTemp/NO3/pH/FSig,BbSig,TSig/Ocr: 1199.6dbars 3.3324C 34.4977PSU / 56.3uM 3.326C 54.848 8.015 678.050 / 41.9uM / -0.884395V /   55  113  573 / nan nan nan nan
(Nov 21 2025 10:35:20,  869272 sec) AscentControlAgent() Bouyancy nudge to 61 (v=0.079dbar/sec).
(Nov 21 2025 10:35:20,  869272 sec) PistonMoveAbsWTO()    051->061 052 053 054 055 056 [30sec, 14.5Volts, 0.442Amps, CPT:1165sec]
(Nov 21 2025 10:36:01,  869313 sec) PistonMoveAbsWTO()    056->061 057 058 059 060 061 [24sec, 14.4Volts, 0.439Amps, CPT:1189sec]
(Nov 21 2025 10:51:31,  870243 sec) Profile()            Sample 5 initiated at 1101.1dbars for bin 9 [1100dbars].  PTS/O2,T2,TPhase,RPhase,RawTemp/NO3/pH/FSig,BbSig,TSig/Ocr: 1099.1dbars 3.6018C 34.4634PSU / 49.6uM 3.594C 55.543 8.019 669.889 / 42.3uM / -0.884445V /   54  116  572 / nan nan nan nan
(Nov 21 2025 11:07:00,  871172 sec) AscentControlAgent() Bouyancy nudge to 71 (v=0.076dbar/sec).
(Nov 21 2025 11:07:00,  871172 sec) PistonMoveAbsWTO()    061->071 062 063 064 065 066 [30sec, 14.6Volts, 0.408Amps, CPT:1219sec]
(Nov 21 2025 11:07:41,  871213 sec) PistonMoveAbsWTO()    066->071 067 068 069 070 071 [24sec, 14.5Volts, 0.401Amps, CPT:1243sec]
(Nov 21 2025 11:11:14,  871426 sec) Profile()            Sample 6 initiated at 1001.7dbars for bin 10 [1000dbars].  PTS/O2,T2,TPhase,RPhase,RawTemp/NO3/pH/FSig,BbSig,TSig/Ocr: 999.6dbars 3.8728C 34.4172PSU / 40.1uM 3.865C 56.626 8.024 661.612 / 42.5uM / -0.884705V /   54  117  572 / nan nan nan nan
(Nov 21 2025 11:14:36,  871628 sec) Sbe41cpStartCP()     Continuous profile started.
(Nov 21 2025 11:20:48,  872000 sec) Profile()            Sample 7 initiated at 951.3dbars for bin 11 [950dbars].  PTS/O2,T2,TPhase,RPhase,RawTemp/NO3/pH/FSig,BbSig,TSig/Ocr: 951.2dbars 3.9343C 34.3718PSU / 31.7uM 3.926C 57.692 8.026 659.765 / 42.9uM / -0.885753V /   55  114  572 / nan nan nan nan
(Nov 21 2025 11:22:06,  872078 sec) AscentControlAgent() Bouyancy nudge to 81 (v=0.075dbar/sec).
(Nov 21 2025 11:22:06,  872078 sec) PistonMoveAbsWTO()    071->081 072 073 074 075 076 [30sec, 14.4Volts, 0.385Amps, CPT:1273sec]
(Nov 21 2025 11:22:47,  872119 sec) PistonMoveAbsWTO()    076->081 077 078 079 080 081 [24sec, 14.4Volts, 0.386Amps, CPT:1297sec]
(Nov 21 2025 11:29:42,  872534 sec) Profile()            Sample 8 initiated at 901.7dbars for bin 12 [900dbars].  PTS/O2,T2,TPhase,RPhase,RawTemp/NO3/pH/FSig,BbSig,TSig/Ocr: 901.6dbars 4.0176C 34.3323PSU / 26.9uM 4.008C 58.315 8.029 657.253 / 43.3uM / -0.886374V /   54  113  572 / nan nan nan nan
(Nov 21 2025 11:38:01,  873033 sec) Profile()            Sample 9 initiated at 851.4dbars for bin 13 [850dbars].  PTS/O2,T2,TPhase,RPhase,RawTemp/NO3/pH/FSig,BbSig,TSig/Ocr: 851.3dbars 4.2375C 34.2879PSU / 24.4uM 4.231C 58.614 8.034 650.403 / 43.0uM / -0.885094V /   55  115  571 / nan nan nan nan
(Nov 21 2025 11:47:28,  873600 sec) Profile()            Sample 10 initiated at 801.9dbars for bin 14 [800dbars].  PTS/O2,T2,TPhase,RPhase,RawTemp/NO3/pH/FSig,BbSig,TSig/Ocr: 801.8dbars 4.4119C 34.2384PSU / 26.6uM 4.403C 58.265 8.039 645.128 / 42.6uM / -0.884706V /   55  116  571 / nan nan nan nan
(Nov 21 2025 11:53:23,  873955 sec) AscentControlAgent() Bouyancy nudge to 91 (v=0.074dbar/sec).
(Nov 21 2025 11:53:23,  873955 sec) PistonMoveAbsWTO()    081->091 082 083 084 085 086 [30sec, 14.5Volts, 0.348Amps, CPT:1327sec]
(Nov 21 2025 11:54:04,  873996 sec) PistonMoveAbsWTO()    086->091 087 088 089 090 091 [24sec, 14.4Volts, 0.343Amps, CPT:1351sec]
(Nov 21 2025 11:57:39,  874211 sec) Profile()            Sample 11 initiated at 751.4dbars for bin 15 [750dbars].  PTS/O2,T2,TPhase,RPhase,RawTemp/NO3/pH/FSig,BbSig,TSig/Ocr: 751.3dbars 4.6179C 34.1816PSU / 32.4uM 4.611C 57.434 8.045 638.734 / 42.0uM / -0.883974V /   55  114  571 / nan nan nan nan
(Nov 21 2025 12:07:28,  874800 sec) Profile()            Sample 12 initiated at 701.5dbars for bin 16 [700dbars].  PTS/O2,T2,TPhase,RPhase,RawTemp/NO3/pH/FSig,BbSig,TSig/Ocr: 701.4dbars 5.0410C 34.1246PSU / 43.0uM 5.035C 55.929 8.053 625.667 / 40.6uM / -0.882680V /   54  115  570 / nan nan nan nan
(Nov 21 2025 12:08:36,  874868 sec) AscentControlAgent() Bouyancy nudge to 101 (v=0.078dbar/sec).
(Nov 21 2025 12:08:36,  874868 sec) PistonMoveAbsWTO()    091->101 092 093 094 095 096 [30sec, 14.5Volts, 0.323Amps, CPT:1381sec]
(Nov 21 2025 12:09:17,  874909 sec) PistonMoveAbsWTO()    096->101 097 098 099 100 101 [23sec, 14.4Volts, 0.326Amps, CPT:1404sec]
(Nov 21 2025 12:15:58,  875310 sec) Profile()            Sample 13 initiated at 651.2dbars for bin 17 [650dbars].  PTS/O2,T2,TPhase,RPhase,RawTemp/NO3/pH/FSig,BbSig,TSig/Ocr: 651.1dbars 5.3006C 34.0901PSU / 54.4uM 5.295C 54.432 8.066 617.633 / 39.3uM / -0.881073V /   54  115  570 / nan nan nan nan
(Nov 21 2025 12:25:14,  875866 sec) Profile()            Sample 14 initiated at 601.9dbars for bin 18 [600dbars].  PTS/O2,T2,TPhase,RPhase,RawTemp/NO3/pH/FSig,BbSig,TSig/Ocr: 601.9dbars 5.8509C 34.0338PSU / 85.4uM 5.840C 50.779 8.084 600.699 / 36.2uM / -0.877565V /   54  115  569 / nan nan nan nan
(Nov 21 2025 12:28:55,  876087 sec) AscentControlAgent() Bouyancy nudge to 111 (v=0.075dbar/sec).
(Nov 21 2025 12:28:56,  876088 sec) PistonMoveAbsWTO()    101->111 102 103 104 105 106 [30sec, 14.6Volts, 0.304Amps, CPT:1434sec]
(Nov 21 2025 12:29:38,  876130 sec) PistonMoveAbsWTO()    106->111 107 108 109 110 111 [22sec, 14.5Volts, 0.301Amps, CPT:1456sec]
(Nov 21 2025 12:34:39,  876431 sec) Profile()            Sample 15 initiated at 552.0dbars for bin 19 [550dbars].  PTS/O2,T2,TPhase,RPhase,RawTemp/NO3/pH/FSig,BbSig,TSig/Ocr: 551.9dbars 6.5676C 34.0085PSU / 114.5uM 6.556C 47.681 8.108 578.313 / 32.6uM / -0.873154V /   54  116  568 / nan nan nan nan
(Nov 21 2025 12:43:55,  876987 sec) Profile()            Sample 16 initiated at 501.9dbars for bin 20 [500dbars].  PTS/O2,T2,TPhase,RPhase,RawTemp/NO3/pH/FSig,BbSig,TSig/Ocr: 501.8dbars 7.4044C 34.0023PSU / 158.6uM 7.413C 43.708 8.138 551.364 / 27.6uM / -0.867255V /   53  119  567 / nan nan nan nan
(Nov 21 2025 12:50:00,  877352 sec) AscentControlAgent() Bouyancy nudge to 121 (v=0.071dbar/sec).
(Nov 21 2025 12:50:01,  877353 sec) PistonMoveAbsWTO()    111->121 112 113 114 115 116 [30sec, 14.6Volts, 0.278Amps, CPT:1486sec]
(Nov 21 2025 12:50:42,  877394 sec) PistonMoveAbsWTO()    116->121 117 118 119 120 121 [21sec, 14.5Volts, 0.270Amps, CPT:1507sec]
(Nov 21 2025 12:54:39,  877631 sec) Profile()            Sample 17 initiated at 451.2dbars for bin 21 [450dbars].  PTS/O2,T2,TPhase,RPhase,RawTemp/NO3/pH/FSig,BbSig,TSig/Ocr: 451.1dbars 8.8745C 34.0225PSU / 206.6uM 8.854C 39.816 8.173 505.599 / 21.0uM / -0.860364V /   51  117  565 / 0x800673a4 0x80003b24 0x80086524 0x7fffcc80
(Nov 21 2025 13:03:58,  878190 sec) Profile()            Sample 18 initiated at 402.0dbars for bin 22 [400dbars].  PTS/O2,T2,TPhase,RPhase,RawTemp/NO3/pH/FSig,BbSig,TSig/Ocr: 401.9dbars 9.8264C 34.0643PSU / 229.0uM 9.807C 38.060 8.204 475.063 / 17.2uM / -0.856607V /   51  118  564 / 0x80067712 0x800037ad 0x800851ed 0x7fffb7a4
(Nov 21 2025 13:08:19,  878451 sec) Profile()            Sample 19 initiated at 381.6dbars for bin 23 [380dbars].  PTS/O2,T2,TPhase,RPhase,RawTemp/NO3/pH/FSig,BbSig,TSig/Ocr: 381.5dbars 10.4922C 34.1069PSU / 237.5uM 10.502C 37.253 8.221 452.677 / 15.4uM / -0.854603V /   50  119  563 / 0x80066b09 0x800038b6 0x8008555b 0x7fffab40
(Nov 21 2025 13:10:21,  878573 sec) AscentControlAgent() Bouyancy nudge to 131 (v=0.071dbar/sec).
(Nov 21 2025 13:10:22,  878574 sec) PistonMoveAbsWTO()    121->131 122 123 124 125 126 [30sec, 14.6Volts, 0.261Amps, CPT:1537sec]
(Nov 21 2025 13:11:03,  878615 sec) PistonMoveAbsWTO()    126->131 127 128 129 130 131 [21sec, 14.6Volts, 0.246Amps, CPT:1558sec]
(Nov 21 2025 13:12:48,  878720 sec) Profile()            Sample 20 initiated at 361.5dbars for bin 24 [360dbars].  PTS/O2,T2,TPhase,RPhase,RawTemp/NO3/pH/FSig,BbSig,TSig/Ocr: 361.4dbars 11.0119C 34.1480PSU / 241.6uM 11.010C 36.781 8.244 436.230 / 14.1uM / -0.852998V /   50  119  562 / 0x8006611b 0x800013f6 0x800859db 0x7fffb2ad
(Nov 21 2025 13:14:34,  878826 sec) Profile()            Sample 21 initiated at 351.1dbars for bin 25 [350dbars].  PTS/O2,T2,TPhase,RPhase,RawTemp/NO3/pH/FSig,BbSig,TSig/Ocr: 351.0dbars 11.2408C 34.1673PSU / 244.2uM 11.245C 36.530 8.256 428.645 / 13.7uM / -0.852514V /   50  117  561 / 0x80065fc9 0x800016d2 0x80084a12 0x7fffaedb
(Nov 21 2025 13:16:09,  878921 sec) Profile()            Sample 22 initiated at 341.8dbars for bin 26 [340dbars].  PTS/O2,T2,TPhase,RPhase,RawTemp/NO3/pH/FSig,BbSig,TSig/Ocr: 341.7dbars 11.4028C 34.1776PSU / 244.8uM 11.403C 36.422 8.263 423.498 / 13.2uM / -0.852130V /   51  116  561 / 0x80065089 0x7ffff89b 0x80084152 0x7fff9fa4
(Nov 21 2025 13:17:56,  879028 sec) Profile()            Sample 23 initiated at 331.7dbars for bin 27 [330dbars].  PTS/O2,T2,TPhase,RPhase,RawTemp/NO3/pH/FSig,BbSig,TSig/Ocr: 331.6dbars 11.5319C 34.1804PSU / 245.3uM 11.535C 36.331 8.267 419.226 / 13.0uM / -0.851775V /   50  117  561 / 0x8006626d 0x80000664 0x800854b6 0x7fffa55b
(Nov 21 2025 13:19:42,  879134 sec) Profile()            Sample 24 initiated at 321.9dbars for bin 28 [320dbars].  PTS/O2,T2,TPhase,RPhase,RawTemp/NO3/pH/FSig,BbSig,TSig/Ocr: 321.8dbars 11.7635C 34.1959PSU / 245.4uM 11.772C 36.206 8.270 411.518 / 12.4uM / -0.851219V /   50  117  561 / 0x80064c92 0x80000109 0x80083c49 0x7fff98c9
(Nov 21 2025 13:21:39,  879251 sec) Profile()            Sample 25 initiated at 311.5dbars for bin 29 [310dbars].  PTS/O2,T2,TPhase,RPhase,RawTemp/NO3/pH/FSig,BbSig,TSig/Ocr: 311.4dbars 12.1800C 34.2123PSU / 245.6uM 12.169C 35.992 8.276 398.600 / 11.5uM / -0.850536V /   50  117  560 / 0x80067fb6 0x7ffff19b 0x8008525b 0x7fffa5d2
(Nov 21 2025 13:23:37,  879369 sec) Profile()            Sample 26 initiated at 301.2dbars for bin 30 [300dbars].  PTS/O2,T2,TPhase,RPhase,RawTemp/NO3/pH/FSig,BbSig,TSig/Ocr: 301.1dbars 12.4005C 34.2327PSU / 246.4uM 12.403C 35.836 8.282 390.982 / 10.9uM / -0.849817V /   50  117  560 / 0x80064aa4 0x7fffecdb 0x80084b12 0x7fff9b89
(Nov 21 2025 13:25:34,  879486 sec) Profile()            Sample 27 initiated at 291.9dbars for bin 31 [290dbars].  PTS/O2,T2,TPhase,RPhase,RawTemp/NO3/pH/FSig,BbSig,TSig/Ocr: 291.8dbars 12.8342C 34.2638PSU / 248.2uM 12.839C 35.530 8.287 376.741 / 10.0uM / -0.849031V /   50  116  559 / 0x80065949 0x7ffff8b6 0x80083792 0x7fff9ee4
(Nov 21 2025 13:26:41,  879553 sec) AscentControlAgent() Bouyancy nudge to 141 (v=0.079dbar/sec).
(Nov 21 2025 13:26:42,  879554 sec) PistonMoveAbsWTO()    131->141 132 133 134 135 136 [30sec, 14.7Volts, 0.228Amps, CPT:1588sec]
(Nov 21 2025 13:28:02,  879634 sec) Profile()            Sample 28 initiated at 281.1dbars for bin 32 [280dbars].  PTS/O2,T2,TPhase,RPhase,RawTemp/NO3/pH/FSig,BbSig,TSig/Ocr: 281.0dbars 13.2217C 34.2948PSU / 249.0uM 13.220C 35.305 8.299 364.290 / 9.1uM / -0.848163V /   50  117  559 / 0x80065d1b 0x7fffee49 0x80083c6d 0x7fff92c0
(Nov 21 2025 13:28:03,  879635 sec) PistonMoveAbsWTO()    137->141 138 139 140 141 [21sec, 14.6Volts, 0.227Amps, CPT:1609sec]
(Nov 21 2025 13:29:47,  879739 sec) Profile()            Sample 29 initiated at 272.0dbars for bin 33 [270dbars].  PTS/O2,T2,TPhase,RPhase,RawTemp/NO3/pH/FSig,BbSig,TSig/Ocr: 271.9dbars 13.6658C 34.3311PSU / 249.5uM 13.658C 35.061 8.307 349.961 / 8.3uM / -0.847359V /   50  119  558 / 0x80063e24 0x7fffe6ed 0x80082b36 0x7fff8992
(Nov 21 2025 13:31:44,  879856 sec) Profile()            Sample 30 initiated at 261.4dbars for bin 34 [260dbars].  PTS/O2,T2,TPhase,RPhase,RawTemp/NO3/pH/FSig,BbSig,TSig/Ocr: 261.3dbars 14.0373C 34.3585PSU / 248.1uM 14.034C 34.945 8.316 337.603 / 7.7uM / -0.846788V /   50  115  558 / 0x800640db 0x7fffddad 0x80084740 0x7fff8be4
(Nov 21 2025 13:33:42,  879974 sec) Profile()            Sample 31 initiated at 251.0dbars for bin 35 [250dbars].  PTS/O2,T2,TPhase,RPhase,RawTemp/NO3/pH/FSig,BbSig,TSig/Ocr: 251.0dbars 14.5507C 34.4048PSU / 247.6uM 14.540C 34.723 8.323 320.992 / 6.9uM / -0.845942V /   51  119  557 / 0x8006272d 0x7fffd440 0x8008241b 0x7fff869b
(Nov 21 2025 13:35:28,  880080 sec) Profile()            Sample 32 initiated at 241.6dbars for bin 36 [240dbars].  PTS/O2,T2,TPhase,RPhase,RawTemp/NO3/pH/FSig,BbSig,TSig/Ocr: 241.4dbars 14.7637C 34.4244PSU / 247.6uM 14.766C 34.617 8.330 313.567 / 6.4uM / -0.845439V /   51  115  556 / 0x80063b52 0x7fffd049 0x80081b80 0x7fff941b
(Nov 21 2025 13:37:25,  880197 sec) Profile()            Sample 33 initiated at 231.2dbars for bin 37 [230dbars].  PTS/O2,T2,TPhase,RPhase,RawTemp/NO3/pH/FSig,BbSig,TSig/Ocr: 231.1dbars 15.2736C 34.4743PSU / 245.9uM 15.261C 34.462 8.337 297.298 / 5.8uM / -0.844751V /   53  117  556 / 0x80062f89 0x7fffbdc9 0x80081fdb 0x7fff719b
(Nov 21 2025 13:39:12,  880304 sec) Profile()            Sample 34 initiated at 221.9dbars for bin 38 [220dbars].  PTS/O2,T2,TPhase,RPhase,RawTemp/NO3/pH/FSig,BbSig,TSig/Ocr: 221.8dbars 15.6858C 34.5130PSU / 245.5uM 15.672C 34.284 8.343 283.746 / 5.2uM / -0.844091V /   51  118  555 / 0x80062e80 0x7fffc200 0x80082e6d 0x7fff7a92
(Nov 21 2025 13:41:09,  880421 sec) Profile()            Sample 35 initiated at 211.9dbars for bin 39 [210dbars].  PTS/O2,T2,TPhase,RPhase,RawTemp/NO3/pH/FSig,BbSig,TSig/Ocr: 211.8dbars 15.9500C 34.5435PSU / 246.2uM 15.949C 34.121 8.353 274.626 / 4.8uM / -0.843478V /   53  118  555 / 0x80064309 0x7fffc649 0x80081c89 0x7fff75a4
(Nov 21 2025 13:43:17,  880549 sec) Profile()            Sample 36 initiated at 201.5dbars for bin 40 [200dbars].  PTS/O2,T2,TPhase,RPhase,RawTemp/NO3/pH/FSig,BbSig,TSig/Ocr: 201.4dbars 16.5846C 34.6189PSU / 243.5uM 16.561C 33.965 8.365 254.446 / 4.6uM / -0.842807V /   52  118  554 / 0x80063276 0x7fffb876 0x80081549 0x7fff6776
(Nov 21 2025 13:45:47,  880699 sec) Profile()            Sample 37 initiated at 191.5dbars for bin 41 [190dbars].  PTS/O2,T2,TPhase,RPhase,RawTemp/NO3/pH/FSig,BbSig,TSig/Ocr: 191.4dbars 17.1981C 34.6947PSU / 240.2uM 17.177C 33.840 8.378 234.156 / 3.9uM / -0.842183V /   56  121  553 / 0x80063264 0x7fffb6ad 0x80081924 0x7fff695b
(Nov 21 2025 13:48:06,  880838 sec) Profile()            Sample 38 initiated at 181.8dbars for bin 42 [180dbars].  PTS/O2,T2,TPhase,RPhase,RawTemp/NO3/pH/FSig,BbSig,TSig/Ocr: 181.8dbars 17.4494C 34.7299PSU / 239.1uM 17.441C 33.772 8.383 225.442 / 3.6uM / -0.841699V /   56  120  553 / 0x80061fed 0x7fffb62d 0x80081ac0 0x7fff63a4
(Nov 21 2025 13:50:47,  880999 sec) Profile()            Sample 39 initiated at 171.4dbars for bin 43 [170dbars].  PTS/O2,T2,TPhase,RPhase,RawTemp/NO3/pH/FSig,BbSig,TSig/Ocr: 171.4dbars 17.8637C 34.7938PSU / 238.8uM 17.870C 33.592 8.389 211.303 / 3.0uM / -0.840969V /   61  117  552 / 0x80060bf6 0x7fff9552 0x8007f3b6 0x7fff602d
(Nov 21 2025 13:54:01,  881193 sec) Profile()            Sample 40 initiated at 161.5dbars for bin 44 [160dbars].  PTS/O2,T2,TPhase,RPhase,RawTemp/NO3/pH/FSig,BbSig,TSig/Ocr: 161.5dbars 18.3271C 34.8258PSU / 240.9uM 18.320C 33.282 8.396 196.453 / 2.3uM / -0.840307V /   62  121  551 / 0x800615db 0x7fff97d2 0x80080380 0x7fff4eed
(Nov 21 2025 13:58:10,  881442 sec) Profile()            Sample 41 initiated at 151.7dbars for bin 45 [150dbars].  PTS/O2,T2,TPhase,RPhase,RawTemp/NO3/pH/FSig,BbSig,TSig/Ocr: 151.7dbars 18.8949C 34.8945PSU / 243.1uM 18.894C 32.917 8.410 177.523 / 1.7uM / -0.839277V /   68  122  550 / 0x80060c92 0x7fff8036 0x8007fcf6 0x7fff3e49
(Nov 21 2025 14:02:08,  881680 sec) Profile()            Sample 42 initiated at 141.9dbars for bin 46 [140dbars].  PTS/O2,T2,TPhase,RPhase,RawTemp/NO3/pH/FSig,BbSig,TSig/Ocr: 141.8dbars 19.2630C 34.9407PSU / 244.9uM 19.269C 32.665 8.417 165.190 / 1.5uM / -0.838620V /   73  129  549 / 0x80060964 0x7fff8524 0x8007f1f6 0x7fff4640
(Nov 21 2025 14:07:23,  881995 sec) Profile()            Sample 43 initiated at 131.8dbars for bin 47 [130dbars].  PTS/O2,T2,TPhase,RPhase,RawTemp/NO3/pH/FSig,BbSig,TSig/Ocr: 131.8dbars 19.8185C 35.0147PSU / 248.3uM 19.808C 32.267 8.426 147.432 / 1.1uM / -0.837393V /   84  126  548 / 0x8005e764 0x7fff6489 0x8007e1a4 0x7fff3209
(Nov 21 2025 14:08:19,  882051 sec) AscentControlAgent() Bouyancy nudge to 151 (v=0.026dbar/sec).
(Nov 21 2025 14:08:19,  882051 sec) PistonMoveAbsWTO()    141->151 142 143 144 145 146 147 [30sec, 14.8Volts, 0.186Amps, CPT:1639sec]
(Nov 21 2025 14:09:00,  882092 sec) PistonMoveAbsWTO()    147->151 148 149 150 151 [20sec, 14.8Volts, 0.188Amps, CPT:1659sec]
(Nov 21 2025 14:11:16,  882228 sec) Profile()            Sample 44 initiated at 121.2dbars for bin 48 [120dbars].  PTS/O2,T2,TPhase,RPhase,RawTemp/NO3/pH/FSig,BbSig,TSig/Ocr: 121.2dbars 20.3611C 35.0697PSU / 254.1uM 20.344C 31.766 8.432 129.800 / 0.5uM / -0.836346V /   84  127  547 / 0x800613c0 0x7fff67c0 0x8007ebad 0x7fff3892
(Nov 21 2025 14:13:24,  882356 sec) Profile()            Sample 45 initiated at 111.3dbars for bin 49 [110dbars].  PTS/O2,T2,TPhase,RPhase,RawTemp/NO3/pH/FSig,BbSig,TSig/Ocr: 111.3dbars 21.1000C 35.1724PSU / 257.2uM 21.062C 31.319 8.437 106.242 / 1.1uM / -0.835027V /   99  131  547 / 0x8005ffed 0x7fff5564 0x8007dd6d 0x7fff362d
(Nov 21 2025 14:16:16,  882528 sec) Profile()            Sample 46 initiated at 101.6dbars for bin 50 [100dbars].  PTS/O2,T2,TPhase,RPhase,RawTemp/NO3/pH/FSig,BbSig,TSig/Ocr: 101.5dbars 21.6188C 35.2094PSU / 263.3uM 21.650C 30.810 8.451 86.963 / 1.4uM / -0.833988V /  102  133  546 / 0x8005ec49 0x7fff512d 0x8007e61b 0x7fff2af6
(Nov 21 2025 14:18:02,  882634 sec) Profile()            Sample 47 initiated at 96.8dbars for bin 51 [95dbars].  PTS/O2,T2,TPhase,RPhase,RawTemp/NO3/pH/FSig,BbSig,TSig/Ocr: 96.8dbars 22.1423C 35.2557PSU / 264.5uM 22.125C 30.562 8.460 71.454 / 0.9uM / -0.833527V /   85  135  545 / 0x8005fd5b 0x7fff4b2d 0x8007d4db 0x7fff29e4
(Nov 21 2025 14:20:32,  882784 sec) Profile()            Sample 48 initiated at 91.7dbars for bin 52 [90dbars].  PTS/O2,T2,TPhase,RPhase,RawTemp/NO3/pH/FSig,BbSig,TSig/Ocr: 91.7dbars 22.2559C 35.2506PSU / 266.7uM 22.256C 30.419 8.467 67.175 / 0.9uM / -0.833307V /   87  136  544 / 0x8005e5a4 0x7fff54e4 0x8007cead 0x7fff2da4
(Nov 21 2025 14:23:02,  882934 sec) Profile()            Sample 49 initiated at 86.9dbars for bin 53 [85dbars].  PTS/O2,T2,TPhase,RPhase,RawTemp/NO3/pH/FSig,BbSig,TSig/Ocr: 86.9dbars 22.6851C 35.2755PSU / 266.6uM 22.635C 30.270 8.478 54.794 / 0.9uM / -0.832862V /   82  136  544 / 0x8005f9a4 0x7fff5112 0x8007c3b6 0x7fff21e4
(Nov 21 2025 14:23:35,  882967 sec) AscentControlAgent() Bouyancy nudge to 156 (v=0.031dbar/sec).
(Nov 21 2025 14:23:35,  882967 sec) PistonMoveAbsWTO()    151->156 152 153 154 155 156 [25sec, 14.9Volts, 0.187Amps, CPT:1684sec]
(Nov 21 2025 14:25:34,  883086 sec) Profile()            Sample 50 initiated at 81.8dbars for bin 54 [80dbars].  PTS/O2,T2,TPhase,RPhase,RawTemp/NO3/pH/FSig,BbSig,TSig/Ocr: 81.8dbars 22.9192C 35.3056PSU / 266.4uM 22.941C 30.152 8.479 44.857 / 1.5uM / -0.832511V /   79  143  543 / 0x8005dff6 0x7fff36d2 0x8007cdc0 0x7fff2080
(Nov 21 2025 14:27:09,  883181 sec) Profile()            Sample 51 initiated at 76.8dbars for bin 55 [75dbars].  PTS/O2,T2,TPhase,RPhase,RawTemp/NO3/pH/FSig,BbSig,TSig/Ocr: 76.8dbars 24.0862C 35.4118PSU / 259.7uM 23.968C 30.030 8.483 11.517 / 1.7uM / -0.831440V /   79  141  543 / 0x8005f3e4 0x7fff2724 0x8007be5b 0x7fff23ad
(Nov 21 2025 14:28:38,  883270 sec) AscentControlAgent() Bouyancy nudge to 161 (v=0.031dbar/sec).
(Nov 21 2025 14:28:38,  883270 sec) PistonMoveAbsWTO()    156->161 157 158 159 160 161 [24sec, 14.9Volts, 0.176Amps, CPT:1708sec]
(Nov 21 2025 14:32:38,  883510 sec) Profile()            Sample 52 initiated at 71.8dbars for bin 56 [70dbars].  PTS/O2,T2,TPhase,RPhase,RawTemp/NO3/pH/FSig,BbSig,TSig/Ocr: 71.8dbars 24.6302C 35.4919PSU / 252.0uM 24.626C 30.105 8.499 -9.734 / 1.3uM / -0.830629V /   67  140  541 / 0x8005c3c9 0x7fff1289 0x8007aeb6 0x7fff0e89
(Nov 21 2025 14:33:45,  883577 sec) AscentControlAgent() Bouyancy nudge to 166 (v=0.028dbar/sec).
(Nov 21 2025 14:33:45,  883577 sec) PistonMoveAbsWTO()    161->166 162 163 164 165 166 [26sec, 14.9Volts, 0.187Amps, CPT:1734sec]
(Nov 21 2025 14:35:01,  883653 sec) Profile()            Sample 53 initiated at 64.9dbars for bin 57 [65dbars].  PTS/O2,T2,TPhase,RPhase,RawTemp/NO3/pH/FSig,BbSig,TSig/Ocr: 64.9dbars 24.6553C 35.4969PSU / 251.3uM 24.658C 30.121 8.498 -10.789 / 1.5uM / -0.830524V /   64  139  540 / 0x8005d8c9 0x7fff26d2 0x8007ad6d 0x7ffefd24
(Nov 21 2025 14:35:51,  883703 sec) Profile()            Sample 54 initiated at 61.2dbars for bin 58 [60dbars].  PTS/O2,T2,TPhase,RPhase,RawTemp/NO3/pH/FSig,BbSig,TSig/Ocr: 61.1dbars 24.6653C 35.4999PSU / 251.2uM 24.669C 30.120 8.497 -11.128 / 1.5uM / -0.830484V /   63  139  540 / 0x8005d9c0 0x7fff1f24 0x8007b0db 0x7fff0609
(Nov 21 2025 14:36:52,  883764 sec) Profile()            Sample 55 initiated at 56.4dbars for bin 59 [55dbars].  PTS/O2,T2,TPhase,RPhase,RawTemp/NO3/pH/FSig,BbSig,TSig/Ocr: 56.3dbars 24.6805C 35.5025PSU / 251.2uM 24.683C 30.117 8.498 -11.593 / 1.5uM / -0.830410V /   62  143  540 / 0x8005d012 0x7fff11e4 0x8007c12d 0x7fff0709
(Nov 21 2025 14:38:04,  883836 sec) Profile()            Sample 56 initiated at 51.3dbars for bin 60 [50dbars].  PTS/O2,T2,TPhase,RPhase,RawTemp/NO3/pH/FSig,BbSig,TSig/Ocr: 51.2dbars 24.7448C 35.5034PSU / 250.7uM 24.748C 30.115 8.496 -13.674 / 1.6uM / -0.830214V /   62  137  540 / 0x8005d609 0x7fff0f40 0x8007a9c9 0x7fff01a4
(Nov 21 2025 14:39:17,  883909 sec) Profile()            Sample 57 initiated at 46.9dbars for bin 61 [45dbars].  PTS/O2,T2,TPhase,RPhase,RawTemp/NO3/pH/FSig,BbSig,TSig/Ocr: 46.8dbars 24.8125C 35.4981PSU / 250.1uM 24.816C 30.113 8.498 -15.885 / 1.4uM / -0.830101V /   58  138  539 / 0x8005d4b6 0x7fff0f12 0x8007a709 0x7ffef5c9
(Nov 21 2025 14:40:41,  883993 sec) Profile()            Sample 58 initiated at 41.7dbars for bin 62 [40dbars].  PTS/O2,T2,TPhase,RPhase,RawTemp/NO3/pH/FSig,BbSig,TSig/Ocr: 41.7dbars 24.8531C 35.4974PSU / 249.8uM 24.855C 30.111 8.497 -17.122 / 1.4uM / -0.829942V /   56  132  539 / 0x8005cde4 0x7fff0089 0x8007ac36 0x7ffeff5b
(Nov 21 2025 14:42:05,  884077 sec) Profile()            Sample 59 initiated at 36.8dbars for bin 63 [35dbars].  PTS/O2,T2,TPhase,RPhase,RawTemp/NO3/pH/FSig,BbSig,TSig/Ocr: 36.8dbars 24.8543C 35.4974PSU / 249.7uM 24.858C 30.113 8.498 -17.233 / 1.5uM / -0.829886V /   55  135  539 / 0x8005d300 0x7fff04ad 0x8007b1b6 0x7ffeefed
(Nov 21 2025 14:43:50,  884182 sec) Profile()            Sample 60 initiated at 31.5dbars for bin 64 [30dbars].  PTS/O2,T2,TPhase,RPhase,RawTemp/NO3/pH/FSig,BbSig,TSig/Ocr: 31.5dbars 24.8502C 35.4973PSU / 249.8uM 24.858C 30.112 8.497 -17.211 / 1.4uM / -0.829796V /   56  139  539 / 0x8005c9b6 0x7fff0712 0x8007a740 0x7ffeef40
(Nov 21 2025 14:45:35,  884287 sec) Profile()            Sample 61 initiated at 26.5dbars for bin 65 [25dbars].  PTS/O2,T2,TPhase,RPhase,RawTemp/NO3/pH/FSig,BbSig,TSig/Ocr: 26.5dbars 24.8485C 35.4980PSU / 249.8uM 24.854C 30.109 8.494 -17.104 / 1.4uM / -0.829743V /   55  133  539 / 0x8005c789 0x7ffef764 0x80079d1b 0x7ffefcd2
(Nov 21 2025 14:47:09,  884381 sec) Profile()            Sample 62 initiated at 21.4dbars for bin 66 [20dbars].  PTS/O2,T2,TPhase,RPhase,RawTemp/NO3/pH/FSig,BbSig,TSig/Ocr: 21.4dbars 24.8443C 35.4980PSU / 250.0uM 24.850C 30.105 8.494 -16.956 / 1.5uM / -0.829651V /   57  133  539 / 0x8005d52d 0x7ffef2c9 0x800792c0 0x7ffee540
(Nov 21 2025 14:48:32,  884464 sec) Profile()            Sample 63 initiated at 16.3dbars for bin 67 [15dbars].  PTS/O2,T2,TPhase,RPhase,RawTemp/NO3/pH/FSig,BbSig,TSig/Ocr: 16.3dbars 24.8525C 35.4978PSU / 250.0uM 24.858C 30.100 8.494 -17.211 / 1.5uM / -0.829626V /   56  133  539 / 0x8005badb 0x7ffefa24 0x800794a4 0x7ffee436
(Nov 21 2025 14:49:55,  884547 sec) Profile()            Sample 64 initiated at 11.6dbars for bin 68 [10dbars].  PTS/O2,T2,TPhase,RPhase,RawTemp/NO3/pH/FSig,BbSig,TSig/Ocr: 11.5dbars 24.8531C 35.4971PSU / 250.1uM 24.858C 30.095 8.494 -17.221 / 1.5uM / -0.829556V /   55  132  539 / 0x8005cfe4 0x7ffefc80 0x800799a4 0x7ffef109
(Nov 21 2025 14:51:08,  884620 sec) Profile()            Sample 65 initiated at 7.6dbars for bin 69 [6dbars].  PTS/O2,T2,TPhase,RPhase,RawTemp/NO3/pH/FSig,BbSig,TSig/Ocr: 7.5dbars 24.8530C 35.4975PSU / 250.2uM 24.858C 30.091 8.494 -17.215 / 1.5uM / -0.829465V /   56  134  539 / 0x8005bf2d 0x7ffeed92 0x80079589 0x7ffee9db
(Nov 21 2025 14:51:42,  884654 sec) SurfaceDetect()      SurfacePressure:-0.0dbars Pressure:3.7dbars PistonPosition:166
(Nov 21 2025 14:51:42,  884654 sec) Sbe41cpStopCP()      Continuous profile stopped.
(Nov 21 2025 14:51:46,  884658 sec) PistonMoveAbsWTO()    166->188 167 168 169 170 171 172 173 174 175 176 177 178 179 180 181 182 183 184 185 186 187 188 [107sec, 14.9Volts, 0.160Amps, CPT:1841sec]
(Nov 21 2025 14:53:39,  884771 sec) chat()               Expected string [S>] not received.
(Nov 21 2025 14:55:30,  884882 sec) Sbe41cpBinAverage()  Finished averaging 13039 samples in 106 seconds.
(Nov 21 2025 14:55:35,  884887 sec) Sbe41cpUploadCP_()   Sbe41cpSerNo[20478] NSample[13039] NBin[493]
(Nov 21 2025 14:56:06,  884918 sec) Sbe41cpUploadCP_()   Continuous profile uploaded [493 lines].
(Nov 21 2025 14:56:20,  884932 sec) MscErrorLog_()       No error records to log.
(Nov 21 2025 14:56:30,  884942 sec) MscErrorLog_()       No error records to log.

<EOT>
