(Oct 08 2025 21:17:11,  179583 sec) TelemetryInit()      Profile 17. (Apf11 FwRev: 061125)
(Oct 08 2025 21:17:11,  179583 sec) TelemetryInit()      Charge consumption model: OCV:15.2V Wake-Cycles:24996 Standby:16.4days Wake:18.1kC Sensors:1.9kC
(Oct 08 2025 21:22:26,  179898 sec) GetSurfaceObs()      P/O2,T2,TPhase,RPhase,RawTemp/FSig,BbSig,TSig: 0.1dbars / 242.8uM 27.042C 29.587 8.590 -87.013 / 50,135,535
(Oct 08 2025 21:22:26,  179898 sec) GetSurfaceObs()      P/Ocr: 0.1dbars / 0x8de2a2d2 0x91ffa024 0x916440ad 0x90b82d92
(Oct 08 2025 21:22:59,  179931 sec) GetSurfaceObs()      P/O2,T2,TPhase,RPhase,RawTemp/FSig,BbSig,TSig: 0.2dbars / 243.0uM 27.009C 29.592 8.569 -85.965 / 52,135,535
(Oct 08 2025 21:22:59,  179931 sec) GetSurfaceObs()      P/Ocr: 0.2dbars / 0x8c1c152d 0x901a4976 0x8f85ae9b 0x8f8e2ea4
(Oct 08 2025 21:23:32,  179964 sec) GetSurfaceObs()      P/O2,T2,TPhase,RPhase,RawTemp/FSig,BbSig,TSig: 0.2dbars / 242.8uM 27.063C 29.580 8.574 -87.670 / 51,135,535
(Oct 08 2025 21:23:32,  179964 sec) GetSurfaceObs()      P/Ocr: 0.2dbars / 0x93b257f6 0x99321df6 0x9771eea4 0x9aa4b492
(Oct 08 2025 21:24:06,  179998 sec) GetSurfaceObs()      P/O2,T2,TPhase,RPhase,RawTemp/FSig,BbSig,TSig: 0.1dbars / 243.1uM 27.009C 29.586 8.565 -85.975 / 51,137,535
(Oct 08 2025 21:24:06,  179998 sec) GetSurfaceObs()      P/Ocr: 0.1dbars / 0x95b071d2 0x9e6ec3ad 0x940ecfd2 0x9fbdce24
(Oct 08 2025 21:27:16,  180188 sec) AirSystem()          Battery [216cnt, 15.2V]  Current [20cnt, 77.0mA]  Pneumometer [155cnt, 18.2psi]  Run-Time [91s]
(Oct 08 2025 21:27:29,  180201 sec) GetSurfaceObs()      P/O2,T2,TPhase,RPhase,RawTemp/FSig,BbSig,TSig: -0.1dbars / 246.0uM 26.588C 29.615 8.585 -72.579 / 50,135,535
(Oct 08 2025 21:27:29,  180201 sec) GetSurfaceObs()      P/Ocr: -0.1dbars / 0xa13c68ed 0xb43209e4 0xb2f6dcf6 0xb827e4c9
(Oct 08 2025 21:28:03,  180235 sec) GetSurfaceObs()      P/O2,T2,TPhase,RPhase,RawTemp/FSig,BbSig,TSig: -0.1dbars / 244.1uM 26.886C 29.587 8.581 -82.066 / 50,136,535
(Oct 08 2025 21:28:03,  180235 sec) GetSurfaceObs()      P/Ocr: -0.1dbars / 0x9bd6a6c9 0xb44bf936 0xb2354700 0xb44dde2d
(Oct 08 2025 21:28:36,  180268 sec) GetSurfaceObs()      P/O2,T2,TPhase,RPhase,RawTemp/FSig,BbSig,TSig: -0.1dbars / 248.5uM 26.235C 29.640 8.581 -61.353 / 51,137,535
(Oct 08 2025 21:28:36,  180268 sec) GetSurfaceObs()      P/Ocr: -0.1dbars / 0x99b9816d 0xa89d972d 0xa6d7e9a4 0xa87eba2d
(Oct 08 2025 21:29:09,  180301 sec) GetSurfaceObs()      P/O2,T2,TPhase,RPhase,RawTemp/FSig,BbSig,TSig: -0.1dbars / 245.8uM 26.600C 29.619 8.580 -72.981 / 50,135,535
(Oct 08 2025 21:29:09,  180301 sec) GetSurfaceObs()      P/Ocr: -0.1dbars / 0x9b5538f6 0xaecc77c0 0xabcff180 0xae856749
(Oct 08 2025 21:29:42,  180334 sec) GetSurfaceObs()      P/O2,T2,TPhase,RPhase,RawTemp/FSig,BbSig,TSig: -0.1dbars / 243.3uM 26.841C 29.642 8.578 -80.625 / 50,135,535
(Oct 08 2025 21:29:42,  180334 sec) GetSurfaceObs()      P/Ocr: -0.1dbars / 0x99997389 0xab62949b 0xa96ba0db 0xaa1fe5c9
(Oct 08 2025 21:30:15,  180367 sec) GetSurfaceObs()      P/O2,T2,TPhase,RPhase,RawTemp/FSig,BbSig,TSig: -0.0dbars / 249.4uM 26.360C 29.554 8.576 -65.331 / 50,134,534
(Oct 08 2025 21:30:15,  180367 sec) GetSurfaceObs()      P/Ocr: -0.0dbars / 0x9e959df6 0xb46cf6db 0xaf2e97c9 0xae9f1840
(Oct 08 2025 21:30:49,  180401 sec) GetSurfaceObs()      P/O2,T2,TPhase,RPhase,RawTemp/FSig,BbSig,TSig: -0.1dbars / 245.3uM 26.515C 29.677 8.575 -70.263 / 51,136,534
(Oct 08 2025 21:30:49,  180401 sec) GetSurfaceObs()      P/Ocr: -0.1dbars / 0x9f37279b 0xb637ad2d 0xb337d49b 0xb4f90e80
(Oct 08 2025 21:31:22,  180434 sec) GetSurfaceObs()      P/O2,T2,TPhase,RPhase,RawTemp/FSig,BbSig,TSig: -0.1dbars / 246.3uM 26.653C 29.580 8.575 -74.650 / 52,136,534
(Oct 08 2025 21:31:22,  180434 sec) GetSurfaceObs()      P/Ocr: -0.1dbars / 0x9f83b812 0xb42c7dd2 0xb1cd0b76 0xb5b089ad
(Oct 08 2025 21:31:45,  180457 sec) AirSystem()          Battery [217cnt, 15.2V]  Current [19cnt, 75.3mA]  Pneumometer [157cnt, 18.5psi]  Run-Time [9s]
(Oct 08 2025 21:32:26,  180498 sec) GetSurfaceObs()      P/O2,T2,TPhase,RPhase,RawTemp/FSig,BbSig,TSig: -0.1dbars / 246.6uM 26.458C 29.639 8.578 -68.468 / 51,140,534
(Oct 08 2025 21:32:26,  180498 sec) GetSurfaceObs()      P/Ocr: -0.1dbars / 0x9d4b4940 0xaf41fd52 0xabeff464 0xb0099cc9
(Oct 08 2025 21:32:29,  180501 sec) GpsServices()        GPS almanac is current.
(Oct 08 2025 21:32:29,  180501 sec) GpsServices()        Initiating GPS fix acquisition.
(Oct 08 2025 21:32:40,  180512 sec) gga()                $GPGGA,213310,2740.0469,N,15758.0273,W,0,00,,,M,,M,,*4F
(Oct 08 2025 21:32:48,  180520 sec) gga()                $GPGGA,213320,2740.0469,N,15758.0273,W,0,00,,,M,,M,,*4C
(Oct 08 2025 21:32:59,  180531 sec) gga()                $GPGGA,213330,2741.1604,N,15757.9582,W,1,09,0.9,3.2,M,-5.8,M,,*45
(Oct 08 2025 21:32:59,  180531 sec) GpsServices()        Profile 17 GPS fix obtained in 30 seconds.
(Oct 08 2025 21:32:59,  180531 sec) GpsServices()                   lon      lat mm/dd/yyyy hhmmss nsat
(Oct 08 2025 21:32:59,  180531 sec) GpsServices()        Fix: -157.9660  27.6860 10/08/2025 213330    9
(Oct 08 2025 21:33:09,  180541 sec) gga()                $GPGGA,213340,2741.1614,N,15757.9585,W,1,09,0.9,3.1,M,-5.8,M,,*47
(Oct 08 2025 21:33:18,  180550 sec) gga()                $GPGGA,213350,2741.1624,N,15757.9579,W,1,09,0.9,0.3,M,-5.8,M,,*47
(Oct 08 2025 21:33:18,  180550 sec) GpsServices()        Excessive RTC skew (-32s) detected.  Resetting Apf11's RTC to Wed Oct  8 21:33:50 2025
(Oct 08 2025 21:33:50,  180550 sec) GpsServices()        Apf11's RTC now reads Wed Oct  8 21:33:50 2025
(Oct 08 2025 21:33:50,  180550 sec) GpsServices()        GPS services complete.
(Oct 08 2025 21:34:17,  180577 sec) IrGeoLoc()           <x,y,z>=<-5240km,-2116km,2940km> lat=27.643 lon=-158.010 IrSysTime=0xee6450a4
(Oct 08 2025 21:34:21,  180581 sec) CLogin()             Connecting to primary host.
(Oct 08 2025 21:34:41,  180601 sec) CLogin()             Connection 1 established in 20 seconds.
(Oct 08 2025 21:35:11,  180631 sec) expect()             Attempt to read prompt string [login:] failed.
(Oct 08 2025 21:35:11,  180631 sec) login()              Login prompt not received.
(Oct 08 2025 21:35:24,  180644 sec) login()              Login successful.
(Oct 08 2025 21:35:30,  180650 sec) CLogin()             Logged in to host.  [Login required 49 seconds]
(Oct 08 2025 21:35:34,  180654 sec) RxConfig()           Downloading "mission.cfg" from host.
(Oct 08 2025 21:35:54,  180674 sec) RxConfig()           Download successful: [bytes:145, sec:17.7, bps:8]
(Oct 08 2025 21:35:58,  180678 sec) WriteVitals_()       Writing vitals to "23808.017.msg".
(Oct 08 2025 21:36:04,  180684 sec) UpLoadFile()         Uploading "23808.017.log" to host.
(Oct 08 2025 21:38:27,  180827 sec) UpLoadFile()         Upload successful: [bytes:44409, sec:143.0, bps:311]
(Oct 08 2025 21:38:28,  180828 sec) fmove()              Moved: 23808.017.log -> archive/23808.017.log
(Oct 08 2025 21:38:31,  180831 sec) UpLoadFile()         Uploading "23808.017.msg" to host.
(Oct 08 2025 21:40:02,  180922 sec) UpLoadFile()         Upload successful: [bytes:25321, sec:90.7, bps:279]
(Oct 08 2025 21:40:03,  180923 sec) fmove()              Moved: 23808.017.msg -> archive/23808.017.msg
(Oct 08 2025 21:40:07,  180927 sec) UpLoadFile()         Uploading "23808.017.isus" to host.
(Oct 08 2025 21:41:32,  181012 sec) UpLoadFile()         Upload successful: [bytes:24793, sec:85.2, bps:291]
(Oct 08 2025 21:41:34,  181014 sec) fmove()              Moved: 23808.017.isus -> archive/23808.017.isus
(Oct 08 2025 21:41:40,  181020 sec) UpLoadFile()         Uploading "23808.017.dura" to host.
(Oct 08 2025 21:42:50,  181090 sec) UpLoadFile()         Upload successful: [bytes:12220, sec:70.8, bps:173]
(Oct 08 2025 21:42:52,  181092 sec) fmove()              Moved: 23808.017.dura -> archive/23808.017.dura
(Oct 08 2025 21:42:53,  181093 sec) UpLoad()             Files successfully uploaded: 4
(Oct 08 2025 21:42:53,  181093 sec) UpLoad()             Upload complete.
(Oct 08 2025 21:42:57,  181097 sec) logout()             Log-out successful.
(Oct 08 2025 21:42:58,  181098 sec) Telemetry()          Telemetry cycle complete: PrfId=17 ConnectionAttempts=1  Connections=1
(Oct 08 2025 21:42:58,  181098 sec) TelemetryTerminate() Parsing new mission configuration.
(Oct 08 2025 21:42:59,  181099 sec) configure()          Parsing configurators in "mission.cfg".
(Oct 08 2025 21:42:59,  181099 sec) configure()             TelemetryRetry(15)      [0x7BBC] [TelemetryRetry(15)].
(Oct 08 2025 21:42:59,  181099 sec) configure()             DownTime(2640) [CRC=0x8919] [DownTime(2640)].
(Oct 08 2025 21:42:59,  181099 sec) configure()             DeepProfilePressure(2025) [CRC=0x5FF2] [ProfilePressure(2025)].
(Oct 08 2025 21:42:59,  181099 sec) configure()             DeepProfilePistonPos(9) [CRC=0xFF37] [DeepProfilePistonPos(9)].
(Oct 08 2025 21:42:59,  181099 sec) configure()             DeepProfileDescentTime(240) [CRC=0x0059] [DeepProfileDescentTime(240)].
(Oct 08 2025 21:42:59,  181099 sec) configure()             ParkPressure(1000) [CRC=0x899C] [ParkPressure(1000)].
(Oct 08 2025 21:43:00,  181100 sec) configure()          Configuration CRCs and syntax OK.
(Oct 08 2025 21:43:00,  181100 sec) ConfigSupervisor()   Configuration accepted.
(Oct 08 2025 21:43:00,  181100 sec) TelemetryTerminate() Reconditioning the file system.
(Oct 08 2025 21:43:03,       0 sec) DescentInit()        Deep profile 18 initiated at mission-time 181103sec.
(Oct 08 2025 21:43:04,       1 sec) DescentInit()        Surface pressure: -0.1dbars.
(Oct 08 2025 21:43:04,       1 sec) DescentInit()        Charge consumption model: OCV:15.0V Wake-Cycles:24997 Standby:16.4days Wake:18.1kC Sleep:1.9kC
(Oct 08 2025 21:43:16,      13 sec) DescentInit()        Pneumatic humidity: 2899(60.5%) -> 2900(60.5%)
(Oct 08 2025 21:43:16,      13 sec) PistonMoveAbsWTO()    202->053 203 202 201 200 199 198 197 196 195 194 193 192 191 190 189 188 187 186 185 184 183 182 181 180 179 178 177 176 175 174 173 172 171 170 169 168 167 166 165 164 163 162 161 160 159 158 157 156 155 154 153 152 151 150 149 148 147 146 145 144 143 142 141 140 139 138 137 136 135 134 133 132 131 130 129 128 127 126 125 124 123 122 121 120 119 118 117 116 115 114 113 112 111 110 109 108 107 106 105 104 103 102 101 100 099 098 097 096 095 094 093 092 091 090 089 088 087 086 085 084 083 082 081 080 079 078 077 076 075 074 073 072 071 070 069 068 067 066 065 064 063 062 061 060 059 058 057 056 055 054 053 [734sec, 15.0Volts, 0.134Amps, CPT:734sec]
(Oct 08 2025 21:55:35,     752 sec) DescentInit()        Air solenoid open: Barometer [209cnt,  12.2psi]  Pneumometer [107cnt,  12.5psi]
(Oct 08 2025 21:55:45,     762 sec) Descent()            Pressure: 69.5
(Oct 08 2025 22:43:03,    3600 sec) Descent()            Pressure: 507.4
(Oct 08 2025 23:43:03,    7200 sec) Descent()            Pressure: 854.0
(Oct 09 2025 00:43:03,   10800 sec) Descent()            Pressure: 974.5
(Oct 09 2025 01:43:03,   14400 sec) Descent()            Pressure: 986.5
(Oct 09 2025 01:43:04,   14401 sec) ParkInit()           Charge consumption model: OCV:15.4V Wake-Cycles:25002 Standby:16.5days Wake:18.4kC Sensors:1.9kC
(Oct 10 2025 13:43:35,  144032 sec) CtdPower()           [  999.76,  3.8785, 34.3943]
(Oct 10 2025 13:43:35,  144032 sec) CtdPower()           CTD Power consumption [218VCnt 3ACnt]: 15.354Volts * 0.012Amps = 0.18Watts.
(Oct 10 2025 13:43:41,  144038 sec) ParkTerminate()      Piston Position:53 Vacuum:190 HumidityAd12:4094(inf%) Vq:220 Aq:2 Vsbe:218 Asbe:3 Vflbb:215 Aflbb:11 Vopt:215 Aopt:13 Vocr:216 Aocr:7 MuxTemp:3.914C MuxHumidity:6.8%
(Oct 10 2025 13:44:11,  144068 sec) ParkTerminate()      PTS/O2,T2,TPhase,RawTemp: 999.8dbars 3.8777C 34.3947PSU / 35.9uM 3.870C 57.155 8.089 661.467
(Oct 10 2025 13:44:11,  144068 sec) ParkTerminate()      FLBB FSig, BbSig, TSig: 55, 113, 572 / Ocr: nan nan nan nan
(Oct 10 2025 13:44:12,  144069 sec) GoDeepInit()         Charge consumption model: OCV:15.4V Wake-Cycles:25038 Standby:18.0days Wake:18.4kC Sensors:1.9kC
(Oct 10 2025 13:44:12,  144069 sec) GoDeepInit()         Moving piston.
(Oct 10 2025 13:44:12,  144069 sec) PistonMoveAbsWTO()    053->009 052 051 050 049 048 047 046 045 044 043 042 041 040 039 038 037 036 035 034 033 032 031 030 029 028 027 026 025 024 023 022 021 020 019 018 017 016 015 014 013 012 011 010 009 [216sec, 15.0Volts, 0.053Amps, CPT:950sec]
(Oct 10 2025 17:43:03,  158400 sec) ProfileInit()        Charge consumption model: OCV:15.4V Wake-Cycles:25086 Standby:18.2days Wake:18.4kC Sensors:1.9kC
(Oct 10 2025 17:43:03,  158400 sec) ProfileInit()        PrfId:018  Pressure:1635.6dbar  pTable[4]:1600dbar
(Oct 10 2025 17:43:05,  158402 sec) ProfileInit()        Muxer PPIs K{1,2} quiescent: 15.36V, 0.2mA, 3.1mW
(Oct 10 2025 17:43:09,  158406 sec) ProfileInit()        ISUS powered up.
(Oct 10 2025 17:43:12,  158409 sec) ProfileInit()        Muxer PPIs K{1,2} w/ ISUS awake: 15.03V, 56.0mA, 841.6mW
(Oct 10 2025 17:43:19,  158416 sec) MscErrorLog_()       No error records to log.
(Oct 10 2025 17:43:26,  158423 sec) ProfileInit()        DURA powered up.
(Oct 10 2025 17:43:30,  158427 sec) ProfileInit()        Muxer PPIs K{1,2} w/ DURA awake: 15.05V, 47.3mA, 712.0mW
(Oct 10 2025 17:43:35,  158432 sec) MscErrorLog_()       No error records to log.
(Oct 10 2025 17:43:41,  158438 sec) PistonMoveAbsWTO()    009->031 010 011 012 013 014 015 [30sec, 14.5Volts, 0.549Amps, CPT:980sec]
(Oct 10 2025 17:44:22,  158479 sec) PistonMoveAbsWTO()    015->031 016 017 018 019 020 [30sec, 14.3Volts, 0.552Amps, CPT:1010sec]
(Oct 10 2025 17:45:03,  158520 sec) PistonMoveAbsWTO()    020->031 021 022 023 024 025 [30sec, 14.2Volts, 0.537Amps, CPT:1040sec]
(Oct 10 2025 17:45:44,  158561 sec) PistonMoveAbsWTO()    025->031 026 027 028 029 030 [30sec, 14.1Volts, 0.534Amps, CPT:1070sec]
(Oct 10 2025 17:46:25,  158602 sec) PistonMoveAbsWTO()    030->031 031 [1sec, 14.2Volts, 0.533Amps, CPT:1071sec]
(Oct 10 2025 17:51:26,  158903 sec) Profile()            Sample 0 initiated at 1601.3dbars for bin 4 [1600dbars].  PTS/O2,T2,TPhase,RPhase,RawTemp/NO3/pH/FSig,BbSig,TSig/Ocr: 1599.2dbars 2.6602C 34.5627PSU / 76.7uM 2.655C 52.923 8.075 698.355 / 41.3uM / -0.884652V /   53  112  574 / nan nan nan nan
(Oct 10 2025 18:08:56,  159953 sec) Profile()            Sample 1 initiated at 1501.8dbars for bin 5 [1500dbars].  PTS/O2,T2,TPhase,RPhase,RawTemp/NO3/pH/FSig,BbSig,TSig/Ocr: 1499.9dbars 2.8177C 34.5483PSU / 71.5uM 2.811C 53.390 8.091 693.625 / 41.7uM / -0.884698V /   54  117  574 / nan nan nan nan
(Oct 10 2025 18:24:25,  160882 sec) AscentControlAgent() Bouyancy nudge to 41 (v=0.074dbar/sec).
(Oct 10 2025 18:24:25,  160882 sec) PistonMoveAbsWTO()    031->041 032 033 034 035 036 [30sec, 14.6Volts, 0.490Amps, CPT:1101sec]
(Oct 10 2025 18:25:06,  160923 sec) PistonMoveAbsWTO()    036->041 037 038 039 040 041 [25sec, 14.4Volts, 0.488Amps, CPT:1126sec]
(Oct 10 2025 18:28:40,  161137 sec) Profile()            Sample 2 initiated at 1402.0dbars for bin 6 [1400dbars].  PTS/O2,T2,TPhase,RPhase,RawTemp/NO3/pH/FSig,BbSig,TSig/Ocr: 1399.8dbars 3.0058C 34.5320PSU / 66.9uM 2.998C 53.805 8.096 687.982 / 41.9uM / -0.884551V /   53  165  573 / nan nan nan nan
(Oct 10 2025 18:44:53,  162110 sec) AscentControlAgent() Bouyancy nudge to 51 (v=0.078dbar/sec).
(Oct 10 2025 18:44:53,  162110 sec) PistonMoveAbsWTO()    041->051 042 043 044 045 046 [30sec, 14.6Volts, 0.463Amps, CPT:1156sec]
(Oct 10 2025 18:45:34,  162151 sec) PistonMoveAbsWTO()    046->051 047 048 049 050 051 [25sec, 14.4Volts, 0.471Amps, CPT:1181sec]
(Oct 10 2025 18:47:41,  162278 sec) Profile()            Sample 3 initiated at 1301.1dbars for bin 7 [1300dbars].  PTS/O2,T2,TPhase,RPhase,RawTemp/NO3/pH/FSig,BbSig,TSig/Ocr: 1298.9dbars 3.1600C 34.5144PSU / 61.0uM 3.158C 54.389 8.098 683.150 / 42.3uM / -0.884504V /   53  112  573 / nan nan nan nan
(Oct 10 2025 19:05:45,  163362 sec) Profile()            Sample 4 initiated at 1201.7dbars for bin 8 [1200dbars].  PTS/O2,T2,TPhase,RPhase,RawTemp/NO3/pH/FSig,BbSig,TSig/Ocr: 1200.2dbars 3.4056C 34.4924PSU / 56.6uM 3.399C 54.798 8.103 675.834 / 42.5uM / -0.884228V /   53  116  573 / nan nan nan nan
(Oct 10 2025 19:05:47,  163364 sec) AscentControlAgent() Bouyancy nudge to 61 (v=0.078dbar/sec).
(Oct 10 2025 19:05:47,  163364 sec) PistonMoveAbsWTO()    051->061 052 053 054 055 056 [30sec, 14.5Volts, 0.442Amps, CPT:1211sec]
(Oct 10 2025 19:06:28,  163405 sec) PistonMoveAbsWTO()    056->061 057 058 059 060 061 [24sec, 14.4Volts, 0.434Amps, CPT:1235sec]
(Oct 10 2025 19:24:33,  164490 sec) Profile()            Sample 5 initiated at 1101.4dbars for bin 9 [1100dbars].  PTS/O2,T2,TPhase,RPhase,RawTemp/NO3/pH/FSig,BbSig,TSig/Ocr: 1099.7dbars 3.6493C 34.4532PSU / 46.8uM 3.642C 55.865 8.108 668.432 / 42.8uM / -0.884124V /   54  115  572 / nan nan nan nan
(Oct 10 2025 19:31:23,  164900 sec) AscentControlAgent() Bouyancy nudge to 71 (v=0.078dbar/sec).
(Oct 10 2025 19:31:23,  164900 sec) PistonMoveAbsWTO()    061->071 062 063 064 065 066 [30sec, 14.6Volts, 0.415Amps, CPT:1265sec]
(Oct 10 2025 19:32:04,  164941 sec) PistonMoveAbsWTO()    066->071 067 068 069 070 071 [24sec, 14.5Volts, 0.416Amps, CPT:1289sec]
(Oct 10 2025 19:43:10,  165607 sec) Profile()            Sample 6 initiated at 1001.2dbars for bin 10 [1000dbars].  PTS/O2,T2,TPhase,RPhase,RawTemp/NO3/pH/FSig,BbSig,TSig/Ocr: 999.2dbars 3.8880C 34.3906PSU / 35.6uM 3.879C 57.192 8.114 661.179 / 43.1uM / -0.884532V /   54  115  572 / nan nan nan nan
(Oct 10 2025 19:46:42,  165819 sec) Sbe41cpStartCP()     Continuous profile started.
(Oct 10 2025 19:52:40,  166177 sec) Profile()            Sample 7 initiated at 951.4dbars for bin 11 [950dbars].  PTS/O2,T2,TPhase,RPhase,RawTemp/NO3/pH/FSig,BbSig,TSig/Ocr: 951.3dbars 4.0156C 34.3530PSU / 30.9uM 4.007C 57.768 8.118 657.287 / 43.5uM / -0.884788V /   55  115  572 / nan nan nan nan
(Oct 10 2025 19:56:54,  166431 sec) AscentControlAgent() Bouyancy nudge to 81 (v=0.071dbar/sec).
(Oct 10 2025 19:56:55,  166432 sec) PistonMoveAbsWTO()    071->081 072 073 074 075 076 [30sec, 14.5Volts, 0.387Amps, CPT:1319sec]
(Oct 10 2025 19:57:36,  166473 sec) PistonMoveAbsWTO()    076->081 077 078 079 080 081 [23sec, 14.4Volts, 0.383Amps, CPT:1342sec]
(Oct 10 2025 20:02:38,  166775 sec) Profile()            Sample 8 initiated at 901.8dbars for bin 12 [900dbars].  PTS/O2,T2,TPhase,RPhase,RawTemp/NO3/pH/FSig,BbSig,TSig/Ocr: 901.7dbars 4.1582C 34.3155PSU / 28.7uM 4.150C 58.036 8.121 652.890 / 43.3uM / -0.884664V /   56  114  571 / nan nan nan nan
(Oct 10 2025 20:05:36,  166953 sec) PistonMoveAbsWTO()    081->081 [0sec, 0.0Volts, 0.000Amps, CPT:1342sec]
(Oct 10 2025 20:11:32,  167309 sec) Profile()            Sample 9 initiated at 851.1dbars for bin 13 [850dbars].  PTS/O2,T2,TPhase,RPhase,RawTemp/NO3/pH/FSig,BbSig,TSig/Ocr: 851.0dbars 4.3736C 34.2548PSU / 30.3uM 4.365C 57.776 8.126 646.308 / 43.0uM / -0.884193V /   55  114  571 / nan nan nan nan
(Oct 10 2025 20:21:19,  167896 sec) Profile()            Sample 10 initiated at 801.5dbars for bin 14 [800dbars].  PTS/O2,T2,TPhase,RPhase,RawTemp/NO3/pH/FSig,BbSig,TSig/Ocr: 801.4dbars 4.5369C 34.2131PSU / 34.5uM 4.528C 57.164 8.131 641.302 / 42.3uM / -0.883399V /   54  117  571 / nan nan nan nan
(Oct 10 2025 20:22:58,  167995 sec) AscentControlAgent() Bouyancy nudge to 91 (v=0.078dbar/sec).
(Oct 10 2025 20:22:58,  167995 sec) PistonMoveAbsWTO()    081->091 082 083 084 085 086 [30sec, 14.5Volts, 0.356Amps, CPT:1372sec]
(Oct 10 2025 20:23:39,  168036 sec) PistonMoveAbsWTO()    086->091 087 088 089 090 091 [24sec, 14.4Volts, 0.351Amps, CPT:1396sec]
(Oct 10 2025 20:30:32,  168449 sec) Profile()            Sample 11 initiated at 751.3dbars for bin 15 [750dbars].  PTS/O2,T2,TPhase,RPhase,RawTemp/NO3/pH/FSig,BbSig,TSig/Ocr: 751.2dbars 4.7632C 34.1701PSU / 41.9uM 4.753C 56.143 8.135 634.365 / 41.8uM / -0.882240V /   55  117  571 / nan nan nan nan
(Oct 10 2025 20:39:45,  169002 sec) Profile()            Sample 12 initiated at 701.4dbars for bin 16 [700dbars].  PTS/O2,T2,TPhase,RPhase,RawTemp/NO3/pH/FSig,BbSig,TSig/Ocr: 701.3dbars 5.0684C 34.1218PSU / 53.3uM 5.060C 54.643 8.139 624.894 / 40.3uM / -0.880712V /   54  115  570 / nan nan nan nan
(Oct 10 2025 20:48:33,  169530 sec) AscentControlAgent() Bouyancy nudge to 101 (v=0.069dbar/sec).
(Oct 10 2025 20:48:33,  169530 sec) PistonMoveAbsWTO()    091->101 092 093 094 095 096 [30sec, 14.6Volts, 0.320Amps, CPT:1426sec]
(Oct 10 2025 20:49:14,  169571 sec) PistonMoveAbsWTO()    096->101 097 098 099 100 101 [22sec, 14.5Volts, 0.318Amps, CPT:1448sec]
(Oct 10 2025 20:50:45,  169662 sec) Profile()            Sample 13 initiated at 651.7dbars for bin 17 [650dbars].  PTS/O2,T2,TPhase,RPhase,RawTemp/NO3/pH/FSig,BbSig,TSig/Ocr: 651.7dbars 5.5474C 34.0642PSU / 79.7uM 5.539C 51.491 8.152 610.066 / 37.8uM / -0.877693V /   54  117  569 / nan nan nan nan
(Oct 10 2025 20:51:18,  169695 sec) PistonMoveAbsWTO()    100->101 101 [1sec, 14.5Volts, 0.357Amps, CPT:1449sec]
(Oct 10 2025 21:00:21,  170238 sec) Profile()            Sample 14 initiated at 601.4dbars for bin 18 [600dbars].  PTS/O2,T2,TPhase,RPhase,RawTemp/NO3/pH/FSig,BbSig,TSig/Ocr: 601.3dbars 6.1593C 34.0092PSU / 111.7uM 6.147C 48.120 8.166 591.124 / 34.4uM / -0.874071V /   54  119  569 / nan nan nan nan
(Oct 10 2025 21:03:50,  170447 sec) AscentControlAgent() Bouyancy nudge to 111 (v=0.074dbar/sec).
(Oct 10 2025 21:03:50,  170447 sec) PistonMoveAbsWTO()    101->111 102 103 104 105 106 [30sec, 14.6Volts, 0.303Amps, CPT:1479sec]
(Oct 10 2025 21:04:31,  170488 sec) PistonMoveAbsWTO()    106->111 107 108 109 110 111 [22sec, 14.5Volts, 0.304Amps, CPT:1501sec]
(Oct 10 2025 21:10:26,  170843 sec) Profile()            Sample 15 initiated at 551.1dbars for bin 19 [550dbars].  PTS/O2,T2,TPhase,RPhase,RawTemp/NO3/pH/FSig,BbSig,TSig/Ocr: 551.0dbars 7.0509C 33.9991PSU / 146.7uM 7.035C 44.790 8.190 563.284 / 29.9uM / -0.868754V /   52  118  568 / nan nan nan nan
(Oct 10 2025 21:20:12,  171429 sec) Profile()            Sample 16 initiated at 501.1dbars for bin 20 [500dbars].  PTS/O2,T2,TPhase,RPhase,RawTemp/NO3/pH/FSig,BbSig,TSig/Ocr: 501.0dbars 7.9061C 34.0108PSU / 186.0uM 7.902C 41.584 8.217 535.877 / 25.7uM / -0.863700V /   52  121  566 / nan nan nan nan
(Oct 10 2025 21:24:03,  171660 sec) AscentControlAgent() Bouyancy nudge to 121 (v=0.079dbar/sec).
(Oct 10 2025 21:24:03,  171660 sec) PistonMoveAbsWTO()    111->121 112 113 114 115 116 [30sec, 14.6Volts, 0.276Amps, CPT:1531sec]
(Oct 10 2025 21:24:44,  171701 sec) PistonMoveAbsWTO()    116->121 117 118 119 120 121 [22sec, 14.6Volts, 0.275Amps, CPT:1553sec]
(Oct 10 2025 21:29:47,  172004 sec) Profile()            Sample 17 initiated at 451.4dbars for bin 21 [450dbars].  PTS/O2,T2,TPhase,RPhase,RawTemp/NO3/pH/FSig,BbSig,TSig/Ocr: 451.3dbars 9.0175C 34.0495PSU / 216.8uM 9.007C 39.147 8.237 500.712 / 20.6uM / -0.858360V /   51  121  565 / 0x8006a92d 0x8000295b 0x800878c0 0x7fffd100
(Oct 10 2025 21:39:41,  172598 sec) Profile()            Sample 18 initiated at 401.4dbars for bin 22 [400dbars].  PTS/O2,T2,TPhase,RPhase,RawTemp/NO3/pH/FSig,BbSig,TSig/Ocr: 401.3dbars 10.4910C 34.1348PSU / 240.2uM 10.486C 37.121 8.271 453.181 / 16.1uM / -0.853865V /   50  117  563 / 0x80069c89 0x80000a1b 0x800860e4 0x7fffca1b
(Oct 10 2025 21:43:51,  172848 sec) Profile()            Sample 19 initiated at 381.2dbars for bin 23 [380dbars].  PTS/O2,T2,TPhase,RPhase,RawTemp/NO3/pH/FSig,BbSig,TSig/Ocr: 381.1dbars 10.9697C 34.1636PSU / 243.7uM 10.973C 36.698 8.284 437.457 / 14.9uM / -0.852597V /   51  117  562 / 0x80068bad 0x7ffff676 0x80085c49 0x7fffb949
(Oct 10 2025 21:44:58,  172915 sec) AscentControlAgent() Bouyancy nudge to 131 (v=0.080dbar/sec).
(Oct 10 2025 21:44:58,  172915 sec) PistonMoveAbsWTO()    121->131 122 123 124 125 126 [30sec, 14.7Volts, 0.248Amps, CPT:1583sec]
(Oct 10 2025 21:45:39,  172956 sec) PistonMoveAbsWTO()    126->131 127 128 129 130 131 [22sec, 14.6Volts, 0.252Amps, CPT:1605sec]
(Oct 10 2025 21:47:37,  173074 sec) Profile()            Sample 20 initiated at 361.5dbars for bin 24 [360dbars].  PTS/O2,T2,TPhase,RPhase,RawTemp/NO3/pH/FSig,BbSig,TSig/Ocr: 361.4dbars 11.4423C 34.1966PSU / 245.1uM 11.437C 36.390 8.301 422.405 / 13.9uM / -0.851495V /   50  119  561 / 0x800678c0 0x7fffe6db 0x80086a1b 0x7fffbb36
(Oct 10 2025 21:49:12,  173169 sec) Profile()            Sample 21 initiated at 351.7dbars for bin 25 [350dbars].  PTS/O2,T2,TPhase,RPhase,RawTemp/NO3/pH/FSig,BbSig,TSig/Ocr: 351.6dbars 11.6822C 34.2150PSU / 246.3uM 11.681C 36.206 8.309 414.488 / 13.3uM / -0.850943V /   50  119  561 / 0x80068149 0x7fffff52 0x80086124 0x7fffbef6
(Oct 10 2025 21:50:59,  173276 sec) Profile()            Sample 22 initiated at 341.4dbars for bin 26 [340dbars].  PTS/O2,T2,TPhase,RPhase,RawTemp/NO3/pH/FSig,BbSig,TSig/Ocr: 341.3dbars 11.8910C 34.2337PSU / 246.9uM 11.898C 36.066 8.313 407.438 / 12.8uM / -0.850363V /   50  117  560 / 0x80066b36 0x7ffff376 0x80086d49 0x7fffbbed
(Oct 10 2025 21:52:45,  173382 sec) Profile()            Sample 23 initiated at 331.7dbars for bin 27 [330dbars].  PTS/O2,T2,TPhase,RPhase,RawTemp/NO3/pH/FSig,BbSig,TSig/Ocr: 331.6dbars 12.1426C 34.2498PSU / 247.9uM 12.139C 35.895 8.319 399.587 / 12.2uM / -0.849721V /   50  117  560 / 0x80067adb 0x7fffe476 0x800858db 0x7fffbb92
(Oct 10 2025 21:54:42,  173499 sec) Profile()            Sample 24 initiated at 321.2dbars for bin 28 [320dbars].  PTS/O2,T2,TPhase,RPhase,RawTemp/NO3/pH/FSig,BbSig,TSig/Ocr: 321.0dbars 12.5842C 34.2862PSU / 250.4uM 12.579C 35.551 8.327 385.239 / 11.3uM / -0.848765V /   50  118  560 / 0x800677b6 0x7fffe524 0x8008609b 0x7fffb112
(Oct 10 2025 21:56:29,  173606 sec) Profile()            Sample 25 initiated at 311.5dbars for bin 29 [310dbars].  PTS/O2,T2,TPhase,RPhase,RawTemp/NO3/pH/FSig,BbSig,TSig/Ocr: 311.4dbars 12.8198C 34.3022PSU / 253.0uM 12.818C 35.307 8.331 377.422 / 10.7uM / -0.848175V /   50  117  559 / 0x8006612d 0x7fffe712 0x80086476 0x7fffb6ad
(Oct 10 2025 21:58:15,  173712 sec) Profile()            Sample 26 initiated at 301.6dbars for bin 30 [300dbars].  PTS/O2,T2,TPhase,RPhase,RawTemp/NO3/pH/FSig,BbSig,TSig/Ocr: 301.5dbars 13.0028C 34.3166PSU / 254.0uM 13.011C 35.166 8.335 371.129 / 10.3uM / -0.847693V /   51  119  558 / 0x80065309 0x7ffff836 0x80088480 0x7fffa7ad
(Oct 10 2025 22:00:12,  173829 sec) Profile()            Sample 27 initiated at 291.1dbars for bin 31 [290dbars].  PTS/O2,T2,TPhase,RPhase,RawTemp/NO3/pH/FSig,BbSig,TSig/Ocr: 291.1dbars 13.3712C 34.3355PSU / 255.0uM 13.362C 34.946 8.340 359.639 / 9.4uM / -0.847014V /   50  117  558 / 0x80065ef6 0x7fffe240 0x80086d24 0x7fff9fd2
(Oct 10 2025 22:02:10,  173947 sec) Profile()            Sample 28 initiated at 281.5dbars for bin 32 [280dbars].  PTS/O2,T2,TPhase,RPhase,RawTemp/NO3/pH/FSig,BbSig,TSig/Ocr: 281.4dbars 13.6330C 34.3579PSU / 255.4uM 13.636C 34.792 8.346 350.661 / 9.0uM / -0.846396V /   50  119  558 / 0x80066824 0x7ffffc36 0x80088a49 0x7fffa640
(Oct 10 2025 22:04:18,  174075 sec) Profile()            Sample 29 initiated at 271.7dbars for bin 33 [270dbars].  PTS/O2,T2,TPhase,RPhase,RawTemp/NO3/pH/FSig,BbSig,TSig/Ocr: 271.6dbars 13.7764C 34.3626PSU / 255.4uM 13.776C 34.724 8.351 346.094 / 8.7uM / -0.846168V /   50  119  557 / 0x8006571b 0x7ffff8b6 0x8008ac24 0x7fff9752
(Oct 10 2025 22:05:25,  174142 sec) AscentControlAgent() Bouyancy nudge to 141 (v=0.076dbar/sec).
(Oct 10 2025 22:05:25,  174142 sec) PistonMoveAbsWTO()    131->141 132 133 134 135 136 [30sec, 14.7Volts, 0.227Amps, CPT:1635sec]
(Oct 10 2025 22:06:46,  174223 sec) Profile()            Sample 30 initiated at 261.0dbars for bin 34 [260dbars].  PTS/O2,T2,TPhase,RPhase,RawTemp/NO3/pH/FSig,BbSig,TSig/Ocr: 260.9dbars 14.2414C 34.3955PSU / 253.5uM 14.225C 34.593 8.356 331.357 / 7.9uM / -0.845512V /   50  116  557 / 0x800664ed 0x7fffe66d 0x8008c449 0x7fff981b
(Oct 10 2025 22:06:46,  174223 sec) PistonMoveAbsWTO()    136->141 137 138 139 140 141 [22sec, 14.6Volts, 0.223Amps, CPT:1657sec]
(Oct 10 2025 22:08:32,  174329 sec) Profile()            Sample 31 initiated at 251.9dbars for bin 35 [250dbars].  PTS/O2,T2,TPhase,RPhase,RawTemp/NO3/pH/FSig,BbSig,TSig/Ocr: 251.8dbars 14.5256C 34.4164PSU / 253.5uM 14.520C 34.449 8.361 321.655 / 7.5uM / -0.844903V /   51  119  557 / 0x80066124 0x7ffff0f6 0x8008f540 0x7fff9876
(Oct 10 2025 22:10:29,  174446 sec) Profile()            Sample 32 initiated at 241.3dbars for bin 36 [240dbars].  PTS/O2,T2,TPhase,RPhase,RawTemp/NO3/pH/FSig,BbSig,TSig/Ocr: 241.2dbars 14.9234C 34.4486PSU / 253.8uM 14.922C 34.242 8.369 308.428 / 6.6uM / -0.843999V /   53  122  556 / 0x800643c0 0x8000276d 0x80097aed 0x7fffa092
(Oct 10 2025 22:12:27,  174564 sec) Profile()            Sample 33 initiated at 231.3dbars for bin 37 [230dbars].  PTS/O2,T2,TPhase,RPhase,RawTemp/NO3/pH/FSig,BbSig,TSig/Ocr: 231.3dbars 15.2722C 34.4785PSU / 253.7uM 15.276C 34.082 8.376 296.792 / 6.0uM / -0.843462V /   53  129  555 / 0x80066540 0x80003ad2 0x8009a71b 0x7fff9ff6
(Oct 10 2025 22:14:24,  174681 sec) Profile()            Sample 34 initiated at 221.3dbars for bin 38 [220dbars].  PTS/O2,T2,TPhase,RPhase,RawTemp/NO3/pH/FSig,BbSig,TSig/Ocr: 221.2dbars 15.8092C 34.5238PSU / 254.6uM 15.799C 33.792 8.380 279.586 / 5.2uM / -0.842702V /   54  126  555 / 0x80065a09 0x800067f6 0x800a5cf6 0x7fff9664
(Oct 10 2025 22:16:22,  174799 sec) Profile()            Sample 35 initiated at 211.0dbars for bin 39 [210dbars].  PTS/O2,T2,TPhase,RPhase,RawTemp/NO3/pH/FSig,BbSig,TSig/Ocr: 210.9dbars 15.9554C 34.5417PSU / 254.1uM 15.956C 33.740 8.384 274.400 / 4.9uM / -0.842369V /   55  120  554 / 0x80064c6d 0x8000fc12 0x800ba900 0x7fff8136
(Oct 10 2025 22:18:08,  174905 sec) Profile()            Sample 36 initiated at 201.6dbars for bin 40 [200dbars].  PTS/O2,T2,TPhase,RPhase,RawTemp/NO3/pH/FSig,BbSig,TSig/Ocr: 201.5dbars 16.1006C 34.5595PSU / 253.8uM 16.118C 33.677 8.387 269.052 / 5.0uM / -0.842063V /   56  121  554 / 0x80065752 0x80018776 0x800d1c1b 0x7fff7ced
(Oct 10 2025 22:20:05,  175022 sec) Profile()            Sample 37 initiated at 191.9dbars for bin 41 [190dbars].  PTS/O2,T2,TPhase,RPhase,RawTemp/NO3/pH/FSig,BbSig,TSig/Ocr: 191.9dbars 16.5229C 34.6056PSU / 251.5uM 16.517C 33.598 8.396 255.911 / 4.6uM / -0.841605V /   57  123  553 / 0x80065b6d 0x800278d2 0x800efb40 0x7fff865b
(Oct 10 2025 22:22:25,  175162 sec) Profile()            Sample 38 initiated at 181.6dbars for bin 42 [180dbars].  PTS/O2,T2,TPhase,RPhase,RawTemp/NO3/pH/FSig,BbSig,TSig/Ocr: 181.5dbars 17.1426C 34.6828PSU / 247.9uM 17.126C 33.490 8.413 235.820 / 4.2uM / -0.841178V /   62  128  553 / 0x800651db 0x8003aa36 0x801186b6 0x7fff8b12
(Oct 10 2025 22:24:44,  175301 sec) Profile()            Sample 39 initiated at 171.9dbars for bin 43 [170dbars].  PTS/O2,T2,TPhase,RPhase,RawTemp/NO3/pH/FSig,BbSig,TSig/Ocr: 171.8dbars 17.3159C 34.7013PSU / 245.9uM 17.313C 33.498 8.421 229.665 / 3.8uM / -0.840770V /   62  126  552 / 0x80065876 0x80055d00 0x80144824 0x7fff88c0
(Oct 10 2025 22:27:26,  175463 sec) Profile()            Sample 40 initiated at 161.4dbars for bin 44 [160dbars].  PTS/O2,T2,TPhase,RPhase,RawTemp/NO3/pH/FSig,BbSig,TSig/Ocr: 161.4dbars 17.7443C 34.7499PSU / 246.8uM 17.739C 33.261 8.419 215.623 / 3.7uM / -0.840231V /   64  127  552 / 0x8006646d 0x800757e4 0x80175f76 0x7fff7e52
(Oct 10 2025 22:30:40,  175657 sec) Profile()            Sample 41 initiated at 151.6dbars for bin 45 [150dbars].  PTS/O2,T2,TPhase,RPhase,RawTemp/NO3/pH/FSig,BbSig,TSig/Ocr: 151.5dbars 18.5284C 34.8590PSU / 237.9uM 18.506C 33.346 8.426 190.313 / 3.5uM / -0.839644V /   67  131  551 / 0x8006c5e4 0x800bd9c9 0x801f19db 0x7fff97db
(Oct 10 2025 22:34:28,  175885 sec) Profile()            Sample 42 initiated at 141.8dbars for bin 46 [140dbars].  PTS/O2,T2,TPhase,RPhase,RawTemp/NO3/pH/FSig,BbSig,TSig/Ocr: 141.7dbars 18.7639C 34.8827PSU / 241.3uM 18.765C 33.064 8.434 181.795 / 3.0uM / -0.838858V /   73  141  550 / 0x80071f24 0x801295a4 0x80298b6d 0x7fff9bd2
(Oct 10 2025 22:38:15,  176112 sec) Profile()            Sample 43 initiated at 131.8dbars for bin 47 [130dbars].  PTS/O2,T2,TPhase,RPhase,RawTemp/NO3/pH/FSig,BbSig,TSig/Ocr: 131.7dbars 19.3564C 34.9684PSU / 237.1uM 19.340C 33.012 8.441 162.827 / 3.1uM / -0.838352V /   82  136  549 / 0x8008602d 0x801fd036 0x803d1de4 0x7fffdac0
(Oct 10 2025 22:40:51,  176268 sec) AscentControlAgent() Bouyancy nudge to 151 (v=0.040dbar/sec).
(Oct 10 2025 22:40:51,  176268 sec) PistonMoveAbsWTO()    141->151 142 143 144 145 146 147 [30sec, 14.9Volts, 0.189Amps, CPT:1687sec]
(Oct 10 2025 22:41:32,  176309 sec) PistonMoveAbsWTO()    147->151 148 149 150 151 [20sec, 14.8Volts, 0.194Amps, CPT:1707sec]
(Oct 10 2025 22:42:44,  176381 sec) Profile()            Sample 44 initiated at 120.1dbars for bin 48 [120dbars].  PTS/O2,T2,TPhase,RPhase,RawTemp/NO3/pH/FSig,BbSig,TSig/Ocr: 120.0dbars 19.8326C 35.0205PSU / 244.8uM 19.839C 32.419 8.448 146.400 / 2.2uM / -0.837015V /   95  141  548 / 0x800b3aad 0x8037739b 0x805e44ed 0x80006a49
(Oct 10 2025 22:44:29,  176486 sec) Profile()            Sample 45 initiated at 111.8dbars for bin 49 [110dbars].  PTS/O2,T2,TPhase,RPhase,RawTemp/NO3/pH/FSig,BbSig,TSig/Ocr: 111.8dbars 20.5083C 35.0988PSU / 246.6uM 20.486C 32.049 8.457 125.149 / 1.5uM / -0.835830V /  116  144  547 / 0x800fd3f6 0x80586f1b 0x80882652 0x80015424
(Oct 10 2025 22:47:01,  176638 sec) Profile()            Sample 46 initiated at 101.7dbars for bin 50 [100dbars].  PTS/O2,T2,TPhase,RPhase,RawTemp/NO3/pH/FSig,BbSig,TSig/Ocr: 101.7dbars 20.9087C 35.1320PSU / 253.7uM 20.902C 31.547 8.466 111.501 / 1.4uM / -0.834927V /  124  145  547 / 0x801d882d 0x80a5e55b 0x80dd6ba4 0x80037c09
(Oct 10 2025 22:48:24,  176721 sec) Profile()            Sample 47 initiated at 96.3dbars for bin 51 [95dbars].  PTS/O2,T2,TPhase,RPhase,RawTemp/NO3/pH/FSig,BbSig,TSig/Ocr: 96.3dbars 21.1560C 35.1490PSU / 256.5uM 21.141C 31.321 8.470 103.640 / 1.5uM / -0.834334V /  104  144  546 / 0x802bb192 0x80e37452 0x8117a9d2 0x80056952
(Oct 10 2025 22:49:38,  176795 sec) Profile()            Sample 48 initiated at 91.9dbars for bin 52 [90dbars].  PTS/O2,T2,TPhase,RPhase,RawTemp/NO3/pH/FSig,BbSig,TSig/Ocr: 91.9dbars 21.3395C 35.1569PSU / 259.3uM 21.330C 31.115 8.470 97.460 / 1.6uM / -0.833837V /   93  143  546 / 0x803c8b5b 0x812428f6 0x8154cd2d 0x8007c1c9
(Oct 10 2025 22:51:12,  176889 sec) Profile()            Sample 49 initiated at 86.5dbars for bin 53 [85dbars].  PTS/O2,T2,TPhase,RPhase,RawTemp/NO3/pH/FSig,BbSig,TSig/Ocr: 86.5dbars 21.5849C 35.1636PSU / 264.8uM 21.578C 30.778 8.472 89.345 / 1.5uM / -0.833285V /   84  142  545 / 0x805a24c0 0x81895824 0x81b0a2f6 0x800c50a4
(Oct 10 2025 22:52:37,  176974 sec) Profile()            Sample 50 initiated at 81.9dbars for bin 54 [80dbars].  PTS/O2,T2,TPhase,RPhase,RawTemp/NO3/pH/FSig,BbSig,TSig/Ocr: 81.8dbars 21.7217C 35.1705PSU / 269.7uM 21.712C 30.513 8.472 84.937 / 1.6uM / -0.832992V /   80  146  545 / 0x807c4264 0x81e3dfd2 0x81fe0209 0x8011ca24
(Oct 10 2025 22:54:12,  177069 sec) Profile()            Sample 51 initiated at 76.9dbars for bin 55 [75dbars].  PTS/O2,T2,TPhase,RPhase,RawTemp/NO3/pH/FSig,BbSig,TSig/Ocr: 76.9dbars 21.8500C 35.1761PSU / 272.6uM 21.848C 30.341 8.474 80.483 / 1.5uM / -0.832686V /   82  147  545 / 0x80af38a4 0x82690d49 0x826f7a49 0x801a1964
(Oct 10 2025 22:56:21,  177198 sec) Profile()            Sample 52 initiated at 71.9dbars for bin 56 [70dbars].  PTS/O2,T2,TPhase,RPhase,RawTemp/NO3/pH/FSig,BbSig,TSig/Ocr: 71.9dbars 22.4754C 35.1950PSU / 276.8uM 22.428C 29.933 8.485 61.542 / 1.8uM / -0.832084V /   77  147  544 / 0x80e514c0 0x82d4b692 0x82be7cc9 0x802232ad
(Oct 10 2025 23:01:30,  177507 sec) AscentControlAgent() Bouyancy nudge to 156 (v=0.004dbar/sec).
(Oct 10 2025 23:01:31,  177508 sec) PistonMoveAbsWTO()    151->156 152 153 154 155 156 [24sec, 15.0Volts, 0.175Amps, CPT:1731sec]
(Oct 10 2025 23:04:02,  177659 sec) Profile()            Sample 53 initiated at 66.7dbars for bin 57 [65dbars].  PTS/O2,T2,TPhase,RPhase,RawTemp/NO3/pH/FSig,BbSig,TSig/Ocr: 66.6dbars 22.9864C 35.2296PSU / 279.7uM 22.945C 29.617 8.503 44.709 / 2.2uM / -0.831540V /   74  145  543 / 0x815bd649 0x83c14440 0x83826640 0x8034aac0
(Oct 10 2025 23:06:43,  177820 sec) Profile()            Sample 54 initiated at 61.9dbars for bin 58 [60dbars].  PTS/O2,T2,TPhase,RPhase,RawTemp/NO3/pH/FSig,BbSig,TSig/Ocr: 61.8dbars 23.7072C 35.2596PSU / 278.7uM 23.678C 29.369 8.511 20.916 / 2.1uM / -0.830928V /   70  148  542 / 0x81cb0449 0x846ae4f6 0x84070224 0x8049fe36
(Oct 10 2025 23:06:44,  177821 sec) AscentControlAgent() Bouyancy nudge to 161 (v=0.029dbar/sec).
(Oct 10 2025 23:06:45,  177822 sec) PistonMoveAbsWTO()    156->161 157 158 159 160 161 [24sec, 14.9Volts, 0.173Amps, CPT:1755sec]
(Oct 10 2025 23:09:27,  177984 sec) Profile()            Sample 55 initiated at 56.8dbars for bin 59 [55dbars].  PTS/O2,T2,TPhase,RPhase,RawTemp/NO3/pH/FSig,BbSig,TSig/Ocr: 56.8dbars 24.3247C 35.2846PSU / 276.3uM 24.283C 29.228 8.516 1.323 / 2.3uM / -0.830533V /   66  152  542 / 0x8260e25b 0x855eebdb 0x84d6a324 0x806f022d
(Oct 10 2025 23:11:51,  178128 sec) AscentControlAgent() Bouyancy nudge to 166 (v=0.018dbar/sec).
(Oct 10 2025 23:11:52,  178129 sec) PistonMoveAbsWTO()    161->166 162 163 164 165 166 [24sec, 15.0Volts, 0.171Amps, CPT:1779sec]
(Oct 10 2025 23:16:52,  178429 sec) AscentControlAgent() Bouyancy nudge to 171 (v=0.005dbar/sec).
(Oct 10 2025 23:16:53,  178430 sec) PistonMoveAbsWTO()    166->171 167 168 169 170 171 [24sec, 15.0Volts, 0.164Amps, CPT:1803sec]
(Oct 10 2025 23:19:25,  178582 sec) Profile()            Sample 56 initiated at 51.9dbars for bin 60 [50dbars].  PTS/O2,T2,TPhase,RPhase,RawTemp/NO3/pH/FSig,BbSig,TSig/Ocr: 51.9dbars 26.6832C 35.4292PSU / 246.6uM 26.680C 29.556 8.546 -75.533 / 2.5uM / -0.828410V /   66  148  539 / 0x83002a52 0x86352bc9 0x85753a49 0x808f6fe4
(Oct 10 2025 23:22:00,  178737 sec) AscentControlAgent() Bouyancy nudge to 176 (v=0.010dbar/sec).
(Oct 10 2025 23:22:01,  178738 sec) PistonMoveAbsWTO()    171->176 172 173 174 175 176 [24sec, 15.0Volts, 0.173Amps, CPT:1827sec]
(Oct 10 2025 23:24:55,  178912 sec) Profile()            Sample 57 initiated at 46.7dbars for bin 61 [45dbars].  PTS/O2,T2,TPhase,RPhase,RawTemp/NO3/pH/FSig,BbSig,TSig/Ocr: 46.6dbars 26.8108C 35.4401PSU / 243.7uM 26.821C 29.633 8.545 -79.986 / 2.4uM / -0.828138V /   58  144  537 / 0x83bdc4a4 0x877526b6 0x869a009b 0x80de2f36
(Oct 10 2025 23:26:41,  179018 sec) Profile()            Sample 58 initiated at 41.5dbars for bin 62 [40dbars].  PTS/O2,T2,TPhase,RPhase,RawTemp/NO3/pH/FSig,BbSig,TSig/Ocr: 41.5dbars 26.8188C 35.4408PSU / 243.0uM 26.831C 29.658 8.559 -80.314 / 2.5uM / -0.828051V /   57  145  537 / 0x849edcdb 0x88f6b780 0x87fa7300 0x8148cb40
(Oct 10 2025 23:28:06,  179103 sec) Profile()            Sample 59 initiated at 36.8dbars for bin 63 [35dbars].  PTS/O2,T2,TPhase,RPhase,RawTemp/NO3/pH/FSig,BbSig,TSig/Ocr: 36.8dbars 26.8197C 35.4414PSU / 243.2uM 26.834C 29.646 8.551 -80.402 / 2.5uM / -0.827754V /   56  144  536 / 0x8584a340 0x8a28d409 0x88fbbaad 0x81dafc76
(Oct 10 2025 23:29:30,  179187 sec) Profile()            Sample 60 initiated at 32.0dbars for bin 64 [30dbars].  PTS/O2,T2,TPhase,RPhase,RawTemp/NO3/pH/FSig,BbSig,TSig/Ocr: 31.9dbars 26.8209C 35.4412PSU / 243.6uM 26.839C 29.629 8.550 -80.558 / 2.5uM / -0.827756V /   57  163  536 / 0x86ab745b 0x8bf5b549 0x8abe8736 0x82e299ad
(Oct 10 2025 23:31:05,  179282 sec) Profile()            Sample 61 initiated at 26.4dbars for bin 65 [25dbars].  PTS/O2,T2,TPhase,RPhase,RawTemp/NO3/pH/FSig,BbSig,TSig/Ocr: 26.4dbars 26.8242C 35.4413PSU / 243.8uM 26.845C 29.618 8.548 -80.746 / 2.5uM / -0.827762V /   56  145  536 / 0x875c0cc9 0x8c22fc09 0x8ac47a80 0x836e1492
(Oct 10 2025 23:32:29,  179366 sec) Profile()            Sample 62 initiated at 21.7dbars for bin 66 [20dbars].  PTS/O2,T2,TPhase,RPhase,RawTemp/NO3/pH/FSig,BbSig,TSig/Ocr: 21.6dbars 26.8241C 35.4414PSU / 243.7uM 26.847C 29.619 8.547 -80.817 / 2.4uM / -0.827643V /   54  143  536 / 0x89fc0324 0x9068bcf6 0x8ecf6b12 0x861e1912
(Oct 10 2025 23:34:05,  179462 sec) Profile()            Sample 63 initiated at 16.7dbars for bin 67 [15dbars].  PTS/O2,T2,TPhase,RPhase,RawTemp/NO3/pH/FSig,BbSig,TSig/Ocr: 16.7dbars 26.8260C 35.4413PSU / 243.7uM 26.845C 29.622 8.546 -80.768 / 2.5uM / -0.827201V /   55  142  536 / 0x89074e5b 0x8d757789 0x8be87d12 0x85f14ff6
(Oct 10 2025 23:35:40,  179557 sec) Profile()            Sample 64 initiated at 12.0dbars for bin 68 [10dbars].  PTS/O2,T2,TPhase,RPhase,RawTemp/NO3/pH/FSig,BbSig,TSig/Ocr: 11.9dbars 26.8343C 35.4417PSU / 243.7uM 26.859C 29.616 8.545 -81.188 / 2.5uM / -0.827435V /   56  141  536 / 0x898d3bc0 0x8d54dc36 0x8bc2885b 0x87513876
(Oct 10 2025 23:37:04,  179641 sec) Profile()            Sample 65 initiated at 8.0dbars for bin 69 [6dbars].  PTS/O2,T2,TPhase,RPhase,RawTemp/NO3/pH/FSig,BbSig,TSig/Ocr: 7.9dbars 26.8407C 35.4413PSU / 244.1uM 26.878C 29.591 8.543 -81.815 / 2.5uM / -0.827389V /   54  142  535 / 0x902c43db 0x97f64dc0 0x9634abdb 0x90906a49
(Oct 10 2025 23:38:02,  179699 sec) SurfaceDetect()      SurfacePressure:-0.1dbars Pressure:3.8dbars PistonPosition:176
(Oct 10 2025 23:38:03,  179700 sec) Sbe41cpStopCP()      Continuous profile stopped.
(Oct 10 2025 23:38:06,  179703 sec) PistonMoveAbsWTO()    176->198 177 178 179 180 181 182 183 184 185 186 187 188 189 190 191 192 193 194 195 196 197 198 [107sec, 14.9Volts, 0.156Amps, CPT:1934sec]
(Oct 10 2025 23:39:59,  179816 sec) chat()               Expected string [S>] not received.
(Oct 10 2025 23:41:54,  179931 sec) Sbe41cpBinAverage()  Finished averaging 13894 samples in 110 seconds.
(Oct 10 2025 23:41:59,  179936 sec) Sbe41cpUploadCP_()   Sbe41cpSerNo[20478] NSample[13894] NBin[493]
(Oct 10 2025 23:42:30,  179967 sec) Sbe41cpUploadCP_()   Continuous profile uploaded [493 lines].
(Oct 10 2025 23:42:44,  179981 sec) MscErrorLog_()       No error records to log.
(Oct 10 2025 23:42:54,  179991 sec) MscErrorLog_()       No error records to log.

<EOT>
