(Nov 21 2025 14:56:39,  884951 sec) TelemetryInit()      Profile 24. (Apf11 FwRev: 061125)
(Nov 21 2025 14:56:39,  884951 sec) TelemetryInit()      Charge consumption model: OCV:15.2V Wake-Cycles:37185 Standby:59.3days Wake:26.1kC Sensors:2.7kC
(Nov 21 2025 15:01:54,  885266 sec) GetSurfaceObs()      P/O2,T2,TPhase,RPhase,RawTemp/FSig,BbSig,TSig: 0.2dbars / 250.6uM 24.816C 30.091 8.492 -15.875 / 56,132,538
(Nov 21 2025 15:01:54,  885266 sec) GetSurfaceObs()      P/Ocr: 0.2dbars / 0x8005d649 0x7ffefc76 0x80079e49 0x7ffeeac9
(Nov 21 2025 15:02:27,  885299 sec) GetSurfaceObs()      P/O2,T2,TPhase,RPhase,RawTemp/FSig,BbSig,TSig: 0.1dbars / 249.9uM 24.692C 30.169 8.490 -11.887 / 55,136,538
(Nov 21 2025 15:02:27,  885299 sec) GetSurfaceObs()      P/Ocr: 0.1dbars / 0x8005c3c0 0x7ffef1b6 0x80079a36 0x7ffeebb6
(Nov 21 2025 15:03:00,  885332 sec) GetSurfaceObs()      P/O2,T2,TPhase,RPhase,RawTemp/FSig,BbSig,TSig: 0.3dbars / 250.5uM 24.804C 30.100 8.488 -15.482 / 56,141,538
(Nov 21 2025 15:03:00,  885332 sec) GetSurfaceObs()      P/Ocr: 0.3dbars / 0x8005c1c0 0x7fff0d92 0x80079776 0x7ffeee92
(Nov 21 2025 15:03:34,  885366 sec) GetSurfaceObs()      P/O2,T2,TPhase,RPhase,RawTemp/FSig,BbSig,TSig: 0.1dbars / 252.0uM 24.647C 30.096 8.487 -10.416 / 56,133,538
(Nov 21 2025 15:03:34,  885366 sec) GetSurfaceObs()      P/Ocr: 0.1dbars / 0x8005b59b 0x7fff0f00 0x80079964 0x7ffef1c9
(Nov 21 2025 15:06:55,  885567 sec) AirSystem()          Battery [215cnt, 15.1V]  Current [19cnt, 75.7mA]  Pneumometer [156cnt, 18.3psi]  Run-Time [96s]
(Nov 21 2025 15:07:08,  885580 sec) GetSurfaceObs()      P/O2,T2,TPhase,RPhase,RawTemp/FSig,BbSig,TSig: -0.0dbars / 259.8uM 23.156C 30.347 8.486 37.840 / 55,132,538
(Nov 21 2025 15:07:08,  885580 sec) GetSurfaceObs()      P/Ocr: -0.0dbars / 0x8005cfa4 0x7fff0c49 0x80079b80 0x7ffef012
(Nov 21 2025 15:07:41,  885613 sec) GetSurfaceObs()      P/O2,T2,TPhase,RPhase,RawTemp/FSig,BbSig,TSig: -0.1dbars / 262.0uM 23.430C 30.144 8.480 28.958 / 55,135,538
(Nov 21 2025 15:07:41,  885613 sec) GetSurfaceObs()      P/Ocr: -0.1dbars / 0x8005c724 0x7fff241b 0x80078cf6 0x7fff012d
(Nov 21 2025 15:08:14,  885646 sec) GetSurfaceObs()      P/O2,T2,TPhase,RPhase,RawTemp/FSig,BbSig,TSig: 0.0dbars / 254.7uM 23.692C 30.354 8.481 20.460 / 56,133,538
(Nov 21 2025 15:08:14,  885646 sec) GetSurfaceObs()      P/Ocr: 0.0dbars / 0x8005cf5b 0x7fff0a1b 0x8007a989 0x7ffefed2
(Nov 21 2025 15:08:48,  885680 sec) GetSurfaceObs()      P/O2,T2,TPhase,RPhase,RawTemp/FSig,BbSig,TSig: -0.1dbars / 247.1uM 24.689C 30.296 8.480 -11.772 / 55,132,538
(Nov 21 2025 15:08:48,  885680 sec) GetSurfaceObs()      P/Ocr: -0.1dbars / 0x8005dac0 0x7fff1264 0x80079d09 0x7ffef4c9
(Nov 21 2025 15:09:21,  885713 sec) GetSurfaceObs()      P/O2,T2,TPhase,RPhase,RawTemp/FSig,BbSig,TSig: -0.1dbars / 249.1uM 24.483C 30.290 8.479 -5.147 / 56,132,538
(Nov 21 2025 15:09:21,  885713 sec) GetSurfaceObs()      P/Ocr: -0.1dbars / 0x8005c8ad 0x7fff096d 0x8007951b 0x7ffee1d2
(Nov 21 2025 15:09:54,  885746 sec) GetSurfaceObs()      P/O2,T2,TPhase,RPhase,RawTemp/FSig,BbSig,TSig: -0.1dbars / 250.4uM 24.726C 30.133 8.478 -12.978 / 56,134,538
(Nov 21 2025 15:09:54,  885746 sec) GetSurfaceObs()      P/Ocr: -0.1dbars / 0x8005d909 0x7fff0412 0x80079240 0x7ffeeead
(Nov 21 2025 15:10:27,  885779 sec) GetSurfaceObs()      P/O2,T2,TPhase,RPhase,RawTemp/FSig,BbSig,TSig: 0.2dbars / 252.5uM 24.078C 30.296 8.478 7.940 / 55,134,538
(Nov 21 2025 15:10:27,  885779 sec) GetSurfaceObs()      P/Ocr: 0.2dbars / 0x8005db89 0x7fff05d2 0x80079d6d 0x7ffeea36
(Nov 21 2025 15:11:00,  885812 sec) GetSurfaceObs()      P/O2,T2,TPhase,RPhase,RawTemp/FSig,BbSig,TSig: -0.1dbars / 253.2uM 23.990C 30.303 8.478 10.784 / 56,133,538
(Nov 21 2025 15:11:00,  885812 sec) GetSurfaceObs()      P/Ocr: -0.1dbars / 0x8005c689 0x7ffef964 0x800792ad 0x7ffef3ad
(Nov 21 2025 15:11:21,  885833 sec) AirSystem()          Battery [216cnt, 15.2V]  Current [19cnt, 76.0mA]  Pneumometer [157cnt, 18.5psi]  Run-Time [9s]
(Nov 21 2025 15:11:55,  885867 sec) GetSurfaceObs()      P/O2,T2,TPhase,RPhase,RawTemp/FSig,BbSig,TSig: -0.0dbars / 248.3uM 24.501C 30.319 8.477 -5.707 / 54,133,538
(Nov 21 2025 15:11:55,  885867 sec) GetSurfaceObs()      P/Ocr: -0.0dbars / 0x8005cf40 0x7fff08e4 0x80079a2d 0x7ffeef5b
(Nov 21 2025 15:11:58,  885870 sec) GpsServices()        GPS almanac is current.
(Nov 21 2025 15:11:58,  885870 sec) GpsServices()        Initiating GPS fix acquisition.
(Nov 21 2025 15:12:09,  885881 sec) gga()                $GPGGA,151210,2734.0277,N,15817.8899,W,0,00,,,M,,M,,*43
(Nov 21 2025 15:12:10,  885882 sec) gga()                $GPGGA,151220,2734.0277,N,15817.8899,W,0,00,,,M,,M,,*40
(Nov 21 2025 15:12:20,  885892 sec) gga()                $GPGGA,151230,2734.0277,N,15817.8899,W,0,00,,,M,,M,,*41
(Nov 21 2025 15:12:21,  885893 sec) gga()                $GPGGA,151230,2734.0277,N,15817.8899,W,0,00,,,M,,M,,*41
(Nov 21 2025 15:12:30,  885902 sec) gga()                $GPGGA,151240,2734.0277,N,15817.8899,W,0,00,,,M,,M,,*46
(Nov 21 2025 15:12:40,  885912 sec) gga()                $GPGGA,151250,2734.0277,N,15817.8899,W,0,00,,,M,,M,,*47
(Nov 21 2025 15:12:51,  885923 sec) gga()                $GPGGA,151300,2730.8741,N,15825.0695,W,1,08,1.1,3.3,M,-5.1,M,,*4A
(Nov 21 2025 15:12:51,  885923 sec) GpsServices()        Profile 24 GPS fix obtained in 53 seconds.
(Nov 21 2025 15:12:51,  885923 sec) GpsServices()                   lon      lat mm/dd/yyyy hhmmss nsat
(Nov 21 2025 15:12:51,  885923 sec) GpsServices()        Fix: -158.4178  27.5146 11/21/2025 151300    8
(Nov 21 2025 15:13:01,  885933 sec) gga()                $GPGGA,151310,2730.8748,N,15825.0701,W,1,08,1.1,3.3,M,-5.1,M,,*4E
(Nov 21 2025 15:13:10,  885942 sec) gga()                $GPGGA,151320,2730.8759,N,15825.0701,W,1,08,1.1,2.2,M,-5.1,M,,*4D
(Nov 21 2025 15:13:10,  885942 sec) GpsServices()        APF11 RTC skew (-10s) OK.
(Nov 21 2025 15:13:10,  885942 sec) GpsServices()        GPS services complete.
(Nov 21 2025 15:13:38,  885970 sec) IrGeoLoc()           <x,y,z>=<-5256km,-2092km,2932km> lat=27.554 lon=-158.296 IrSysTime=0xf06d687e
(Nov 21 2025 15:13:41,  885973 sec) CLogin()             Connecting to primary host.
(Nov 21 2025 15:13:55,  885987 sec) CLogin()             Connection 1 established in 14 seconds.
(Nov 21 2025 15:14:30,  886022 sec) expect()             Attempt to read prompt string [Last login:] failed.
(Nov 21 2025 15:14:30,  886022 sec) login()              Login failed.
(Nov 21 2025 15:15:00,  886052 sec) expect()             Attempt to read prompt string [login:] failed.
(Nov 21 2025 15:15:00,  886052 sec) login()              Login prompt not received.
(Nov 21 2025 15:15:18,  886070 sec) CLogin()             Connection 2 established in 97 seconds.
(Nov 21 2025 15:15:48,  886100 sec) expect()             Attempt to read prompt string [login:] failed.
(Nov 21 2025 15:15:48,  886100 sec) login()              Login prompt not received.
(Nov 21 2025 15:15:57,  886109 sec) login()              Login successful.
(Nov 21 2025 15:16:02,  886114 sec) chat()               Expected string [cmd>] not received.
(Nov 21 2025 15:16:02,  886114 sec) login()              Attempt to set the command prompt failed.
(Nov 21 2025 15:16:08,  886120 sec) CLogin()             Logged in to host.  [Login required 50 seconds]
(Nov 21 2025 15:16:11,  886123 sec) RxConfig()           Downloading "mission.cfg" from host.
(Nov 21 2025 15:16:31,  886143 sec) RxConfig()           Download successful: [bytes:50, sec:17.6, bps:3]
(Nov 21 2025 15:16:35,  886147 sec) WriteVitals_()       Writing vitals to "23808.024.msg".
(Nov 21 2025 15:16:40,  886152 sec) UpLoadFile()         Uploading "23808.024.log" to host.
(Nov 21 2025 15:21:38,  886450 sec) readline()           Time-out expired, aborting ZMODEM transfer.
(Nov 21 2025 15:21:38,  886450 sec) UpLoadFile()         Upload failed.
(Nov 21 2025 15:22:30,  886502 sec) chat()               Expected string [rz] not received.
(Nov 21 2025 15:22:30,  886502 sec) UpLoadFile()         Failed attempt to execute "rz" on the host.
(Nov 21 2025 15:22:30,  886502 sec) UpLoad()             Files successfully uploaded: 0
(Nov 21 2025 15:22:30,  886502 sec) UpLoad()             Aborting upload: Retry limit [2] exceeded. Upload incomplete.
(Nov 21 2025 15:22:37,  886509 sec) chat()               Expected string [cmd>] not received.
(Nov 21 2025 15:22:37,  886509 sec) logout()             Can't get command prompt.
(Nov 21 2025 15:22:42,  886514 sec) chat()               Expected string [logout] not received.
(Nov 21 2025 15:22:42,  886514 sec) logout()             Attempt to log-out failed.
(Nov 21 2025 15:22:49,  886521 sec) chat()               Expected string [cmd>] not received.
(Nov 21 2025 15:22:49,  886521 sec) logout()             Can't get command prompt.
(Nov 21 2025 15:22:54,  886526 sec) chat()               Expected string [logout] not received.
(Nov 21 2025 15:22:54,  886526 sec) logout()             Attempt to log-out failed.
(Nov 21 2025 15:22:54,  886526 sec) logout()             No carrier detected.
(Nov 21 2025 15:22:54,  886526 sec) Telemetry()          Telemetry cycle complete: PrfId=24 ConnectionAttempts=2  Connections=2
(Nov 21 2025 15:38:10,  887442 sec) AirSystem()          Air-bladder inflation by-passed. Pneumatic Pressure: [157cnt, 18.5psi].
(Nov 21 2025 15:38:51,  887483 sec) GetSurfaceObs()      P/O2,T2,TPhase,RPhase,RawTemp/FSig,BbSig,TSig: -0.1dbars / 256.6uM 23.363C 30.402 8.478 31.135 / 57,134,538
(Nov 21 2025 15:38:51,  887483 sec) GetSurfaceObs()      P/Ocr: -0.1dbars / 0x8005d1db 0x7fff2252 0x8007a524 0x7ffefee4
(Nov 21 2025 15:38:54,  887486 sec) GpsServices()        GPS almanac is current.
(Nov 21 2025 15:38:54,  887486 sec) GpsServices()        Initiating GPS fix acquisition.
(Nov 21 2025 15:39:01,  887493 sec) gga()                $GPGGA,153910,2731.0312,N,15825.0673,W,6,08,1.1,1.3,M,-5.1,M,,*45
(Nov 21 2025 15:39:21,  887513 sec) gga()                $GPGGA,153930,2731.0309,N,15825.0649,W,1,08,1.1,0.3,M,-5.1,M,,*42
(Nov 21 2025 15:39:21,  887513 sec) GpsServices()        Profile 24 GPS fix obtained in 27 seconds.
(Nov 21 2025 15:39:21,  887513 sec) GpsServices()                   lon      lat mm/dd/yyyy hhmmss nsat
(Nov 21 2025 15:39:21,  887513 sec) GpsServices()        Fix: -158.4178  27.5172 11/21/2025 153930    8
(Nov 21 2025 15:39:31,  887523 sec) gga()                $GPGGA,153940,2731.0321,N,15825.0652,W,1,08,1.1,-0.2,M,-5.1,M,,*69
(Nov 21 2025 15:39:40,  887532 sec) gga()                $GPGGA,153950,2731.0317,N,15825.0647,W,1,08,1.1,-0.6,M,-5.1,M,,*6D
(Nov 21 2025 15:39:40,  887532 sec) GpsServices()        APF11 RTC skew (-10s) OK.
(Nov 21 2025 15:39:40,  887532 sec) GpsServices()        GPS services complete.
(Nov 21 2025 15:40:15,  887567 sec) IrGeoLoc()           <x,y,z>=<-5260km,-2080km,2928km> lat=27.525 lon=-158.424 IrSysTime=0xf103bdd0
(Nov 21 2025 15:40:18,  887570 sec) CLogin()             Connecting to primary host.
(Nov 21 2025 15:41:21,  887633 sec) chat()               Expected string [CONNECT] not received.
(Nov 21 2025 15:41:21,  887633 sec) modem_connect()      Modem command [AT+CBST=71,0,1;DT00881600005496] failed.
(Nov 21 2025 15:41:21,  887633 sec) connect()            Connection attempt failed.
(Nov 21 2025 15:41:39,  887651 sec) CLogin()             Connection 3 established in 81 seconds.
(Nov 21 2025 15:41:48,  887660 sec) login()              Login successful.
(Nov 21 2025 15:41:57,  887669 sec) CLogin()             Logged in to host.  [Login required 18 seconds]
(Nov 21 2025 15:41:58,  887670 sec) RxConfig()           Downloading "mission.cfg" from host.
(Nov 21 2025 15:42:08,  887680 sec) RxConfig()           Download successful: [bytes:50, sec:7.6, bps:7]
(Nov 21 2025 15:42:11,  887683 sec) WriteVitals_()       Writing vitals to "23808.024.msg".
(Nov 21 2025 15:42:19,  887691 sec) UpLoadFile()         Uploading "23808.024.log" to host.
(Nov 21 2025 15:42:43,  887715 sec) UpLoadFile()         Upload successful: [bytes:2487, sec:23.6, bps:105]
(Nov 21 2025 15:42:44,  887716 sec) fmove()              Moved: 23808.024.log -> archive/23808.024.log
(Nov 21 2025 15:42:51,  887723 sec) UpLoadFile()         Uploading "23808.024.msg" to host.
(Nov 21 2025 15:45:38,  887890 sec) UpLoadFile()         Upload successful: [bytes:45713, sec:166.8, bps:274]
(Nov 21 2025 15:45:39,  887891 sec) fmove()              Moved: 23808.024.msg -> archive/23808.024.msg
(Nov 21 2025 15:45:43,  887895 sec) UpLoadFile()         Uploading "23808.024.isus" to host.
(Nov 21 2025 15:47:19,  887991 sec) UpLoadFile()         Upload successful: [bytes:24796, sec:95.7, bps:259]
(Nov 21 2025 15:47:20,  887992 sec) fmove()              Moved: 23808.024.isus -> archive/23808.024.isus
(Nov 21 2025 15:47:31,  888003 sec) UpLoadFile()         Uploading "23808.024.dura" to host.
(Nov 21 2025 15:48:41,  888073 sec) UpLoadFile()         Upload successful: [bytes:12207, sec:70.8, bps:172]
(Nov 21 2025 15:48:42,  888074 sec) Stm32f103SdBlockRead Block transfer from Rx fifo of SD periperal failed. [sdio->STA=0x00000002]
(Nov 21 2025 15:48:42,  888074 sec) Stm32f103SdBlockRead Read failed for 1 blocks starting at address 0x00002126. [status=0,state=-1,msTimer=18msec]
(Nov 21 2025 15:48:52,  888084 sec) fmove()              Failed: 23808.024.dura -> archive/23808.024.dura [FatErr=1]
(Nov 21 2025 15:48:55,  888087 sec) UpLoad()             Files successfully uploaded: 4
(Nov 21 2025 15:48:55,  888087 sec) UpLoad()             Upload complete.
(Nov 21 2025 15:49:05,  888097 sec) chat()               Expected string [logout] not received.
(Nov 21 2025 15:49:05,  888097 sec) logout()             Attempt to log-out failed.
(Nov 21 2025 15:49:05,  888097 sec) logout()             No carrier detected.
(Nov 21 2025 15:49:05,  888097 sec) Telemetry()          Telemetry cycle complete: PrfId=24 ConnectionAttempts=4  Connections=3
(Nov 21 2025 15:49:05,  888097 sec) TelemetryTerminate() Parsing new mission configuration.
(Nov 21 2025 15:49:06,  888098 sec) configure()          Parsing configurators in "mission.cfg".
(Nov 21 2025 15:49:06,  888098 sec) configure()             TelemetryRetry(15)      [0x7BBC] [TelemetryRetry(15)].
(Nov 21 2025 15:49:06,  888098 sec) configure()             DownTime(14400) [CRC=0x9F62] [DownTime(14400)].
(Nov 21 2025 15:49:07,  888099 sec) configure()          Configuration CRCs and syntax OK.
(Nov 21 2025 15:49:07,  888099 sec) ConfigSupervisor()   Configuration accepted.
(Nov 21 2025 15:49:07,  888099 sec) TelemetryTerminate() Reconditioning the file system.
(Nov 21 2025 15:49:09,       0 sec) DescentInit()        Deep profile 25 initiated at mission-time 888101sec.
(Nov 21 2025 15:49:10,       1 sec) DescentInit()        Surface pressure: -0.1dbars.
(Nov 21 2025 15:49:10,       1 sec) DescentInit()        Charge consumption model: OCV:15.1V Wake-Cycles:37187 Standby:59.4days Wake:26.2kC Sleep:2.7kC
(Nov 21 2025 15:49:22,      13 sec) DescentInit()        Pneumatic humidity: 2899(60.5%) -> 2901(60.5%)
(Nov 21 2025 15:49:22,      13 sec) PistonMoveAbsWTO()    188->054 187 186 185 184 183 182 181 180 179 178 177 178 177 176 175 174 173 172 171 170 169 168 167 166 165 164 163 162 161 160 159 158 157 156 155 154 153 152 151 150 149 148 147 146 145 144 143 142 141 140 139 138 137 136 135 134 133 132 131 130 129 128 127 126 125 124 123 122 121 120 119 118 117 116 115 114 113 112 111 110 109 108 107 106 105 104 103 102 101 100 099 098 097 096 095 094 093 092 091 090 089 088 087 086 085 084 083 082 081 080 079 078 077 076 075 074 073 072 071 070 069 068 067 066 065 064 063 062 061 060 059 058 057 056 055 054 [655sec, 15.0Volts, 0.133Amps, CPT:655sec]
(Nov 21 2025 16:00:22,     673 sec) DescentInit()        Air solenoid open: Barometer [208cnt,  12.2psi]  Pneumometer [107cnt,  12.5psi]
(Nov 21 2025 16:00:32,     683 sec) Descent()            Pressure: 62.8
(Nov 21 2025 16:49:09,    3600 sec) Descent()            Pressure: 510.3
(Nov 21 2025 17:49:09,    7200 sec) Descent()            Pressure: 842.1
(Nov 21 2025 18:49:09,   10800 sec) Descent()            Pressure: 977.1
(Nov 21 2025 19:49:09,   14400 sec) Descent()            Pressure: 982.8
(Nov 21 2025 19:49:10,   14401 sec) ParkInit()           Charge consumption model: OCV:15.4V Wake-Cycles:37192 Standby:59.5days Wake:26.5kC Sensors:2.7kC
(Nov 22 2025 01:49:17,   36008 sec) Park()               ParkPOutOfBand[-3, 986.2 dbars]: retract piston.
(Nov 22 2025 01:49:17,   36008 sec) PistonMoveAbsWTO()    054->053 053 [6sec, 15.0Volts, 0.080Amps, CPT:661sec]
(Nov 23 2025 18:49:17,  183608 sec) Park()               ParkPOutOfBand[3, 1013.0 dbars]: extend piston.
(Nov 23 2025 18:49:17,  183608 sec) PistonMoveAbsWTO()    053->054 054 [2sec, 14.6Volts, 0.436Amps, CPT:663sec]
(Dec 01 2025 11:49:41,  849632 sec) CtdPower()           [ 1003.75,  3.8541, 34.3972]
(Dec 01 2025 11:49:41,  849632 sec) CtdPower()           CTD Power consumption [215VCnt 3ACnt]: 15.130Volts * 0.012Amps = 0.18Watts.
(Dec 01 2025 11:49:47,  849638 sec) ParkTerminate()      Piston Position:54 Vacuum:190 HumidityAd12:4094(inf%) Vq:218 Aq:2 Vsbe:215 Asbe:3 Vflbb:210 Aflbb:11 Vopt:209 Aopt:13 Vocr:211 Aocr:7 MuxTemp:3.884C MuxHumidity:7.2%
(Dec 01 2025 11:50:17,  849668 sec) ParkTerminate()      PTS/O2,T2,TPhase,RawTemp: 1003.7dbars 3.8547C 34.3970PSU / 34.7uM 3.844C 57.316 7.943 662.249
(Dec 01 2025 11:50:17,  849668 sec) ParkTerminate()      FLBB FSig, BbSig, TSig: 54, 114, 571 / Ocr: nan nan nan nan
(Dec 01 2025 11:50:18,  849669 sec) GoDeepInit()         Charge consumption model: OCV:15.3V Wake-Cycles:37424 Standby:69.2days Wake:26.7kC Sensors:2.7kC
(Dec 01 2025 11:50:18,  849669 sec) GoDeepInit()         Moving piston.
(Dec 01 2025 11:50:18,  849669 sec) PistonMoveAbsWTO()    054->009 053 052 051 050 049 048 047 046 045 044 043 042 041 040 039 038 037 036 035 034 033 032 031 030 029 028 027 026 025 024 023 022 021 020 019 018 017 016 015 014 013 012 011 010 009 [218sec, 14.9Volts, 0.052Amps, CPT:881sec]
(Dec 01 2025 15:49:09,  864000 sec) ProfileInit()        Charge consumption model: OCV:15.3V Wake-Cycles:37472 Standby:69.3days Wake:26.7kC Sensors:2.7kC
(Dec 01 2025 15:49:09,  864000 sec) ProfileInit()        PrfId:025  Pressure:1643.4dbar  pTable[4]:1600dbar
(Dec 01 2025 15:49:11,  864002 sec) ProfileInit()        Muxer PPIs K{1,2} quiescent: 15.15V, 0.1mA, 1.5mW
(Dec 01 2025 15:49:15,  864006 sec) ProfileInit()        ISUS powered up.
(Dec 01 2025 15:49:18,  864009 sec) ProfileInit()        Muxer PPIs K{1,2} w/ ISUS awake: 14.90V, 56.7mA, 844.6mW
(Dec 01 2025 15:49:25,  864016 sec) MscErrorLog_()       No error records to log.
(Dec 01 2025 15:49:31,  864022 sec) ProfileInit()        DURA powered up.
(Dec 01 2025 15:49:35,  864026 sec) ProfileInit()        Muxer PPIs K{1,2} w/ DURA awake: 14.98V, 46.6mA, 697.9mW
(Dec 01 2025 15:49:41,  864032 sec) MscErrorLog_()       No error records to log.
(Dec 01 2025 15:49:46,  864037 sec) PistonMoveAbsWTO()    009->031 010 011 012 013 014 015 [30sec, 14.3Volts, 0.556Amps, CPT:911sec]
(Dec 01 2025 15:50:27,  864078 sec) PistonMoveAbsWTO()    015->031 016 017 018 019 020 [30sec, 14.1Volts, 0.549Amps, CPT:941sec]
(Dec 01 2025 15:51:08,  864119 sec) PistonMoveAbsWTO()    020->031 021 022 023 024 025 [30sec, 14.1Volts, 0.540Amps, CPT:971sec]
(Dec 01 2025 15:51:49,  864160 sec) PistonMoveAbsWTO()    025->031 026 027 028 029 030 [30sec, 14.0Volts, 0.537Amps, CPT:1001sec]
(Dec 01 2025 15:52:30,  864201 sec) PistonMoveAbsWTO()    030->031 031 [3sec, 14.1Volts, 0.547Amps, CPT:1004sec]
(Dec 01 2025 15:58:38,  864569 sec) Profile()            Sample 0 initiated at 1601.7dbars for bin 4 [1600dbars].  PTS/O2,T2,TPhase,RPhase,RawTemp/NO3/pH/FSig,BbSig,TSig/Ocr: 1599.7dbars 2.6073C 34.5656PSU / 76.3uM 2.602C 52.989 7.979 699.956 / 40.8uM / -0.885396V /   54  112  574 / nan nan nan nan
(Dec 01 2025 16:16:53,  865664 sec) Profile()            Sample 1 initiated at 1501.3dbars for bin 5 [1500dbars].  PTS/O2,T2,TPhase,RPhase,RawTemp/NO3/pH/FSig,BbSig,TSig/Ocr: 1499.4dbars 2.8089C 34.5498PSU / 71.7uM 2.803C 53.380 7.996 693.878 / 41.0uM / -0.885280V /   54  115  573 / nan nan nan nan
(Dec 01 2025 16:34:56,  866747 sec) AscentControlAgent() Bouyancy nudge to 41 (v=0.074dbar/sec).
(Dec 01 2025 16:34:56,  866747 sec) PistonMoveAbsWTO()    031->041 032 033 034 035 036 [30sec, 14.5Volts, 0.491Amps, CPT:1034sec]
(Dec 01 2025 16:35:37,  866788 sec) PistonMoveAbsWTO()    036->041 037 038 039 040 041 [25sec, 14.3Volts, 0.490Amps, CPT:1059sec]
(Dec 01 2025 16:37:10,  866881 sec) Profile()            Sample 2 initiated at 1400.8dbars for bin 6 [1400dbars].  PTS/O2,T2,TPhase,RPhase,RawTemp/NO3/pH/FSig,BbSig,TSig/Ocr: 1398.7dbars 2.9932C 34.5320PSU / 65.8uM 2.987C 53.929 8.000 688.318 / 41.5uM / -0.885302V /   55  114  573 / nan nan nan nan
(Dec 01 2025 16:50:15,  867666 sec) AscentControlAgent() Bouyancy nudge to 51 (v=0.079dbar/sec).
(Dec 01 2025 16:50:15,  867666 sec) PistonMoveAbsWTO()    041->051 042 043 044 045 046 [30sec, 14.5Volts, 0.473Amps, CPT:1089sec]
(Dec 01 2025 16:50:56,  867707 sec) PistonMoveAbsWTO()    046->051 047 048 049 050 051 [26sec, 14.3Volts, 0.473Amps, CPT:1115sec]
(Dec 01 2025 16:55:15,  867966 sec) Profile()            Sample 3 initiated at 1301.7dbars for bin 7 [1300dbars].  PTS/O2,T2,TPhase,RPhase,RawTemp/NO3/pH/FSig,BbSig,TSig/Ocr: 1299.6dbars 3.1528C 34.5144PSU / 60.7uM 3.146C 54.427 8.003 683.508 / 41.7uM / -0.885160V /   54  112  573 / nan nan nan nan
(Dec 01 2025 17:14:04,  869095 sec) Profile()            Sample 4 initiated at 1201.9dbars for bin 8 [1200dbars].  PTS/O2,T2,TPhase,RPhase,RawTemp/NO3/pH/FSig,BbSig,TSig/Ocr: 1200.4dbars 3.3998C 34.4853PSU / 53.3uM 3.394C 55.171 8.005 675.977 / 42.0uM / -0.885326V /   54  115  573 / nan nan nan nan
(Dec 01 2025 17:15:45,  869196 sec) AscentControlAgent() Bouyancy nudge to 61 (v=0.075dbar/sec).
(Dec 01 2025 17:15:45,  869196 sec) PistonMoveAbsWTO()    051->061 052 053 054 055 056 [30sec, 14.5Volts, 0.440Amps, CPT:1145sec]
(Dec 01 2025 17:16:26,  869237 sec) PistonMoveAbsWTO()    056->061 057 058 059 060 061 [23sec, 14.4Volts, 0.441Amps, CPT:1168sec]
(Dec 01 2025 17:21:26,  869537 sec) PistonMoveAbsWTO()    060->061 061 [1sec, 14.6Volts, 0.471Amps, CPT:1169sec]
(Dec 01 2025 17:33:04,  870235 sec) Profile()            Sample 5 initiated at 1101.2dbars for bin 9 [1100dbars].  PTS/O2,T2,TPhase,RPhase,RawTemp/NO3/pH/FSig,BbSig,TSig/Ocr: 1099.5dbars 3.6682C 34.4508PSU / 46.2uM 3.661C 55.930 8.009 667.850 / 42.3uM / -0.885312V /   54  114  572 / nan nan nan nan
(Dec 01 2025 17:36:13,  870424 sec) AscentControlAgent() Bouyancy nudge to 71 (v=0.077dbar/sec).
(Dec 01 2025 17:36:13,  870424 sec) PistonMoveAbsWTO()    061->071 062 063 064 065 066 [30sec, 14.5Volts, 0.417Amps, CPT:1199sec]
(Dec 01 2025 17:36:54,  870465 sec) PistonMoveAbsWTO()    066->071 067 068 069 070 071 [24sec, 14.4Volts, 0.412Amps, CPT:1223sec]
(Dec 01 2025 17:50:34,  871285 sec) Profile()            Sample 6 initiated at 1001.3dbars for bin 10 [1000dbars].  PTS/O2,T2,TPhase,RPhase,RawTemp/NO3/pH/FSig,BbSig,TSig/Ocr: 999.2dbars 3.8664C 34.4107PSU / 38.7uM 3.860C 56.805 8.015 661.764 / 42.5uM / -0.885503V /   54  113  572 / nan nan nan nan
(Dec 01 2025 17:53:45,  871476 sec) Sbe41cpStartCP()     Continuous profile started.
(Dec 01 2025 17:58:36,  871767 sec) Profile()            Sample 7 initiated at 951.7dbars for bin 11 [950dbars].  PTS/O2,T2,TPhase,RPhase,RawTemp/NO3/pH/FSig,BbSig,TSig/Ocr: 951.6dbars 3.9105C 34.3801PSU / 32.4uM 3.903C 57.600 8.016 660.461 / 42.8uM / -0.885634V /   55  113  572 / nan nan nan nan
(Dec 01 2025 18:08:03,  872334 sec) Profile()            Sample 8 initiated at 901.7dbars for bin 12 [900dbars].  PTS/O2,T2,TPhase,RPhase,RawTemp/NO3/pH/FSig,BbSig,TSig/Ocr: 901.6dbars 4.0457C 34.3270PSU / 24.9uM 4.037C 58.583 8.019 656.359 / 43.2uM / -0.886196V /   56  115  572 / nan nan nan nan
(Dec 01 2025 18:11:45,  872556 sec) AscentControlAgent() Bouyancy nudge to 81 (v=0.076dbar/sec).
(Dec 01 2025 18:11:45,  872556 sec) PistonMoveAbsWTO()    071->081 072 073 074 075 076 [30sec, 14.5Volts, 0.373Amps, CPT:1253sec]
(Dec 01 2025 18:12:26,  872597 sec) PistonMoveAbsWTO()    076->081 077 078 079 080 081 [24sec, 14.4Volts, 0.364Amps, CPT:1277sec]
(Dec 01 2025 18:18:14,  872945 sec) Profile()            Sample 9 initiated at 851.7dbars for bin 13 [850dbars].  PTS/O2,T2,TPhase,RPhase,RawTemp/NO3/pH/FSig,BbSig,TSig/Ocr: 851.6dbars 4.2926C 34.2847PSU / 21.1uM 4.282C 59.070 8.025 648.845 / 43.0uM / -0.886262V /   55  113  571 / nan nan nan nan
(Dec 01 2025 18:21:56,  873167 sec) AscentControlAgent() Bouyancy nudge to 91 (v=0.075dbar/sec).
(Dec 01 2025 18:21:56,  873167 sec) PistonMoveAbsWTO()    081->091 082 083 084 085 086 [30sec, 14.5Volts, 0.356Amps, CPT:1307sec]
(Dec 01 2025 18:22:37,  873208 sec) PistonMoveAbsWTO()    086->091 087 088 089 090 091 [24sec, 14.4Volts, 0.355Amps, CPT:1331sec]
(Dec 01 2025 18:27:52,  873523 sec) Profile()            Sample 10 initiated at 801.9dbars for bin 14 [800dbars].  PTS/O2,T2,TPhase,RPhase,RawTemp/NO3/pH/FSig,BbSig,TSig/Ocr: 801.8dbars 4.4806C 34.2346PSU / 22.6uM 4.474C 58.813 8.029 642.951 / 42.6uM / -0.885673V /   55  115  571 / nan nan nan nan
(Dec 01 2025 18:36:23,  874034 sec) Profile()            Sample 11 initiated at 751.2dbars for bin 15 [750dbars].  PTS/O2,T2,TPhase,RPhase,RawTemp/NO3/pH/FSig,BbSig,TSig/Ocr: 751.1dbars 4.7185C 34.1672PSU / 30.7uM 4.709C 57.636 8.036 635.722 / 41.8uM / -0.884935V /   54  114  571 / nan nan nan nan
(Dec 01 2025 18:46:23,  874634 sec) Profile()            Sample 12 initiated at 701.3dbars for bin 16 [700dbars].  PTS/O2,T2,TPhase,RPhase,RawTemp/NO3/pH/FSig,BbSig,TSig/Ocr: 701.2dbars 5.0244C 34.1197PSU / 42.6uM 5.009C 55.984 8.043 626.467 / 40.5uM / -0.883455V /   54  113  570 / nan nan nan nan
(Dec 01 2025 18:47:19,  874690 sec) AscentControlAgent() Bouyancy nudge to 101 (v=0.075dbar/sec).
(Dec 01 2025 18:47:20,  874691 sec) PistonMoveAbsWTO()    091->101 092 093 094 095 096 [30sec, 14.5Volts, 0.316Amps, CPT:1361sec]
(Dec 01 2025 18:48:01,  874732 sec) PistonMoveAbsWTO()    096->101 097 098 099 100 101 [23sec, 14.4Volts, 0.325Amps, CPT:1384sec]
(Dec 01 2025 18:55:37,  875188 sec) Profile()            Sample 13 initiated at 651.1dbars for bin 17 [650dbars].  PTS/O2,T2,TPhase,RPhase,RawTemp/NO3/pH/FSig,BbSig,TSig/Ocr: 651.0dbars 5.5939C 34.0726PSU / 62.0uM 5.582C 53.438 8.063 608.719 / 38.2uM / -0.881008V /   55  118  570 / nan nan nan nan
(Dec 01 2025 19:04:53,  875744 sec) Profile()            Sample 14 initiated at 601.9dbars for bin 18 [600dbars].  PTS/O2,T2,TPhase,RPhase,RawTemp/NO3/pH/FSig,BbSig,TSig/Ocr: 601.8dbars 6.1731C 34.0153PSU / 100.2uM 6.159C 49.175 8.086 590.731 / 34.3uM / -0.876225V /   53  116  569 / nan nan nan nan
(Dec 01 2025 19:12:48,  876219 sec) AscentControlAgent() Bouyancy nudge to 111 (v=0.067dbar/sec).
(Dec 01 2025 19:12:49,  876220 sec) PistonMoveAbsWTO()    101->111 102 103 104 105 106 [30sec, 14.6Volts, 0.299Amps, CPT:1414sec]
(Dec 01 2025 19:13:30,  876261 sec) PistonMoveAbsWTO()    107->111 108 109 110 111 [21sec, 14.5Volts, 0.295Amps, CPT:1435sec]
(Dec 01 2025 19:16:18,  876429 sec) Profile()            Sample 15 initiated at 551.1dbars for bin 19 [550dbars].  PTS/O2,T2,TPhase,RPhase,RawTemp/NO3/pH/FSig,BbSig,TSig/Ocr: 551.0dbars 6.9171C 33.9964PSU / 141.0uM 6.904C 45.295 8.114 567.396 / 30.1uM / -0.870827V /   53  119  568 / nan nan nan nan
(Dec 01 2025 19:17:58,  876529 sec) AscentControlAgent() Bouyancy nudge to 121 (v=0.080dbar/sec).
(Dec 01 2025 19:17:59,  876530 sec) PistonMoveAbsWTO()    111->121 112 113 114 115 116 [30sec, 14.5Volts, 0.282Amps, CPT:1465sec]
(Dec 01 2025 19:18:40,  876571 sec) PistonMoveAbsWTO()    116->121 117 118 119 120 121 [22sec, 14.5Volts, 0.289Amps, CPT:1487sec]
(Dec 01 2025 19:24:47,  876938 sec) Profile()            Sample 16 initiated at 501.1dbars for bin 20 [500dbars].  PTS/O2,T2,TPhase,RPhase,RawTemp/NO3/pH/FSig,BbSig,TSig/Ocr: 501.0dbars 8.0105C 34.0087PSU / 183.6uM 8.001C 41.688 8.144 532.738 / 24.6uM / -0.865081V /   51  117  566 / nan nan nan nan
(Dec 01 2025 19:32:37,  877408 sec) Profile()            Sample 17 initiated at 450.9dbars for bin 21 [450dbars].  PTS/O2,T2,TPhase,RPhase,RawTemp/NO3/pH/FSig,BbSig,TSig/Ocr: 450.8dbars 8.8429C 34.0279PSU / 209.8uM 8.836C 39.637 8.175 506.159 / 20.9uM / -0.861176V /   51  117  565 / 0x80066124 0x80003fc9 0x80087024 0x7fffba09
(Dec 01 2025 19:41:45,  877956 sec) Profile()            Sample 18 initiated at 401.2dbars for bin 22 [400dbars].  PTS/O2,T2,TPhase,RPhase,RawTemp/NO3/pH/FSig,BbSig,TSig/Ocr: 401.2dbars 9.9983C 34.0812PSU / 231.8uM 9.989C 37.817 8.198 469.214 / 16.6uM / -0.856672V /   51  118  564 / 0x800648a4 0x80001989 0x80087409 0x7fffbe40
(Dec 01 2025 19:43:25,  878056 sec) AscentControlAgent() Bouyancy nudge to 131 (v=0.076dbar/sec).
(Dec 01 2025 19:43:25,  878056 sec) PistonMoveAbsWTO()    121->131 122 123 124 125 126 [30sec, 14.6Volts, 0.262Amps, CPT:1517sec]
(Dec 01 2025 19:44:06,  878097 sec) PistonMoveAbsWTO()    126->131 127 128 129 130 131 [23sec, 14.5Volts, 0.256Amps, CPT:1540sec]
(Dec 01 2025 19:45:52,  878203 sec) Profile()            Sample 19 initiated at 381.5dbars for bin 23 [380dbars].  PTS/O2,T2,TPhase,RPhase,RawTemp/NO3/pH/FSig,BbSig,TSig/Ocr: 381.4dbars 10.6029C 34.1305PSU / 239.5uM 10.604C 37.097 8.222 449.380 / 15.0uM / -0.854685V /   50  117  563 / 0x80067152 0x800015c0 0x8008549b 0x7fffabf6
(Dec 01 2025 19:49:17,  878408 sec) Profile()            Sample 20 initiated at 361.5dbars for bin 24 [360dbars].  PTS/O2,T2,TPhase,RPhase,RawTemp/NO3/pH/FSig,BbSig,TSig/Ocr: 361.4dbars 11.0604C 34.1635PSU / 243.9uM 11.059C 36.643 8.243 434.651 / 14.0uM / -0.853660V /   51  117  562 / 0x80065cc9 0x80002524 0x80085424 0x7fffb2c0
(Dec 01 2025 19:51:03,  878514 sec) Profile()            Sample 21 initiated at 351.3dbars for bin 25 [350dbars].  PTS/O2,T2,TPhase,RPhase,RawTemp/NO3/pH/FSig,BbSig,TSig/Ocr: 351.2dbars 11.2736C 34.1737PSU / 244.7uM 11.267C 36.496 8.251 427.901 / 13.5uM / -0.853070V /   51  116  561 / 0x80064909 0x800022a4 0x80084fa4 0x7fffb1e4
(Dec 01 2025 19:52:49,  878620 sec) Profile()            Sample 22 initiated at 341.3dbars for bin 26 [340dbars].  PTS/O2,T2,TPhase,RPhase,RawTemp/NO3/pH/FSig,BbSig,TSig/Ocr: 341.2dbars 11.6269C 34.2011PSU / 245.9uM 11.623C 36.257 8.258 416.377 / 12.6uM / -0.852366V /   50  117  561 / 0x80065a24 0x80000c89 0x8008522d 0x7fffa300
(Dec 01 2025 19:54:35,  878726 sec) Profile()            Sample 23 initiated at 330.9dbars for bin 27 [330dbars].  PTS/O2,T2,TPhase,RPhase,RawTemp/NO3/pH/FSig,BbSig,TSig/Ocr: 330.9dbars 11.7808C 34.2144PSU / 246.5uM 11.796C 36.139 8.266 410.747 / 12.2uM / -0.851772V /   50  120  561 / 0x80063bdb 0x8000136d 0x800866a4 0x7fffa189
(Dec 01 2025 19:56:10,  878821 sec) Profile()            Sample 24 initiated at 321.7dbars for bin 28 [320dbars].  PTS/O2,T2,TPhase,RPhase,RawTemp/NO3/pH/FSig,BbSig,TSig/Ocr: 321.6dbars 12.2288C 34.2389PSU / 247.2uM 12.220C 35.887 8.273 396.951 / 11.5uM / -0.851121V /   50  123  560 / 0x80062ba4 0x80000536 0x80084180 0x7fff9a64
(Dec 01 2025 19:57:56,  878927 sec) Profile()            Sample 25 initiated at 311.6dbars for bin 29 [310dbars].  PTS/O2,T2,TPhase,RPhase,RawTemp/NO3/pH/FSig,BbSig,TSig/Ocr: 311.5dbars 12.3577C 34.2473PSU / 247.8uM 12.357C 35.793 8.276 392.489 / 11.2uM / -0.850761V /   50  117  560 / 0x800632e4 0x7ffff436 0x8008625b 0x7fff92f6
(Dec 01 2025 19:59:53,  879044 sec) Profile()            Sample 26 initiated at 301.2dbars for bin 30 [300dbars].  PTS/O2,T2,TPhase,RPhase,RawTemp/NO3/pH/FSig,BbSig,TSig/Ocr: 301.2dbars 12.6322C 34.2597PSU / 247.6uM 12.624C 35.665 8.279 383.755 / 10.5uM / -0.850237V /   51  115  559 / 0x80064700 0x80001252 0x800851c9 0x7fff8889
(Dec 01 2025 20:01:50,  879161 sec) Profile()            Sample 27 initiated at 291.7dbars for bin 31 [290dbars].  PTS/O2,T2,TPhase,RPhase,RawTemp/NO3/pH/FSig,BbSig,TSig/Ocr: 291.6dbars 12.8122C 34.2718PSU / 248.3uM 12.809C 35.542 8.284 377.726 / 10.1uM / -0.849810V /   50  113  559 / 0x80064864 0x7fffef89 0x80085ec9 0x7fff8500
(Dec 01 2025 20:04:09,  879300 sec) Profile()            Sample 28 initiated at 281.4dbars for bin 32 [280dbars].  PTS/O2,T2,TPhase,RPhase,RawTemp/NO3/pH/FSig,BbSig,TSig/Ocr: 281.3dbars 13.0716C 34.2870PSU / 248.2uM 13.069C 35.416 8.290 369.228 / 9.6uM / -0.849227V /   50  125  558 / 0x80064e00 0x80000580 0x80087c36 0x7fff9ec0
(Dec 01 2025 20:04:10,  879301 sec) AscentControlAgent() Bouyancy nudge to 141 (v=0.077dbar/sec).
(Dec 01 2025 20:04:10,  879301 sec) PistonMoveAbsWTO()    131->141 132 133 134 135 136 [30sec, 14.6Volts, 0.236Amps, CPT:1570sec]
(Dec 01 2025 20:04:51,  879342 sec) PistonMoveAbsWTO()    136->141 137 138 139 140 141 [21sec, 14.6Volts, 0.230Amps, CPT:1591sec]
(Dec 01 2025 20:06:14,  879425 sec) Profile()            Sample 29 initiated at 271.8dbars for bin 33 [270dbars].  PTS/O2,T2,TPhase,RPhase,RawTemp/NO3/pH/FSig,BbSig,TSig/Ocr: 271.8dbars 13.5389C 34.3104PSU / 247.9uM 13.526C 35.204 8.299 354.281 / 8.4uM / -0.848430V /   50  115  558 / 0x80065580 0x7ffffa00 0x80087d1b 0x7fff8bed
(Dec 01 2025 20:08:11,  879542 sec) Profile()            Sample 30 initiated at 261.5dbars for bin 34 [260dbars].  PTS/O2,T2,TPhase,RPhase,RawTemp/NO3/pH/FSig,BbSig,TSig/Ocr: 261.4dbars 13.9533C 34.3409PSU / 248.4uM 13.949C 34.972 8.307 340.415 / 7.6uM / -0.847585V /   50  115  558 / 0x8006319b 0x7ffffad2 0x80089036 0x7fff8824
(Dec 01 2025 20:10:08,  879659 sec) Profile()            Sample 31 initiated at 251.8dbars for bin 35 [250dbars].  PTS/O2,T2,TPhase,RPhase,RawTemp/NO3/pH/FSig,BbSig,TSig/Ocr: 251.7dbars 14.5417C 34.3869PSU / 247.2uM 14.523C 34.751 8.317 321.546 / 6.6uM / -0.846763V /   50  116  557 / 0x8006382d 0x8000152d 0x8008c612 0x7fff8676
(Dec 01 2025 20:12:16,  879787 sec) Profile()            Sample 32 initiated at 241.9dbars for bin 36 [240dbars].  PTS/O2,T2,TPhase,RPhase,RawTemp/NO3/pH/FSig,BbSig,TSig/Ocr: 241.9dbars 14.9187C 34.4200PSU / 245.9uM 14.915C 34.626 8.326 308.662 / 6.0uM / -0.846145V /   50  121  556 / 0x800633db 0x80001d92 0x8008c109 0x7fff74c9
(Dec 01 2025 20:14:24,  879915 sec) Profile()            Sample 33 initiated at 232.0dbars for bin 37 [230dbars].  PTS/O2,T2,TPhase,RPhase,RawTemp/NO3/pH/FSig,BbSig,TSig/Ocr: 231.9dbars 15.2257C 34.4576PSU / 244.6uM 15.223C 34.541 8.333 298.531 / 5.5uM / -0.845637V /   51  115  556 / 0x80063636 0x800031b6 0x8008f476 0x7fff87a4
(Dec 01 2025 20:14:25,  879916 sec) AscentControlAgent() Bouyancy nudge to 151 (v=0.078dbar/sec).
(Dec 01 2025 20:14:25,  879916 sec) PistonMoveAbsWTO()    141->151 142 143 144 145 146 [30sec, 14.7Volts, 0.215Amps, CPT:1621sec]
(Dec 01 2025 20:15:06,  879957 sec) PistonMoveAbsWTO()    147->151 148 149 150 151 [21sec, 14.6Volts, 0.216Amps, CPT:1642sec]
(Dec 01 2025 20:16:17,  880028 sec) Profile()            Sample 34 initiated at 221.9dbars for bin 38 [220dbars].  PTS/O2,T2,TPhase,RPhase,RawTemp/NO3/pH/FSig,BbSig,TSig/Ocr: 221.7dbars 15.4768C 34.4718PSU / 244.2uM 15.472C 34.445 8.338 290.353 / 5.3uM / -0.845213V /   50  116  555 / 0x80063309 0x80003536 0x8008fd9b 0x7fff8836
(Dec 01 2025 20:17:52,  880123 sec) Profile()            Sample 35 initiated at 211.2dbars for bin 39 [210dbars].  PTS/O2,T2,TPhase,RPhase,RawTemp/NO3/pH/FSig,BbSig,TSig/Ocr: 211.1dbars 15.9198C 34.5332PSU / 242.6uM 15.956C 34.292 8.343 274.419 / 4.7uM / -0.844524V /   51  115  555 / 0x8006381b 0x80004f64 0x80094fe4 0x7fff7f9b
(Dec 01 2025 20:19:27,  880218 sec) Profile()            Sample 36 initiated at 201.5dbars for bin 40 [200dbars].  PTS/O2,T2,TPhase,RPhase,RawTemp/NO3/pH/FSig,BbSig,TSig/Ocr: 201.4dbars 16.3220C 34.5678PSU / 243.7uM 16.320C 34.065 8.357 262.405 / 4.3uM / -0.843876V /   51  115  554 / 0x80062ead 0x80007ec9 0x8009d392 0x7fff6f5b
(Dec 01 2025 20:21:13,  880324 sec) Profile()            Sample 37 initiated at 191.3dbars for bin 41 [190dbars].  PTS/O2,T2,TPhase,RPhase,RawTemp/NO3/pH/FSig,BbSig,TSig/Ocr: 191.3dbars 17.3298C 34.6947PSU / 242.6uM 17.303C 33.664 8.377 229.989 / 3.3uM / -0.842638V /   53  118  553 / 0x800623db 0x80011252 0x800aee24 0x7fff73b6
(Dec 01 2025 20:23:10,  880441 sec) Profile()            Sample 38 initiated at 181.4dbars for bin 42 [180dbars].  PTS/O2,T2,TPhase,RPhase,RawTemp/NO3/pH/FSig,BbSig,TSig/Ocr: 181.3dbars 17.8220C 34.7534PSU / 242.1uM 17.809C 33.454 8.380 213.307 / 2.8uM / -0.841968V /   56  123  553 / 0x8006296d 0x8001a176 0x800be140 0x7fff70e4
(Dec 01 2025 20:24:56,  880547 sec) Profile()            Sample 39 initiated at 171.8dbars for bin 43 [170dbars].  PTS/O2,T2,TPhase,RPhase,RawTemp/NO3/pH/FSig,BbSig,TSig/Ocr: 171.7dbars 17.9168C 34.7643PSU / 242.2uM 17.918C 33.403 8.386 209.692 / 2.7uM / -0.841680V /   56  116  552 / 0x80062412 0x8003126d 0x800e65c9 0x7fff6680
(Dec 01 2025 20:26:53,  880664 sec) Profile()            Sample 40 initiated at 161.3dbars for bin 44 [160dbars].  PTS/O2,T2,TPhase,RPhase,RawTemp/NO3/pH/FSig,BbSig,TSig/Ocr: 161.2dbars 18.4851C 34.8339PSU / 240.2uM 18.466C 33.249 8.389 191.629 / 2.4uM / -0.841021V /   59  119  551 / 0x80063900 0x80053a09 0x80120892 0x7fff6236
(Dec 01 2025 20:29:01,  880792 sec) Profile()            Sample 41 initiated at 151.2dbars for bin 45 [150dbars].  PTS/O2,T2,TPhase,RPhase,RawTemp/NO3/pH/FSig,BbSig,TSig/Ocr: 151.1dbars 18.9060C 34.8831PSU / 240.9uM 18.934C 33.007 8.402 176.195 / 2.0uM / -0.840188V /   62  120  551 / 0x800677c0 0x8007c236 0x80159c52 0x7fff5840
(Dec 01 2025 20:31:09,  880920 sec) Profile()            Sample 42 initiated at 141.8dbars for bin 46 [140dbars].  PTS/O2,T2,TPhase,RPhase,RawTemp/NO3/pH/FSig,BbSig,TSig/Ocr: 141.7dbars 19.6405C 34.9690PSU / 243.0uM 19.614C 32.601 8.410 153.820 / 1.5uM / -0.839007V /   70  123  550 / 0x8006d509 0x800f21e4 0x8020d2c0 0x7fff5c9b
(Dec 01 2025 20:33:39,  881070 sec) Profile()            Sample 43 initiated at 131.9dbars for bin 47 [130dbars].  PTS/O2,T2,TPhase,RPhase,RawTemp/NO3/pH/FSig,BbSig,TSig/Ocr: 131.9dbars 20.3342C 35.0670PSU / 247.1uM 20.321C 32.101 8.426 130.572 / 1.1uM / -0.837770V /   79  129  549 / 0x800780a4 0x80138709 0x802517db 0x7fff7c6d
(Dec 01 2025 20:36:09,  881220 sec) Profile()            Sample 44 initiated at 122.0dbars for bin 48 [120dbars].  PTS/O2,T2,TPhase,RPhase,RawTemp/NO3/pH/FSig,BbSig,TSig/Ocr: 121.9dbars 20.6679C 35.1236PSU / 249.6uM 20.656C 31.838 8.431 119.543 / 0.9uM / -0.837006V /   80  125  548 / 0x8009452d 0x8024a6d2 0x803b6b76 0x7fffbe52
(Dec 01 2025 20:39:01,  881392 sec) Profile()            Sample 45 initiated at 111.6dbars for bin 49 [110dbars].  PTS/O2,T2,TPhase,RPhase,RawTemp/NO3/pH/FSig,BbSig,TSig/Ocr: 111.5dbars 21.1055C 35.1890PSU / 254.1uM 21.099C 31.447 8.436 105.029 / 0.8uM / -0.836083V /   87  132  547 / 0x800d7e00 0x80449fe4 0x80647676 0x80003f12
(Dec 01 2025 20:41:53,  881564 sec) Profile()            Sample 46 initiated at 101.9dbars for bin 50 [100dbars].  PTS/O2,T2,TPhase,RPhase,RawTemp/NO3/pH/FSig,BbSig,TSig/Ocr: 101.8dbars 21.3787C 35.2290PSU / 256.0uM 21.376C 31.242 8.441 95.950 / 0.8uM / -0.835512V /   96  128  546 / 0x80110a89 0x80492709 0x80618f09 0x8000aed2
(Dec 01 2025 20:43:16,  881647 sec) Profile()            Sample 47 initiated at 96.6dbars for bin 51 [95dbars].  PTS/O2,T2,TPhase,RPhase,RawTemp/NO3/pH/FSig,BbSig,TSig/Ocr: 96.5dbars 21.5701C 35.2546PSU / 257.6uM 21.561C 31.093 8.447 89.880 / 1.0uM / -0.835028V /   97  147  545 / 0x8014d364 0x8056de6d 0x806eb352 0x80013b80
(Dec 01 2025 20:44:39,  881730 sec) Profile()            Sample 48 initiated at 91.7dbars for bin 52 [90dbars].  PTS/O2,T2,TPhase,RPhase,RawTemp/NO3/pH/FSig,BbSig,TSig/Ocr: 91.6dbars 21.7517C 35.2816PSU / 258.9uM 21.745C 30.961 8.448 83.856 / 0.9uM / -0.834786V /   95  130  545 / 0x80181e2d 0x805a229b 0x806c7009 0x80017649
(Dec 01 2025 20:46:03,  881814 sec) Profile()            Sample 49 initiated at 86.8dbars for bin 53 [85dbars].  PTS/O2,T2,TPhase,RPhase,RawTemp/NO3/pH/FSig,BbSig,TSig/Ocr: 86.8dbars 21.9260C 35.2941PSU / 260.4uM 21.919C 30.822 8.450 78.168 / 0.8uM / -0.834480V /   91  128  545 / 0x801e4cb6 0x80651809 0x80718292 0x800227db
(Dec 01 2025 20:47:37,  881908 sec) Profile()            Sample 50 initiated at 81.7dbars for bin 54 [80dbars].  PTS/O2,T2,TPhase,RPhase,RawTemp/NO3/pH/FSig,BbSig,TSig/Ocr: 81.7dbars 22.0417C 35.2339PSU / 263.5uM 22.031C 30.644 8.454 74.501 / 1.0uM / -0.834321V /   89  135  544 / 0x8028d909 0x8084b32d 0x808f8580 0x8003766d
(Dec 01 2025 20:49:34,  882025 sec) Profile()            Sample 51 initiated at 76.7dbars for bin 55 [75dbars].  PTS/O2,T2,TPhase,RPhase,RawTemp/NO3/pH/FSig,BbSig,TSig/Ocr: 76.7dbars 22.5120C 35.2418PSU / 262.8uM 22.458C 30.502 8.467 60.584 / 0.9uM / -0.833952V /   88  135  544 / 0x803afaf6 0x80b2f924 0x80b921e4 0x8005bc00
(Dec 01 2025 20:55:15,  882366 sec) AscentControlAgent() Bouyancy nudge to 156 (v=0.005dbar/sec).
(Dec 01 2025 20:55:15,  882366 sec) PistonMoveAbsWTO()    151->156 152 153 154 155 156 [25sec, 14.9Volts, 0.175Amps, CPT:1667sec]
(Dec 01 2025 20:56:41,  882452 sec) Profile()            Sample 52 initiated at 72.0dbars for bin 56 [70dbars].  PTS/O2,T2,TPhase,RPhase,RawTemp/NO3/pH/FSig,BbSig,TSig/Ocr: 71.9dbars 22.8820C 35.2986PSU / 264.1uM 22.878C 30.274 8.478 46.895 / 1.1uM / -0.833314V /   83  136  543 / 0x807420c9 0x81739980 0x817c149b 0x800ea8ed
(Dec 01 2025 20:59:32,  882623 sec) Profile()            Sample 53 initiated at 66.8dbars for bin 57 [65dbars].  PTS/O2,T2,TPhase,RPhase,RawTemp/NO3/pH/FSig,BbSig,TSig/Ocr: 66.8dbars 24.1094C 35.4390PSU / 258.0uM 24.007C 30.086 8.480 10.234 / 1.5uM / -0.832098V /   78  138  543 / 0x80ae0b89 0x81d11cf6 0x81b95c40 0x8014e55b
(Dec 01 2025 21:00:16,  882667 sec) AscentControlAgent() Bouyancy nudge to 161 (v=0.026dbar/sec).
(Dec 01 2025 21:00:16,  882667 sec) PistonMoveAbsWTO()    156->161 157 158 159 160 161 [24sec, 14.9Volts, 0.171Amps, CPT:1691sec]
(Dec 01 2025 21:02:47,  882818 sec) Profile()            Sample 54 initiated at 61.9dbars for bin 58 [60dbars].  PTS/O2,T2,TPhase,RPhase,RawTemp/NO3/pH/FSig,BbSig,TSig/Ocr: 61.9dbars 24.6378C 35.4909PSU / 250.0uM 24.622C 30.194 8.494 -9.626 / 1.3uM / -0.831167V /   65  139  541 / 0x810c1049 0x82d0252d 0x82af1c24 0x80290bdb
(Dec 01 2025 21:05:05,  882956 sec) Profile()            Sample 55 initiated at 56.6dbars for bin 59 [55dbars].  PTS/O2,T2,TPhase,RPhase,RawTemp/NO3/pH/FSig,BbSig,TSig/Ocr: 56.6dbars 24.6421C 35.4884PSU / 249.2uM 24.649C 30.217 8.495 -10.477 / 1.3uM / -0.830992V /   62  136  541 / 0x8179ccf6 0x83c623a4 0x83934a09 0x8047055b
(Dec 01 2025 21:05:16,  882967 sec) AscentControlAgent() Bouyancy nudge to 166 (v=0.036dbar/sec).
(Dec 01 2025 21:05:16,  882967 sec) PistonMoveAbsWTO()    161->166 162 163 164 165 166 [25sec, 14.9Volts, 0.181Amps, CPT:1716sec]
(Dec 01 2025 21:06:54,  883065 sec) Profile()            Sample 56 initiated at 51.3dbars for bin 60 [50dbars].  PTS/O2,T2,TPhase,RPhase,RawTemp/NO3/pH/FSig,BbSig,TSig/Ocr: 51.3dbars 24.6410C 35.4870PSU / 249.1uM 24.649C 30.222 8.494 -10.505 / 1.3uM / -0.830910V /   61  137  540 / 0x821311db 0x852e4e00 0x84fceea4 0x8080f689
(Dec 01 2025 21:08:06,  883137 sec) Profile()            Sample 57 initiated at 46.6dbars for bin 61 [45dbars].  PTS/O2,T2,TPhase,RPhase,RawTemp/NO3/pH/FSig,BbSig,TSig/Ocr: 46.5dbars 24.6400C 35.4868PSU / 249.4uM 24.650C 30.210 8.492 -10.536 / 1.3uM / -0.830859V /   62  137  540 / 0x8295eced 0x8617ac80 0x85d8c424 0x80c1e192
(Dec 01 2025 21:09:18,  883209 sec) Profile()            Sample 58 initiated at 41.8dbars for bin 62 [40dbars].  PTS/O2,T2,TPhase,RPhase,RawTemp/NO3/pH/FSig,BbSig,TSig/Ocr: 41.7dbars 24.6403C 35.4865PSU / 249.4uM 24.650C 30.211 8.490 -10.520 / 1.4uM / -0.830761V /   61  139  540 / 0x8326495b 0x872f565b 0x86dc582d 0x81137500
(Dec 01 2025 21:10:41,  883292 sec) Profile()            Sample 59 initiated at 36.5dbars for bin 63 [35dbars].  PTS/O2,T2,TPhase,RPhase,RawTemp/NO3/pH/FSig,BbSig,TSig/Ocr: 36.5dbars 24.6397C 35.4861PSU / 249.5uM 24.650C 30.206 8.490 -10.525 / 1.4uM / -0.830624V /   61  138  539 / 0x831619b6 0x863e259b 0x85d357b6 0x81329e00
(Dec 01 2025 21:11:54,  883365 sec) Profile()            Sample 60 initiated at 31.9dbars for bin 64 [30dbars].  PTS/O2,T2,TPhase,RPhase,RawTemp/NO3/pH/FSig,BbSig,TSig/Ocr: 31.8dbars 24.6396C 35.4858PSU / 249.5uM 24.651C 30.205 8.488 -10.548 / 1.4uM / -0.830534V /   58  139  539 / 0x83f678f6 0x87ca5ea4 0x875309ed 0x81e4da76
(Dec 01 2025 21:13:17,  883448 sec) Profile()            Sample 61 initiated at 26.8dbars for bin 65 [25dbars].  PTS/O2,T2,TPhase,RPhase,RawTemp/NO3/pH/FSig,BbSig,TSig/Ocr: 26.8dbars 24.6389C 35.4869PSU / 249.6uM 24.652C 30.199 8.487 -10.571 / 1.3uM / -0.830561V /   59  144  539 / 0x83faede4 0x874af7c9 0x86d43bc0 0x822e7449
(Dec 01 2025 21:14:41,  883532 sec) Profile()            Sample 62 initiated at 21.5dbars for bin 66 [20dbars].  PTS/O2,T2,TPhase,RPhase,RawTemp/NO3/pH/FSig,BbSig,TSig/Ocr: 21.4dbars 24.6406C 35.4859PSU / 249.7uM 24.653C 30.195 8.487 -10.617 / 1.3uM / -0.830459V /   58  137  539 / 0x844df800 0x873a5a36 0x86b08449 0x82bdeb9b
(Dec 01 2025 21:15:54,  883605 sec) Profile()            Sample 63 initiated at 16.3dbars for bin 67 [15dbars].  PTS/O2,T2,TPhase,RPhase,RawTemp/NO3/pH/FSig,BbSig,TSig/Ocr: 16.3dbars 24.6403C 35.4857PSU / 249.8uM 24.650C 30.191 8.486 -10.539 / 1.4uM / -0.830301V /   59  136  539 / 0x84e14364 0x87aa1a52 0x8703acdb 0x838269c0
(Dec 01 2025 21:16:58,  883669 sec) Profile()            Sample 64 initiated at 12.0dbars for bin 68 [10dbars].  PTS/O2,T2,TPhase,RPhase,RawTemp/NO3/pH/FSig,BbSig,TSig/Ocr: 11.9dbars 24.6380C 35.4863PSU / 250.0uM 24.652C 30.184 8.485 -10.588 / 1.3uM / -0.830209V /   58  136  539 / 0x85c233f6 0x88a5f31b 0x87e7ba80 0x84d02064
(Dec 01 2025 21:18:00,  883731 sec) Profile()            Sample 65 initiated at 7.9dbars for bin 69 [6dbars].  PTS/O2,T2,TPhase,RPhase,RawTemp/NO3/pH/FSig,BbSig,TSig/Ocr: 7.9dbars 24.6398C 35.4859PSU / 250.0uM 24.651C 30.183 8.484 -10.549 / 1.3uM / -0.830020V /   57  135  539 / 0x85f02209 0x88636cdb 0x8797ced2 0x85858789
(Dec 01 2025 21:18:35,  883766 sec) SurfaceDetect()      SurfacePressure:-0.1dbars Pressure:3.8dbars PistonPosition:166
(Dec 01 2025 21:18:35,  883766 sec) Sbe41cpStopCP()      Continuous profile stopped.
(Dec 01 2025 21:18:38,  883769 sec) PistonMoveAbsWTO()    166->188 167 168 169 170 171 172 173 174 175 176 177 178 179 180 181 182 183 184 185 186 187 188 [108sec, 14.9Volts, 0.160Amps, CPT:1824sec]
(Dec 01 2025 21:20:32,  883883 sec) chat()               Expected string [S>] not received.
(Dec 01 2025 21:22:20,  883991 sec) Sbe41cpBinAverage()  Finished averaging 12303 samples in 103 seconds.
(Dec 01 2025 21:22:25,  883996 sec) Sbe41cpUploadCP_()   Sbe41cpSerNo[20478] NSample[12303] NBin[493]
(Dec 01 2025 21:22:56,  884027 sec) Sbe41cpUploadCP_()   Continuous profile uploaded [493 lines].
(Dec 01 2025 21:23:10,  884041 sec) MscErrorLog_()       No error records to log.
(Dec 01 2025 21:23:20,  884051 sec) MscErrorLog_()       No error records to log.

<EOT>
