(Oct 03 2025 10:15:34,   52817 sec) TelemetryInit()      Profile 13. (Apf11 FwRev: 061125)
(Oct 03 2025 10:15:34,   52817 sec) TelemetryInit()      Charge consumption model: OCV:15.2V Wake-Cycles:18669 Standby:11.3days Wake:14.2kC Sensors:1.5kC
(Oct 03 2025 10:20:49,   53132 sec) GetSurfaceObs()      P/O2,T2,TPhase,RPhase,RawTemp/FSig,BbSig,TSig: 0.2dbars / 244.1uM 26.979C 29.554 8.552 -85.023 / 56,138,535
(Oct 03 2025 10:20:49,   53132 sec) GetSurfaceObs()      P/Ocr: 0.2dbars / 0x8005e0db 0x7ffec276 0x80079b52 0x7ffef56d
(Oct 03 2025 10:21:22,   53165 sec) GetSurfaceObs()      P/O2,T2,TPhase,RPhase,RawTemp/FSig,BbSig,TSig: 0.2dbars / 244.0uM 26.981C 29.558 8.550 -85.080 / 57,142,535
(Oct 03 2025 10:21:22,   53165 sec) GetSurfaceObs()      P/Ocr: 0.2dbars / 0x8005c780 0x7ffeb01b 0x80079740 0x7ffefff6
(Oct 03 2025 10:21:55,   53198 sec) GetSurfaceObs()      P/O2,T2,TPhase,RPhase,RawTemp/FSig,BbSig,TSig: 0.3dbars / 243.9uM 26.987C 29.558 8.549 -85.272 / 57,140,535
(Oct 03 2025 10:21:55,   53198 sec) GetSurfaceObs()      P/Ocr: 0.3dbars / 0x8005db5b 0x7ffebc89 0x800790b6 0x7ffef3ad
(Oct 03 2025 10:22:28,   53231 sec) GetSurfaceObs()      P/O2,T2,TPhase,RPhase,RawTemp/FSig,BbSig,TSig: 0.3dbars / 243.3uM 27.061C 29.560 8.548 -87.617 / 56,142,535
(Oct 03 2025 10:22:29,   53232 sec) GetSurfaceObs()      P/Ocr: 0.3dbars / 0x8005d964 0x7ffec8f6 0x800795ed 0x7ffee8ad
(Oct 03 2025 10:25:31,   53414 sec) AirSystem()          Battery [216cnt, 15.2V]  Current [20cnt, 78.8mA]  Pneumometer [156cnt, 18.3psi]  Run-Time [87s]
(Oct 03 2025 10:25:44,   53427 sec) GetSurfaceObs()      P/O2,T2,TPhase,RPhase,RawTemp/FSig,BbSig,TSig: -0.0dbars / 246.2uM 25.957C 29.848 8.550 -52.468 / 56,139,535
(Oct 03 2025 10:25:44,   53427 sec) GetSurfaceObs()      P/Ocr: -0.0dbars / 0x8005df24 0x7ffeb5a4 0x80079952 0x7ffefbdb
(Oct 03 2025 10:26:17,   53460 sec) GetSurfaceObs()      P/O2,T2,TPhase,RPhase,RawTemp/FSig,BbSig,TSig: 0.2dbars / 245.4uM 26.104C 29.828 8.547 -57.178 / 56,139,535
(Oct 03 2025 10:26:17,   53460 sec) GetSurfaceObs()      P/Ocr: 0.2dbars / 0x8005ec24 0x7ffeb364 0x8007a140 0x7ffef5c0
(Oct 03 2025 10:26:50,   53493 sec) GetSurfaceObs()      P/O2,T2,TPhase,RPhase,RawTemp/FSig,BbSig,TSig: -0.1dbars / 240.0uM 26.877C 29.778 8.545 -81.770 / 56,138,535
(Oct 03 2025 10:26:50,   53493 sec) GetSurfaceObs()      P/Ocr: -0.1dbars / 0x8005f11b 0x7ffea876 0x80078876 0x7ffeed40
(Oct 03 2025 10:27:23,   53526 sec) GetSurfaceObs()      P/O2,T2,TPhase,RPhase,RawTemp/FSig,BbSig,TSig: -0.1dbars / 248.0uM 25.762C 29.840 8.545 -46.241 / 57,141,535
(Oct 03 2025 10:27:23,   53526 sec) GetSurfaceObs()      P/Ocr: -0.1dbars / 0x8005ef12 0x7ffeacad 0x800799c0 0x7ffeddad
(Oct 03 2025 10:27:57,   53560 sec) GetSurfaceObs()      P/O2,T2,TPhase,RPhase,RawTemp/FSig,BbSig,TSig: -0.0dbars / 242.2uM 26.550C 29.799 8.544 -71.377 / 56,138,535
(Oct 03 2025 10:27:57,   53560 sec) GetSurfaceObs()      P/Ocr: -0.0dbars / 0x8005ef24 0x7ffeb2b6 0x80079900 0x7ffef909
(Oct 03 2025 10:28:30,   53593 sec) GetSurfaceObs()      P/O2,T2,TPhase,RPhase,RawTemp/FSig,BbSig,TSig: 0.1dbars / 243.7uM 26.339C 29.815 8.543 -64.668 / 57,138,534
(Oct 03 2025 10:28:30,   53593 sec) GetSurfaceObs()      P/Ocr: 0.1dbars / 0x8005e76d 0x7ffeade4 0x8007ae49 0x7ffef340
(Oct 03 2025 10:29:03,   53626 sec) GetSurfaceObs()      P/O2,T2,TPhase,RPhase,RawTemp/FSig,BbSig,TSig: -0.0dbars / 245.9uM 26.049C 29.826 8.540 -55.421 / 55,137,535
(Oct 03 2025 10:29:03,   53626 sec) GetSurfaceObs()      P/Ocr: -0.0dbars / 0x8005df49 0x7ffea876 0x8007abc0 0x7ffefe49
(Oct 03 2025 10:29:36,   53659 sec) GetSurfaceObs()      P/O2,T2,TPhase,RPhase,RawTemp/FSig,BbSig,TSig: 0.1dbars / 245.6uM 26.057C 29.836 8.543 -55.660 / 55,139,534
(Oct 03 2025 10:29:36,   53659 sec) GetSurfaceObs()      P/Ocr: 0.1dbars / 0x8005f212 0x7ffeaf6d 0x8007a612 0x7ffef652
(Oct 03 2025 10:29:54,   53677 sec) AirSystem()          Battery [217cnt, 15.2V]  Current [20cnt, 78.5mA]  Pneumometer [158cnt, 18.6psi]  Run-Time [9s]
(Oct 03 2025 10:30:28,   53711 sec) GetSurfaceObs()      P/O2,T2,TPhase,RPhase,RawTemp/FSig,BbSig,TSig: -0.1dbars / 246.0uM 26.027C 29.831 8.542 -54.698 / 57,139,534
(Oct 03 2025 10:30:28,   53711 sec) GetSurfaceObs()      P/Ocr: -0.1dbars / 0x8005e8e4 0x7ffeb880 0x80079936 0x7ffeec76
(Oct 03 2025 10:30:30,   53713 sec) GpsServices()        GPS almanac is current.
(Oct 03 2025 10:30:30,   53713 sec) GpsServices()        Initiating GPS fix acquisition.
(Oct 03 2025 10:30:35,   53718 sec) gga()                $GPGGA,103100,2737.3743,N,15755.8320,W,0,00,,,M,,M,,*44
(Oct 03 2025 10:30:44,   53727 sec) gga()                $GPGGA,103110,2737.3743,N,15755.8320,W,0,00,,,M,,M,,*45
(Oct 03 2025 10:30:54,   53737 sec) gga()                $GPGGA,103120,2737.3743,N,15755.8320,W,0,00,,,M,,M,,*46
(Oct 03 2025 10:31:04,   53747 sec) gga()                $GPGGA,103130,2737.3743,N,15755.8320,W,0,00,,,M,,M,,*47
(Oct 03 2025 10:31:05,   53748 sec) gga()                $GPGGA,103130,2737.3743,N,15755.8320,W,0,00,,,M,,M,,*47
(Oct 03 2025 10:31:14,   53757 sec) gga()                $GPGGA,103140,2737.3743,N,15755.8320,W,0,00,,,M,,M,,*40
(Oct 03 2025 10:31:24,   53767 sec) gga()                $GPGGA,103150,2737.3743,N,15755.8320,W,0,00,,,M,,M,,*41
(Oct 03 2025 10:31:35,   53778 sec) gga()                $GPGGA,103200,2737.5476,N,15755.7130,W,1,08,0.9,1.7,M,-5.8,M,,*40
(Oct 03 2025 10:31:35,   53778 sec) GpsServices()        Profile 13 GPS fix obtained in 65 seconds.
(Oct 03 2025 10:31:35,   53778 sec) GpsServices()                   lon      lat mm/dd/yyyy hhmmss nsat
(Oct 03 2025 10:31:35,   53778 sec) GpsServices()        Fix: -157.9285  27.6258 10/03/2025 103200    8
(Oct 03 2025 10:31:45,   53788 sec) gga()                $GPGGA,103210,2737.5472,N,15755.7126,W,1,08,0.9,1.7,M,-5.8,M,,*42
(Oct 03 2025 10:31:54,   53797 sec) gga()                $GPGGA,103220,2737.5470,N,15755.7119,W,1,08,0.9,1.1,M,-5.8,M,,*49
(Oct 03 2025 10:31:54,   53797 sec) GpsServices()        APF11 RTC skew (-26s) OK.
(Oct 03 2025 10:31:54,   53797 sec) GpsServices()        GPS services complete.
(Oct 03 2025 10:32:22,   53825 sec) IrGeoLoc()           <x,y,z>=<-5244km,-2116km,2932km> lat=27.564 lon=-158.025 IrSysTime=0xee29dfeb
(Oct 03 2025 10:32:25,   53828 sec) CLogin()             Connecting to primary host.
(Oct 03 2025 10:33:28,   53891 sec) chat()               Expected string [CONNECT] not received.
(Oct 03 2025 10:33:28,   53891 sec) modem_connect()      Modem command [AT+CBST=71,0,1;DT00881600005496] failed.
(Oct 03 2025 10:33:28,   53891 sec) connect()            Connection attempt failed.
(Oct 03 2025 10:33:37,   53900 sec) CLogin()             Connection 1 established in 72 seconds.
(Oct 03 2025 10:33:54,   53917 sec) login()              Login successful.
(Oct 03 2025 10:34:01,   53924 sec) CLogin()             Logged in to host.  [Login required 24 seconds]
(Oct 03 2025 10:34:06,   53929 sec) RxConfig()           Downloading "mission.cfg" from host.
(Oct 03 2025 10:34:18,   53941 sec) RxConfig()           Download successful: [bytes:83, sec:10.3, bps:8]
(Oct 03 2025 10:34:22,   53945 sec) WriteVitals_()       Writing vitals to "23808.013.msg".
(Oct 03 2025 10:34:29,   53952 sec) UpLoadFile()         Uploading "23808.013.log" to host.
(Oct 03 2025 10:37:26,   54129 sec) UpLoadFile()         Upload successful: [bytes:43199, sec:176.2, bps:245]
(Oct 03 2025 10:37:27,   54130 sec) fmove()              Moved: 23808.013.log -> archive/23808.013.log
(Oct 03 2025 10:37:30,   54133 sec) UpLoadFile()         Uploading "23808.013.msg" to host.
(Oct 03 2025 10:39:15,   54238 sec) UpLoadFile()         Upload successful: [bytes:22180, sec:104.2, bps:213]
(Oct 03 2025 10:39:16,   54239 sec) fmove()              Moved: 23808.013.msg -> archive/23808.013.msg
(Oct 03 2025 10:39:23,   54246 sec) UpLoadFile()         Uploading "23808.013.isus" to host.
(Oct 03 2025 10:40:48,   54331 sec) UpLoadFile()         Upload successful: [bytes:24398, sec:85.0, bps:287]
(Oct 03 2025 10:40:49,   54332 sec) fmove()              Moved: 23808.013.isus -> archive/23808.013.isus
(Oct 03 2025 10:40:53,   54336 sec) UpLoadFile()         Uploading "23808.013.dura" to host.
(Oct 03 2025 10:41:43,   54386 sec) UpLoadFile()         Upload successful: [bytes:11975, sec:49.7, bps:241]
(Oct 03 2025 10:41:44,   54387 sec) fmove()              Moved: 23808.013.dura -> archive/23808.013.dura
(Oct 03 2025 10:41:45,   54388 sec) UpLoad()             Files successfully uploaded: 4
(Oct 03 2025 10:41:45,   54388 sec) UpLoad()             Upload complete.
(Oct 03 2025 10:41:51,   54394 sec) logout()             Log-out successful.
(Oct 03 2025 10:41:52,   54395 sec) Telemetry()          Telemetry cycle complete: PrfId=13 ConnectionAttempts=2  Connections=1
(Oct 03 2025 10:41:52,   54395 sec) TelemetryTerminate() Parsing new mission configuration.
(Oct 03 2025 10:41:53,   54396 sec) configure()          Parsing configurators in "mission.cfg".
(Oct 03 2025 10:41:53,   54396 sec) configure()             TelemetryRetry(15)      [0x7BBC] [TelemetryRetry(15)].
(Oct 03 2025 10:41:54,   54397 sec) configure()             DeepProfilePistonPos(9) [CRC=0xFF37] [DeepProfilePistonPos(9)].
(Oct 03 2025 10:41:54,   54397 sec) configure()             DeepProfilePressure(2025) [CRC=0x5FF2] [ProfilePressure(2025)].
(Oct 03 2025 10:41:54,   54397 sec) configure()          Configuration CRCs and syntax OK.
(Oct 03 2025 10:41:54,   54397 sec) ConfigSupervisor()   Sanity check violated: cfg->TimeDeepProfileDescent >= (cfg->PressureProfile-cfg->PressurePark)/dPdt
(Oct 03 2025 10:41:54,   54397 sec) ConfigSupervisor()   Configuration accepted.
(Oct 03 2025 10:41:54,   54397 sec) TelemetryTerminate() Reconditioning the file system.
(Oct 03 2025 10:41:57,       0 sec) DescentInit()        Deep profile 14 initiated at mission-time 54400sec.
(Oct 03 2025 10:41:58,       1 sec) DescentInit()        Surface pressure: -0.1dbars.
(Oct 03 2025 10:41:58,       1 sec) DescentInit()        Charge consumption model: OCV:15.0V Wake-Cycles:18670 Standby:11.3days Wake:14.2kC Sleep:1.5kC
(Oct 03 2025 10:42:10,      13 sec) DescentInit()        Pneumatic humidity: 2897(60.4%) -> 2901(60.5%)
(Oct 03 2025 10:42:10,      13 sec) PistonMoveAbsWTO()    203->069 202 201 200 199 198 197 196 195 194 193 192 191 190 189 188 187 186 185 184 183 182 181 180 179 178 177 176 175 174 173 172 171 170 169 168 167 166 165 164 163 162 161 160 159 158 157 156 155 154 153 152 151 150 149 148 147 146 145 144 143 142 141 140 139 138 137 136 135 134 133 132 131 130 129 128 127 126 125 124 123 122 121 120 119 118 117 116 115 114 113 112 111 110 109 108 107 106 105 104 103 102 101 100 099 098 097 096 095 094 093 092 091 090 089 088 087 086 085 084 083 082 081 080 079 078 077 076 075 074 073 072 071 070 069 [657sec, 15.0Volts, 0.127Amps, CPT:657sec]
(Oct 03 2025 10:53:12,     675 sec) DescentInit()        Air solenoid open: Barometer [209cnt,  12.2psi]  Pneumometer [107cnt,  12.5psi]
(Oct 03 2025 10:53:22,     685 sec) Descent()            Pressure: 62.6
(Oct 03 2025 11:41:57,    3600 sec) Descent()            Pressure: 451.0
(Oct 03 2025 12:41:57,    7200 sec) Descent()            Pressure: 724.1
(Oct 03 2025 13:41:57,   10800 sec) Descent()            Pressure: 789.4
(Oct 03 2025 14:41:57,   14400 sec) Descent()            Pressure: 795.2
(Oct 03 2025 14:41:58,   14401 sec) ParkInit()           Charge consumption model: OCV:15.5V Wake-Cycles:18675 Standby:11.5days Wake:14.5kC Sensors:1.5kC
(Oct 03 2025 17:42:29,   25232 sec) CtdPower()           [  801.06,  4.5020, 34.2236]
(Oct 03 2025 17:42:29,   25232 sec) CtdPower()           CTD Power consumption [219VCnt 3ACnt]: 15.403Volts * 0.012Amps = 0.18Watts.
(Oct 03 2025 17:42:35,   25238 sec) ParkTerminate()      Piston Position:69 Vacuum:191 HumidityAd12:4094(inf%) Vq:220 Aq:2 Vsbe:219 Asbe:3 Vflbb:217 Aflbb:11 Vopt:217 Aopt:13 Vocr:217 Aocr:7 MuxTemp:4.579C MuxHumidity:6.6%
(Oct 03 2025 17:43:05,   25268 sec) ParkTerminate()      PTS/O2,T2,TPhase,RawTemp: 801.0dbars 4.5018C 34.2233PSU / 36.0uM 4.495C 56.984 8.141 642.317
(Oct 03 2025 17:43:05,   25268 sec) ParkTerminate()      FLBB FSig, BbSig, TSig: 56, 113, 571 / Ocr: nan nan nan nan
(Oct 03 2025 17:43:06,   25269 sec) GoDeepInit()         Charge consumption model: OCV:15.4V Wake-Cycles:18678 Standby:11.6days Wake:14.5kC Sensors:1.5kC
(Oct 03 2025 17:43:06,   25269 sec) GoDeepInit()         Moving piston.
(Oct 03 2025 17:43:06,   25269 sec) PistonMoveAbsWTO()    069->009 068 067 066 065 064 063 062 061 060 059 058 057 056 055 054 053 052 051 050 049 048 047 046 045 044 043 042 041 040 039 038 037 036 035 034 033 032 031 030 029 028 027 026 025 024 023 022 021 020 019 018 017 016 015 014 013 012 011 010 009 [296sec, 14.9Volts, 0.065Amps, CPT:953sec]
(Oct 03 2025 19:41:57,   32400 sec) ProfileInit()        Charge consumption model: OCV:15.5V Wake-Cycles:18701 Standby:11.7days Wake:14.5kC Sensors:1.5kC
(Oct 03 2025 19:41:57,   32400 sec) ProfileInit()        PrfId:014  Pressure:1536.9dbar  pTable[5]:1500dbar
(Oct 03 2025 19:41:59,   32402 sec) ProfileInit()        Muxer PPIs K{1,2} quiescent: 15.41V, 0.3mA, 4.6mW
(Oct 03 2025 19:42:03,   32406 sec) ProfileInit()        ISUS powered up.
(Oct 03 2025 19:42:06,   32409 sec) ProfileInit()        Muxer PPIs K{1,2} w/ ISUS awake: 15.23V, 54.4mA, 828.6mW
(Oct 03 2025 19:42:13,   32416 sec) MscErrorLog_()       No error records to log.
(Oct 03 2025 19:42:20,   32423 sec) ProfileInit()        DURA powered up.
(Oct 03 2025 19:42:23,   32426 sec) ProfileInit()        Muxer PPIs K{1,2} w/ DURA awake: 15.21V, 47.9mA, 728.5mW
(Oct 03 2025 19:42:29,   32432 sec) MscErrorLog_()       No error records to log.
(Oct 03 2025 19:42:34,   32437 sec) PistonMoveAbsWTO()    009->031 010 011 012 013 014 015 [30sec, 14.6Volts, 0.513Amps, CPT:983sec]
(Oct 03 2025 19:43:15,   32478 sec) PistonMoveAbsWTO()    015->031 016 017 018 019 020 [30sec, 14.4Volts, 0.511Amps, CPT:1013sec]
(Oct 03 2025 19:43:56,   32519 sec) PistonMoveAbsWTO()    020->031 021 022 023 024 025 [30sec, 14.3Volts, 0.503Amps, CPT:1043sec]
(Oct 03 2025 19:44:37,   32560 sec) PistonMoveAbsWTO()    025->031 026 027 028 029 030 [30sec, 14.2Volts, 0.506Amps, CPT:1073sec]
(Oct 03 2025 19:45:18,   32601 sec) PistonMoveAbsWTO()    030->031 031 [1sec, 14.3Volts, 0.515Amps, CPT:1074sec]
(Oct 03 2025 19:52:19,   33022 sec) Profile()            Sample 0 initiated at 1501.6dbars for bin 5 [1500dbars].  PTS/O2,T2,TPhase,RPhase,RawTemp/NO3/pH/FSig,BbSig,TSig/Ocr: 1499.6dbars 2.8061C 34.5500PSU / 72.9uM 2.800C 53.252 8.124 693.965 / 41.8uM / -0.884456V /   55  111  573 / nan nan nan nan
(Oct 03 2025 19:57:07,   33310 sec) AscentControlAgent() Bouyancy nudge to 41 (v=0.073dbar/sec).
(Oct 03 2025 19:57:07,   33310 sec) PistonMoveAbsWTO()    031->041 032 033 034 035 036 [30sec, 14.5Volts, 0.501Amps, CPT:1104sec]
(Oct 03 2025 19:57:48,   33351 sec) PistonMoveAbsWTO()    036->041 037 038 039 040 041 [25sec, 14.4Volts, 0.492Amps, CPT:1129sec]
(Oct 03 2025 20:09:28,   34051 sec) Profile()            Sample 1 initiated at 1401.7dbars for bin 6 [1400dbars].  PTS/O2,T2,TPhase,RPhase,RawTemp/NO3/pH/FSig,BbSig,TSig/Ocr: 1399.8dbars 3.0037C 34.5315PSU / 67.3uM 2.997C 53.765 8.137 688.018 / 42.4uM / -0.884481V /   54  112  573 / nan nan nan nan
(Oct 03 2025 20:15:00,   34383 sec) PistonMoveAbsWTO()    040->041 041 [1sec, 14.7Volts, 0.521Amps, CPT:1130sec]
(Oct 03 2025 20:22:45,   34848 sec) AscentControlAgent() Bouyancy nudge to 51 (v=0.079dbar/sec).
(Oct 03 2025 20:22:45,   34848 sec) PistonMoveAbsWTO()    041->051 042 043 044 045 046 [30sec, 14.6Volts, 0.464Amps, CPT:1160sec]
(Oct 03 2025 20:23:26,   34889 sec) PistonMoveAbsWTO()    046->051 047 048 049 050 051 [25sec, 14.4Volts, 0.460Amps, CPT:1185sec]
(Oct 03 2025 20:28:39,   35202 sec) Profile()            Sample 2 initiated at 1301.4dbars for bin 7 [1300dbars].  PTS/O2,T2,TPhase,RPhase,RawTemp/NO3/pH/FSig,BbSig,TSig/Ocr: 1299.2dbars 3.2597C 34.5105PSU / 61.6uM 3.252C 54.291 8.140 680.288 / 42.5uM / -0.884314V /   55  113  573 / nan nan nan nan
(Oct 03 2025 20:46:44,   36287 sec) Profile()            Sample 3 initiated at 1201.7dbars for bin 8 [1200dbars].  PTS/O2,T2,TPhase,RPhase,RawTemp/NO3/pH/FSig,BbSig,TSig/Ocr: 1200.1dbars 3.4587C 34.4858PSU / 55.6uM 3.452C 54.894 8.144 674.217 / 42.8uM / -0.884126V /   55  114  572 / nan nan nan nan
(Oct 03 2025 20:49:09,   36432 sec) AscentControlAgent() Bouyancy nudge to 61 (v=0.079dbar/sec).
(Oct 03 2025 20:49:09,   36432 sec) PistonMoveAbsWTO()    051->061 052 053 054 055 056 [30sec, 14.6Volts, 0.440Amps, CPT:1215sec]
(Oct 03 2025 20:49:50,   36473 sec) PistonMoveAbsWTO()    056->061 057 058 059 060 061 [24sec, 14.5Volts, 0.435Amps, CPT:1239sec]
(Oct 03 2025 21:04:03,   37326 sec) Profile()            Sample 4 initiated at 1101.7dbars for bin 9 [1100dbars].  PTS/O2,T2,TPhase,RPhase,RawTemp/NO3/pH/FSig,BbSig,TSig/Ocr: 1099.7dbars 3.6684C 34.4504PSU / 46.9uM 3.660C 55.850 8.148 667.860 / 43.1uM / -0.884214V /   55  114  572 / nan nan nan nan
(Oct 03 2025 21:19:54,   38277 sec) AscentControlAgent() Bouyancy nudge to 71 (v=0.072dbar/sec).
(Oct 03 2025 21:19:54,   38277 sec) PistonMoveAbsWTO()    061->071 062 063 064 065 066 [30sec, 14.7Volts, 0.398Amps, CPT:1269sec]
(Oct 03 2025 21:20:35,   38318 sec) PistonMoveAbsWTO()    066->071 067 068 069 070 071 [24sec, 14.6Volts, 0.386Amps, CPT:1293sec]
(Oct 03 2025 21:24:08,   38531 sec) Profile()            Sample 5 initiated at 1001.1dbars for bin 10 [1000dbars].  PTS/O2,T2,TPhase,RPhase,RawTemp/NO3/pH/FSig,BbSig,TSig/Ocr: 998.9dbars 3.9135C 34.4053PSU / 38.7uM 3.906C 56.789 8.152 660.377 / 43.4uM / -0.884161V /   55  113  572 / nan nan nan nan
(Oct 03 2025 21:27:19,   38722 sec) Sbe41cpStartCP()     Continuous profile started.
(Oct 03 2025 21:32:12,   39015 sec) Profile()            Sample 6 initiated at 951.1dbars for bin 11 [950dbars].  PTS/O2,T2,TPhase,RPhase,RawTemp/NO3/pH/FSig,BbSig,TSig/Ocr: 951.0dbars 3.9588C 34.3694PSU / 33.2uM 3.952C 57.482 8.154 658.946 / 43.6uM / -0.884527V /   55  119  572 / nan nan nan nan
(Oct 03 2025 21:42:01,   39604 sec) Profile()            Sample 7 initiated at 901.3dbars for bin 12 [900dbars].  PTS/O2,T2,TPhase,RPhase,RawTemp/NO3/pH/FSig,BbSig,TSig/Ocr: 901.3dbars 4.0903C 34.3294PSU / 29.8uM 4.082C 57.899 8.157 654.974 / 43.7uM / -0.884514V /   55  114  571 / nan nan nan nan
(Oct 03 2025 21:45:10,   39793 sec) AscentControlAgent() Bouyancy nudge to 81 (v=0.071dbar/sec).
(Oct 03 2025 21:45:10,   39793 sec) PistonMoveAbsWTO()    071->081 072 073 074 075 076 [30sec, 14.5Volts, 0.365Amps, CPT:1323sec]
(Oct 03 2025 21:45:51,   39834 sec) PistonMoveAbsWTO()    076->081 077 078 079 080 081 [24sec, 14.4Volts, 0.369Amps, CPT:1347sec]
(Oct 03 2025 21:52:01,   40204 sec) Profile()            Sample 8 initiated at 851.2dbars for bin 13 [850dbars].  PTS/O2,T2,TPhase,RPhase,RawTemp/NO3/pH/FSig,BbSig,TSig/Ocr: 851.1dbars 4.2603C 34.2864PSU / 29.5uM 4.252C 57.903 8.159 649.789 / 43.5uM / -0.884213V /   55  114  571 / nan nan nan nan
(Oct 03 2025 22:02:01,   40804 sec) Profile()            Sample 9 initiated at 801.5dbars for bin 14 [800dbars].  PTS/O2,T2,TPhase,RPhase,RawTemp/NO3/pH/FSig,BbSig,TSig/Ocr: 801.4dbars 4.4519C 34.2322PSU / 32.6uM 4.445C 57.443 8.162 643.846 / 43.1uM / -0.883636V /   54  117  571 / nan nan nan nan
(Oct 03 2025 22:05:32,   41015 sec) AscentControlAgent() Bouyancy nudge to 91 (v=0.073dbar/sec).
(Oct 03 2025 22:05:32,   41015 sec) PistonMoveAbsWTO()    081->091 082 083 084 085 086 [30sec, 14.6Volts, 0.338Amps, CPT:1377sec]
(Oct 03 2025 22:06:13,   41056 sec) PistonMoveAbsWTO()    086->091 087 088 089 090 091 [24sec, 14.5Volts, 0.332Amps, CPT:1401sec]
(Oct 03 2025 22:12:01,   41404 sec) Profile()            Sample 10 initiated at 752.0dbars for bin 15 [750dbars].  PTS/O2,T2,TPhase,RPhase,RawTemp/NO3/pH/FSig,BbSig,TSig/Ocr: 751.9dbars 4.7152C 34.1793PSU / 39.4uM 4.707C 56.476 8.168 635.781 / 42.1uM / -0.882585V /   55  116  571 / nan nan nan nan
(Oct 03 2025 22:20:52,   41935 sec) AscentControlAgent() Bouyancy nudge to 101 (v=0.078dbar/sec).
(Oct 03 2025 22:20:52,   41935 sec) PistonMoveAbsWTO()    091->101 092 093 094 095 096 [30sec, 14.6Volts, 0.324Amps, CPT:1431sec]
(Oct 03 2025 22:21:33,   41976 sec) PistonMoveAbsWTO()    096->101 097 098 099 100 101 [23sec, 14.5Volts, 0.320Amps, CPT:1454sec]
(Oct 03 2025 22:22:43,   42046 sec) Profile()            Sample 11 initiated at 699.3dbars for bin 16 [700dbars].  PTS/O2,T2,TPhase,RPhase,RawTemp/NO3/pH/FSig,BbSig,TSig/Ocr: 699.2dbars 5.1476C 34.1118PSU / 59.2uM 5.139C 53.920 8.175 622.461 / 40.1uM / -0.880282V /   55  121  570 / nan nan nan nan
(Oct 03 2025 22:30:30,   42513 sec) Profile()            Sample 12 initiated at 651.7dbars for bin 17 [650dbars].  PTS/O2,T2,TPhase,RPhase,RawTemp/NO3/pH/FSig,BbSig,TSig/Ocr: 651.5dbars 5.5241C 34.0710PSU / 78.4uM 5.519C 51.638 8.183 610.679 / 38.1uM / -0.877684V /   55  117  570 / nan nan nan nan
(Oct 03 2025 22:40:08,   43091 sec) Profile()            Sample 13 initiated at 601.4dbars for bin 18 [600dbars].  PTS/O2,T2,TPhase,RPhase,RawTemp/NO3/pH/FSig,BbSig,TSig/Ocr: 601.3dbars 6.1760C 34.0121PSU / 113.6uM 6.164C 47.939 8.197 590.576 / 34.6uM / -0.873482V /   52  118  569 / nan nan nan nan
(Oct 03 2025 22:41:05,   43148 sec) AscentControlAgent() Bouyancy nudge to 111 (v=0.079dbar/sec).
(Oct 03 2025 22:41:05,   43148 sec) PistonMoveAbsWTO()    101->111 102 103 104 105 106 [30sec, 14.6Volts, 0.292Amps, CPT:1484sec]
(Oct 03 2025 22:41:46,   43189 sec) PistonMoveAbsWTO()    106->111 107 108 109 110 111 [23sec, 14.5Volts, 0.298Amps, CPT:1507sec]
(Oct 03 2025 22:48:38,   43601 sec) Profile()            Sample 14 initiated at 551.7dbars for bin 19 [550dbars].  PTS/O2,T2,TPhase,RPhase,RawTemp/NO3/pH/FSig,BbSig,TSig/Ocr: 551.6dbars 6.6842C 34.0023PSU / 136.9uM 6.684C 45.728 8.212 574.312 / 31.9uM / -0.870308V /   53  117  568 / nan nan nan nan
(Oct 03 2025 22:57:10,   44113 sec) Profile()            Sample 15 initiated at 501.9dbars for bin 20 [500dbars].  PTS/O2,T2,TPhase,RPhase,RawTemp/NO3/pH/FSig,BbSig,TSig/Ocr: 501.8dbars 7.5455C 34.0049PSU / 167.6uM 7.535C 43.002 8.234 547.504 / 27.9uM / -0.865706V /   53  120  567 / nan nan nan nan
(Oct 03 2025 23:06:33,   44676 sec) AscentControlAgent() Bouyancy nudge to 121 (v=0.070dbar/sec).
(Oct 03 2025 23:06:34,   44677 sec) PistonMoveAbsWTO()    111->121 112 113 114 115 116 [30sec, 14.7Volts, 0.267Amps, CPT:1537sec]
(Oct 03 2025 23:07:15,   44718 sec) PistonMoveAbsWTO()    116->121 117 118 119 120 121 [21sec, 14.6Volts, 0.267Amps, CPT:1558sec]
(Oct 03 2025 23:08:27,   44790 sec) Profile()            Sample 16 initiated at 450.4dbars for bin 21 [450dbars].  PTS/O2,T2,TPhase,RPhase,RawTemp/NO3/pH/FSig,BbSig,TSig/Ocr: 450.3dbars 8.8512C 34.0407PSU / 214.6uM 8.842C 39.358 8.257 505.979 / 21.7uM / -0.859010V /   51  119  565 / 0x8006b1c0 0x800026ad 0x80088cc0 0x7fffe580
(Oct 03 2025 23:18:08,   45371 sec) Profile()            Sample 17 initiated at 401.2dbars for bin 22 [400dbars].  PTS/O2,T2,TPhase,RPhase,RawTemp/NO3/pH/FSig,BbSig,TSig/Ocr: 401.1dbars 9.9723C 34.1051PSU / 236.2uM 9.965C 37.599 8.283 469.980 / 17.9uM / -0.854998V /   50  117  564 / 0x80068e36 0x80000564 0x80089eed 0x7fffe789
(Oct 03 2025 23:22:06,   45609 sec) Profile()            Sample 18 initiated at 381.9dbars for bin 23 [380dbars].  PTS/O2,T2,TPhase,RPhase,RawTemp/NO3/pH/FSig,BbSig,TSig/Ocr: 381.8dbars 10.4554C 34.1330PSU / 241.7uM 10.449C 37.064 8.292 454.366 / 16.4uM / -0.853612V /   50  119  563 / 0x800691c0 0x7fffec80 0x80089349 0x7fffd900
(Oct 03 2025 23:26:16,   45859 sec) Profile()            Sample 19 initiated at 362.0dbars for bin 24 [360dbars].  PTS/O2,T2,TPhase,RPhase,RawTemp/NO3/pH/FSig,BbSig,TSig/Ocr: 361.9dbars 10.9039C 34.1601PSU / 244.9uM 10.903C 36.674 8.302 439.704 / 15.4uM / -0.852488V /   50  118  562 / 0x8006aa9b 0x7fffdeb6 0x80088552 0x7fffc8db
(Oct 03 2025 23:27:12,   45915 sec) AscentControlAgent() Bouyancy nudge to 131 (v=0.079dbar/sec).
(Oct 03 2025 23:27:13,   45916 sec) PistonMoveAbsWTO()    121->131 122 123 124 125 126 [30sec, 14.7Volts, 0.242Amps, CPT:1588sec]
(Oct 03 2025 23:28:33,   45996 sec) Profile()            Sample 20 initiated at 351.0dbars for bin 25 [350dbars].  PTS/O2,T2,TPhase,RPhase,RawTemp/NO3/pH/FSig,BbSig,TSig/Ocr: 350.9dbars 11.0578C 34.1660PSU / 245.1uM 11.057C 36.585 8.306 434.726 / 15.1uM / -0.852133V /   52  123  562 / 0x80069b12 0x7ffff1db 0x80088549 0x7fffd376
(Oct 03 2025 23:28:34,   45997 sec) PistonMoveAbsWTO()    126->131 127 128 129 130 131 [21sec, 14.6Volts, 0.244Amps, CPT:1609sec]
(Oct 03 2025 23:30:08,   46091 sec) Profile()            Sample 21 initiated at 341.6dbars for bin 26 [340dbars].  PTS/O2,T2,TPhase,RPhase,RawTemp/NO3/pH/FSig,BbSig,TSig/Ocr: 341.5dbars 11.2927C 34.1821PSU / 245.5uM 11.288C 36.443 8.311 427.224 / 14.6uM / -0.851612V /   51  119  561 / 0x80069124 0x7fffd36d 0x80088164 0x7fffd876
(Oct 03 2025 23:31:43,   46186 sec) Profile()            Sample 22 initiated at 331.9dbars for bin 27 [330dbars].  PTS/O2,T2,TPhase,RPhase,RawTemp/NO3/pH/FSig,BbSig,TSig/Ocr: 331.8dbars 11.6497C 34.2067PSU / 245.1uM 11.650C 36.280 8.322 415.472 / 13.6uM / -0.850718V /   50  116  561 / 0x80068f89 0x7fffd1d2 0x80087c52 0x7fffca5b
(Oct 03 2025 23:33:30,   46293 sec) Profile()            Sample 23 initiated at 321.4dbars for bin 28 [320dbars].  PTS/O2,T2,TPhase,RPhase,RawTemp/NO3/pH/FSig,BbSig,TSig/Ocr: 321.3dbars 11.9316C 34.2243PSU / 246.0uM 11.928C 36.096 8.333 406.431 / 13.2uM / -0.850327V /   50  119  560 / 0x80068776 0x7fffebad 0x80087cc9 0x7fffc240
(Oct 03 2025 23:35:16,   46399 sec) Profile()            Sample 24 initiated at 311.6dbars for bin 29 [310dbars].  PTS/O2,T2,TPhase,RPhase,RawTemp/NO3/pH/FSig,BbSig,TSig/Ocr: 311.5dbars 12.3352C 34.2530PSU / 248.3uM 12.328C 35.782 8.339 393.404 / 12.3uM / -0.849399V /   50  119  560 / 0x800687ad 0x7fffe0db 0x80088ab6 0x7fffc86d
(Oct 03 2025 23:37:02,   46505 sec) Profile()            Sample 25 initiated at 302.0dbars for bin 30 [300dbars].  PTS/O2,T2,TPhase,RPhase,RawTemp/NO3/pH/FSig,BbSig,TSig/Ocr: 301.9dbars 12.5907C 34.2785PSU / 249.5uM 12.591C 35.589 8.345 384.848 / 11.6uM / -0.848582V /   50  117  560 / 0x80066cad 0x7fffe909 0x8008c680 0x7fffbc76
(Oct 03 2025 23:39:00,   46623 sec) Profile()            Sample 26 initiated at 291.5dbars for bin 31 [290dbars].  PTS/O2,T2,TPhase,RPhase,RawTemp/NO3/pH/FSig,BbSig,TSig/Ocr: 291.4dbars 12.8777C 34.2979PSU / 252.5uM 12.873C 35.305 8.350 375.633 / 10.9uM / -0.847838V /   50  117  559 / 0x80067989 0x7fffd240 0x800893f6 0x7fffb689
(Oct 03 2025 23:40:57,   46740 sec) Profile()            Sample 27 initiated at 281.5dbars for bin 32 [280dbars].  PTS/O2,T2,TPhase,RPhase,RawTemp/NO3/pH/FSig,BbSig,TSig/Ocr: 281.4dbars 13.3069C 34.3310PSU / 255.3uM 13.305C 34.958 8.355 361.510 / 9.9uM / -0.846985V /   50  119  559 / 0x80067a80 0x7fffde49 0x80087f6d 0x7fffb9c9
(Oct 03 2025 23:42:54,   46857 sec) Profile()            Sample 28 initiated at 271.8dbars for bin 33 [270dbars].  PTS/O2,T2,TPhase,RPhase,RawTemp/NO3/pH/FSig,BbSig,TSig/Ocr: 271.7dbars 13.4087C 34.3383PSU / 255.9uM 13.409C 34.880 8.360 358.114 / 9.7uM / -0.846674V /   50  119  558 / 0x8006859b 0x7fffd8c0 0x8008755b 0x7fffadd2
(Oct 03 2025 23:45:03,   46986 sec) Profile()            Sample 29 initiated at 261.4dbars for bin 34 [260dbars].  PTS/O2,T2,TPhase,RPhase,RawTemp/NO3/pH/FSig,BbSig,TSig/Ocr: 261.3dbars 13.6569C 34.3516PSU / 254.8uM 13.653C 34.810 8.363 350.107 / 9.5uM / -0.846315V /   50  119  558 / 0x800671c9 0x7fffe15b 0x80088800 0x7fffb109
(Oct 03 2025 23:47:11,   47114 sec) Profile()            Sample 30 initiated at 251.6dbars for bin 35 [250dbars].  PTS/O2,T2,TPhase,RPhase,RawTemp/NO3/pH/FSig,BbSig,TSig/Ocr: 251.5dbars 13.8231C 34.3663PSU / 255.1uM 13.824C 34.713 8.367 344.499 / 9.0uM / -0.845875V /   50  121  557 / 0x800687c0 0x7fffdcf6 0x8008a3c0 0x7fffa6c0
(Oct 03 2025 23:47:56,   47159 sec) AscentControlAgent() Bouyancy nudge to 141 (v=0.076dbar/sec).
(Oct 03 2025 23:47:56,   47159 sec) PistonMoveAbsWTO()    131->141 132 133 134 135 136 [30sec, 14.7Volts, 0.222Amps, CPT:1639sec]
(Oct 03 2025 23:48:37,   47200 sec) PistonMoveAbsWTO()    136->141 137 138 139 140 141 [22sec, 14.7Volts, 0.210Amps, CPT:1661sec]
(Oct 03 2025 23:49:49,   47272 sec) Profile()            Sample 31 initiated at 239.6dbars for bin 36 [240dbars].  PTS/O2,T2,TPhase,RPhase,RawTemp/NO3/pH/FSig,BbSig,TSig/Ocr: 239.5dbars 14.0706C 34.3827PSU / 254.9uM 14.071C 34.603 8.371 336.409 / 8.5uM / -0.845360V /   50  119  557 / 0x800679c9 0x7fffd9e4 0x8008da2d 0x7fff97ad
(Oct 03 2025 23:51:13,   47356 sec) Profile()            Sample 32 initiated at 231.5dbars for bin 37 [230dbars].  PTS/O2,T2,TPhase,RPhase,RawTemp/NO3/pH/FSig,BbSig,TSig/Ocr: 231.4dbars 14.5007C 34.4170PSU / 254.3uM 14.493C 34.428 8.373 322.545 / 7.7uM / -0.844714V /   52  120  556 / 0x80067689 0x7fffe900 0x8008f409 0x7fffb06d
(Oct 03 2025 23:52:59,   47462 sec) Profile()            Sample 33 initiated at 221.5dbars for bin 38 [220dbars].  PTS/O2,T2,TPhase,RPhase,RawTemp/NO3/pH/FSig,BbSig,TSig/Ocr: 221.4dbars 14.8793C 34.4367PSU / 257.0uM 14.872C 34.117 8.379 310.080 / 6.9uM / -0.843737V /   52  120  556 / 0x80066cc0 0x80000f92 0x80095b36 0x7fffaf49
(Oct 03 2025 23:54:45,   47568 sec) Profile()            Sample 34 initiated at 211.8dbars for bin 39 [210dbars].  PTS/O2,T2,TPhase,RPhase,RawTemp/NO3/pH/FSig,BbSig,TSig/Ocr: 211.7dbars 15.1918C 34.4583PSU / 260.0uM 15.198C 33.824 8.386 299.379 / 6.1uM / -0.842988V /   54  121  556 / 0x80067edb 0x80016f76 0x800d065b 0x7fff9f24
(Oct 03 2025 23:56:42,   47685 sec) Profile()            Sample 35 initiated at 201.9dbars for bin 40 [200dbars].  PTS/O2,T2,TPhase,RPhase,RawTemp/NO3/pH/FSig,BbSig,TSig/Ocr: 201.8dbars 15.8232C 34.5187PSU / 258.5uM 15.808C 33.603 8.391 279.289 / 5.2uM / -0.842172V /   56  121  555 / 0x80067352 0x8001fd6d 0x800decd2 0x7fff9cad
(Oct 03 2025 23:58:50,   47813 sec) Profile()            Sample 36 initiated at 191.5dbars for bin 41 [190dbars].  PTS/O2,T2,TPhase,RPhase,RawTemp/NO3/pH/FSig,BbSig,TSig/Ocr: 191.4dbars 15.9474C 34.5451PSU / 258.7uM 15.984C 33.514 8.397 273.465 / 5.2uM / -0.841761V /   56  122  554 / 0x80065d1b 0x8002cd92 0x800f5836 0x7fff9ead
(Oct 04 2025 00:01:09,   47952 sec) Profile()            Sample 37 initiated at 181.7dbars for bin 42 [180dbars].  PTS/O2,T2,TPhase,RPhase,RawTemp/NO3/pH/FSig,BbSig,TSig/Ocr: 181.7dbars 16.6278C 34.6092PSU / 253.4uM 16.610C 33.464 8.408 252.832 / 5.2uM / -0.841386V /   56  120  554 / 0x800670a4 0x800445d2 0x80123309 0x7fff9080
(Oct 04 2025 00:03:50,   48113 sec) Profile()            Sample 38 initiated at 171.4dbars for bin 43 [170dbars].  PTS/O2,T2,TPhase,RPhase,RawTemp/NO3/pH/FSig,BbSig,TSig/Ocr: 171.4dbars 17.3664C 34.7131PSU / 250.3uM 17.352C 33.272 8.430 228.379 / 4.2uM / -0.840656V /   60  125  553 / 0x80067400 0x800242ed 0x800d0fed 0x7fff8d24
(Oct 04 2025 00:06:20,   48263 sec) Profile()            Sample 39 initiated at 161.6dbars for bin 44 [160dbars].  PTS/O2,T2,TPhase,RPhase,RawTemp/NO3/pH/FSig,BbSig,TSig/Ocr: 161.6dbars 17.7842C 34.7758PSU / 239.9uM 17.782C 33.579 8.433 214.193 / 4.7uM / -0.840716V /   58  124  552 / 0x800674c9 0x8004eff6 0x8011b2d2 0x7fff9709
(Oct 04 2025 00:08:50,   48413 sec) Profile()            Sample 40 initiated at 151.8dbars for bin 45 [150dbars].  PTS/O2,T2,TPhase,RPhase,RawTemp/NO3/pH/FSig,BbSig,TSig/Ocr: 151.8dbars 17.9002C 34.7895PSU / 238.2uM 17.902C 33.607 8.432 210.245 / 4.7uM / -0.840405V /   61  133  551 / 0x8006cdb6 0x800c1ea4 0x801e2664 0x7fff9a89
(Oct 04 2025 00:11:53,   48596 sec) Profile()            Sample 41 initiated at 141.5dbars for bin 46 [140dbars].  PTS/O2,T2,TPhase,RPhase,RawTemp/NO3/pH/FSig,BbSig,TSig/Ocr: 141.5dbars 18.5419C 34.8741PSU / 238.2uM 18.547C 33.314 8.436 188.958 / 3.6uM / -0.838973V /   67  127  551 / 0x80072a5b 0x8010e064 0x802456c9 0x7fff9be4
(Oct 04 2025 00:15:40,   48823 sec) Profile()            Sample 42 initiated at 132.0dbars for bin 47 [130dbars].  PTS/O2,T2,TPhase,RPhase,RawTemp/NO3/pH/FSig,BbSig,TSig/Ocr: 131.9dbars 19.3062C 34.9669PSU / 242.8uM 19.289C 32.756 8.449 164.511 / 3.2uM / -0.838216V /   84  142  549 / 0x80082cdb 0x801c0d40 0x8033531b 0x7fffce52
(Oct 04 2025 00:18:59,   49022 sec) AscentControlAgent() Bouyancy nudge to 151 (v=0.037dbar/sec).
(Oct 04 2025 00:18:59,   49022 sec) PistonMoveAbsWTO()    141->151 142 143 144 145 146 147 [30sec, 14.9Volts, 0.174Amps, CPT:1691sec]
(Oct 04 2025 00:20:19,   49102 sec) Profile()            Sample 43 initiated at 121.7dbars for bin 48 [120dbars].  PTS/O2,T2,TPhase,RPhase,RawTemp/NO3/pH/FSig,BbSig,TSig/Ocr: 121.7dbars 19.6417C 35.0062PSU / 239.9uM 19.642C 32.742 8.457 152.888 / 3.0uM / -0.837669V /   91  141  548 / 0x800a8ea4 0x802e7764 0x804a319b 0x80000412
(Oct 04 2025 00:20:20,   49103 sec) PistonMoveAbsWTO()    147->151 148 149 150 151 [20sec, 14.8Volts, 0.185Amps, CPT:1711sec]
(Oct 04 2025 00:22:47,   49250 sec) Profile()            Sample 44 initiated at 111.8dbars for bin 49 [110dbars].  PTS/O2,T2,TPhase,RPhase,RawTemp/NO3/pH/FSig,BbSig,TSig/Ocr: 111.8dbars 20.0297C 35.0523PSU / 242.7uM 20.024C 32.437 8.461 140.320 / 2.4uM / -0.836783V /  101  142  548 / 0x800b5af6 0x80226549 0x80310f36 0x7fffe924
(Oct 04 2025 00:25:06,   49389 sec) Profile()            Sample 45 initiated at 101.9dbars for bin 50 [100dbars].  PTS/O2,T2,TPhase,RPhase,RawTemp/NO3/pH/FSig,BbSig,TSig/Ocr: 101.9dbars 20.6818C 35.0938PSU / 262.4uM 20.658C 31.266 8.468 119.498 / 1.9uM / -0.834464V /  111  144  547 / 0x801a0f5b 0x807b2309 0x80961989 0x8001f500
(Oct 04 2025 00:26:30,   49473 sec) Profile()            Sample 46 initiated at 96.4dbars for bin 51 [95dbars].  PTS/O2,T2,TPhase,RPhase,RawTemp/NO3/pH/FSig,BbSig,TSig/Ocr: 96.4dbars 20.8073C 35.1063PSU / 266.7uM 20.804C 31.015 8.473 114.707 / 1.8uM / -0.834133V /  110  140  547 / 0x802fed09 0x80f19864 0x8114ba89 0x80049d5b
(Oct 04 2025 00:27:43,   49546 sec) Profile()            Sample 47 initiated at 91.8dbars for bin 52 [90dbars].  PTS/O2,T2,TPhase,RPhase,RawTemp/NO3/pH/FSig,BbSig,TSig/Ocr: 91.7dbars 21.0495C 35.1299PSU / 267.3uM 21.135C 30.855 8.474 103.856 / 2.3uM / -0.833490V /   91  142  546 / 0x803ab309 0x810847b6 0x811db75b 0x80059289
(Oct 04 2025 00:29:18,   49641 sec) Profile()            Sample 48 initiated at 86.9dbars for bin 53 [85dbars].  PTS/O2,T2,TPhase,RPhase,RawTemp/NO3/pH/FSig,BbSig,TSig/Ocr: 86.9dbars 21.4796C 35.1509PSU / 272.2uM 21.467C 30.513 8.479 92.969 / 1.9uM / -0.833072V /   79  145  546 / 0x8028c612 0x807536db 0x806f8389 0x8001e024
(Oct 04 2025 00:31:15,   49758 sec) Profile()            Sample 49 initiated at 81.6dbars for bin 54 [80dbars].  PTS/O2,T2,TPhase,RPhase,RawTemp/NO3/pH/FSig,BbSig,TSig/Ocr: 81.5dbars 21.7667C 35.1635PSU / 275.3uM 21.754C 30.268 8.484 83.566 / 2.0uM / -0.832686V /   75  151  545 / 0x8048222d 0x80d36fdb 0x80c1a82d 0x8004d3ad
(Oct 04 2025 00:33:34,   49897 sec) Profile()            Sample 50 initiated at 77.0dbars for bin 55 [75dbars].  PTS/O2,T2,TPhase,RPhase,RawTemp/NO3/pH/FSig,BbSig,TSig/Ocr: 76.9dbars 22.3032C 35.1841PSU / 278.4uM 22.279C 29.931 8.489 66.413 / 1.9uM / -0.832158V /   75  149  545 / 0x80af9500 0x823fdad2 0x821489c9 0x8011d96d
(Oct 04 2025 00:34:19,   49942 sec) AscentControlAgent() Bouyancy nudge to 156 (v=0.031dbar/sec).
(Oct 04 2025 00:34:19,   49942 sec) PistonMoveAbsWTO()    151->156 152 153 154 155 156 [25sec, 14.9Volts, 0.176Amps, CPT:1736sec]
(Oct 04 2025 00:36:40,   50083 sec) Profile()            Sample 51 initiated at 71.8dbars for bin 56 [70dbars].  PTS/O2,T2,TPhase,RPhase,RawTemp/NO3/pH/FSig,BbSig,TSig/Ocr: 71.7dbars 22.7084C 35.1994PSU / 280.3uM 22.686C 29.694 8.502 53.148 / 2.4uM / -0.831674V /   68  151  544 / 0x80ea4f09 0x827fd3ed 0x823567db 0x80187152
(Oct 04 2025 00:38:47,   50210 sec) Profile()            Sample 52 initiated at 66.9dbars for bin 57 [65dbars].  PTS/O2,T2,TPhase,RPhase,RawTemp/NO3/pH/FSig,BbSig,TSig/Ocr: 66.9dbars 23.8266C 35.2540PSU / 280.3uM 23.766C 29.273 8.518 18.048 / 2.2uM / -0.830940V /   67  147  543 / 0x80e90252 0x82154b1b 0x81b8e96d 0x801401db
(Oct 04 2025 00:39:21,   50244 sec) AscentControlAgent() Bouyancy nudge to 161 (v=0.029dbar/sec).
(Oct 04 2025 00:39:21,   50244 sec) PistonMoveAbsWTO()    156->161 157 158 159 160 161 [24sec, 14.9Volts, 0.164Amps, CPT:1760sec]
(Oct 04 2025 00:44:21,   50544 sec) AscentControlAgent() Bouyancy nudge to 166 (v=0.005dbar/sec).
(Oct 04 2025 00:44:21,   50544 sec) PistonMoveAbsWTO()    161->166 162 163 164 165 166 [26sec, 15.0Volts, 0.180Amps, CPT:1786sec]
(Oct 04 2025 00:46:54,   50697 sec) Profile()            Sample 53 initiated at 61.9dbars for bin 58 [60dbars].  PTS/O2,T2,TPhase,RPhase,RawTemp/NO3/pH/FSig,BbSig,TSig/Ocr: 61.8dbars 25.4593C 35.3506PSU / 270.9uM 25.415C 29.013 8.533 -35.121 / 2.7uM / -0.829831V /   69  158  541 / 0x81c0f3c9 0x83fd865b 0x83629809 0x8032e764
(Oct 04 2025 00:49:28,   50851 sec) AscentControlAgent() Bouyancy nudge to 171 (v=0.020dbar/sec).
(Oct 04 2025 00:49:28,   50851 sec) PistonMoveAbsWTO()    166->171 167 168 169 170 171 [25sec, 15.0Volts, 0.162Amps, CPT:1811sec]
(Oct 04 2025 00:52:11,   51014 sec) Profile()            Sample 54 initiated at 57.0dbars for bin 59 [55dbars].  PTS/O2,T2,TPhase,RPhase,RawTemp/NO3/pH/FSig,BbSig,TSig/Ocr: 57.0dbars 26.9538C 35.4288PSU / 250.8uM 26.893C 29.291 8.555 -82.273 / 2.9uM / -0.828331V /   65  155  539 / 0x82216000 0x84b03749 0x83f32249 0x8046a376
(Oct 04 2025 00:54:34,   51157 sec) AscentControlAgent() Bouyancy nudge to 176 (v=0.007dbar/sec).
(Oct 04 2025 00:54:34,   51157 sec) PistonMoveAbsWTO()    171->176 172 173 174 175 176 [25sec, 15.0Volts, 0.158Amps, CPT:1836sec]
(Oct 04 2025 00:58:01,   51364 sec) Profile()            Sample 55 initiated at 51.8dbars for bin 60 [50dbars].  PTS/O2,T2,TPhase,RPhase,RawTemp/NO3/pH/FSig,BbSig,TSig/Ocr: 51.8dbars 27.0864C 35.4374PSU / 244.1uM 27.095C 29.509 8.555 -88.694 / 2.8uM / -0.828107V /   66  174  537 / 0x826ae0c0 0x84e6d664 0x8417b700 0x805a83c9
(Oct 04 2025 00:59:46,   51469 sec) Profile()            Sample 56 initiated at 46.8dbars for bin 61 [45dbars].  PTS/O2,T2,TPhase,RPhase,RawTemp/NO3/pH/FSig,BbSig,TSig/Ocr: 46.7dbars 27.0939C 35.4388PSU / 243.9uM 27.103C 29.515 8.555 -88.947 / 2.9uM / -0.827852V /   60  141  537 / 0x82f6b5c0 0x85e1481b 0x84f79289 0x808e5e49
(Oct 04 2025 00:59:47,   51470 sec) AscentControlAgent() Bouyancy nudge to 181 (v=0.039dbar/sec).
(Oct 04 2025 00:59:47,   51470 sec) PistonMoveAbsWTO()    176->181 177 178 179 180 181 [25sec, 15.0Volts, 0.162Amps, CPT:1861sec]
(Oct 04 2025 01:01:13,   51556 sec) Profile()            Sample 57 initiated at 41.8dbars for bin 62 [40dbars].  PTS/O2,T2,TPhase,RPhase,RawTemp/NO3/pH/FSig,BbSig,TSig/Ocr: 41.8dbars 27.0957C 35.4393PSU / 243.9uM 27.108C 29.513 8.554 -89.090 / 2.9uM / -0.827909V /   58  142  536 / 0x83803aad 0x8698a61b 0x859bca36 0x80cd03b6
(Oct 04 2025 01:02:25,   51628 sec) Profile()            Sample 58 initiated at 36.3dbars for bin 63 [35dbars].  PTS/O2,T2,TPhase,RPhase,RawTemp/NO3/pH/FSig,BbSig,TSig/Ocr: 36.2dbars 27.1004C 35.4402PSU / 243.8uM 27.113C 29.517 8.554 -89.249 / 3.0uM / -0.827828V /   58  139  536 / 0x847cfc80 0x8869b336 0x87517ce4 0x8151f924
(Oct 04 2025 01:03:26,   51689 sec) Profile()            Sample 59 initiated at 31.6dbars for bin 64 [30dbars].  PTS/O2,T2,TPhase,RPhase,RawTemp/NO3/pH/FSig,BbSig,TSig/Ocr: 31.5dbars 27.1016C 35.4405PSU / 243.8uM 27.114C 29.517 8.552 -89.287 / 3.0uM / -0.827483V /   58  140  536 / 0x85115340 0x88bbe880 0x8777c32d 0x81ba3940
(Oct 04 2025 01:04:27,   51750 sec) Profile()            Sample 60 initiated at 27.0dbars for bin 65 [25dbars].  PTS/O2,T2,TPhase,RPhase,RawTemp/NO3/pH/FSig,BbSig,TSig/Ocr: 26.9dbars 27.1064C 35.4408PSU / 243.9uM 27.122C 29.511 8.550 -89.543 / 2.9uM / -0.827472V /   58  141  536 / 0x866bb9f6 0x8b01e889 0x89b5fe24 0x82e95ded
(Oct 04 2025 01:05:39,   51822 sec) Profile()            Sample 61 initiated at 21.8dbars for bin 66 [20dbars].  PTS/O2,T2,TPhase,RPhase,RawTemp/NO3/pH/FSig,BbSig,TSig/Ocr: 21.7dbars 27.1139C 35.4430PSU / 243.9uM 27.134C 29.504 8.550 -89.909 / 3.0uM / -0.827541V /   54  138  536 / 0x8710b3c9 0x8b594536 0x8a0b306d 0x83b2eb49
(Oct 04 2025 01:06:51,   51894 sec) Profile()            Sample 62 initiated at 16.8dbars for bin 67 [15dbars].  PTS/O2,T2,TPhase,RPhase,RawTemp/NO3/pH/FSig,BbSig,TSig/Ocr: 16.7dbars 27.1254C 35.4429PSU / 243.8uM 27.148C 29.503 8.550 -90.357 / 3.0uM / -0.827439V /   55  146  535 / 0x88b1ec1b 0x8dd870a4 0x8c6b8709 0x85cb3ac9
(Oct 04 2025 01:08:14,   51977 sec) Profile()            Sample 63 initiated at 11.4dbars for bin 68 [10dbars].  PTS/O2,T2,TPhase,RPhase,RawTemp/NO3/pH/FSig,BbSig,TSig/Ocr: 11.3dbars 27.1688C 35.4406PSU / 243.5uM 27.193C 29.499 8.549 -91.795 / 3.0uM / -0.827102V /   54  141  535 / 0x8bacf412 0x920b67c9 0x907a3e76 0x8a58b4c9
(Oct 04 2025 01:09:15,   52038 sec) Profile()            Sample 64 initiated at 7.7dbars for bin 69 [6dbars].  PTS/O2,T2,TPhase,RPhase,RawTemp/NO3/pH/FSig,BbSig,TSig/Ocr: 7.6dbars 27.2109C 35.4387PSU / 243.7uM 27.237C 29.474 8.549 -93.187 / 3.0uM / -0.826552V /   53  137  535 / 0x8b1c86c9 0x8ff91bc9 0x8e4b67db 0x8a9e8040
(Oct 04 2025 01:09:49,   52072 sec) SurfaceDetect()      SurfacePressure:-0.1dbars Pressure:3.5dbars PistonPosition:181
(Oct 04 2025 01:09:49,   52072 sec) Sbe41cpStopCP()      Continuous profile stopped.
(Oct 04 2025 01:09:53,   52076 sec) PistonMoveAbsWTO()    181->203 182 183 184 185 186 187 188 189 190 191 192 193 194 195 196 197 198 199 200 201 202 203 [108sec, 14.9Volts, 0.144Amps, CPT:1969sec]
(Oct 04 2025 01:11:47,   52190 sec) chat()               Expected string [S>] not received.
(Oct 04 2025 01:13:40,   52303 sec) Sbe41cpBinAverage()  Finished averaging 13363 samples in 108 seconds.
(Oct 04 2025 01:13:45,   52308 sec) Sbe41cpUploadCP_()   Sbe41cpSerNo[20478] NSample[13363] NBin[493]
(Oct 04 2025 01:14:16,   52339 sec) Sbe41cpUploadCP_()   Continuous profile uploaded [493 lines].
(Oct 04 2025 01:14:29,   52352 sec) MscErrorLog_()       No error records to log.
(Oct 04 2025 01:14:40,   52363 sec) MscErrorLog_()       No error records to log.

<EOT>
