(Sep 30 2025 21:04:51,   52167 sec) TelemetryInit()      Profile 9. (Apf11 FwRev: 061125)
(Sep 30 2025 21:04:51,   52167 sec) TelemetryInit()      Charge consumption model: OCV:15.2V Wake-Cycles:12493 Standby:9.1days Wake:10.4kC Sensors:1.0kC
(Sep 30 2025 21:10:06,   52482 sec) GetSurfaceObs()      P/O2,T2,TPhase,RPhase,RawTemp/FSig,BbSig,TSig: 0.4dbars / 242.4uM 27.017C 29.614 8.597 -86.230 / 55,138,535
(Sep 30 2025 21:10:06,   52482 sec) GetSurfaceObs()      P/Ocr: 0.4dbars / 0x892fdaa4 0x8c115889 0x8adace24 0x8af08bad
(Sep 30 2025 21:10:39,   52515 sec) GetSurfaceObs()      P/O2,T2,TPhase,RPhase,RawTemp/FSig,BbSig,TSig: 0.4dbars / 244.0uM 27.011C 29.548 8.579 -86.040 / 55,139,535
(Sep 30 2025 21:10:39,   52515 sec) GetSurfaceObs()      P/Ocr: 0.4dbars / 0x8a9fd024 0x8f6775b6 0x8e4ca236 0x8eb7c5ed
(Sep 30 2025 21:11:12,   52548 sec) GetSurfaceObs()      P/O2,T2,TPhase,RPhase,RawTemp/FSig,BbSig,TSig: 0.3dbars / 244.6uM 26.992C 29.526 8.574 -85.411 / 56,140,535
(Sep 30 2025 21:11:12,   52548 sec) GetSurfaceObs()      P/Ocr: 0.3dbars / 0x89f8aed2 0x8d3480c9 0x8bec9a6d 0x8c25e912
(Sep 30 2025 21:11:45,   52581 sec) GetSurfaceObs()      P/O2,T2,TPhase,RPhase,RawTemp/FSig,BbSig,TSig: 0.3dbars / 244.1uM 27.067C 29.519 8.572 -87.798 / 54,139,535
(Sep 30 2025 21:11:46,   52582 sec) GetSurfaceObs()      P/Ocr: 0.3dbars / 0x89a91c92 0x8ce06680 0x8c1e612d 0x8c64b012
(Sep 30 2025 21:14:58,   52774 sec) AirSystem()          Battery [216cnt, 15.2V]  Current [20cnt, 77.1mA]  Pneumometer [159cnt, 18.7psi]  Run-Time [92s]
(Sep 30 2025 21:15:11,   52787 sec) GetSurfaceObs()      P/O2,T2,TPhase,RPhase,RawTemp/FSig,BbSig,TSig: 0.3dbars / 246.2uM 26.415C 29.672 8.589 -67.088 / 56,142,535
(Sep 30 2025 21:15:11,   52787 sec) GetSurfaceObs()      P/Ocr: 0.3dbars / 0x8abf1992 0x8f416b36 0x8ddcef89 0x8e007c5b
(Sep 30 2025 21:15:45,   52821 sec) GetSurfaceObs()      P/O2,T2,TPhase,RPhase,RawTemp/FSig,BbSig,TSig: -0.0dbars / 243.8uM 26.914C 29.590 8.579 -82.954 / 54,148,535
(Sep 30 2025 21:15:45,   52821 sec) GetSurfaceObs()      P/Ocr: -0.0dbars / 0x8c61859b 0x929b2e76 0x90e2bb64 0x917654b6
(Sep 30 2025 21:16:18,   52854 sec) GetSurfaceObs()      P/O2,T2,TPhase,RPhase,RawTemp/FSig,BbSig,TSig: 0.1dbars / 249.5uM 26.335C 29.557 8.575 -64.547 / 54,142,535
(Sep 30 2025 21:16:18,   52854 sec) GetSurfaceObs()      P/Ocr: 0.1dbars / 0x8d27dc09 0x92cacce4 0x908e07ad 0x919a7e5b
(Sep 30 2025 21:16:51,   52887 sec) GetSurfaceObs()      P/O2,T2,TPhase,RPhase,RawTemp/FSig,BbSig,TSig: 0.2dbars / 244.0uM 26.425C 29.767 8.571 -67.402 / 55,159,534
(Sep 30 2025 21:16:51,   52887 sec) GetSurfaceObs()      P/Ocr: 0.2dbars / 0x89d3e352 0x8cea3cf6 0x8ba57e00 0x8be85d6d
(Sep 30 2025 21:17:24,   52920 sec) GetSurfaceObs()      P/O2,T2,TPhase,RPhase,RawTemp/FSig,BbSig,TSig: 0.2dbars / 253.9uM 25.879C 29.538 8.568 -49.974 / 54,140,535
(Sep 30 2025 21:17:24,   52920 sec) GetSurfaceObs()      P/Ocr: 0.2dbars / 0x8a4de040 0x904fe7d2 0x8eef076d 0x8f4c6464
(Sep 30 2025 21:17:57,   52953 sec) GetSurfaceObs()      P/O2,T2,TPhase,RPhase,RawTemp/FSig,BbSig,TSig: 0.0dbars / 253.7uM 25.406C 29.728 8.567 -34.823 / 53,137,535
(Sep 30 2025 21:17:57,   52953 sec) GetSurfaceObs()      P/Ocr: 0.0dbars / 0x8ad81412 0x8f414dc9 0x8d64a46d 0x8e174576
(Sep 30 2025 21:18:31,   52987 sec) GetSurfaceObs()      P/O2,T2,TPhase,RPhase,RawTemp/FSig,BbSig,TSig: -0.0dbars / 249.0uM 25.867C 29.755 8.565 -49.601 / 55,138,534
(Sep 30 2025 21:18:31,   52987 sec) GetSurfaceObs()      P/Ocr: -0.0dbars / 0x889f92d2 0x8b8e9064 0x8a6255c9 0x8a911812
(Sep 30 2025 21:19:04,   53020 sec) GetSurfaceObs()      P/O2,T2,TPhase,RPhase,RawTemp/FSig,BbSig,TSig: -0.0dbars / 241.1uM 26.744C 29.776 8.563 -77.561 / 55,143,534
(Sep 30 2025 21:19:04,   53020 sec) GetSurfaceObs()      P/Ocr: -0.0dbars / 0x88642089 0x8b7d2649 0x8a6571ed 0x8a85f6db
(Sep 30 2025 21:19:12,   53028 sec) AirSystem()          Air-bladder inflation by-passed. Pneumatic Pressure: [157cnt, 18.5psi].
(Sep 30 2025 21:19:53,   53069 sec) GetSurfaceObs()      P/O2,T2,TPhase,RPhase,RawTemp/FSig,BbSig,TSig: -0.0dbars / 252.8uM 25.446C 29.752 8.566 -36.113 / 55,138,534
(Sep 30 2025 21:19:53,   53069 sec) GetSurfaceObs()      P/Ocr: -0.0dbars / 0x8a510409 0x8f1c8064 0x8dd401c0 0x8e4821b6
(Sep 30 2025 21:19:56,   53072 sec) GpsServices()        GPS almanac is current.
(Sep 30 2025 21:19:56,   53072 sec) GpsServices()        Initiating GPS fix acquisition.
(Sep 30 2025 21:20:02,   53078 sec) gga()                $GPGGA,212020,2734.8334,N,15756.3087,W,0,00,,,M,,M,,*4E
(Sep 30 2025 21:20:11,   53087 sec) gga()                $GPGGA,212030,2734.8334,N,15756.3087,W,0,00,,,M,,M,,*4F
(Sep 30 2025 21:20:21,   53097 sec) gga()                $GPGGA,212040,2734.8334,N,15756.3087,W,0,00,,,M,,M,,*48
(Sep 30 2025 21:20:31,   53107 sec) gga()                $GPGGA,212050,2734.8334,N,15756.3087,W,0,00,,,M,,M,,*49
(Sep 30 2025 21:20:41,   53117 sec) gga()                $GPGGA,212100,2734.8334,N,15756.3087,W,0,00,,,M,,M,,*4D
(Sep 30 2025 21:20:42,   53118 sec) gga()                $GPGGA,212100,2734.8334,N,15756.3087,W,0,00,,,M,,M,,*4D
(Sep 30 2025 21:20:51,   53127 sec) gga()                $GPGGA,212110,2734.8334,N,15756.3087,W,0,00,,,M,,M,,*4C
(Sep 30 2025 21:21:01,   53137 sec) gga()                $GPGGA,212120,2734.8334,N,15756.3087,W,0,00,,,M,,M,,*4F
(Sep 30 2025 21:21:11,   53147 sec) gga()                $GPGGA,212130,2734.8334,N,15756.3087,W,0,00,,,M,,M,,*4E
(Sep 30 2025 21:21:21,   53157 sec) gga()                $GPGGA,212140,2734.8334,N,15756.3087,W,0,00,,,M,,M,,*49
(Sep 30 2025 21:21:31,   53167 sec) gga()                $GPGGA,212150,2734.8334,N,15756.3087,W,0,00,,,M,,M,,*48
(Sep 30 2025 21:21:41,   53177 sec) gga()                $GPGGA,212200,2734.8334,N,15756.3087,W,0,00,,,M,,M,,*4E
(Sep 30 2025 21:21:42,   53178 sec) gga()                $GPGGA,212200,2734.8334,N,15756.3087,W,0,00,,,M,,M,,*4E
(Sep 30 2025 21:21:51,   53187 sec) gga()                $GPGGA,212210,2734.8334,N,15756.3087,W,0,00,,,M,,M,,*4F
(Sep 30 2025 21:22:11,   53207 sec) gga()                $GPGGA,212230,2734.8334,N,15756.3087,W,0,00,,,M,,M,,*4D
(Sep 30 2025 21:22:12,   53208 sec) gga()                $GPGGA,212230,2734.8334,N,15756.3087,W,0,00,,,M,,M,,*4D
(Sep 30 2025 21:22:21,   53217 sec) gga()                $GPGGA,212240,2734.8334,N,15756.3087,W,0,00,,,M,,M,,*4A
(Sep 30 2025 21:22:31,   53227 sec) gga()                $GPGGA,212250,2734.8334,N,15756.3087,W,0,00,,,M,,M,,*4B
(Sep 30 2025 21:22:41,   53237 sec) gga()                $GPGGA,212300,2734.8334,N,15756.3087,W,0,00,,,M,,M,,*4F
(Sep 30 2025 21:22:42,   53238 sec) gga()                $GPGGA,212300,2734.8334,N,15756.3087,W,0,00,,,M,,M,,*4F
(Sep 30 2025 21:22:52,   53248 sec) gga()                $GPGGA,212310,2734.8956,N,15756.6092,W,1,06,1.3,15.1,M,-5.7,M,,*70
(Sep 30 2025 21:22:52,   53248 sec) GpsServices()        Profile 9 GPS fix obtained in 176 seconds.
(Sep 30 2025 21:22:52,   53248 sec) GpsServices()                   lon      lat mm/dd/yyyy hhmmss nsat
(Sep 30 2025 21:22:52,   53248 sec) GpsServices()        Fix: -157.9435  27.5816 09/30/2025 212310    6
(Sep 30 2025 21:23:02,   53258 sec) gga()                $GPGGA,212320,2734.8968,N,15756.6086,W,1,06,1.5,12.9,M,-5.7,M,,*72
(Sep 30 2025 21:23:11,   53267 sec) gga()                $GPGGA,212330,2734.8972,N,15756.6082,W,1,06,1.3,12.9,M,-5.7,M,,*7A
(Sep 30 2025 21:23:11,   53267 sec) GpsServices()        APF11 RTC skew (-19s) OK.
(Sep 30 2025 21:23:11,   53267 sec) GpsServices()        GPS services complete.
(Sep 30 2025 21:23:46,   53302 sec) IrGeoLoc()           <x,y,z>=<-5240km,-2124km,2932km> lat=27.567 lon=-157.935 IrSysTime=0xee04b25d
(Sep 30 2025 21:23:49,   53305 sec) CLogin()             Connecting to primary host.
(Sep 30 2025 21:24:13,   53329 sec) CLogin()             Connection 1 established in 24 seconds.
(Sep 30 2025 21:24:20,   53336 sec) login()              Login successful.
(Sep 30 2025 21:24:26,   53342 sec) CLogin()             Logged in to host.  [Login required 13 seconds]
(Sep 30 2025 21:24:30,   53346 sec) RxConfig()           Downloading "mission.cfg" from host.
(Sep 30 2025 21:24:45,   53361 sec) RxConfig()           Download successful: [bytes:83, sec:13.0, bps:6]
(Sep 30 2025 21:24:49,   53365 sec) WriteVitals_()       Writing vitals to "23808.009.msg".
(Sep 30 2025 21:25:23,   53399 sec) chat()               Expected string [rz] not received.
(Sep 30 2025 21:25:23,   53399 sec) UpLoadFile()         Failed attempt to execute "rz" on the host.
(Sep 30 2025 21:25:55,   53431 sec) chat()               Expected string [rz] not received.
(Sep 30 2025 21:25:55,   53431 sec) UpLoadFile()         Failed attempt to execute "rz" on the host.
(Sep 30 2025 21:25:55,   53431 sec) UpLoad()             Files successfully uploaded: 0
(Sep 30 2025 21:25:55,   53431 sec) UpLoad()             Aborting upload: Retry limit [2] exceeded. Upload incomplete.
(Sep 30 2025 21:26:02,   53438 sec) chat()               Expected string [cmd>] not received.
(Sep 30 2025 21:26:02,   53438 sec) logout()             Can't get command prompt.
(Sep 30 2025 21:26:07,   53443 sec) chat()               Expected string [logout] not received.
(Sep 30 2025 21:26:07,   53443 sec) logout()             Attempt to log-out failed.
(Sep 30 2025 21:26:14,   53450 sec) chat()               Expected string [cmd>] not received.
(Sep 30 2025 21:26:14,   53450 sec) logout()             Can't get command prompt.
(Sep 30 2025 21:26:19,   53455 sec) chat()               Expected string [logout] not received.
(Sep 30 2025 21:26:19,   53455 sec) logout()             Attempt to log-out failed.
(Sep 30 2025 21:26:26,   53462 sec) chat()               Expected string [cmd>] not received.
(Sep 30 2025 21:26:26,   53462 sec) logout()             Can't get command prompt.
(Sep 30 2025 21:26:31,   53467 sec) chat()               Expected string [logout] not received.
(Sep 30 2025 21:26:31,   53467 sec) logout()             Attempt to log-out failed.
(Sep 30 2025 21:26:31,   53467 sec) Telemetry()          Telemetry cycle complete: PrfId=9 ConnectionAttempts=1  Connections=1
(Sep 30 2025 21:41:47,   54383 sec) AirSystem()          Air-bladder inflation by-passed. Pneumatic Pressure: [155cnt, 18.2psi].
(Sep 30 2025 21:42:28,   54424 sec) GetSurfaceObs()      P/O2,T2,TPhase,RPhase,RawTemp/FSig,BbSig,TSig: 0.2dbars / 243.9uM 26.434C 29.767 8.593 -67.677 / 55,140,535
(Sep 30 2025 21:42:28,   54424 sec) GetSurfaceObs()      P/Ocr: 0.2dbars / 0x8b35281b 0x8f7005a4 0x8d457c6d 0x8e8189a4
(Sep 30 2025 21:42:30,   54426 sec) GpsServices()        GPS almanac is current.
(Sep 30 2025 21:42:30,   54426 sec) GpsServices()        Initiating GPS fix acquisition.
(Sep 30 2025 21:42:42,   54438 sec) gga()                $GPGGA,214300,2734.9559,N,15756.6198,W,6,06,1.3,11.7,M,-5.7,M,,*7B
(Sep 30 2025 21:42:52,   54448 sec) gga()                $GPGGA,214310,2734.9565,N,15756.6206,W,1,06,1.7,12.6,M,-5.7,M,,*70
(Sep 30 2025 21:42:52,   54448 sec) GpsServices()        Profile 9 GPS fix obtained in 22 seconds.
(Sep 30 2025 21:42:52,   54448 sec) GpsServices()                   lon      lat mm/dd/yyyy hhmmss nsat
(Sep 30 2025 21:42:52,   54448 sec) GpsServices()        Fix: -157.9437  27.5826 09/30/2025 214310    6
(Sep 30 2025 21:43:02,   54458 sec) gga()                $GPGGA,214320,2734.9567,N,15756.6213,W,1,06,1.3,14.9,M,-5.7,M,,*78
(Sep 30 2025 21:43:11,   54467 sec) gga()                $GPGGA,214330,2734.9583,N,15756.6218,W,1,06,1.3,14.6,M,-5.7,M,,*77
(Sep 30 2025 21:43:11,   54467 sec) GpsServices()        APF11 RTC skew (-19s) OK.
(Sep 30 2025 21:43:11,   54467 sec) GpsServices()        GPS services complete.
(Sep 30 2025 21:43:39,   54495 sec) IrGeoLoc()           <x,y,z>=<-5240km,-2120km,2932km> lat=27.573 lon=-157.973 IrSysTime=0xee0dc74f
(Sep 30 2025 21:43:42,   54498 sec) CLogin()             Connecting to primary host.
(Sep 30 2025 21:43:54,   54510 sec) CLogin()             Connection 2 established in 12 seconds.
(Sep 30 2025 21:44:01,   54517 sec) login()              Login successful.
(Sep 30 2025 21:44:10,   54526 sec) CLogin()             Logged in to host.  [Login required 16 seconds]
(Sep 30 2025 21:44:12,   54528 sec) RxConfig()           Downloading "mission.cfg" from host.
(Sep 30 2025 21:44:34,   54550 sec) RxConfig()           Download successful: [bytes:83, sec:20.5, bps:4]
(Sep 30 2025 21:44:38,   54554 sec) WriteVitals_()       Writing vitals to "23808.009.msg".
(Sep 30 2025 21:44:44,   54560 sec) UpLoadFile()         Uploading "23808.009.log" to host.
(Sep 30 2025 21:49:33,   54849 sec) UpLoadFile()         Upload successful: [bytes:54796, sec:289.5, bps:189]
(Sep 30 2025 21:49:34,   54850 sec) fmove()              Moved: 23808.009.log -> archive/23808.009.log
(Sep 30 2025 21:49:40,   54856 sec) UpLoadFile()         Uploading "23808.009.msg" to host.
(Sep 30 2025 21:52:57,   55053 sec) UpLoadFile()         Upload successful: [bytes:29849, sec:196.4, bps:152]
(Sep 30 2025 21:52:58,   55054 sec) fmove()              Moved: 23808.009.msg -> archive/23808.009.msg
(Sep 30 2025 21:53:04,   55060 sec) UpLoadFile()         Uploading "23808.009.isus" to host.
(Sep 30 2025 21:54:44,   55160 sec) UpLoadFile()         Upload successful: [bytes:24392, sec:100.5, bps:243]
(Sep 30 2025 21:54:46,   55162 sec) fmove()              Moved: 23808.009.isus -> archive/23808.009.isus
(Sep 30 2025 21:54:52,   55168 sec) UpLoadFile()         Uploading "23808.009.dura" to host.
(Sep 30 2025 21:55:45,   55221 sec) UpLoadFile()         Upload successful: [bytes:11990, sec:53.3, bps:225]
(Sep 30 2025 21:55:46,   55222 sec) fmove()              Moved: 23808.009.dura -> archive/23808.009.dura
(Sep 30 2025 21:55:47,   55223 sec) UpLoad()             Files successfully uploaded: 4
(Sep 30 2025 21:55:47,   55223 sec) UpLoad()             Upload complete.
(Sep 30 2025 21:55:55,   55231 sec) chat()               Expected string [logout] not received.
(Sep 30 2025 21:55:55,   55231 sec) logout()             Attempt to log-out failed.
(Sep 30 2025 21:55:55,   55231 sec) logout()             No carrier detected.
(Sep 30 2025 21:55:55,   55231 sec) Telemetry()          Telemetry cycle complete: PrfId=9 ConnectionAttempts=2  Connections=2
(Sep 30 2025 21:55:55,   55231 sec) TelemetryTerminate() Parsing new mission configuration.
(Sep 30 2025 21:55:56,   55232 sec) configure()          Parsing configurators in "mission.cfg".
(Sep 30 2025 21:55:56,   55232 sec) configure()             TelemetryRetry(15)      [0x7BBC] [TelemetryRetry(15)].
(Sep 30 2025 21:55:56,   55232 sec) configure()             DeepProfilePistonPos(9) [CRC=0xFF37] [DeepProfilePistonPos(9)].
(Sep 30 2025 21:55:56,   55232 sec) configure()             DeepProfilePressure(2025) [CRC=0x5FF2] [ProfilePressure(2025)].
(Sep 30 2025 21:55:57,   55233 sec) configure()          Configuration CRCs and syntax OK.
(Sep 30 2025 21:55:57,   55233 sec) ConfigSupervisor()   Sanity check violated: cfg->TimeDeepProfileDescent >= (cfg->PressureProfile-cfg->PressurePark)/dPdt
(Sep 30 2025 21:55:57,   55233 sec) ConfigSupervisor()   Configuration accepted.
(Sep 30 2025 21:55:57,   55233 sec) TelemetryTerminate() Reconditioning the file system.
(Sep 30 2025 21:55:59,       0 sec) DescentInit()        Deep profile 10 initiated at mission-time 55235sec.
(Sep 30 2025 21:56:00,       1 sec) DescentInit()        Surface pressure: -0.0dbars.
(Sep 30 2025 21:56:00,       1 sec) DescentInit()        Charge consumption model: OCV:15.0V Wake-Cycles:12495 Standby:9.1days Wake:10.5kC Sleep:1.0kC
(Sep 30 2025 21:56:12,      13 sec) DescentInit()        Pneumatic humidity: 2887(60.1%) -> 2891(60.3%)
(Sep 30 2025 21:56:12,      13 sec) PistonMoveAbsWTO()    203->069 202 201 200 199 198 197 196 195 194 193 192 191 190 189 188 187 186 185 184 183 182 181 180 179 178 177 176 175 174 173 172 171 170 169 168 167 166 165 164 163 162 161 160 159 158 157 156 155 154 153 152 151 150 149 148 147 146 145 144 143 142 141 140 139 138 137 136 135 134 133 132 131 130 129 128 127 126 125 124 123 122 121 120 119 118 117 116 115 114 113 112 111 110 109 108 107 106 105 104 103 102 101 100 099 098 097 096 095 094 093 092 091 090 089 088 087 086 085 084 083 082 081 080 079 078 077 076 075 074 073 072 071 070 069 [655sec, 15.0Volts, 0.140Amps, CPT:655sec]
(Sep 30 2025 22:07:11,     672 sec) DescentInit()        Air solenoid open: Barometer [210cnt,  12.3psi]  Pneumometer [108cnt,  12.6psi]
(Sep 30 2025 22:07:21,     682 sec) Descent()            Pressure: 50.1
(Sep 30 2025 22:55:59,    3600 sec) Descent()            Pressure: 436.7
(Sep 30 2025 23:55:59,    7200 sec) Descent()            Pressure: 718.4
(Oct 01 2025 00:55:59,   10800 sec) Descent()            Pressure: 788.2
(Oct 01 2025 01:55:59,   14400 sec) Descent()            Pressure: 796.7
(Oct 01 2025 01:56:00,   14401 sec) ParkInit()           Charge consumption model: OCV:15.5V Wake-Cycles:12500 Standby:9.3days Wake:10.8kC Sensors:1.0kC
(Oct 01 2025 04:56:31,   25232 sec) CtdPower()           [  796.61,  4.5221, 34.2297]
(Oct 01 2025 04:56:31,   25232 sec) CtdPower()           CTD Power consumption [219VCnt 3ACnt]: 15.412Volts * 0.012Amps = 0.18Watts.
(Oct 01 2025 04:56:37,   25238 sec) ParkTerminate()      Piston Position:69 Vacuum:191 HumidityAd12:4094(inf%) Vq:220 Aq:2 Vsbe:219 Asbe:3 Vflbb:217 Aflbb:11 Vopt:217 Aopt:13 Vocr:218 Aocr:7 MuxTemp:4.619C MuxHumidity:6.4%
(Oct 01 2025 04:57:07,   25268 sec) ParkTerminate()      PTS/O2,T2,TPhase,RawTemp: 796.4dbars 4.5221C 34.2291PSU / 34.1uM 4.515C 57.219 8.177 641.684
(Oct 01 2025 04:57:07,   25268 sec) ParkTerminate()      FLBB FSig, BbSig, TSig: 55, 112, 570 / Ocr: nan nan nan nan
(Oct 01 2025 04:57:08,   25269 sec) GoDeepInit()         Charge consumption model: OCV:15.4V Wake-Cycles:12503 Standby:9.4days Wake:10.8kC Sensors:1.0kC
(Oct 01 2025 04:57:08,   25269 sec) GoDeepInit()         Moving piston.
(Oct 01 2025 04:57:08,   25269 sec) PistonMoveAbsWTO()    069->009 068 067 066 065 064 063 062 061 060 059 058 057 056 055 054 053 052 051 050 049 048 047 046 045 044 043 042 041 040 039 038 037 036 035 034 033 032 031 030 029 028 027 026 025 024 023 022 021 020 019 018 017 016 015 014 013 012 011 010 009 [296sec, 14.9Volts, 0.067Amps, CPT:951sec]
(Oct 01 2025 06:55:59,   32400 sec) ProfileInit()        Charge consumption model: OCV:15.5V Wake-Cycles:12526 Standby:9.5days Wake:10.8kC Sensors:1.0kC
(Oct 01 2025 06:55:59,   32400 sec) ProfileInit()        PrfId:010  Pressure:1538.2dbar  pTable[5]:1500dbar
(Oct 01 2025 06:56:01,   32402 sec) ProfileInit()        Muxer PPIs K{1,2} quiescent: 15.42V, 0.1mA, 1.5mW
(Oct 01 2025 06:56:05,   32406 sec) ProfileInit()        ISUS powered up.
(Oct 01 2025 06:56:08,   32409 sec) ProfileInit()        Muxer PPIs K{1,2} w/ ISUS awake: 15.24V, 55.2mA, 841.0mW
(Oct 01 2025 06:56:15,   32416 sec) MscErrorLog_()       No error records to log.
(Oct 01 2025 06:56:21,   32422 sec) ProfileInit()        DURA powered up.
(Oct 01 2025 06:56:25,   32426 sec) ProfileInit()        Muxer PPIs K{1,2} w/ DURA awake: 15.22V, 48.7mA, 741.0mW
(Oct 01 2025 06:56:31,   32432 sec) MscErrorLog_()       No error records to log.
(Oct 01 2025 06:56:36,   32437 sec) PistonMoveAbsWTO()    009->031 010 011 012 013 014 015 [30sec, 14.6Volts, 0.524Amps, CPT:981sec]
(Oct 01 2025 06:57:17,   32478 sec) PistonMoveAbsWTO()    015->031 016 017 018 019 020 [30sec, 14.4Volts, 0.512Amps, CPT:1011sec]
(Oct 01 2025 06:57:58,   32519 sec) PistonMoveAbsWTO()    020->031 021 022 023 024 025 [30sec, 14.3Volts, 0.508Amps, CPT:1041sec]
(Oct 01 2025 06:58:39,   32560 sec) PistonMoveAbsWTO()    025->031 026 027 028 029 030 [30sec, 14.2Volts, 0.512Amps, CPT:1071sec]
(Oct 01 2025 06:59:20,   32601 sec) PistonMoveAbsWTO()    030->031 031 [1sec, 14.3Volts, 0.525Amps, CPT:1072sec]
(Oct 01 2025 07:07:05,   33066 sec) Profile()            Sample 0 initiated at 1501.3dbars for bin 5 [1500dbars].  PTS/O2,T2,TPhase,RPhase,RawTemp/NO3/pH/FSig,BbSig,TSig/Ocr: 1499.5dbars 2.8556C 34.5464PSU / 72.2uM 2.849C 53.311 8.134 692.488 / 42.0uM / -0.884480V /   54  113  573 / nan nan nan nan
(Oct 01 2025 07:11:09,   33310 sec) AscentControlAgent() Bouyancy nudge to 41 (v=0.068dbar/sec).
(Oct 01 2025 07:11:09,   33310 sec) PistonMoveAbsWTO()    031->041 032 033 034 035 036 [30sec, 14.5Volts, 0.491Amps, CPT:1102sec]
(Oct 01 2025 07:11:50,   33351 sec) PistonMoveAbsWTO()    036->041 037 038 039 040 041 [25sec, 14.3Volts, 0.494Amps, CPT:1127sec]
(Oct 01 2025 07:23:53,   34074 sec) Profile()            Sample 1 initiated at 1401.9dbars for bin 6 [1400dbars].  PTS/O2,T2,TPhase,RPhase,RawTemp/NO3/pH/FSig,BbSig,TSig/Ocr: 1399.7dbars 3.0388C 34.5290PSU / 66.7uM 3.031C 53.815 8.147 686.994 / 42.3uM / -0.884409V /   54  113  573 / nan nan nan nan
(Oct 01 2025 07:41:46,   35147 sec) Profile()            Sample 2 initiated at 1301.8dbars for bin 7 [1300dbars].  PTS/O2,T2,TPhase,RPhase,RawTemp/NO3/pH/FSig,BbSig,TSig/Ocr: 1300.1dbars 3.2113C 34.5151PSU / 63.3uM 3.204C 54.123 8.152 681.726 / 42.5uM / -0.884005V /   54  113  573 / nan nan nan nan
(Oct 01 2025 07:46:57,   35458 sec) AscentControlAgent() Bouyancy nudge to 51 (v=0.076dbar/sec).
(Oct 01 2025 07:46:57,   35458 sec) PistonMoveAbsWTO()    041->051 042 043 044 045 046 [30sec, 14.6Volts, 0.452Amps, CPT:1157sec]
(Oct 01 2025 07:47:38,   35499 sec) PistonMoveAbsWTO()    046->051 047 048 049 050 051 [25sec, 14.4Volts, 0.450Amps, CPT:1182sec]
(Oct 01 2025 08:00:47,   36288 sec) Profile()            Sample 3 initiated at 1201.5dbars for bin 8 [1200dbars].  PTS/O2,T2,TPhase,RPhase,RawTemp/NO3/pH/FSig,BbSig,TSig/Ocr: 1199.8dbars 3.4188C 34.4902PSU / 56.4uM 3.411C 54.811 8.156 675.446 / 42.8uM / -0.883839V /   54  113  572 / nan nan nan nan
(Oct 01 2025 08:07:26,   36687 sec) AscentControlAgent() Bouyancy nudge to 61 (v=0.074dbar/sec).
(Oct 01 2025 08:07:26,   36687 sec) PistonMoveAbsWTO()    051->061 052 053 054 055 056 [30sec, 14.6Volts, 0.431Amps, CPT:1212sec]
(Oct 01 2025 08:08:07,   36728 sec) PistonMoveAbsWTO()    056->061 057 058 059 060 061 [24sec, 14.5Volts, 0.423Amps, CPT:1236sec]
(Oct 01 2025 08:19:24,   37405 sec) Profile()            Sample 4 initiated at 1102.0dbars for bin 9 [1100dbars].  PTS/O2,T2,TPhase,RPhase,RawTemp/NO3/pH/FSig,BbSig,TSig/Ocr: 1099.9dbars 3.6707C 34.4492PSU / 46.8uM 3.663C 55.860 8.160 667.789 / 43.2uM / -0.884120V /   54  114  572 / nan nan nan nan
(Oct 01 2025 08:38:23,   38544 sec) Profile()            Sample 5 initiated at 1001.9dbars for bin 10 [1000dbars].  PTS/O2,T2,TPhase,RPhase,RawTemp/NO3/pH/FSig,BbSig,TSig/Ocr: 1000.4dbars 3.8892C 34.3923PSU / 36.4uM 3.879C 57.084 8.166 661.188 / 43.6uM / -0.884433V /   55  113  572 / nan nan nan nan
(Oct 01 2025 08:38:24,   38545 sec) AscentControlAgent() Bouyancy nudge to 71 (v=0.075dbar/sec).
(Oct 01 2025 08:38:25,   38546 sec) PistonMoveAbsWTO()    061->071 062 063 064 065 066 [30sec, 14.7Volts, 0.394Amps, CPT:1266sec]
(Oct 01 2025 08:39:06,   38587 sec) PistonMoveAbsWTO()    066->071 067 068 069 070 071 [23sec, 14.5Volts, 0.387Amps, CPT:1289sec]
(Oct 01 2025 08:42:06,   38767 sec) Sbe41cpStartCP()     Continuous profile started.
(Oct 01 2025 08:46:57,   39058 sec) Profile()            Sample 6 initiated at 951.2dbars for bin 11 [950dbars].  PTS/O2,T2,TPhase,RPhase,RawTemp/NO3/pH/FSig,BbSig,TSig/Ocr: 951.1dbars 4.0736C 34.3739PSU / 34.1uM 4.065C 57.342 8.170 655.502 / 43.6uM / -0.884057V /   54  114  571 / nan nan nan nan
(Oct 01 2025 08:56:46,   39647 sec) Profile()            Sample 7 initiated at 901.5dbars for bin 12 [900dbars].  PTS/O2,T2,TPhase,RPhase,RawTemp/NO3/pH/FSig,BbSig,TSig/Ocr: 901.5dbars 4.1414C 34.3240PSU / 30.0uM 4.134C 57.865 8.171 653.397 / 43.8uM / -0.884405V /   55  115  571 / nan nan nan nan
(Oct 01 2025 08:58:38,   39759 sec) AscentControlAgent() Bouyancy nudge to 81 (v=0.072dbar/sec).
(Oct 01 2025 08:58:38,   39759 sec) PistonMoveAbsWTO()    071->081 072 073 074 075 076 [30sec, 14.5Volts, 0.369Amps, CPT:1319sec]
(Oct 01 2025 08:59:19,   39800 sec) PistonMoveAbsWTO()    076->081 077 078 079 080 081 [24sec, 14.4Volts, 0.370Amps, CPT:1343sec]
(Oct 01 2025 09:06:35,   40236 sec) Profile()            Sample 8 initiated at 851.5dbars for bin 13 [850dbars].  PTS/O2,T2,TPhase,RPhase,RawTemp/NO3/pH/FSig,BbSig,TSig/Ocr: 851.4dbars 4.3601C 34.2691PSU / 29.9uM 4.355C 57.831 8.175 646.628 / 43.5uM / -0.884157V /   55  115  571 / nan nan nan nan
(Oct 01 2025 09:13:58,   40679 sec) AscentControlAgent() Bouyancy nudge to 91 (v=0.078dbar/sec).
(Oct 01 2025 09:13:58,   40679 sec) PistonMoveAbsWTO()    081->091 082 083 084 085 086 [30sec, 14.6Volts, 0.347Amps, CPT:1373sec]
(Oct 01 2025 09:14:39,   40720 sec) PistonMoveAbsWTO()    086->091 087 088 089 090 091 [24sec, 14.5Volts, 0.341Amps, CPT:1397sec]
(Oct 01 2025 09:16:34,   40835 sec) Profile()            Sample 9 initiated at 801.4dbars for bin 14 [800dbars].  PTS/O2,T2,TPhase,RPhase,RawTemp/NO3/pH/FSig,BbSig,TSig/Ocr: 801.3dbars 4.5196C 34.2189PSU / 34.0uM 4.516C 57.239 8.179 641.660 / 42.8uM / -0.883341V /   55  117  571 / nan nan nan nan
(Oct 01 2025 09:25:06,   41347 sec) Profile()            Sample 10 initiated at 751.5dbars for bin 15 [750dbars].  PTS/O2,T2,TPhase,RPhase,RawTemp/NO3/pH/FSig,BbSig,TSig/Ocr: 751.4dbars 4.7840C 34.1653PSU / 42.8uM 4.775C 56.030 8.183 633.705 / 41.9uM / -0.882133V /   54  116  571 / nan nan nan nan
(Oct 01 2025 09:34:54,   41935 sec) Profile()            Sample 11 initiated at 701.8dbars for bin 16 [700dbars].  PTS/O2,T2,TPhase,RPhase,RawTemp/NO3/pH/FSig,BbSig,TSig/Ocr: 701.7dbars 5.0790C 34.1194PSU / 56.2uM 5.069C 54.296 8.188 624.610 / 40.4uM / -0.880336V /   56  117  570 / nan nan nan nan
(Oct 01 2025 09:40:04,   42245 sec) AscentControlAgent() Bouyancy nudge to 101 (v=0.075dbar/sec).
(Oct 01 2025 09:40:05,   42246 sec) PistonMoveAbsWTO()    091->101 092 093 094 095 096 [30sec, 14.6Volts, 0.319Amps, CPT:1427sec]
(Oct 01 2025 09:40:46,   42287 sec) PistonMoveAbsWTO()    096->101 097 098 099 100 101 [22sec, 14.5Volts, 0.313Amps, CPT:1449sec]
(Oct 01 2025 09:44:51,   42532 sec) Profile()            Sample 12 initiated at 651.2dbars for bin 17 [650dbars].  PTS/O2,T2,TPhase,RPhase,RawTemp/NO3/pH/FSig,BbSig,TSig/Ocr: 651.1dbars 5.4384C 34.0776PSU / 73.2uM 5.430C 52.233 8.195 613.425 / 38.8uM / -0.878201V /   54  117  570 / nan nan nan nan
(Oct 01 2025 09:54:07,   43088 sec) Profile()            Sample 13 initiated at 601.9dbars for bin 18 [600dbars].  PTS/O2,T2,TPhase,RPhase,RawTemp/NO3/pH/FSig,BbSig,TSig/Ocr: 601.8dbars 5.9864C 34.0310PSU / 103.3uM 5.978C 48.969 8.207 596.399 / 35.6uM / -0.874484V /   54  121  569 / nan nan nan nan
(Oct 01 2025 09:55:25,   43166 sec) AscentControlAgent() Bouyancy nudge to 111 (v=0.079dbar/sec).
(Oct 01 2025 09:55:26,   43167 sec) PistonMoveAbsWTO()    101->111 102 103 104 105 106 [30sec, 14.6Volts, 0.298Amps, CPT:1479sec]
(Oct 01 2025 09:56:07,   43208 sec) PistonMoveAbsWTO()    106->111 107 108 109 110 111 [22sec, 14.5Volts, 0.295Amps, CPT:1501sec]
(Oct 01 2025 10:03:31,   43652 sec) Profile()            Sample 14 initiated at 551.5dbars for bin 19 [550dbars].  PTS/O2,T2,TPhase,RPhase,RawTemp/NO3/pH/FSig,BbSig,TSig/Ocr: 551.5dbars 6.9364C 34.0055PSU / 146.2uM 6.927C 44.880 8.230 566.664 / 30.6uM / -0.868830V /   53  118  568 / nan nan nan nan
(Oct 01 2025 10:13:20,   44241 sec) Profile()            Sample 15 initiated at 501.4dbars for bin 20 [500dbars].  PTS/O2,T2,TPhase,RPhase,RawTemp/NO3/pH/FSig,BbSig,TSig/Ocr: 501.3dbars 7.9399C 34.0157PSU / 183.1uM 7.941C 41.753 8.254 534.640 / 26.0uM / -0.863573V /   52  118  566 / nan nan nan nan
(Oct 01 2025 10:15:44,   44385 sec) AscentControlAgent() Bouyancy nudge to 121 (v=0.079dbar/sec).
(Oct 01 2025 10:15:45,   44386 sec) PistonMoveAbsWTO()    111->121 112 113 114 115 116 [30sec, 14.7Volts, 0.278Amps, CPT:1531sec]
(Oct 01 2025 10:16:26,   44427 sec) PistonMoveAbsWTO()    116->121 117 118 119 120 121 [21sec, 14.6Volts, 0.265Amps, CPT:1552sec]
(Oct 01 2025 10:22:36,   44797 sec) Profile()            Sample 16 initiated at 451.8dbars for bin 21 [450dbars].  PTS/O2,T2,TPhase,RPhase,RawTemp/NO3/pH/FSig,BbSig,TSig/Ocr: 451.7dbars 8.9060C 34.0414PSU / 216.8uM 8.910C 39.199 8.273 503.788 / 21.4uM / -0.858588V /   51  119  565 / 0x80069709 0x80001ec0 0x80089a09 0x7fffdfc0
(Oct 01 2025 10:32:15,   45376 sec) Profile()            Sample 17 initiated at 401.4dbars for bin 22 [400dbars].  PTS/O2,T2,TPhase,RPhase,RawTemp/NO3/pH/FSig,BbSig,TSig/Ocr: 401.3dbars 9.9592C 34.1033PSU / 237.7uM 9.959C 37.522 8.295 470.163 / 17.9uM / -0.854847V /   50  119  563 / 0x80069fdb 0x80000ff6 0x800880ad 0x7fffcd52
(Oct 01 2025 10:36:35,   45636 sec) Profile()            Sample 18 initiated at 381.7dbars for bin 23 [380dbars].  PTS/O2,T2,TPhase,RPhase,RawTemp/NO3/pH/FSig,BbSig,TSig/Ocr: 381.6dbars 10.3195C 34.1242PSU / 241.2uM 10.327C 37.152 8.303 458.320 / 17.0uM / -0.853892V /   50  120  562 / 0x80069724 0x7ffffb00 0x80087336 0x7fffc7ed
(Oct 01 2025 10:36:36,   45637 sec) AscentControlAgent() Bouyancy nudge to 131 (v=0.076dbar/sec).
(Oct 01 2025 10:36:36,   45637 sec) PistonMoveAbsWTO()    121->131 122 123 124 125 126 [30sec, 14.7Volts, 0.250Amps, CPT:1582sec]
(Oct 01 2025 10:37:18,   45679 sec) PistonMoveAbsWTO()    126->131 127 128 129 130 131 [23sec, 14.6Volts, 0.250Amps, CPT:1605sec]
(Oct 01 2025 10:40:21,   45862 sec) Profile()            Sample 19 initiated at 361.2dbars for bin 24 [360dbars].  PTS/O2,T2,TPhase,RPhase,RawTemp/NO3/pH/FSig,BbSig,TSig/Ocr: 361.1dbars 10.8412C 34.1512PSU / 243.9uM 10.833C 36.759 8.311 441.975 / 15.7uM / -0.852579V /   50  117  562 / 0x8006a576 0x7ffffc5b 0x800889a4 0x7fffc889
(Oct 01 2025 10:41:56,   45957 sec) Profile()            Sample 20 initiated at 351.7dbars for bin 25 [350dbars].  PTS/O2,T2,TPhase,RPhase,RawTemp/NO3/pH/FSig,BbSig,TSig/Ocr: 351.6dbars 11.1041C 34.1718PSU / 244.8uM 11.108C 36.569 8.317 433.055 / 15.0uM / -0.852007V /   51  119  562 / 0x8006a8ed 0x7ffff0ad 0x80087064 0x7fffd0ad
(Oct 01 2025 10:43:42,   46063 sec) Profile()            Sample 21 initiated at 341.0dbars for bin 26 [340dbars].  PTS/O2,T2,TPhase,RPhase,RawTemp/NO3/pH/FSig,BbSig,TSig/Ocr: 340.9dbars 11.3546C 34.1836PSU / 246.0uM 11.348C 36.391 8.323 425.287 / 14.5uM / -0.851404V /   50  120  561 / 0x80069f09 0x7ffffbc9 0x80086d9b 0x7fffc7a4
(Oct 01 2025 10:45:17,   46158 sec) Profile()            Sample 22 initiated at 331.7dbars for bin 27 [330dbars].  PTS/O2,T2,TPhase,RPhase,RawTemp/NO3/pH/FSig,BbSig,TSig/Ocr: 331.6dbars 11.6815C 34.2064PSU / 246.2uM 11.674C 36.216 8.332 414.708 / 13.8uM / -0.850748V /   50  119  561 / 0x80069a52 0x7ffffd9b 0x80086c89 0x7fffc1d2
(Oct 01 2025 10:47:03,   46264 sec) Profile()            Sample 23 initiated at 321.0dbars for bin 28 [320dbars].  PTS/O2,T2,TPhase,RPhase,RawTemp/NO3/pH/FSig,BbSig,TSig/Ocr: 320.9dbars 11.8490C 34.2202PSU / 247.3uM 11.849C 36.069 8.340 409.004 / 13.3uM / -0.850095V /   50  118  560 / 0x8006952d 0x7fffdf64 0x80086edb 0x7fffcf49
(Oct 01 2025 10:48:38,   46359 sec) Profile()            Sample 24 initiated at 311.6dbars for bin 29 [310dbars].  PTS/O2,T2,TPhase,RPhase,RawTemp/NO3/pH/FSig,BbSig,TSig/Ocr: 311.5dbars 12.2253C 34.2492PSU / 248.8uM 12.218C 35.813 8.347 396.995 / 12.7uM / -0.849486V /   50  118  560 / 0x800695c9 0x7fffea2d 0x800877c9 0x7fffbfe4
(Oct 01 2025 10:50:24,   46465 sec) Profile()            Sample 25 initiated at 301.6dbars for bin 30 [300dbars].  PTS/O2,T2,TPhase,RPhase,RawTemp/NO3/pH/FSig,BbSig,TSig/Ocr: 301.4dbars 12.4815C 34.2728PSU / 250.1uM 12.465C 35.622 8.353 388.957 / 12.1uM / -0.848956V /   50  117  560 / 0x8006b040 0x7fffeb12 0x8008666d 0x7fffba00
(Oct 01 2025 10:52:21,   46582 sec) Profile()            Sample 26 initiated at 291.1dbars for bin 31 [290dbars].  PTS/O2,T2,TPhase,RPhase,RawTemp/NO3/pH/FSig,BbSig,TSig/Ocr: 291.0dbars 12.7106C 34.2742PSU / 249.1uM 12.709C 35.550 8.356 380.983 / 11.6uM / -0.848488V /   50  117  559 / 0x8006842d 0x7fffdb92 0x80086340 0x7fffbca4
(Oct 01 2025 10:54:18,   46699 sec) Profile()            Sample 27 initiated at 281.8dbars for bin 32 [280dbars].  PTS/O2,T2,TPhase,RPhase,RawTemp/NO3/pH/FSig,BbSig,TSig/Ocr: 281.7dbars 12.9761C 34.2964PSU / 249.9uM 12.976C 35.378 8.360 372.277 / 10.9uM / -0.847690V /   50  117  559 / 0x80068d52 0x7fffe7db 0x80085b36 0x7fffae40
(Oct 01 2025 10:56:48,   46849 sec) Profile()            Sample 28 initiated at 271.4dbars for bin 33 [270dbars].  PTS/O2,T2,TPhase,RPhase,RawTemp/NO3/pH/FSig,BbSig,TSig/Ocr: 271.3dbars 13.5719C 34.3389PSU / 251.7uM 13.562C 35.003 8.367 353.078 / 9.7uM / -0.846705V /   50  120  558 / 0x8006886d 0x7fffe876 0x8008536d 0x7fffb0db
(Oct 01 2025 10:57:22,   46883 sec) AscentControlAgent() Bouyancy nudge to 141 (v=0.070dbar/sec).
(Oct 01 2025 10:57:22,   46883 sec) PistonMoveAbsWTO()    131->141 132 133 134 135 136 [30sec, 14.7Volts, 0.226Amps, CPT:1635sec]
(Oct 01 2025 10:58:03,   46924 sec) PistonMoveAbsWTO()    136->141 137 138 139 140 141 [21sec, 14.7Volts, 0.227Amps, CPT:1656sec]
(Oct 01 2025 10:59:14,   46995 sec) Profile()            Sample 29 initiated at 261.1dbars for bin 34 [260dbars].  PTS/O2,T2,TPhase,RPhase,RawTemp/NO3/pH/FSig,BbSig,TSig/Ocr: 261.0dbars 13.8020C 34.3609PSU / 253.0uM 13.810C 34.817 8.375 344.967 / 9.2uM / -0.845962V /   50  118  558 / 0x80068e5b 0x7fffcb09 0x800866b6 0x7fffa36d
(Oct 01 2025 11:01:00,   47101 sec) Profile()            Sample 30 initiated at 251.3dbars for bin 35 [250dbars].  PTS/O2,T2,TPhase,RPhase,RawTemp/NO3/pH/FSig,BbSig,TSig/Ocr: 251.2dbars 14.0554C 34.3853PSU / 255.0uM 14.058C 34.602 8.380 336.838 / 8.8uM / -0.845451V /   51  118  557 / 0x80068e2d 0x7fffbf76 0x80086f6d 0x7fffad92
(Oct 01 2025 11:02:46,   47207 sec) Profile()            Sample 31 initiated at 241.3dbars for bin 36 [240dbars].  PTS/O2,T2,TPhase,RPhase,RawTemp/NO3/pH/FSig,BbSig,TSig/Ocr: 241.2dbars 14.4206C 34.4115PSU / 254.7uM 14.412C 34.448 8.382 325.214 / 8.0uM / -0.844835V /   51  119  557 / 0x80068276 0x7fffbddb 0x8008575b 0x7fff92ed
(Oct 01 2025 11:04:32,   47313 sec) Profile()            Sample 32 initiated at 231.6dbars for bin 37 [230dbars].  PTS/O2,T2,TPhase,RPhase,RawTemp/NO3/pH/FSig,BbSig,TSig/Ocr: 231.6dbars 14.7259C 34.4318PSU / 255.0uM 14.723C 34.282 8.388 314.977 / 7.5uM / -0.844273V /   52  120  556 / 0x8006895b 0x7fffc180 0x80085352 0x7fff9df6
(Oct 01 2025 11:06:18,   47419 sec) Profile()            Sample 33 initiated at 221.6dbars for bin 38 [220dbars].  PTS/O2,T2,TPhase,RPhase,RawTemp/NO3/pH/FSig,BbSig,TSig/Ocr: 221.5dbars 14.8902C 34.4428PSU / 257.2uM 14.899C 34.096 8.392 309.206 / 6.8uM / -0.843541V /   54  119  556 / 0x800679c9 0x7fffaf80 0x80085589 0x7fff911b
(Oct 01 2025 11:08:04,   47525 sec) Profile()            Sample 34 initiated at 212.0dbars for bin 39 [210dbars].  PTS/O2,T2,TPhase,RPhase,RawTemp/NO3/pH/FSig,BbSig,TSig/Ocr: 211.9dbars 15.2091C 34.4589PSU / 260.6uM 15.208C 33.790 8.396 299.027 / 6.1uM / -0.842743V /   55  132  555 / 0x80067149 0x7fffb164 0x80084e49 0x7fff8d09
(Oct 01 2025 11:10:01,   47642 sec) Profile()            Sample 35 initiated at 201.9dbars for bin 40 [200dbars].  PTS/O2,T2,TPhase,RPhase,RawTemp/NO3/pH/FSig,BbSig,TSig/Ocr: 201.8dbars 15.7106C 34.5041PSU / 259.7uM 15.708C 33.596 8.401 282.559 / 5.5uM / -0.842236V /   56  122  555 / 0x800673f6 0x7fffa0d2 0x80085536 0x7fff87e4
(Oct 01 2025 11:12:09,   47770 sec) Profile()            Sample 36 initiated at 191.7dbars for bin 41 [190dbars].  PTS/O2,T2,TPhase,RPhase,RawTemp/NO3/pH/FSig,BbSig,TSig/Ocr: 191.6dbars 16.1485C 34.5686PSU / 254.3uM 16.150C 33.639 8.408 268.018 / 5.4uM / -0.841967V /   55  123  554 / 0x800675e4 0x7fff9f89 0x80084009 0x7fff8c49
(Oct 01 2025 11:14:16,   47897 sec) Profile()            Sample 37 initiated at 181.6dbars for bin 42 [180dbars].  PTS/O2,T2,TPhase,RPhase,RawTemp/NO3/pH/FSig,BbSig,TSig/Ocr: 181.6dbars 16.4941C 34.6007PSU / 253.0uM 16.495C 33.538 8.415 256.633 / 4.6uM / -0.841269V /   58  128  554 / 0x800679db 0x7fff92ad 0x80085340 0x7fff86b6
(Oct 01 2025 11:16:35,   48036 sec) Profile()            Sample 38 initiated at 171.3dbars for bin 43 [170dbars].  PTS/O2,T2,TPhase,RPhase,RawTemp/NO3/pH/FSig,BbSig,TSig/Ocr: 171.2dbars 16.8950C 34.6416PSU / 254.9uM 16.897C 33.263 8.426 243.384 / 4.2uM / -0.840670V /   60  125  553 / 0x80066d36 0x7fff93ad 0x8008479b 0x7fff7f6d
(Oct 01 2025 11:19:04,   48185 sec) Profile()            Sample 39 initiated at 161.5dbars for bin 44 [160dbars].  PTS/O2,T2,TPhase,RPhase,RawTemp/NO3/pH/FSig,BbSig,TSig/Ocr: 161.4dbars 17.4716C 34.7264PSU / 250.7uM 17.474C 33.198 8.441 224.359 / 4.5uM / -0.840452V /   62  125  552 / 0x800656e4 0x7fffa0d2 0x80083792 0x7fff7d49
(Oct 01 2025 11:21:56,   48357 sec) Profile()            Sample 40 initiated at 151.7dbars for bin 45 [150dbars].  PTS/O2,T2,TPhase,RPhase,RawTemp/NO3/pH/FSig,BbSig,TSig/Ocr: 151.6dbars 18.0865C 34.8145PSU / 239.2uM 18.069C 33.480 8.453 204.715 / 4.6uM / -0.840336V /   62  128  552 / 0x80065a09 0x7fff7740 0x80082b40 0x7fff6b24
(Oct 01 2025 11:25:42,   48583 sec) Profile()            Sample 41 initiated at 141.7dbars for bin 46 [140dbars].  PTS/O2,T2,TPhase,RPhase,RawTemp/NO3/pH/FSig,BbSig,TSig/Ocr: 141.7dbars 18.7355C 34.8930PSU / 236.1uM 18.733C 33.336 8.462 182.849 / 4.2uM / -0.839486V /   72  132  550 / 0x80064ad2 0x7fff65d2 0x80082312 0x7fff7640
(Oct 01 2025 11:29:28,   48809 sec) Profile()            Sample 42 initiated at 131.7dbars for bin 47 [130dbars].  PTS/O2,T2,TPhase,RPhase,RawTemp/NO3/pH/FSig,BbSig,TSig/Ocr: 131.6dbars 19.4738C 34.9851PSU / 239.1uM 19.457C 32.863 8.463 158.995 / 3.2uM / -0.837960V /   87  141  549 / 0x800652c0 0x7fff6124 0x80082609 0x7fff66e4
(Oct 01 2025 11:33:15,   49036 sec) Profile()            Sample 43 initiated at 121.9dbars for bin 48 [120dbars].  PTS/O2,T2,TPhase,RPhase,RawTemp/NO3/pH/FSig,BbSig,TSig/Ocr: 121.8dbars 19.6572C 35.0094PSU / 241.0uM 19.653C 32.682 8.467 152.542 / 2.8uM / -0.837538V /   93  141  548 / 0x800640d2 0x7fff6336 0x80081609 0x7fff5449
(Oct 01 2025 11:38:07,   49328 sec) Profile()            Sample 44 initiated at 112.0dbars for bin 49 [110dbars].  PTS/O2,T2,TPhase,RPhase,RawTemp/NO3/pH/FSig,BbSig,TSig/Ocr: 112.0dbars 20.1986C 35.0657PSU / 247.2uM 20.178C 32.159 8.473 135.274 / 2.1uM / -0.836272V /  115  148  547 / 0x80062fc9 0x7fff6036 0x80081a80 0x7fff5d12
(Oct 01 2025 11:39:35,   49416 sec) AscentControlAgent() Bouyancy nudge to 146 (v=0.029dbar/sec).
(Oct 01 2025 11:39:35,   49416 sec) PistonMoveAbsWTO()    141->146 142 143 144 145 146 [25sec, 14.9Volts, 0.183Amps, CPT:1681sec]
(Oct 01 2025 11:43:02,   49623 sec) Profile()            Sample 45 initiated at 101.7dbars for bin 50 [100dbars].  PTS/O2,T2,TPhase,RPhase,RawTemp/NO3/pH/FSig,BbSig,TSig/Ocr: 101.7dbars 20.8805C 35.1179PSU / 262.8uM 20.880C 31.155 8.486 112.221 / 1.7uM / -0.834315V /  118  140  546 / 0x80065076 0x7fff3d76 0x800805a4 0x7fff5100
(Oct 01 2025 11:44:47,   49728 sec) Profile()            Sample 46 initiated at 96.7dbars for bin 51 [95dbars].  PTS/O2,T2,TPhase,RPhase,RawTemp/NO3/pH/FSig,BbSig,TSig/Ocr: 96.6dbars 21.0109C 35.1241PSU / 265.1uM 21.007C 30.999 8.487 108.051 / 1.7uM / -0.834036V /  108  145  546 / 0x80063a92 0x7fff48e4 0x80080664 0x7fff4a1b
(Oct 01 2025 11:46:35,   49836 sec) Profile()            Sample 47 initiated at 91.7dbars for bin 52 [90dbars].  PTS/O2,T2,TPhase,RPhase,RawTemp/NO3/pH/FSig,BbSig,TSig/Ocr: 91.6dbars 21.0753C 35.1279PSU / 266.7uM 21.070C 30.907 8.485 105.967 / 1.8uM / -0.833967V /   93  145  546 / 0x80061864 0x7fff49e4 0x8007fa5b 0x7fff4e2d
(Oct 01 2025 11:48:33,   49954 sec) Profile()            Sample 48 initiated at 86.9dbars for bin 53 [85dbars].  PTS/O2,T2,TPhase,RPhase,RawTemp/NO3/pH/FSig,BbSig,TSig/Ocr: 86.9dbars 21.1719C 35.1344PSU / 266.8uM 21.172C 30.861 8.484 102.637 / 1.8uM / -0.833781V /   91  144  545 / 0x8006211b 0x7fff3876 0x80080152 0x7fff43f6
(Oct 01 2025 11:49:52,   50033 sec) AscentControlAgent() Bouyancy nudge to 151 (v=0.039dbar/sec).
(Oct 01 2025 11:49:52,   50033 sec) PistonMoveAbsWTO()    146->151 147 148 149 150 151 [25sec, 14.9Volts, 0.187Amps, CPT:1706sec]
(Oct 01 2025 11:51:08,   50109 sec) Profile()            Sample 49 initiated at 81.7dbars for bin 54 [80dbars].  PTS/O2,T2,TPhase,RPhase,RawTemp/NO3/pH/FSig,BbSig,TSig/Ocr: 81.6dbars 21.4612C 35.1531PSU / 270.0uM 21.452C 30.610 8.485 93.461 / 1.7uM / -0.833167V /   85  144  545 / 0x80062592 0x7fff3649 0x8007f72d 0x7fff3aed
(Oct 01 2025 11:52:43,   50204 sec) Profile()            Sample 50 initiated at 76.3dbars for bin 55 [75dbars].  PTS/O2,T2,TPhase,RPhase,RawTemp/NO3/pH/FSig,BbSig,TSig/Ocr: 76.3dbars 21.7483C 35.1682PSU / 274.1uM 21.728C 30.327 8.488 84.423 / 2.1uM / -0.832697V /   73  144  545 / 0x80062da4 0x7fff2ac9 0x8007f580 0x7fff4fd2
(Oct 01 2025 11:54:18,   50299 sec) Profile()            Sample 51 initiated at 71.7dbars for bin 56 [70dbars].  PTS/O2,T2,TPhase,RPhase,RawTemp/NO3/pH/FSig,BbSig,TSig/Ocr: 71.6dbars 21.9698C 35.1734PSU / 276.7uM 21.958C 30.127 8.491 76.893 / 2.0uM / -0.832386V /   77  146  544 / 0x80063a6d 0x7fff23c9 0x8007fd64 0x7fff4e36
(Oct 01 2025 11:57:01,   50462 sec) Profile()            Sample 52 initiated at 67.0dbars for bin 57 [65dbars].  PTS/O2,T2,TPhase,RPhase,RawTemp/NO3/pH/FSig,BbSig,TSig/Ocr: 67.0dbars 22.8355C 35.2057PSU / 277.6uM 22.760C 29.770 8.503 50.746 / 2.0uM / -0.831709V /   74  147  544 / 0x80062d6d 0x7fff2c6d 0x8007f5c0 0x7fff3c2d
(Oct 01 2025 11:59:58,   50639 sec) AscentControlAgent() Bouyancy nudge to 156 (v=0.001dbar/sec).
(Oct 01 2025 11:59:58,   50639 sec) PistonMoveAbsWTO()    151->156 152 153 154 155 156 [25sec, 15.0Volts, 0.175Amps, CPT:1731sec]
(Oct 01 2025 12:04:32,   50913 sec) Profile()            Sample 53 initiated at 62.0dbars for bin 58 [60dbars].  PTS/O2,T2,TPhase,RPhase,RawTemp/NO3/pH/FSig,BbSig,TSig/Ocr: 62.0dbars 23.6352C 35.2510PSU / 280.3uM 23.601C 29.335 8.528 23.388 / 2.2uM / -0.831075V /   70  151  542 / 0x80061a9b 0x7fff0849 0x8007d936 0x7fff2cc0
(Oct 01 2025 12:05:06,   50947 sec) AscentControlAgent() Bouyancy nudge to 161 (v=0.025dbar/sec).
(Oct 01 2025 12:05:06,   50947 sec) PistonMoveAbsWTO()    156->161 157 158 159 160 161 [24sec, 15.0Volts, 0.168Amps, CPT:1755sec]
(Oct 01 2025 12:10:45,   51286 sec) Profile()            Sample 54 initiated at 56.9dbars for bin 59 [55dbars].  PTS/O2,T2,TPhase,RPhase,RawTemp/NO3/pH/FSig,BbSig,TSig/Ocr: 56.9dbars 25.0133C 35.3314PSU / 272.6uM 25.005C 29.101 8.540 -21.968 / 2.3uM / -0.830114V /   69  149  541 / 0x8005fe49 0x7fff1752 0x8007d100 0x7fff1592
(Oct 01 2025 12:10:46,   51287 sec) AscentControlAgent() Bouyancy nudge to 166 (v=0.012dbar/sec).
(Oct 01 2025 12:10:46,   51287 sec) PistonMoveAbsWTO()    161->166 162 163 164 165 166 [25sec, 15.0Volts, 0.173Amps, CPT:1780sec]
(Oct 01 2025 12:15:48,   51589 sec) AscentControlAgent() Bouyancy nudge to 171 (v=0.008dbar/sec).
(Oct 01 2025 12:15:48,   51589 sec) PistonMoveAbsWTO()    166->171 167 168 169 170 171 [24sec, 15.1Volts, 0.174Amps, CPT:1804sec]
(Oct 01 2025 12:20:48,   51889 sec) AscentControlAgent() Bouyancy nudge to 176 (v=0.003dbar/sec).
(Oct 01 2025 12:20:48,   51889 sec) PistonMoveAbsWTO()    171->176 172 173 174 175 176 [25sec, 15.1Volts, 0.171Amps, CPT:1829sec]
(Oct 01 2025 12:22:26,   51987 sec) Profile()            Sample 55 initiated at 51.7dbars for bin 60 [50dbars].  PTS/O2,T2,TPhase,RPhase,RawTemp/NO3/pH/FSig,BbSig,TSig/Ocr: 51.7dbars 27.0787C 35.4337PSU / 243.9uM 27.077C 29.525 8.565 -88.131 / 2.8uM / -0.828289V /   59  141  537 / 0x8005dc89 0x7ffed912 0x8007add2 0x7ffeef2d
(Oct 01 2025 12:24:12,   52093 sec) Profile()            Sample 56 initiated at 46.8dbars for bin 61 [45dbars].  PTS/O2,T2,TPhase,RPhase,RawTemp/NO3/pH/FSig,BbSig,TSig/Ocr: 46.8dbars 27.0785C 35.4342PSU / 243.6uM 27.082C 29.538 8.566 -88.265 / 2.7uM / -0.828226V /   59  140  537 / 0x8005d8f6 0x7ffed789 0x8007a5a4 0x7ffefb89
(Oct 01 2025 12:25:58,   52199 sec) Profile()            Sample 57 initiated at 41.4dbars for bin 62 [40dbars].  PTS/O2,T2,TPhase,RPhase,RawTemp/NO3/pH/FSig,BbSig,TSig/Ocr: 41.3dbars 27.0765C 35.4343PSU / 243.6uM 27.081C 29.538 8.562 -88.231 / 2.8uM / -0.828147V /   58  139  536 / 0x8005d55b 0x7ffed312 0x8007abb6 0x7ffee640
(Oct 01 2025 12:27:23,   52284 sec) Profile()            Sample 58 initiated at 36.5dbars for bin 63 [35dbars].  PTS/O2,T2,TPhase,RPhase,RawTemp/NO3/pH/FSig,BbSig,TSig/Ocr: 36.4dbars 27.0737C 35.4359PSU / 243.3uM 27.080C 29.553 8.572 -88.201 / 2.9uM / -0.828067V /   60  141  536 / 0x8005e309 0x7ffec852 0x8007a449 0x7ffef6f6
(Oct 01 2025 12:28:47,   52368 sec) Profile()            Sample 59 initiated at 31.6dbars for bin 64 [30dbars].  PTS/O2,T2,TPhase,RPhase,RawTemp/NO3/pH/FSig,BbSig,TSig/Ocr: 31.6dbars 27.0761C 35.4336PSU / 243.6uM 27.080C 29.538 8.568 -88.199 / 3.0uM / -0.828002V /   58  139  536 / 0x8005e352 0x7ffede80 0x800798e4 0x7ffef080
(Oct 01 2025 12:30:11,   52452 sec) Profile()            Sample 60 initiated at 26.7dbars for bin 65 [25dbars].  PTS/O2,T2,TPhase,RPhase,RawTemp/NO3/pH/FSig,BbSig,TSig/Ocr: 26.6dbars 27.0706C 35.4340PSU / 243.7uM 27.075C 29.536 8.566 -88.059 / 2.8uM / -0.827898V /   59  141  536 / 0x8005ef40 0x7ffecbb6 0x80079bc0 0x7ffee912
(Oct 01 2025 12:31:46,   52547 sec) Profile()            Sample 61 initiated at 21.7dbars for bin 66 [20dbars].  PTS/O2,T2,TPhase,RPhase,RawTemp/NO3/pH/FSig,BbSig,TSig/Ocr: 21.6dbars 27.0727C 35.4335PSU / 243.7uM 27.076C 29.534 8.563 -88.083 / 2.8uM / -0.827814V /   57  139  535 / 0x8005eaa4 0x7ffeb4d2 0x8007a576 0x7ffef252
(Oct 01 2025 12:33:22,   52643 sec) Profile()            Sample 62 initiated at 16.5dbars for bin 67 [15dbars].  PTS/O2,T2,TPhase,RPhase,RawTemp/NO3/pH/FSig,BbSig,TSig/Ocr: 16.5dbars 27.0687C 35.4341PSU / 243.8uM 27.073C 29.534 8.563 -87.999 / 2.8uM / -0.827740V /   59  141  535 / 0x8005dd6d 0x7ffeb300 0x8007aa24 0x7ffee8c0
(Oct 01 2025 12:34:57,   52738 sec) Profile()            Sample 63 initiated at 11.7dbars for bin 68 [10dbars].  PTS/O2,T2,TPhase,RPhase,RawTemp/NO3/pH/FSig,BbSig,TSig/Ocr: 11.7dbars 27.0711C 35.4340PSU / 243.9uM 27.073C 29.528 8.562 -88.005 / 2.9uM / -0.827726V /   59  139  535 / 0x8005d664 0x7ffed349 0x800795a4 0x7ffee780
(Oct 01 2025 12:36:21,   52822 sec) Profile()            Sample 64 initiated at 7.7dbars for bin 69 [6dbars].  PTS/O2,T2,TPhase,RPhase,RawTemp/NO3/pH/FSig,BbSig,TSig/Ocr: 7.6dbars 27.0696C 35.4344PSU / 243.9uM 27.074C 29.529 8.561 -88.010 / 2.8uM / -0.827609V /   59  139  535 / 0x8005ee24 0x7ffec840 0x80079052 0x7ffef0ad
(Oct 01 2025 12:37:08,   52869 sec) SurfaceDetect()      SurfacePressure:-0.0dbars Pressure:3.7dbars PistonPosition:176
(Oct 01 2025 12:37:08,   52869 sec) Sbe41cpStopCP()      Continuous profile stopped.
(Oct 01 2025 12:37:11,   52872 sec) PistonMoveAbsWTO()    176->198 177 178 179 180 181 182 183 184 185 186 187 188 189 190 191 192 193 194 195 196 197 198 [107sec, 15.0Volts, 0.157Amps, CPT:1936sec]
(Oct 01 2025 12:39:04,   52985 sec) chat()               Expected string [S>] not received.
(Oct 01 2025 12:41:00,   53101 sec) Sbe41cpBinAverage()  Finished averaging 14115 samples in 111 seconds.
(Oct 01 2025 12:41:05,   53106 sec) Sbe41cpUploadCP_()   Sbe41cpSerNo[20478] NSample[14115] NBin[493]
(Oct 01 2025 12:41:36,   53137 sec) Sbe41cpUploadCP_()   Continuous profile uploaded [493 lines].
(Oct 01 2025 12:41:49,   53150 sec) MscErrorLog_()       No error records to log.
(Oct 01 2025 12:42:00,   53161 sec) MscErrorLog_()       No error records to log.

<EOT>
