(Oct 21 2025 12:32:03,  452706 sec) TelemetryInit()      Profile 20. (Apf11 FwRev: 061125)
(Oct 21 2025 12:32:03,  452706 sec) TelemetryInit()      Charge consumption model: OCV:15.2V Wake-Cycles:30016 Standby:28.7days Wake:21.3kC Sensors:2.3kC
(Oct 21 2025 12:37:18,  453021 sec) GetSurfaceObs()      P/O2,T2,TPhase,RPhase,RawTemp/FSig,BbSig,TSig: 0.3dbars / 246.0uM 26.171C 29.776 8.528 -59.325 / 55,143,536
(Oct 21 2025 12:37:18,  453021 sec) GetSurfaceObs()      P/Ocr: 0.3dbars / 0x8005cced 0x7ffef076 0x800775ad 0x7ffef3d2
(Oct 21 2025 12:37:51,  453054 sec) GetSurfaceObs()      P/O2,T2,TPhase,RPhase,RawTemp/FSig,BbSig,TSig: 0.2dbars / 245.8uM 26.179C 29.779 8.524 -59.563 / 55,140,536
(Oct 21 2025 12:37:51,  453054 sec) GetSurfaceObs()      P/Ocr: 0.2dbars / 0x8005d59b 0x7ffef91b 0x80077b76 0x7ffee41b
(Oct 21 2025 12:38:24,  453087 sec) GetSurfaceObs()      P/O2,T2,TPhase,RPhase,RawTemp/FSig,BbSig,TSig: 0.2dbars / 245.5uM 26.175C 29.796 8.526 -59.441 / 56,138,536
(Oct 21 2025 12:38:24,  453087 sec) GetSurfaceObs()      P/Ocr: 0.2dbars / 0x8005c2b6 0x7ffeec2d 0x8007805b 0x7ffee52d
(Oct 21 2025 12:38:58,  453121 sec) GetSurfaceObs()      P/O2,T2,TPhase,RPhase,RawTemp/FSig,BbSig,TSig: 0.2dbars / 246.3uM 26.100C 29.786 8.524 -57.032 / 57,140,536
(Oct 21 2025 12:38:58,  453121 sec) GetSurfaceObs()      P/Ocr: 0.2dbars / 0x8005c152 0x7ffef140 0x80078bc0 0x7ffee100
(Oct 21 2025 12:42:11,  453314 sec) AirSystem()          Battery [215cnt, 15.1V]  Current [21cnt, 80.9mA]  Pneumometer [156cnt, 18.3psi]  Run-Time [92s]
(Oct 21 2025 12:42:23,  453326 sec) GetSurfaceObs()      P/O2,T2,TPhase,RPhase,RawTemp/FSig,BbSig,TSig: 0.2dbars / 247.2uM 25.541C 29.960 8.523 -39.157 / 57,140,536
(Oct 21 2025 12:42:24,  453327 sec) GetSurfaceObs()      P/Ocr: 0.2dbars / 0x8005c909 0x7ffeea09 0x80078689 0x7ffee7b6
(Oct 21 2025 12:42:57,  453360 sec) GetSurfaceObs()      P/O2,T2,TPhase,RPhase,RawTemp/FSig,BbSig,TSig: -0.0dbars / 251.1uM 24.933C 30.022 8.521 -19.650 / 56,172,536
(Oct 21 2025 12:42:57,  453360 sec) GetSurfaceObs()      P/Ocr: -0.0dbars / 0x8005c1a4 0x7ffef1ed 0x800780c9 0x7ffee952
(Oct 21 2025 12:43:30,  453393 sec) GetSurfaceObs()      P/O2,T2,TPhase,RPhase,RawTemp/FSig,BbSig,TSig: 0.2dbars / 245.6uM 25.495C 30.051 8.518 -37.690 / 56,138,536
(Oct 21 2025 12:43:30,  453393 sec) GetSurfaceObs()      P/Ocr: 0.2dbars / 0x8005cea4 0x7ffee912 0x80078309 0x7ffef189
(Oct 21 2025 12:44:03,  453426 sec) GetSurfaceObs()      P/O2,T2,TPhase,RPhase,RawTemp/FSig,BbSig,TSig: 0.2dbars / 246.2uM 25.472C 30.031 8.515 -36.948 / 54,141,536
(Oct 21 2025 12:44:03,  453426 sec) GetSurfaceObs()      P/Ocr: 0.2dbars / 0x8005c900 0x7ffee500 0x80077b49 0x7ffee9ad
(Oct 21 2025 12:44:36,  453459 sec) GetSurfaceObs()      P/O2,T2,TPhase,RPhase,RawTemp/FSig,BbSig,TSig: -0.0dbars / 248.3uM 25.179C 30.051 8.516 -27.553 / 55,138,536
(Oct 21 2025 12:44:36,  453459 sec) GetSurfaceObs()      P/Ocr: -0.0dbars / 0x8005c7c9 0x7ffef1b6 0x80078392 0x7ffef7ad
(Oct 21 2025 12:45:10,  453493 sec) GetSurfaceObs()      P/O2,T2,TPhase,RPhase,RawTemp/FSig,BbSig,TSig: -0.0dbars / 250.3uM 25.005C 30.031 8.515 -21.966 / 57,139,536
(Oct 21 2025 12:45:10,  453493 sec) GetSurfaceObs()      P/Ocr: -0.0dbars / 0x8005ccdb 0x7fff002d 0x80078840 0x7ffef124
(Oct 21 2025 12:45:43,  453526 sec) GetSurfaceObs()      P/O2,T2,TPhase,RPhase,RawTemp/FSig,BbSig,TSig: -0.0dbars / 248.1uM 25.335C 30.000 8.513 -32.544 / 57,142,536
(Oct 21 2025 12:45:43,  453526 sec) GetSurfaceObs()      P/Ocr: -0.0dbars / 0x8005cea4 0x7ffefcb6 0x80078ee4 0x7ffef212
(Oct 21 2025 12:46:16,  453559 sec) GetSurfaceObs()      P/O2,T2,TPhase,RPhase,RawTemp/FSig,BbSig,TSig: 0.2dbars / 251.3uM 25.413C 29.828 8.513 -35.048 / 57,139,536
(Oct 21 2025 12:46:16,  453559 sec) GetSurfaceObs()      P/Ocr: 0.2dbars / 0x8005d4c0 0x7ffefa36 0x80078ded 0x7ffee9a4
(Oct 21 2025 12:46:36,  453579 sec) AirSystem()          Battery [216cnt, 15.2V]  Current [20cnt, 79.9mA]  Pneumometer [157cnt, 18.5psi]  Run-Time [9s]
(Oct 21 2025 12:47:10,  453613 sec) GetSurfaceObs()      P/O2,T2,TPhase,RPhase,RawTemp/FSig,BbSig,TSig: -0.0dbars / 259.0uM 24.713C 29.770 8.513 -12.544 / 55,147,536
(Oct 21 2025 12:47:10,  453613 sec) GetSurfaceObs()      P/Ocr: -0.0dbars / 0x8005c19b 0x7ffef536 0x8007a2a4 0x7ffef692
(Oct 21 2025 12:47:13,  453616 sec) GpsServices()        GPS almanac is current.
(Oct 21 2025 12:47:13,  453616 sec) GpsServices()        Initiating GPS fix acquisition.
(Oct 21 2025 12:47:20,  453623 sec) gga()                $GPGGA,124720,2740.4038,N,15800.1259,W,0,00,,,M,,M,,*40
(Oct 21 2025 12:47:31,  453634 sec) gga()                $GPGGA,124730,2740.4038,N,15800.1259,W,0,00,,,M,,M,,*41
(Oct 21 2025 12:47:46,  453649 sec) gga()                $GPGGA,124750,2740.4038,N,15800.1259,W,0,00,,,M,,M,,*47
(Oct 21 2025 12:47:55,  453658 sec) gga()                $GPGGA,124800,2740.4038,N,15800.1259,W,0,00,,,M,,M,,*4D
(Oct 21 2025 12:48:05,  453668 sec) gga()                $GPGGA,124810,2740.4038,N,15800.1259,W,0,00,,,M,,M,,*4C
(Oct 21 2025 12:48:15,  453678 sec) gga()                $GPGGA,124820,2740.4038,N,15800.1259,W,0,00,,,M,,M,,*4F
(Oct 21 2025 12:48:25,  453688 sec) gga()                $GPGGA,124830,2740.4038,N,15800.1259,W,0,00,,,M,,M,,*4E
(Oct 21 2025 12:48:35,  453698 sec) gga()                $GPGGA,124840,2740.4038,N,15800.1259,W,0,00,,,M,,M,,*49
(Oct 21 2025 12:48:45,  453708 sec) gga()                $GPGGA,124850,2740.4038,N,15800.1259,W,0,00,,,M,,M,,*48
(Oct 21 2025 12:48:55,  453718 sec) gga()                $GPGGA,124900,2740.4038,N,15800.1259,W,0,00,,,M,,M,,*4C
(Oct 21 2025 12:49:05,  453728 sec) gga()                $GPGGA,124910,2740.4038,N,15800.1259,W,0,00,,,M,,M,,*4D
(Oct 21 2025 12:49:25,  453748 sec) gga()                $GPGGA,124930,2740.4038,N,15800.1259,W,0,00,,,M,,M,,*4F
(Oct 21 2025 12:49:35,  453758 sec) gga()                $GPGGA,124940,2740.4038,N,15800.1259,W,0,00,,,M,,M,,*48
(Oct 21 2025 12:49:45,  453768 sec) gga()                $GPGGA,124950,2740.4038,N,15800.1259,W,0,00,,,M,,M,,*49
(Oct 21 2025 12:49:55,  453778 sec) gga()                $GPGGA,125000,2740.4038,N,15800.1259,W,0,00,,,M,,M,,*44
(Oct 21 2025 12:50:05,  453788 sec) gga()                $GPGGA,125010,2740.4038,N,15800.1259,W,0,00,,,M,,M,,*45
(Oct 21 2025 12:50:15,  453798 sec) gga()                $GPGGA,125020,2740.4038,N,15800.1259,W,0,00,,,M,,M,,*46
(Oct 21 2025 12:50:27,  453810 sec) gga()                $GPGGA,125030,2740.1422,N,15802.8552,W,1,07,1.0,-3.6,M,-5.7,M,,*64
(Oct 21 2025 12:50:27,  453810 sec) GpsServices()        Profile 20 GPS fix obtained in 194 seconds.
(Oct 21 2025 12:50:27,  453810 sec) GpsServices()                   lon      lat mm/dd/yyyy hhmmss nsat
(Oct 21 2025 12:50:27,  453810 sec) GpsServices()        Fix: -158.0476  27.6690 10/21/2025 125030    7
(Oct 21 2025 12:50:36,  453819 sec) gga()                $GPGGA,125040,2740.1416,N,15802.8558,W,1,07,1.0,-3.8,M,-5.7,M,,*60
(Oct 21 2025 12:50:45,  453828 sec) gga()                $GPGGA,125050,2740.1405,N,15802.8550,W,1,07,1.0,-4.1,M,-5.7,M,,*65
(Oct 21 2025 12:50:45,  453828 sec) GpsServices()        APF11 RTC skew (-5s) OK.
(Oct 21 2025 12:50:46,  453829 sec) LogNmeaSentences()   1,291,34,08,39,321,39,10,67,030,44,16,47,221,41*75
(Oct 21 2025 12:50:46,  453829 sec) LogNmeaSentences()   $GPGSV,3,2,09,18,12,070,30,23,25,038,38,26,22,189,39,27,71,345,43*71
(Oct 21 2025 12:50:46,  453829 sec) LogNmeaSentences()   $GPGSV,3,3,09,32,35,131,45*45
(Oct 21 2025 12:50:55,  453838 sec) LogNmeaSentences()   $GPRMC,125100,A,2740.1398,N,15802.8550,W,000.0,188.9,211025,010.4,E*6F
(Oct 21 2025 12:50:55,  453838 sec) LogNmeaSentences()   $GPGGA,125100,2740.1398,N,15802.8550,W,1,08,1.0,-3.6,M,-5.7,M,,*6D
(Oct 21 2025 12:50:56,  453839 sec) LogNmeaSentences()   $GPGSA,A,3,02,08,10,16,,23,26,27,32,,,,1.3,1.0,0.9*35
(Oct 21 2025 12:50:56,  453839 sec) LogNmeaSentences()   $GPGSV,3,1,09,02,21,291,38,08,39,321,39,10,67,030,44,16,47,221,41*79
(Oct 21 2025 12:50:56,  453839 sec) LogNmeaSentences()   $GPGSV,3,2,09,18,12,070,33,23,25,038,37,26,22,189,36,27,71,345,43*72
(Oct 21 2025 12:50:56,  453839 sec) LogNmeaSentences()   $GPGSV,3,3,09,32,35,131,41*41
(Oct 21 2025 12:50:56,  453839 sec) LogNmeaSentences()   $PGRMT,GPS 15x-L software ver. 4.50,,,,,,,,*76
(Oct 21 2025 12:51:05,  453848 sec) LogNmeaSentences()   $GPRMC,125110,A,2740.1389,N,15802.8546,W,000.8,207.5,211025,010.4,E*69
(Oct 21 2025 12:51:05,  453848 sec) LogNmeaSentences()   $GPGGA,125110,2740.1389,N,15802.8546,W,1,08,1.0,-3.8,M,-5.7,M,,*65
(Oct 21 2025 12:51:06,  453849 sec) LogNmeaSentences()   $GPGSA,A,3,02,08,10,16,,23,26,27,32,,,,1.3,1.0,0.9*35
(Oct 21 2025 12:51:06,  453849 sec) LogNmeaSentences()   $GPGSV,3,1,09,02,21,291,41,08,39,321,40,10,67,030,42,16,47,221,41*7F
(Oct 21 2025 12:51:06,  453849 sec) LogNmeaSentences()   $GPGSV,3,2,09,18,12,070,29,23,25,038,32,26,22,189,39,27,71,345,41*71
(Oct 21 2025 12:51:06,  453849 sec) LogNmeaSentences()   $GPGSV,3,3,09,32,35,130,39*4F
(Oct 21 2025 12:51:15,  453858 sec) LogNmeaSentences()   $GPRMC,125120,A,2740.1374,N,15802.8539,W,001.2,188.4,211025,010.4,E*6E
(Oct 21 2025 12:51:15,  453858 sec) LogNmeaSentences()   $GPGGA,125120,2740.1374,N,15802.8539,W,1,08,1.0,-2.6,M,-5.7,M,,*63
(Oct 21 2025 12:51:16,  453859 sec) LogNmeaSentences()   $GPGSA,A,3,02,08,10,16,,23,26,27,32,,,,1.3,1.0,0.9*35
(Oct 21 2025 12:51:16,  453859 sec) LogNmeaSentences()   $GPGSV,3,1,09,02,21,291,38,08,39,321,39,10,67,030,43,16,47,221,41*7E
(Oct 21 2025 12:51:16,  453859 sec) LogNmeaSentences()   $GPGSV,3,2,09,18,12,070,35,23,25,038,36,26,22,189,37,27,71,345,42*75
(Oct 21 2025 12:51:16,  453859 sec) LogNmeaSentences()   $GPGSV,3,3,09,32,35,130,42*43
(Oct 21 2025 12:51:25,  453868 sec) LogNmeaSentences()   $GPRMC,125130,A,2740.1370,N,15802.8544,W,000.9,233.1,211025,010.4,E*6D
(Oct 21 2025 12:51:25,  453868 sec) GpsServices()        GPS services complete.
(Oct 21 2025 12:52:00,  453903 sec) IrGeoLoc()           <x,y,z>=<-5240km,-2116km,2944km> lat=27.675 lon=-158.010 IrSysTime=0xeeef24ee
(Oct 21 2025 12:52:04,  453907 sec) CLogin()             Connecting to primary host.
(Oct 21 2025 12:52:14,  453917 sec) CLogin()             Connection 1 established in 10 seconds.
(Oct 21 2025 12:52:22,  453925 sec) login()              Login successful.
(Oct 21 2025 12:52:27,  453930 sec) CLogin()             Logged in to host.  [Login required 13 seconds]
(Oct 21 2025 12:52:29,  453932 sec) RxConfig()           Downloading "mission.cfg" from host.
(Oct 21 2025 12:52:46,  453949 sec) RxConfig()           Download successful: [bytes:48, sec:15.2, bps:3]
(Oct 21 2025 12:52:50,  453953 sec) WriteVitals_()       Writing vitals to "23808.020.msg".
(Oct 21 2025 12:52:58,  453961 sec) UpLoadFile()         Uploading "23808.020.log" to host.
(Oct 21 2025 12:56:43,  454186 sec) sendline()           Blocking CTS signal, aborting ZMODEM transfer.
(Oct 21 2025 12:56:44,  454187 sec) UpLoadFile()         Upload failed.
(Oct 21 2025 12:58:04,  454267 sec) CLogin()             Connecting to primary host.
(Oct 21 2025 12:58:18,  454281 sec) CLogin()             Connection 2 established in 14 seconds.
(Oct 21 2025 12:58:29,  454292 sec) login()              Login successful.
(Oct 21 2025 12:58:35,  454298 sec) CLogin()             Logged in to host.  [Login required 17 seconds]
(Oct 21 2025 12:58:38,  454301 sec) UpLoadFile()         Uploading "23808.020.log" to host.
(Oct 21 2025 12:59:48,  454371 sec) UpLoadFile()         Upload successful: [bytes:12200, sec:69.9, bps:175]
(Oct 21 2025 12:59:49,  454372 sec) fmove()              Moved: 23808.020.log -> archive/23808.020.log
(Oct 21 2025 12:59:53,  454376 sec) UpLoadFile()         Uploading "23808.020.msg" to host.
(Oct 21 2025 13:02:33,  454536 sec) UpLoadFile()         Upload successful: [bytes:32238, sec:160.0, bps:201]
(Oct 21 2025 13:02:34,  454537 sec) fmove()              Moved: 23808.020.msg -> archive/23808.020.msg
(Oct 21 2025 13:02:37,  454540 sec) UpLoadFile()         Uploading "23808.020.isus" to host.
(Oct 21 2025 13:06:03,  454746 sec) UpLoadFile()         Upload successful: [bytes:24793, sec:205.2, bps:121]
(Oct 21 2025 13:06:04,  454747 sec) fmove()              Moved: 23808.020.isus -> archive/23808.020.isus
(Oct 21 2025 13:06:10,  454753 sec) UpLoadFile()         Uploading "23808.020.dura" to host.
(Oct 21 2025 13:07:22,  454825 sec) UpLoadFile()         Upload successful: [bytes:12205, sec:72.4, bps:169]
(Oct 21 2025 13:07:24,  454827 sec) fmove()              Moved: 23808.020.dura -> archive/23808.020.dura
(Oct 21 2025 13:07:25,  454828 sec) UpLoad()             Files successfully uploaded: 4
(Oct 21 2025 13:07:25,  454828 sec) UpLoad()             Upload complete.
(Oct 21 2025 13:07:32,  454835 sec) chat()               Expected string [logout] not received.
(Oct 21 2025 13:07:32,  454835 sec) logout()             Attempt to log-out failed.
(Oct 21 2025 13:07:32,  454835 sec) logout()             No carrier detected.
(Oct 21 2025 13:07:32,  454835 sec) Telemetry()          Telemetry cycle complete: PrfId=20 ConnectionAttempts=2  Connections=2
(Oct 21 2025 13:07:32,  454835 sec) TelemetryTerminate() Parsing new mission configuration.
(Oct 21 2025 13:07:33,  454836 sec) configure()          Parsing configurators in "mission.cfg".
(Oct 21 2025 13:07:33,  454836 sec) configure()             TelemetryRetry(15)      [0x7BBC] [TelemetryRetry(15)].
(Oct 21 2025 13:07:33,  454836 sec) configure()             DownTime(7200) [CRC=0xBC7F] [DownTime(7200)].
(Oct 21 2025 13:07:33,  454836 sec) configure()          Configuration CRCs and syntax OK.
(Oct 21 2025 13:07:34,  454837 sec) ConfigSupervisor()   Configuration accepted.
(Oct 21 2025 13:07:34,  454837 sec) TelemetryTerminate() Reconditioning the file system.
(Oct 21 2025 13:07:36,       0 sec) DescentInit()        Deep profile 21 initiated at mission-time 454839sec.
(Oct 21 2025 13:07:37,       1 sec) DescentInit()        Surface pressure: 0.1dbars.
(Oct 21 2025 13:07:37,       1 sec) DescentInit()        Charge consumption model: OCV:15.0V Wake-Cycles:30017 Standby:28.7days Wake:21.3kC Sleep:2.3kC
(Oct 21 2025 13:07:49,      13 sec) DescentInit()        Pneumatic humidity: 2888(60.2%) -> 2891(60.3%)
(Oct 21 2025 13:07:49,      13 sec) PistonMoveAbsWTO()    198->053 197 196 195 194 193 192 191 190 189 188 187 186 185 184 183 182 181 180 179 178 177 176 175 174 173 172 171 170 169 168 167 166 165 164 163 162 161 160 159 158 157 156 155 154 153 152 151 150 149 148 147 146 145 144 143 142 141 140 139 138 137 136 135 134 133 132 131 130 129 128 127 126 125 124 123 122 121 120 119 118 117 116 115 114 113 112 111 110 109 108 107 106 105 104 103 102 101 100 099 098 097 096 095 094 093 092 091 090 089 088 087 086 085 084 083 082 081 080 079 078 077 076 075 074 073 072 071 070 069 068 067 066 065 064 063 062 061 060 059 058 057 056 055 054 053 [708sec, 15.0Volts, 0.127Amps, CPT:708sec]
(Oct 21 2025 13:19:41,     725 sec) DescentInit()        Air solenoid open: Barometer [208cnt,  12.2psi]  Pneumometer [107cnt,  12.5psi]
(Oct 21 2025 13:19:51,     735 sec) Descent()            Pressure: 66.4
(Oct 21 2025 14:07:36,    3600 sec) Descent()            Pressure: 499.0
(Oct 21 2025 15:07:36,    7200 sec) Descent()            Pressure: 841.1
(Oct 21 2025 16:07:36,   10800 sec) Descent()            Pressure: 981.9
(Oct 21 2025 17:07:36,   14400 sec) Descent()            Pressure: 990.0
(Oct 21 2025 17:07:37,   14401 sec) ParkInit()           Charge consumption model: OCV:15.4V Wake-Cycles:30022 Standby:28.9days Wake:21.7kC Sensors:2.3kC
(Oct 26 2025 09:08:08,  417632 sec) CtdPower()           [ 1003.62,  3.8592, 34.3999]
(Oct 26 2025 09:08:08,  417632 sec) CtdPower()           CTD Power consumption [217VCnt 3ACnt]: 15.240Volts * 0.012Amps = 0.19Watts.
(Oct 26 2025 09:08:14,  417638 sec) ParkTerminate()      Piston Position:53 Vacuum:190 HumidityAd12:4094(inf%) Vq:219 Aq:2 Vsbe:217 Asbe:3 Vflbb:211 Aflbb:11 Vopt:210 Aopt:13 Vocr:212 Aocr:7 MuxTemp:3.864C MuxHumidity:6.9%
(Oct 26 2025 09:08:44,  417668 sec) ParkTerminate()      PTS/O2,T2,TPhase,RawTemp: 1003.6dbars 3.8582C 34.4005PSU / 36.0uM 3.851C 57.146 8.015 662.034
(Oct 26 2025 09:08:44,  417668 sec) ParkTerminate()      FLBB FSig, BbSig, TSig: 54, 113, 572 / Ocr: nan nan nan nan
(Oct 26 2025 09:08:45,  417669 sec) GoDeepInit()         Charge consumption model: OCV:15.3V Wake-Cycles:30134 Standby:33.5days Wake:21.8kC Sensors:2.3kC
(Oct 26 2025 09:08:45,  417669 sec) GoDeepInit()         Moving piston.
(Oct 26 2025 09:08:45,  417669 sec) PistonMoveAbsWTO()    053->009 052 051 050 049 048 047 046 045 044 043 042 041 040 039 038 037 036 035 034 033 032 031 030 029 028 027 026 025 024 023 022 021 020 019 018 017 016 015 014 013 012 011 010 009 [216sec, 15.0Volts, 0.056Amps, CPT:924sec]
(Oct 26 2025 13:07:36,  432000 sec) ProfileInit()        Charge consumption model: OCV:15.4V Wake-Cycles:30182 Standby:33.7days Wake:21.8kC Sensors:2.3kC
(Oct 26 2025 13:07:36,  432000 sec) ProfileInit()        PrfId:021  Pressure:1642.7dbar  pTable[4]:1600dbar
(Oct 26 2025 13:07:38,  432002 sec) ProfileInit()        Muxer PPIs K{1,2} quiescent: 15.27V, -0.1mA, -1.5mW
(Oct 26 2025 13:07:42,  432006 sec) ProfileInit()        ISUS powered up.
(Oct 26 2025 13:07:45,  432009 sec) ProfileInit()        Muxer PPIs K{1,2} w/ ISUS awake: 14.94V, 55.9mA, 834.9mW
(Oct 26 2025 13:07:52,  432016 sec) MscErrorLog_()       No error records to log.
(Oct 26 2025 13:07:58,  432022 sec) ProfileInit()        DURA powered up.
(Oct 26 2025 13:08:02,  432026 sec) ProfileInit()        Muxer PPIs K{1,2} w/ DURA awake: 15.01V, 46.5mA, 697.9mW
(Oct 26 2025 13:08:08,  432032 sec) MscErrorLog_()       No error records to log.
(Oct 26 2025 13:08:13,  432037 sec) PistonMoveAbsWTO()    009->031 010 011 012 013 014 015 [30sec, 14.5Volts, 0.559Amps, CPT:954sec]
(Oct 26 2025 13:08:54,  432078 sec) PistonMoveAbsWTO()    015->031 016 017 018 019 020 [30sec, 14.3Volts, 0.544Amps, CPT:984sec]
(Oct 26 2025 13:09:35,  432119 sec) PistonMoveAbsWTO()    020->031 021 022 023 024 025 [30sec, 14.2Volts, 0.549Amps, CPT:1014sec]
(Oct 26 2025 13:10:16,  432160 sec) PistonMoveAbsWTO()    025->031 026 027 028 029 030 [30sec, 14.1Volts, 0.545Amps, CPT:1044sec]
(Oct 26 2025 13:10:57,  432201 sec) PistonMoveAbsWTO()    030->031 031 [2sec, 14.2Volts, 0.538Amps, CPT:1046sec]
(Oct 26 2025 13:16:42,  432546 sec) Profile()            Sample 0 initiated at 1601.3dbars for bin 4 [1600dbars].  PTS/O2,T2,TPhase,RPhase,RawTemp/NO3/pH/FSig,BbSig,TSig/Ocr: 1599.0dbars 2.6481C 34.5641PSU / 77.0uM 2.643C 52.902 8.027 698.715 / 41.0uM / -0.884693V /   55  112  573 / nan nan nan nan
(Oct 26 2025 13:32:44,  433508 sec) Profile()            Sample 1 initiated at 1501.2dbars for bin 5 [1500dbars].  PTS/O2,T2,TPhase,RPhase,RawTemp/NO3/pH/FSig,BbSig,TSig/Ocr: 1499.2dbars 2.8079C 34.5496PSU / 71.9uM 2.802C 53.351 8.041 693.917 / 41.3uM / -0.884658V /   54  112  574 / nan nan nan nan
(Oct 26 2025 13:43:15,  434139 sec) AscentControlAgent() Bouyancy nudge to 41 (v=0.077dbar/sec).
(Oct 26 2025 13:43:15,  434139 sec) PistonMoveAbsWTO()    031->041 032 033 034 035 036 [30sec, 14.5Volts, 0.502Amps, CPT:1076sec]
(Oct 26 2025 13:43:56,  434180 sec) PistonMoveAbsWTO()    036->041 037 038 039 040 041 [25sec, 14.4Volts, 0.498Amps, CPT:1101sec]
(Oct 26 2025 13:51:22,  434626 sec) Profile()            Sample 2 initiated at 1401.9dbars for bin 6 [1400dbars].  PTS/O2,T2,TPhase,RPhase,RawTemp/NO3/pH/FSig,BbSig,TSig/Ocr: 1400.0dbars 2.9701C 34.5368PSU / 68.3uM 2.963C 53.675 8.043 689.028 / 41.5uM / -0.884397V /   55  112  573 / nan nan nan nan
(Oct 26 2025 14:03:43,  435367 sec) AscentControlAgent() Bouyancy nudge to 51 (v=0.079dbar/sec).
(Oct 26 2025 14:03:43,  435367 sec) PistonMoveAbsWTO()    041->051 042 043 044 045 046 [30sec, 14.5Volts, 0.477Amps, CPT:1131sec]
(Oct 26 2025 14:04:24,  435408 sec) PistonMoveAbsWTO()    046->051 047 048 049 050 051 [25sec, 14.4Volts, 0.470Amps, CPT:1156sec]
(Oct 26 2025 14:10:12,  435756 sec) Profile()            Sample 3 initiated at 1301.2dbars for bin 7 [1300dbars].  PTS/O2,T2,TPhase,RPhase,RawTemp/NO3/pH/FSig,BbSig,TSig/Ocr: 1299.0dbars 3.1905C 34.5146PSU / 61.4uM 3.183C 54.334 8.047 682.364 / 42.0uM / -0.884514V /   54  116  573 / nan nan nan nan
(Oct 26 2025 14:27:32,  436796 sec) Profile()            Sample 4 initiated at 1201.4dbars for bin 8 [1200dbars].  PTS/O2,T2,TPhase,RPhase,RawTemp/NO3/pH/FSig,BbSig,TSig/Ocr: 1199.6dbars 3.4549C 34.4854PSU / 54.5uM 3.446C 55.021 8.051 674.403 / 42.2uM / -0.884509V /   54  115  572 / nan nan nan nan
(Oct 26 2025 14:34:22,  437206 sec) AscentControlAgent() Bouyancy nudge to 61 (v=0.079dbar/sec).
(Oct 26 2025 14:34:22,  437206 sec) PistonMoveAbsWTO()    051->061 052 053 054 055 056 [30sec, 14.6Volts, 0.432Amps, CPT:1186sec]
(Oct 26 2025 14:35:03,  437247 sec) PistonMoveAbsWTO()    056->061 057 058 059 060 061 [23sec, 14.4Volts, 0.437Amps, CPT:1209sec]
(Oct 26 2025 14:46:09,  437913 sec) Profile()            Sample 5 initiated at 1101.9dbars for bin 9 [1100dbars].  PTS/O2,T2,TPhase,RPhase,RawTemp/NO3/pH/FSig,BbSig,TSig/Ocr: 1100.0dbars 3.6720C 34.4509PSU / 46.3uM 3.663C 55.913 8.056 667.780 / 42.6uM / -0.884371V /   56  114  572 / nan nan nan nan
(Oct 26 2025 14:59:58,  438742 sec) AscentControlAgent() Bouyancy nudge to 71 (v=0.079dbar/sec).
(Oct 26 2025 14:59:58,  438742 sec) PistonMoveAbsWTO()    061->071 062 063 064 065 066 [30sec, 14.6Volts, 0.401Amps, CPT:1239sec]
(Oct 26 2025 15:00:39,  438783 sec) PistonMoveAbsWTO()    066->071 067 068 069 070 071 [23sec, 14.5Volts, 0.403Amps, CPT:1262sec]
(Oct 26 2025 15:05:07,  439051 sec) Profile()            Sample 6 initiated at 1001.3dbars for bin 10 [1000dbars].  PTS/O2,T2,TPhase,RPhase,RawTemp/NO3/pH/FSig,BbSig,TSig/Ocr: 999.2dbars 3.8419C 34.3987PSU / 35.8uM 3.834C 57.172 8.061 662.567 / 43.1uM / -0.884659V /   55  118  572 / nan nan nan nan
(Oct 26 2025 15:08:18,  439242 sec) Sbe41cpStartCP()     Continuous profile started.
(Oct 26 2025 15:13:31,  439555 sec) Profile()            Sample 7 initiated at 951.3dbars for bin 11 [950dbars].  PTS/O2,T2,TPhase,RPhase,RawTemp/NO3/pH/FSig,BbSig,TSig/Ocr: 951.2dbars 3.9371C 34.3670PSU / 31.0uM 3.930C 57.781 8.062 659.632 / 43.4uM / -0.885015V /   54  115  572 / nan nan nan nan
(Oct 26 2025 15:20:20,  439964 sec) AscentControlAgent() Bouyancy nudge to 81 (v=0.079dbar/sec).
(Oct 26 2025 15:20:21,  439965 sec) PistonMoveAbsWTO()    071->081 072 073 074 075 076 [30sec, 14.5Volts, 0.372Amps, CPT:1292sec]
(Oct 26 2025 15:21:02,  440006 sec) PistonMoveAbsWTO()    076->081 077 078 079 080 081 [23sec, 14.4Volts, 0.371Amps, CPT:1315sec]
(Oct 26 2025 15:23:19,  440143 sec) Profile()            Sample 8 initiated at 901.6dbars for bin 12 [900dbars].  PTS/O2,T2,TPhase,RPhase,RawTemp/NO3/pH/FSig,BbSig,TSig/Ocr: 901.5dbars 4.0275C 34.3263PSU / 25.3uM 4.021C 58.523 8.066 656.838 / 43.5uM / -0.885107V /   54  114  571 / nan nan nan nan
(Oct 26 2025 15:29:33,  440517 sec) PistonMoveAbsWTO()    080->081 081 [1sec, 14.6Volts, 0.410Amps, CPT:1316sec]
(Oct 26 2025 15:32:11,  440675 sec) Profile()            Sample 9 initiated at 851.3dbars for bin 13 [850dbars].  PTS/O2,T2,TPhase,RPhase,RawTemp/NO3/pH/FSig,BbSig,TSig/Ocr: 851.2dbars 4.2866C 34.2785PSU / 28.9uM 4.277C 57.979 8.071 648.994 / 43.0uM / -0.884414V /   55  115  571 / nan nan nan nan
(Oct 26 2025 15:40:37,  441181 sec) AscentControlAgent() Bouyancy nudge to 91 (v=0.079dbar/sec).
(Oct 26 2025 15:40:37,  441181 sec) PistonMoveAbsWTO()    081->091 082 083 084 085 086 [30sec, 14.5Volts, 0.356Amps, CPT:1346sec]
(Oct 26 2025 15:41:18,  441222 sec) PistonMoveAbsWTO()    086->091 087 088 089 090 091 [23sec, 14.4Volts, 0.347Amps, CPT:1369sec]
(Oct 26 2025 15:42:28,  441292 sec) Profile()            Sample 10 initiated at 800.8dbars for bin 14 [800dbars].  PTS/O2,T2,TPhase,RPhase,RawTemp/NO3/pH/FSig,BbSig,TSig/Ocr: 800.7dbars 4.4625C 34.2290PSU / 31.3uM 4.454C 57.610 8.076 643.568 / 42.3uM / -0.883794V /   54  114  571 / nan nan nan nan
(Oct 26 2025 15:50:35,  441779 sec) Profile()            Sample 11 initiated at 751.1dbars for bin 15 [750dbars].  PTS/O2,T2,TPhase,RPhase,RawTemp/NO3/pH/FSig,BbSig,TSig/Ocr: 751.0dbars 4.6666C 34.1703PSU / 35.6uM 4.657C 56.988 8.082 637.330 / 41.9uM / -0.883312V /   55  116  571 / nan nan nan nan
(Oct 26 2025 16:00:21,  442365 sec) Profile()            Sample 12 initiated at 701.3dbars for bin 16 [700dbars].  PTS/O2,T2,TPhase,RPhase,RawTemp/NO3/pH/FSig,BbSig,TSig/Ocr: 701.2dbars 4.9599C 34.1138PSU / 49.5uM 4.953C 55.139 8.088 628.213 / 40.7uM / -0.881524V /   54  116  570 / nan nan nan nan
(Oct 26 2025 16:06:02,  442706 sec) AscentControlAgent() Bouyancy nudge to 101 (v=0.074dbar/sec).
(Oct 26 2025 16:06:02,  442706 sec) PistonMoveAbsWTO()    091->101 092 093 094 095 096 [30sec, 14.6Volts, 0.320Amps, CPT:1399sec]
(Oct 26 2025 16:06:43,  442747 sec) PistonMoveAbsWTO()    096->101 097 098 099 100 101 [22sec, 14.5Volts, 0.322Amps, CPT:1421sec]
(Oct 26 2025 16:10:27,  442971 sec) Profile()            Sample 13 initiated at 651.4dbars for bin 17 [650dbars].  PTS/O2,T2,TPhase,RPhase,RawTemp/NO3/pH/FSig,BbSig,TSig/Ocr: 651.3dbars 5.4103C 34.0526PSU / 70.8uM 5.396C 52.507 8.099 614.504 / 38.0uM / -0.878916V /   54  118  570 / nan nan nan nan
(Oct 26 2025 16:20:02,  443546 sec) Profile()            Sample 14 initiated at 601.6dbars for bin 18 [600dbars].  PTS/O2,T2,TPhase,RPhase,RawTemp/NO3/pH/FSig,BbSig,TSig/Ocr: 601.5dbars 5.8332C 34.0214PSU / 95.5uM 5.822C 49.776 8.113 601.253 / 35.8uM / -0.875994V /   54  117  569 / nan nan nan nan
(Oct 26 2025 16:21:19,  443623 sec) AscentControlAgent() Bouyancy nudge to 111 (v=0.079dbar/sec).
(Oct 26 2025 16:21:19,  443623 sec) PistonMoveAbsWTO()    101->111 102 103 104 105 106 [30sec, 14.6Volts, 0.304Amps, CPT:1451sec]
(Oct 26 2025 16:22:00,  443664 sec) PistonMoveAbsWTO()    106->111 107 108 109 110 111 [22sec, 14.5Volts, 0.295Amps, CPT:1473sec]
(Oct 26 2025 16:29:01,  444085 sec) Profile()            Sample 15 initiated at 551.5dbars for bin 19 [550dbars].  PTS/O2,T2,TPhase,RPhase,RawTemp/NO3/pH/FSig,BbSig,TSig/Ocr: 551.4dbars 6.6222C 33.9998PSU / 130.7uM 6.613C 46.261 8.138 576.538 / 31.7uM / -0.871187V /   52  119  568 / nan nan nan nan
(Oct 26 2025 16:38:14,  444638 sec) Profile()            Sample 16 initiated at 501.8dbars for bin 20 [500dbars].  PTS/O2,T2,TPhase,RPhase,RawTemp/NO3/pH/FSig,BbSig,TSig/Ocr: 501.7dbars 7.6956C 34.0105PSU / 171.5uM 7.689C 42.655 8.171 542.636 / 26.5uM / -0.865207V /   51  118  567 / nan nan nan nan
(Oct 26 2025 16:41:34,  444838 sec) AscentControlAgent() Bouyancy nudge to 121 (v=0.080dbar/sec).
(Oct 26 2025 16:41:34,  444838 sec) PistonMoveAbsWTO()    111->121 112 113 114 115 116 [30sec, 14.6Volts, 0.280Amps, CPT:1503sec]
(Oct 26 2025 16:42:14,  444878 sec) PistonMoveAbsWTO()    116->121 117 118 119 120 121 [23sec, 14.5Volts, 0.275Amps, CPT:1526sec]
(Oct 26 2025 16:47:20,  445184 sec) Profile()            Sample 17 initiated at 451.7dbars for bin 21 [450dbars].  PTS/O2,T2,TPhase,RPhase,RawTemp/NO3/pH/FSig,BbSig,TSig/Ocr: 451.6dbars 8.7357C 34.0369PSU / 206.5uM 8.724C 39.892 8.198 509.735 / 21.7uM / -0.860009V /   51  124  565 / 0x80069149 0x800047c9 0x8008699b 0x7fffce76
(Oct 26 2025 16:56:27,  445731 sec) Profile()            Sample 18 initiated at 402.0dbars for bin 22 [400dbars].  PTS/O2,T2,TPhase,RPhase,RawTemp/NO3/pH/FSig,BbSig,TSig/Ocr: 401.9dbars 9.9311C 34.1043PSU / 230.9uM 9.930C 37.896 8.232 471.100 / 17.7uM / -0.855760V /   51  119  564 / 0x8006996d 0x80001692 0x80085c52 0x7fffc4a4
(Oct 26 2025 16:57:34,  445798 sec) AscentControlAgent() Bouyancy nudge to 131 (v=0.080dbar/sec).
(Oct 26 2025 16:57:34,  445798 sec) PistonMoveAbsWTO()    121->131 122 123 124 125 126 [30sec, 14.6Volts, 0.260Amps, CPT:1556sec]
(Oct 26 2025 16:58:15,  445839 sec) PistonMoveAbsWTO()    126->131 127 128 129 130 131 [23sec, 14.6Volts, 0.256Amps, CPT:1579sec]
(Oct 26 2025 17:00:24,  445968 sec) Profile()            Sample 19 initiated at 381.5dbars for bin 23 [380dbars].  PTS/O2,T2,TPhase,RPhase,RawTemp/NO3/pH/FSig,BbSig,TSig/Ocr: 381.4dbars 10.2492C 34.1066PSU / 238.1uM 10.252C 37.351 8.240 460.730 / 16.2uM / -0.854408V /   51  116  563 / 0x80068e1b 0x80000de4 0x80084e12 0x7fffa876
(Oct 26 2025 17:03:39,  446163 sec) Profile()            Sample 20 initiated at 361.8dbars for bin 24 [360dbars].  PTS/O2,T2,TPhase,RPhase,RawTemp/NO3/pH/FSig,BbSig,TSig/Ocr: 361.7dbars 10.6717C 34.1285PSU / 242.5uM 10.669C 36.910 8.249 447.274 / 15.2uM / -0.853376V /   50  118  562 / 0x8006856d 0x80000900 0x80084d76 0x7fffbb5b
(Oct 26 2025 17:05:25,  446269 sec) Profile()            Sample 21 initiated at 351.7dbars for bin 25 [350dbars].  PTS/O2,T2,TPhase,RPhase,RawTemp/NO3/pH/FSig,BbSig,TSig/Ocr: 351.6dbars 10.9517C 34.1467PSU / 243.1uM 10.948C 36.737 8.255 438.254 / 14.6uM / -0.852562V /   50  117  562 / 0x80067dc0 0x800004b6 0x8008419b 0x7fffb52d
(Oct 26 2025 17:07:22,  446386 sec) Profile()            Sample 22 initiated at 341.3dbars for bin 26 [340dbars].  PTS/O2,T2,TPhase,RPhase,RawTemp/NO3/pH/FSig,BbSig,TSig/Ocr: 341.2dbars 11.3158C 34.1663PSU / 245.2uM 11.309C 36.449 8.269 426.547 / 13.6uM / -0.851791V /   50  118  562 / 0x8006821b 0x80001b24 0x80084c64 0x7fffa4c9
(Oct 26 2025 17:09:20,  446504 sec) Profile()            Sample 23 initiated at 331.5dbars for bin 27 [330dbars].  PTS/O2,T2,TPhase,RPhase,RawTemp/NO3/pH/FSig,BbSig,TSig/Ocr: 331.4dbars 11.5274C 34.1706PSU / 245.8uM 11.527C 36.306 8.280 419.482 / 13.2uM / -0.851434V /   50  117  561 / 0x80068c6d 0x80000c1b 0x80085480 0x7fffb8a4
(Oct 26 2025 17:11:17,  446621 sec) Profile()            Sample 24 initiated at 321.9dbars for bin 28 [320dbars].  PTS/O2,T2,TPhase,RPhase,RawTemp/NO3/pH/FSig,BbSig,TSig/Ocr: 321.8dbars 11.8390C 34.1764PSU / 245.0uM 11.833C 36.192 8.287 409.548 / 12.4uM / -0.850864V /   50  117  561 / 0x80068d2d 0x7fffffe4 0x80084012 0x7fffa209
(Oct 26 2025 17:13:14,  446738 sec) Profile()            Sample 25 initiated at 311.9dbars for bin 29 [310dbars].  PTS/O2,T2,TPhase,RPhase,RawTemp/NO3/pH/FSig,BbSig,TSig/Ocr: 311.8dbars 12.0058C 34.1632PSU / 245.4uM 11.995C 36.092 8.295 404.259 / 11.9uM / -0.850548V /   50  116  560 / 0x80067449 0x7ffff640 0x80084b76 0x7fff9c64
(Oct 26 2025 17:15:12,  446856 sec) Profile()            Sample 26 initiated at 301.5dbars for bin 30 [300dbars].  PTS/O2,T2,TPhase,RPhase,RawTemp/NO3/pH/FSig,BbSig,TSig/Ocr: 301.4dbars 12.2812C 34.1669PSU / 244.6uM 12.279C 35.989 8.300 395.011 / 11.3uM / -0.850069V /   50  120  560 / 0x800672e4 0x7ffff5f6 0x8008496d 0x7fffa989
(Oct 26 2025 17:17:09,  446973 sec) Profile()            Sample 27 initiated at 291.5dbars for bin 31 [290dbars].  PTS/O2,T2,TPhase,RPhase,RawTemp/NO3/pH/FSig,BbSig,TSig/Ocr: 291.4dbars 12.4260C 34.1793PSU / 244.6uM 12.432C 35.910 8.304 390.026 / 11.0uM / -0.849673V /   51  118  559 / 0x800662d2 0x7fffee6d 0x80084512 0x7fffa100
(Oct 26 2025 17:19:07,  447091 sec) Profile()            Sample 28 initiated at 281.7dbars for bin 32 [280dbars].  PTS/O2,T2,TPhase,RPhase,RawTemp/NO3/pH/FSig,BbSig,TSig/Ocr: 281.6dbars 12.6702C 34.1916PSU / 244.5uM 12.669C 35.795 8.309 382.288 / 10.5uM / -0.849205V /   50  117  559 / 0x80065f09 0x7ffff449 0x80082fad 0x7fff8d00
(Oct 26 2025 17:21:26,  447230 sec) Profile()            Sample 29 initiated at 271.6dbars for bin 33 [270dbars].  PTS/O2,T2,TPhase,RPhase,RawTemp/NO3/pH/FSig,BbSig,TSig/Ocr: 271.5dbars 12.9016C 34.2140PSU / 244.6uM 12.897C 35.678 8.310 374.861 / 9.9uM / -0.848617V /   50  117  559 / 0x80066c1b 0x7fffe95b 0x80083576 0x7fff9e89
(Oct 26 2025 17:23:17,  447341 sec) AscentControlAgent() Bouyancy nudge to 141 (v=0.066dbar/sec).
(Oct 26 2025 17:23:17,  447341 sec) PistonMoveAbsWTO()    131->141 132 133 134 135 136 [30sec, 14.7Volts, 0.228Amps, CPT:1609sec]
(Oct 26 2025 17:24:38,  447422 sec) Profile()            Sample 30 initiated at 260.0dbars for bin 34 [260dbars].  PTS/O2,T2,TPhase,RPhase,RawTemp/NO3/pH/FSig,BbSig,TSig/Ocr: 260.0dbars 13.3854C 34.2485PSU / 243.5uM 13.395C 35.489 8.320 358.574 / 8.9uM / -0.847466V /   49  117  558 / 0x8006689b 0x7ffff792 0x80083f52 0x7fff90ed
(Oct 26 2025 17:24:38,  447422 sec) PistonMoveAbsWTO()    137->141 138 139 140 141 [22sec, 14.6Volts, 0.230Amps, CPT:1631sec]
(Oct 26 2025 17:26:24,  447528 sec) Profile()            Sample 31 initiated at 251.6dbars for bin 35 [250dbars].  PTS/O2,T2,TPhase,RPhase,RawTemp/NO3/pH/FSig,BbSig,TSig/Ocr: 251.5dbars 13.9062C 34.2935PSU / 246.0uM 13.906C 35.110 8.329 341.813 / 7.8uM / -0.846684V /   51  117  558 / 0x80065e40 0x7fffe9d2 0x80083f49 0x7fffa292
(Oct 26 2025 17:28:10,  447634 sec) Profile()            Sample 32 initiated at 242.0dbars for bin 36 [240dbars].  PTS/O2,T2,TPhase,RPhase,RawTemp/NO3/pH/FSig,BbSig,TSig/Ocr: 241.9dbars 14.5031C 34.3555PSU / 245.4uM 14.501C 34.849 8.338 322.270 / 7.0uM / -0.845780V /   50  117  557 / 0x80066d5b 0x80000324 0x80083f40 0x7fff7f49
(Oct 26 2025 17:30:08,  447752 sec) Profile()            Sample 33 initiated at 231.1dbars for bin 37 [230dbars].  PTS/O2,T2,TPhase,RPhase,RawTemp/NO3/pH/FSig,BbSig,TSig/Ocr: 231.0dbars 15.0916C 34.4183PSU / 242.1uM 15.073C 34.738 8.349 303.491 / 6.3uM / -0.844952V /   51  119  557 / 0x800668c0 0x800013c9 0x80086549 0x7fff95db
(Oct 26 2025 17:31:54,  447858 sec) Profile()            Sample 34 initiated at 221.9dbars for bin 38 [220dbars].  PTS/O2,T2,TPhase,RPhase,RawTemp/NO3/pH/FSig,BbSig,TSig/Ocr: 221.8dbars 15.5586C 34.4686PSU / 242.6uM 15.549C 34.484 8.358 287.808 / 5.6uM / -0.844142V /   52  117  556 / 0x80066b52 0x80000409 0x80088936 0x7fff8536
(Oct 26 2025 17:33:51,  447975 sec) Profile()            Sample 35 initiated at 211.7dbars for bin 39 [210dbars].  PTS/O2,T2,TPhase,RPhase,RawTemp/NO3/pH/FSig,BbSig,TSig/Ocr: 211.6dbars 15.7466C 34.4881PSU / 243.3uM 15.741C 34.360 8.366 281.501 / 5.2uM / -0.843735V /   52  120  555 / 0x80065912 0x80001864 0x8008a664 0x7fff816d
(Oct 26 2025 17:36:00,  448104 sec) Profile()            Sample 36 initiated at 201.5dbars for bin 40 [200dbars].  PTS/O2,T2,TPhase,RPhase,RawTemp/NO3/pH/FSig,BbSig,TSig/Ocr: 201.4dbars 16.4920C 34.5760PSU / 242.4uM 16.466C 34.064 8.373 257.594 / 4.4uM / -0.842799V /   53  118  554 / 0x80065b89 0x800018f6 0x8008a85b 0x7fff6f24
(Oct 26 2025 17:38:30,  448254 sec) Profile()            Sample 37 initiated at 191.4dbars for bin 41 [190dbars].  PTS/O2,T2,TPhase,RPhase,RawTemp/NO3/pH/FSig,BbSig,TSig/Ocr: 191.3dbars 17.3173C 34.6814PSU / 241.9uM 17.302C 33.698 8.400 230.022 / 3.6uM / -0.841653V /   57  119  554 / 0x80066489 0x80004692 0x8008d649 0x7fff70f6
(Oct 26 2025 17:41:12,  448416 sec) Profile()            Sample 38 initiated at 181.8dbars for bin 42 [180dbars].  PTS/O2,T2,TPhase,RPhase,RawTemp/NO3/pH/FSig,BbSig,TSig/Ocr: 181.7dbars 17.5016C 34.7054PSU / 242.9uM 17.500C 33.559 8.401 223.486 / 3.4uM / -0.841214V /   58  118  552 / 0x80065609 0x80007264 0x80093cd2 0x7fff6e9b
(Oct 26 2025 17:44:15,  448599 sec) Profile()            Sample 39 initiated at 172.0dbars for bin 43 [170dbars].  PTS/O2,T2,TPhase,RPhase,RawTemp/NO3/pH/FSig,BbSig,TSig/Ocr: 171.9dbars 18.0786C 34.7741PSU / 243.6uM 18.056C 33.273 8.409 205.144 / 2.7uM / -0.840366V /   62  122  551 / 0x800649ad 0x8000bf52 0x8009b7a4 0x7fff5c64
(Oct 26 2025 17:47:52,  448816 sec) Profile()            Sample 40 initiated at 161.6dbars for bin 44 [160dbars].  PTS/O2,T2,TPhase,RPhase,RawTemp/NO3/pH/FSig,BbSig,TSig/Ocr: 161.6dbars 18.3891C 34.8142PSU / 244.4uM 18.381C 33.084 8.412 194.428 / 2.2uM / -0.839764V /   65  124  551 / 0x8006291b 0x80017400 0x800abcad 0x7fff5c2d
(Oct 26 2025 17:51:18,  449022 sec) Profile()            Sample 41 initiated at 151.8dbars for bin 45 [150dbars].  PTS/O2,T2,TPhase,RPhase,RawTemp/NO3/pH/FSig,BbSig,TSig/Ocr: 151.7dbars 19.1609C 34.9074PSU / 247.3uM 19.118C 32.617 8.424 170.160 / 1.5uM / -0.838287V /   73  123  550 / 0x800666ed 0x8002a509 0x800c1924 0x7fff60c0
(Oct 26 2025 17:54:43,  449227 sec) Profile()            Sample 42 initiated at 141.8dbars for bin 46 [140dbars].  PTS/O2,T2,TPhase,RPhase,RawTemp/NO3/pH/FSig,BbSig,TSig/Ocr: 141.7dbars 19.4812C 34.9530PSU / 250.9uM 19.484C 32.287 8.432 158.094 / 1.3uM / -0.837659V /   79  130  549 / 0x800673c0 0x80045640 0x800e75db 0x7fff5300
(Oct 26 2025 17:57:58,  449422 sec) Profile()            Sample 43 initiated at 132.0dbars for bin 47 [130dbars].  PTS/O2,T2,TPhase,RPhase,RawTemp/NO3/pH/FSig,BbSig,TSig/Ocr: 131.9dbars 19.6586C 34.9703PSU / 252.2uM 19.656C 32.151 8.434 152.431 / 1.2uM / -0.837210V /   81  137  548 / 0x8006b32d 0x8006dc6d 0x80115ac9 0x7fff5492
(Oct 26 2025 18:02:18,  449682 sec) Profile()            Sample 44 initiated at 121.7dbars for bin 48 [120dbars].  PTS/O2,T2,TPhase,RPhase,RawTemp/NO3/pH/FSig,BbSig,TSig/Ocr: 121.7dbars 19.7724C 34.9846PSU / 252.5uM 19.770C 32.086 8.436 148.694 / 1.2uM / -0.837008V /   85  129  547 / 0x800723a4 0x800b812d 0x8016f052 0x7fff622d
(Oct 26 2025 18:04:53,  449837 sec) AscentControlAgent() Bouyancy nudge to 146 (v=0.032dbar/sec).
(Oct 26 2025 18:04:54,  449838 sec) PistonMoveAbsWTO()    141->146 142 143 144 145 146 [24sec, 14.9Volts, 0.191Amps, CPT:1655sec]
(Oct 26 2025 18:06:53,  449957 sec) Profile()            Sample 45 initiated at 111.8dbars for bin 49 [110dbars].  PTS/O2,T2,TPhase,RPhase,RawTemp/NO3/pH/FSig,BbSig,TSig/Ocr: 111.7dbars 20.1513C 35.0311PSU / 253.6uM 20.135C 31.877 8.440 136.676 / 1.5uM / -0.836208V /   84  128  547 / 0x80086012 0x8013e952 0x802050ad 0x7fff8149
(Oct 26 2025 18:09:56,  450140 sec) Profile()            Sample 46 initiated at 101.8dbars for bin 50 [100dbars].  PTS/O2,T2,TPhase,RPhase,RawTemp/NO3/pH/FSig,BbSig,TSig/Ocr: 101.7dbars 20.7188C 35.0979PSU / 254.6uM 20.703C 31.591 8.451 118.014 / 1.3uM / -0.835504V /   99  129  546 / 0x800af66d 0x8022715b 0x802efae4 0x7fffa952
(Oct 26 2025 18:12:05,  450269 sec) Profile()            Sample 47 initiated at 96.8dbars for bin 51 [95dbars].  PTS/O2,T2,TPhase,RPhase,RawTemp/NO3/pH/FSig,BbSig,TSig/Ocr: 96.8dbars 21.3133C 35.1772PSU / 255.6uM 21.264C 31.308 8.455 99.623 / 1.1uM / -0.834573V /  109  130  546 / 0x800d8c5b 0x802ef136 0x803b416d 0x7fffe649
(Oct 26 2025 18:15:02,  450446 sec) AscentControlAgent() Bouyancy nudge to 151 (v=0.021dbar/sec).
(Oct 26 2025 18:15:03,  450447 sec) PistonMoveAbsWTO()    146->151 147 148 149 150 151 [24sec, 14.9Volts, 0.182Amps, CPT:1679sec]
(Oct 26 2025 18:16:39,  450543 sec) Profile()            Sample 48 initiated at 91.6dbars for bin 52 [90dbars].  PTS/O2,T2,TPhase,RPhase,RawTemp/NO3/pH/FSig,BbSig,TSig/Ocr: 91.5dbars 21.4693C 35.2005PSU / 261.3uM 21.468C 30.970 8.460 92.919 / 1.2uM / -0.834134V /  109  136  545 / 0x8013c1c9 0x80481dc0 0x8050fa36 0x80005236
(Oct 26 2025 18:16:51,  450555 sec) PistonMoveAbsWTO()    151->151 [0sec, 0.0Volts, 0.000Amps, CPT:1679sec]
(Oct 26 2025 18:18:14,  450638 sec) Profile()            Sample 49 initiated at 86.7dbars for bin 53 [85dbars].  PTS/O2,T2,TPhase,RPhase,RawTemp/NO3/pH/FSig,BbSig,TSig/Ocr: 86.7dbars 21.7956C 35.2357PSU / 262.5uM 21.781C 30.788 8.460 82.699 / 1.2uM / -0.833631V /   98  135  545 / 0x801ad7f6 0x8061b764 0x80671eb6 0x8000deed
(Oct 26 2025 18:19:49,  450733 sec) Profile()            Sample 50 initiated at 81.8dbars for bin 54 [80dbars].  PTS/O2,T2,TPhase,RPhase,RawTemp/NO3/pH/FSig,BbSig,TSig/Ocr: 81.7dbars 22.0988C 35.2611PSU / 264.6uM 22.083C 30.574 8.465 72.812 / 1.3uM / -0.833181V /   80  139  544 / 0x80244e40 0x80804c2d 0x80804ead 0x800194ed
(Oct 26 2025 18:21:58,  450862 sec) Profile()            Sample 51 initiated at 76.7dbars for bin 55 [75dbars].  PTS/O2,T2,TPhase,RPhase,RawTemp/NO3/pH/FSig,BbSig,TSig/Ocr: 76.6dbars 22.4706C 35.3026PSU / 265.7uM 22.454C 30.377 8.474 60.700 / 1.5uM / -0.832662V /   74  139  544 / 0x803313c9 0x80a3505b 0x80985a80 0x8002c81b
(Oct 26 2025 18:23:49,  450973 sec) PistonMoveAbsWTO()    151->151 [0sec, 0.0Volts, 0.000Amps, CPT:1679sec]
(Oct 26 2025 18:25:34,  451078 sec) Profile()            Sample 52 initiated at 71.9dbars for bin 56 [70dbars].  PTS/O2,T2,TPhase,RPhase,RawTemp/NO3/pH/FSig,BbSig,TSig/Ocr: 71.8dbars 22.8808C 35.2965PSU / 268.3uM 22.854C 30.111 8.486 47.660 / 1.4uM / -0.832206V /   69  139  543 / 0x80515580 0x80ff6640 0x80ebb789 0x80066e40
(Oct 26 2025 18:25:35,  451079 sec) AscentControlAgent() Bouyancy nudge to 156 (v=0.025dbar/sec).
(Oct 26 2025 18:25:36,  451080 sec) PistonMoveAbsWTO()    151->156 152 153 154 155 156 [25sec, 14.9Volts, 0.179Amps, CPT:1704sec]
(Oct 26 2025 18:28:30,  451254 sec) Profile()            Sample 53 initiated at 66.9dbars for bin 57 [65dbars].  PTS/O2,T2,TPhase,RPhase,RawTemp/NO3/pH/FSig,BbSig,TSig/Ocr: 66.8dbars 24.1655C 35.3910PSU / 267.8uM 24.051C 29.657 8.498 8.828 / 1.8uM / -0.831258V /   66  142  543 / 0x80615adb 0x80ea2692 0x80c31fc0 0x800603a4
(Oct 26 2025 18:30:43,  451387 sec) AscentControlAgent() Bouyancy nudge to 161 (v=0.018dbar/sec).
(Oct 26 2025 18:30:44,  451388 sec) PistonMoveAbsWTO()    156->161 157 158 159 160 161 [24sec, 15.0Volts, 0.181Amps, CPT:1728sec]
(Oct 26 2025 18:33:04,  451528 sec) Profile()            Sample 54 initiated at 61.9dbars for bin 58 [60dbars].  PTS/O2,T2,TPhase,RPhase,RawTemp/NO3/pH/FSig,BbSig,TSig/Ocr: 61.9dbars 24.7689C 35.4127PSU / 265.8uM 24.747C 29.472 8.509 -13.639 / 2.0uM / -0.830600V /   63  142  541 / 0x808cde12 0x813d3ca4 0x81050100 0x800bc4e4
(Oct 26 2025 18:35:50,  451694 sec) AscentControlAgent() Bouyancy nudge to 166 (v=0.018dbar/sec).
(Oct 26 2025 18:35:51,  451695 sec) PistonMoveAbsWTO()    161->166 162 163 164 165 166 [24sec, 15.0Volts, 0.172Amps, CPT:1752sec]
(Oct 26 2025 18:38:56,  451880 sec) Profile()            Sample 55 initiated at 57.0dbars for bin 59 [55dbars].  PTS/O2,T2,TPhase,RPhase,RawTemp/NO3/pH/FSig,BbSig,TSig/Ocr: 57.0dbars 25.9004C 35.4885PSU / 252.6uM 25.851C 29.606 8.523 -49.083 / 2.0uM / -0.829561V /   64  150  540 / 0x80fbc6ad 0x826ced92 0x8212af92 0x801f62c9
(Oct 26 2025 18:40:58,  452002 sec) AscentControlAgent() Bouyancy nudge to 171 (v=0.013dbar/sec).
(Oct 26 2025 18:40:59,  452003 sec) PistonMoveAbsWTO()    166->171 167 168 169 170 171 [24sec, 15.0Volts, 0.176Amps, CPT:1776sec]
(Oct 26 2025 18:44:15,  452199 sec) Profile()            Sample 56 initiated at 51.6dbars for bin 60 [50dbars].  PTS/O2,T2,TPhase,RPhase,RawTemp/NO3/pH/FSig,BbSig,TSig/Ocr: 51.5dbars 26.1320C 35.5061PSU / 245.6uM 26.138C 29.806 8.532 -58.267 / 2.0uM / -0.829175V /   55  138  538 / 0x80ea51c9 0x81b2ec76 0x814e1580 0x8016055b
(Oct 26 2025 18:46:01,  452305 sec) Profile()            Sample 57 initiated at 46.7dbars for bin 61 [45dbars].  PTS/O2,T2,TPhase,RPhase,RawTemp/NO3/pH/FSig,BbSig,TSig/Ocr: 46.7dbars 26.1382C 35.5062PSU / 245.5uM 26.146C 29.807 8.533 -58.496 / 1.9uM / -0.829020V /   56  138  538 / 0x81800ced 0x8344f32d 0x82d7619b 0x8044f749
(Oct 26 2025 18:46:02,  452306 sec) AscentControlAgent() Bouyancy nudge to 176 (v=0.038dbar/sec).
(Oct 26 2025 18:46:03,  452307 sec) PistonMoveAbsWTO()    171->176 172 173 174 175 176 [24sec, 15.0Volts, 0.179Amps, CPT:1800sec]
(Oct 26 2025 18:47:17,  452381 sec) Profile()            Sample 58 initiated at 42.0dbars for bin 62 [40dbars].  PTS/O2,T2,TPhase,RPhase,RawTemp/NO3/pH/FSig,BbSig,TSig/Ocr: 41.9dbars 26.1395C 35.5062PSU / 245.4uM 26.147C 29.808 8.531 -58.542 / 2.0uM / -0.829039V /   54  138  537 / 0x81c73d89 0x83bf7dd2 0x83460f36 0x8061db12
(Oct 26 2025 18:48:19,  452443 sec) Profile()            Sample 59 initiated at 36.9dbars for bin 63 [35dbars].  PTS/O2,T2,TPhase,RPhase,RawTemp/NO3/pH/FSig,BbSig,TSig/Ocr: 36.8dbars 26.1387C 35.5064PSU / 245.5uM 26.147C 29.805 8.529 -58.532 / 2.0uM / -0.828935V /   56  139  537 / 0x8230055b 0x84626f49 0x83d6a476 0x8095b576
(Oct 26 2025 18:49:21,  452505 sec) Profile()            Sample 60 initiated at 31.7dbars for bin 64 [30dbars].  PTS/O2,T2,TPhase,RPhase,RawTemp/NO3/pH/FSig,BbSig,TSig/Ocr: 31.6dbars 26.1375C 35.5056PSU / 245.6uM 26.145C 29.802 8.528 -58.473 / 1.9uM / -0.828661V /   55  135  537 / 0x82c57980 0x8530d236 0x84830452 0x80e6c4c9
(Oct 26 2025 18:50:23,  452567 sec) Profile()            Sample 61 initiated at 26.5dbars for bin 65 [25dbars].  PTS/O2,T2,TPhase,RPhase,RawTemp/NO3/pH/FSig,BbSig,TSig/Ocr: 26.4dbars 26.1382C 35.5064PSU / 245.7uM 26.149C 29.796 8.529 -58.620 / 2.1uM / -0.828728V /   53  135  537 / 0x8370d0c0 0x8654b064 0x859f7780 0x81750936
(Oct 26 2025 18:51:25,  452629 sec) Profile()            Sample 62 initiated at 21.4dbars for bin 66 [20dbars].  PTS/O2,T2,TPhase,RPhase,RawTemp/NO3/pH/FSig,BbSig,TSig/Ocr: 21.3dbars 26.1365C 35.5067PSU / 245.5uM 26.148C 29.807 8.526 -58.573 / 1.9uM / -0.828674V /   55  137  537 / 0x8409d3f6 0x86e2f836 0x8631ec52 0x821b079b
(Oct 26 2025 18:52:28,  452692 sec) Profile()            Sample 63 initiated at 16.1dbars for bin 67 [15dbars].  PTS/O2,T2,TPhase,RPhase,RawTemp/NO3/pH/FSig,BbSig,TSig/Ocr: 16.0dbars 26.1366C 35.5062PSU / 245.7uM 26.149C 29.793 8.525 -58.618 / 2.0uM / -0.828551V /   56  140  537 / 0x8570cadb 0x892b97b6 0x887528c9 0x83e975d2
(Oct 26 2025 18:53:30,  452754 sec) Profile()            Sample 64 initiated at 11.4dbars for bin 68 [10dbars].  PTS/O2,T2,TPhase,RPhase,RawTemp/NO3/pH/FSig,BbSig,TSig/Ocr: 11.3dbars 26.1367C 35.5068PSU / 245.8uM 26.151C 29.790 8.525 -58.678 / 2.0uM / -0.828257V /   54  140  537 / 0x85d7a992 0x88cd4ff6 0x87dc4389 0x847a72ed
(Oct 26 2025 18:54:21,  452805 sec) Profile()            Sample 65 initiated at 7.8dbars for bin 69 [6dbars].  PTS/O2,T2,TPhase,RPhase,RawTemp/NO3/pH/FSig,BbSig,TSig/Ocr: 7.7dbars 26.1362C 35.5062PSU / 245.9uM 26.153C 29.787 8.522 -58.744 / 2.1uM / -0.827691V /   53  136  537 / 0x868907f6 0x898042d2 0x888e87c9 0x8634bd36
(Oct 26 2025 18:54:45,  452829 sec) SurfaceDetect()      SurfacePressure:0.1dbars Pressure:3.6dbars PistonPosition:176
(Oct 26 2025 18:54:46,  452830 sec) Sbe41cpStopCP()      Continuous profile stopped.
(Oct 26 2025 18:54:49,  452833 sec) PistonMoveAbsWTO()    176->198 177 178 179 180 181 182 183 184 185 186 187 188 189 190 191 192 193 194 195 196 197 198 [108sec, 14.9Volts, 0.156Amps, CPT:1908sec]
(Oct 26 2025 18:56:42,  452946 sec) chat()               Expected string [S>] not received.
(Oct 26 2025 18:58:36,  453060 sec) Sbe41cpBinAverage()  Finished averaging 13600 samples in 109 seconds.
(Oct 26 2025 18:58:41,  453065 sec) Sbe41cpUploadCP_()   Sbe41cpSerNo[20478] NSample[13600] NBin[493]
(Oct 26 2025 18:59:12,  453096 sec) Sbe41cpUploadCP_()   Continuous profile uploaded [493 lines].
(Oct 26 2025 18:59:26,  453110 sec) MscErrorLog_()       No error records to log.
(Oct 26 2025 18:59:36,  453120 sec) MscErrorLog_()       No error records to log.

<EOT>
