(Oct 26 2025 18:59:45,  453129 sec) TelemetryInit()      Profile 21. (Apf11 FwRev: 061125)
(Oct 26 2025 18:59:45,  453129 sec) TelemetryInit()      Charge consumption model: OCV:15.3V Wake-Cycles:31732 Standby:33.9days Wake:22.5kC Sensors:2.4kC
(Oct 26 2025 19:05:00,  453444 sec) GetSurfaceObs()      P/O2,T2,TPhase,RPhase,RawTemp/FSig,BbSig,TSig: 0.2dbars / 245.9uM 26.130C 29.795 8.565 -57.989 / 54,135,536
(Oct 26 2025 19:05:00,  453444 sec) GetSurfaceObs()      P/Ocr: 0.2dbars / 0x8d1c85a4 0x9352dfdb 0x910421c0 0x95abfd80
(Oct 26 2025 19:05:33,  453477 sec) GetSurfaceObs()      P/O2,T2,TPhase,RPhase,RawTemp/FSig,BbSig,TSig: 0.3dbars / 246.3uM 26.103C 29.786 8.555 -57.126 / 56,134,536
(Oct 26 2025 19:05:33,  453477 sec) GetSurfaceObs()      P/Ocr: 0.3dbars / 0x8a057a76 0x8f774440 0x8c8a40db 0x8c7dd89b
(Oct 26 2025 19:06:06,  453510 sec) GetSurfaceObs()      P/O2,T2,TPhase,RPhase,RawTemp/FSig,BbSig,TSig: 0.1dbars / 246.0uM 26.130C 29.788 8.553 -57.985 / 59,131,536
(Oct 26 2025 19:06:06,  453510 sec) GetSurfaceObs()      P/Ocr: 0.1dbars / 0x8a2a57a4 0x8f3d8009 0x8f1d71db 0x92287bad
(Oct 26 2025 19:06:40,  453544 sec) GetSurfaceObs()      P/O2,T2,TPhase,RPhase,RawTemp/FSig,BbSig,TSig: 0.3dbars / 246.1uM 26.151C 29.775 8.542 -58.681 / 55,134,536
(Oct 26 2025 19:06:40,  453544 sec) GetSurfaceObs()      P/Ocr: 0.3dbars / 0x8bb8ec40 0x91a3aa1b 0x934d7bed 0x94696a52
(Oct 26 2025 19:09:59,  453743 sec) AirSystem()          Battery [216cnt, 15.2V]  Current [20cnt, 76.6mA]  Pneumometer [156cnt, 18.3psi]  Run-Time [95s]
(Oct 26 2025 19:10:12,  453756 sec) GetSurfaceObs()      P/O2,T2,TPhase,RPhase,RawTemp/FSig,BbSig,TSig: -0.0dbars / 251.3uM 25.480C 29.806 8.561 -37.202 / 53,133,536
(Oct 26 2025 19:10:12,  453756 sec) GetSurfaceObs()      P/Ocr: -0.0dbars / 0x8ef1fded 0x96c30b5b 0x944a22c9 0x96081e80
(Oct 26 2025 19:10:45,  453789 sec) GetSurfaceObs()      P/O2,T2,TPhase,RPhase,RawTemp/FSig,BbSig,TSig: 0.0dbars / 246.5uM 26.038C 29.801 8.550 -55.060 / 2,142,536
(Oct 26 2025 19:10:45,  453789 sec) GetSurfaceObs()      P/Ocr: 0.0dbars / 0x8dcdf6db 0x9511fea4 0x93bb92ad 0x951cae9b
(Oct 26 2025 19:11:18,  453822 sec) GetSurfaceObs()      P/O2,T2,TPhase,RPhase,RawTemp/FSig,BbSig,TSig: -0.0dbars / 253.7uM 25.130C 29.835 8.547 -25.975 / 55,151,536
(Oct 26 2025 19:11:18,  453822 sec) GetSurfaceObs()      P/Ocr: -0.0dbars / 0x8c5d065b 0x9238a592 0x90e02e12 0x90cb5a2d
(Oct 26 2025 19:11:51,  453855 sec) GetSurfaceObs()      P/O2,T2,TPhase,RPhase,RawTemp/FSig,BbSig,TSig: -0.0dbars / 248.3uM 25.392C 29.971 8.545 -34.383 / 51,138,536
(Oct 26 2025 19:11:52,  453856 sec) GetSurfaceObs()      P/Ocr: -0.0dbars / 0x87598fed 0x86e3b364 0x869a95c0 0x885b7b36
(Oct 26 2025 19:12:25,  453889 sec) GetSurfaceObs()      P/O2,T2,TPhase,RPhase,RawTemp/FSig,BbSig,TSig: 0.1dbars / 251.4uM 25.141C 29.929 8.544 -26.324 / 52,137,536
(Oct 26 2025 19:12:25,  453889 sec) GetSurfaceObs()      P/Ocr: 0.1dbars / 0x8d1ab752 0x957bfcb6 0x95257076 0x95d6ccdb
(Oct 26 2025 19:12:58,  453922 sec) GetSurfaceObs()      P/O2,T2,TPhase,RPhase,RawTemp/FSig,BbSig,TSig: -0.0dbars / 249.3uM 25.587C 29.849 8.541 -40.635 / 56,146,536
(Oct 26 2025 19:12:58,  453922 sec) GetSurfaceObs()      P/Ocr: -0.0dbars / 0x8bf1a992 0x90ff08d2 0x8f8339f6 0x8fc248ed
(Oct 26 2025 19:13:31,  453955 sec) GetSurfaceObs()      P/O2,T2,TPhase,RPhase,RawTemp/FSig,BbSig,TSig: 0.1dbars / 251.6uM 25.079C 29.945 8.540 -24.330 / 53,137,536
(Oct 26 2025 19:13:31,  453955 sec) GetSurfaceObs()      P/Ocr: 0.1dbars / 0x89ebe5d2 0x8d650380 0x8d3e13db 0x8b6c3412
(Oct 26 2025 19:14:04,  453988 sec) GetSurfaceObs()      P/O2,T2,TPhase,RPhase,RawTemp/FSig,BbSig,TSig: 0.3dbars / 250.5uM 25.410C 29.864 8.541 -34.974 / 60,142,536
(Oct 26 2025 19:14:04,  453988 sec) GetSurfaceObs()      P/Ocr: 0.3dbars / 0x8e21b36d 0x8b40b3ad 0x8632b5e4 0x94d3709b
(Oct 26 2025 19:14:12,  453996 sec) AirSystem()          Air-bladder inflation by-passed. Pneumatic Pressure: [156cnt, 18.3psi].
(Oct 26 2025 19:15:07,  454051 sec) GetSurfaceObs()      P/O2,T2,TPhase,RPhase,RawTemp/FSig,BbSig,TSig: 0.1dbars / 250.8uM 25.543C 29.800 8.545 -39.234 / 53,135,536
(Oct 26 2025 19:15:07,  454051 sec) GetSurfaceObs()      P/Ocr: 0.1dbars / 0x8d2efb00 0x93b0ebe4 0x927b2c5b 0x9310135b
(Oct 26 2025 19:15:10,  454054 sec) GpsServices()        GPS almanac is current.
(Oct 26 2025 19:15:10,  454054 sec) GpsServices()        Initiating GPS fix acquisition.
(Oct 26 2025 19:15:19,  454063 sec) gga()                $GPGGA,191520,2740.1369,N,15802.8533,W,0,00,,,M,,M,,*4E
(Oct 26 2025 19:15:29,  454073 sec) gga()                $GPGGA,191530,2740.1369,N,15802.8533,W,0,00,,,M,,M,,*4F
(Oct 26 2025 19:15:34,  454078 sec) gga()                $GPGGA,191540,2740.1369,N,15802.8533,W,0,00,,,M,,M,,*48
(Oct 26 2025 19:15:44,  454088 sec) gga()                $GPGGA,191550,2740.1369,N,15802.8533,W,0,00,,,M,,M,,*49
(Oct 26 2025 19:15:54,  454098 sec) gga()                $GPGGA,191600,2740.1369,N,15802.8533,W,0,00,,,M,,M,,*4F
(Oct 26 2025 19:15:55,  454099 sec) gga()                $GPGGA,191600,2740.1369,N,15802.8533,W,0,00,,,M,,M,,*4F
(Oct 26 2025 19:16:04,  454108 sec) gga()                $GPGGA,191610,2740.1369,N,15802.8533,W,0,00,,,M,,M,,*4E
(Oct 26 2025 19:16:14,  454118 sec) gga()                $GPGGA,191620,2740.1369,N,15802.8533,W,0,00,,,M,,M,,*4D
(Oct 26 2025 19:16:25,  454129 sec) gga()                $GPGGA,191630,2738.2560,N,15806.4382,W,1,10,0.8,-3.7,M,-5.6,M,,*6A
(Oct 26 2025 19:16:25,  454129 sec) GpsServices()        Profile 21 GPS fix obtained in 75 seconds.
(Oct 26 2025 19:16:25,  454129 sec) GpsServices()                   lon      lat mm/dd/yyyy hhmmss nsat
(Oct 26 2025 19:16:25,  454129 sec) GpsServices()        Fix: -158.1073  27.6376 10/26/2025 191630   10
(Oct 26 2025 19:16:35,  454139 sec) gga()                $GPGGA,191640,2738.2569,N,15806.4383,W,1,10,0.8,-3.5,M,-5.6,M,,*67
(Oct 26 2025 19:16:44,  454148 sec) gga()                $GPGGA,191650,2738.2585,N,15806.4386,W,1,10,0.8,-8.3,M,-5.6,M,,*6C
(Oct 26 2025 19:16:44,  454148 sec) GpsServices()        APF11 RTC skew (-6s) OK.
(Oct 26 2025 19:16:44,  454148 sec) GpsServices()        GPS services complete.
(Oct 26 2025 19:17:26,  454190 sec) IrGeoLoc()           <x,y,z>=<-5240km,-2112km,2944km> lat=27.681 lon=-158.048 IrSysTime=0xef3c3f19
(Oct 26 2025 19:17:29,  454193 sec) CLogin()             Connecting to primary host.
(Oct 26 2025 19:17:52,  454216 sec) CLogin()             Connection 1 established in 23 seconds.
(Oct 26 2025 19:18:22,  454246 sec) expect()             Attempt to read prompt string [login:] failed.
(Oct 26 2025 19:18:22,  454246 sec) login()              Login prompt not received.
(Oct 26 2025 19:18:31,  454255 sec) login()              Login successful.
(Oct 26 2025 19:18:35,  454259 sec) CLogin()             Logged in to host.  [Login required 43 seconds]
(Oct 26 2025 19:18:36,  454260 sec) RxConfig()           Downloading "mission.cfg" from host.
(Oct 26 2025 19:18:51,  454275 sec) RxConfig()           Download successful: [bytes:48, sec:12.7, bps:4]
(Oct 26 2025 19:18:55,  454279 sec) WriteVitals_()       Writing vitals to "23808.021.msg".
(Oct 26 2025 19:19:02,  454286 sec) UpLoadFile()         Uploading "23808.021.log" to host.
(Oct 26 2025 19:21:41,  454445 sec) UpLoadFile()         Upload successful: [bytes:46331, sec:158.3, bps:293]
(Oct 26 2025 19:21:42,  454446 sec) fmove()              Moved: 23808.021.log -> archive/23808.021.log
(Oct 26 2025 19:21:45,  454449 sec) UpLoadFile()         Uploading "23808.021.msg" to host.
(Oct 26 2025 19:24:23,  454607 sec) UpLoadFile()         Upload successful: [bytes:32237, sec:157.1, bps:205]
(Oct 26 2025 19:24:24,  454608 sec) fmove()              Moved: 23808.021.msg -> archive/23808.021.msg
(Oct 26 2025 19:24:40,  454624 sec) UpLoadFile()         Uploading "23808.021.isus" to host.
(Oct 26 2025 19:26:15,  454719 sec) UpLoadFile()         Upload successful: [bytes:24795, sec:95.9, bps:258]
(Oct 26 2025 19:26:17,  454721 sec) fmove()              Moved: 23808.021.isus -> archive/23808.021.isus
(Oct 26 2025 19:26:23,  454727 sec) UpLoadFile()         Uploading "23808.021.dura" to host.
(Oct 26 2025 19:27:16,  454780 sec) UpLoadFile()         Upload successful: [bytes:12218, sec:53.5, bps:228]
(Oct 26 2025 19:27:17,  454781 sec) fmove()              Moved: 23808.021.dura -> archive/23808.021.dura
(Oct 26 2025 19:27:19,  454783 sec) UpLoad()             Files successfully uploaded: 4
(Oct 26 2025 19:27:19,  454783 sec) UpLoad()             Upload complete.
(Oct 26 2025 19:27:27,  454791 sec) chat()               Expected string [logout] not received.
(Oct 26 2025 19:27:27,  454791 sec) logout()             Attempt to log-out failed.
(Oct 26 2025 19:27:27,  454791 sec) logout()             No carrier detected.
(Oct 26 2025 19:27:27,  454791 sec) Telemetry()          Telemetry cycle complete: PrfId=21 ConnectionAttempts=1  Connections=1
(Oct 26 2025 19:27:27,  454791 sec) TelemetryTerminate() Parsing new mission configuration.
(Oct 26 2025 19:27:28,  454792 sec) configure()          Parsing configurators in "mission.cfg".
(Oct 26 2025 19:27:28,  454792 sec) configure()             TelemetryRetry(15)      [0x7BBC] [TelemetryRetry(15)].
(Oct 26 2025 19:27:28,  454792 sec) configure()             DownTime(7200) [CRC=0xBC7F] [DownTime(7200)].
(Oct 26 2025 19:27:28,  454792 sec) configure()          Configuration CRCs and syntax OK.
(Oct 26 2025 19:27:29,  454793 sec) ConfigSupervisor()   Configuration accepted.
(Oct 26 2025 19:27:29,  454793 sec) TelemetryTerminate() Reconditioning the file system.
(Oct 26 2025 19:27:31,       0 sec) DescentInit()        Deep profile 22 initiated at mission-time 454795sec.
(Oct 26 2025 19:27:32,       1 sec) DescentInit()        Surface pressure: -0.0dbars.
(Oct 26 2025 19:27:32,       1 sec) DescentInit()        Charge consumption model: OCV:15.0V Wake-Cycles:31733 Standby:33.9days Wake:22.5kC Sleep:2.4kC
(Oct 26 2025 19:27:44,      13 sec) DescentInit()        Pneumatic humidity: 2897(60.4%) -> 2899(60.5%)
(Oct 26 2025 19:27:44,      13 sec) PistonMoveAbsWTO()    198->053 197 196 195 194 193 192 191 190 189 188 187 186 185 184 183 182 181 180 179 178 177 176 175 174 173 172 171 170 169 168 167 166 165 164 163 162 161 160 159 158 157 156 155 154 153 152 151 150 149 148 147 146 145 144 143 142 141 140 139 138 137 136 135 134 133 132 131 130 129 128 127 126 125 124 123 122 121 120 119 118 117 116 115 114 113 112 111 110 109 108 107 106 105 104 103 102 101 100 099 098 097 096 095 094 093 092 091 090 089 088 087 086 085 084 083 082 081 080 079 078 077 076 075 074 073 072 071 070 069 068 067 066 065 064 063 062 061 060 059 058 057 056 055 054 053 [709sec, 15.0Volts, 0.127Amps, CPT:709sec]
(Oct 26 2025 19:39:37,     726 sec) DescentInit()        Air solenoid open: Barometer [209cnt,  12.2psi]  Pneumometer [107cnt,  12.5psi]
(Oct 26 2025 19:39:47,     736 sec) Descent()            Pressure: 64.1
(Oct 26 2025 20:27:31,    3600 sec) Descent()            Pressure: 498.0
(Oct 26 2025 21:27:31,    7200 sec) Descent()            Pressure: 854.8
(Oct 26 2025 22:27:31,   10800 sec) Descent()            Pressure: 993.5
(Oct 26 2025 23:27:31,   14400 sec) Descent()            Pressure: 996.3
(Oct 26 2025 23:27:32,   14401 sec) ParkInit()           Charge consumption model: OCV:15.4V Wake-Cycles:31738 Standby:34.0days Wake:22.8kC Sensors:2.4kC
(Oct 31 2025 15:28:03,  417632 sec) CtdPower()           [ 1004.40,  3.8525, 34.4035]
(Oct 31 2025 15:28:03,  417632 sec) CtdPower()           CTD Power consumption [217VCnt 3ACnt]: 15.227Volts * 0.012Amps = 0.18Watts.
(Oct 31 2025 15:28:09,  417638 sec) ParkTerminate()      Piston Position:53 Vacuum:190 HumidityAd12:4094(inf%) Vq:219 Aq:2 Vsbe:217 Asbe:3 Vflbb:211 Aflbb:11 Vopt:210 Aopt:13 Vocr:212 Aocr:7 MuxTemp:3.884C MuxHumidity:7.0%
(Oct 31 2025 15:28:39,  417668 sec) ParkTerminate()      PTS/O2,T2,TPhase,RawTemp: 1004.4dbars 3.8532C 34.4032PSU / 35.9uM 3.845C 57.164 8.016 662.226
(Oct 31 2025 15:28:39,  417668 sec) ParkTerminate()      FLBB FSig, BbSig, TSig: 54, 113, 572 / Ocr: nan nan nan nan
(Oct 31 2025 15:28:40,  417669 sec) GoDeepInit()         Charge consumption model: OCV:15.3V Wake-Cycles:31850 Standby:38.7days Wake:22.9kC Sensors:2.4kC
(Oct 31 2025 15:28:40,  417669 sec) GoDeepInit()         Moving piston.
(Oct 31 2025 15:28:40,  417669 sec) PistonMoveAbsWTO()    053->009 052 051 050 049 048 047 046 045 044 043 042 041 040 039 038 037 036 035 034 033 032 031 030 029 028 027 026 025 024 023 022 021 020 019 018 017 016 015 014 013 012 011 010 009 [216sec, 14.8Volts, 0.152Amps, CPT:925sec]
(Oct 31 2025 19:27:31,  432000 sec) ProfileInit()        Charge consumption model: OCV:15.4V Wake-Cycles:31898 Standby:38.8days Wake:22.9kC Sensors:2.4kC
(Oct 31 2025 19:27:31,  432000 sec) ProfileInit()        PrfId:022  Pressure:1638.3dbar  pTable[4]:1600dbar
(Oct 31 2025 19:27:33,  432002 sec) ProfileInit()        Muxer PPIs K{1,2} quiescent: 15.25V, 0.1mA, 1.5mW
(Oct 31 2025 19:27:37,  432006 sec) ProfileInit()        ISUS powered up.
(Oct 31 2025 19:27:40,  432009 sec) ProfileInit()        Muxer PPIs K{1,2} w/ ISUS awake: 14.92V, 57.5mA, 857.9mW
(Oct 31 2025 19:27:47,  432016 sec) MscErrorLog_()       No error records to log.
(Oct 31 2025 19:27:53,  432022 sec) ProfileInit()        DURA powered up.
(Oct 31 2025 19:27:57,  432026 sec) ProfileInit()        Muxer PPIs K{1,2} w/ DURA awake: 15.01V, 48.7mA, 730.9mW
(Oct 31 2025 19:28:03,  432032 sec) MscErrorLog_()       No error records to log.
(Oct 31 2025 19:28:08,  432037 sec) PistonMoveAbsWTO()    009->031 010 011 012 013 014 015 [30sec, 14.5Volts, 0.554Amps, CPT:955sec]
(Oct 31 2025 19:28:49,  432078 sec) PistonMoveAbsWTO()    015->031 016 017 018 019 020 [30sec, 14.3Volts, 0.549Amps, CPT:985sec]
(Oct 31 2025 19:29:30,  432119 sec) PistonMoveAbsWTO()    020->031 021 022 023 024 025 [30sec, 14.1Volts, 0.537Amps, CPT:1015sec]
(Oct 31 2025 19:30:11,  432160 sec) PistonMoveAbsWTO()    025->031 026 027 028 029 030 [30sec, 14.1Volts, 0.529Amps, CPT:1045sec]
(Oct 31 2025 19:30:52,  432201 sec) PistonMoveAbsWTO()    030->031 031 [1sec, 14.2Volts, 0.547Amps, CPT:1046sec]
(Oct 31 2025 19:33:39,  432368 sec) PistonMoveAbsWTO()    031->031 [0sec, 0.0Volts, 0.000Amps, CPT:1046sec]
(Oct 31 2025 19:36:04,  432513 sec) Profile()            Sample 0 initiated at 1602.0dbars for bin 4 [1600dbars].  PTS/O2,T2,TPhase,RPhase,RawTemp/NO3/pH/FSig,BbSig,TSig/Ocr: 1599.9dbars 2.5937C 34.5682PSU / 78.3uM 2.588C 52.788 8.025 700.352 / 41.0uM / -0.884389V /   53  112  574 / nan nan nan nan
(Oct 31 2025 19:53:00,  433529 sec) AscentControlAgent() Bouyancy nudge to 41 (v=0.074dbar/sec).
(Oct 31 2025 19:53:00,  433529 sec) PistonMoveAbsWTO()    031->041 032 033 034 035 036 [30sec, 14.5Volts, 0.511Amps, CPT:1076sec]
(Oct 31 2025 19:53:41,  433570 sec) PistonMoveAbsWTO()    036->041 037 038 039 040 041 [25sec, 14.3Volts, 0.515Amps, CPT:1101sec]
(Oct 31 2025 19:55:37,  433686 sec) Profile()            Sample 1 initiated at 1501.8dbars for bin 5 [1500dbars].  PTS/O2,T2,TPhase,RPhase,RawTemp/NO3/pH/FSig,BbSig,TSig/Ocr: 1499.8dbars 2.7873C 34.5516PSU / 72.8uM 2.782C 53.270 8.040 694.516 / 41.2uM / -0.884406V /   53  112  574 / nan nan nan nan
(Oct 31 2025 20:14:37,  434826 sec) Profile()            Sample 2 initiated at 1401.8dbars for bin 6 [1400dbars].  PTS/O2,T2,TPhase,RPhase,RawTemp/NO3/pH/FSig,BbSig,TSig/Ocr: 1400.1dbars 3.0442C 34.5297PSU / 65.9uM 3.037C 53.895 8.044 686.800 / 41.5uM / -0.884513V /   53  113  573 / nan nan nan nan
(Oct 31 2025 20:35:05,  436054 sec) Profile()            Sample 3 initiated at 1301.7dbars for bin 7 [1300dbars].  PTS/O2,T2,TPhase,RPhase,RawTemp/NO3/pH/FSig,BbSig,TSig/Ocr: 1300.1dbars 3.2378C 34.5131PSU / 61.5uM 3.231C 54.302 8.047 680.918 / 41.7uM / -0.884303V /   54  113  573 / nan nan nan nan
(Oct 31 2025 20:38:58,  436287 sec) AscentControlAgent() Bouyancy nudge to 51 (v=0.075dbar/sec).
(Oct 31 2025 20:38:58,  436287 sec) PistonMoveAbsWTO()    041->051 042 043 044 045 046 [30sec, 14.6Volts, 0.463Amps, CPT:1131sec]
(Oct 31 2025 20:39:39,  436328 sec) PistonMoveAbsWTO()    046->051 047 048 049 050 051 [25sec, 14.4Volts, 0.458Amps, CPT:1156sec]
(Oct 31 2025 20:53:31,  437160 sec) Profile()            Sample 4 initiated at 1201.1dbars for bin 8 [1200dbars].  PTS/O2,T2,TPhase,RPhase,RawTemp/NO3/pH/FSig,BbSig,TSig/Ocr: 1199.4dbars 3.4197C 34.4914PSU / 56.2uM 3.412C 54.841 8.052 675.435 / 42.2uM / -0.884147V /   54  113  572 / nan nan nan nan
(Oct 31 2025 20:59:26,  437515 sec) AscentControlAgent() Bouyancy nudge to 61 (v=0.074dbar/sec).
(Oct 31 2025 20:59:26,  437515 sec) PistonMoveAbsWTO()    051->061 052 053 054 055 056 [30sec, 14.6Volts, 0.435Amps, CPT:1186sec]
(Oct 31 2025 21:00:07,  437556 sec) PistonMoveAbsWTO()    056->061 057 058 059 060 061 [24sec, 14.4Volts, 0.431Amps, CPT:1210sec]
(Oct 31 2025 21:12:52,  438321 sec) Profile()            Sample 5 initiated at 1101.1dbars for bin 9 [1100dbars].  PTS/O2,T2,TPhase,RPhase,RawTemp/NO3/pH/FSig,BbSig,TSig/Ocr: 1099.2dbars 3.6317C 34.4616PSU / 49.3uM 3.624C 55.572 8.056 668.968 / 42.3uM / -0.884180V /   55  114  572 / nan nan nan nan
(Oct 31 2025 21:30:11,  439360 sec) AscentControlAgent() Bouyancy nudge to 71 (v=0.077dbar/sec).
(Oct 31 2025 21:30:11,  439360 sec) PistonMoveAbsWTO()    061->071 062 063 064 065 066 [30sec, 14.7Volts, 0.401Amps, CPT:1240sec]
(Oct 31 2025 21:30:52,  439401 sec) PistonMoveAbsWTO()    066->071 067 068 069 070 071 [23sec, 14.5Volts, 0.405Amps, CPT:1263sec]
(Oct 31 2025 21:32:57,  439526 sec) Profile()            Sample 6 initiated at 1001.1dbars for bin 10 [1000dbars].  PTS/O2,T2,TPhase,RPhase,RawTemp/NO3/pH/FSig,BbSig,TSig/Ocr: 998.9dbars 3.8084C 34.4146PSU / 39.1uM 3.801C 56.767 8.060 663.574 / 42.7uM / -0.884653V /   55  114  572 / nan nan nan nan
(Oct 31 2025 21:36:07,  439716 sec) Sbe41cpStartCP()     Continuous profile started.
(Oct 31 2025 21:41:31,  440040 sec) Profile()            Sample 7 initiated at 951.2dbars for bin 11 [950dbars].  PTS/O2,T2,TPhase,RPhase,RawTemp/NO3/pH/FSig,BbSig,TSig/Ocr: 951.1dbars 3.9201C 34.3815PSU / 33.6uM 3.913C 57.443 8.064 660.163 / 43.1uM / -0.884339V /   55  114  572 / nan nan nan nan
(Oct 31 2025 21:46:41,  440350 sec) AscentControlAgent() Bouyancy nudge to 81 (v=0.073dbar/sec).
(Oct 31 2025 21:46:42,  440351 sec) PistonMoveAbsWTO()    071->081 072 073 074 075 076 [30sec, 14.5Volts, 0.389Amps, CPT:1293sec]
(Oct 31 2025 21:47:23,  440392 sec) PistonMoveAbsWTO()    076->081 077 078 079 080 081 [23sec, 14.4Volts, 0.376Amps, CPT:1316sec]
(Oct 31 2025 21:51:41,  440650 sec) Profile()            Sample 8 initiated at 902.0dbars for bin 12 [900dbars].  PTS/O2,T2,TPhase,RPhase,RawTemp/NO3/pH/FSig,BbSig,TSig/Ocr: 901.9dbars 4.0467C 34.3256PSU / 26.2uM 4.040C 58.399 8.067 656.281 / 43.4uM / -0.885068V /   55  115  571 / nan nan nan nan
(Oct 31 2025 21:56:07,  440916 sec) PistonMoveAbsWTO()    080->081 081 [1sec, 14.6Volts, 0.413Amps, CPT:1317sec]
(Oct 31 2025 22:01:08,  441217 sec) Profile()            Sample 9 initiated at 851.6dbars for bin 13 [850dbars].  PTS/O2,T2,TPhase,RPhase,RawTemp/NO3/pH/FSig,BbSig,TSig/Ocr: 851.5dbars 4.2994C 34.2777PSU / 28.7uM 4.291C 58.007 8.072 648.579 / 42.8uM / -0.884295V /   55  116  571 / nan nan nan nan
(Oct 31 2025 22:06:49,  441558 sec) AscentControlAgent() Bouyancy nudge to 91 (v=0.076dbar/sec).
(Oct 31 2025 22:06:49,  441558 sec) PistonMoveAbsWTO()    081->091 082 083 084 085 086 [30sec, 14.5Volts, 0.359Amps, CPT:1347sec]
(Oct 31 2025 22:07:30,  441599 sec) PistonMoveAbsWTO()    086->091 087 088 089 090 091 [23sec, 14.4Volts, 0.355Amps, CPT:1370sec]
(Oct 31 2025 22:11:03,  441812 sec) Profile()            Sample 10 initiated at 801.9dbars for bin 14 [800dbars].  PTS/O2,T2,TPhase,RPhase,RawTemp/NO3/pH/FSig,BbSig,TSig/Ocr: 801.8dbars 4.4929C 34.2098PSU / 29.9uM 4.484C 57.791 8.077 642.638 / 42.5uM / -0.884165V /   55  113  571 / nan nan nan nan
(Oct 31 2025 22:19:32,  442321 sec) Profile()            Sample 11 initiated at 751.4dbars for bin 15 [750dbars].  PTS/O2,T2,TPhase,RPhase,RawTemp/NO3/pH/FSig,BbSig,TSig/Ocr: 751.3dbars 4.6553C 34.1728PSU / 35.4uM 4.648C 57.020 8.083 637.606 / 42.0uM / -0.883181V /   55  114  571 / nan nan nan nan
(Oct 31 2025 22:28:34,  442863 sec) Profile()            Sample 12 initiated at 702.0dbars for bin 16 [700dbars].  PTS/O2,T2,TPhase,RPhase,RawTemp/NO3/pH/FSig,BbSig,TSig/Ocr: 701.9dbars 4.9879C 34.1125PSU / 48.3uM 4.977C 55.276 8.089 627.461 / 40.6uM / -0.881655V /   54  114  570 / nan nan nan nan
(Oct 31 2025 22:32:14,  443083 sec) AscentControlAgent() Bouyancy nudge to 101 (v=0.074dbar/sec).
(Oct 31 2025 22:32:14,  443083 sec) PistonMoveAbsWTO()    091->101 092 093 094 095 096 [30sec, 14.5Volts, 0.327Amps, CPT:1400sec]
(Oct 31 2025 22:32:55,  443124 sec) PistonMoveAbsWTO()    096->101 097 098 099 100 101 [22sec, 14.5Volts, 0.326Amps, CPT:1422sec]
(Oct 31 2025 22:39:02,  443491 sec) Profile()            Sample 13 initiated at 651.3dbars for bin 17 [650dbars].  PTS/O2,T2,TPhase,RPhase,RawTemp/NO3/pH/FSig,BbSig,TSig/Ocr: 651.2dbars 5.3317C 34.0623PSU / 68.8uM 5.322C 52.762 8.098 616.785 / 38.5uM / -0.879337V /   56  117  570 / nan nan nan nan
(Oct 31 2025 22:49:10,  444099 sec) Profile()            Sample 14 initiated at 602.0dbars for bin 18 [600dbars].  PTS/O2,T2,TPhase,RPhase,RawTemp/NO3/pH/FSig,BbSig,TSig/Ocr: 601.9dbars 6.0617C 34.0181PSU / 103.6uM 6.051C 48.907 8.120 594.103 / 34.9uM / -0.874827V /   54  119  569 / nan nan nan nan
(Oct 31 2025 22:57:36,  444605 sec) AscentControlAgent() Bouyancy nudge to 111 (v=0.069dbar/sec).
(Oct 31 2025 22:57:36,  444605 sec) PistonMoveAbsWTO()    101->111 102 103 104 105 106 [30sec, 14.6Volts, 0.294Amps, CPT:1452sec]
(Oct 31 2025 22:58:17,  444646 sec) PistonMoveAbsWTO()    106->111 107 108 109 110 111 [22sec, 14.5Volts, 0.291Amps, CPT:1474sec]
(Oct 31 2025 23:00:10,  444759 sec) Profile()            Sample 15 initiated at 551.6dbars for bin 19 [550dbars].  PTS/O2,T2,TPhase,RPhase,RawTemp/NO3/pH/FSig,BbSig,TSig/Ocr: 551.5dbars 6.8485C 34.0042PSU / 136.9uM 6.842C 45.649 8.146 569.349 / 30.8uM / -0.870094V /   53  118  568 / nan nan nan nan
(Oct 31 2025 23:08:05,  445234 sec) PistonMoveAbsWTO()    110->111 111 [1sec, 14.7Volts, 0.321Amps, CPT:1475sec]
(Oct 31 2025 23:08:55,  445284 sec) Profile()            Sample 16 initiated at 501.8dbars for bin 20 [500dbars].  PTS/O2,T2,TPhase,RPhase,RawTemp/NO3/pH/FSig,BbSig,TSig/Ocr: 501.7dbars 7.5353C 34.0017PSU / 160.8uM 7.524C 43.494 8.168 547.831 / 27.6uM / -0.866494V /   54  119  567 / nan nan nan nan
(Oct 31 2025 23:18:09,  445838 sec) AscentControlAgent() Bouyancy nudge to 121 (v=0.072dbar/sec).
(Oct 31 2025 23:18:09,  445838 sec) PistonMoveAbsWTO()    111->121 112 113 114 115 116 [30sec, 14.6Volts, 0.276Amps, CPT:1505sec]
(Oct 31 2025 23:18:50,  445879 sec) PistonMoveAbsWTO()    116->121 117 118 119 120 121 [22sec, 14.6Volts, 0.271Amps, CPT:1527sec]
(Oct 31 2025 23:20:03,  445952 sec) Profile()            Sample 17 initiated at 450.2dbars for bin 21 [450dbars].  PTS/O2,T2,TPhase,RPhase,RawTemp/NO3/pH/FSig,BbSig,TSig/Ocr: 450.0dbars 8.4996C 34.0214PSU / 203.4uM 8.496C 40.195 8.193 517.007 / 22.6uM / -0.860826V /   51  118  565 / 0x80068700 0x80004736 0x80085fc9 0x7fffc052
(Oct 31 2025 23:29:12,  446501 sec) Profile()            Sample 18 initiated at 401.1dbars for bin 22 [400dbars].  PTS/O2,T2,TPhase,RPhase,RawTemp/NO3/pH/FSig,BbSig,TSig/Ocr: 401.0dbars 9.4883C 34.0543PSU / 227.5uM 9.479C 38.311 8.217 485.575 / 18.5uM / -0.856722V /   52  114  564 / 0x80066880 0x80003849 0x800867f6 0x7fffc3a4
(Oct 31 2025 23:33:32,  446761 sec) Profile()            Sample 19 initiated at 381.9dbars for bin 23 [380dbars].  PTS/O2,T2,TPhase,RPhase,RawTemp/NO3/pH/FSig,BbSig,TSig/Ocr: 381.9dbars 10.3947C 34.1063PSU / 238.2uM 10.371C 37.285 8.234 456.905 / 15.9uM / -0.854156V /   50  118  563 / 0x80067e36 0x80002224 0x80085f9b 0x7fffbd64
(Oct 31 2025 23:33:33,  446762 sec) AscentControlAgent() Bouyancy nudge to 131 (v=0.074dbar/sec).
(Oct 31 2025 23:33:33,  446762 sec) PistonMoveAbsWTO()    121->131 122 123 124 125 126 [30sec, 14.6Volts, 0.255Amps, CPT:1557sec]
(Oct 31 2025 23:34:14,  446803 sec) PistonMoveAbsWTO()    126->131 127 128 129 130 131 [22sec, 14.5Volts, 0.247Amps, CPT:1579sec]
(Oct 31 2025 23:37:18,  446987 sec) Profile()            Sample 20 initiated at 360.9dbars for bin 24 [360dbars].  PTS/O2,T2,TPhase,RPhase,RawTemp/NO3/pH/FSig,BbSig,TSig/Ocr: 360.8dbars 10.8505C 34.1372PSU / 243.5uM 10.848C 36.770 8.250 441.495 / 14.7uM / -0.852867V /   50  119  562 / 0x8006795b 0x800004db 0x8008549b 0x7fffbe36
(Oct 31 2025 23:38:53,  447082 sec) Profile()            Sample 21 initiated at 351.3dbars for bin 25 [350dbars].  PTS/O2,T2,TPhase,RPhase,RawTemp/NO3/pH/FSig,BbSig,TSig/Ocr: 351.2dbars 11.0556C 34.1533PSU / 244.5uM 11.049C 36.619 8.258 434.993 / 14.2uM / -0.852224V /   51  119  562 / 0x80066592 0x800023d2 0x800856a4 0x7fffb6c9
(Oct 31 2025 23:40:40,  447189 sec) Profile()            Sample 22 initiated at 341.3dbars for bin 26 [340dbars].  PTS/O2,T2,TPhase,RPhase,RawTemp/NO3/pH/FSig,BbSig,TSig/Ocr: 341.2dbars 11.4026C 34.1683PSU / 246.3uM 11.398C 36.349 8.271 423.654 / 13.3uM / -0.851446V /   51  116  561 / 0x80066564 0x80000ba4 0x80085064 0x7fffb1d2
(Oct 31 2025 23:42:37,  447306 sec) Profile()            Sample 23 initiated at 331.3dbars for bin 27 [330dbars].  PTS/O2,T2,TPhase,RPhase,RawTemp/NO3/pH/FSig,BbSig,TSig/Ocr: 331.2dbars 11.7402C 34.1972PSU / 247.9uM 11.739C 36.095 8.282 412.589 / 12.6uM / -0.850719V /   51  116  561 / 0x800658c9 0x80000c00 0x800859c9 0x7fffa4d2
(Oct 31 2025 23:44:34,  447423 sec) Profile()            Sample 24 initiated at 321.5dbars for bin 28 [320dbars].  PTS/O2,T2,TPhase,RPhase,RawTemp/NO3/pH/FSig,BbSig,TSig/Ocr: 321.5dbars 12.0955C 34.2127PSU / 247.9uM 12.088C 35.919 8.291 401.252 / 11.8uM / -0.850055V /   50  117  560 / 0x80066476 0x80000fa4 0x800868b6 0x7fffa036
(Oct 31 2025 23:46:32,  447541 sec) Profile()            Sample 25 initiated at 311.6dbars for bin 29 [310dbars].  PTS/O2,T2,TPhase,RPhase,RawTemp/NO3/pH/FSig,BbSig,TSig/Ocr: 311.5dbars 12.3215C 34.2221PSU / 248.5uM 12.319C 35.776 8.296 393.697 / 11.3uM / -0.849622V /   50  116  560 / 0x80065940 0x80001b89 0x8008432d 0x7fff9dc0
(Oct 31 2025 23:48:29,  447658 sec) Profile()            Sample 26 initiated at 301.5dbars for bin 30 [300dbars].  PTS/O2,T2,TPhase,RPhase,RawTemp/NO3/pH/FSig,BbSig,TSig/Ocr: 301.4dbars 12.5749C 34.2274PSU / 248.2uM 12.575C 35.664 8.301 385.373 / 10.6uM / -0.849011V /   50  117  560 / 0x80065e12 0x800007c9 0x8008709b 0x7fff9176
(Oct 31 2025 23:50:27,  447776 sec) Profile()            Sample 27 initiated at 291.4dbars for bin 31 [290dbars].  PTS/O2,T2,TPhase,RPhase,RawTemp/NO3/pH/FSig,BbSig,TSig/Ocr: 291.3dbars 12.8907C 34.2350PSU / 248.2uM 12.895C 35.501 8.307 374.915 / 9.9uM / -0.848377V /   50  119  559 / 0x80065ea4 0x7ffffb12 0x80088724 0x7fff8f92
(Oct 31 2025 23:52:24,  447893 sec) Profile()            Sample 28 initiated at 281.9dbars for bin 32 [280dbars].  PTS/O2,T2,TPhase,RPhase,RawTemp/NO3/pH/FSig,BbSig,TSig/Ocr: 281.8dbars 13.1806C 34.2504PSU / 248.1uM 13.176C 35.368 8.313 365.736 / 9.2uM / -0.847924V /   50  118  559 / 0x800647c0 0x800013f6 0x80088df6 0x7fff92a4
(Oct 31 2025 23:54:43,  448032 sec) Profile()            Sample 29 initiated at 271.5dbars for bin 33 [270dbars].  PTS/O2,T2,TPhase,RPhase,RawTemp/NO3/pH/FSig,BbSig,TSig/Ocr: 271.4dbars 13.5102C 34.2647PSU / 247.5uM 13.511C 35.234 8.321 354.777 / 8.4uM / -0.847283V /   50  116  558 / 0x800656a4 0x80002e80 0x8008bf52 0x7fff8e12
(Oct 31 2025 23:54:44,  448033 sec) AscentControlAgent() Bouyancy nudge to 141 (v=0.076dbar/sec).
(Oct 31 2025 23:54:44,  448033 sec) PistonMoveAbsWTO()    131->141 132 133 134 135 136 [30sec, 14.7Volts, 0.229Amps, CPT:1609sec]
(Oct 31 2025 23:55:25,  448074 sec) PistonMoveAbsWTO()    136->141 137 138 139 140 141 [22sec, 14.6Volts, 0.229Amps, CPT:1631sec]
(Oct 31 2025 23:57:01,  448170 sec) Profile()            Sample 30 initiated at 261.3dbars for bin 34 [260dbars].  PTS/O2,T2,TPhase,RPhase,RawTemp/NO3/pH/FSig,BbSig,TSig/Ocr: 261.2dbars 14.0058C 34.3302PSU / 247.8uM 13.999C 34.976 8.328 338.763 / 7.8uM / -0.846373V /   50  118  557 / 0x80066064 0x800039e4 0x8008d364 0x7fff8680
(Oct 31 2025 23:58:47,  448276 sec) Profile()            Sample 31 initiated at 251.9dbars for bin 35 [250dbars].  PTS/O2,T2,TPhase,RPhase,RawTemp/NO3/pH/FSig,BbSig,TSig/Ocr: 251.8dbars 14.2640C 34.3574PSU / 247.8uM 14.257C 34.852 8.335 330.284 / 7.4uM / -0.845792V /   50  122  557 / 0x80065809 0x80002e52 0x8008f836 0x7fff86d2
(Nov 01 2025 00:00:45,  448394 sec) Profile()            Sample 32 initiated at 241.9dbars for bin 36 [240dbars].  PTS/O2,T2,TPhase,RPhase,RawTemp/NO3/pH/FSig,BbSig,TSig/Ocr: 241.8dbars 14.6277C 34.4064PSU / 248.4uM 14.626C 34.644 8.343 318.165 / 6.8uM / -0.845147V /   51  116  556 / 0x80065349 0x80004312 0x8009512d 0x7fff81ed
(Nov 01 2025 00:02:42,  448511 sec) Profile()            Sample 33 initiated at 231.9dbars for bin 37 [230dbars].  PTS/O2,T2,TPhase,RPhase,RawTemp/NO3/pH/FSig,BbSig,TSig/Ocr: 231.9dbars 15.0367C 34.4490PSU / 247.5uM 15.036C 34.490 8.347 304.701 / 6.2uM / -0.844411V /   50  118  556 / 0x800640ad 0x80007549 0x8009c2b6 0x7fff8812
(Nov 01 2025 00:04:39,  448628 sec) Profile()            Sample 34 initiated at 221.9dbars for bin 38 [220dbars].  PTS/O2,T2,TPhase,RPhase,RawTemp/NO3/pH/FSig,BbSig,TSig/Ocr: 221.8dbars 15.4816C 34.4950PSU / 246.0uM 15.468C 34.360 8.354 290.462 / 5.7uM / -0.843819V /   52  115  556 / 0x80064fd2 0x8000c912 0x800a4124 0x7fff7c6d
(Nov 01 2025 00:06:48,  448757 sec) Profile()            Sample 35 initiated at 211.5dbars for bin 39 [210dbars].  PTS/O2,T2,TPhase,RPhase,RawTemp/NO3/pH/FSig,BbSig,TSig/Ocr: 211.4dbars 15.8655C 34.5179PSU / 244.4uM 15.870C 34.247 8.363 277.249 / 5.0uM / -0.843337V /   51  117  555 / 0x80063a1b 0x80011292 0x800af864 0x7fff79db
(Nov 01 2025 00:09:07,  448896 sec) Profile()            Sample 36 initiated at 201.4dbars for bin 40 [200dbars].  PTS/O2,T2,TPhase,RPhase,RawTemp/NO3/pH/FSig,BbSig,TSig/Ocr: 201.4dbars 16.3156C 34.5622PSU / 243.3uM 16.345C 34.075 8.373 261.589 / 4.7uM / -0.842623V /   51  117  554 / 0x800644e4 0x8001725b 0x800bdd1b 0x7fff7f12
(Nov 01 2025 00:11:49,  449058 sec) Profile()            Sample 37 initiated at 191.9dbars for bin 41 [190dbars].  PTS/O2,T2,TPhase,RPhase,RawTemp/NO3/pH/FSig,BbSig,TSig/Ocr: 191.9dbars 16.8139C 34.6239PSU / 242.1uM 16.806C 33.919 8.389 246.391 / 4.0uM / -0.842132V /   53  119  553 / 0x80063f92 0x80020ff6 0x800cd992 0x7fff766d
(Nov 01 2025 00:14:52,  449241 sec) Profile()            Sample 38 initiated at 181.8dbars for bin 42 [180dbars].  PTS/O2,T2,TPhase,RPhase,RawTemp/NO3/pH/FSig,BbSig,TSig/Ocr: 181.8dbars 17.5888C 34.7256PSU / 240.9uM 17.578C 33.623 8.405 220.913 / 3.5uM / -0.841099V /   55  116  552 / 0x80064e2d 0x80024ded 0x800cac92 0x7fff6b89
(Nov 01 2025 00:17:45,  449414 sec) Profile()            Sample 39 initiated at 171.4dbars for bin 43 [170dbars].  PTS/O2,T2,TPhase,RPhase,RawTemp/NO3/pH/FSig,BbSig,TSig/Ocr: 171.4dbars 18.3735C 34.8116PSU / 241.6uM 18.348C 33.237 8.407 195.518 / 2.5uM / -0.839963V /   61  120  551 / 0x800643f6 0x8004a55b 0x8010bc00 0x7fff6264
(Nov 01 2025 00:20:36,  449585 sec) Profile()            Sample 40 initiated at 161.5dbars for bin 44 [160dbars].  PTS/O2,T2,TPhase,RPhase,RawTemp/NO3/pH/FSig,BbSig,TSig/Ocr: 161.4dbars 18.9995C 34.9017PSU / 243.3uM 18.972C 32.875 8.417 174.962 / 1.8uM / -0.838821V /   66  120  550 / 0x80066c49 0x8006a8d2 0x8013deed 0x7fff6764
(Nov 01 2025 00:24:24,  449813 sec) Profile()            Sample 41 initiated at 151.6dbars for bin 45 [150dbars].  PTS/O2,T2,TPhase,RPhase,RawTemp/NO3/pH/FSig,BbSig,TSig/Ocr: 151.6dbars 19.4910C 34.9708PSU / 245.7uM 19.476C 32.536 8.428 158.365 / 1.4uM / -0.837856V /   73  124  549 / 0x800686d2 0x800a7812 0x8018ee2d 0x7fff61b6
(Nov 01 2025 00:28:23,  450052 sec) Profile()            Sample 42 initiated at 142.0dbars for bin 46 [140dbars].  PTS/O2,T2,TPhase,RPhase,RawTemp/NO3/pH/FSig,BbSig,TSig/Ocr: 141.9dbars 19.8524C 35.0257PSU / 247.7uM 19.837C 32.279 8.434 146.465 / 1.1uM / -0.837008V /   76  128  548 / 0x8006f1e4 0x800fa7d2 0x801fd52d 0x7fff69d2
(Nov 01 2025 00:32:11,  450280 sec) Profile()            Sample 43 initiated at 131.8dbars for bin 47 [130dbars].  PTS/O2,T2,TPhase,RPhase,RawTemp/NO3/pH/FSig,BbSig,TSig/Ocr: 131.8dbars 19.9926C 35.0409PSU / 250.1uM 19.990C 32.103 8.437 141.441 / 1.1uM / -0.836653V /   82  126  547 / 0x80079a5b 0x8017af12 0x8029c69b 0x7fff74ad
(Nov 01 2025 00:35:52,  450501 sec) AscentControlAgent() Bouyancy nudge to 151 (v=0.030dbar/sec).
(Nov 01 2025 00:35:53,  450502 sec) PistonMoveAbsWTO()    141->151 142 143 144 145 146 147 [30sec, 14.9Volts, 0.199Amps, CPT:1661sec]
(Nov 01 2025 00:36:34,  450543 sec) PistonMoveAbsWTO()    147->151 148 149 150 151 [19sec, 14.8Volts, 0.192Amps, CPT:1680sec]
(Nov 01 2025 00:37:54,  450623 sec) Profile()            Sample 44 initiated at 121.4dbars for bin 48 [120dbars].  PTS/O2,T2,TPhase,RPhase,RawTemp/NO3/pH/FSig,BbSig,TSig/Ocr: 121.3dbars 20.4460C 35.0924PSU / 255.6uM 20.435C 31.659 8.444 126.803 / 0.8uM / -0.835537V /   88  129  547 / 0x800a4b5b 0x802bb6e4 0x803f381b 0x7fffb51b
(Nov 01 2025 00:40:35,  450784 sec) Profile()            Sample 45 initiated at 111.7dbars for bin 49 [110dbars].  PTS/O2,T2,TPhase,RPhase,RawTemp/NO3/pH/FSig,BbSig,TSig/Ocr: 111.6dbars 20.8896C 35.1589PSU / 258.0uM 20.892C 31.356 8.449 111.803 / 1.1uM / -0.834718V /   99  134  546 / 0x800e4b52 0x803e4712 0x804ea009 0x7fffe9e4
(Nov 01 2025 00:43:17,  450946 sec) Profile()            Sample 46 initiated at 101.4dbars for bin 50 [100dbars].  PTS/O2,T2,TPhase,RPhase,RawTemp/NO3/pH/FSig,BbSig,TSig/Ocr: 101.3dbars 21.6396C 35.2499PSU / 262.1uM 21.621C 30.873 8.456 87.934 / 1.1uM / -0.833548V /   94  135  545 / 0x801ac964 0x807fdcb6 0x808f8664 0x800118db
(Nov 01 2025 00:44:30,  451019 sec) Profile()            Sample 47 initiated at 96.8dbars for bin 51 [95dbars].  PTS/O2,T2,TPhase,RPhase,RawTemp/NO3/pH/FSig,BbSig,TSig/Ocr: 96.7dbars 21.9945C 35.3095PSU / 262.9uM 21.966C 30.696 8.461 76.647 / 1.0uM / -0.833000V /   88  133  545 / 0x8022d9a4 0x80a33a1b 0x80af0bad 0x8001c176
(Nov 01 2025 00:45:54,  451103 sec) Profile()            Sample 48 initiated at 91.7dbars for bin 52 [90dbars].  PTS/O2,T2,TPhase,RPhase,RawTemp/NO3/pH/FSig,BbSig,TSig/Ocr: 91.6dbars 22.2611C 35.3325PSU / 265.2uM 22.244C 30.484 8.468 67.572 / 1.3uM / -0.832623V /   81  141  545 / 0x802de792 0x80c5b889 0x80c96536 0x8002b3b6
(Nov 01 2025 00:47:30,  451199 sec) Profile()            Sample 49 initiated at 86.6dbars for bin 53 [85dbars].  PTS/O2,T2,TPhase,RPhase,RawTemp/NO3/pH/FSig,BbSig,TSig/Ocr: 86.6dbars 22.7337C 35.3750PSU / 267.5uM 22.697C 30.207 8.478 52.795 / 1.2uM / -0.832003V /   80  142  544 / 0x803f3edb 0x810678ad 0x81046c6d 0x80048d64
(Nov 01 2025 00:51:28,  451437 sec) Profile()            Sample 50 initiated at 82.0dbars for bin 54 [80dbars].  PTS/O2,T2,TPhase,RPhase,RawTemp/NO3/pH/FSig,BbSig,TSig/Ocr: 82.0dbars 23.0084C 35.3547PSU / 271.3uM 22.996C 29.931 8.496 43.060 / 1.2uM / -0.831902V /   70  140  543 / 0x80565680 0x8144e389 0x8134eb36 0x8006836d
(Nov 01 2025 00:51:29,  451438 sec) AscentControlAgent() Bouyancy nudge to 156 (v=0.023dbar/sec).
(Nov 01 2025 00:51:30,  451439 sec) PistonMoveAbsWTO()    151->156 152 153 154 155 156 [25sec, 14.9Volts, 0.186Amps, CPT:1705sec]
(Nov 01 2025 00:53:40,  451569 sec) Profile()            Sample 51 initiated at 76.6dbars for bin 55 [75dbars].  PTS/O2,T2,TPhase,RPhase,RawTemp/NO3/pH/FSig,BbSig,TSig/Ocr: 76.6dbars 23.1482C 35.3586PSU / 271.2uM 23.137C 29.878 8.493 38.457 / 2.0uM / -0.831735V /   70  143  542 / 0x8069fb49 0x812ae15b 0x80ff0376 0x8006ba5b
(Nov 01 2025 00:54:53,  451642 sec) Profile()            Sample 52 initiated at 71.9dbars for bin 56 [70dbars].  PTS/O2,T2,TPhase,RPhase,RawTemp/NO3/pH/FSig,BbSig,TSig/Ocr: 71.9dbars 23.5284C 35.3693PSU / 270.6uM 23.514C 29.756 8.493 26.218 / 1.6uM / -0.831509V /   70  141  542 / 0x80a49b6d 0x81edf640 0x81b2062d 0x800defb6
(Nov 01 2025 00:56:50,  451759 sec) Profile()            Sample 53 initiated at 66.8dbars for bin 57 [65dbars].  PTS/O2,T2,TPhase,RPhase,RawTemp/NO3/pH/FSig,BbSig,TSig/Ocr: 66.8dbars 23.9322C 35.3691PSU / 269.3uM 23.895C 29.659 8.496 13.873 / 1.5uM / -0.831101V /   67  141  542 / 0x80e21cf6 0x826182c9 0x82093da4 0x80156df6
(Nov 01 2025 01:01:22,  452031 sec) Profile()            Sample 54 initiated at 62.0dbars for bin 58 [60dbars].  PTS/O2,T2,TPhase,RPhase,RawTemp/NO3/pH/FSig,BbSig,TSig/Ocr: 62.0dbars 24.3970C 35.4032PSU / 267.0uM 24.378C 29.566 8.501 -1.748 / 1.4uM / -0.830759V /   66  142  541 / 0x811dfa24 0x82d26cad 0x8262e0e4 0x801d9192
(Nov 01 2025 01:01:56,  452065 sec) AscentControlAgent() Bouyancy nudge to 161 (v=0.012dbar/sec).
(Nov 01 2025 01:01:57,  452066 sec) PistonMoveAbsWTO()    156->161 157 158 159 160 161 [23sec, 14.9Volts, 0.168Amps, CPT:1728sec]
(Nov 01 2025 01:07:06,  452375 sec) AscentControlAgent() Bouyancy nudge to 166 (v=0.003dbar/sec).
(Nov 01 2025 01:07:07,  452376 sec) PistonMoveAbsWTO()    161->166 162 161 162 163 164 163 164 165 166 [25sec, 14.9Volts, 0.181Amps, CPT:1753sec]
(Nov 01 2025 01:09:50,  452539 sec) Profile()            Sample 55 initiated at 56.8dbars for bin 59 [55dbars].  PTS/O2,T2,TPhase,RPhase,RawTemp/NO3/pH/FSig,BbSig,TSig/Ocr: 56.8dbars 25.9499C 35.5326PSU / 249.4uM 25.935C 29.714 8.523 -51.775 / 1.7uM / -0.829490V /   62  145  539 / 0x81692aa4 0x834ee164 0x82c18ded 0x802a34b6
(Nov 01 2025 01:12:42,  452711 sec) Profile()            Sample 56 initiated at 51.8dbars for bin 60 [50dbars].  PTS/O2,T2,TPhase,RPhase,RawTemp/NO3/pH/FSig,BbSig,TSig/Ocr: 51.8dbars 26.0055C 35.5411PSU / 247.0uM 26.012C 29.789 8.527 -54.248 / 1.8uM / -0.829290V /   58  140  538 / 0x81c1cf40 0x83fe3c89 0x835f2992 0x8043172d
(Nov 01 2025 01:12:43,  452712 sec) AscentControlAgent() Bouyancy nudge to 171 (v=0.031dbar/sec).
(Nov 01 2025 01:12:44,  452713 sec) PistonMoveAbsWTO()    166->171 167 166 167 168 169 170 171 [24sec, 14.9Volts, 0.165Amps, CPT:1777sec]
(Nov 01 2025 01:15:04,  452853 sec) Profile()            Sample 57 initiated at 46.8dbars for bin 61 [45dbars].  PTS/O2,T2,TPhase,RPhase,RawTemp/NO3/pH/FSig,BbSig,TSig/Ocr: 46.7dbars 26.0431C 35.5438PSU / 247.0uM 26.050C 29.776 8.525 -55.453 / 1.9uM / -0.829319V /   57  143  538 / 0x823980ad 0x84b7b0c9 0x84034209 0x8072625b
(Nov 01 2025 01:16:39,  452948 sec) Profile()            Sample 58 initiated at 41.8dbars for bin 62 [40dbars].  PTS/O2,T2,TPhase,RPhase,RawTemp/NO3/pH/FSig,BbSig,TSig/Ocr: 41.8dbars 26.0575C 35.5435PSU / 247.0uM 26.067C 29.768 8.527 -55.980 / 1.8uM / -0.829237V /   56  142  537 / 0x82bffae4 0x85b2a636 0x84f20f00 0x80aac389
(Nov 01 2025 01:18:14,  453043 sec) Profile()            Sample 59 initiated at 36.5dbars for bin 63 [35dbars].  PTS/O2,T2,TPhase,RPhase,RawTemp/NO3/pH/FSig,BbSig,TSig/Ocr: 36.5dbars 26.1323C 35.5467PSU / 246.7uM 26.137C 29.757 8.525 -58.230 / 1.9uM / -0.829093V /   56  140  537 / 0x83047876 0x85f0a589 0x85292db6 0x80e2a1ad
(Nov 01 2025 01:19:39,  453128 sec) Profile()            Sample 60 initiated at 31.9dbars for bin 64 [30dbars].  PTS/O2,T2,TPhase,RPhase,RawTemp/NO3/pH/FSig,BbSig,TSig/Ocr: 31.8dbars 26.1208C 35.5254PSU / 246.8uM 26.130C 29.754 8.525 -58.006 / 1.8uM / -0.828715V /   56  143  537 / 0x83283a52 0x85acc89b 0x84eb9b76 0x810b9e92
(Nov 01 2025 01:21:14,  453223 sec) Profile()            Sample 61 initiated at 26.5dbars for bin 65 [25dbars].  PTS/O2,T2,TPhase,RPhase,RawTemp/NO3/pH/FSig,BbSig,TSig/Ocr: 26.5dbars 26.1494C 35.4997PSU / 246.5uM 26.154C 29.757 8.524 -58.751 / 1.9uM / -0.828612V /   56  142  537 / 0x826d2c5b 0x833ffc24 0x827f2552 0x809cc636
(Nov 01 2025 01:22:49,  453318 sec) Profile()            Sample 62 initiated at 21.4dbars for bin 66 [20dbars].  PTS/O2,T2,TPhase,RPhase,RawTemp/NO3/pH/FSig,BbSig,TSig/Ocr: 21.4dbars 26.1615C 35.4943PSU / 246.5uM 26.169C 29.754 8.525 -59.241 / 1.9uM / -0.828400V /   54  143  537 / 0x82e2c792 0x839d9424 0x82bec0c0 0x80d0b252
(Nov 01 2025 01:24:14,  453403 sec) Profile()            Sample 63 initiated at 16.9dbars for bin 67 [15dbars].  PTS/O2,T2,TPhase,RPhase,RawTemp/NO3/pH/FSig,BbSig,TSig/Ocr: 16.9dbars 26.1651C 35.4885PSU / 246.6uM 26.179C 29.743 8.524 -59.579 / 2.0uM / -0.828164V /   54  143  537 / 0x853e72ad 0x883969b6 0x8736cd24 0x8336f75b
(Nov 01 2025 01:26:00,  453509 sec) Profile()            Sample 64 initiated at 11.5dbars for bin 68 [10dbars].  PTS/O2,T2,TPhase,RPhase,RawTemp/NO3/pH/FSig,BbSig,TSig/Ocr: 11.5dbars 26.1779C 35.4836PSU / 246.7uM 26.201C 29.730 8.522 -60.257 / 1.9uM / -0.827558V /   54  143  536 / 0x86a9ebad 0x8a1c6752 0x891d74ad 0x858be3c9
(Nov 01 2025 01:27:24,  453593 sec) Profile()            Sample 65 initiated at 7.9dbars for bin 69 [6dbars].  PTS/O2,T2,TPhase,RPhase,RawTemp/NO3/pH/FSig,BbSig,TSig/Ocr: 7.9dbars 26.1988C 35.4841PSU / 246.6uM 26.218C 29.728 8.521 -60.817 / 1.9uM / -0.827169V /   54  143  536 / 0x876f9d1b 0x8af33d92 0x89d381c9 0x86dcad76
(Nov 01 2025 01:28:44,  453673 sec) SurfaceDetect()      SurfacePressure:-0.0dbars Pressure:3.6dbars PistonPosition:171
(Nov 01 2025 01:28:45,  453674 sec) Sbe41cpStopCP()      Continuous profile stopped.
(Nov 01 2025 01:28:48,  453677 sec) PistonMoveAbsWTO()    171->193 172 173 174 175 176 177 178 179 180 181 182 183 184 185 186 187 188 189 190 191 192 193 [108sec, 15.0Volts, 0.161Amps, CPT:1885sec]
(Nov 01 2025 01:30:41,  453790 sec) chat()               Expected string [S>] not received.
(Nov 01 2025 01:32:36,  453905 sec) Sbe41cpBinAverage()  Finished averaging 13970 samples in 110 seconds.
(Nov 01 2025 01:32:41,  453910 sec) Sbe41cpUploadCP_()   Sbe41cpSerNo[20478] NSample[13970] NBin[493]
(Nov 01 2025 01:33:12,  453941 sec) Sbe41cpUploadCP_()   Continuous profile uploaded [493 lines].
(Nov 01 2025 01:33:26,  453955 sec) MscErrorLog_()       No error records to log.
(Nov 01 2025 01:33:36,  453965 sec) MscErrorLog_()       No error records to log.

<EOT>
