(Dec 12 2025 03:54:36,  884486 sec) TelemetryInit()      Profile 26. (Apf11 FwRev: 061125)
(Dec 12 2025 03:54:36,  884486 sec) TelemetryInit()      Charge consumption model: OCV:15.2V Wake-Cycles:40711 Standby:79.6days Wake:28.7kC Sensors:2.9kC
(Dec 12 2025 03:59:51,  884801 sec) GetSurfaceObs()      P/O2,T2,TPhase,RPhase,RawTemp/FSig,BbSig,TSig: 0.2dbars / 250.4uM 24.218C 30.337 8.473 3.429 / 58,132,539
(Dec 12 2025 03:59:51,  884801 sec) GetSurfaceObs()      P/Ocr: 0.2dbars / 0x80072689 0x8000dfc9 0x80094709 0x800041ad
(Dec 12 2025 04:00:24,  884834 sec) GetSurfaceObs()      P/O2,T2,TPhase,RPhase,RawTemp/FSig,BbSig,TSig: 0.0dbars / 253.6uM 23.967C 30.293 8.471 11.529 / 58,135,539
(Dec 12 2025 04:00:24,  884834 sec) GetSurfaceObs()      P/Ocr: 0.0dbars / 0x8006ee9b 0x80007712 0x8008eb76 0x7fffec52
(Dec 12 2025 04:00:57,  884867 sec) GetSurfaceObs()      P/O2,T2,TPhase,RPhase,RawTemp/FSig,BbSig,TSig: 0.2dbars / 251.4uM 24.244C 30.281 8.471 2.596 / 57,136,539
(Dec 12 2025 04:00:57,  884867 sec) GetSurfaceObs()      P/Ocr: 0.2dbars / 0x8006f464 0x8000a1b6 0x8008fc12 0x8000269b
(Dec 12 2025 04:01:31,  884901 sec) GetSurfaceObs()      P/O2,T2,TPhase,RPhase,RawTemp/FSig,BbSig,TSig: 0.1dbars / 252.2uM 24.139C 30.285 8.469 5.966 / 58,133,539
(Dec 12 2025 04:01:31,  884901 sec) GetSurfaceObs()      P/Ocr: 0.1dbars / 0x8006a240 0x80003e1b 0x8008a6c0 0x7fffabf6
(Dec 12 2025 04:04:50,  885100 sec) AirSystem()          Battery [215cnt, 15.1V]  Current [20cnt, 79.1mA]  Pneumometer [155cnt, 18.2psi]  Run-Time [95s]
(Dec 12 2025 04:05:03,  885113 sec) GetSurfaceObs()      P/O2,T2,TPhase,RPhase,RawTemp/FSig,BbSig,TSig: -0.0dbars / 260.1uM 22.119C 30.753 8.474 71.630 / 59,134,539
(Dec 12 2025 04:05:03,  885113 sec) GetSurfaceObs()      P/Ocr: -0.0dbars / 0x80064889 0x7fffb71b 0x80082652 0x7fff5af6
(Dec 12 2025 04:05:36,  885146 sec) GetSurfaceObs()      P/O2,T2,TPhase,RPhase,RawTemp/FSig,BbSig,TSig: -0.1dbars / 264.0uM 21.307C 30.923 8.471 98.209 / 58,132,539
(Dec 12 2025 04:05:36,  885146 sec) GetSurfaceObs()      P/Ocr: -0.1dbars / 0x80061140 0x7fff7ca4 0x800801c0 0x7fff4424
(Dec 12 2025 04:06:09,  885179 sec) GetSurfaceObs()      P/O2,T2,TPhase,RPhase,RawTemp/FSig,BbSig,TSig: -0.0dbars / 262.7uM 22.864C 30.340 8.466 47.358 / 59,134,539
(Dec 12 2025 04:06:09,  885179 sec) GetSurfaceObs()      P/Ocr: -0.0dbars / 0x8006175b 0x7fff7e49 0x800809ed 0x7fff2db6
(Dec 12 2025 04:06:43,  885213 sec) GetSurfaceObs()      P/O2,T2,TPhase,RPhase,RawTemp/FSig,BbSig,TSig: 0.0dbars / 272.6uM 21.474C 30.494 8.463 92.740 / 59,133,539
(Dec 12 2025 04:06:43,  885213 sec) GetSurfaceObs()      P/Ocr: 0.0dbars / 0x80060409 0x7fff85db 0x80081f76 0x7fff3be4
(Dec 12 2025 04:07:16,  885246 sec) GetSurfaceObs()      P/O2,T2,TPhase,RPhase,RawTemp/FSig,BbSig,TSig: -0.2dbars / 263.2uM 21.347C 30.939 8.459 96.881 / 58,141,539
(Dec 12 2025 04:07:16,  885246 sec) GetSurfaceObs()      P/Ocr: -0.2dbars / 0x8005f51b 0x7fff61ed 0x8007f992 0x7fff3c52
(Dec 12 2025 04:07:49,  885279 sec) GetSurfaceObs()      P/O2,T2,TPhase,RPhase,RawTemp/FSig,BbSig,TSig: 0.1dbars / 273.5uM 21.418C 30.480 8.457 94.574 / 57,136,539
(Dec 12 2025 04:07:49,  885279 sec) GetSurfaceObs()      P/Ocr: 0.1dbars / 0x80060ce4 0x7fff5d49 0x80080136 0x7fff46b6
(Dec 12 2025 04:08:22,  885312 sec) GetSurfaceObs()      P/O2,T2,TPhase,RPhase,RawTemp/FSig,BbSig,TSig: 0.2dbars / 250.8uM 22.995C 30.806 8.459 43.078 / 58,131,539
(Dec 12 2025 04:08:22,  885312 sec) GetSurfaceObs()      P/Ocr: 0.2dbars / 0x80060adb 0x7fff57b6 0x8007ed76 0x7fff36e4
(Dec 12 2025 04:08:55,  885345 sec) GetSurfaceObs()      P/O2,T2,TPhase,RPhase,RawTemp/FSig,BbSig,TSig: 0.1dbars / 255.0uM 22.720C 30.731 8.459 52.035 / 56,134,539
(Dec 12 2025 04:08:55,  885345 sec) GetSurfaceObs()      P/Ocr: 0.1dbars / 0x800603e4 0x7fff4ee4 0x8007e649 0x7fff27e4
(Dec 12 2025 04:09:13,  885363 sec) AirSystem()          Battery [216cnt, 15.2V]  Current [20cnt, 77.2mA]  Pneumometer [157cnt, 18.5psi]  Run-Time [9s]
(Dec 12 2025 04:09:47,  885397 sec) GetSurfaceObs()      P/O2,T2,TPhase,RPhase,RawTemp/FSig,BbSig,TSig: -0.2dbars / 250.4uM 23.273C 30.712 8.461 34.062 / 58,137,539
(Dec 12 2025 04:09:47,  885397 sec) GetSurfaceObs()      P/Ocr: -0.2dbars / 0x8005ea5b 0x7fff5612 0x8007d0ed 0x7fff1c00
(Dec 12 2025 04:09:50,  885400 sec) GpsServices()        GPS almanac is current.
(Dec 12 2025 04:09:50,  885400 sec) GpsServices()        Initiating GPS fix acquisition.
(Dec 12 2025 04:09:57,  885407 sec) gga()                $GPGGA,041000,2728.9449,N,15827.5252,W,0,00,,,M,,M,,*4C
(Dec 12 2025 04:10:08,  885418 sec) gga()                $GPGGA,041020,2728.9449,N,15827.5252,W,0,00,,,M,,M,,*4E
(Dec 12 2025 04:10:18,  885428 sec) gga()                $GPGGA,041030,2728.9449,N,15827.5252,W,0,00,,,M,,M,,*4F
(Dec 12 2025 04:10:18,  885428 sec) gga()                $GPGGA,041030,2728.9449,N,15827.5252,W,0,00,,,M,,M,,*4F
(Dec 12 2025 04:10:28,  885438 sec) gga()                $GPGGA,041040,2728.9449,N,15827.5252,W,0,00,,,M,,M,,*48
(Dec 12 2025 04:10:38,  885448 sec) gga()                $GPGGA,041050,2728.9449,N,15827.5252,W,0,00,,,M,,M,,*49
(Dec 12 2025 04:10:48,  885458 sec) gga()                $GPGGA,041100,2728.9449,N,15827.5252,W,0,00,,,M,,M,,*4D
(Dec 12 2025 04:10:58,  885468 sec) gga()                $GPGGA,041110,2728.9449,N,15827.5252,W,0,00,,,M,,M,,*4C
(Dec 12 2025 04:11:08,  885478 sec) gga()                $GPGGA,041120,2728.9449,N,15827.5252,W,0,00,,,M,,M,,*4F
(Dec 12 2025 04:11:18,  885488 sec) gga()                $GPGGA,041130,2728.9449,N,15827.5252,W,0,00,,,M,,M,,*4E
(Dec 12 2025 04:11:29,  885499 sec) gga()                $GPGGA,041140,2728.8205,N,15831.0299,W,1,06,1.2,-20.2,M,-4.9,M,,*54
(Dec 12 2025 04:11:29,  885499 sec) GpsServices()        Profile 26 GPS fix obtained in 99 seconds.
(Dec 12 2025 04:11:29,  885499 sec) GpsServices()                   lon      lat mm/dd/yyyy hhmmss nsat
(Dec 12 2025 04:11:29,  885499 sec) GpsServices()        Fix: -158.5172  27.4803 12/12/2025 041140    6
(Dec 12 2025 04:11:39,  885509 sec) gga()                $GPGGA,041150,2728.8205,N,15831.0311,W,1,09,0.8,-19.1,M,-4.9,M,,*59
(Dec 12 2025 04:11:48,  885518 sec) gga()                $GPGGA,041200,2728.8202,N,15831.0313,W,1,09,0.8,-16.8,M,-4.9,M,,*5C
(Dec 12 2025 04:11:48,  885518 sec) GpsServices()        APF11 RTC skew (-12s) OK.
(Dec 12 2025 04:11:48,  885518 sec) GpsServices()        GPS services complete.
(Dec 12 2025 04:12:15,  885545 sec) IrGeoLoc()           <x,y,z>=<-5264km,-2080km,2924km> lat=27.478 lon=-158.439 IrSysTime=0xf19a6980
(Dec 12 2025 04:12:19,  885549 sec) CLogin()             Connecting to primary host.
(Dec 12 2025 04:12:31,  885561 sec) CLogin()             Connection 1 established in 12 seconds.
(Dec 12 2025 04:13:05,  885595 sec) expect()             Attempt to read prompt string [Last login:] failed.
(Dec 12 2025 04:13:05,  885595 sec) login()              Login failed.
(Dec 12 2025 04:13:35,  885625 sec) expect()             Attempt to read prompt string [login:] failed.
(Dec 12 2025 04:13:35,  885625 sec) login()              Login prompt not received.
(Dec 12 2025 04:13:45,  885635 sec) CLogin()             Connection 2 established in 86 seconds.
(Dec 12 2025 04:13:54,  885644 sec) login()              Login successful.
(Dec 12 2025 04:13:58,  885648 sec) CLogin()             Logged in to host.  [Login required 13 seconds]
(Dec 12 2025 04:14:00,  885650 sec) RxConfig()           Downloading "mission.cfg" from host.
(Dec 12 2025 04:14:18,  885668 sec) RxConfig()           Download successful: [bytes:50, sec:15.9, bps:3]
(Dec 12 2025 04:14:22,  885672 sec) WriteVitals_()       Writing vitals to "23808.026.msg".
(Dec 12 2025 04:14:27,  885677 sec) UpLoadFile()         Uploading "23808.026.log" to host.
(Dec 12 2025 04:17:16,  885846 sec) UpLoadFile()         Upload successful: [bytes:42017, sec:168.3, bps:250]
(Dec 12 2025 04:17:17,  885847 sec) fmove()              Moved: 23808.026.log -> archive/23808.026.log
(Dec 12 2025 04:17:21,  885851 sec) UpLoadFile()         Uploading "23808.026.msg" to host.
(Dec 12 2025 04:21:06,  886076 sec) UpLoadFile()         Upload successful: [bytes:43159, sec:225.8, bps:191]
(Dec 12 2025 04:21:08,  886078 sec) fmove()              Moved: 23808.026.msg -> archive/23808.026.msg
(Dec 12 2025 04:21:11,  886081 sec) UpLoadFile()         Uploading "23808.026.isus" to host.
(Dec 12 2025 04:23:23,  886213 sec) UpLoadFile()         Upload successful: [bytes:24796, sec:131.3, bps:189]
(Dec 12 2025 04:23:24,  886214 sec) fmove()              Moved: 23808.026.isus -> archive/23808.026.isus
(Dec 12 2025 04:23:28,  886218 sec) UpLoadFile()         Uploading "23808.026.dura" to host.
(Dec 12 2025 04:24:19,  886269 sec) UpLoadFile()         Upload successful: [bytes:12208, sec:51.3, bps:238]
(Dec 12 2025 04:24:20,  886270 sec) fmove()              Moved: 23808.026.dura -> archive/23808.026.dura
(Dec 12 2025 04:24:22,  886272 sec) UpLoad()             Files successfully uploaded: 4
(Dec 12 2025 04:24:22,  886272 sec) UpLoad()             Upload complete.
(Dec 12 2025 04:24:31,  886281 sec) chat()               Expected string [logout] not received.
(Dec 12 2025 04:24:31,  886281 sec) logout()             Attempt to log-out failed.
(Dec 12 2025 04:24:31,  886281 sec) logout()             No carrier detected.
(Dec 12 2025 04:24:31,  886281 sec) Telemetry()          Telemetry cycle complete: PrfId=26 ConnectionAttempts=2  Connections=2
(Dec 12 2025 04:24:31,  886281 sec) TelemetryTerminate() Parsing new mission configuration.
(Dec 12 2025 04:24:32,  886282 sec) configure()          Parsing configurators in "mission.cfg".
(Dec 12 2025 04:24:32,  886282 sec) configure()             TelemetryRetry(15)      [0x7BBC] [TelemetryRetry(15)].
(Dec 12 2025 04:24:32,  886282 sec) configure()             DownTime(14400) [CRC=0x9F62] [DownTime(14400)].
(Dec 12 2025 04:24:32,  886282 sec) configure()          Configuration CRCs and syntax OK.
(Dec 12 2025 04:24:33,  886283 sec) ConfigSupervisor()   Configuration accepted.
(Dec 12 2025 04:24:33,  886283 sec) TelemetryTerminate() Reconditioning the file system.
(Dec 12 2025 04:24:35,       0 sec) DescentInit()        Deep profile 27 initiated at mission-time 886285sec.
(Dec 12 2025 04:24:36,       1 sec) DescentInit()        Surface pressure: 0.2dbars.
(Dec 12 2025 04:24:36,       1 sec) DescentInit()        Charge consumption model: OCV:15.0V Wake-Cycles:40712 Standby:79.6days Wake:28.7kC Sleep:2.9kC
(Dec 12 2025 04:24:48,      13 sec) DescentInit()        Pneumatic humidity: 2900(60.5%) -> 2901(60.5%)
(Dec 12 2025 04:24:48,      13 sec) PistonMoveAbsWTO()    188->054 187 186 185 184 183 182 181 180 179 178 177 176 175 174 173 172 171 170 169 168 167 166 165 164 163 162 161 160 159 158 157 156 155 154 153 152 151 150 149 148 147 146 145 144 143 142 141 140 139 138 137 136 135 134 133 132 131 130 129 128 127 126 125 124 123 122 121 120 119 118 117 116 115 114 113 112 111 110 109 108 107 106 105 104 103 102 101 100 099 098 097 096 095 094 093 092 091 090 089 088 087 086 085 084 083 082 081 080 079 078 077 076 075 074 073 072 071 070 069 068 067 066 065 064 063 062 061 060 059 058 057 056 055 054 [657sec, 15.0Volts, 0.136Amps, CPT:657sec]
(Dec 12 2025 04:35:50,     675 sec) DescentInit()        Air solenoid open: Barometer [207cnt,  12.1psi]  Pneumometer [106cnt,  12.4psi]
(Dec 12 2025 04:36:00,     685 sec) Descent()            Pressure: 58.4
(Dec 12 2025 05:24:35,    3600 sec) Descent()            Pressure: 504.8
(Dec 12 2025 06:24:35,    7200 sec) Descent()            Pressure: 855.6
(Dec 12 2025 07:24:35,   10800 sec) Descent()            Pressure: 977.2
(Dec 12 2025 08:24:35,   14400 sec) Descent()            Pressure: 985.6
(Dec 12 2025 08:24:36,   14401 sec) ParkInit()           Charge consumption model: OCV:15.4V Wake-Cycles:40717 Standby:79.8days Wake:29.0kC Sensors:2.9kC
(Dec 12 2025 10:24:43,   21608 sec) Park()               ParkPOutOfBand[-3, 989.5 dbars]: retract piston.
(Dec 12 2025 10:24:43,   21608 sec) PistonMoveAbsWTO()    054->053 053 [6sec, 15.0Volts, 0.083Amps, CPT:663sec]
(Dec 14 2025 23:24:43,  241208 sec) Park()               ParkPOutOfBand[3, 1010.2 dbars]: extend piston.
(Dec 14 2025 23:24:43,  241208 sec) PistonMoveAbsWTO()    053->054 054 [2sec, 14.5Volts, 0.432Amps, CPT:665sec]
(Dec 22 2025 00:25:07,  849632 sec) CtdPower()           [ 1007.64,  3.8516, 34.4085]
(Dec 22 2025 00:25:07,  849632 sec) CtdPower()           CTD Power consumption [215VCnt 3ACnt]: 15.100Volts * 0.012Amps = 0.18Watts.
(Dec 22 2025 00:25:13,  849638 sec) ParkTerminate()      Piston Position:54 Vacuum:190 HumidityAd12:4094(inf%) Vq:218 Aq:2 Vsbe:215 Asbe:3 Vflbb:210 Aflbb:11 Vopt:209 Aopt:13 Vocr:211 Aocr:7 MuxTemp:3.844C MuxHumidity:7.3%
(Dec 22 2025 00:25:43,  849668 sec) ParkTerminate()      PTS/O2,T2,TPhase,RawTemp: 1007.5dbars 3.8526C 34.4087PSU / 37.2uM 3.845C 56.996 7.957 662.227
(Dec 22 2025 00:25:43,  849668 sec) ParkTerminate()      FLBB FSig, BbSig, TSig: 54, 114, 572 / Ocr: nan nan nan nan
(Dec 22 2025 00:25:44,  849669 sec) GoDeepInit()         Charge consumption model: OCV:15.3V Wake-Cycles:40949 Standby:89.4days Wake:29.3kC Sensors:2.9kC
(Dec 22 2025 00:25:44,  849669 sec) GoDeepInit()         Moving piston.
(Dec 22 2025 00:25:44,  849669 sec) PistonMoveAbsWTO()    054->009 053 052 051 050 049 048 047 046 045 044 043 042 041 040 039 038 037 036 035 034 033 032 031 030 029 028 027 026 025 024 023 022 021 020 019 018 017 016 015 014 013 012 011 010 009 [219sec, 14.9Volts, 0.054Amps, CPT:884sec]
(Dec 22 2025 04:24:35,  864000 sec) ProfileInit()        Charge consumption model: OCV:15.3V Wake-Cycles:40997 Standby:89.6days Wake:29.3kC Sensors:2.9kC
(Dec 22 2025 04:24:35,  864000 sec) ProfileInit()        PrfId:027  Pressure:1645.1dbar  pTable[4]:1600dbar
(Dec 22 2025 04:24:37,  864002 sec) ProfileInit()        Muxer PPIs K{1,2} quiescent: 15.11V, 0.2mA, 3.0mW
(Dec 22 2025 04:24:41,  864006 sec) ProfileInit()        ISUS powered up.
(Dec 22 2025 04:24:44,  864009 sec) ProfileInit()        Muxer PPIs K{1,2} w/ ISUS awake: 14.87V, 60.1mA, 893.8mW
(Dec 22 2025 04:24:51,  864016 sec) MscErrorLog_()       No error records to log.
(Dec 22 2025 04:24:57,  864022 sec) ProfileInit()        DURA powered up.
(Dec 22 2025 04:25:01,  864026 sec) ProfileInit()        Muxer PPIs K{1,2} w/ DURA awake: 14.96V, 47.7mA, 713.8mW
(Dec 22 2025 04:25:07,  864032 sec) MscErrorLog_()       No error records to log.
(Dec 22 2025 04:25:12,  864037 sec) PistonMoveAbsWTO()    009->031 010 011 012 013 014 015 [30sec, 14.2Volts, 0.566Amps, CPT:914sec]
(Dec 22 2025 04:25:53,  864078 sec) PistonMoveAbsWTO()    015->031 016 017 018 019 020 [30sec, 14.1Volts, 0.545Amps, CPT:944sec]
(Dec 22 2025 04:26:34,  864119 sec) PistonMoveAbsWTO()    020->031 021 022 023 024 025 [30sec, 14.0Volts, 0.539Amps, CPT:974sec]
(Dec 22 2025 04:27:15,  864160 sec) PistonMoveAbsWTO()    025->031 026 027 028 029 030 [30sec, 14.0Volts, 0.552Amps, CPT:1004sec]
(Dec 22 2025 04:27:56,  864201 sec) PistonMoveAbsWTO()    030->031 031 [3sec, 14.1Volts, 0.546Amps, CPT:1007sec]
(Dec 22 2025 04:34:16,  864581 sec) Profile()            Sample 0 initiated at 1601.0dbars for bin 4 [1600dbars].  PTS/O2,T2,TPhase,RPhase,RawTemp/NO3/pH/FSig,BbSig,TSig/Ocr: 1598.9dbars 2.6069C 34.5662PSU / 76.6uM 2.602C 52.952 7.972 699.948 / 40.7uM / -0.884518V /   54  112  573 / nan nan nan nan
(Dec 22 2025 04:52:31,  865676 sec) Profile()            Sample 1 initiated at 1501.9dbars for bin 5 [1500dbars].  PTS/O2,T2,TPhase,RPhase,RawTemp/NO3/pH/FSig,BbSig,TSig/Ocr: 1500.4dbars 2.7972C 34.5489PSU / 70.1uM 2.791C 53.549 7.987 694.243 / 41.0uM / -0.884664V /   54  112  573 / nan nan nan nan
(Dec 22 2025 04:54:56,  865821 sec) AscentControlAgent() Bouyancy nudge to 41 (v=0.076dbar/sec).
(Dec 22 2025 04:54:56,  865821 sec) PistonMoveAbsWTO()    031->041 032 033 034 035 036 [30sec, 14.4Volts, 0.514Amps, CPT:1037sec]
(Dec 22 2025 04:55:37,  865862 sec) PistonMoveAbsWTO()    036->041 037 038 039 040 041 [25sec, 14.2Volts, 0.507Amps, CPT:1062sec]
(Dec 22 2025 05:10:36,  866761 sec) Profile()            Sample 2 initiated at 1401.1dbars for bin 6 [1400dbars].  PTS/O2,T2,TPhase,RPhase,RawTemp/NO3/pH/FSig,BbSig,TSig/Ocr: 1399.1dbars 3.0555C 34.5254PSU / 64.3uM 3.048C 54.061 7.991 686.459 / 41.3uM / -0.884616V /   54  113  573 / nan nan nan nan
(Dec 22 2025 05:26:05,  867690 sec) AscentControlAgent() Bouyancy nudge to 51 (v=0.080dbar/sec).
(Dec 22 2025 05:26:05,  867690 sec) PistonMoveAbsWTO()    041->051 042 043 044 045 046 [30sec, 14.5Volts, 0.469Amps, CPT:1092sec]
(Dec 22 2025 05:26:46,  867731 sec) PistonMoveAbsWTO()    046->051 047 048 049 050 051 [25sec, 14.4Volts, 0.470Amps, CPT:1117sec]
(Dec 22 2025 05:29:25,  867890 sec) Profile()            Sample 3 initiated at 1301.4dbars for bin 7 [1300dbars].  PTS/O2,T2,TPhase,RPhase,RawTemp/NO3/pH/FSig,BbSig,TSig/Ocr: 1299.2dbars 3.2279C 34.5040PSU / 57.4uM 3.222C 54.765 7.993 681.208 / 41.7uM / -0.884750V /   54  114  573 / nan nan nan nan
(Dec 22 2025 05:47:52,  868997 sec) Profile()            Sample 4 initiated at 1202.0dbars for bin 8 [1200dbars].  PTS/O2,T2,TPhase,RPhase,RawTemp/NO3/pH/FSig,BbSig,TSig/Ocr: 1200.2dbars 3.4676C 34.4795PSU / 51.9uM 3.460C 55.311 7.997 673.960 / 41.9uM / -0.884575V /   55  113  572 / nan nan nan nan
(Dec 22 2025 05:48:15,  869020 sec) PistonMoveAbsWTO()    051->051 [0sec, 0.0Volts, 0.000Amps, CPT:1117sec]
(Dec 22 2025 06:01:52,  869837 sec) AscentControlAgent() Bouyancy nudge to 61 (v=0.076dbar/sec).
(Dec 22 2025 06:01:52,  869837 sec) PistonMoveAbsWTO()    051->061 052 053 054 055 056 [30sec, 14.6Volts, 0.433Amps, CPT:1147sec]
(Dec 22 2025 06:02:33,  869878 sec) PistonMoveAbsWTO()    056->061 057 058 059 060 061 [23sec, 14.4Volts, 0.430Amps, CPT:1170sec]
(Dec 22 2025 06:05:31,  870056 sec) PistonMoveAbsWTO()    060->061 061 [1sec, 14.5Volts, 0.459Amps, CPT:1171sec]
(Dec 22 2025 06:07:35,  870180 sec) Profile()            Sample 5 initiated at 1101.4dbars for bin 9 [1100dbars].  PTS/O2,T2,TPhase,RPhase,RawTemp/NO3/pH/FSig,BbSig,TSig/Ocr: 1099.4dbars 3.6616C 34.4469PSU / 44.5uM 3.655C 56.138 8.000 668.025 / 42.3uM / -0.884710V /   54  113  572 / nan nan nan nan
(Dec 22 2025 06:17:55,  870800 sec) AscentControlAgent() Bouyancy nudge to 71 (v=0.076dbar/sec).
(Dec 22 2025 06:17:55,  870800 sec) PistonMoveAbsWTO()    061->071 062 063 064 065 066 [30sec, 14.5Volts, 0.411Amps, CPT:1201sec]
(Dec 22 2025 06:18:36,  870841 sec) PistonMoveAbsWTO()    066->071 067 068 069 070 071 [24sec, 14.4Volts, 0.406Amps, CPT:1225sec]
(Dec 22 2025 06:26:34,  871319 sec) Profile()            Sample 6 initiated at 1001.4dbars for bin 10 [1000dbars].  PTS/O2,T2,TPhase,RPhase,RawTemp/NO3/pH/FSig,BbSig,TSig/Ocr: 999.3dbars 3.9376C 34.3823PSU / 33.1uM 3.931C 57.500 8.006 659.609 / 42.6uM / -0.885430V /   54  117  572 / nan nan nan nan
(Dec 22 2025 06:29:56,  871521 sec) Sbe41cpStartCP()     Continuous profile started.
(Dec 22 2025 06:35:41,  871866 sec) Profile()            Sample 7 initiated at 951.4dbars for bin 11 [950dbars].  PTS/O2,T2,TPhase,RPhase,RawTemp/NO3/pH/FSig,BbSig,TSig/Ocr: 951.3dbars 4.0263C 34.3475PSU / 28.2uM 4.019C 58.127 8.008 656.926 / 42.7uM / -0.885428V /   55  114  571 / nan nan nan nan
(Dec 22 2025 06:38:04,  872009 sec) AscentControlAgent() Bouyancy nudge to 81 (v=0.080dbar/sec).
(Dec 22 2025 06:38:04,  872009 sec) PistonMoveAbsWTO()    071->081 072 073 074 075 076 [30sec, 14.4Volts, 0.383Amps, CPT:1255sec]
(Dec 22 2025 06:38:45,  872050 sec) PistonMoveAbsWTO()    076->081 077 078 079 080 081 [24sec, 14.4Volts, 0.380Amps, CPT:1279sec]
(Dec 22 2025 06:44:42,  872407 sec) Profile()            Sample 8 initiated at 901.2dbars for bin 12 [900dbars].  PTS/O2,T2,TPhase,RPhase,RawTemp/NO3/pH/FSig,BbSig,TSig/Ocr: 901.1dbars 4.1788C 34.3063PSU / 23.7uM 4.169C 58.725 8.011 652.322 / 43.0uM / -0.885575V /   55  118  571 / nan nan nan nan
(Dec 22 2025 06:53:17,  872922 sec) Profile()            Sample 9 initiated at 851.1dbars for bin 13 [850dbars].  PTS/O2,T2,TPhase,RPhase,RawTemp/NO3/pH/FSig,BbSig,TSig/Ocr: 851.1dbars 4.3636C 34.2596PSU / 20.9uM 4.356C 59.081 8.018 646.593 / 42.8uM / -0.885629V /   55  113  571 / nan nan nan nan
(Dec 22 2025 07:02:57,  873502 sec) Profile()            Sample 10 initiated at 801.9dbars for bin 14 [800dbars].  PTS/O2,T2,TPhase,RPhase,RawTemp/NO3/pH/FSig,BbSig,TSig/Ocr: 801.8dbars 4.6112C 34.1913PSU / 26.3uM 4.602C 58.266 8.023 639.017 / 42.1uM / -0.884969V /   55  114  571 / nan nan nan nan
(Dec 22 2025 07:03:31,  873536 sec) AscentControlAgent() Bouyancy nudge to 91 (v=0.079dbar/sec).
(Dec 22 2025 07:03:31,  873536 sec) PistonMoveAbsWTO()    081->091 082 083 084 085 086 [30sec, 14.5Volts, 0.355Amps, CPT:1309sec]
(Dec 22 2025 07:04:12,  873577 sec) PistonMoveAbsWTO()    086->091 087 088 089 090 091 [24sec, 14.4Volts, 0.347Amps, CPT:1333sec]
(Dec 22 2025 07:12:01,  874046 sec) Profile()            Sample 11 initiated at 751.1dbars for bin 15 [750dbars].  PTS/O2,T2,TPhase,RPhase,RawTemp/NO3/pH/FSig,BbSig,TSig/Ocr: 751.0dbars 4.9745C 34.1399PSU / 37.1uM 4.956C 56.714 8.032 628.101 / 40.9uM / -0.883573V /   55  115  570 / nan nan nan nan
(Dec 22 2025 07:13:52,  874157 sec) PistonMoveAbsWTO()    090->091 091 [1sec, 14.6Volts, 0.379Amps, CPT:1334sec]
(Dec 22 2025 07:18:41,  874446 sec) AscentControlAgent() Bouyancy nudge to 101 (v=0.080dbar/sec).
(Dec 22 2025 07:18:41,  874446 sec) PistonMoveAbsWTO()    091->101 092 093 094 095 096 [30sec, 14.5Volts, 0.333Amps, CPT:1364sec]
(Dec 22 2025 07:19:22,  874487 sec) PistonMoveAbsWTO()    096->101 097 098 099 100 101 [22sec, 14.4Volts, 0.332Amps, CPT:1386sec]
(Dec 22 2025 07:21:49,  874634 sec) Profile()            Sample 12 initiated at 701.3dbars for bin 16 [700dbars].  PTS/O2,T2,TPhase,RPhase,RawTemp/NO3/pH/FSig,BbSig,TSig/Ocr: 701.2dbars 5.2327C 34.1136PSU / 46.1uM 5.225C 55.483 8.044 619.797 / 39.7uM / -0.882161V /   55  116  570 / nan nan nan nan
(Dec 22 2025 07:30:21,  875146 sec) Profile()            Sample 13 initiated at 652.0dbars for bin 17 [650dbars].  PTS/O2,T2,TPhase,RPhase,RawTemp/NO3/pH/FSig,BbSig,TSig/Ocr: 651.9dbars 5.6847C 34.0554PSU / 72.4uM 5.677C 52.222 8.060 605.763 / 37.0uM / -0.879185V /   55  117  569 / nan nan nan nan
(Dec 22 2025 07:39:01,  875666 sec) AscentControlAgent() Bouyancy nudge to 111 (v=0.072dbar/sec).
(Dec 22 2025 07:39:01,  875666 sec) PistonMoveAbsWTO()    101->111 102 103 104 105 106 [30sec, 14.6Volts, 0.307Amps, CPT:1416sec]
(Dec 22 2025 07:39:42,  875707 sec) PistonMoveAbsWTO()    106->111 107 108 109 110 111 [23sec, 14.5Volts, 0.308Amps, CPT:1439sec]
(Dec 22 2025 07:41:14,  875799 sec) Profile()            Sample 14 initiated at 601.3dbars for bin 18 [600dbars].  PTS/O2,T2,TPhase,RPhase,RawTemp/NO3/pH/FSig,BbSig,TSig/Ocr: 601.3dbars 6.8062C 34.0033PSU / 126.7uM 6.795C 46.508 8.096 570.827 / 31.0uM / -0.871975V /   53  116  568 / nan nan nan nan
(Dec 22 2025 07:49:45,  876310 sec) Profile()            Sample 15 initiated at 551.5dbars for bin 19 [550dbars].  PTS/O2,T2,TPhase,RPhase,RawTemp/NO3/pH/FSig,BbSig,TSig/Ocr: 551.4dbars 7.3641C 34.0034PSU / 151.9uM 7.361C 44.232 8.120 552.983 / 28.4uM / -0.868872V /   52  118  567 / nan nan nan nan
(Dec 22 2025 07:59:45,  876910 sec) Profile()            Sample 16 initiated at 501.7dbars for bin 20 [500dbars].  PTS/O2,T2,TPhase,RPhase,RawTemp/NO3/pH/FSig,BbSig,TSig/Ocr: 501.6dbars 8.3216C 34.0149PSU / 190.3uM 8.309C 41.100 8.144 522.973 / 23.0uM / -0.862850V /   52  117  566 / nan nan nan nan
(Dec 22 2025 07:59:58,  876923 sec) AscentControlAgent() Bouyancy nudge to 121 (v=0.077dbar/sec).
(Dec 22 2025 07:59:58,  876923 sec) PistonMoveAbsWTO()    111->121 112 113 114 115 116 [30sec, 14.6Volts, 0.288Amps, CPT:1469sec]
(Dec 22 2025 08:00:39,  876964 sec) PistonMoveAbsWTO()    116->121 117 118 119 120 121 [22sec, 14.5Volts, 0.279Amps, CPT:1491sec]
(Dec 22 2025 08:09:02,  877467 sec) Profile()            Sample 17 initiated at 451.1dbars for bin 21 [450dbars].  PTS/O2,T2,TPhase,RPhase,RawTemp/NO3/pH/FSig,BbSig,TSig/Ocr: 451.0dbars 9.5793C 34.0690PSU / 225.6uM 9.572C 38.368 8.179 482.595 / 17.9uM / -0.857392V /   51  119  564 / 0x800656d2 0x800033ed 0x800870ad 0x7fffbf6d
(Dec 22 2025 08:15:18,  877843 sec) AscentControlAgent() Bouyancy nudge to 131 (v=0.080dbar/sec).
(Dec 22 2025 08:15:19,  877844 sec) PistonMoveAbsWTO()    121->131 122 123 124 125 126 [30sec, 14.6Volts, 0.270Amps, CPT:1521sec]
(Dec 22 2025 08:16:00,  877885 sec) PistonMoveAbsWTO()    126->131 127 128 129 130 131 [22sec, 14.6Volts, 0.264Amps, CPT:1543sec]
(Dec 22 2025 08:18:40,  878045 sec) Profile()            Sample 18 initiated at 401.3dbars for bin 22 [400dbars].  PTS/O2,T2,TPhase,RPhase,RawTemp/NO3/pH/FSig,BbSig,TSig/Ocr: 401.2dbars 10.4642C 34.1271PSU / 238.5uM 10.528C 37.186 8.216 451.836 / 15.1uM / -0.854307V /   51  117  562 / 0x80064d92 0x80000a89 0x80086040 0x7fffac09
(Dec 22 2025 08:21:44,  878229 sec) Profile()            Sample 19 initiated at 381.2dbars for bin 23 [380dbars].  PTS/O2,T2,TPhase,RPhase,RawTemp/NO3/pH/FSig,BbSig,TSig/Ocr: 381.1dbars 10.8579C 34.1507PSU / 242.3uM 10.862C 36.822 8.231 441.045 / 14.3uM / -0.853347V /   50  118  562 / 0x80064c89 0x800007a4 0x80085649 0x7fffa61b
(Dec 22 2025 08:24:47,  878412 sec) Profile()            Sample 20 initiated at 362.0dbars for bin 24 [360dbars].  PTS/O2,T2,TPhase,RPhase,RawTemp/NO3/pH/FSig,BbSig,TSig/Ocr: 361.9dbars 11.2618C 34.1750PSU / 244.4uM 11.266C 36.513 8.246 427.963 / 13.3uM / -0.852396V /   50  115  561 / 0x80063724 0x7fffe852 0x800844db 0x7fff9f9b
(Dec 22 2025 08:26:23,  878508 sec) Profile()            Sample 21 initiated at 351.9dbars for bin 25 [350dbars].  PTS/O2,T2,TPhase,RPhase,RawTemp/NO3/pH/FSig,BbSig,TSig/Ocr: 351.8dbars 11.4942C 34.1881PSU / 244.5uM 11.490C 36.390 8.248 420.691 / 12.8uM / -0.851734V /   50  116  561 / 0x80064a1b 0x7ffffce4 0x80085536 0x7fff9a80
(Dec 22 2025 08:28:09,  878614 sec) Profile()            Sample 22 initiated at 341.6dbars for bin 26 [340dbars].  PTS/O2,T2,TPhase,RPhase,RawTemp/NO3/pH/FSig,BbSig,TSig/Ocr: 341.5dbars 11.7056C 34.2029PSU / 245.5uM 11.706C 36.234 8.252 413.669 / 12.4uM / -0.851380V /   50  117  561 / 0x80063b5b 0x8000036d 0x800846ed 0x7fff9ec9
(Dec 22 2025 08:29:55,  878720 sec) Profile()            Sample 23 initiated at 331.5dbars for bin 27 [330dbars].  PTS/O2,T2,TPhase,RPhase,RawTemp/NO3/pH/FSig,BbSig,TSig/Ocr: 331.5dbars 11.9370C 34.2162PSU / 245.5uM 11.936C 36.114 8.257 406.193 / 11.9uM / -0.850884V /   50  117  560 / 0x80063af6 0x7ffffcd2 0x800846ad 0x7fff971b
(Dec 22 2025 08:31:42,  878827 sec) Profile()            Sample 24 initiated at 321.9dbars for bin 28 [320dbars].  PTS/O2,T2,TPhase,RPhase,RawTemp/NO3/pH/FSig,BbSig,TSig/Ocr: 321.8dbars 12.1102C 34.2361PSU / 245.4uM 12.136C 36.020 8.260 399.661 / 11.4uM / -0.850345V /   50  115  560 / 0x80063624 0x7fffe409 0x80084364 0x7fff9e64
(Dec 22 2025 08:33:39,  878944 sec) Profile()            Sample 25 initiated at 312.0dbars for bin 29 [310dbars].  PTS/O2,T2,TPhase,RPhase,RawTemp/NO3/pH/FSig,BbSig,TSig/Ocr: 311.9dbars 12.4398C 34.2454PSU / 246.3uM 12.438C 35.822 8.266 389.830 / 10.8uM / -0.849809V /   50  117  560 / 0x80064249 0x7fffcee4 0x800843a4 0x7fff9780
(Dec 22 2025 08:35:47,  879072 sec) Profile()            Sample 26 initiated at 301.7dbars for bin 30 [300dbars].  PTS/O2,T2,TPhase,RPhase,RawTemp/NO3/pH/FSig,BbSig,TSig/Ocr: 301.6dbars 12.7074C 34.2587PSU / 246.6uM 12.701C 35.679 8.273 381.259 / 10.2uM / -0.849235V /   50  115  559 / 0x800641db 0x7fffd564 0x800842ed 0x7fff9b00
(Dec 22 2025 08:37:56,  879201 sec) Profile()            Sample 27 initiated at 291.2dbars for bin 31 [290dbars].  PTS/O2,T2,TPhase,RPhase,RawTemp/NO3/pH/FSig,BbSig,TSig/Ocr: 291.2dbars 12.7255C 34.2619PSU / 247.2uM 12.732C 35.633 8.277 380.252 / 10.2uM / -0.849099V /   50  115  559 / 0x80064b40 0x7fffda12 0x8008402d 0x7fff972d
(Dec 22 2025 08:39:53,  879318 sec) Profile()            Sample 28 initiated at 281.8dbars for bin 32 [280dbars].  PTS/O2,T2,TPhase,RPhase,RawTemp/NO3/pH/FSig,BbSig,TSig/Ocr: 281.7dbars 13.0651C 34.2755PSU / 246.9uM 13.054C 35.489 8.282 369.717 / 9.4uM / -0.848460V /   50  117  558 / 0x80062b36 0x7fffe009 0x800841c9 0x7fff9324
(Dec 22 2025 08:42:02,  879447 sec) Profile()            Sample 29 initiated at 271.6dbars for bin 33 [270dbars].  PTS/O2,T2,TPhase,RPhase,RawTemp/NO3/pH/FSig,BbSig,TSig/Ocr: 271.5dbars 13.2232C 34.2880PSU / 247.7uM 13.224C 35.363 8.287 364.170 / 9.0uM / -0.848036V /   50  115  558 / 0x800639d2 0x7fffe8a4 0x80083076 0x7fff8fa4
(Dec 22 2025 08:44:10,  879575 sec) Profile()            Sample 30 initiated at 261.5dbars for bin 34 [260dbars].  PTS/O2,T2,TPhase,RPhase,RawTemp/NO3/pH/FSig,BbSig,TSig/Ocr: 261.4dbars 13.5116C 34.3037PSU / 247.7uM 13.509C 35.226 8.292 354.842 / 8.4uM / -0.847539V /   50  114  558 / 0x8006449b 0x7fffdbe4 0x800833ed 0x7fff8b12
(Dec 22 2025 08:46:18,  879703 sec) Profile()            Sample 31 initiated at 252.0dbars for bin 35 [250dbars].  PTS/O2,T2,TPhase,RPhase,RawTemp/NO3/pH/FSig,BbSig,TSig/Ocr: 251.9dbars 13.7344C 34.3189PSU / 247.5uM 13.730C 35.123 8.298 347.578 / 7.9uM / -0.847089V /   50  116  557 / 0x80062349 0x7fffd800 0x80083bad 0x7fff7c09
(Dec 22 2025 08:46:19,  879704 sec) AscentControlAgent() Bouyancy nudge to 141 (v=0.076dbar/sec).
(Dec 22 2025 08:46:20,  879705 sec) PistonMoveAbsWTO()    131->141 132 133 134 135 136 137 [30sec, 14.7Volts, 0.228Amps, CPT:1573sec]
(Dec 22 2025 08:47:01,  879746 sec) PistonMoveAbsWTO()    137->141 138 139 140 141 [21sec, 14.6Volts, 0.226Amps, CPT:1594sec]
(Dec 22 2025 08:48:34,  879839 sec) Profile()            Sample 32 initiated at 241.3dbars for bin 36 [240dbars].  PTS/O2,T2,TPhase,RPhase,RawTemp/NO3/pH/FSig,BbSig,TSig/Ocr: 241.2dbars 14.2259C 34.3595PSU / 246.6uM 14.215C 34.932 8.304 331.681 / 7.1uM / -0.846185V /   50  114  557 / 0x80063640 0x7fffde2d 0x80081d40 0x7fff7f52
(Dec 22 2025 08:50:31,  879956 sec) Profile()            Sample 33 initiated at 231.5dbars for bin 37 [230dbars].  PTS/O2,T2,TPhase,RPhase,RawTemp/NO3/pH/FSig,BbSig,TSig/Ocr: 231.4dbars 14.8970C 34.4142PSU / 245.2uM 14.881C 34.677 8.311 309.792 / 5.8uM / -0.845232V /   51  114  557 / 0x80064289 0x7fffbd52 0x8008339b 0x7fff7ddb
(Dec 22 2025 08:52:40,  880085 sec) Profile()            Sample 34 initiated at 221.7dbars for bin 38 [220dbars].  PTS/O2,T2,TPhase,RPhase,RawTemp/NO3/pH/FSig,BbSig,TSig/Ocr: 221.6dbars 15.3127C 34.4599PSU / 244.0uM 15.313C 34.528 8.322 295.584 / 5.4uM / -0.844492V /   50  113  556 / 0x800635c9 0x7fffc6db 0x80083712 0x7fff7600
(Dec 22 2025 08:54:59,  880224 sec) Profile()            Sample 35 initiated at 211.8dbars for bin 39 [210dbars].  PTS/O2,T2,TPhase,RPhase,RawTemp/NO3/pH/FSig,BbSig,TSig/Ocr: 211.8dbars 15.9734C 34.5280PSU / 243.5uM 15.972C 34.240 8.344 273.877 / 4.4uM / -0.843543V /   51  114  555 / 0x80063b1b 0x7fffc236 0x80081ee4 0x7fff6c36
(Dec 22 2025 08:56:28,  880313 sec) AscentControlAgent() Bouyancy nudge to 151 (v=0.074dbar/sec).
(Dec 22 2025 08:56:29,  880314 sec) PistonMoveAbsWTO()    141->151 142 143 144 145 146 147 [30sec, 14.7Volts, 0.215Amps, CPT:1624sec]
(Dec 22 2025 08:57:49,  880394 sec) Profile()            Sample 36 initiated at 198.9dbars for bin 40 [200dbars].  PTS/O2,T2,TPhase,RPhase,RawTemp/NO3/pH/FSig,BbSig,TSig/Ocr: 198.8dbars 16.6234C 34.6076PSU / 242.5uM 16.614C 33.988 8.360 252.700 / 3.8uM / -0.842732V /   52  115  554 / 0x80062352 0x7fff9d5b 0x80082776 0x7fff73d2
(Dec 22 2025 08:57:50,  880395 sec) PistonMoveAbsWTO()    147->151 148 149 150 151 [19sec, 14.7Volts, 0.210Amps, CPT:1643sec]
(Dec 22 2025 08:59:11,  880476 sec) Profile()            Sample 37 initiated at 191.1dbars for bin 41 [190dbars].  PTS/O2,T2,TPhase,RPhase,RawTemp/NO3/pH/FSig,BbSig,TSig/Ocr: 191.0dbars 17.1195C 34.6849PSU / 239.5uM 17.118C 33.903 8.368 236.103 / 3.7uM / -0.842200V /   51  113  553 / 0x800625d2 0x7fff9c9b 0x80082124 0x7fff706d
(Dec 22 2025 09:00:46,  880571 sec) Profile()            Sample 38 initiated at 182.0dbars for bin 42 [180dbars].  PTS/O2,T2,TPhase,RPhase,RawTemp/NO3/pH/FSig,BbSig,TSig/Ocr: 181.8dbars 17.6226C 34.7322PSU / 238.8uM 17.604C 33.715 8.370 220.078 / 3.1uM / -0.841500V /   53  114  553 / 0x800621db 0x7fffab40 0x80081bb6 0x7fff6eed
(Dec 22 2025 09:02:44,  880689 sec) Profile()            Sample 39 initiated at 171.1dbars for bin 43 [170dbars].  PTS/O2,T2,TPhase,RPhase,RawTemp/NO3/pH/FSig,BbSig,TSig/Ocr: 171.0dbars 17.8750C 34.7643PSU / 239.2uM 17.871C 33.569 8.376 211.252 / 3.0uM / -0.840963V /   53  112  552 / 0x8006131b 0x7fff9f92 0x80080109 0x7fff5e40
(Dec 22 2025 09:04:30,  880795 sec) Profile()            Sample 40 initiated at 161.4dbars for bin 44 [160dbars].  PTS/O2,T2,TPhase,RPhase,RawTemp/NO3/pH/FSig,BbSig,TSig/Ocr: 161.3dbars 18.4054C 34.8382PSU / 239.2uM 18.449C 33.308 8.385 192.194 / 2.4uM / -0.840181V /   55  115  551 / 0x80060436 0x7fff8040 0x8007faa4 0x7fff54ad
(Dec 22 2025 09:06:16,  880901 sec) Profile()            Sample 41 initiated at 151.8dbars for bin 45 [150dbars].  PTS/O2,T2,TPhase,RPhase,RawTemp/NO3/pH/FSig,BbSig,TSig/Ocr: 151.8dbars 18.9863C 34.8985PSU / 240.2uM 18.971C 33.026 8.392 174.981 / 1.8uM / -0.839326V /   57  118  551 / 0x80061349 0x7fff8c12 0x800800d2 0x7fff59db
(Dec 22 2025 09:08:14,  881019 sec) Profile()            Sample 42 initiated at 141.9dbars for bin 46 [140dbars].  PTS/O2,T2,TPhase,RPhase,RawTemp/NO3/pH/FSig,BbSig,TSig/Ocr: 141.8dbars 19.7052C 34.9915PSU / 242.4uM 19.682C 32.600 8.405 151.592 / 1.2uM / -0.838003V /   61  121  550 / 0x800607e4 0x7fff8da4 0x8007ff5b 0x7fff4b49
(Dec 22 2025 09:10:33,  881158 sec) Profile()            Sample 43 initiated at 131.6dbars for bin 47 [130dbars].  PTS/O2,T2,TPhase,RPhase,RawTemp/NO3/pH/FSig,BbSig,TSig/Ocr: 131.5dbars 20.2837C 35.0722PSU / 246.8uM 20.268C 32.135 8.417 132.300 / 1.0uM / -0.836884V /   69  124  549 / 0x8006039b 0x7fff6cc0 0x8007f69b 0x7fff4e49
(Dec 22 2025 09:13:04,  881309 sec) Profile()            Sample 44 initiated at 121.9dbars for bin 48 [120dbars].  PTS/O2,T2,TPhase,RPhase,RawTemp/NO3/pH/FSig,BbSig,TSig/Ocr: 121.9dbars 20.5055C 35.1040PSU / 249.4uM 20.507C 31.912 8.424 124.439 / 0.8uM / -0.836174V /   71  123  548 / 0x8005f29b 0x7fff6b36 0x8007e69b 0x7fff30d2
(Dec 22 2025 09:13:05,  881310 sec) PistonMoveAbsWTO()    151->151 [0sec, 0.0Volts, 0.000Amps, CPT:1643sec]
(Dec 22 2025 09:16:07,  881492 sec) Profile()            Sample 45 initiated at 111.5dbars for bin 49 [110dbars].  PTS/O2,T2,TPhase,RPhase,RawTemp/NO3/pH/FSig,BbSig,TSig/Ocr: 111.4dbars 21.4573C 35.2343PSU / 253.0uM 21.455C 31.343 8.436 93.367 / 0.9uM / -0.834760V /   87  125  547 / 0x80060249 0x7fff6cc9 0x8007e152 0x7fff3709
(Dec 22 2025 09:19:22,  881687 sec) Profile()            Sample 46 initiated at 102.0dbars for bin 50 [100dbars].  PTS/O2,T2,TPhase,RPhase,RawTemp/NO3/pH/FSig,BbSig,TSig/Ocr: 102.0dbars 22.4560C 35.3349PSU / 256.2uM 22.420C 30.803 8.461 61.828 / 0.8uM / -0.833354V /  102  132  546 / 0x8005ebad 0x7fff655b 0x8007e164 0x7fff2436
(Dec 22 2025 09:19:23,  881688 sec) PistonMoveAbsWTO()    151->151 [0sec, 0.0Volts, 0.000Amps, CPT:1643sec]
(Dec 22 2025 09:21:41,  881826 sec) Profile()            Sample 47 initiated at 96.9dbars for bin 51 [95dbars].  PTS/O2,T2,TPhase,RPhase,RawTemp/NO3/pH/FSig,BbSig,TSig/Ocr: 96.8dbars 22.7816C 35.3664PSU / 255.6uM 22.762C 30.687 8.465 50.654 / 1.0uM / -0.832849V /  100  131  545 / 0x8005e8ad 0x7fff4f92 0x8007d724 0x7fff1ae4
(Dec 22 2025 09:21:42,  881827 sec) AscentControlAgent() Bouyancy nudge to 156 (v=0.039dbar/sec).
(Dec 22 2025 09:21:42,  881827 sec) PistonMoveAbsWTO()    151->156 152 153 154 155 156 [26sec, 14.8Volts, 0.181Amps, CPT:1669sec]
(Dec 22 2025 09:24:04,  881969 sec) Profile()            Sample 48 initiated at 91.6dbars for bin 52 [90dbars].  PTS/O2,T2,TPhase,RPhase,RawTemp/NO3/pH/FSig,BbSig,TSig/Ocr: 91.5dbars 23.1223C 35.3993PSU / 254.3uM 23.105C 30.607 8.470 39.515 / 1.1uM / -0.832372V /   94  135  544 / 0x8005de52 0x7fff3c09 0x8007d4c9 0x7fff149b
(Dec 22 2025 09:26:01,  882086 sec) Profile()            Sample 49 initiated at 86.9dbars for bin 53 [85dbars].  PTS/O2,T2,TPhase,RPhase,RawTemp/NO3/pH/FSig,BbSig,TSig/Ocr: 86.8dbars 23.7114C 35.4654PSU / 251.0uM 23.711C 30.509 8.475 19.822 / 1.2uM / -0.831216V /   75  138  543 / 0x8005e5a4 0x7fff41ed 0x8007b7d2 0x7fff15db
(Dec 22 2025 09:26:46,  882131 sec) AscentControlAgent() Bouyancy nudge to 161 (v=0.039dbar/sec).
(Dec 22 2025 09:26:46,  882131 sec) PistonMoveAbsWTO()    156->161 157 158 159 160 161 [24sec, 14.8Volts, 0.178Amps, CPT:1693sec]
(Dec 22 2025 09:28:12,  882217 sec) Profile()            Sample 50 initiated at 81.7dbars for bin 54 [80dbars].  PTS/O2,T2,TPhase,RPhase,RawTemp/NO3/pH/FSig,BbSig,TSig/Ocr: 81.7dbars 23.8226C 35.4785PSU / 250.4uM 23.820C 30.492 8.479 16.292 / 1.2uM / -0.830976V /   61  136  542 / 0x8005d536 0x7fff3824 0x8007be40 0x7fff0776
(Dec 22 2025 09:29:25,  882290 sec) Profile()            Sample 51 initiated at 76.6dbars for bin 55 [75dbars].  PTS/O2,T2,TPhase,RPhase,RawTemp/NO3/pH/FSig,BbSig,TSig/Ocr: 76.5dbars 23.8221C 35.4785PSU / 250.6uM 23.822C 30.484 8.474 16.249 / 1.1uM / -0.830919V /   60  136  542 / 0x8005dbb6 0x7fff2349 0x8007b6b6 0x7fff06c9
(Dec 22 2025 09:30:27,  882352 sec) Profile()            Sample 52 initiated at 72.0dbars for bin 56 [70dbars].  PTS/O2,T2,TPhase,RPhase,RawTemp/NO3/pH/FSig,BbSig,TSig/Ocr: 71.9dbars 23.8212C 35.4796PSU / 250.6uM 23.822C 30.483 8.473 16.224 / 1.0uM / -0.830893V /   60  137  542 / 0x8005c992 0x7fff28c0 0x8007b49b 0x7fff012d
(Dec 22 2025 09:31:51,  882436 sec) Profile()            Sample 53 initiated at 66.8dbars for bin 57 [65dbars].  PTS/O2,T2,TPhase,RPhase,RawTemp/NO3/pH/FSig,BbSig,TSig/Ocr: 66.8dbars 23.8200C 35.4790PSU / 250.7uM 23.822C 30.478 8.474 16.241 / 1.2uM / -0.830779V /   61  134  541 / 0x8005bc89 0x7fff185b 0x8007b089 0x7fff0349
(Dec 22 2025 09:33:15,  882520 sec) Profile()            Sample 54 initiated at 61.7dbars for bin 58 [60dbars].  PTS/O2,T2,TPhase,RPhase,RawTemp/NO3/pH/FSig,BbSig,TSig/Ocr: 61.7dbars 23.8194C 35.4783PSU / 250.8uM 23.820C 30.477 8.473 16.305 / 1.0uM / -0.830787V /   61  136  541 / 0x8005d149 0x7fff1224 0x8007a8a4 0x7ffef680
(Dec 22 2025 09:34:39,  882604 sec) Profile()            Sample 55 initiated at 56.7dbars for bin 59 [55dbars].  PTS/O2,T2,TPhase,RPhase,RawTemp/NO3/pH/FSig,BbSig,TSig/Ocr: 56.6dbars 23.8174C 35.4789PSU / 250.9uM 23.819C 30.471 8.472 16.349 / 1.1uM / -0.830673V /   60  135  541 / 0x8005cb52 0x7fff1500 0x80079840 0x7ffef724
(Dec 22 2025 09:35:52,  882677 sec) Profile()            Sample 56 initiated at 51.5dbars for bin 60 [50dbars].  PTS/O2,T2,TPhase,RPhase,RawTemp/NO3/pH/FSig,BbSig,TSig/Ocr: 51.5dbars 23.8170C 35.4784PSU / 250.9uM 23.818C 30.470 8.471 16.380 / 1.1uM / -0.830603V /   60  137  541 / 0x8005c1a4 0x7fff1d36 0x8007ad12 0x7ffefa52
(Dec 22 2025 09:37:16,  882761 sec) Profile()            Sample 57 initiated at 47.0dbars for bin 61 [45dbars].  PTS/O2,T2,TPhase,RPhase,RawTemp/NO3/pH/FSig,BbSig,TSig/Ocr: 46.9dbars 23.8140C 35.4788PSU / 251.1uM 23.815C 30.464 8.472 16.457 / 1.1uM / -0.830581V /   61  136  540 / 0x8005bcd2 0x7fff1740 0x8007aa24 0x7fff0089
(Dec 22 2025 09:39:35,  882900 sec) Profile()            Sample 58 initiated at 41.7dbars for bin 62 [40dbars].  PTS/O2,T2,TPhase,RPhase,RawTemp/NO3/pH/FSig,BbSig,TSig/Ocr: 41.7dbars 23.8146C 35.4783PSU / 251.2uM 23.816C 30.460 8.469 16.439 / 1.0uM / -0.830577V /   62  138  540 / 0x8005ab64 0x7fff1d92 0x8007a45b 0x7ffefaad
(Dec 22 2025 09:41:54,  883039 sec) Profile()            Sample 59 initiated at 36.8dbars for bin 63 [35dbars].  PTS/O2,T2,TPhase,RPhase,RawTemp/NO3/pH/FSig,BbSig,TSig/Ocr: 36.7dbars 23.8161C 35.4776PSU / 251.3uM 23.817C 30.456 8.470 16.398 / 1.0uM / -0.830429V /   61  136  540 / 0x8005c924 0x7fff1d40 0x80079fb6 0x7ffefb92
(Dec 22 2025 09:42:17,  883062 sec) AscentControlAgent() Bouyancy nudge to 166 (v=0.039dbar/sec).
(Dec 22 2025 09:42:17,  883062 sec) PistonMoveAbsWTO()    161->166 162 163 164 165 166 [25sec, 14.9Volts, 0.177Amps, CPT:1718sec]
(Dec 22 2025 09:43:32,  883137 sec) Profile()            Sample 60 initiated at 31.5dbars for bin 64 [30dbars].  PTS/O2,T2,TPhase,RPhase,RawTemp/NO3/pH/FSig,BbSig,TSig/Ocr: 31.4dbars 23.8126C 35.4782PSU / 251.3uM 23.814C 30.453 8.469 16.505 / 1.1uM / -0.830310V /   60  134  540 / 0x8005c4b6 0x7fff0676 0x8007ae09 0x7ffef1f6
(Dec 22 2025 09:44:23,  883188 sec) Profile()            Sample 61 initiated at 26.9dbars for bin 65 [25dbars].  PTS/O2,T2,TPhase,RPhase,RawTemp/NO3/pH/FSig,BbSig,TSig/Ocr: 26.8dbars 23.8139C 35.4778PSU / 251.4uM 23.815C 30.451 8.468 16.476 / 1.0uM / -0.830281V /   61  136  540 / 0x8005d000 0x7ffef640 0x8007a212 0x7ffefcad
(Dec 22 2025 09:45:25,  883250 sec) Profile()            Sample 62 initiated at 21.1dbars for bin 66 [20dbars].  PTS/O2,T2,TPhase,RPhase,RawTemp/NO3/pH/FSig,BbSig,TSig/Ocr: 21.0dbars 23.8070C 35.4789PSU / 251.5uM 23.808C 30.448 8.465 16.674 / 1.0uM / -0.830204V /   59  138  540 / 0x8005b864 0x7fff0f12 0x80079900 0x7ffef8c9
(Dec 22 2025 09:46:16,  883301 sec) Profile()            Sample 63 initiated at 16.9dbars for bin 67 [15dbars].  PTS/O2,T2,TPhase,RPhase,RawTemp/NO3/pH/FSig,BbSig,TSig/Ocr: 16.8dbars 23.8083C 35.4780PSU / 251.6uM 23.808C 30.445 8.466 16.675 / 1.0uM / -0.830159V /   61  134  540 / 0x8005bbed 0x7fff09db 0x8007a6ad 0x7ffefded
(Dec 22 2025 09:47:29,  883374 sec) Profile()            Sample 64 initiated at 11.3dbars for bin 68 [10dbars].  PTS/O2,T2,TPhase,RPhase,RawTemp/NO3/pH/FSig,BbSig,TSig/Ocr: 11.2dbars 23.8070C 35.4784PSU / 251.7uM 23.807C 30.439 8.468 16.718 / 1.0uM / -0.830110V /   61  134  540 / 0x8005aff6 0x7fff0776 0x8007b09b 0x7ffeead2
(Dec 22 2025 09:48:31,  883436 sec) Profile()            Sample 65 initiated at 7.7dbars for bin 69 [6dbars].  PTS/O2,T2,TPhase,RPhase,RawTemp/NO3/pH/FSig,BbSig,TSig/Ocr: 7.6dbars 23.8015C 35.4789PSU / 251.7uM 23.801C 30.441 8.463 16.910 / 1.0uM / -0.830076V /   60  135  540 / 0x8005ded2 0x7fff0012 0x8007ad2d 0x7ffef5f6
(Dec 22 2025 09:49:17,  883482 sec) SurfaceDetect()      SurfacePressure:0.2dbars Pressure:4.1dbars PistonPosition:166
(Dec 22 2025 09:49:17,  883482 sec) Sbe41cpStopCP()      Continuous profile stopped.
(Dec 22 2025 09:49:21,  883486 sec) PistonMoveAbsWTO()    166->188 167 168 169 170 171 172 173 174 175 176 177 178 179 178 179 180 181 182 183 184 185 186 187 188 [108sec, 14.9Volts, 0.158Amps, CPT:1826sec]
(Dec 22 2025 09:51:15,  883600 sec) chat()               Expected string [S>] not received.
(Dec 22 2025 09:53:01,  883706 sec) Sbe41cpBinAverage()  Finished averaging 11974 samples in 101 seconds.
(Dec 22 2025 09:53:06,  883711 sec) Sbe41cpUploadCP_()   Sbe41cpSerNo[20478] NSample[11974] NBin[493]
(Dec 22 2025 09:53:37,  883742 sec) Sbe41cpUploadCP_()   Continuous profile uploaded [493 lines].
(Dec 22 2025 09:53:51,  883756 sec) MscErrorLog_()       No error records to log.
(Dec 22 2025 09:54:01,  883766 sec) MscErrorLog_()       No error records to log.

<EOT>
