(Dec 22 2025 09:54:10,  883775 sec) TelemetryInit()      Profile 27. (Apf11 FwRev: 061125)
(Dec 22 2025 09:54:10,  883775 sec) TelemetryInit()      Charge consumption model: OCV:15.2V Wake-Cycles:42427 Standby:89.8days Wake:29.9kC Sensors:3.0kC
(Dec 22 2025 09:59:25,  884090 sec) GetSurfaceObs()      P/O2,T2,TPhase,RPhase,RawTemp/FSig,BbSig,TSig: 2.3dbars / 252.2uM 23.786C 30.428 8.466 17.388 / 59,142,540
(Dec 22 2025 09:59:25,  884090 sec) GetSurfaceObs()      P/Ocr: 2.3dbars / 0x8005c7db 0x7fff0552 0x8007a0a4 0x7ffefd09
(Dec 22 2025 09:59:58,  884123 sec) GetSurfaceObs()      P/O2,T2,TPhase,RPhase,RawTemp/FSig,BbSig,TSig: 1.9dbars / 252.2uM 23.792C 30.423 8.462 17.214 / 60,139,540
(Dec 22 2025 09:59:58,  884123 sec) GetSurfaceObs()      P/Ocr: 1.9dbars / 0x8005cf6d 0x7fff0a76 0x8007a1e4 0x7ffef812
(Dec 22 2025 10:00:31,  884156 sec) GetSurfaceObs()      P/O2,T2,TPhase,RPhase,RawTemp/FSig,BbSig,TSig: 0.3dbars / 253.1uM 23.717C 30.412 8.460 19.627 / 60,137,540
(Dec 22 2025 10:00:31,  884156 sec) GetSurfaceObs()      P/Ocr: 0.3dbars / 0x8005c0ad 0x7fff05d2 0x8007a0ad 0x7ffeec49
(Dec 22 2025 10:01:05,  884190 sec) GetSurfaceObs()      P/O2,T2,TPhase,RPhase,RawTemp/FSig,BbSig,TSig: 0.3dbars / 253.0uM 23.751C 30.407 8.459 18.523 / 60,146,540
(Dec 22 2025 10:01:05,  884190 sec) GetSurfaceObs()      P/Ocr: 0.3dbars / 0x8005bc12 0x7fff08e4 0x8007b512 0x7ffefa1b
(Dec 22 2025 10:04:33,  884398 sec) AirSystem()          Battery [215cnt, 15.1V]  Current [18cnt, 71.9mA]  Pneumometer [158cnt, 18.6psi]  Run-Time [99s]
(Dec 22 2025 10:04:46,  884411 sec) GetSurfaceObs()      P/O2,T2,TPhase,RPhase,RawTemp/FSig,BbSig,TSig: 0.3dbars / 261.3uM 22.128C 30.698 8.464 71.352 / 59,136,540
(Dec 22 2025 10:04:46,  884411 sec) GetSurfaceObs()      P/Ocr: 0.3dbars / 0x8005b864 0x7ffef7f6 0x80079200 0x7ffef200
(Dec 22 2025 10:05:19,  884444 sec) GetSurfaceObs()      P/O2,T2,TPhase,RPhase,RawTemp/FSig,BbSig,TSig: -0.1dbars / 264.0uM 21.596C 30.801 8.460 88.730 / 58,134,540
(Dec 22 2025 10:05:19,  884444 sec) GetSurfaceObs()      P/Ocr: -0.1dbars / 0x8005c4a4 0x7fff05e4 0x8007b05b 0x7ffefb49
(Dec 22 2025 10:05:52,  884477 sec) GetSurfaceObs()      P/O2,T2,TPhase,RPhase,RawTemp/FSig,BbSig,TSig: 0.2dbars / 258.8uM 22.207C 30.774 8.458 68.781 / 59,134,540
(Dec 22 2025 10:05:52,  884477 sec) GetSurfaceObs()      P/Ocr: 0.2dbars / 0x8005ce09 0x7fff0524 0x8007ab80 0x7ffef0a4
(Dec 22 2025 10:06:25,  884510 sec) GetSurfaceObs()      P/O2,T2,TPhase,RPhase,RawTemp/FSig,BbSig,TSig: 0.1dbars / 252.1uM 23.163C 30.681 8.456 37.627 / 59,137,540
(Dec 22 2025 10:06:25,  884510 sec) GetSurfaceObs()      P/Ocr: 0.1dbars / 0x8005c492 0x7fff195b 0x8007ad76 0x7ffef040
(Dec 22 2025 10:06:58,  884543 sec) GetSurfaceObs()      P/O2,T2,TPhase,RPhase,RawTemp/FSig,BbSig,TSig: 0.0dbars / 255.9uM 23.544C 30.361 8.455 25.247 / 58,135,540
(Dec 22 2025 10:06:58,  884543 sec) GetSurfaceObs()      P/Ocr: 0.0dbars / 0x8005ad80 0x7fff1349 0x8007ab09 0x7ffefad2
(Dec 22 2025 10:07:32,  884577 sec) GetSurfaceObs()      P/O2,T2,TPhase,RPhase,RawTemp/FSig,BbSig,TSig: -0.1dbars / 250.1uM 23.536C 30.622 8.455 25.506 / 58,136,540
(Dec 22 2025 10:07:32,  884577 sec) GetSurfaceObs()      P/Ocr: -0.1dbars / 0x8005a064 0x7fff105b 0x8007a6d2 0x7ffef85b
(Dec 22 2025 10:08:05,  884610 sec) GetSurfaceObs()      P/O2,T2,TPhase,RPhase,RawTemp/FSig,BbSig,TSig: 0.0dbars / 267.2uM 21.370C 30.758 8.453 96.150 / 60,136,540
(Dec 22 2025 10:08:05,  884610 sec) GetSurfaceObs()      P/Ocr: 0.0dbars / 0x8005c780 0x7fff15c9 0x8007aedb 0x7ffef864
(Dec 22 2025 10:08:38,  884643 sec) GetSurfaceObs()      P/O2,T2,TPhase,RPhase,RawTemp/FSig,BbSig,TSig: 0.1dbars / 248.1uM 23.528C 30.713 8.454 25.782 / 60,135,540
(Dec 22 2025 10:08:38,  884643 sec) GetSurfaceObs()      P/Ocr: 0.1dbars / 0x8005cb49 0x7fff0ced 0x8007aedb 0x7fff0c49
(Dec 22 2025 10:08:56,  884661 sec) AirSystem()          Battery [216cnt, 15.2V]  Current [19cnt, 73.5mA]  Pneumometer [157cnt, 18.5psi]  Run-Time [9s]
(Dec 22 2025 10:09:37,  884702 sec) GetSurfaceObs()      P/O2,T2,TPhase,RPhase,RawTemp/FSig,BbSig,TSig: -0.1dbars / 258.5uM 22.842C 30.531 8.452 48.064 / 59,135,540
(Dec 22 2025 10:09:37,  884702 sec) GetSurfaceObs()      P/Ocr: -0.1dbars / 0x8005c7d2 0x7ffeff9b 0x8007b0ad 0x7fff1064
(Dec 22 2025 10:09:39,  884704 sec) GpsServices()        GPS almanac is current.
(Dec 22 2025 10:09:39,  884704 sec) GpsServices()        Initiating GPS fix acquisition.
(Dec 22 2025 10:09:45,  884710 sec) gga()                $GPGGA,100950,2728.8197,N,15831.0296,W,0,00,,,M,,M,,*49
(Dec 22 2025 10:09:56,  884721 sec) gga()                $GPGGA,101010,2728.8197,N,15831.0296,W,0,00,,,M,,M,,*45
(Dec 22 2025 10:10:06,  884731 sec) gga()                $GPGGA,101020,2728.8197,N,15831.0296,W,0,00,,,M,,M,,*46
(Dec 22 2025 10:10:16,  884741 sec) gga()                $GPGGA,101030,2728.8197,N,15831.0296,W,0,00,,,M,,M,,*47
(Dec 22 2025 10:10:27,  884752 sec) gga()                $GPGGA,101040,2728.8197,N,15831.0296,W,0,00,,,M,,M,,*40
(Dec 22 2025 10:10:37,  884762 sec) gga()                $GPGGA,101050,2728.8197,N,15831.0296,W,0,00,,,M,,M,,*41
(Dec 22 2025 10:10:46,  884771 sec) gga()                $GPGGA,101100,2728.8197,N,15831.0296,W,0,00,,,M,,M,,*45
(Dec 22 2025 10:10:47,  884772 sec) gga()                $GPGGA,101100,2728.8197,N,15831.0296,W,0,00,,,M,,M,,*45
(Dec 22 2025 10:10:57,  884782 sec) gga()                $GPGGA,101110,2728.8197,N,15831.0296,W,0,00,,,M,,M,,*44
(Dec 22 2025 10:11:07,  884792 sec) gga()                $GPGGA,101120,2728.8197,N,15831.0296,W,0,00,,,M,,M,,*47
(Dec 22 2025 10:11:16,  884801 sec) gga()                $GPGGA,101130,2728.8197,N,15831.0296,W,0,00,,,M,,M,,*46
(Dec 22 2025 10:11:17,  884802 sec) gga()                $GPGGA,101130,2728.8197,N,15831.0296,W,0,00,,,M,,M,,*46
(Dec 22 2025 10:11:27,  884812 sec) gga()                $GPGGA,101140,2728.8197,N,15831.0296,W,0,00,,,M,,M,,*41
(Dec 22 2025 10:11:37,  884822 sec) gga()                $GPGGA,101150,2728.8197,N,15831.0296,W,0,00,,,M,,M,,*40
(Dec 22 2025 10:11:57,  884842 sec) gga()                $GPGGA,101210,2728.8197,N,15831.0296,W,0,00,,,M,,M,,*47
(Dec 22 2025 10:12:07,  884852 sec) gga()                $GPGGA,101220,2728.8197,N,15831.0296,W,0,00,,,M,,M,,*44
(Dec 22 2025 10:12:17,  884862 sec) gga()                $GPGGA,101230,2728.5002,N,15837.5261,W,1,08,1.0,-2.2,M,-4.8,M,,*64
(Dec 22 2025 10:12:17,  884862 sec) GpsServices()        Profile 27 GPS fix obtained in 158 seconds.
(Dec 22 2025 10:12:17,  884862 sec) GpsServices()                   lon      lat mm/dd/yyyy hhmmss nsat
(Dec 22 2025 10:12:17,  884862 sec) GpsServices()        Fix: -158.6254  27.4750 12/22/2025 101230    8
(Dec 22 2025 10:12:27,  884872 sec) gga()                $GPGGA,101240,2728.5024,N,15837.5264,W,1,08,1.0,-1.6,M,-4.8,M,,*65
(Dec 22 2025 10:12:36,  884881 sec) gga()                $GPGGA,101250,2728.5046,N,15837.5274,W,1,08,1.0,-1.9,M,-4.8,M,,*6E
(Dec 22 2025 10:12:37,  884882 sec) GpsServices()        APF11 RTC skew (-13s) OK.
(Dec 22 2025 10:12:37,  884882 sec) GpsServices()        GPS services complete.
(Dec 22 2025 10:13:11,  884916 sec) IrGeoLoc()           <x,y,z>=<-5264km,-2076km,2924km> lat=27.484 lon=-158.477 IrSysTime=0xf230a170
(Dec 22 2025 10:13:15,  884920 sec) CLogin()             Connecting to primary host.
(Dec 22 2025 10:13:28,  884933 sec) CLogin()             Connection 1 established in 13 seconds.
(Dec 22 2025 10:13:51,  884956 sec) login()              Login successful.
(Dec 22 2025 10:14:02,  884967 sec) CLogin()             Logged in to host.  [Login required 34 seconds]
(Dec 22 2025 10:14:06,  884971 sec) RxConfig()           Downloading "mission.cfg" from host.
(Dec 22 2025 10:14:21,  884986 sec) RxConfig()           Download successful: [bytes:50, sec:12.9, bps:4]
(Dec 22 2025 10:14:25,  884990 sec) WriteVitals_()       Writing vitals to "23808.027.msg".
(Dec 22 2025 10:14:35,  885000 sec) UpLoadFile()         Uploading "23808.027.log" to host.
(Dec 22 2025 10:18:34,  885239 sec) UpLoadFile()         Upload successful: [bytes:42766, sec:239.2, bps:179]
(Dec 22 2025 10:18:35,  885240 sec) fmove()              Moved: 23808.027.log -> archive/23808.027.log
(Dec 22 2025 10:18:39,  885244 sec) UpLoadFile()         Uploading "23808.027.msg" to host.
(Dec 22 2025 10:21:59,  885444 sec) UpLoadFile()         Upload successful: [bytes:43160, sec:199.5, bps:216]
(Dec 22 2025 10:22:00,  885445 sec) fmove()              Moved: 23808.027.msg -> archive/23808.027.msg
(Dec 22 2025 10:22:06,  885451 sec) UpLoadFile()         Uploading "23808.027.isus" to host.
(Dec 22 2025 10:24:53,  885618 sec) UpLoadFile()         Upload successful: [bytes:24800, sec:166.8, bps:149]
(Dec 22 2025 10:24:54,  885619 sec) fmove()              Moved: 23808.027.isus -> archive/23808.027.isus
(Dec 22 2025 10:25:02,  885627 sec) UpLoadFile()         Uploading "23808.027.dura" to host.
(Dec 22 2025 10:25:54,  885679 sec) UpLoadFile()         Upload successful: [bytes:12207, sec:52.2, bps:234]
(Dec 22 2025 10:25:56,  885681 sec) fmove()              Moved: 23808.027.dura -> archive/23808.027.dura
(Dec 22 2025 10:25:57,  885682 sec) UpLoad()             Files successfully uploaded: 4
(Dec 22 2025 10:25:57,  885682 sec) UpLoad()             Upload complete.
(Dec 22 2025 10:26:01,  885686 sec) logout()             Log-out successful.
(Dec 22 2025 10:26:02,  885687 sec) Telemetry()          Telemetry cycle complete: PrfId=27 ConnectionAttempts=1  Connections=1
(Dec 22 2025 10:26:02,  885687 sec) TelemetryTerminate() Parsing new mission configuration.
(Dec 22 2025 10:26:03,  885688 sec) configure()          Parsing configurators in "mission.cfg".
(Dec 22 2025 10:26:03,  885688 sec) configure()             TelemetryRetry(15)      [0x7BBC] [TelemetryRetry(15)].
(Dec 22 2025 10:26:03,  885688 sec) configure()             DownTime(14400) [CRC=0x9F62] [DownTime(14400)].
(Dec 22 2025 10:26:04,  885689 sec) configure()          Configuration CRCs and syntax OK.
(Dec 22 2025 10:26:04,  885689 sec) ConfigSupervisor()   Configuration accepted.
(Dec 22 2025 10:26:04,  885689 sec) TelemetryTerminate() Reconditioning the file system.
(Dec 22 2025 10:26:06,       0 sec) DescentInit()        Deep profile 28 initiated at mission-time 885691sec.
(Dec 22 2025 10:26:07,       1 sec) DescentInit()        Surface pressure: 0.2dbars.
(Dec 22 2025 10:26:07,       1 sec) DescentInit()        Charge consumption model: OCV:15.0V Wake-Cycles:42428 Standby:89.8days Wake:29.9kC Sleep:3.0kC
(Dec 22 2025 10:26:19,      13 sec) DescentInit()        Pneumatic humidity: 2900(60.5%) -> 2901(60.5%)
(Dec 22 2025 10:26:19,      13 sec) PistonMoveAbsWTO()    188->054 187 186 185 184 183 182 181 180 179 178 177 176 175 174 173 172 171 170 169 168 167 166 165 164 163 162 161 160 159 158 157 156 155 154 153 152 151 150 149 148 147 146 145 144 143 142 141 140 139 138 137 136 135 134 133 132 131 130 129 128 127 126 125 124 123 122 121 120 119 118 117 116 115 114 113 112 111 110 109 108 107 106 105 104 103 102 101 100 099 098 097 096 095 094 093 092 091 090 089 088 087 086 085 084 083 082 081 080 079 078 077 076 075 074 073 072 071 070 069 068 067 066 065 064 063 062 061 060 059 058 057 056 055 054 [658sec, 14.9Volts, 0.129Amps, CPT:658sec]
(Dec 22 2025 10:37:22,     676 sec) DescentInit()        Air solenoid open: Barometer [207cnt,  12.1psi]  Pneumometer [106cnt,  12.4psi]
(Dec 22 2025 10:37:32,     686 sec) Descent()            Pressure: 67.9
(Dec 22 2025 11:26:06,    3600 sec) Descent()            Pressure: 507.1
(Dec 22 2025 12:26:06,    7200 sec) Descent()            Pressure: 857.4
(Dec 22 2025 13:26:06,   10800 sec) Descent()            Pressure: 975.4
(Dec 22 2025 14:26:06,   14400 sec) Descent()            Pressure: 985.6
(Dec 22 2025 14:26:07,   14401 sec) ParkInit()           Charge consumption model: OCV:15.4V Wake-Cycles:42433 Standby:89.9days Wake:30.3kC Sensors:3.0kC
(Dec 23 2025 11:26:14,   90008 sec) Park()               ParkPOutOfBand[-3, 988.4 dbars]: retract piston.
(Dec 23 2025 11:26:14,   90008 sec) PistonMoveAbsWTO()    054->053 053 [6sec, 15.0Volts, 0.078Amps, CPT:664sec]
(Dec 23 2025 18:26:14,  115208 sec) Park()               ParkPOutOfBand[3, 1015.6 dbars]: extend piston.
(Dec 23 2025 18:26:14,  115208 sec) PistonMoveAbsWTO()    053->054 054 [3sec, 14.6Volts, 0.424Amps, CPT:667sec]
(Jan 01 2026 06:26:38,  849632 sec) CtdPower()           [ 1006.91,  3.8954, 34.3972]
(Jan 01 2026 06:26:38,  849632 sec) CtdPower()           CTD Power consumption [214VCnt 3ACnt]: 15.073Volts * 0.012Amps = 0.18Watts.
(Jan 01 2026 06:26:44,  849638 sec) ParkTerminate()      Piston Position:54 Vacuum:190 HumidityAd12:4094(inf%) Vq:217 Aq:2 Vsbe:214 Asbe:3 Vflbb:210 Aflbb:11 Vopt:208 Aopt:13 Vocr:211 Aocr:7 MuxTemp:3.914C MuxHumidity:7.3%
(Jan 01 2026 06:27:14,  849668 sec) ParkTerminate()      PTS/O2,T2,TPhase,RawTemp: 1007.0dbars 3.8956C 34.3968PSU / 34.7uM 3.888C 57.297 7.930 660.920
(Jan 01 2026 06:27:14,  849668 sec) ParkTerminate()      FLBB FSig, BbSig, TSig: 54, 114, 571 / Ocr: nan nan nan nan
(Jan 01 2026 06:27:15,  849669 sec) GoDeepInit()         Charge consumption model: OCV:15.3V Wake-Cycles:42665 Standby:99.6days Wake:30.6kC Sensors:3.0kC
(Jan 01 2026 06:27:15,  849669 sec) GoDeepInit()         Moving piston.
(Jan 01 2026 06:27:15,  849669 sec) PistonMoveAbsWTO()    054->009 053 052 051 050 049 048 047 046 045 044 043 042 041 040 039 038 037 036 035 034 033 032 031 030 029 028 027 026 025 024 023 022 021 020 019 018 017 016 015 014 013 012 011 010 009 [220sec, 14.9Volts, 0.052Amps, CPT:887sec]
(Jan 01 2026 10:26:06,  864000 sec) ProfileInit()        Charge consumption model: OCV:15.3V Wake-Cycles:42712 Standby:99.7days Wake:30.6kC Sensors:3.0kC
(Jan 01 2026 10:26:06,  864000 sec) ProfileInit()        PrfId:028  Pressure:1647.8dbar  pTable[4]:1600dbar
(Jan 01 2026 10:26:08,  864002 sec) ProfileInit()        Muxer PPIs K{1,2} quiescent: 15.09V, -0.1mA, -1.5mW
(Jan 01 2026 10:26:12,  864006 sec) ProfileInit()        ISUS powered up.
(Jan 01 2026 10:26:15,  864009 sec) ProfileInit()        Muxer PPIs K{1,2} w/ ISUS awake: 14.86V, 59.9mA, 890.4mW
(Jan 01 2026 10:26:22,  864016 sec) MscErrorLog_()       No error records to log.
(Jan 01 2026 10:26:28,  864022 sec) ProfileInit()        DURA powered up.
(Jan 01 2026 10:26:32,  864026 sec) ProfileInit()        Muxer PPIs K{1,2} w/ DURA awake: 14.95V, 48.5mA, 725.2mW
(Jan 01 2026 10:26:38,  864032 sec) MscErrorLog_()       No error records to log.
(Jan 01 2026 10:26:43,  864037 sec) PistonMoveAbsWTO()    009->031 010 011 012 013 014 [30sec, 14.2Volts, 0.564Amps, CPT:917sec]
(Jan 01 2026 10:27:24,  864078 sec) PistonMoveAbsWTO()    014->031 015 016 017 018 019 020 [30sec, 14.1Volts, 0.550Amps, CPT:947sec]
(Jan 01 2026 10:28:05,  864119 sec) PistonMoveAbsWTO()    020->031 021 022 023 024 025 [30sec, 14.0Volts, 0.535Amps, CPT:977sec]
(Jan 01 2026 10:28:46,  864160 sec) PistonMoveAbsWTO()    025->031 026 027 028 029 030 [30sec, 14.0Volts, 0.544Amps, CPT:1007sec]
(Jan 01 2026 10:29:27,  864201 sec) PistonMoveAbsWTO()    030->031 031 [3sec, 14.0Volts, 0.545Amps, CPT:1010sec]
(Jan 01 2026 10:31:10,  864304 sec) PistonMoveAbsWTO()    030->031 031 [1sec, 14.3Volts, 0.571Amps, CPT:1011sec]
(Jan 01 2026 10:36:10,  864604 sec) Profile()            Sample 0 initiated at 1600.8dbars for bin 4 [1600dbars].  PTS/O2,T2,TPhase,RPhase,RawTemp/NO3/pH/FSig,BbSig,TSig/Ocr: 1598.6dbars 2.5958C 34.5651PSU / 75.5uM 2.590C 53.069 7.962 700.303 / 40.6uM / -0.884714V /   54  112  574 / nan nan nan nan
(Jan 01 2026 10:53:08,  865622 sec) Profile()            Sample 1 initiated at 1501.7dbars for bin 5 [1500dbars].  PTS/O2,T2,TPhase,RPhase,RawTemp/NO3/pH/FSig,BbSig,TSig/Ocr: 1500.0dbars 2.7414C 34.5551PSU / 73.1uM 2.736C 53.252 7.978 695.896 / 40.9uM / -0.884305V /   54  112  574 / nan nan nan nan
(Jan 01 2026 11:01:37,  866131 sec) AscentControlAgent() Bouyancy nudge to 41 (v=0.071dbar/sec).
(Jan 01 2026 11:01:37,  866131 sec) PistonMoveAbsWTO()    031->041 032 033 034 035 036 [30sec, 14.4Volts, 0.495Amps, CPT:1041sec]
(Jan 01 2026 11:02:18,  866172 sec) PistonMoveAbsWTO()    036->041 037 038 039 040 041 [25sec, 14.3Volts, 0.497Amps, CPT:1066sec]
(Jan 01 2026 11:13:14,  866828 sec) Profile()            Sample 2 initiated at 1401.8dbars for bin 6 [1400dbars].  PTS/O2,T2,TPhase,RPhase,RawTemp/NO3/pH/FSig,BbSig,TSig/Ocr: 1400.0dbars 2.9662C 34.5347PSU / 67.0uM 2.960C 53.810 7.981 689.142 / 41.2uM / -0.884384V /   54  113  573 / nan nan nan nan
(Jan 01 2026 11:22:05,  867359 sec) AscentControlAgent() Bouyancy nudge to 51 (v=0.078dbar/sec).
(Jan 01 2026 11:22:05,  867359 sec) PistonMoveAbsWTO()    041->051 042 043 044 045 046 [30sec, 14.5Volts, 0.474Amps, CPT:1096sec]
(Jan 01 2026 11:22:46,  867400 sec) PistonMoveAbsWTO()    046->051 047 048 049 050 051 [26sec, 14.3Volts, 0.475Amps, CPT:1122sec]
(Jan 01 2026 11:32:14,  867968 sec) Profile()            Sample 3 initiated at 1301.1dbars for bin 7 [1300dbars].  PTS/O2,T2,TPhase,RPhase,RawTemp/NO3/pH/FSig,BbSig,TSig/Ocr: 1299.1dbars 3.1740C 34.5106PSU / 59.0uM 3.168C 54.600 7.984 682.844 / 41.5uM / -0.884543V /   54  114  573 / nan nan nan nan
(Jan 01 2026 11:51:25,  869119 sec) Profile()            Sample 4 initiated at 1201.7dbars for bin 8 [1200dbars].  PTS/O2,T2,TPhase,RPhase,RawTemp/NO3/pH/FSig,BbSig,TSig/Ocr: 1200.1dbars 3.3644C 34.4874PSU / 53.9uM 3.358C 55.122 7.987 677.071 / 41.8uM / -0.884475V /   54  114  573 / nan nan nan nan
(Jan 01 2026 11:52:44,  869198 sec) AscentControlAgent() Bouyancy nudge to 61 (v=0.075dbar/sec).
(Jan 01 2026 11:52:44,  869198 sec) PistonMoveAbsWTO()    051->061 052 053 054 055 056 [30sec, 14.5Volts, 0.446Amps, CPT:1152sec]
(Jan 01 2026 11:53:25,  869239 sec) PistonMoveAbsWTO()    056->061 057 058 059 060 061 [24sec, 14.4Volts, 0.439Amps, CPT:1176sec]
(Jan 01 2026 12:08:55,  870169 sec) Profile()            Sample 5 initiated at 1101.7dbars for bin 9 [1100dbars].  PTS/O2,T2,TPhase,RPhase,RawTemp/NO3/pH/FSig,BbSig,TSig/Ocr: 1099.7dbars 3.6285C 34.4581PSU / 47.4uM 3.622C 55.792 7.991 669.045 / 42.1uM / -0.884311V /   55  114  572 / nan nan nan nan
(Jan 01 2026 12:19:15,  870789 sec) AscentControlAgent() Bouyancy nudge to 71 (v=0.073dbar/sec).
(Jan 01 2026 12:19:15,  870789 sec) PistonMoveAbsWTO()    061->071 062 063 064 065 066 [30sec, 14.6Volts, 0.407Amps, CPT:1206sec]
(Jan 01 2026 12:19:56,  870830 sec) PistonMoveAbsWTO()    066->071 067 068 069 070 071 [24sec, 14.5Volts, 0.408Amps, CPT:1230sec]
(Jan 01 2026 12:28:16,  871330 sec) Profile()            Sample 6 initiated at 1001.2dbars for bin 10 [1000dbars].  PTS/O2,T2,TPhase,RPhase,RawTemp/NO3/pH/FSig,BbSig,TSig/Ocr: 999.1dbars 3.8485C 34.4070PSU / 37.2uM 3.841C 57.000 7.995 662.344 / 42.4uM / -0.884813V /   55  114  572 / nan nan nan nan
(Jan 01 2026 12:31:27,  871521 sec) Sbe41cpStartCP()     Continuous profile started.
(Jan 01 2026 12:36:53,  871847 sec) Profile()            Sample 7 initiated at 951.0dbars for bin 11 [950dbars].  PTS/O2,T2,TPhase,RPhase,RawTemp/NO3/pH/FSig,BbSig,TSig/Ocr: 951.0dbars 3.9424C 34.3672PSU / 31.0uM 3.937C 57.773 7.998 659.406 / 42.6uM / -0.885541V /   54  115  572 / nan nan nan nan
(Jan 01 2026 12:44:38,  872312 sec) AscentControlAgent() Bouyancy nudge to 81 (v=0.079dbar/sec).
(Jan 01 2026 12:44:38,  872312 sec) PistonMoveAbsWTO()    071->081 072 073 074 075 076 [30sec, 14.5Volts, 0.378Amps, CPT:1260sec]
(Jan 01 2026 12:45:19,  872353 sec) PistonMoveAbsWTO()    076->081 077 078 079 080 081 [24sec, 14.4Volts, 0.378Amps, CPT:1284sec]
(Jan 01 2026 12:46:54,  872448 sec) Profile()            Sample 8 initiated at 901.0dbars for bin 12 [900dbars].  PTS/O2,T2,TPhase,RPhase,RawTemp/NO3/pH/FSig,BbSig,TSig/Ocr: 900.9dbars 4.1379C 34.3192PSU / 27.8uM 4.130C 58.169 8.002 653.505 / 42.6uM / -0.885616V /   54  114  571 / nan nan nan nan
(Jan 01 2026 12:55:36,  872970 sec) Profile()            Sample 9 initiated at 851.7dbars for bin 13 [850dbars].  PTS/O2,T2,TPhase,RPhase,RawTemp/NO3/pH/FSig,BbSig,TSig/Ocr: 851.6dbars 4.3151C 34.2650PSU / 23.6uM 4.309C 58.711 8.005 648.020 / 42.6uM / -0.886126V /   55  116  571 / nan nan nan nan
(Jan 01 2026 13:05:00,  873534 sec) AscentControlAgent() Bouyancy nudge to 91 (v=0.076dbar/sec).
(Jan 01 2026 13:05:00,  873534 sec) PistonMoveAbsWTO()    081->091 082 083 084 085 086 [30sec, 14.5Volts, 0.354Amps, CPT:1314sec]
(Jan 01 2026 13:06:17,  873611 sec) Profile()            Sample 10 initiated at 799.4dbars for bin 14 [800dbars].  PTS/O2,T2,TPhase,RPhase,RawTemp/NO3/pH/FSig,BbSig,TSig/Ocr: 799.4dbars 4.4482C 34.2274PSU / 22.5uM 4.440C 58.833 8.009 643.991 / 42.7uM / -0.885089V /   54  113  571 / nan nan nan nan
(Jan 01 2026 13:06:18,  873612 sec) PistonMoveAbsWTO()    086->091 087 088 089 090 091 [23sec, 14.4Volts, 0.344Amps, CPT:1337sec]
(Jan 01 2026 13:08:21,  873735 sec) PistonMoveAbsWTO()    090->091 091 [1sec, 14.5Volts, 0.386Amps, CPT:1338sec]
(Jan 01 2026 13:15:24,  874158 sec) Profile()            Sample 11 initiated at 751.5dbars for bin 15 [750dbars].  PTS/O2,T2,TPhase,RPhase,RawTemp/NO3/pH/FSig,BbSig,TSig/Ocr: 751.4dbars 4.7385C 34.1670PSU / 31.0uM 4.731C 57.587 8.018 635.043 / 41.5uM / -0.884037V /   54  116  571 / nan nan nan nan
(Jan 01 2026 13:20:35,  874469 sec) AscentControlAgent() Bouyancy nudge to 101 (v=0.079dbar/sec).
(Jan 01 2026 13:20:35,  874469 sec) PistonMoveAbsWTO()    091->101 092 093 094 095 096 [30sec, 14.5Volts, 0.336Amps, CPT:1368sec]
(Jan 01 2026 13:21:16,  874510 sec) PistonMoveAbsWTO()    096->101 097 098 099 100 101 [23sec, 14.4Volts, 0.340Amps, CPT:1391sec]
(Jan 01 2026 13:24:49,  874723 sec) Profile()            Sample 12 initiated at 701.2dbars for bin 16 [700dbars].  PTS/O2,T2,TPhase,RPhase,RawTemp/NO3/pH/FSig,BbSig,TSig/Ocr: 701.1dbars 5.2382C 34.1101PSU / 46.3uM 5.227C 55.452 8.034 619.724 / 39.8uM / -0.882225V /   54  115  570 / nan nan nan nan
(Jan 01 2026 13:32:59,  875213 sec) Profile()            Sample 13 initiated at 651.8dbars for bin 17 [650dbars].  PTS/O2,T2,TPhase,RPhase,RawTemp/NO3/pH/FSig,BbSig,TSig/Ocr: 651.7dbars 5.5765C 34.0731PSU / 63.5uM 5.576C 53.266 8.047 608.897 / 37.9uM / -0.880060V /   54  116  569 / nan nan nan nan
(Jan 01 2026 13:40:55,  875689 sec) AscentControlAgent() Bouyancy nudge to 111 (v=0.076dbar/sec).
(Jan 01 2026 13:40:55,  875689 sec) PistonMoveAbsWTO()    101->111 102 103 104 105 106 [30sec, 14.6Volts, 0.309Amps, CPT:1421sec]
(Jan 01 2026 13:41:36,  875730 sec) PistonMoveAbsWTO()    106->111 107 108 109 110 111 [23sec, 14.5Volts, 0.301Amps, CPT:1444sec]
(Jan 01 2026 13:43:19,  875833 sec) Profile()            Sample 14 initiated at 601.5dbars for bin 18 [600dbars].  PTS/O2,T2,TPhase,RPhase,RawTemp/NO3/pH/FSig,BbSig,TSig/Ocr: 601.4dbars 6.0706C 34.0228PSU / 98.4uM 6.063C 49.395 8.069 593.732 / 34.7uM / -0.876110V /   53  117  569 / nan nan nan nan
(Jan 01 2026 13:51:51,  876345 sec) Profile()            Sample 15 initiated at 551.5dbars for bin 19 [550dbars].  PTS/O2,T2,TPhase,RPhase,RawTemp/NO3/pH/FSig,BbSig,TSig/Ocr: 551.4dbars 6.8156C 34.0050PSU / 128.7uM 6.805C 46.336 8.092 570.491 / 31.1uM / -0.871891V /   53  117  568 / nan nan nan nan
(Jan 01 2026 14:01:14,  876908 sec) AscentControlAgent() Bouyancy nudge to 121 (v=0.079dbar/sec).
(Jan 01 2026 14:01:15,  876909 sec) PistonMoveAbsWTO()    111->121 112 113 114 115 116 [30sec, 14.6Volts, 0.282Amps, CPT:1474sec]
(Jan 01 2026 14:02:35,  876989 sec) Profile()            Sample 16 initiated at 499.2dbars for bin 20 [500dbars].  PTS/O2,T2,TPhase,RPhase,RawTemp/NO3/pH/FSig,BbSig,TSig/Ocr: 499.2dbars 7.9324C 34.0060PSU / 172.7uM 7.917C 42.459 8.125 535.412 / 24.7uM / -0.864985V /   51  118  566 / 0x80067e36 0x800026e4 0x800876b6 0x7fffcb09
(Jan 01 2026 14:02:36,  876990 sec) PistonMoveAbsWTO()    117->121 118 119 120 121 [21sec, 14.5Volts, 0.283Amps, CPT:1495sec]
(Jan 01 2026 14:11:09,  877503 sec) Profile()            Sample 17 initiated at 451.2dbars for bin 21 [450dbars].  PTS/O2,T2,TPhase,RPhase,RawTemp/NO3/pH/FSig,BbSig,TSig/Ocr: 451.1dbars 8.8652C 34.0354PSU / 211.4uM 8.860C 39.536 8.158 505.397 / 20.6uM / -0.860082V /   52  119  565 / 0x80067b2d 0x800031ed 0x800866a4 0x7fffb9d2
(Jan 01 2026 14:16:30,  877824 sec) AscentControlAgent() Bouyancy nudge to 131 (v=0.077dbar/sec).
(Jan 01 2026 14:16:31,  877825 sec) PistonMoveAbsWTO()    121->131 122 123 124 125 126 [30sec, 14.6Volts, 0.259Amps, CPT:1525sec]
(Jan 01 2026 14:17:12,  877866 sec) PistonMoveAbsWTO()    126->131 127 128 129 130 131 [21sec, 14.6Volts, 0.261Amps, CPT:1546sec]
(Jan 01 2026 14:20:36,  878070 sec) Profile()            Sample 18 initiated at 401.7dbars for bin 22 [400dbars].  PTS/O2,T2,TPhase,RPhase,RawTemp/NO3/pH/FSig,BbSig,TSig/Ocr: 401.6dbars 10.1076C 34.1010PSU / 234.9uM 10.110C 37.591 8.193 465.304 / 16.1uM / -0.855436V /   50  121  563 / 0x80067236 0x8000102d 0x80084d00 0x7fffbaa4
(Jan 01 2026 14:23:40,  878254 sec) Profile()            Sample 19 initiated at 381.6dbars for bin 23 [380dbars].  PTS/O2,T2,TPhase,RPhase,RawTemp/NO3/pH/FSig,BbSig,TSig/Ocr: 381.5dbars 10.8114C 34.1477PSU / 240.3uM 10.808C 36.950 8.218 442.792 / 14.4uM / -0.853731V /   51  116  563 / 0x8006519b 0x80000952 0x80085a1b 0x7fffae80
(Jan 01 2026 14:27:05,  878459 sec) Profile()            Sample 20 initiated at 361.1dbars for bin 24 [360dbars].  PTS/O2,T2,TPhase,RPhase,RawTemp/NO3/pH/FSig,BbSig,TSig/Ocr: 361.0dbars 11.3786C 34.1798PSU / 243.1uM 11.370C 36.524 8.239 424.573 / 13.1uM / -0.852266V /   50  118  562 / 0x80065cc0 0x8000116d 0x80086240 0x7fffa1db
(Jan 01 2026 14:28:52,  878566 sec) Profile()            Sample 21 initiated at 351.0dbars for bin 25 [350dbars].  PTS/O2,T2,TPhase,RPhase,RawTemp/NO3/pH/FSig,BbSig,TSig/Ocr: 350.9dbars 11.6828C 34.2026PSU / 244.6uM 11.678C 36.293 8.245 414.571 / 12.4uM / -0.851636V /   50  116  561 / 0x80064d89 0x7fffee2d 0x800854ad 0x7fffa276
(Jan 01 2026 14:30:38,  878672 sec) Profile()            Sample 22 initiated at 341.2dbars for bin 26 [340dbars].  PTS/O2,T2,TPhase,RPhase,RawTemp/NO3/pH/FSig,BbSig,TSig/Ocr: 341.1dbars 11.9896C 34.2164PSU / 245.0uM 11.977C 36.122 8.250 404.840 / 11.6uM / -0.851036V /   50  115  561 / 0x80064b52 0x7fffed00 0x80083d36 0x7fff9b2d
(Jan 01 2026 14:32:24,  878778 sec) Profile()            Sample 23 initiated at 331.5dbars for bin 27 [330dbars].  PTS/O2,T2,TPhase,RPhase,RawTemp/NO3/pH/FSig,BbSig,TSig/Ocr: 331.4dbars 12.3790C 34.2387PSU / 245.3uM 12.369C 35.909 8.257 392.089 / 10.7uM / -0.850227V /   50  116  560 / 0x80065800 0x7fffec49 0x800846b6 0x7fff9d52
(Jan 01 2026 14:34:22,  878896 sec) Profile()            Sample 24 initiated at 321.5dbars for bin 28 [320dbars].  PTS/O2,T2,TPhase,RPhase,RawTemp/NO3/pH/FSig,BbSig,TSig/Ocr: 321.5dbars 12.7088C 34.2604PSU / 246.3uM 12.708C 35.687 8.270 381.016 / 10.1uM / -0.849567V /   50  115  560 / 0x80066064 0x7fffe42d 0x80084152 0x7fff9e92
(Jan 01 2026 14:36:19,  879013 sec) Profile()            Sample 25 initiated at 311.4dbars for bin 29 [310dbars].  PTS/O2,T2,TPhase,RPhase,RawTemp/NO3/pH/FSig,BbSig,TSig/Ocr: 311.3dbars 12.7728C 34.2633PSU / 246.9uM 12.774C 35.627 8.273 378.854 / 9.9uM / -0.849347V /   51  115  559 / 0x80064d2d 0x7fffd809 0x800837a4 0x7fffa3b6
(Jan 01 2026 14:38:17,  879131 sec) Profile()            Sample 26 initiated at 301.5dbars for bin 30 [300dbars].  PTS/O2,T2,TPhase,RPhase,RawTemp/NO3/pH/FSig,BbSig,TSig/Ocr: 301.5dbars 12.8718C 34.2678PSU / 247.1uM 12.874C 35.569 8.275 375.613 / 9.8uM / -0.849044V /   50  116  559 / 0x800656f6 0x7fffd624 0x800837d2 0x7fff96db
(Jan 01 2026 14:40:25,  879259 sec) Profile()            Sample 27 initiated at 291.6dbars for bin 31 [290dbars].  PTS/O2,T2,TPhase,RPhase,RawTemp/NO3/pH/FSig,BbSig,TSig/Ocr: 291.5dbars 13.0829C 34.2821PSU / 247.0uM 13.088C 35.468 8.280 368.617 / 9.2uM / -0.848517V /   50  115  558 / 0x80064ead 0x7fffdb64 0x80083cad 0x7fff915b
(Jan 01 2026 14:42:44,  879398 sec) Profile()            Sample 28 initiated at 281.6dbars for bin 32 [280dbars].  PTS/O2,T2,TPhase,RPhase,RawTemp/NO3/pH/FSig,BbSig,TSig/Ocr: 281.5dbars 13.6125C 34.3100PSU / 246.3uM 13.628C 35.232 8.288 350.937 / 8.0uM / -0.847490V /   50  114  558 / 0x80063789 0x7fffbc80 0x80083e92 0x7fff89a4
(Jan 01 2026 14:42:45,  879399 sec) AscentControlAgent() Bouyancy nudge to 141 (v=0.074dbar/sec).
(Jan 01 2026 14:42:46,  879400 sec) PistonMoveAbsWTO()    131->141 132 133 134 135 136 [30sec, 14.6Volts, 0.231Amps, CPT:1576sec]
(Jan 01 2026 14:43:27,  879441 sec) PistonMoveAbsWTO()    137->141 138 139 140 141 [21sec, 14.6Volts, 0.224Amps, CPT:1597sec]
(Jan 01 2026 14:45:01,  879535 sec) Profile()            Sample 29 initiated at 271.2dbars for bin 33 [270dbars].  PTS/O2,T2,TPhase,RPhase,RawTemp/NO3/pH/FSig,BbSig,TSig/Ocr: 271.1dbars 14.2464C 34.3625PSU / 245.6uM 14.278C 34.951 8.300 329.593 / 7.0uM / -0.846559V /   50  113  557 / 0x8006386d 0x7fffbe00 0x80083164 0x7fff8dc9
(Jan 01 2026 14:46:47,  879641 sec) Profile()            Sample 30 initiated at 260.9dbars for bin 34 [260dbars].  PTS/O2,T2,TPhase,RPhase,RawTemp/NO3/pH/FSig,BbSig,TSig/Ocr: 260.8dbars 14.4766C 34.3797PSU / 245.9uM 14.477C 34.837 8.306 323.073 / 6.6uM / -0.846131V /   50  116  557 / 0x80063e09 0x7fffbc92 0x80082880 0x7fff74c9
(Jan 01 2026 14:48:22,  879736 sec) Profile()            Sample 31 initiated at 251.4dbars for bin 35 [250dbars].  PTS/O2,T2,TPhase,RPhase,RawTemp/NO3/pH/FSig,BbSig,TSig/Ocr: 251.3dbars 14.6379C 34.3964PSU / 245.6uM 14.648C 34.770 8.308 317.455 / 6.3uM / -0.845800V /   50  115  556 / 0x800642c9 0x7fffb409 0x80082c76 0x7fff72b6
(Jan 01 2026 14:50:09,  879843 sec) Profile()            Sample 32 initiated at 241.1dbars for bin 36 [240dbars].  PTS/O2,T2,TPhase,RPhase,RawTemp/NO3/pH/FSig,BbSig,TSig/Ocr: 241.0dbars 14.9587C 34.4263PSU / 245.4uM 14.961C 34.631 8.315 307.159 / 5.8uM / -0.845211V /   50  114  556 / 0x80063800 0x7fffb376 0x80082b9b 0x7fff8036
(Jan 01 2026 14:51:55,  879949 sec) Profile()            Sample 33 initiated at 231.3dbars for bin 37 [230dbars].  PTS/O2,T2,TPhase,RPhase,RawTemp/NO3/pH/FSig,BbSig,TSig/Ocr: 231.2dbars 15.4506C 34.4749PSU / 243.7uM 15.444C 34.484 8.321 291.273 / 5.2uM / -0.844616V /   50  113  555 / 0x800632e4 0x7fffa76d 0x800822f6 0x7fff71ed
(Jan 01 2026 14:54:03,  880077 sec) Profile()            Sample 34 initiated at 221.3dbars for bin 38 [220dbars].  PTS/O2,T2,TPhase,RPhase,RawTemp/NO3/pH/FSig,BbSig,TSig/Ocr: 221.2dbars 15.9475C 34.5299PSU / 241.9uM 15.941C 34.337 8.339 274.893 / 4.6uM / -0.843945V /   50  113  555 / 0x80061c24 0x7fffbcc0 0x8008206d 0x7fff7d76
(Jan 01 2026 14:56:12,  880206 sec) Profile()            Sample 35 initiated at 211.8dbars for bin 39 [210dbars].  PTS/O2,T2,TPhase,RPhase,RawTemp/NO3/pH/FSig,BbSig,TSig/Ocr: 211.7dbars 16.3666C 34.5856PSU / 240.7uM 16.372C 34.190 8.353 260.708 / 4.2uM / -0.843306V /   50  113  554 / 0x80063136 0x7fff9cb6 0x80081b92 0x7fff6c5b
(Jan 01 2026 14:58:42,  880356 sec) Profile()            Sample 36 initiated at 201.3dbars for bin 40 [200dbars].  PTS/O2,T2,TPhase,RPhase,RawTemp/NO3/pH/FSig,BbSig,TSig/Ocr: 201.3dbars 16.6455C 34.6153PSU / 241.1uM 16.652C 34.039 8.365 251.456 / 3.9uM / -0.842868V /   51  114  553 / 0x80062a24 0x7fff9f2d 0x80080fc0 0x7fff66ed
(Jan 01 2026 15:01:12,  880506 sec) Profile()            Sample 37 initiated at 191.4dbars for bin 41 [190dbars].  PTS/O2,T2,TPhase,RPhase,RawTemp/NO3/pH/FSig,BbSig,TSig/Ocr: 191.4dbars 17.6071C 34.7239PSU / 241.4uM 17.578C 33.596 8.375 220.910 / 2.7uM / -0.841473V /   53  115  553 / 0x80061892 0x7fff9f00 0x8008072d 0x7fff6764
(Jan 01 2026 15:03:53,  880667 sec) Profile()            Sample 38 initiated at 181.8dbars for bin 42 [180dbars].  PTS/O2,T2,TPhase,RPhase,RawTemp/NO3/pH/FSig,BbSig,TSig/Ocr: 181.7dbars 17.9519C 34.7693PSU / 241.3uM 17.944C 33.435 8.375 208.855 / 2.5uM / -0.840934V /   54  115  552 / 0x80061992 0x7fff90db 0x80080264 0x7fff5d49
(Jan 01 2026 15:06:56,  880850 sec) Profile()            Sample 39 initiated at 171.5dbars for bin 43 [170dbars].  PTS/O2,T2,TPhase,RPhase,RawTemp/NO3/pH/FSig,BbSig,TSig/Ocr: 171.4dbars 18.4906C 34.8366PSU / 240.1uM 18.476C 33.251 8.396 191.299 / 2.1uM / -0.840306V /   57  117  551 / 0x80062664 0x7fff81c0 0x80080124 0x7fff58e4
(Jan 01 2026 15:10:32,  881066 sec) Profile()            Sample 40 initiated at 161.9dbars for bin 44 [160dbars].  PTS/O2,T2,TPhase,RPhase,RawTemp/NO3/pH/FSig,BbSig,TSig/Ocr: 161.8dbars 19.3810C 34.9479PSU / 241.1uM 19.355C 32.808 8.401 162.329 / 1.3uM / -0.838903V /   60  116  550 / 0x8005ff36 0x7fff6f5b 0x8007fcb6 0x7fff4c76
(Jan 01 2026 15:14:13,  881287 sec) AscentControlAgent() Bouyancy nudge to 151 (v=0.026dbar/sec).
(Jan 01 2026 15:14:13,  881287 sec) PistonMoveAbsWTO()    141->151 142 143 144 145 146 147 [30sec, 14.8Volts, 0.196Amps, CPT:1627sec]
(Jan 01 2026 15:14:55,  881329 sec) PistonMoveAbsWTO()    147->151 148 149 150 151 [20sec, 14.8Volts, 0.197Amps, CPT:1647sec]
(Jan 01 2026 15:16:16,  881410 sec) Profile()            Sample 41 initiated at 151.3dbars for bin 45 [150dbars].  PTS/O2,T2,TPhase,RPhase,RawTemp/NO3/pH/FSig,BbSig,TSig/Ocr: 151.2dbars 19.8735C 35.0159PSU / 244.6uM 19.867C 32.415 8.411 145.488 / 0.9uM / -0.837897V /   62  124  548 / 0x8005fd40 0x7fff50e4 0x8007de52 0x7fff416d
(Jan 01 2026 15:18:24,  881538 sec) Profile()            Sample 42 initiated at 141.9dbars for bin 46 [140dbars].  PTS/O2,T2,TPhase,RPhase,RawTemp/NO3/pH/FSig,BbSig,TSig/Ocr: 141.8dbars 20.0686C 35.0444PSU / 245.5uM 20.065C 32.284 8.414 138.976 / 1.0uM / -0.837407V /   66  124  548 / 0x8005fbf6 0x7fff5240 0x8007f312 0x7fff38a4
(Jan 01 2026 15:20:43,  881677 sec) Profile()            Sample 43 initiated at 131.3dbars for bin 47 [130dbars].  PTS/O2,T2,TPhase,RPhase,RawTemp/NO3/pH/FSig,BbSig,TSig/Ocr: 131.2dbars 20.6571C 35.1164PSU / 248.3uM 20.650C 31.903 8.419 119.762 / 0.7uM / -0.836406V /   77  126  547 / 0x8005fc5b 0x7fff46f6 0x8007e5db 0x7fff34f6
(Jan 01 2026 15:23:02,  881816 sec) Profile()            Sample 44 initiated at 122.0dbars for bin 48 [120dbars].  PTS/O2,T2,TPhase,RPhase,RawTemp/NO3/pH/FSig,BbSig,TSig/Ocr: 121.9dbars 21.1060C 35.1639PSU / 251.5uM 21.102C 31.563 8.427 104.919 / 1.3uM / -0.835338V /   84  127  546 / 0x8005f59b 0x7fff5ae4 0x8007e3c0 0x7fff21c0
(Jan 01 2026 15:28:06,  882120 sec) Profile()            Sample 45 initiated at 111.9dbars for bin 49 [110dbars].  PTS/O2,T2,TPhase,RPhase,RawTemp/NO3/pH/FSig,BbSig,TSig/Ocr: 111.8dbars 23.1362C 35.4487PSU / 251.6uM 23.128C 30.716 8.468 38.744 / 0.8uM / -0.831994V /   68  130  545 / 0x8005eb12 0x7fff349b 0x8007cf1b 0x7fff1a24
(Jan 01 2026 15:29:24,  882198 sec) AscentControlAgent() Bouyancy nudge to 156 (v=0.035dbar/sec).
(Jan 01 2026 15:29:24,  882198 sec) PistonMoveAbsWTO()    151->156 152 153 154 155 156 [26sec, 14.9Volts, 0.183Amps, CPT:1673sec]
(Jan 01 2026 15:31:24,  882318 sec) Profile()            Sample 46 initiated at 101.6dbars for bin 50 [100dbars].  PTS/O2,T2,TPhase,RPhase,RawTemp/NO3/pH/FSig,BbSig,TSig/Ocr: 101.5dbars 23.1591C 35.4521PSU / 252.2uM 23.156C 30.680 8.465 37.839 / 0.8uM / -0.831860V /   63  132  543 / 0x8005d6c9 0x7fff3409 0x8007b9ad 0x7fff0d00
(Jan 01 2026 15:32:26,  882380 sec) Profile()            Sample 47 initiated at 96.7dbars for bin 51 [95dbars].  PTS/O2,T2,TPhase,RPhase,RawTemp/NO3/pH/FSig,BbSig,TSig/Ocr: 96.6dbars 23.1567C 35.4528PSU / 252.4uM 23.157C 30.670 8.463 37.822 / 0.8uM / -0.831795V /   64  133  543 / 0x8005c8b6 0x7fff1864 0x8007ce76 0x7fff0ac9
(Jan 01 2026 15:33:28,  882442 sec) Profile()            Sample 48 initiated at 91.7dbars for bin 52 [90dbars].  PTS/O2,T2,TPhase,RPhase,RawTemp/NO3/pH/FSig,BbSig,TSig/Ocr: 91.6dbars 23.1576C 35.4530PSU / 252.4uM 23.159C 30.667 8.461 37.745 / 0.8uM / -0.831758V /   64  132  542 / 0x8005c289 0x7fff2c12 0x8007c1d2 0x7fff149b
(Jan 01 2026 15:34:30,  882504 sec) Profile()            Sample 49 initiated at 86.4dbars for bin 53 [85dbars].  PTS/O2,T2,TPhase,RPhase,RawTemp/NO3/pH/FSig,BbSig,TSig/Ocr: 86.3dbars 23.1562C 35.4524PSU / 252.6uM 23.158C 30.661 8.459 37.788 / 0.8uM / -0.831690V /   63  134  542 / 0x8005d8d2 0x7fff0c2d 0x8007cb49 0x7fff0749
(Jan 01 2026 15:35:21,  882555 sec) Profile()            Sample 50 initiated at 81.8dbars for bin 54 [80dbars].  PTS/O2,T2,TPhase,RPhase,RawTemp/NO3/pH/FSig,BbSig,TSig/Ocr: 81.7dbars 23.1558C 35.4527PSU / 252.6uM 23.158C 30.659 8.461 37.790 / 0.8uM / -0.831611V /   64  132  542 / 0x8005cd6d 0x7fff159b 0x8007beed 0x7ffefcc0
(Jan 01 2026 15:36:23,  882617 sec) Profile()            Sample 51 initiated at 76.3dbars for bin 55 [75dbars].  PTS/O2,T2,TPhase,RPhase,RawTemp/NO3/pH/FSig,BbSig,TSig/Ocr: 76.3dbars 23.1475C 35.4522PSU / 252.8uM 23.151C 30.655 8.460 38.006 / 0.9uM / -0.831582V /   63  133  542 / 0x8005cfc0 0x7fff2000 0x8007bb64 0x7ffeffe4
(Jan 01 2026 15:37:14,  882668 sec) Profile()            Sample 52 initiated at 71.9dbars for bin 56 [70dbars].  PTS/O2,T2,TPhase,RPhase,RawTemp/NO3/pH/FSig,BbSig,TSig/Ocr: 71.8dbars 23.1545C 35.4525PSU / 252.8uM 23.156C 30.652 8.459 37.860 / 0.9uM / -0.831484V /   63  132  542 / 0x8005da5b 0x7fff046d 0x8007b876 0x7fff141b
(Jan 01 2026 15:38:15,  882729 sec) Profile()            Sample 53 initiated at 66.2dbars for bin 57 [65dbars].  PTS/O2,T2,TPhase,RPhase,RawTemp/NO3/pH/FSig,BbSig,TSig/Ocr: 66.1dbars 23.1481C 35.4538PSU / 252.9uM 23.154C 30.647 8.458 37.922 / 0.8uM / -0.831419V /   64  132  542 / 0x8005c9b6 0x7ffeea89 0x8007ae1b 0x7fff07c0
(Jan 01 2026 15:39:06,  882780 sec) Profile()            Sample 54 initiated at 61.1dbars for bin 58 [60dbars].  PTS/O2,T2,TPhase,RPhase,RawTemp/NO3/pH/FSig,BbSig,TSig/Ocr: 61.0dbars 23.1476C 35.4509PSU / 253.1uM 23.149C 30.644 8.459 38.087 / 0.8uM / -0.831390V /   64  132  542 / 0x8005dbc0 0x7fff16e4 0x8007bbc9 0x7fff0812
(Jan 01 2026 15:39:56,  882830 sec) Profile()            Sample 55 initiated at 56.1dbars for bin 59 [55dbars].  PTS/O2,T2,TPhase,RPhase,RawTemp/NO3/pH/FSig,BbSig,TSig/Ocr: 56.0dbars 23.1421C 35.4501PSU / 253.1uM 23.144C 30.642 8.458 38.250 / 0.8uM / -0.831319V /   64  133  541 / 0x8005d524 0x7fff0fed 0x8007b01b 0x7fff0bd2
(Jan 01 2026 15:40:47,  882881 sec) Profile()            Sample 56 initiated at 51.8dbars for bin 60 [50dbars].  PTS/O2,T2,TPhase,RPhase,RawTemp/NO3/pH/FSig,BbSig,TSig/Ocr: 51.8dbars 23.1418C 35.4509PSU / 253.2uM 23.144C 30.640 8.457 38.241 / 0.8uM / -0.831265V /   63  132  541 / 0x8005be5b 0x7fff111b 0x8007c324 0x7fff0bf6
(Jan 01 2026 15:42:00,  882954 sec) Profile()            Sample 57 initiated at 46.8dbars for bin 61 [45dbars].  PTS/O2,T2,TPhase,RPhase,RawTemp/NO3/pH/FSig,BbSig,TSig/Ocr: 46.7dbars 23.1445C 35.4520PSU / 253.3uM 23.146C 30.636 8.457 38.181 / 0.9uM / -0.831306V /   63  133  541 / 0x8005d7d2 0x7fff0840 0x8007b449 0x7fff0a24
(Jan 01 2026 15:43:24,  883038 sec) Profile()            Sample 58 initiated at 41.4dbars for bin 62 [40dbars].  PTS/O2,T2,TPhase,RPhase,RawTemp/NO3/pH/FSig,BbSig,TSig/Ocr: 41.3dbars 23.1412C 35.4511PSU / 253.4uM 23.143C 30.633 8.457 38.268 / 0.8uM / -0.831189V /   64  132  541 / 0x8005d9e4 0x7fff1b49 0x8007b049 0x7fff10c0
(Jan 01 2026 15:44:26,  883100 sec) Profile()            Sample 59 initiated at 36.9dbars for bin 63 [35dbars].  PTS/O2,T2,TPhase,RPhase,RawTemp/NO3/pH/FSig,BbSig,TSig/Ocr: 36.8dbars 23.1403C 35.4515PSU / 253.4uM 23.143C 30.632 8.453 38.267 / 0.8uM / -0.831118V /   63  132  541 / 0x8005c212 0x7fff0b76 0x8007a509 0x7fff13d2
(Jan 01 2026 15:45:28,  883162 sec) Profile()            Sample 60 initiated at 31.8dbars for bin 64 [30dbars].  PTS/O2,T2,TPhase,RPhase,RawTemp/NO3/pH/FSig,BbSig,TSig/Ocr: 31.7dbars 23.1389C 35.4513PSU / 253.5uM 23.141C 30.628 8.454 38.321 / 0.8uM / -0.831016V /   63  133  541 / 0x8005c7ad 0x7ffef4c9 0x8007a6b6 0x7fff0d00
(Jan 01 2026 15:46:30,  883224 sec) Profile()            Sample 61 initiated at 26.2dbars for bin 65 [25dbars].  PTS/O2,T2,TPhase,RPhase,RawTemp/NO3/pH/FSig,BbSig,TSig/Ocr: 26.1dbars 23.1409C 35.4518PSU / 253.6uM 23.142C 30.624 8.453 38.316 / 0.9uM / -0.830943V /   63  133  541 / 0x8005d1d2 0x7fff01e4 0x8007c01b 0x7fff1849
(Jan 01 2026 15:47:21,  883275 sec) Profile()            Sample 62 initiated at 21.6dbars for bin 66 [20dbars].  PTS/O2,T2,TPhase,RPhase,RawTemp/NO3/pH/FSig,BbSig,TSig/Ocr: 21.5dbars 23.1385C 35.4525PSU / 253.6uM 23.140C 30.622 8.455 38.362 / 0.8uM / -0.830836V /   64  131  541 / 0x8005b1e4 0x7fff0bf6 0x8007afa4 0x7ffefe9b
(Jan 01 2026 15:48:23,  883337 sec) Profile()            Sample 63 initiated at 16.8dbars for bin 67 [15dbars].  PTS/O2,T2,TPhase,RPhase,RawTemp/NO3/pH/FSig,BbSig,TSig/Ocr: 16.7dbars 23.1376C 35.4527PSU / 253.7uM 23.140C 30.619 8.454 38.382 / 0.7uM / -0.830810V /   63  133  541 / 0x8005d040 0x7ffef612 0x8007a6d2 0x7fff0609
(Jan 01 2026 15:49:36,  883410 sec) Profile()            Sample 64 initiated at 11.2dbars for bin 68 [10dbars].  PTS/O2,T2,TPhase,RPhase,RawTemp/NO3/pH/FSig,BbSig,TSig/Ocr: 11.1dbars 23.1359C 35.4522PSU / 253.8uM 23.139C 30.615 8.454 38.407 / 0.8uM / -0.830734V /   63  133  541 / 0x8005cdf6 0x7fff106d 0x8007b5c9 0x7fff1776
(Jan 01 2026 15:50:27,  883461 sec) Profile()            Sample 65 initiated at 7.3dbars for bin 69 [6dbars].  PTS/O2,T2,TPhase,RPhase,RawTemp/NO3/pH/FSig,BbSig,TSig/Ocr: 7.2dbars 23.1347C 35.4527PSU / 253.9uM 23.137C 30.612 8.454 38.476 / 0.7uM / -0.830652V /   63  133  541 / 0x8005cea4 0x7fff1989 0x8007ae09 0x7fff1352
(Jan 01 2026 15:50:40,  883474 sec) SurfaceDetect()      SurfacePressure:0.2dbars Pressure:3.5dbars PistonPosition:156
(Jan 01 2026 15:50:40,  883474 sec) Sbe41cpStopCP()      Continuous profile stopped.
(Jan 01 2026 15:50:44,  883478 sec) PistonMoveAbsWTO()    156->178 157 158 159 160 161 162 163 164 165 166 165 166 167 168 169 170 171 172 173 174 175 176 177 178 [107sec, 14.8Volts, 0.162Amps, CPT:1780sec]
(Jan 01 2026 15:52:37,  883591 sec) chat()               Expected string [S>] not received.
(Jan 01 2026 15:54:23,  883697 sec) Sbe41cpBinAverage()  Finished averaging 11966 samples in 101 seconds.
(Jan 01 2026 15:54:28,  883702 sec) Sbe41cpUploadCP_()   Sbe41cpSerNo[20478] NSample[11966] NBin[493]
(Jan 01 2026 15:54:59,  883733 sec) Sbe41cpUploadCP_()   Continuous profile uploaded [493 lines].
(Jan 01 2026 15:55:13,  883747 sec) MscErrorLog_()       No error records to log.
(Jan 01 2026 15:55:23,  883757 sec) MscErrorLog_()       No error records to log.

<EOT>
