(Sep 30 2025 05:21:29,   52658 sec) TelemetryInit()      Profile 8. (Apf11 FwRev: 061125)
(Sep 30 2025 05:21:29,   52658 sec) TelemetryInit()      Charge consumption model: OCV:15.2V Wake-Cycles:11031 Standby:8.6days Wake:9.3kC Sensors:0.9kC
(Sep 30 2025 05:26:44,   52973 sec) GetSurfaceObs()      P/O2,T2,TPhase,RPhase,RawTemp/FSig,BbSig,TSig: 0.2dbars / 241.2uM 27.116C 29.633 8.566 -89.340 / 55,140,535
(Sep 30 2025 05:26:44,   52973 sec) GetSurfaceObs()      P/Ocr: 0.2dbars / 0x8005e412 0x7ffec949 0x800794e4 0x7ffee7ed
(Sep 30 2025 05:27:17,   53006 sec) GetSurfaceObs()      P/O2,T2,TPhase,RPhase,RawTemp/FSig,BbSig,TSig: 0.3dbars / 244.9uM 26.852C 29.567 8.563 -80.977 / 55,141,535
(Sep 30 2025 05:27:17,   53006 sec) GetSurfaceObs()      P/Ocr: 0.3dbars / 0x8005b8f6 0x7ffeb052 0x8007a26d 0x7ffef1f6
(Sep 30 2025 05:27:50,   53039 sec) GetSurfaceObs()      P/O2,T2,TPhase,RPhase,RawTemp/FSig,BbSig,TSig: 0.3dbars / 244.7uM 27.061C 29.497 8.561 -87.595 / 55,141,535
(Sep 30 2025 05:27:50,   53039 sec) GetSurfaceObs()      P/Ocr: 0.3dbars / 0x8005e240 0x7ffeb3b6 0x80079de4 0x7ffef9a4
(Sep 30 2025 05:28:23,   53072 sec) GetSurfaceObs()      P/O2,T2,TPhase,RPhase,RawTemp/FSig,BbSig,TSig: 0.6dbars / 244.0uM 27.125C 29.502 8.562 -89.636 / 54,141,535
(Sep 30 2025 05:28:24,   53073 sec) GetSurfaceObs()      P/Ocr: 0.6dbars / 0x8005c189 0x7ffeba9b 0x8007949b 0x7ffef3ad
(Sep 30 2025 05:31:30,   53259 sec) AirSystem()          Battery [216cnt, 15.2V]  Current [21cnt, 80.3mA]  Pneumometer [156cnt, 18.3psi]  Run-Time [89s]
(Sep 30 2025 05:31:43,   53272 sec) GetSurfaceObs()      P/O2,T2,TPhase,RPhase,RawTemp/FSig,BbSig,TSig: 0.1dbars / 242.0uM 26.680C 29.761 8.561 -75.520 / 56,145,535
(Sep 30 2025 05:31:43,   53272 sec) GetSurfaceObs()      P/Ocr: 0.1dbars / 0x8005df09 0x7ffeb924 0x8007a064 0x7ffee9ed
(Sep 30 2025 05:32:16,   53305 sec) GetSurfaceObs()      P/O2,T2,TPhase,RPhase,RawTemp/FSig,BbSig,TSig: -0.0dbars / 245.0uM 26.716C 29.612 8.556 -76.653 / 55,142,535
(Sep 30 2025 05:32:16,   53305 sec) GetSurfaceObs()      P/Ocr: -0.0dbars / 0x8005d149 0x7ffebcd2 0x80079eb6 0x7ffef12d
(Sep 30 2025 05:32:49,   53338 sec) GetSurfaceObs()      P/O2,T2,TPhase,RPhase,RawTemp/FSig,BbSig,TSig: 0.1dbars / 250.5uM 25.689C 29.760 8.557 -43.907 / 55,145,534
(Sep 30 2025 05:32:49,   53338 sec) GetSurfaceObs()      P/Ocr: 0.1dbars / 0x8005c749 0x7ffead6d 0x80079e36 0x7ffefd76
(Sep 30 2025 05:33:23,   53372 sec) GetSurfaceObs()      P/O2,T2,TPhase,RPhase,RawTemp/FSig,BbSig,TSig: 0.1dbars / 251.0uM 26.242C 29.529 8.553 -61.571 / 55,141,535
(Sep 30 2025 05:33:23,   53372 sec) GetSurfaceObs()      P/Ocr: 0.1dbars / 0x8005e464 0x7ffec852 0x800795d2 0x7ffefa00
(Sep 30 2025 05:33:56,   53405 sec) GetSurfaceObs()      P/O2,T2,TPhase,RPhase,RawTemp/FSig,BbSig,TSig: 0.1dbars / 251.3uM 25.445C 29.817 8.555 -36.092 / 56,142,534
(Sep 30 2025 05:33:56,   53405 sec) GetSurfaceObs()      P/Ocr: 0.1dbars / 0x8005dbdb 0x7ffec749 0x80079712 0x7ffef700
(Sep 30 2025 05:34:29,   53438 sec) GetSurfaceObs()      P/O2,T2,TPhase,RPhase,RawTemp/FSig,BbSig,TSig: 0.2dbars / 248.8uM 25.712C 29.824 8.553 -44.631 / 55,141,534
(Sep 30 2025 05:34:29,   53438 sec) GetSurfaceObs()      P/Ocr: 0.2dbars / 0x8005e0a4 0x7ffebd5b 0x8007a092 0x7ffefd49
(Sep 30 2025 05:35:02,   53471 sec) GetSurfaceObs()      P/O2,T2,TPhase,RPhase,RawTemp/FSig,BbSig,TSig: -0.0dbars / 249.4uM 25.783C 29.770 8.550 -46.897 / 53,144,534
(Sep 30 2025 05:35:02,   53471 sec) GetSurfaceObs()      P/Ocr: -0.0dbars / 0x8005daf6 0x7ffeb836 0x80079c2d 0x7ffef7c0
(Sep 30 2025 05:35:35,   53504 sec) GetSurfaceObs()      P/O2,T2,TPhase,RPhase,RawTemp/FSig,BbSig,TSig: -0.0dbars / 242.4uM 26.557C 29.791 8.549 -71.607 / 54,140,534
(Sep 30 2025 05:35:36,   53505 sec) GetSurfaceObs()      P/Ocr: -0.0dbars / 0x8005c2ad 0x7ffeb7db 0x800794ad 0x7ffef409
(Sep 30 2025 05:35:56,   53525 sec) AirSystem()          Battery [217cnt, 15.2V]  Current [20cnt, 76.6mA]  Pneumometer [160cnt, 18.8psi]  Run-Time [9s]
(Sep 30 2025 05:37:19,   53608 sec) GetSurfaceObs()      P/O2,T2,TPhase,RPhase,RawTemp/FSig,BbSig,TSig: 0.0dbars / 243.1uM 26.470C 29.788 8.553 -68.853 / 56,143,534
(Sep 30 2025 05:37:19,   53608 sec) GetSurfaceObs()      P/Ocr: 0.0dbars / 0x8005e200 0x7ffea39b 0x8007a4c0 0x7ffef712
(Sep 30 2025 05:37:22,   53611 sec) GpsServices()        GPS almanac is current.
(Sep 30 2025 05:37:22,   53611 sec) GpsServices()        Initiating GPS fix acquisition.
(Sep 30 2025 05:37:34,   53623 sec) gga()                $GPGGA,053750,2734.5659,N,15757.0433,W,0,00,,,M,,M,,*43
(Sep 30 2025 05:37:53,   53642 sec) gga()                $GPGGA,053810,2734.5659,N,15757.0433,W,0,00,,,M,,M,,*48
(Sep 30 2025 05:38:03,   53652 sec) gga()                $GPGGA,053820,2734.5659,N,15757.0433,W,0,00,,,M,,M,,*4B
(Sep 30 2025 05:38:13,   53662 sec) gga()                $GPGGA,053830,2734.5659,N,15757.0433,W,0,00,,,M,,M,,*4A
(Sep 30 2025 05:38:23,   53672 sec) gga()                $GPGGA,053840,2734.5659,N,15757.0433,W,0,00,,,M,,M,,*4D
(Sep 30 2025 05:38:33,   53682 sec) gga()                $GPGGA,053850,2734.5659,N,15757.0433,W,0,00,,,M,,M,,*4C
(Sep 30 2025 05:38:43,   53692 sec) gga()                $GPGGA,053900,2734.5659,N,15757.0433,W,0,00,,,M,,M,,*48
(Sep 30 2025 05:38:43,   53692 sec) gga()                $GPGGA,053900,2734.5659,N,15757.0433,W,0,00,,,M,,M,,*48
(Sep 30 2025 05:38:53,   53702 sec) gga()                $GPGGA,053910,2734.5659,N,15757.0433,W,0,00,,,M,,M,,*49
(Sep 30 2025 05:39:03,   53712 sec) gga()                $GPGGA,053920,2734.5659,N,15757.0433,W,0,00,,,M,,M,,*4A
(Sep 30 2025 05:39:13,   53722 sec) gga()                $GPGGA,053930,2734.5659,N,15757.0433,W,0,00,,,M,,M,,*4B
(Sep 30 2025 05:39:33,   53742 sec) gga()                $GPGGA,053950,2734.5659,N,15757.0433,W,0,00,,,M,,M,,*4D
(Sep 30 2025 05:39:43,   53752 sec) gga()                $GPGGA,054000,2734.5659,N,15757.0433,W,0,00,,,M,,M,,*46
(Sep 30 2025 05:39:44,   53753 sec) gga()                $GPGGA,054000,2734.5659,N,15757.0433,W,0,00,,,M,,M,,*46
(Sep 30 2025 05:39:53,   53762 sec) gga()                $GPGGA,054010,2734.5659,N,15757.0433,W,0,00,,,M,,M,,*47
(Sep 30 2025 05:40:03,   53772 sec) gga()                $GPGGA,054020,2734.5659,N,15757.0433,W,0,00,,,M,,M,,*44
(Sep 30 2025 05:40:13,   53782 sec) gga()                $GPGGA,054030,2734.5659,N,15757.0433,W,0,00,,,M,,M,,*45
(Sep 30 2025 05:40:23,   53792 sec) gga()                $GPGGA,054040,2734.5659,N,15757.0433,W,0,00,,,M,,M,,*42
(Sep 30 2025 05:40:33,   53802 sec) gga()                $GPGGA,054050,2734.5659,N,15757.0433,W,0,00,,,M,,M,,*43
(Sep 30 2025 05:40:44,   53813 sec) gga()                $GPGGA,054100,2734.9717,N,15756.4326,W,1,08,0.9,1.9,M,-5.7,M,,*4F
(Sep 30 2025 05:40:44,   53813 sec) GpsServices()        Profile 8 GPS fix obtained in 202 seconds.
(Sep 30 2025 05:40:44,   53813 sec) GpsServices()                   lon      lat mm/dd/yyyy hhmmss nsat
(Sep 30 2025 05:40:44,   53813 sec) GpsServices()        Fix: -157.9405  27.5829 09/30/2025 054100    8
(Sep 30 2025 05:40:53,   53822 sec) gga()                $GPGGA,054110,2734.9701,N,15756.4319,W,1,08,0.9,7.0,M,-5.7,M,,*4A
(Sep 30 2025 05:41:03,   53832 sec) gga()                $GPGGA,054120,2734.9712,N,15756.4316,W,1,08,0.9,2.1,M,-5.7,M,,*40
(Sep 30 2025 05:41:03,   53832 sec) GpsServices()        APF11 RTC skew (-17s) OK.
(Sep 30 2025 05:41:03,   53832 sec) LogNmeaSentences()   23,083,37,11,24,126,39,12,52,310,43,13,21,166,39*72
(Sep 30 2025 05:41:03,   53832 sec) LogNmeaSentences()   $GPGSV,3,2,12,15,33,199,37,17,05,038,33,19,27,042,41,22,03,065,28*76
(Sep 30 2025 05:41:03,   53832 sec) LogNmeaSentences()   $GPGSV,3,3,12,24,76,009,43,25,27,283,37,29,12,213,36,32,05,323,35*71
(Sep 30 2025 05:41:12,   53841 sec) LogNmeaSentences()   $GPRMC,054130,A,2734.9703,N,15756.4315,W,000.0,272.8,300925,010.4,E*6C
(Sep 30 2025 05:41:13,   53842 sec) LogNmeaSentences()   $GPGGA,054130,2734.9703,N,15756.4315,W,1,08,0.9,2.8,M,-5.7,M,,*4B
(Sep 30 2025 05:41:13,   53842 sec) LogNmeaSentences()   $GPGSA,A,3,06,11,12,13,15,,19,,24,25,,,1.3,0.9,0.9*3A
(Sep 30 2025 05:41:13,   53842 sec) LogNmeaSentences()   $GPGSV,3,1,12,06,23,083,35,11,24,126,36,12,52,310,41,13,21,166,36*72
(Sep 30 2025 05:41:13,   53842 sec) LogNmeaSentences()   $GPGSV,3,2,12,15,33,199,39,17,05,038,32,19,27,042,36,22,03,065,26*77
(Sep 30 2025 05:41:13,   53842 sec) LogNmeaSentences()   $GPGSV,3,3,12,24,76,009,42,25,27,283,38,29,12,213,35,32,05,323,32*7B
(Sep 30 2025 05:41:23,   53852 sec) LogNmeaSentences()   $GPRMC,054140,A,2734.9697,N,15756.4299,W,001.0,198.7,300925,010.4,E*6B
(Sep 30 2025 05:41:23,   53852 sec) LogNmeaSentences()   $GPGGA,054140,2734.9697,N,15756.4299,W,1,09,0.8,2.1,M,-5.7,M,,*4C
(Sep 30 2025 05:41:23,   53852 sec) LogNmeaSentences()   $GPGSA,A,3,06,11,12,13,15,,19,,24,25,29,,1.2,0.8,0.9*31
(Sep 30 2025 05:41:23,   53852 sec) LogNmeaSentences()   $GPGSV,3,1,12,06,23,083,37,11,24,125,38,12,52,310,43,13,21,166,38*71
(Sep 30 2025 05:41:23,   53852 sec) LogNmeaSentences()   $GPGSV,3,2,12,15,33,199,39,17,05,038,32,19,27,042,39,22,03,065,28*76
(Sep 30 2025 05:41:23,   53852 sec) LogNmeaSentences()   $GPGSV,3,3,12,24,76,009,43,25,27,283,37,29,12,213,35,32,05,323,38*7F
(Sep 30 2025 05:41:33,   53862 sec) LogNmeaSentences()   $GPRMC,054150,A,2734.9685,N,15756.4292,W,000.6,107.7,300925,010.4,E*63
(Sep 30 2025 05:41:33,   53862 sec) LogNmeaSentences()   $GPGGA,054150,2734.9685,N,15756.4292,W,1,09,0.8,1.8,M,-5.7,M,,*4F
(Sep 30 2025 05:41:33,   53862 sec) LogNmeaSentences()   $GPGSA,A,3,06,11,12,13,15,,19,,24,25,29,,1.2,0.8,0.9*31
(Sep 30 2025 05:41:33,   53862 sec) LogNmeaSentences()   $GPGSV,3,1,12,06,23,083,36,11,24,125,40,12,52,310,41,13,21,166,37*72
(Sep 30 2025 05:41:33,   53862 sec) LogNmeaSentences()   $GPGSV,3,2,12,15,33,199,42,17,05,038,35,19,27,042,37,22,03,065,24*7F
(Sep 30 2025 05:41:33,   53862 sec) LogNmeaSentences()   $GPGSV,3,3,12,24,76,009,43,25,27,283,37,29,12,213,41,32,05,323,29*7C
(Sep 30 2025 05:41:42,   53871 sec) LogNmeaSentences()   $GPRMC,054200,A,2734.9686,N,15756.4272,W,001.3,031.4,300925,010.4,E*6B
(Sep 30 2025 05:41:43,   53872 sec) LogNmeaSentences()   $GPGGA,054200,2734.9686,N,15756.4272,W,1,09,0.8,0.1,M,-5.7,M,,*4C
(Sep 30 2025 05:41:43,   53872 sec) LogNmeaSentences()   $GPGSA,A,3,06,11,12,13,15,,19,,24,25,29,,1.2,0.8,0.9*31
(Sep 30 2025 05:41:43,   53872 sec) LogNmeaSentences()   $GPGSV,3,1,12,06,23,083,24,11,24,125,24,12,52,310,25,13,21,166,23*74
(Sep 30 2025 05:41:43,   53872 sec) LogNmeaSentences()   $GPGSV,3,2,12,15,33,199,24,17,05,038,20,19,27,042,24,22,03,065,16*78
(Sep 30 2025 05:41:43,   53872 sec) LogNmeaSentences()   $GPGSV,3,3,12,24,76,009,25,25,28,283,23,29,13,213,23,32,05,323,20*7A
(Sep 30 2025 05:41:43,   53872 sec) LogNmeaSentences()   $PGRMT,GPS 15x-L software ver. 4.50,,,,,,,,*76
(Sep 30 2025 05:41:43,   53872 sec) GpsServices()        GPS services complete.
(Sep 30 2025 05:42:11,   53900 sec) IrGeoLoc()           <x,y,z>=<-5240km,-2124km,2932km> lat=27.567 lon=-157.935 IrSysTime=0xedfaf561
(Sep 30 2025 05:42:15,   53904 sec) CLogin()             Connecting to primary host.
(Sep 30 2025 05:42:26,   53915 sec) CLogin()             Connection 1 established in 11 seconds.
(Sep 30 2025 05:42:41,   53930 sec) login()              Login successful.
(Sep 30 2025 05:42:46,   53935 sec) chat()               Expected string [cmd>] not received.
(Sep 30 2025 05:42:46,   53935 sec) login()              Attempt to set the command prompt failed.
(Sep 30 2025 05:42:51,   53940 sec) chat()               Expected string [cmd>] not received.
(Sep 30 2025 05:42:51,   53940 sec) login()              Attempt to set the command prompt failed.
(Sep 30 2025 05:42:56,   53945 sec) CLogin()             Logged in to host.  [Login required 30 seconds]
(Sep 30 2025 05:42:57,   53946 sec) RxConfig()           Downloading "mission.cfg" from host.
(Sep 30 2025 05:43:15,   53964 sec) RxConfig()           Download successful: [bytes:83, sec:15.0, bps:6]
(Sep 30 2025 05:43:18,   53967 sec) WriteVitals_()       Writing vitals to "23808.008.msg".
(Sep 30 2025 05:43:26,   53975 sec) UpLoadFile()         Uploading "23808.008.log" to host.
(Sep 30 2025 05:46:55,   54184 sec) UpLoadFile()         Upload successful: [bytes:42307, sec:208.8, bps:203]
(Sep 30 2025 05:46:56,   54185 sec) fmove()              Moved: 23808.008.log -> archive/23808.008.log
(Sep 30 2025 05:47:00,   54189 sec) UpLoadFile()         Uploading "23808.008.msg" to host.
(Sep 30 2025 05:49:24,   54333 sec) sendline()           Blocking CTS signal, aborting ZMODEM transfer.
(Sep 30 2025 05:49:26,   54335 sec) UpLoadFile()         Upload failed.
(Sep 30 2025 05:50:11,   54380 sec) chat()               Expected string [rz] not received.
(Sep 30 2025 05:50:11,   54380 sec) UpLoadFile()         Failed attempt to execute "rz" on the host.
(Sep 30 2025 05:50:11,   54380 sec) UpLoad()             Files successfully uploaded: 1
(Sep 30 2025 05:50:11,   54380 sec) UpLoad()             Aborting upload: Retry limit [2] exceeded. Upload incomplete.
(Sep 30 2025 05:50:18,   54387 sec) chat()               Expected string [cmd>] not received.
(Sep 30 2025 05:50:18,   54387 sec) logout()             Can't get command prompt.
(Sep 30 2025 05:50:23,   54392 sec) chat()               Expected string [logout] not received.
(Sep 30 2025 05:50:23,   54392 sec) logout()             Attempt to log-out failed.
(Sep 30 2025 05:50:30,   54399 sec) chat()               Expected string [cmd>] not received.
(Sep 30 2025 05:50:30,   54399 sec) logout()             Can't get command prompt.
(Sep 30 2025 05:50:35,   54404 sec) chat()               Expected string [logout] not received.
(Sep 30 2025 05:50:35,   54404 sec) logout()             Attempt to log-out failed.
(Sep 30 2025 05:50:35,   54404 sec) logout()             No carrier detected.
(Sep 30 2025 05:50:35,   54404 sec) Telemetry()          Telemetry cycle complete: PrfId=8 ConnectionAttempts=1  Connections=1
(Sep 30 2025 06:05:51,   55320 sec) AirSystem()          Air-bladder inflation by-passed. Pneumatic Pressure: [157cnt, 18.5psi].
(Sep 30 2025 06:06:25,   55354 sec) GetSurfaceObs()      P/O2,T2,TPhase,RPhase,RawTemp/FSig,BbSig,TSig: 0.0dbars / 253.9uM 25.265C 29.772 8.548 -30.294 / 55,140,535
(Sep 30 2025 06:06:25,   55354 sec) GetSurfaceObs()      P/Ocr: 0.0dbars / 0x8005dd5b 0x7ffebe9b 0x80079f89 0x7ffef340
(Sep 30 2025 06:06:28,   55357 sec) GpsServices()        GPS almanac is current.
(Sep 30 2025 06:06:28,   55357 sec) GpsServices()        Initiating GPS fix acquisition.
(Sep 30 2025 06:06:34,   55363 sec) gga()                $GPGGA,060650,2734.9057,N,15756.3526,W,6,09,0.8,3.0,M,-5.7,M,,*44
(Sep 30 2025 06:06:43,   55372 sec) gga()                $GPGGA,060700,2734.9041,N,15756.3519,W,1,09,0.8,0.5,M,-5.7,M,,*4A
(Sep 30 2025 06:06:44,   55373 sec) GpsServices()        Profile 8 GPS fix obtained in 16 seconds.
(Sep 30 2025 06:06:44,   55373 sec) GpsServices()                   lon      lat mm/dd/yyyy hhmmss nsat
(Sep 30 2025 06:06:44,   55373 sec) GpsServices()        Fix: -157.9392  27.5817 09/30/2025 060700    9
(Sep 30 2025 06:06:53,   55382 sec) gga()                $GPGGA,060710,2734.9039,N,15756.3523,W,1,09,0.8,0.6,M,-5.7,M,,*4E
(Sep 30 2025 06:07:03,   55392 sec) gga()                $GPGGA,060720,2734.9034,N,15756.3512,W,1,09,0.8,0.9,M,-5.7,M,,*4D
(Sep 30 2025 06:07:03,   55392 sec) GpsServices()        APF11 RTC skew (-17s) OK.
(Sep 30 2025 06:07:03,   55392 sec) GpsServices()        GPS services complete.
(Sep 30 2025 06:07:30,   55419 sec) IrGeoLoc()           <x,y,z>=<-5240km,-2120km,2936km> lat=27.605 lon=-157.973 IrSysTime=0xee043291
(Sep 30 2025 06:07:34,   55423 sec) CLogin()             Connecting to primary host.
(Sep 30 2025 06:07:47,   55436 sec) CLogin()             Connection 2 established in 13 seconds.
(Sep 30 2025 06:07:53,   55442 sec) login()              Login successful.
(Sep 30 2025 06:08:02,   55451 sec) CLogin()             Logged in to host.  [Login required 15 seconds]
(Sep 30 2025 06:08:05,   55454 sec) RxConfig()           Downloading "mission.cfg" from host.
(Sep 30 2025 06:08:23,   55472 sec) RxConfig()           Download successful: [bytes:83, sec:16.8, bps:5]
(Sep 30 2025 06:08:27,   55476 sec) WriteVitals_()       Writing vitals to "23808.008.msg".
(Sep 30 2025 06:08:38,   55487 sec) UpLoadFile()         Uploading "23808.008.msg" to host.
(Sep 30 2025 06:10:01,   55570 sec) UpLoadFile()         Upload successful: [bytes:13466, sec:83.2, bps:162]
(Sep 30 2025 06:10:02,   55571 sec) fmove()              Moved: 23808.008.msg -> archive/23808.008.msg
(Sep 30 2025 06:10:06,   55575 sec) UpLoadFile()         Uploading "23808.008.isus" to host.
(Sep 30 2025 06:12:50,   55739 sec) sendline()           Blocking CTS signal, aborting ZMODEM transfer.
(Sep 30 2025 06:12:51,   55740 sec) UpLoadFile()         Upload failed.
(Sep 30 2025 06:14:00,   55809 sec) chat()               Expected string [rz] not received.
(Sep 30 2025 06:14:00,   55809 sec) UpLoadFile()         Failed attempt to execute "rz" on the host.
(Sep 30 2025 06:14:00,   55809 sec) UpLoad()             Files successfully uploaded: 1
(Sep 30 2025 06:14:00,   55809 sec) UpLoad()             Aborting upload: Retry limit [2] exceeded. Upload incomplete.
(Sep 30 2025 06:14:07,   55816 sec) chat()               Expected string [cmd>] not received.
(Sep 30 2025 06:14:07,   55816 sec) logout()             Can't get command prompt.
(Sep 30 2025 06:14:12,   55821 sec) chat()               Expected string [logout] not received.
(Sep 30 2025 06:14:12,   55821 sec) logout()             Attempt to log-out failed.
(Sep 30 2025 06:14:12,   55821 sec) logout()             No carrier detected.
(Sep 30 2025 06:14:12,   55821 sec) Telemetry()          Telemetry cycle complete: PrfId=8 ConnectionAttempts=2  Connections=2
(Sep 30 2025 06:29:28,   56737 sec) AirSystem()          Air-bladder inflation by-passed. Pneumatic Pressure: [158cnt, 18.6psi].
(Sep 30 2025 06:30:02,   56771 sec) GetSurfaceObs()      P/O2,T2,TPhase,RPhase,RawTemp/FSig,BbSig,TSig: 0.1dbars / 248.4uM 25.833C 29.797 8.550 -48.512 / 55,141,535
(Sep 30 2025 06:30:02,   56771 sec) GetSurfaceObs()      P/Ocr: 0.1dbars / 0x8005d2a4 0x7ffecb5b 0x8007af80 0x7ffefab6
(Sep 30 2025 06:30:03,   56772 sec) GpsServices()        GPS almanac is current.
(Sep 30 2025 06:30:03,   56772 sec) GpsServices()        Initiating GPS fix acquisition.
(Sep 30 2025 06:30:14,   56783 sec) gga()                $GPGGA,063030,2734.8358,N,15756.3040,W,6,08,0.9,10.1,M,-5.7,M,,*7C
(Sep 30 2025 06:30:23,   56792 sec) gga()                $GPGGA,063040,2734.8335,N,15756.3074,W,1,08,0.9,0.9,M,-5.7,M,,*49
(Sep 30 2025 06:30:23,   56792 sec) GpsServices()        Profile 8 GPS fix obtained in 20 seconds.
(Sep 30 2025 06:30:24,   56793 sec) GpsServices()                   lon      lat mm/dd/yyyy hhmmss nsat
(Sep 30 2025 06:30:24,   56793 sec) GpsServices()        Fix: -157.9385  27.5806 09/30/2025 063040    8
(Sep 30 2025 06:30:33,   56802 sec) gga()                $GPGGA,063050,2734.8323,N,15756.3076,W,1,08,0.9,0.1,M,-5.7,M,,*45
(Sep 30 2025 06:30:43,   56812 sec) gga()                $GPGGA,063100,2734.8314,N,15756.3068,W,1,08,1.0,-0.7,M,-5.7,M,,*69
(Sep 30 2025 06:30:43,   56812 sec) GpsServices()        APF11 RTC skew (-17s) OK.
(Sep 30 2025 06:30:43,   56812 sec) GpsServices()        GPS services complete.
(Sep 30 2025 06:31:10,   56839 sec) IrGeoLoc()           <x,y,z>=<-5240km,-2124km,2932km> lat=27.567 lon=-157.935 IrSysTime=0xee047499
(Sep 30 2025 06:31:14,   56843 sec) CLogin()             Connecting to primary host.
(Sep 30 2025 06:31:30,   56859 sec) CLogin()             Connection 3 established in 16 seconds.
(Sep 30 2025 06:32:04,   56893 sec) expect()             Attempt to read prompt string [Last login:] failed.
(Sep 30 2025 06:32:04,   56893 sec) login()              Login failed.
(Sep 30 2025 06:32:21,   56910 sec) login()              Login successful.
(Sep 30 2025 06:32:27,   56916 sec) CLogin()             Logged in to host.  [Login required 57 seconds]
(Sep 30 2025 06:32:33,   56922 sec) RxConfig()           Downloading "mission.cfg" from host.
(Sep 30 2025 06:33:03,   56952 sec) RxConfig()           Download successful: [bytes:83, sec:27.6, bps:3]
(Sep 30 2025 06:33:10,   56959 sec) UpLoadFile()         Uploading "23808.008.isus" to host.
(Sep 30 2025 06:33:48,   56997 sec) UpLoadFile()         Upload successful: [bytes:6987, sec:37.9, bps:184]
(Sep 30 2025 06:33:49,   56998 sec) fmove()              Moved: 23808.008.isus -> archive/23808.008.isus
(Sep 30 2025 06:33:53,   57002 sec) UpLoadFile()         Uploading "23808.008.dura" to host.
(Sep 30 2025 06:35:10,   57079 sec) UpLoadFile()         Upload successful: [bytes:11971, sec:77.4, bps:155]
(Sep 30 2025 06:35:11,   57080 sec) fmove()              Moved: 23808.008.dura -> archive/23808.008.dura
(Sep 30 2025 06:35:12,   57081 sec) UpLoad()             Files successfully uploaded: 2
(Sep 30 2025 06:35:12,   57081 sec) UpLoad()             Upload complete.
(Sep 30 2025 06:35:20,   57089 sec) chat()               Expected string [logout] not received.
(Sep 30 2025 06:35:20,   57089 sec) logout()             Attempt to log-out failed.
(Sep 30 2025 06:35:20,   57089 sec) logout()             No carrier detected.
(Sep 30 2025 06:35:20,   57089 sec) Telemetry()          Telemetry cycle complete: PrfId=8 ConnectionAttempts=3  Connections=3
(Sep 30 2025 06:35:20,   57089 sec) TelemetryTerminate() Parsing new mission configuration.
(Sep 30 2025 06:35:21,   57090 sec) configure()          Parsing configurators in "mission.cfg".
(Sep 30 2025 06:35:21,   57090 sec) configure()             TelemetryRetry(15)      [0x7BBC] [TelemetryRetry(15)].
(Sep 30 2025 06:35:21,   57090 sec) configure()             DeepProfilePistonPos(9) [CRC=0xFF37] [DeepProfilePistonPos(9)].
(Sep 30 2025 06:35:21,   57090 sec) configure()             DeepProfilePressure(2025) [CRC=0x5FF2] [ProfilePressure(2025)].
(Sep 30 2025 06:35:22,   57091 sec) configure()          Configuration CRCs and syntax OK.
(Sep 30 2025 06:35:22,   57091 sec) ConfigSupervisor()   Sanity check violated: cfg->TimeDeepProfileDescent >= (cfg->PressureProfile-cfg->PressurePark)/dPdt
(Sep 30 2025 06:35:22,   57091 sec) ConfigSupervisor()   Configuration accepted.
(Sep 30 2025 06:35:22,   57091 sec) TelemetryTerminate() Reconditioning the file system.
(Sep 30 2025 06:35:24,       0 sec) DescentInit()        Deep profile 9 initiated at mission-time 57093sec.
(Sep 30 2025 06:35:25,       1 sec) DescentInit()        Surface pressure: 0.1dbars.
(Sep 30 2025 06:35:25,       1 sec) DescentInit()        Charge consumption model: OCV:15.1V Wake-Cycles:11034 Standby:8.6days Wake:9.6kC Sleep:0.9kC
(Sep 30 2025 06:35:37,      13 sec) DescentInit()        Pneumatic humidity: 2897(60.4%) -> 2902(60.6%)
(Sep 30 2025 06:35:37,      13 sec) PistonMoveAbsWTO()    203->069 202 201 200 199 198 197 196 195 194 193 192 191 190 189 188 187 186 185 184 183 182 181 180 179 178 177 176 175 174 173 172 171 170 169 168 167 166 165 164 163 162 161 160 159 158 157 156 155 154 153 152 151 150 149 148 147 146 145 144 143 142 141 140 139 138 137 136 135 134 133 132 131 130 129 128 127 126 125 124 123 122 121 120 119 118 117 116 115 114 113 112 111 110 109 108 107 106 105 104 103 102 101 100 099 098 097 096 095 094 093 092 091 090 089 088 087 086 085 084 083 082 081 080 079 078 077 076 075 074 073 072 071 070 069 [652sec, 15.0Volts, 0.129Amps, CPT:652sec]
(Sep 30 2025 06:46:33,     669 sec) DescentInit()        Air solenoid open: Barometer [210cnt,  12.3psi]  Pneumometer [108cnt,  12.6psi]
(Sep 30 2025 06:46:43,     679 sec) Descent()            Pressure: 50.4
(Sep 30 2025 07:35:24,    3600 sec) Descent()            Pressure: 433.5
(Sep 30 2025 08:35:24,    7200 sec) Descent()            Pressure: 713.9
(Sep 30 2025 09:35:24,   10800 sec) Descent()            Pressure: 787.7
(Sep 30 2025 10:35:24,   14400 sec) Descent()            Pressure: 799.8
(Sep 30 2025 10:35:25,   14401 sec) ParkInit()           Charge consumption model: OCV:15.5V Wake-Cycles:11039 Standby:8.8days Wake:9.8kC Sensors:0.9kC
(Sep 30 2025 13:35:56,   25232 sec) CtdPower()           [  797.18,  4.5149, 34.2258]
(Sep 30 2025 13:35:56,   25232 sec) CtdPower()           CTD Power consumption [219VCnt 3ACnt]: 15.412Volts * 0.012Amps = 0.18Watts.
(Sep 30 2025 13:36:02,   25238 sec) ParkTerminate()      Piston Position:69 Vacuum:191 HumidityAd12:4094(inf%) Vq:220 Aq:2 Vsbe:219 Asbe:3 Vflbb:217 Aflbb:11 Vopt:217 Aopt:13 Vocr:218 Aocr:7 MuxTemp:4.619C MuxHumidity:6.4%
(Sep 30 2025 13:36:32,   25268 sec) ParkTerminate()      PTS/O2,T2,TPhase,RawTemp: 797.3dbars 4.5148C 34.2253PSU / 36.1uM 4.508C 56.966 8.151 641.905
(Sep 30 2025 13:36:32,   25268 sec) ParkTerminate()      FLBB FSig, BbSig, TSig: 54, 113, 571 / Ocr: nan nan nan nan
(Sep 30 2025 13:36:33,   25269 sec) GoDeepInit()         Charge consumption model: OCV:15.4V Wake-Cycles:11042 Standby:8.9days Wake:9.8kC Sensors:0.9kC
(Sep 30 2025 13:36:33,   25269 sec) GoDeepInit()         Moving piston.
(Sep 30 2025 13:36:33,   25269 sec) PistonMoveAbsWTO()    069->009 068 067 066 065 064 063 062 061 060 059 058 057 056 055 054 053 052 051 050 049 048 047 046 045 044 043 042 041 040 039 038 037 036 035 034 033 032 031 030 029 028 027 026 025 024 023 022 021 020 019 018 017 016 015 014 013 012 011 010 009 [297sec, 14.9Volts, 0.062Amps, CPT:949sec]
(Sep 30 2025 15:35:24,   32400 sec) ProfileInit()        Charge consumption model: OCV:15.5V Wake-Cycles:11065 Standby:9.0days Wake:9.8kC Sensors:0.9kC
(Sep 30 2025 15:35:24,   32400 sec) ProfileInit()        PrfId:009  Pressure:1528.7dbar  pTable[5]:1500dbar
(Sep 30 2025 15:35:26,   32402 sec) ProfileInit()        Muxer PPIs K{1,2} quiescent: 15.42V, 0.0mA, 0.0mW
(Sep 30 2025 15:35:30,   32406 sec) ProfileInit()        ISUS powered up.
(Sep 30 2025 15:35:33,   32409 sec) ProfileInit()        Muxer PPIs K{1,2} w/ ISUS awake: 15.24V, 46.7mA, 711.5mW
(Sep 30 2025 15:35:40,   32416 sec) MscErrorLog_()       No error records to log.
(Sep 30 2025 15:35:47,   32423 sec) ProfileInit()        DURA powered up.
(Sep 30 2025 15:35:50,   32426 sec) ProfileInit()        Muxer PPIs K{1,2} w/ DURA awake: 15.21V, 48.1mA, 731.7mW
(Sep 30 2025 15:35:56,   32432 sec) MscErrorLog_()       No error records to log.
(Sep 30 2025 15:36:01,   32437 sec) PistonMoveAbsWTO()    009->031 010 011 012 013 014 [30sec, 14.6Volts, 0.516Amps, CPT:979sec]
(Sep 30 2025 15:36:42,   32478 sec) PistonMoveAbsWTO()    015->031 016 017 018 019 020 [30sec, 14.4Volts, 0.513Amps, CPT:1009sec]
(Sep 30 2025 15:37:23,   32519 sec) PistonMoveAbsWTO()    020->031 021 022 023 024 025 [30sec, 14.3Volts, 0.513Amps, CPT:1039sec]
(Sep 30 2025 15:38:04,   32560 sec) PistonMoveAbsWTO()    025->031 026 027 028 029 030 [30sec, 14.2Volts, 0.507Amps, CPT:1069sec]
(Sep 30 2025 15:38:45,   32601 sec) PistonMoveAbsWTO()    030->031 031 [1sec, 14.3Volts, 0.531Amps, CPT:1070sec]
(Sep 30 2025 15:44:29,   32945 sec) Profile()            Sample 0 initiated at 1501.1dbars for bin 5 [1500dbars].  PTS/O2,T2,TPhase,RPhase,RawTemp/NO3/pH/FSig,BbSig,TSig/Ocr: 1499.2dbars 2.8276C 34.5482PSU / 72.5uM 2.822C 53.288 8.135 693.317 / 42.0uM / -0.884528V /   54  112  573 / nan nan nan nan
(Sep 30 2025 15:50:34,   33310 sec) AscentControlAgent() Bouyancy nudge to 41 (v=0.071dbar/sec).
(Sep 30 2025 15:50:34,   33310 sec) PistonMoveAbsWTO()    031->041 032 033 034 035 036 [30sec, 14.5Volts, 0.495Amps, CPT:1100sec]
(Sep 30 2025 15:51:15,   33351 sec) PistonMoveAbsWTO()    036->041 037 038 039 040 041 [25sec, 14.4Volts, 0.489Amps, CPT:1125sec]
(Sep 30 2025 16:01:27,   33963 sec) Profile()            Sample 1 initiated at 1401.7dbars for bin 6 [1400dbars].  PTS/O2,T2,TPhase,RPhase,RawTemp/NO3/pH/FSig,BbSig,TSig/Ocr: 1399.6dbars 3.0477C 34.5278PSU / 66.4uM 3.040C 53.843 8.148 686.717 / 42.3uM / -0.884575V /   55  113  573 / nan nan nan nan
(Sep 30 2025 16:20:38,   35114 sec) Profile()            Sample 2 initiated at 1301.4dbars for bin 7 [1300dbars].  PTS/O2,T2,TPhase,RPhase,RawTemp/NO3/pH/FSig,BbSig,TSig/Ocr: 1299.8dbars 3.2569C 34.5097PSU / 61.5uM 3.250C 54.305 8.151 680.338 / 42.5uM / -0.884351V /   55  114  573 / nan nan nan nan
(Sep 30 2025 16:21:57,   35193 sec) AscentControlAgent() Bouyancy nudge to 51 (v=0.075dbar/sec).
(Sep 30 2025 16:21:57,   35193 sec) PistonMoveAbsWTO()    041->051 042 043 044 045 046 [30sec, 14.6Volts, 0.456Amps, CPT:1155sec]
(Sep 30 2025 16:22:38,   35234 sec) PistonMoveAbsWTO()    046->051 047 048 049 050 051 [25sec, 14.4Volts, 0.452Amps, CPT:1180sec]
(Sep 30 2025 16:37:49,   36145 sec) Profile()            Sample 3 initiated at 1201.2dbars for bin 8 [1200dbars].  PTS/O2,T2,TPhase,RPhase,RawTemp/NO3/pH/FSig,BbSig,TSig/Ocr: 1199.3dbars 3.4434C 34.4861PSU / 55.6uM 3.436C 54.896 8.155 674.681 / 42.9uM / -0.884140V /   53  115  572 / nan nan nan nan
(Sep 30 2025 16:48:08,   36764 sec) AscentControlAgent() Bouyancy nudge to 61 (v=0.076dbar/sec).
(Sep 30 2025 16:48:08,   36764 sec) PistonMoveAbsWTO()    051->061 052 053 054 055 056 [30sec, 14.7Volts, 0.419Amps, CPT:1210sec]
(Sep 30 2025 16:48:49,   36805 sec) PistonMoveAbsWTO()    056->061 057 058 059 060 061 [23sec, 14.5Volts, 0.421Amps, CPT:1233sec]
(Sep 30 2025 16:56:58,   37294 sec) Profile()            Sample 4 initiated at 1101.4dbars for bin 9 [1100dbars].  PTS/O2,T2,TPhase,RPhase,RawTemp/NO3/pH/FSig,BbSig,TSig/Ocr: 1099.6dbars 3.6550C 34.4539PSU / 47.9uM 3.647C 55.725 8.157 668.263 / 43.3uM / -0.884072V /   55  114  572 / nan nan nan nan
(Sep 30 2025 17:06:44,   37880 sec) PistonMoveAbsWTO()    060->061 061 [1sec, 14.8Volts, 0.448Amps, CPT:1234sec]
(Sep 30 2025 17:08:36,   37992 sec) AscentControlAgent() Bouyancy nudge to 71 (v=0.077dbar/sec).
(Sep 30 2025 17:08:36,   37992 sec) PistonMoveAbsWTO()    061->071 062 063 064 065 066 [30sec, 14.7Volts, 0.405Amps, CPT:1264sec]
(Sep 30 2025 17:09:17,   38033 sec) PistonMoveAbsWTO()    066->071 067 068 069 070 071 [23sec, 14.5Volts, 0.402Amps, CPT:1287sec]
(Sep 30 2025 17:10:47,   38123 sec) PistonMoveAbsWTO()    070->071 071 [1sec, 14.6Volts, 0.435Amps, CPT:1288sec]
(Sep 30 2025 17:15:48,   38424 sec) Profile()            Sample 5 initiated at 1001.5dbars for bin 10 [1000dbars].  PTS/O2,T2,TPhase,RPhase,RawTemp/NO3/pH/FSig,BbSig,TSig/Ocr: 999.3dbars 3.8775C 34.3953PSU / 37.2uM 3.870C 56.986 8.162 661.468 / 43.7uM / -0.884480V /   55  114  572 / nan nan nan nan
(Sep 30 2025 17:18:47,   38603 sec) Sbe41cpStartCP()     Continuous profile started.
(Sep 30 2025 17:23:26,   38882 sec) Profile()            Sample 6 initiated at 951.8dbars for bin 11 [950dbars].  PTS/O2,T2,TPhase,RPhase,RawTemp/NO3/pH/FSig,BbSig,TSig/Ocr: 951.7dbars 3.9869C 34.3599PSU / 32.1uM 3.979C 57.624 8.166 658.137 / 43.8uM / -0.884724V /   55  114  572 / nan nan nan nan
(Sep 30 2025 17:32:17,   39413 sec) Profile()            Sample 7 initiated at 901.8dbars for bin 12 [900dbars].  PTS/O2,T2,TPhase,RPhase,RawTemp/NO3/pH/FSig,BbSig,TSig/Ocr: 901.8dbars 4.0904C 34.3274PSU / 29.9uM 4.084C 57.888 8.170 654.913 / 43.8uM / -0.884539V /   55  114  571 / nan nan nan nan
(Sep 30 2025 17:39:04,   39820 sec) AscentControlAgent() Bouyancy nudge to 81 (v=0.068dbar/sec).
(Sep 30 2025 17:39:04,   39820 sec) PistonMoveAbsWTO()    071->081 072 073 074 075 076 [30sec, 14.6Volts, 0.369Amps, CPT:1318sec]
(Sep 30 2025 17:39:45,   39861 sec) PistonMoveAbsWTO()    076->081 077 078 079 080 081 [24sec, 14.4Volts, 0.360Amps, CPT:1342sec]
(Sep 30 2025 17:43:19,   40075 sec) Profile()            Sample 8 initiated at 851.3dbars for bin 13 [850dbars].  PTS/O2,T2,TPhase,RPhase,RawTemp/NO3/pH/FSig,BbSig,TSig/Ocr: 851.2dbars 4.2338C 34.2866PSU / 29.5uM 4.226C 57.912 8.170 650.566 / 43.7uM / -0.884254V /   56  114  571 / nan nan nan nan
(Sep 30 2025 17:53:10,   40666 sec) Profile()            Sample 9 initiated at 801.6dbars for bin 14 [800dbars].  PTS/O2,T2,TPhase,RPhase,RawTemp/NO3/pH/FSig,BbSig,TSig/Ocr: 801.5dbars 4.5084C 34.2327PSU / 32.0uM 4.501C 57.511 8.175 642.119 / 43.1uM / -0.883625V /   54  115  571 / nan nan nan nan
(Sep 30 2025 17:54:30,   40746 sec) AscentControlAgent() Bouyancy nudge to 91 (v=0.080dbar/sec).
(Sep 30 2025 17:54:30,   40746 sec) PistonMoveAbsWTO()    081->091 082 083 084 085 086 [30sec, 14.5Volts, 0.343Amps, CPT:1372sec]
(Sep 30 2025 17:55:11,   40787 sec) PistonMoveAbsWTO()    086->091 087 088 089 090 091 [24sec, 14.4Volts, 0.332Amps, CPT:1396sec]
(Sep 30 2025 18:01:44,   41180 sec) Profile()            Sample 10 initiated at 751.3dbars for bin 15 [750dbars].  PTS/O2,T2,TPhase,RPhase,RawTemp/NO3/pH/FSig,BbSig,TSig/Ocr: 751.2dbars 4.7181C 34.1774PSU / 41.3uM 4.709C 56.235 8.178 635.728 / 42.2uM / -0.882330V /   55  116  571 / nan nan nan nan
(Sep 30 2025 18:11:00,   41736 sec) Profile()            Sample 11 initiated at 701.2dbars for bin 16 [700dbars].  PTS/O2,T2,TPhase,RPhase,RawTemp/NO3/pH/FSig,BbSig,TSig/Ocr: 701.1dbars 4.9903C 34.1354PSU / 52.1uM 4.983C 54.807 8.186 627.286 / 41.1uM / -0.880886V /   54  117  570 / nan nan nan nan
(Sep 30 2025 18:14:53,   41969 sec) AscentControlAgent() Bouyancy nudge to 101 (v=0.072dbar/sec).
(Sep 30 2025 18:14:53,   41969 sec) PistonMoveAbsWTO()    091->101 092 093 094 095 096 [30sec, 14.6Volts, 0.320Amps, CPT:1426sec]
(Sep 30 2025 18:15:34,   42010 sec) PistonMoveAbsWTO()    096->101 097 098 099 100 101 [23sec, 14.5Volts, 0.314Amps, CPT:1449sec]
(Sep 30 2025 18:20:58,   42334 sec) Profile()            Sample 12 initiated at 651.6dbars for bin 17 [650dbars].  PTS/O2,T2,TPhase,RPhase,RawTemp/NO3/pH/FSig,BbSig,TSig/Ocr: 651.5dbars 5.4387C 34.0747PSU / 72.9uM 5.428C 52.261 8.191 613.494 / 38.9uM / -0.878332V /   54  118  570 / nan nan nan nan
(Sep 30 2025 18:30:46,   42922 sec) Profile()            Sample 13 initiated at 601.9dbars for bin 18 [600dbars].  PTS/O2,T2,TPhase,RPhase,RawTemp/NO3/pH/FSig,BbSig,TSig/Ocr: 601.9dbars 6.0644C 34.0200PSU / 107.4uM 6.052C 48.556 8.204 594.068 / 35.3uM / -0.874094V /   53  122  569 / nan nan nan nan
(Sep 30 2025 18:30:48,   42924 sec) AscentControlAgent() Bouyancy nudge to 111 (v=0.080dbar/sec).
(Sep 30 2025 18:30:48,   42924 sec) PistonMoveAbsWTO()    101->111 102 103 104 105 106 [30sec, 14.6Volts, 0.302Amps, CPT:1479sec]
(Sep 30 2025 18:31:29,   42965 sec) PistonMoveAbsWTO()    106->111 107 108 109 110 111 [23sec, 14.5Volts, 0.296Amps, CPT:1502sec]
(Sep 30 2025 18:39:16,   43432 sec) Profile()            Sample 14 initiated at 551.4dbars for bin 19 [550dbars].  PTS/O2,T2,TPhase,RPhase,RawTemp/NO3/pH/FSig,BbSig,TSig/Ocr: 551.3dbars 6.7943C 34.0012PSU / 141.3uM 6.787C 45.325 8.225 571.073 / 31.6uM / -0.869713V /   53  117  568 / nan nan nan nan
(Sep 30 2025 18:47:59,   43955 sec) Profile()            Sample 15 initiated at 502.0dbars for bin 20 [500dbars].  PTS/O2,T2,TPhase,RPhase,RawTemp/NO3/pH/FSig,BbSig,TSig/Ocr: 501.9dbars 7.8208C 34.0088PSU / 178.3uM 7.810C 42.134 8.250 538.788 / 26.8uM / -0.864418V /   52  119  567 / nan nan nan nan
(Sep 30 2025 18:56:17,   44453 sec) AscentControlAgent() Bouyancy nudge to 121 (v=0.075dbar/sec).
(Sep 30 2025 18:56:17,   44453 sec) PistonMoveAbsWTO()    111->121 112 113 114 115 116 [30sec, 14.7Volts, 0.271Amps, CPT:1532sec]
(Sep 30 2025 18:56:58,   44494 sec) PistonMoveAbsWTO()    116->121 117 118 119 120 121 [22sec, 14.6Volts, 0.266Amps, CPT:1554sec]
(Sep 30 2025 18:58:33,   44589 sec) Profile()            Sample 16 initiated at 451.5dbars for bin 21 [450dbars].  PTS/O2,T2,TPhase,RPhase,RawTemp/NO3/pH/FSig,BbSig,TSig/Ocr: 451.4dbars 8.7704C 34.0346PSU / 213.9uM 8.765C 39.439 8.268 508.442 / 22.1uM / -0.859308V /   51  120  565 / 0x8006ac80 0x80002ddb 0x80089eed 0x7fffd852
(Sep 30 2025 19:07:07,   45103 sec) Profile()            Sample 17 initiated at 401.2dbars for bin 22 [400dbars].  PTS/O2,T2,TPhase,RPhase,RawTemp/NO3/pH/FSig,BbSig,TSig/Ocr: 401.1dbars 9.6611C 34.0868PSU / 233.1uM 9.662C 37.920 8.288 479.720 / 18.8uM / -0.855855V /   51  119  564 / 0x80069be4 0x80000e2d 0x80088352 0x7fffd952
(Sep 30 2025 19:10:44,   45320 sec) Profile()            Sample 18 initiated at 381.9dbars for bin 23 [380dbars].  PTS/O2,T2,TPhase,RPhase,RawTemp/NO3/pH/FSig,BbSig,TSig/Ocr: 381.8dbars 10.0892C 34.1068PSU / 238.4uM 10.082C 37.423 8.293 466.199 / 17.5uM / -0.854491V /   50  122  563 / 0x8006b392 0x80000952 0x80087d09 0x7fffda12
(Sep 30 2025 19:14:54,   45570 sec) Profile()            Sample 19 initiated at 362.0dbars for bin 24 [360dbars].  PTS/O2,T2,TPhase,RPhase,RawTemp/NO3/pH/FSig,BbSig,TSig/Ocr: 361.9dbars 10.6275C 34.1380PSU / 243.2uM 10.624C 36.900 8.308 448.725 / 16.2uM / -0.853203V /   50  118  562 / 0x8006a2ed 0x800009ad 0x80087e36 0x7fffcf12
(Sep 30 2025 19:17:13,   45709 sec) Profile()            Sample 20 initiated at 351.9dbars for bin 25 [350dbars].  PTS/O2,T2,TPhase,RPhase,RawTemp/NO3/pH/FSig,BbSig,TSig/Ocr: 351.9dbars 11.0666C 34.1672PSU / 244.6uM 11.051C 36.612 8.314 434.929 / 15.2uM / -0.852237V /   51  118  562 / 0x80068bf6 0x7ffff86d 0x80087dd2 0x7fffcced
(Sep 30 2025 19:17:14,   45710 sec) AscentControlAgent() Bouyancy nudge to 131 (v=0.074dbar/sec).
(Sep 30 2025 19:17:15,   45711 sec) PistonMoveAbsWTO()    121->131 122 123 124 125 126 [30sec, 14.7Volts, 0.238Amps, CPT:1584sec]
(Sep 30 2025 19:17:56,   45752 sec) PistonMoveAbsWTO()    126->131 127 128 129 130 131 [22sec, 14.6Volts, 0.238Amps, CPT:1606sec]
(Sep 30 2025 19:19:30,   45846 sec) Profile()            Sample 21 initiated at 341.4dbars for bin 26 [340dbars].  PTS/O2,T2,TPhase,RPhase,RawTemp/NO3/pH/FSig,BbSig,TSig/Ocr: 341.3dbars 11.2752C 34.1780PSU / 245.8uM 11.275C 36.436 8.324 427.643 / 14.6uM / -0.851685V /   50  117  561 / 0x8006a3f6 0x7ffff992 0x800872db 0x7fffc4a4
(Sep 30 2025 19:21:16,   45952 sec) Profile()            Sample 22 initiated at 331.5dbars for bin 27 [330dbars].  PTS/O2,T2,TPhase,RPhase,RawTemp/NO3/pH/FSig,BbSig,TSig/Ocr: 331.4dbars 11.5309C 34.1963PSU / 246.7uM 11.527C 36.266 8.331 419.466 / 14.1uM / -0.851128V /   50  118  561 / 0x80069940 0x7ffffdd2 0x80087064 0x7fffba40
(Sep 30 2025 19:23:02,   46058 sec) Profile()            Sample 23 initiated at 321.6dbars for bin 28 [320dbars].  PTS/O2,T2,TPhase,RPhase,RawTemp/NO3/pH/FSig,BbSig,TSig/Ocr: 321.6dbars 11.8034C 34.2166PSU / 246.9uM 11.797C 36.118 8.341 410.694 / 13.6uM / -0.850510V /   50  117  561 / 0x8006939b 0x7fffd5ad 0x80087e64 0x7fffc4db
(Sep 30 2025 19:24:49,   46165 sec) Profile()            Sample 24 initiated at 311.9dbars for bin 29 [310dbars].  PTS/O2,T2,TPhase,RPhase,RawTemp/NO3/pH/FSig,BbSig,TSig/Ocr: 311.8dbars 12.2584C 34.2419PSU / 246.3uM 12.239C 35.923 8.348 396.330 / 12.7uM / -0.849741V /   50  119  560 / 0x80068d24 0x7fffece4 0x8008795b 0x7fffb91b
(Sep 30 2025 19:26:07,   46243 sec) PistonMoveAbsWTO()    130->131 131 [1sec, 14.8Volts, 0.268Amps, CPT:1607sec]
(Sep 30 2025 19:26:58,   46294 sec) Profile()            Sample 25 initiated at 301.0dbars for bin 30 [300dbars].  PTS/O2,T2,TPhase,RPhase,RawTemp/NO3/pH/FSig,BbSig,TSig/Ocr: 300.9dbars 12.5791C 34.2721PSU / 246.1uM 12.578C 35.763 8.357 385.259 / 12.2uM / -0.849034V /   50  117  560 / 0x80069180 0x7fffedc0 0x80087249 0x7fffba09
(Sep 30 2025 19:28:44,   46400 sec) Profile()            Sample 26 initiated at 291.9dbars for bin 31 [290dbars].  PTS/O2,T2,TPhase,RPhase,RawTemp/NO3/pH/FSig,BbSig,TSig/Ocr: 291.9dbars 12.8601C 34.2935PSU / 246.8uM 12.886C 35.577 8.360 375.195 / 11.2uM / -0.848140V /   50  118  559 / 0x80069eed 0x7ffff7e4 0x800866b6 0x7fffb15b
(Sep 30 2025 19:30:53,   46529 sec) Profile()            Sample 27 initiated at 281.4dbars for bin 32 [280dbars].  PTS/O2,T2,TPhase,RPhase,RawTemp/NO3/pH/FSig,BbSig,TSig/Ocr: 281.3dbars 13.3302C 34.3199PSU / 251.2uM 13.321C 35.147 8.366 360.966 / 10.2uM / -0.847343V /   50  150  559 / 0x80068709 0x7fffea52 0x80087089 0x7fffbb6d
(Sep 30 2025 19:33:01,   46657 sec) Profile()            Sample 28 initiated at 271.4dbars for bin 33 [270dbars].  PTS/O2,T2,TPhase,RPhase,RawTemp/NO3/pH/FSig,BbSig,TSig/Ocr: 271.4dbars 13.4347C 34.3291PSU / 252.2uM 13.437C 35.041 8.371 357.188 / 10.0uM / -0.847034V /   50  120  558 / 0x8006785b 0x7fffe540 0x80087589 0x7fffa709
(Sep 30 2025 19:33:46,   46702 sec) AscentControlAgent() Bouyancy nudge to 141 (v=0.077dbar/sec).
(Sep 30 2025 19:33:47,   46703 sec) PistonMoveAbsWTO()    131->141 132 133 134 135 136 137 [30sec, 14.7Volts, 0.218Amps, CPT:1637sec]
(Sep 30 2025 19:35:07,   46783 sec) Profile()            Sample 29 initiated at 262.0dbars for bin 34 [260dbars].  PTS/O2,T2,TPhase,RPhase,RawTemp/NO3/pH/FSig,BbSig,TSig/Ocr: 261.9dbars 13.6475C 34.3437PSU / 252.3uM 13.643C 34.932 8.373 350.425 / 9.5uM / -0.846578V /   50  117  558 / 0x80067bdb 0x7fffe02d 0x80087d6d 0x7fffae76
(Sep 30 2025 19:35:08,   46784 sec) PistonMoveAbsWTO()    137->141 138 139 140 141 [21sec, 14.6Volts, 0.223Amps, CPT:1658sec]
(Sep 30 2025 19:37:03,   46899 sec) Profile()            Sample 30 initiated at 250.9dbars for bin 35 [250dbars].  PTS/O2,T2,TPhase,RPhase,RawTemp/NO3/pH/FSig,BbSig,TSig/Ocr: 250.8dbars 13.8819C 34.3686PSU / 253.4uM 13.887C 34.763 8.377 342.441 / 9.2uM / -0.845829V /   50  120  557 / 0x8006855b 0x7fffd9c9 0x8008a5e4 0x7fffad49
(Sep 30 2025 19:38:38,   46994 sec) Profile()            Sample 31 initiated at 241.4dbars for bin 36 [240dbars].  PTS/O2,T2,TPhase,RPhase,RawTemp/NO3/pH/FSig,BbSig,TSig/Ocr: 241.4dbars 14.1746C 34.3910PSU / 254.1uM 14.186C 34.586 8.382 332.633 / 8.5uM / -0.845311V /   51  119  557 / 0x80067392 0x7fffe409 0x8008a509 0x7fffaae4
(Sep 30 2025 19:40:25,   47101 sec) Profile()            Sample 32 initiated at 231.3dbars for bin 37 [230dbars].  PTS/O2,T2,TPhase,RPhase,RawTemp/NO3/pH/FSig,BbSig,TSig/Ocr: 231.3dbars 14.7046C 34.4273PSU / 252.1uM 14.693C 34.435 8.387 315.988 / 7.7uM / -0.844733V /   52  117  556 / 0x800663c9 0x7ffff724 0x8008d064 0x7fffae2d
(Sep 30 2025 19:42:11,   47207 sec) Profile()            Sample 33 initiated at 221.7dbars for bin 38 [220dbars].  PTS/O2,T2,TPhase,RPhase,RawTemp/NO3/pH/FSig,BbSig,TSig/Ocr: 221.6dbars 14.8348C 34.4410PSU / 252.6uM 14.838C 34.340 8.394 311.217 / 7.0uM / -0.843907V /   52  119  556 / 0x800665ed 0x80000ce4 0x80092b92 0x7fff9fb6
(Sep 30 2025 19:43:57,   47313 sec) Profile()            Sample 34 initiated at 212.0dbars for bin 39 [210dbars].  PTS/O2,T2,TPhase,RPhase,RawTemp/NO3/pH/FSig,BbSig,TSig/Ocr: 211.9dbars 15.2195C 34.4559PSU / 261.2uM 15.234C 33.750 8.398 298.180 / 5.9uM / -0.842834V /   55  123  556 / 0x800673c0 0x80001752 0x80093ba4 0x7fffa39b
(Sep 30 2025 19:45:55,   47431 sec) Profile()            Sample 35 initiated at 201.5dbars for bin 40 [200dbars].  PTS/O2,T2,TPhase,RPhase,RawTemp/NO3/pH/FSig,BbSig,TSig/Ocr: 201.4dbars 15.9865C 34.5388PSU / 257.9uM 15.970C 33.555 8.403 273.957 / 5.3uM / -0.842189V /   56  119  555 / 0x80066e00 0x7fffd1b6 0x8008eb92 0x7fff8e9b
(Sep 30 2025 19:47:52,   47548 sec) Profile()            Sample 36 initiated at 191.4dbars for bin 41 [190dbars].  PTS/O2,T2,TPhase,RPhase,RawTemp/NO3/pH/FSig,BbSig,TSig/Ocr: 191.4dbars 16.2375C 34.5846PSU / 253.4uM 16.241C 33.640 8.410 265.006 / 6.0uM / -0.842214V /   58  129  554 / 0x8006785b 0x7fffdbb6 0x8008cd2d 0x7fffa224
(Sep 30 2025 19:50:01,   47677 sec) Profile()            Sample 37 initiated at 181.5dbars for bin 42 [180dbars].  PTS/O2,T2,TPhase,RPhase,RawTemp/NO3/pH/FSig,BbSig,TSig/Ocr: 181.4dbars 16.9861C 34.6669PSU / 245.7uM 16.972C 33.664 8.427 240.916 / 4.9uM / -0.841390V /   57  122  554 / 0x8006616d 0x80000949 0x80090d92 0x7fff91c0
(Sep 30 2025 19:52:31,   47827 sec) Profile()            Sample 38 initiated at 171.4dbars for bin 43 [170dbars].  PTS/O2,T2,TPhase,RPhase,RawTemp/NO3/pH/FSig,BbSig,TSig/Ocr: 171.4dbars 17.7013C 34.7623PSU / 239.3uM 17.677C 33.657 8.445 217.643 / 4.9uM / -0.841056V /   63  131  553 / 0x800659c9 0x80006b6d 0x8009b880 0x7fff8d00
(Sep 30 2025 19:55:13,   47989 sec) Profile()            Sample 39 initiated at 161.3dbars for bin 44 [160dbars].  PTS/O2,T2,TPhase,RPhase,RawTemp/NO3/pH/FSig,BbSig,TSig/Ocr: 161.3dbars 18.0630C 34.8081PSU / 237.9uM 18.060C 33.548 8.454 205.025 / 4.6uM / -0.840489V /   63  132  552 / 0x80066280 0x8000a16d 0x800a231b 0x7fff8636
(Sep 30 2025 19:57:43,   48139 sec) Profile()            Sample 40 initiated at 151.8dbars for bin 45 [150dbars].  PTS/O2,T2,TPhase,RPhase,RawTemp/NO3/pH/FSig,BbSig,TSig/Ocr: 151.7dbars 18.5572C 34.8674PSU / 236.4uM 18.542C 33.405 8.449 189.126 / 4.4uM / -0.839788V /   68  133  551 / 0x80066349 0x8000fbed 0x800aea64 0x7fff715b
(Sep 30 2025 20:00:36,   48312 sec) Profile()            Sample 41 initiated at 141.8dbars for bin 46 [140dbars].  PTS/O2,T2,TPhase,RPhase,RawTemp/NO3/pH/FSig,BbSig,TSig/Ocr: 141.7dbars 18.9604C 34.9224PSU / 235.7uM 18.974C 33.243 8.455 174.878 / 4.3uM / -0.839011V /   75  131  550 / 0x80068bad 0x80031fc9 0x800e8252 0x7fff821b
(Sep 30 2025 20:04:57,   48573 sec) Profile()            Sample 42 initiated at 131.6dbars for bin 47 [130dbars].  PTS/O2,T2,TPhase,RPhase,RawTemp/NO3/pH/FSig,BbSig,TSig/Ocr: 131.6dbars 19.7307C 35.0204PSU / 239.8uM 19.717C 32.711 8.470 150.417 / 3.0uM / -0.837742V /   95  145  549 / 0x8006c909 0x800869d2 0x8016c1c0 0x7fff8aa4
(Sep 30 2025 20:09:28,   48844 sec) Profile()            Sample 43 initiated at 121.9dbars for bin 48 [120dbars].  PTS/O2,T2,TPhase,RPhase,RawTemp/NO3/pH/FSig,BbSig,TSig/Ocr: 121.9dbars 19.9265C 35.0406PSU / 241.8uM 19.925C 32.524 8.473 143.595 / 2.6uM / -0.837255V /  100  143  548 / 0x8007ec12 0x80150c92 0x80288ba4 0x7fffc912
(Sep 30 2025 20:09:29,   48845 sec) AscentControlAgent() Bouyancy nudge to 151 (v=0.037dbar/sec).
(Sep 30 2025 20:09:30,   48846 sec) PistonMoveAbsWTO()    141->151 142 143 144 145 146 147 [30sec, 14.9Volts, 0.191Amps, CPT:1688sec]
(Sep 30 2025 20:10:11,   48887 sec) PistonMoveAbsWTO()    147->151 148 149 150 151 [19sec, 14.8Volts, 0.180Amps, CPT:1707sec]
(Sep 30 2025 20:12:05,   49001 sec) Profile()            Sample 44 initiated at 111.5dbars for bin 49 [110dbars].  PTS/O2,T2,TPhase,RPhase,RawTemp/NO3/pH/FSig,BbSig,TSig/Ocr: 111.4dbars 20.0161C 35.0534PSU / 243.0uM 20.020C 32.425 8.472 140.467 / 2.5uM / -0.836906V /   95  147  547 / 0x800a12e4 0x80248309 0x803ace00 0x800016ed
(Sep 30 2025 20:14:02,   49118 sec) Profile()            Sample 45 initiated at 101.5dbars for bin 50 [100dbars].  PTS/O2,T2,TPhase,RPhase,RawTemp/NO3/pH/FSig,BbSig,TSig/Ocr: 101.4dbars 20.5633C 35.0972PSU / 251.8uM 20.548C 31.784 8.477 123.120 / 2.0uM / -0.835322V /  107  140  547 / 0x800e1140 0x80379036 0x804d369b 0x8000a664
(Sep 30 2025 20:15:04,   49180 sec) Profile()            Sample 46 initiated at 96.9dbars for bin 51 [95dbars].  PTS/O2,T2,TPhase,RPhase,RawTemp/NO3/pH/FSig,BbSig,TSig/Ocr: 96.8dbars 20.7802C 35.1101PSU / 257.8uM 20.773C 31.415 8.477 115.722 / 2.0uM / -0.834553V /  115  141  547 / 0x8011e9d2 0x8047c989 0x805bc249 0x80012af6
(Sep 30 2025 20:16:29,   49265 sec) Profile()            Sample 47 initiated at 91.4dbars for bin 52 [90dbars].  PTS/O2,T2,TPhase,RPhase,RawTemp/NO3/pH/FSig,BbSig,TSig/Ocr: 91.4dbars 20.9433C 35.1190PSU / 264.5uM 20.940C 31.053 8.482 110.237 / 2.0uM / -0.834086V /   99  148  546 / 0x80182d12 0x805eda5b 0x806f71c0 0x8001fa89
(Sep 30 2025 20:17:53,   49349 sec) Profile()            Sample 48 initiated at 86.4dbars for bin 53 [85dbars].  PTS/O2,T2,TPhase,RPhase,RawTemp/NO3/pH/FSig,BbSig,TSig/Ocr: 86.4dbars 21.3418C 35.1447PSU / 267.8uM 21.327C 30.751 8.484 97.555 / 1.9uM / -0.833536V /   84  146  546 / 0x80199f09 0x8058c8a4 0x80631d40 0x8001d664
(Sep 30 2025 20:19:28,   49444 sec) Profile()            Sample 49 initiated at 81.8dbars for bin 54 [80dbars].  PTS/O2,T2,TPhase,RPhase,RawTemp/NO3/pH/FSig,BbSig,TSig/Ocr: 81.8dbars 21.4286C 35.1507PSU / 271.9uM 21.426C 30.542 8.487 94.294 / 2.0uM / -0.833297V /   78  146  545 / 0x801b2192 0x8053bde4 0x8059cab6 0x8001ea36
(Sep 30 2025 20:21:14,   49550 sec) Profile()            Sample 50 initiated at 76.7dbars for bin 55 [75dbars].  PTS/O2,T2,TPhase,RPhase,RawTemp/NO3/pH/FSig,BbSig,TSig/Ocr: 76.7dbars 21.9032C 35.1723PSU / 274.3uM 21.881C 30.257 8.490 79.428 / 2.2uM / -0.832667V /   76  147  545 / 0x8028896d 0x8078ca6d 0x80798009 0x8003dbb6
(Sep 30 2025 20:24:06,   49722 sec) Profile()            Sample 51 initiated at 71.9dbars for bin 56 [70dbars].  PTS/O2,T2,TPhase,RPhase,RawTemp/NO3/pH/FSig,BbSig,TSig/Ocr: 71.9dbars 22.3429C 35.1954PSU / 278.6uM 22.336C 29.898 8.502 64.546 / 2.1uM / -0.832184V /   69  160  544 / 0x8033cbc0 0x808e616d 0x808972b6 0x80052ff6
(Sep 30 2025 20:25:13,   49789 sec) AscentControlAgent() Bouyancy nudge to 156 (v=0.026dbar/sec).
(Sep 30 2025 20:25:13,   49789 sec) PistonMoveAbsWTO()    151->156 152 153 154 155 156 [25sec, 14.9Volts, 0.177Amps, CPT:1732sec]
(Sep 30 2025 20:27:12,   49908 sec) Profile()            Sample 52 initiated at 66.5dbars for bin 57 [65dbars].  PTS/O2,T2,TPhase,RPhase,RawTemp/NO3/pH/FSig,BbSig,TSig/Ocr: 66.5dbars 22.7545C 35.2055PSU / 279.3uM 22.721C 29.719 8.505 51.998 / 2.5uM / -0.831833V /   69  151  544 / 0x8061b7e4 0x80f9c712 0x80e4cbc0 0x800c3900
(Sep 30 2025 20:29:09,   50025 sec) Profile()            Sample 53 initiated at 61.9dbars for bin 58 [60dbars].  PTS/O2,T2,TPhase,RPhase,RawTemp/NO3/pH/FSig,BbSig,TSig/Ocr: 61.9dbars 23.4940C 35.2376PSU / 280.3uM 23.412C 29.409 8.525 29.536 / 2.4uM / -0.831250V /   66  153  543 / 0x80548940 0x80c0675b 0x80ae7a92 0x800a83e4
(Sep 30 2025 20:30:16,   50092 sec) AscentControlAgent() Bouyancy nudge to 161 (v=0.033dbar/sec).
(Sep 30 2025 20:30:16,   50092 sec) PistonMoveAbsWTO()    156->161 157 158 159 160 161 [24sec, 14.9Volts, 0.174Amps, CPT:1756sec]
(Sep 30 2025 20:32:26,   50222 sec) Profile()            Sample 54 initiated at 56.7dbars for bin 59 [55dbars].  PTS/O2,T2,TPhase,RPhase,RawTemp/NO3/pH/FSig,BbSig,TSig/Ocr: 56.6dbars 23.7948C 35.2574PSU / 280.1uM 23.780C 29.273 8.526 17.599 / 2.5uM / -0.830939V /   63  153  542 / 0x8099ffdb 0x81455eed 0x811d8ed2 0x8016f0ad
(Sep 30 2025 20:34:34,   50350 sec) Profile()            Sample 55 initiated at 51.7dbars for bin 60 [50dbars].  PTS/O2,T2,TPhase,RPhase,RawTemp/NO3/pH/FSig,BbSig,TSig/Ocr: 51.7dbars 24.1190C 35.2798PSU / 279.0uM 24.115C 29.187 8.531 6.762 / 3.5uM / -0.830667V /   64  150  542 / 0x80f28e1b 0x81cc969b 0x81884040 0x80262764
(Sep 30 2025 20:35:19,   50395 sec) AscentControlAgent() Bouyancy nudge to 166 (v=0.033dbar/sec).
(Sep 30 2025 20:35:19,   50395 sec) PistonMoveAbsWTO()    161->166 162 163 164 165 166 [25sec, 14.9Volts, 0.173Amps, CPT:1781sec]
(Sep 30 2025 20:40:30,   50706 sec) AscentControlAgent() Bouyancy nudge to 171 (v=-0.001dbar/sec).
(Sep 30 2025 20:40:30,   50706 sec) PistonMoveAbsWTO()    166->171 167 168 169 170 171 [25sec, 15.0Volts, 0.175Amps, CPT:1806sec]
(Sep 30 2025 20:43:46,   50902 sec) Profile()            Sample 56 initiated at 47.0dbars for bin 61 [45dbars].  PTS/O2,T2,TPhase,RPhase,RawTemp/NO3/pH/FSig,BbSig,TSig/Ocr: 46.9dbars 26.6387C 35.4027PSU / 254.5uM 26.550C 29.263 8.556 -71.390 / 3.0uM / -0.828759V /   63  148  539 / 0x821836db 0x83c793b6 0x8328f489 0x80632c24
(Sep 30 2025 20:45:37,   51013 sec) AscentControlAgent() Bouyancy nudge to 176 (v=0.012dbar/sec).
(Sep 30 2025 20:45:37,   51013 sec) PistonMoveAbsWTO()    171->176 172 173 174 175 176 [25sec, 15.0Volts, 0.165Amps, CPT:1831sec]
(Sep 30 2025 20:49:59,   51275 sec) Profile()            Sample 57 initiated at 41.7dbars for bin 62 [40dbars].  PTS/O2,T2,TPhase,RPhase,RawTemp/NO3/pH/FSig,BbSig,TSig/Ocr: 41.6dbars 27.0799C 35.4221PSU / 243.8uM 27.085C 29.527 8.564 -88.365 / 2.9uM / -0.828199V /   57  140  537 / 0x8109e2db 0x81adb700 0x8164a936 0x8033711b
(Sep 30 2025 20:50:44,   51320 sec) AscentControlAgent() Bouyancy nudge to 181 (v=0.026dbar/sec).
(Sep 30 2025 20:50:44,   51320 sec) PistonMoveAbsWTO()    176->181 177 178 179 180 181 [26sec, 15.0Volts, 0.165Amps, CPT:1857sec]
(Sep 30 2025 20:52:00,   51396 sec) Profile()            Sample 58 initiated at 36.7dbars for bin 63 [35dbars].  PTS/O2,T2,TPhase,RPhase,RawTemp/NO3/pH/FSig,BbSig,TSig/Ocr: 36.7dbars 27.0811C 35.4221PSU / 243.8uM 27.086C 29.527 8.565 -88.404 / 3.0uM / -0.828083V /   57  141  536 / 0x81291909 0x81cfa324 0x8184bcad 0x80482cad
(Sep 30 2025 20:53:24,   51480 sec) Profile()            Sample 59 initiated at 31.3dbars for bin 64 [30dbars].  PTS/O2,T2,TPhase,RPhase,RawTemp/NO3/pH/FSig,BbSig,TSig/Ocr: 31.2dbars 27.0819C 35.4215PSU / 243.6uM 27.086C 29.537 8.562 -88.418 / 3.0uM / -0.828010V /   58  139  536 / 0x8167f6ad 0x8221fed2 0x81cd3bdb 0x806da680
(Sep 30 2025 20:54:37,   51553 sec) Profile()            Sample 60 initiated at 26.5dbars for bin 65 [25dbars].  PTS/O2,T2,TPhase,RPhase,RawTemp/NO3/pH/FSig,BbSig,TSig/Ocr: 26.4dbars 27.0796C 35.4210PSU / 243.7uM 27.087C 29.530 8.562 -88.447 / 2.9uM / -0.827924V /   55  139  536 / 0x82bea600 0x8426d8e4 0x838dae52 0x81151f49
(Sep 30 2025 20:55:39,   51615 sec) Profile()            Sample 61 initiated at 22.0dbars for bin 66 [20dbars].  PTS/O2,T2,TPhase,RPhase,RawTemp/NO3/pH/FSig,BbSig,TSig/Ocr: 21.9dbars 27.0793C 35.4203PSU / 243.8uM 27.088C 29.527 8.559 -88.477 / 3.0uM / -0.827812V /   57  138  535 / 0x83e5b5ad 0x85be67d2 0x84f4eb80 0x81e50609
(Sep 30 2025 20:56:52,   51688 sec) Profile()            Sample 62 initiated at 16.7dbars for bin 67 [15dbars].  PTS/O2,T2,TPhase,RPhase,RawTemp/NO3/pH/FSig,BbSig,TSig/Ocr: 16.6dbars 27.0784C 35.4209PSU / 243.8uM 27.088C 29.526 8.559 -88.464 / 2.9uM / -0.827693V /   57  141  535 / 0x84e0616d 0x86e9f1ed 0x86020f64 0x82f4bb24
(Sep 30 2025 20:57:54,   51750 sec) Profile()            Sample 63 initiated at 11.8dbars for bin 68 [10dbars].  PTS/O2,T2,TPhase,RPhase,RawTemp/NO3/pH/FSig,BbSig,TSig/Ocr: 11.8dbars 27.0742C 35.4180PSU / 243.9uM 27.085C 29.522 8.559 -88.380 / 2.9uM / -0.827582V /   57  144  535 / 0x85e2ae24 0x880a12f6 0x870a3324 0x845e95a4
(Sep 30 2025 20:58:56,   51812 sec) Profile()            Sample 64 initiated at 7.7dbars for bin 69 [6dbars].  PTS/O2,T2,TPhase,RPhase,RawTemp/NO3/pH/FSig,BbSig,TSig/Ocr: 7.6dbars 27.0682C 35.4181PSU / 244.0uM 27.080C 29.521 8.558 -88.220 / 3.0uM / -0.827419V /   56  138  535 / 0x865bca49 0x88714c92 0x8773fd92 0x857606db
(Sep 30 2025 20:59:53,   51869 sec) SurfaceDetect()      SurfacePressure:0.1dbars Pressure:4.0dbars PistonPosition:181
(Sep 30 2025 20:59:53,   51869 sec) Sbe41cpStopCP()      Continuous profile stopped.
(Sep 30 2025 20:59:57,   51873 sec) PistonMoveAbsWTO()    181->203 182 183 184 185 186 187 188 189 190 191 192 193 194 195 196 197 198 199 200 201 202 203 [107sec, 14.9Volts, 0.160Amps, CPT:1964sec]
(Sep 30 2025 21:01:50,   51986 sec) chat()               Expected string [S>] not received.
(Sep 30 2025 21:03:42,   52098 sec) Sbe41cpBinAverage()  Finished averaging 13279 samples in 107 seconds.
(Sep 30 2025 21:03:47,   52103 sec) Sbe41cpUploadCP_()   Sbe41cpSerNo[20478] NSample[13279] NBin[493]
(Sep 30 2025 21:04:18,   52134 sec) Sbe41cpUploadCP_()   Continuous profile uploaded [493 lines].
(Sep 30 2025 21:04:31,   52147 sec) MscErrorLog_()       No error records to log.
(Sep 30 2025 21:04:42,   52158 sec) MscErrorLog_()       No error records to log.

<EOT>
