(Oct 02 2025 03:56:09,   53275 sec) TelemetryInit()      Profile 11. (Apf11 FwRev: 061125)
(Oct 02 2025 03:56:09,   53275 sec) TelemetryInit()      Charge consumption model: OCV:15.3V Wake-Cycles:15610 Standby:10.2days Wake:12.3kC Sensors:1.2kC
(Oct 02 2025 04:01:24,   53590 sec) GetSurfaceObs()      P/O2,T2,TPhase,RPhase,RawTemp/FSig,BbSig,TSig: 0.2dbars / 244.0uM 27.097C 29.516 8.558 -88.765 / 57,137,535
(Oct 02 2025 04:01:24,   53590 sec) GetSurfaceObs()      P/Ocr: 0.2dbars / 0x8098f2ad 0x80aa2664 0x808d7676 0x805a5cad
(Oct 02 2025 04:01:57,   53623 sec) GetSurfaceObs()      P/O2,T2,TPhase,RPhase,RawTemp/FSig,BbSig,TSig: 0.3dbars / 243.7uM 27.110C 29.522 8.554 -89.150 / 56,138,535
(Oct 02 2025 04:01:57,   53623 sec) GetSurfaceObs()      P/Ocr: 0.3dbars / 0x808cf392 0x809e92c9 0x8082dd6d 0x8054f924
(Oct 02 2025 04:02:30,   53656 sec) GetSurfaceObs()      P/O2,T2,TPhase,RPhase,RawTemp/FSig,BbSig,TSig: 0.1dbars / 243.9uM 27.105C 29.517 8.553 -89.012 / 56,141,535
(Oct 02 2025 04:02:30,   53656 sec) GetSurfaceObs()      P/Ocr: 0.1dbars / 0x8095105b 0x80a67876 0x8088e1f6 0x80567949
(Oct 02 2025 04:03:03,   53689 sec) GetSurfaceObs()      P/O2,T2,TPhase,RPhase,RawTemp/FSig,BbSig,TSig: 0.3dbars / 243.6uM 27.085C 29.536 8.551 -88.364 / 56,135,534
(Oct 02 2025 04:03:04,   53690 sec) GetSurfaceObs()      P/Ocr: 0.3dbars / 0x809aeca4 0x80b2b724 0x808ee264 0x805c8249
(Oct 02 2025 04:06:12,   53878 sec) AirSystem()          Battery [216cnt, 15.2V]  Current [20cnt, 79.6mA]  Pneumometer [158cnt, 18.6psi]  Run-Time [90s]
(Oct 02 2025 04:06:25,   53891 sec) GetSurfaceObs()      P/O2,T2,TPhase,RPhase,RawTemp/FSig,BbSig,TSig: 0.3dbars / 243.2uM 26.259C 29.867 8.549 -62.121 / 55,136,535
(Oct 02 2025 04:06:25,   53891 sec) GetSurfaceObs()      P/Ocr: 0.3dbars / 0x80848ff6 0x80a08e09 0x807ff2ed 0x80487ee4
(Oct 02 2025 04:06:58,   53924 sec) GetSurfaceObs()      P/O2,T2,TPhase,RPhase,RawTemp/FSig,BbSig,TSig: -0.0dbars / 251.0uM 25.346C 29.870 8.547 -32.911 / 56,137,535
(Oct 02 2025 04:06:58,   53924 sec) GetSurfaceObs()      P/Ocr: -0.0dbars / 0x8086baed 0x8094ea6d 0x8082562d 0x80586852
(Oct 02 2025 04:07:32,   53958 sec) GetSurfaceObs()      P/O2,T2,TPhase,RPhase,RawTemp/FSig,BbSig,TSig: -0.1dbars / 248.0uM 26.463C 29.574 8.546 -68.603 / 56,137,535
(Oct 02 2025 04:07:32,   53958 sec) GetSurfaceObs()      P/Ocr: -0.1dbars / 0x807c6b89 0x809da976 0x8081e852 0x804f44c9
(Oct 02 2025 04:08:05,   53991 sec) GetSurfaceObs()      P/O2,T2,TPhase,RPhase,RawTemp/FSig,BbSig,TSig: -0.1dbars / 250.9uM 25.467C 29.825 8.544 -36.793 / 56,137,534
(Oct 02 2025 04:08:05,   53991 sec) GetSurfaceObs()      P/Ocr: -0.1dbars / 0x806c0a2d 0x8086c500 0x806ed392 0x8040eedb
(Oct 02 2025 04:08:38,   54024 sec) GetSurfaceObs()      P/O2,T2,TPhase,RPhase,RawTemp/FSig,BbSig,TSig: 0.1dbars / 248.2uM 25.712C 29.851 8.541 -44.625 / 55,137,535
(Oct 02 2025 04:08:38,   54024 sec) GetSurfaceObs()      P/Ocr: 0.1dbars / 0x8077a9c0 0x809ab936 0x80838dd2 0x8054c22d
(Oct 02 2025 04:09:11,   54057 sec) GetSurfaceObs()      P/O2,T2,TPhase,RPhase,RawTemp/FSig,BbSig,TSig: 0.1dbars / 243.8uM 26.131C 29.887 8.541 -58.044 / 56,139,534
(Oct 02 2025 04:09:11,   54057 sec) GetSurfaceObs()      P/Ocr: 0.1dbars / 0x80713449 0x808ed940 0x807b6276 0x804d0476
(Oct 02 2025 04:09:44,   54090 sec) GetSurfaceObs()      P/O2,T2,TPhase,RPhase,RawTemp/FSig,BbSig,TSig: -0.1dbars / 248.2uM 26.212C 29.660 8.541 -60.613 / 55,139,534
(Oct 02 2025 04:09:44,   54090 sec) GetSurfaceObs()      P/Ocr: -0.1dbars / 0x80675912 0x807d9f6d 0x806d5b49 0x8044f16d
(Oct 02 2025 04:10:18,   54124 sec) GetSurfaceObs()      P/O2,T2,TPhase,RPhase,RawTemp/FSig,BbSig,TSig: -0.0dbars / 244.2uM 26.235C 29.831 8.544 -61.347 / 55,138,534
(Oct 02 2025 04:10:18,   54124 sec) GetSurfaceObs()      P/Ocr: -0.0dbars / 0x8050dbad 0x806035a4 0x8053b0db 0x80326480
(Oct 02 2025 04:10:26,   54132 sec) AirSystem()          Air-bladder inflation by-passed. Pneumatic Pressure: [155cnt, 18.2psi].
(Oct 02 2025 04:11:07,   54173 sec) GetSurfaceObs()      P/O2,T2,TPhase,RPhase,RawTemp/FSig,BbSig,TSig: -0.0dbars / 251.0uM 26.109C 29.579 8.540 -57.329 / 55,137,534
(Oct 02 2025 04:11:07,   54173 sec) GetSurfaceObs()      P/Ocr: -0.0dbars / 0x8065b536 0x8081fb1b 0x806f13db 0x8040ce92
(Oct 02 2025 04:11:09,   54175 sec) GpsServices()        GPS almanac is current.
(Oct 02 2025 04:11:09,   54175 sec) GpsServices()        Initiating GPS fix acquisition.
(Oct 02 2025 04:11:18,   54184 sec) gga()                $GPGGA,041140,2735.5943,N,15756.2836,W,0,00,,,M,,M,,*48
(Oct 02 2025 04:11:28,   54194 sec) gga()                $GPGGA,041150,2735.5943,N,15756.2836,W,0,00,,,M,,M,,*49
(Oct 02 2025 04:11:38,   54204 sec) gga()                $GPGGA,041200,2735.5943,N,15756.2836,W,0,00,,,M,,M,,*4F
(Oct 02 2025 04:11:47,   54213 sec) gga()                $GPGGA,041210,2735.5943,N,15756.2836,W,0,00,,,M,,M,,*4E
(Oct 02 2025 04:11:57,   54223 sec) gga()                $GPGGA,041220,2735.5943,N,15756.2836,W,0,00,,,M,,M,,*4D
(Oct 02 2025 04:12:07,   54233 sec) gga()                $GPGGA,041230,2735.5943,N,15756.2836,W,0,00,,,M,,M,,*4C
(Oct 02 2025 04:12:17,   54243 sec) gga()                $GPGGA,041240,2735.5943,N,15756.2836,W,0,00,,,M,,M,,*4B
(Oct 02 2025 04:12:27,   54253 sec) gga()                $GPGGA,041250,2735.5943,N,15756.2836,W,0,00,,,M,,M,,*4A
(Oct 02 2025 04:12:37,   54263 sec) gga()                $GPGGA,041300,2735.5943,N,15756.2836,W,0,00,,,M,,M,,*4E
(Oct 02 2025 04:12:47,   54273 sec) gga()                $GPGGA,041310,2735.5943,N,15756.2836,W,0,00,,,M,,M,,*4F
(Oct 02 2025 04:12:57,   54283 sec) gga()                $GPGGA,041320,2735.5943,N,15756.2836,W,0,00,,,M,,M,,*4C
(Oct 02 2025 04:13:08,   54294 sec) gga()                $GPGGA,041330,2735.5943,N,15756.2836,W,0,00,,,M,,M,,*4D
(Oct 02 2025 04:13:28,   54314 sec) gga()                $GPGGA,041350,2737.0661,N,15756.0141,W,1,06,1.3,-5.3,M,-5.8,M,,*68
(Oct 02 2025 04:13:28,   54314 sec) GpsServices()        Profile 11 GPS fix obtained in 139 seconds.
(Oct 02 2025 04:13:28,   54314 sec) GpsServices()                   lon      lat mm/dd/yyyy hhmmss nsat
(Oct 02 2025 04:13:28,   54314 sec) GpsServices()        Fix: -157.9336  27.6178 10/02/2025 041350    6
(Oct 02 2025 04:13:38,   54324 sec) gga()                $GPGGA,041400,2737.0669,N,15756.0132,W,1,06,1.3,-5.4,M,-5.8,M,,*61
(Oct 02 2025 04:13:47,   54333 sec) gga()                $GPGGA,041410,2737.0672,N,15756.0116,W,1,07,1.3,-6.5,M,-5.8,M,,*6F
(Oct 02 2025 04:13:48,   54334 sec) GpsServices()        APF11 RTC skew (-22s) OK.
(Oct 02 2025 04:13:48,   54334 sec) GpsServices()        GPS services complete.
(Oct 02 2025 04:14:15,   54361 sec) IrGeoLoc()           <x,y,z>=<-5240km,-2124km,2932km> lat=27.567 lon=-157.935 IrSysTime=0xee17493b
(Oct 02 2025 04:14:19,   54365 sec) CLogin()             Connecting to primary host.
(Oct 02 2025 04:14:45,   54391 sec) CLogin()             Connection 1 established in 26 seconds.
(Oct 02 2025 04:15:21,   54427 sec) expect()             Attempt to read prompt string [Last login:] failed.
(Oct 02 2025 04:15:21,   54427 sec) login()              Login failed.
(Oct 02 2025 04:15:36,   54442 sec) login()              Login successful.
(Oct 02 2025 04:15:50,   54456 sec) CLogin()             Logged in to host.  [Login required 65 seconds]
(Oct 02 2025 04:15:53,   54459 sec) RxConfig()           Downloading "mission.cfg" from host.
(Oct 02 2025 04:16:15,   54481 sec) RxConfig()           Download successful: [bytes:83, sec:19.3, bps:4]
(Oct 02 2025 04:16:19,   54485 sec) WriteVitals_()       Writing vitals to "23808.011.msg".
(Oct 02 2025 04:16:24,   54490 sec) UpLoadFile()         Uploading "23808.011.log" to host.
(Oct 02 2025 04:19:31,   54677 sec) UpLoadFile()         Upload successful: [bytes:42007, sec:187.6, bps:224]
(Oct 02 2025 04:19:32,   54678 sec) fmove()              Moved: 23808.011.log -> archive/23808.011.log
(Oct 02 2025 04:19:41,   54687 sec) UpLoadFile()         Uploading "23808.011.msg" to host.
(Oct 02 2025 04:21:13,   54779 sec) UpLoadFile()         Upload successful: [bytes:22196, sec:92.7, bps:239]
(Oct 02 2025 04:21:15,   54781 sec) fmove()              Moved: 23808.011.msg -> archive/23808.011.msg
(Oct 02 2025 04:21:18,   54784 sec) UpLoadFile()         Uploading "23808.011.isus" to host.
(Oct 02 2025 04:22:48,   54874 sec) UpLoadFile()         Upload successful: [bytes:24398, sec:90.0, bps:271]
(Oct 02 2025 04:22:49,   54875 sec) fmove()              Moved: 23808.011.isus -> archive/23808.011.isus
(Oct 02 2025 04:22:53,   54879 sec) UpLoadFile()         Uploading "23808.011.dura" to host.
(Oct 02 2025 04:23:41,   54927 sec) UpLoadFile()         Upload successful: [bytes:11978, sec:48.4, bps:248]
(Oct 02 2025 04:23:42,   54928 sec) fmove()              Moved: 23808.011.dura -> archive/23808.011.dura
(Oct 02 2025 04:23:44,   54930 sec) UpLoad()             Files successfully uploaded: 4
(Oct 02 2025 04:23:44,   54930 sec) UpLoad()             Upload complete.
(Oct 02 2025 04:23:51,   54937 sec) chat()               Expected string [logout] not received.
(Oct 02 2025 04:23:51,   54937 sec) logout()             Attempt to log-out failed.
(Oct 02 2025 04:23:51,   54937 sec) logout()             No carrier detected.
(Oct 02 2025 04:23:51,   54937 sec) Telemetry()          Telemetry cycle complete: PrfId=11 ConnectionAttempts=1  Connections=1
(Oct 02 2025 04:23:51,   54937 sec) TelemetryTerminate() Parsing new mission configuration.
(Oct 02 2025 04:23:52,   54938 sec) configure()          Parsing configurators in "mission.cfg".
(Oct 02 2025 04:23:52,   54938 sec) configure()             TelemetryRetry(15)      [0x7BBC] [TelemetryRetry(15)].
(Oct 02 2025 04:23:52,   54938 sec) configure()             DeepProfilePistonPos(9) [CRC=0xFF37] [DeepProfilePistonPos(9)].
(Oct 02 2025 04:23:52,   54938 sec) configure()             DeepProfilePressure(2025) [CRC=0x5FF2] [ProfilePressure(2025)].
(Oct 02 2025 04:23:53,   54939 sec) configure()          Configuration CRCs and syntax OK.
(Oct 02 2025 04:23:53,   54939 sec) ConfigSupervisor()   Sanity check violated: cfg->TimeDeepProfileDescent >= (cfg->PressureProfile-cfg->PressurePark)/dPdt
(Oct 02 2025 04:23:53,   54939 sec) ConfigSupervisor()   Configuration accepted.
(Oct 02 2025 04:23:53,   54939 sec) TelemetryTerminate() Reconditioning the file system.
(Oct 02 2025 04:23:55,       0 sec) DescentInit()        Deep profile 12 initiated at mission-time 54941sec.
(Oct 02 2025 04:23:56,       1 sec) DescentInit()        Surface pressure: 0.0dbars.
(Oct 02 2025 04:23:56,       1 sec) DescentInit()        Charge consumption model: OCV:15.0V Wake-Cycles:15611 Standby:10.2days Wake:12.4kC Sleep:1.2kC
(Oct 02 2025 04:24:08,      13 sec) DescentInit()        Pneumatic humidity: 2893(60.3%) -> 2897(60.4%)
(Oct 02 2025 04:24:08,      13 sec) PistonMoveAbsWTO()    203->069 202 201 200 199 198 197 196 195 194 193 192 191 190 189 188 189 188 187 186 185 184 183 182 181 180 179 178 177 176 175 174 173 172 171 170 169 168 167 166 165 164 163 162 161 160 159 158 157 156 155 154 153 152 151 150 149 148 147 146 145 144 143 142 141 140 139 138 137 136 135 134 133 132 131 130 129 128 127 126 125 124 123 122 121 120 119 118 117 116 115 114 113 112 111 110 109 108 107 106 105 104 103 102 101 100 099 098 097 096 095 094 093 092 091 090 089 088 087 086 085 084 083 082 081 080 079 078 077 076 075 074 073 072 071 070 069 [655sec, 15.0Volts, 0.130Amps, CPT:655sec]
(Oct 02 2025 04:35:08,     673 sec) DescentInit()        Air solenoid open: Barometer [209cnt,  12.3psi]  Pneumometer [107cnt,  12.6psi]
(Oct 02 2025 04:35:18,     683 sec) Descent()            Pressure: 61.6
(Oct 02 2025 05:23:55,    3600 sec) Descent()            Pressure: 445.1
(Oct 02 2025 06:23:55,    7200 sec) Descent()            Pressure: 720.0
(Oct 02 2025 07:23:55,   10800 sec) Descent()            Pressure: 787.8
(Oct 02 2025 08:23:55,   14400 sec) Descent()            Pressure: 791.5
(Oct 02 2025 08:23:56,   14401 sec) ParkInit()           Charge consumption model: OCV:15.5V Wake-Cycles:15616 Standby:10.4days Wake:12.6kC Sensors:1.2kC
(Oct 02 2025 11:24:27,   25232 sec) CtdPower()           [  799.40,  4.4859, 34.2278]
(Oct 02 2025 11:24:27,   25232 sec) CtdPower()           CTD Power consumption [219VCnt 3ACnt]: 15.407Volts * 0.012Amps = 0.18Watts.
(Oct 02 2025 11:24:33,   25238 sec) ParkTerminate()      Piston Position:69 Vacuum:191 HumidityAd12:4094(inf%) Vq:220 Aq:2 Vsbe:219 Asbe:3 Vflbb:217 Aflbb:11 Vopt:217 Aopt:13 Vocr:218 Aocr:7 MuxTemp:4.559C MuxHumidity:6.5%
(Oct 02 2025 11:25:03,   25268 sec) ParkTerminate()      PTS/O2,T2,TPhase,RawTemp: 799.4dbars 4.4859C 34.2273PSU / 34.5uM 4.479C 57.183 8.120 642.816
(Oct 02 2025 11:25:03,   25268 sec) ParkTerminate()      FLBB FSig, BbSig, TSig: 55, 113, 571 / Ocr: nan nan nan nan
(Oct 02 2025 11:25:04,   25269 sec) GoDeepInit()         Charge consumption model: OCV:15.4V Wake-Cycles:15619 Standby:10.5days Wake:12.6kC Sensors:1.2kC
(Oct 02 2025 11:25:04,   25269 sec) GoDeepInit()         Moving piston.
(Oct 02 2025 11:25:04,   25269 sec) PistonMoveAbsWTO()    069->009 068 067 066 065 064 063 062 061 060 059 058 057 056 055 054 053 052 051 050 049 048 047 046 045 044 043 042 041 040 039 038 037 036 035 034 033 032 031 030 029 028 027 026 025 024 023 022 021 020 019 018 017 016 015 014 013 012 011 010 009 [296sec, 14.9Volts, 0.069Amps, CPT:951sec]
(Oct 02 2025 13:23:55,   32400 sec) ProfileInit()        Charge consumption model: OCV:15.5V Wake-Cycles:15642 Standby:10.6days Wake:12.7kC Sensors:1.2kC
(Oct 02 2025 13:23:55,   32400 sec) ProfileInit()        PrfId:012  Pressure:1521.5dbar  pTable[5]:1500dbar
(Oct 02 2025 13:23:57,   32402 sec) ProfileInit()        Muxer PPIs K{1,2} quiescent: 15.42V, 0.2mA, 3.1mW
(Oct 02 2025 13:24:01,   32406 sec) ProfileInit()        ISUS powered up.
(Oct 02 2025 13:24:04,   32409 sec) ProfileInit()        Muxer PPIs K{1,2} w/ ISUS awake: 15.24V, 54.7mA, 833.4mW
(Oct 02 2025 13:24:11,   32416 sec) MscErrorLog_()       No error records to log.
(Oct 02 2025 13:24:17,   32422 sec) ProfileInit()        DURA powered up.
(Oct 02 2025 13:24:21,   32426 sec) ProfileInit()        Muxer PPIs K{1,2} w/ DURA awake: 15.22V, 48.9mA, 744.1mW
(Oct 02 2025 13:24:27,   32432 sec) MscErrorLog_()       No error records to log.
(Oct 02 2025 13:24:32,   32437 sec) PistonMoveAbsWTO()    009->031 010 011 012 013 014 015 [30sec, 14.6Volts, 0.519Amps, CPT:981sec]
(Oct 02 2025 13:25:13,   32478 sec) PistonMoveAbsWTO()    015->031 016 017 018 019 020 [30sec, 14.4Volts, 0.512Amps, CPT:1011sec]
(Oct 02 2025 13:25:54,   32519 sec) PistonMoveAbsWTO()    020->031 021 022 023 024 025 [30sec, 14.3Volts, 0.515Amps, CPT:1041sec]
(Oct 02 2025 13:26:35,   32560 sec) PistonMoveAbsWTO()    025->031 026 027 028 029 030 [30sec, 14.2Volts, 0.512Amps, CPT:1071sec]
(Oct 02 2025 13:32:37,   32922 sec) Profile()            Sample 0 initiated at 1501.2dbars for bin 5 [1500dbars].  PTS/O2,T2,TPhase,RPhase,RawTemp/NO3/pH/FSig,BbSig,TSig/Ocr: 1499.5dbars 2.7819C 34.5522PSU / 73.8uM 2.776C 53.170 8.126 694.692 / 42.0uM / -0.884477V /   54  112  573 / nan nan nan nan
(Oct 02 2025 13:35:12,   33077 sec) PistonMoveAbsWTO()    030->031 031 [1sec, 14.6Volts, 0.537Amps, CPT:1072sec]
(Oct 02 2025 13:39:05,   33310 sec) AscentControlAgent() Bouyancy nudge to 41 (v=0.062dbar/sec).
(Oct 02 2025 13:39:05,   33310 sec) PistonMoveAbsWTO()    031->041 032 033 034 035 036 [30sec, 14.5Volts, 0.497Amps, CPT:1102sec]
(Oct 02 2025 13:39:46,   33351 sec) PistonMoveAbsWTO()    036->041 037 038 039 040 041 [25sec, 14.4Volts, 0.491Amps, CPT:1127sec]
(Oct 02 2025 13:50:31,   33996 sec) Profile()            Sample 1 initiated at 1400.8dbars for bin 6 [1400dbars].  PTS/O2,T2,TPhase,RPhase,RawTemp/NO3/pH/FSig,BbSig,TSig/Ocr: 1398.7dbars 2.9805C 34.5344PSU / 67.9uM 2.974C 53.706 8.141 688.714 / 42.3uM / -0.884458V /   54  112  573 / nan nan nan nan
(Oct 02 2025 14:09:08,   35113 sec) Profile()            Sample 2 initiated at 1301.5dbars for bin 7 [1300dbars].  PTS/O2,T2,TPhase,RPhase,RawTemp/NO3/pH/FSig,BbSig,TSig/Ocr: 1299.8dbars 3.1724C 34.5173PSU / 63.4uM 3.165C 54.124 8.142 682.913 / 42.4uM / -0.884202V /   55  113  573 / nan nan nan nan
(Oct 02 2025 14:09:43,   35148 sec) AscentControlAgent() Bouyancy nudge to 51 (v=0.080dbar/sec).
(Oct 02 2025 14:09:43,   35148 sec) PistonMoveAbsWTO()    041->051 042 043 044 045 046 [30sec, 14.6Volts, 0.446Amps, CPT:1157sec]
(Oct 02 2025 14:10:24,   35189 sec) PistonMoveAbsWTO()    046->051 047 048 049 050 051 [26sec, 14.4Volts, 0.450Amps, CPT:1183sec]
(Oct 02 2025 14:26:30,   36155 sec) Profile()            Sample 3 initiated at 1201.7dbars for bin 8 [1200dbars].  PTS/O2,T2,TPhase,RPhase,RawTemp/NO3/pH/FSig,BbSig,TSig/Ocr: 1199.9dbars 3.4199C 34.4910PSU / 57.0uM 3.412C 54.750 8.146 675.414 / 43.0uM / -0.884042V /   55  113  572 / nan nan nan nan
(Oct 02 2025 14:35:21,   36686 sec) AscentControlAgent() Bouyancy nudge to 61 (v=0.074dbar/sec).
(Oct 02 2025 14:35:21,   36686 sec) PistonMoveAbsWTO()    051->061 052 053 054 055 056 [30sec, 14.6Volts, 0.420Amps, CPT:1213sec]
(Oct 02 2025 14:36:02,   36727 sec) PistonMoveAbsWTO()    056->061 057 058 059 060 061 [24sec, 14.5Volts, 0.427Amps, CPT:1237sec]
(Oct 02 2025 14:46:12,   37337 sec) Profile()            Sample 4 initiated at 1101.2dbars for bin 9 [1100dbars].  PTS/O2,T2,TPhase,RPhase,RawTemp/NO3/pH/FSig,BbSig,TSig/Ocr: 1099.3dbars 3.6245C 34.4556PSU / 47.9uM 3.618C 55.733 8.149 669.153 / 43.2uM / -0.884133V /   54  113  572 / nan nan nan nan
(Oct 02 2025 14:56:32,   37957 sec) AscentControlAgent() Bouyancy nudge to 71 (v=0.076dbar/sec).
(Oct 02 2025 14:56:32,   37957 sec) PistonMoveAbsWTO()    061->071 062 063 064 065 066 [30sec, 14.7Volts, 0.402Amps, CPT:1267sec]
(Oct 02 2025 14:57:13,   37998 sec) PistonMoveAbsWTO()    066->071 067 068 069 070 071 [24sec, 14.5Volts, 0.400Amps, CPT:1291sec]
(Oct 02 2025 15:05:00,   38465 sec) Profile()            Sample 5 initiated at 1001.5dbars for bin 10 [1000dbars].  PTS/O2,T2,TPhase,RPhase,RawTemp/NO3/pH/FSig,BbSig,TSig/Ocr: 999.3dbars 3.8574C 34.4025PSU / 37.8uM 3.850C 56.917 8.154 662.079 / 43.7uM / -0.884420V /   55  115  572 / nan nan nan nan
(Oct 02 2025 15:08:11,   38656 sec) Sbe41cpStartCP()     Continuous profile started.
(Oct 02 2025 15:13:12,   38957 sec) Profile()            Sample 6 initiated at 951.1dbars for bin 11 [950dbars].  PTS/O2,T2,TPhase,RPhase,RawTemp/NO3/pH/FSig,BbSig,TSig/Ocr: 951.0dbars 3.9813C 34.3603PSU / 32.0uM 3.974C 57.639 8.158 658.300 / 43.8uM / -0.884808V /   55  114  571 / nan nan nan nan
(Oct 02 2025 15:22:36,   39521 sec) Profile()            Sample 7 initiated at 902.0dbars for bin 12 [900dbars].  PTS/O2,T2,TPhase,RPhase,RawTemp/NO3/pH/FSig,BbSig,TSig/Ocr: 901.9dbars 4.1353C 34.3182PSU / 29.5uM 4.127C 57.934 8.161 653.607 / 43.8uM / -0.884732V /   55  114  571 / nan nan nan nan
(Oct 02 2025 15:26:49,   39774 sec) AscentControlAgent() Bouyancy nudge to 81 (v=0.068dbar/sec).
(Oct 02 2025 15:26:49,   39774 sec) PistonMoveAbsWTO()    071->081 072 073 074 075 076 [30sec, 14.5Volts, 0.364Amps, CPT:1321sec]
(Oct 02 2025 15:27:30,   39815 sec) PistonMoveAbsWTO()    076->081 077 078 079 080 081 [24sec, 14.4Volts, 0.360Amps, CPT:1345sec]
(Oct 02 2025 15:33:16,   40161 sec) Profile()            Sample 8 initiated at 851.9dbars for bin 13 [850dbars].  PTS/O2,T2,TPhase,RPhase,RawTemp/NO3/pH/FSig,BbSig,TSig/Ocr: 851.8dbars 4.2892C 34.2753PSU / 29.8uM 4.281C 57.853 8.164 648.872 / 43.4uM / -0.884332V /   55  116  571 / nan nan nan nan
(Oct 02 2025 15:42:51,   40736 sec) Profile()            Sample 9 initiated at 801.7dbars for bin 14 [800dbars].  PTS/O2,T2,TPhase,RPhase,RawTemp/NO3/pH/FSig,BbSig,TSig/Ocr: 801.6dbars 4.4596C 34.2292PSU / 32.9uM 4.451C 57.402 8.166 643.669 / 43.1uM / -0.883634V /   54  116  571 / nan nan nan nan
(Oct 02 2025 15:52:12,   41297 sec) AscentControlAgent() Bouyancy nudge to 91 (v=0.070dbar/sec).
(Oct 02 2025 15:52:12,   41297 sec) PistonMoveAbsWTO()    081->091 082 083 084 085 086 [30sec, 14.6Volts, 0.332Amps, CPT:1375sec]
(Oct 02 2025 15:52:53,   41338 sec) PistonMoveAbsWTO()    086->091 087 088 089 090 091 [24sec, 14.5Volts, 0.329Amps, CPT:1399sec]
(Oct 02 2025 15:54:04,   41409 sec) Profile()            Sample 10 initiated at 750.7dbars for bin 15 [750dbars].  PTS/O2,T2,TPhase,RPhase,RawTemp/NO3/pH/FSig,BbSig,TSig/Ocr: 750.6dbars 4.7159C 34.1780PSU / 40.1uM 4.706C 56.396 8.172 635.833 / 42.1uM / -0.882525V /   53  116  571 / nan nan nan nan
(Oct 02 2025 16:03:11,   41956 sec) Profile()            Sample 11 initiated at 701.7dbars for bin 16 [700dbars].  PTS/O2,T2,TPhase,RPhase,RawTemp/NO3/pH/FSig,BbSig,TSig/Ocr: 701.6dbars 5.1058C 34.1169PSU / 56.7uM 5.095C 54.219 8.179 623.820 / 40.6uM / -0.880586V /   55  116  570 / nan nan nan nan
(Oct 02 2025 16:07:14,   42199 sec) AscentControlAgent() Bouyancy nudge to 101 (v=0.077dbar/sec).
(Oct 02 2025 16:07:14,   42199 sec) PistonMoveAbsWTO()    091->101 092 093 094 095 096 [30sec, 14.6Volts, 0.317Amps, CPT:1429sec]
(Oct 02 2025 16:07:55,   42240 sec) PistonMoveAbsWTO()    096->101 097 098 099 100 101 [23sec, 14.5Volts, 0.319Amps, CPT:1452sec]
(Oct 02 2025 16:12:34,   42519 sec) Profile()            Sample 12 initiated at 651.4dbars for bin 17 [650dbars].  PTS/O2,T2,TPhase,RPhase,RawTemp/NO3/pH/FSig,BbSig,TSig/Ocr: 651.3dbars 5.4714C 34.0758PSU / 75.9uM 5.463C 51.930 8.186 612.409 / 38.5uM / -0.878102V /   54  118  569 / nan nan nan nan
(Oct 02 2025 16:20:56,   43021 sec) Profile()            Sample 13 initiated at 601.5dbars for bin 18 [600dbars].  PTS/O2,T2,TPhase,RPhase,RawTemp/NO3/pH/FSig,BbSig,TSig/Ocr: 601.4dbars 5.9374C 34.0359PSU / 100.2uM 5.928C 49.285 8.196 597.957 / 36.2uM / -0.874986V /   54  118  569 / nan nan nan nan
(Oct 02 2025 16:27:57,   43442 sec) AscentControlAgent() Bouyancy nudge to 111 (v=0.078dbar/sec).
(Oct 02 2025 16:27:57,   43442 sec) PistonMoveAbsWTO()    101->111 102 103 104 105 106 [30sec, 14.7Volts, 0.287Amps, CPT:1482sec]
(Oct 02 2025 16:28:38,   43483 sec) PistonMoveAbsWTO()    106->111 107 108 109 110 111 [23sec, 14.6Volts, 0.284Amps, CPT:1505sec]
(Oct 02 2025 16:30:54,   43619 sec) Profile()            Sample 14 initiated at 551.7dbars for bin 19 [550dbars].  PTS/O2,T2,TPhase,RPhase,RawTemp/NO3/pH/FSig,BbSig,TSig/Ocr: 551.6dbars 6.6837C 34.0026PSU / 136.3uM 6.680C 45.775 8.213 574.440 / 32.2uM / -0.870462V /   53  119  568 / nan nan nan nan
(Oct 02 2025 16:40:43,   44208 sec) Profile()            Sample 15 initiated at 501.2dbars for bin 20 [500dbars].  PTS/O2,T2,TPhase,RPhase,RawTemp/NO3/pH/FSig,BbSig,TSig/Ocr: 501.1dbars 7.7036C 34.0107PSU / 174.9uM 7.707C 42.415 8.240 542.045 / 27.0uM / -0.864905V /   51  121  567 / nan nan nan nan
(Oct 02 2025 16:43:08,   44353 sec) AscentControlAgent() Bouyancy nudge to 121 (v=0.077dbar/sec).
(Oct 02 2025 16:43:08,   44353 sec) PistonMoveAbsWTO()    111->121 112 113 114 115 116 [30sec, 14.7Volts, 0.269Amps, CPT:1535sec]
(Oct 02 2025 16:43:49,   44394 sec) PistonMoveAbsWTO()    116->121 117 118 119 120 121 [22sec, 14.6Volts, 0.265Amps, CPT:1557sec]
(Oct 02 2025 16:49:50,   44755 sec) Profile()            Sample 16 initiated at 451.8dbars for bin 21 [450dbars].  PTS/O2,T2,TPhase,RPhase,RawTemp/NO3/pH/FSig,BbSig,TSig/Ocr: 451.7dbars 8.8425C 34.0441PSU / 214.4uM 8.835C 39.377 8.263 506.184 / 21.8uM / -0.859024V /   51  121  565 / 0x8006a049 0x80002449 0x800885d2 0x7fffe7c0
(Oct 02 2025 16:58:35,   45280 sec) Profile()            Sample 17 initiated at 401.3dbars for bin 22 [400dbars].  PTS/O2,T2,TPhase,RPhase,RawTemp/NO3/pH/FSig,BbSig,TSig/Ocr: 401.2dbars 9.9715C 34.1038PSU / 237.0uM 9.966C 37.555 8.286 469.944 / 17.9uM / -0.855012V /   51  119  563 / 0x8006b0d2 0x7ffff949 0x80089092 0x7fffca52
(Oct 02 2025 17:02:22,   45507 sec) Profile()            Sample 18 initiated at 381.5dbars for bin 23 [380dbars].  PTS/O2,T2,TPhase,RPhase,RawTemp/NO3/pH/FSig,BbSig,TSig/Ocr: 381.4dbars 10.3099C 34.1245PSU / 240.9uM 10.307C 37.182 8.295 458.966 / 17.1uM / -0.854021V /   51  117  563 / 0x80069d9b 0x7ffffa36 0x80087c40 0x7fffdddb
(Oct 02 2025 17:06:43,   45768 sec) Profile()            Sample 19 initiated at 361.8dbars for bin 24 [360dbars].  PTS/O2,T2,TPhase,RPhase,RawTemp/NO3/pH/FSig,BbSig,TSig/Ocr: 361.7dbars 10.8625C 34.1570PSU / 243.8uM 10.855C 36.752 8.303 441.247 / 15.6uM / -0.852685V /   51  119  562 / 0x80068740 0x7ffff59b 0x80088276 0x7fffd149
(Oct 02 2025 17:09:13,   45918 sec) Profile()            Sample 20 initiated at 351.8dbars for bin 25 [350dbars].  PTS/O2,T2,TPhase,RPhase,RawTemp/NO3/pH/FSig,BbSig,TSig/Ocr: 351.7dbars 11.1311C 34.1757PSU / 245.9uM 11.126C 36.508 8.314 432.488 / 15.1uM / -0.852104V /   50  118  561 / 0x80069880 0x7ffff792 0x80087a00 0x7fffc6e4
(Oct 02 2025 17:09:15,   45920 sec) AscentControlAgent() Bouyancy nudge to 131 (v=0.069dbar/sec).
(Oct 02 2025 17:09:15,   45920 sec) PistonMoveAbsWTO()    121->131 122 123 124 125 126 [30sec, 14.7Volts, 0.246Amps, CPT:1587sec]
(Oct 02 2025 17:09:56,   45961 sec) PistonMoveAbsWTO()    126->131 127 128 129 130 131 [23sec, 14.6Volts, 0.241Amps, CPT:1610sec]
(Oct 02 2025 17:11:32,   46057 sec) Profile()            Sample 21 initiated at 341.9dbars for bin 26 [340dbars].  PTS/O2,T2,TPhase,RPhase,RawTemp/NO3/pH/FSig,BbSig,TSig/Ocr: 341.8dbars 11.3690C 34.1953PSU / 246.9uM 11.362C 36.336 8.319 424.836 / 14.4uM / -0.851427V /   50  117  561 / 0x80068cb6 0x7fffe6b6 0x80087892 0x7fffbcd2
(Oct 02 2025 17:13:28,   46173 sec) Profile()            Sample 22 initiated at 331.0dbars for bin 27 [330dbars].  PTS/O2,T2,TPhase,RPhase,RawTemp/NO3/pH/FSig,BbSig,TSig/Ocr: 330.9dbars 11.6228C 34.2043PSU / 247.6uM 11.622C 36.171 8.327 416.404 / 13.9uM / -0.850974V /   50  117  560 / 0x80068ab6 0x7fffe2c9 0x80086ed2 0x7fffb6db
(Oct 02 2025 17:15:03,   46268 sec) Profile()            Sample 23 initiated at 321.8dbars for bin 28 [320dbars].  PTS/O2,T2,TPhase,RPhase,RawTemp/NO3/pH/FSig,BbSig,TSig/Ocr: 321.7dbars 11.9966C 34.2293PSU / 246.8uM 11.987C 36.025 8.335 404.524 / 13.1uM / -0.850212V /   51  119  560 / 0x80069adb 0x7fffe65b 0x80087cdb 0x7fffc040
(Oct 02 2025 17:16:50,   46375 sec) Profile()            Sample 24 initiated at 311.5dbars for bin 29 [310dbars].  PTS/O2,T2,TPhase,RPhase,RawTemp/NO3/pH/FSig,BbSig,TSig/Ocr: 311.4dbars 12.3818C 34.2597PSU / 249.1uM 12.374C 35.717 8.343 391.920 / 12.2uM / -0.849308V /   50  119  560 / 0x800698c0 0x7fffd56d 0x80086824 0x7fff9eed
(Oct 02 2025 17:18:36,   46481 sec) Profile()            Sample 25 initiated at 301.7dbars for bin 30 [300dbars].  PTS/O2,T2,TPhase,RPhase,RawTemp/NO3/pH/FSig,BbSig,TSig/Ocr: 301.6dbars 12.7421C 34.2851PSU / 250.7uM 12.732C 35.460 8.350 380.237 / 11.4uM / -0.848541V /   51  118  559 / 0x80068cd2 0x7fffd364 0x80086576 0x7fffb45b
(Oct 02 2025 17:20:33,   46598 sec) Profile()            Sample 26 initiated at 291.2dbars for bin 31 [290dbars].  PTS/O2,T2,TPhase,RPhase,RawTemp/NO3/pH/FSig,BbSig,TSig/Ocr: 291.1dbars 13.0841C 34.3133PSU / 252.9uM 13.072C 35.187 8.353 369.133 / 10.4uM / -0.847594V /   51  120  559 / 0x80068ee4 0x7fffe289 0x8008705b 0x7fffb7f6
(Oct 02 2025 17:22:31,   46716 sec) Profile()            Sample 27 initiated at 281.1dbars for bin 32 [280dbars].  PTS/O2,T2,TPhase,RPhase,RawTemp/NO3/pH/FSig,BbSig,TSig/Ocr: 281.1dbars 13.3330C 34.3321PSU / 255.1uM 13.337C 34.950 8.360 360.452 / 10.0uM / -0.847043V /   51  116  559 / 0x80068180 0x7fffd2c0 0x80086c00 0x7fffb376
(Oct 02 2025 17:24:28,   46833 sec) Profile()            Sample 28 initiated at 271.4dbars for bin 33 [270dbars].  PTS/O2,T2,TPhase,RPhase,RawTemp/NO3/pH/FSig,BbSig,TSig/Ocr: 271.4dbars 13.5645C 34.3485PSU / 255.2uM 13.561C 34.836 8.365 353.114 / 9.7uM / -0.846610V /   51  119  558 / 0x80068249 0x7fffce89 0x80086f24 0x7fffb4e4
(Oct 02 2025 17:26:26,   46951 sec) Profile()            Sample 29 initiated at 261.9dbars for bin 34 [260dbars].  PTS/O2,T2,TPhase,RPhase,RawTemp/NO3/pH/FSig,BbSig,TSig/Ocr: 261.8dbars 13.8495C 34.3716PSU / 255.6uM 13.843C 34.678 8.369 343.874 / 9.0uM / -0.846023V /   51  118  558 / 0x80067cad 0x7fffc92d 0x80086b36 0x7fffb664
(Oct 02 2025 17:28:34,   47079 sec) Profile()            Sample 30 initiated at 251.7dbars for bin 35 [250dbars].  PTS/O2,T2,TPhase,RPhase,RawTemp/NO3/pH/FSig,BbSig,TSig/Ocr: 251.6dbars 14.0314C 34.3853PSU / 255.9uM 14.021C 34.581 8.375 338.040 / 8.7uM / -0.845663V /   50  128  557 / 0x80065e76 0x7fffbee4 0x80086c1b 0x7fffae24
(Oct 02 2025 17:30:53,   47218 sec) Profile()            Sample 31 initiated at 241.3dbars for bin 36 [240dbars].  PTS/O2,T2,TPhase,RPhase,RawTemp/NO3/pH/FSig,BbSig,TSig/Ocr: 241.3dbars 14.2693C 34.4035PSU / 255.2uM 14.267C 34.494 8.379 329.983 / 8.3uM / -0.845202V /   51  120  556 / 0x80069992 0x7fffdb5b 0x80086e12 0x7fffa3db
(Oct 02 2025 17:30:54,   47219 sec) AscentControlAgent() Bouyancy nudge to 141 (v=0.076dbar/sec).
(Oct 02 2025 17:30:55,   47220 sec) PistonMoveAbsWTO()    131->141 132 133 134 135 136 137 [30sec, 14.7Volts, 0.212Amps, CPT:1640sec]
(Oct 02 2025 17:31:36,   47261 sec) PistonMoveAbsWTO()    137->141 138 139 140 141 [21sec, 14.7Volts, 0.218Amps, CPT:1661sec]
(Oct 02 2025 17:32:58,   47343 sec) Profile()            Sample 32 initiated at 231.2dbars for bin 37 [230dbars].  PTS/O2,T2,TPhase,RPhase,RawTemp/NO3/pH/FSig,BbSig,TSig/Ocr: 231.1dbars 14.5337C 34.4197PSU / 255.7uM 14.536C 34.341 8.380 321.129 / 7.8uM / -0.844564V /   52  119  556 / 0x80065e36 0x7fffd192 0x8008739b 0x7fff9b6d
(Oct 02 2025 17:34:33,   47438 sec) Profile()            Sample 33 initiated at 222.0dbars for bin 38 [220dbars].  PTS/O2,T2,TPhase,RPhase,RawTemp/NO3/pH/FSig,BbSig,TSig/Ocr: 221.9dbars 14.8746C 34.4503PSU / 256.2uM 14.901C 34.142 8.385 309.134 / 6.8uM / -0.843674V /   53  118  556 / 0x8006892d 0x7fffd876 0x80089d9b 0x7fff915b
(Oct 02 2025 17:36:30,   47555 sec) Profile()            Sample 34 initiated at 211.6dbars for bin 39 [210dbars].  PTS/O2,T2,TPhase,RPhase,RawTemp/NO3/pH/FSig,BbSig,TSig/Ocr: 211.5dbars 15.4101C 34.4761PSU / 260.8uM 15.413C 33.684 8.393 292.289 / 5.7uM / -0.842567V /   55  122  555 / 0x800667ed 0x7fffdfe4 0x8008a149 0x7fff9652
(Oct 02 2025 17:38:39,   47684 sec) Profile()            Sample 35 initiated at 201.6dbars for bin 40 [200dbars].  PTS/O2,T2,TPhase,RPhase,RawTemp/NO3/pH/FSig,BbSig,TSig/Ocr: 201.5dbars 16.0641C 34.5526PSU / 255.8uM 16.055C 33.611 8.399 271.129 / 5.4uM / -0.842287V /   54  121  555 / 0x80066736 0x7fffe6a4 0x8008c0a4 0x7fff8852
(Oct 02 2025 17:40:58,   47823 sec) Profile()            Sample 36 initiated at 191.3dbars for bin 41 [190dbars].  PTS/O2,T2,TPhase,RPhase,RawTemp/NO3/pH/FSig,BbSig,TSig/Ocr: 191.2dbars 16.4265C 34.5972PSU / 251.5uM 16.425C 33.644 8.410 258.959 / 5.0uM / -0.841784V /   56  121  554 / 0x80066e49 0x7ffffa24 0x8008fc9b 0x7fff8f36
(Oct 02 2025 17:43:18,   47963 sec) Profile()            Sample 37 initiated at 181.5dbars for bin 42 [180dbars].  PTS/O2,T2,TPhase,RPhase,RawTemp/NO3/pH/FSig,BbSig,TSig/Ocr: 181.4dbars 17.0076C 34.6618PSU / 248.8uM 16.986C 33.511 8.422 240.448 / 5.3uM / -0.841324V /   58  122  553 / 0x80065892 0x8000285b 0x80097036 0x7fff8b89
(Oct 02 2025 17:45:48,   48113 sec) Profile()            Sample 38 initiated at 171.7dbars for bin 43 [170dbars].  PTS/O2,T2,TPhase,RPhase,RawTemp/NO3/pH/FSig,BbSig,TSig/Ocr: 171.6dbars 17.6054C 34.7475PSU / 240.3uM 17.594C 33.644 8.439 220.405 / 4.6uM / -0.840886V /   60  129  552 / 0x800659ad 0x8000859b 0x8009cc64 0x7fff77d2
(Oct 02 2025 17:48:19,   48264 sec) Profile()            Sample 39 initiated at 161.8dbars for bin 44 [160dbars].  PTS/O2,T2,TPhase,RPhase,RawTemp/NO3/pH/FSig,BbSig,TSig/Ocr: 161.8dbars 17.8518C 34.7862PSU / 243.2uM 17.844C 33.386 8.445 212.153 / 4.9uM / -0.840686V /   64  125  552 / 0x800654c9 0x8000d609 0x800a6b9b 0x7fff7864
(Oct 02 2025 17:50:49,   48414 sec) Profile()            Sample 40 initiated at 151.4dbars for bin 45 [150dbars].  PTS/O2,T2,TPhase,RPhase,RawTemp/NO3/pH/FSig,BbSig,TSig/Ocr: 151.3dbars 18.1013C 34.8187PSU / 237.3uM 18.106C 33.559 8.439 203.501 / 4.8uM / -0.840315V /   62  126  551 / 0x80066c76 0x80015e89 0x800b6589 0x7fff7a36
(Oct 02 2025 17:53:09,   48554 sec) Profile()            Sample 41 initiated at 141.4dbars for bin 46 [140dbars].  PTS/O2,T2,TPhase,RPhase,RawTemp/NO3/pH/FSig,BbSig,TSig/Ocr: 141.4dbars 18.5348C 34.8694PSU / 236.3uM 18.530C 33.415 8.452 189.512 / 4.5uM / -0.839587V /   67  131  550 / 0x80066880 0x80028709 0x800cd71b 0x7fff745b
(Oct 02 2025 17:55:50,   48715 sec) Profile()            Sample 42 initiated at 131.4dbars for bin 47 [130dbars].  PTS/O2,T2,TPhase,RPhase,RawTemp/NO3/pH/FSig,BbSig,TSig/Ocr: 131.4dbars 19.2331C 34.9527PSU / 240.8uM 19.224C 32.883 8.454 166.661 / 3.2uM / -0.838128V /   82  138  549 / 0x8006ad9b 0x8004a924 0x800fcded 0x7fff7c49
(Oct 02 2025 17:59:38,   48943 sec) Profile()            Sample 43 initiated at 121.8dbars for bin 48 [120dbars].  PTS/O2,T2,TPhase,RPhase,RawTemp/NO3/pH/FSig,BbSig,TSig/Ocr: 121.8dbars 19.5134C 34.9903PSU / 242.0uM 19.510C 32.695 8.459 157.224 / 2.8uM / -0.837740V /   90  136  549 / 0x80071652 0x800a2a89 0x80178a92 0x7fff8ac0
(Oct 02 2025 18:01:40,   49065 sec) AscentControlAgent() Bouyancy nudge to 146 (v=0.037dbar/sec).
(Oct 02 2025 18:01:41,   49066 sec) PistonMoveAbsWTO()    141->146 142 143 144 145 146 [24sec, 14.9Volts, 0.178Amps, CPT:1685sec]
(Oct 02 2025 18:03:40,   49185 sec) Profile()            Sample 44 initiated at 111.8dbars for bin 49 [110dbars].  PTS/O2,T2,TPhase,RPhase,RawTemp/NO3/pH/FSig,BbSig,TSig/Ocr: 111.8dbars 19.7501C 35.0224PSU / 243.0uM 19.760C 32.537 8.460 149.006 / 2.8uM / -0.836972V /   97  144  548 / 0x80084b12 0x801358db 0x8022336d 0x7fffc976
(Oct 02 2025 18:06:43,   49368 sec) Profile()            Sample 45 initiated at 102.0dbars for bin 50 [100dbars].  PTS/O2,T2,TPhase,RPhase,RawTemp/NO3/pH/FSig,BbSig,TSig/Ocr: 102.0dbars 20.5676C 35.0893PSU / 258.8uM 20.563C 31.464 8.476 122.618 / 1.7uM / -0.834964V /  109  138  547 / 0x800a1240 0x801be3d2 0x8029e2a4 0x7fffee52
(Oct 02 2025 18:08:30,   49475 sec) Profile()            Sample 46 initiated at 96.8dbars for bin 51 [95dbars].  PTS/O2,T2,TPhase,RPhase,RawTemp/NO3/pH/FSig,BbSig,TSig/Ocr: 96.7dbars 20.5928C 35.0896PSU / 262.6uM 20.592C 31.283 8.474 121.664 / 1.7uM / -0.834653V /  107  140  547 / 0x800b7780 0x802192e4 0x802e7aed 0x80001ddb
(Oct 02 2025 18:10:16,   49581 sec) Profile()            Sample 47 initiated at 91.7dbars for bin 52 [90dbars].  PTS/O2,T2,TPhase,RPhase,RawTemp/NO3/pH/FSig,BbSig,TSig/Ocr: 91.7dbars 20.9890C 35.1212PSU / 265.5uM 20.965C 31.000 8.475 109.411 / 1.8uM / -0.834009V /  103  143  546 / 0x800db409 0x80295924 0x80347289 0x80005209
(Oct 02 2025 18:12:24,   49709 sec) Profile()            Sample 48 initiated at 87.0dbars for bin 53 [85dbars].  PTS/O2,T2,TPhase,RPhase,RawTemp/NO3/pH/FSig,BbSig,TSig/Ocr: 86.9dbars 21.1761C 35.1335PSU / 269.3uM 21.161C 30.756 8.479 102.985 / 1.8uM / -0.833589V /   93  143  546 / 0x80112676 0x80352f6d 0x803ebaed 0x8000c600
(Oct 02 2025 18:17:34,   50019 sec) AscentControlAgent() Bouyancy nudge to 151 (v=0.010dbar/sec).
(Oct 02 2025 18:17:35,   50020 sec) PistonMoveAbsWTO()    146->151 147 148 149 150 151 [24sec, 15.0Volts, 0.181Amps, CPT:1709sec]
(Oct 02 2025 18:19:00,   50105 sec) Profile()            Sample 49 initiated at 81.7dbars for bin 54 [80dbars].  PTS/O2,T2,TPhase,RPhase,RawTemp/NO3/pH/FSig,BbSig,TSig/Ocr: 81.7dbars 21.7570C 35.1625PSU / 274.9uM 21.746C 30.289 8.484 83.841 / 1.9uM / -0.832837V /   77  151  545 / 0x8017d0ad 0x804a9af6 0x80517724 0x8001a3b6
(Oct 02 2025 18:21:08,   50233 sec) Profile()            Sample 50 initiated at 76.8dbars for bin 55 [75dbars].  PTS/O2,T2,TPhase,RPhase,RawTemp/NO3/pH/FSig,BbSig,TSig/Ocr: 76.8dbars 22.0680C 35.1738PSU / 277.2uM 22.056C 30.070 8.489 73.706 / 2.0uM / -0.832498V /   73  157  544 / 0x80221149 0x8066f62d 0x80698036 0x800323a4
(Oct 02 2025 18:22:37,   50322 sec) AscentControlAgent() Bouyancy nudge to 156 (v=0.032dbar/sec).
(Oct 02 2025 18:22:38,   50323 sec) PistonMoveAbsWTO()    151->156 152 153 154 155 156 [25sec, 14.9Volts, 0.169Amps, CPT:1734sec]
(Oct 02 2025 18:23:53,   50398 sec) Profile()            Sample 51 initiated at 71.7dbars for bin 56 [70dbars].  PTS/O2,T2,TPhase,RPhase,RawTemp/NO3/pH/FSig,BbSig,TSig/Ocr: 71.6dbars 22.5865C 35.1959PSU / 279.2uM 22.567C 29.784 8.498 57.025 / 2.1uM / -0.832054V /   68  149  544 / 0x803276db 0x808c8524 0x80875d00 0x80052236
(Oct 02 2025 18:25:28,   50493 sec) Profile()            Sample 52 initiated at 66.9dbars for bin 57 [65dbars].  PTS/O2,T2,TPhase,RPhase,RawTemp/NO3/pH/FSig,BbSig,TSig/Ocr: 66.9dbars 23.0364C 35.2163PSU / 279.7uM 23.001C 29.595 8.505 42.878 / 2.4uM / -0.831645V /   65  152  543 / 0x80484f49 0x80b85fe4 0x80aa4624 0x80083b92
(Oct 02 2025 18:27:25,   50610 sec) Profile()            Sample 53 initiated at 61.8dbars for bin 58 [60dbars].  PTS/O2,T2,TPhase,RPhase,RawTemp/NO3/pH/FSig,BbSig,TSig/Ocr: 61.8dbars 23.5886C 35.2394PSU / 279.9uM 23.525C 29.380 8.518 25.868 / 2.4uM / -0.831188V /   64  151  543 / 0x80676824 0x80f5959b 0x80dc6c2d 0x800d5b64
(Oct 02 2025 18:32:45,   50930 sec) AscentControlAgent() Bouyancy nudge to 161 (v=0.007dbar/sec).
(Oct 02 2025 18:32:45,   50930 sec) PistonMoveAbsWTO()    156->161 157 158 159 160 161 [24sec, 15.0Volts, 0.171Amps, CPT:1758sec]
(Oct 02 2025 18:34:21,   51026 sec) Profile()            Sample 54 initiated at 56.8dbars for bin 59 [55dbars].  PTS/O2,T2,TPhase,RPhase,RawTemp/NO3/pH/FSig,BbSig,TSig/Ocr: 56.8dbars 24.2140C 35.2792PSU / 279.1uM 24.163C 29.167 8.522 5.197 / 2.3uM / -0.830795V /   63  148  541 / 0x80924752 0x81402349 0x81184d52 0x80151d49
(Oct 02 2025 18:37:51,   51236 sec) AscentControlAgent() Bouyancy nudge to 166 (v=0.011dbar/sec).
(Oct 02 2025 18:37:51,   51236 sec) PistonMoveAbsWTO()    161->166 162 163 164 165 166 [25sec, 15.0Volts, 0.162Amps, CPT:1783sec]
(Oct 02 2025 18:41:18,   51443 sec) Profile()            Sample 55 initiated at 51.9dbars for bin 60 [50dbars].  PTS/O2,T2,TPhase,RPhase,RawTemp/NO3/pH/FSig,BbSig,TSig/Ocr: 51.9dbars 25.6455C 35.3668PSU / 268.3uM 25.618C 29.039 8.542 -41.631 / 2.7uM / -0.829823V /   63  156  540 / 0x80f81ae4 0x81e4a740 0x8199b749 0x80255d36
(Oct 02 2025 18:42:58,   51543 sec) AscentControlAgent() Bouyancy nudge to 171 (v=0.019dbar/sec).
(Oct 02 2025 18:42:58,   51543 sec) PistonMoveAbsWTO()    166->171 167 168 169 170 171 [26sec, 15.0Volts, 0.158Amps, CPT:1809sec]
(Oct 02 2025 18:45:09,   51674 sec) Profile()            Sample 56 initiated at 46.9dbars for bin 61 [45dbars].  PTS/O2,T2,TPhase,RPhase,RawTemp/NO3/pH/FSig,BbSig,TSig/Ocr: 46.9dbars 27.0318C 35.4605PSU / 248.2uM 27.003C 29.362 8.558 -85.785 / 3.0uM / -0.828403V /   64  151  539 / 0x816b7589 0x82b22992 0x824517f6 0x80419cb6
(Oct 02 2025 18:48:06,   51851 sec) AscentControlAgent() Bouyancy nudge to 176 (v=0.011dbar/sec).
(Oct 02 2025 18:48:06,   51851 sec) PistonMoveAbsWTO()    171->176 172 173 174 175 176 [24sec, 15.0Volts, 0.159Amps, CPT:1833sec]
(Oct 02 2025 18:51:00,   52025 sec) Profile()            Sample 57 initiated at 41.6dbars for bin 62 [40dbars].  PTS/O2,T2,TPhase,RPhase,RawTemp/NO3/pH/FSig,BbSig,TSig/Ocr: 41.5dbars 27.0557C 35.4590PSU / 243.5uM 27.062C 29.548 8.561 -87.644 / 2.7uM / -0.828230V /   55  142  537 / 0x81a914c9 0x82c81dc0 0x8246bd12 0x80527252
(Oct 02 2025 18:52:35,   52120 sec) Profile()            Sample 58 initiated at 36.8dbars for bin 63 [35dbars].  PTS/O2,T2,TPhase,RPhase,RawTemp/NO3/pH/FSig,BbSig,TSig/Ocr: 36.7dbars 27.0562C 35.4588PSU / 243.1uM 27.064C 29.568 8.557 -87.712 / 2.9uM / -0.828142V /   56  142  536 / 0x81f237a4 0x831fc05b 0x82906692 0x8072cad2
(Oct 02 2025 18:54:10,   52215 sec) Profile()            Sample 59 initiated at 31.6dbars for bin 64 [30dbars].  PTS/O2,T2,TPhase,RPhase,RawTemp/NO3/pH/FSig,BbSig,TSig/Ocr: 31.6dbars 27.0533C 35.4585PSU / 243.0uM 27.061C 29.570 8.558 -87.623 / 2.9uM / -0.827976V /   55  141  536 / 0x82574c92 0x83979cb6 0x82fa0d64 0x80aed4d2
(Oct 02 2025 18:55:45,   52310 sec) Profile()            Sample 60 initiated at 26.7dbars for bin 65 [25dbars].  PTS/O2,T2,TPhase,RPhase,RawTemp/NO3/pH/FSig,BbSig,TSig/Ocr: 26.7dbars 27.0529C 35.4580PSU / 243.2uM 27.063C 29.561 8.555 -87.677 / 2.8uM / -0.827961V /   56  141  536 / 0x82f74309 0x847fd689 0x83cd001b 0x81199cb6
(Oct 02 2025 18:57:20,   52405 sec) Profile()            Sample 61 initiated at 21.7dbars for bin 66 [20dbars].  PTS/O2,T2,TPhase,RPhase,RawTemp/NO3/pH/FSig,BbSig,TSig/Ocr: 21.6dbars 27.0552C 35.4584PSU / 243.1uM 27.067C 29.564 8.554 -87.794 / 3.0uM / -0.827885V /   56  139  536 / 0x83cd3964 0x85b92c24 0x84f0a59b 0x81d47b89
(Oct 02 2025 18:58:55,   52500 sec) Profile()            Sample 62 initiated at 16.9dbars for bin 67 [15dbars].  PTS/O2,T2,TPhase,RPhase,RawTemp/NO3/pH/FSig,BbSig,TSig/Ocr: 16.9dbars 27.0536C 35.4590PSU / 243.4uM 27.074C 29.549 8.556 -88.020 / 2.9uM / -0.827687V /   58  147  535 / 0x8666b7d2 0x8a82eb5b 0x8994955b 0x847d98db
(Oct 02 2025 19:00:30,   52595 sec) Profile()            Sample 63 initiated at 11.8dbars for bin 68 [10dbars].  PTS/O2,T2,TPhase,RPhase,RawTemp/NO3/pH/FSig,BbSig,TSig/Ocr: 11.8dbars 27.0540C 35.4585PSU / 243.5uM 27.078C 29.544 8.550 -88.148 / 2.9uM / -0.827589V /   55  137  535 / 0x88398f40 0x8d55d8b6 0x8c7f9f89 0x87c19a52
(Oct 02 2025 19:01:43,   52668 sec) Profile()            Sample 64 initiated at 7.6dbars for bin 69 [6dbars].  PTS/O2,T2,TPhase,RPhase,RawTemp/NO3/pH/FSig,BbSig,TSig/Ocr: 7.5dbars 27.0529C 35.4580PSU / 243.7uM 27.081C 29.534 8.551 -88.247 / 2.8uM / -0.827455V /   54  138  535 / 0x8a6cbb9b 0x908aad36 0x8fa8971b 0x8bbfd3db
(Oct 02 2025 19:02:18,   52703 sec) SurfaceDetect()      SurfacePressure:0.0dbars Pressure:3.7dbars PistonPosition:176
(Oct 02 2025 19:02:18,   52703 sec) Sbe41cpStopCP()      Continuous profile stopped.
(Oct 02 2025 19:02:22,   52707 sec) PistonMoveAbsWTO()    176->198 177 178 179 180 181 182 183 184 185 186 187 188 189 190 191 192 193 194 195 196 197 198 [107sec, 15.0Volts, 0.151Amps, CPT:1940sec]
(Oct 02 2025 19:04:15,   52820 sec) chat()               Expected string [S>] not received.
(Oct 02 2025 19:06:11,   52936 sec) Sbe41cpBinAverage()  Finished averaging 14060 samples in 111 seconds.
(Oct 02 2025 19:06:16,   52941 sec) Sbe41cpUploadCP_()   Sbe41cpSerNo[20478] NSample[14060] NBin[493]
(Oct 02 2025 19:06:47,   52972 sec) Sbe41cpUploadCP_()   Continuous profile uploaded [493 lines].
(Oct 02 2025 19:07:00,   52985 sec) MscErrorLog_()       No error records to log.
(Oct 02 2025 19:07:11,   52996 sec) MscErrorLog_()       No error records to log.

<EOT>
