(Sep 29 2025 14:16:54,   52514 sec) TelemetryInit()      Profile 7. (Apf11 FwRev: 061125)
(Sep 29 2025 14:16:54,   52514 sec) TelemetryInit()      Charge consumption model: OCV:15.2V Wake-Cycles:9525 Standby:8.0days Wake:8.4kC Sensors:0.8kC
(Sep 29 2025 14:22:10,   52830 sec) GetSurfaceObs()      P/O2,T2,TPhase,RPhase,RawTemp/FSig,BbSig,TSig: 0.3dbars / 244.0uM 27.067C 29.527 8.566 -87.800 / 55,147,535
(Sep 29 2025 14:22:10,   52830 sec) GetSurfaceObs()      P/Ocr: 0.3dbars / 0x8005f249 0x7ffebd92 0x80079836 0x7ffef61b
(Sep 29 2025 14:22:43,   52863 sec) GetSurfaceObs()      P/O2,T2,TPhase,RPhase,RawTemp/FSig,BbSig,TSig: 0.3dbars / 243.9uM 27.060C 29.532 8.563 -87.568 / 56,140,535
(Sep 29 2025 14:22:43,   52863 sec) GetSurfaceObs()      P/Ocr: 0.3dbars / 0x8005c940 0x7ffecb24 0x8007946d 0x7ffef22d
(Sep 29 2025 14:23:17,   52897 sec) GetSurfaceObs()      P/O2,T2,TPhase,RPhase,RawTemp/FSig,BbSig,TSig: 0.3dbars / 243.6uM 27.093C 29.532 8.561 -88.637 / 55,142,535
(Sep 29 2025 14:23:17,   52897 sec) GetSurfaceObs()      P/Ocr: 0.3dbars / 0x8005d240 0x7ffed0e4 0x8007976d 0x7ffef752
(Sep 29 2025 14:23:50,   52930 sec) GetSurfaceObs()      P/O2,T2,TPhase,RPhase,RawTemp/FSig,BbSig,TSig: 0.3dbars / 244.0uM 27.054C 29.531 8.561 -87.391 / 56,140,534
(Sep 29 2025 14:23:50,   52930 sec) GetSurfaceObs()      P/Ocr: 0.3dbars / 0x8005e6ed 0x7ffebea4 0x8007a7d2 0x7ffef736
(Sep 29 2025 14:27:09,   53129 sec) AirSystem()          Battery [216cnt, 15.2V]  Current [19cnt, 76.0mA]  Pneumometer [159cnt, 18.7psi]  Run-Time [95s]
(Sep 29 2025 14:27:22,   53142 sec) GetSurfaceObs()      P/O2,T2,TPhase,RPhase,RawTemp/FSig,BbSig,TSig: 0.3dbars / 251.9uM 25.974C 29.587 8.570 -53.034 / 56,141,535
(Sep 29 2025 14:27:22,   53142 sec) GetSurfaceObs()      P/Ocr: 0.3dbars / 0x8005c5c9 0x7ffec789 0x8007a964 0x7ffefab6
(Sep 29 2025 14:27:55,   53175 sec) GetSurfaceObs()      P/O2,T2,TPhase,RPhase,RawTemp/FSig,BbSig,TSig: 0.2dbars / 241.2uM 26.906C 29.711 8.563 -82.695 / 56,143,534
(Sep 29 2025 14:27:55,   53175 sec) GetSurfaceObs()      P/Ocr: 0.2dbars / 0x8005d8f6 0x7ffecd1b 0x8007aba4 0x7ffefad2
(Sep 29 2025 14:28:29,   53209 sec) GetSurfaceObs()      P/O2,T2,TPhase,RPhase,RawTemp/FSig,BbSig,TSig: -0.1dbars / 245.9uM 26.498C 29.653 8.563 -69.735 / 55,141,535
(Sep 29 2025 14:28:29,   53209 sec) GetSurfaceObs()      P/Ocr: -0.1dbars / 0x8005d140 0x7ffed6b6 0x80079ec0 0x7ffef812
(Sep 29 2025 14:29:02,   53242 sec) GetSurfaceObs()      P/O2,T2,TPhase,RPhase,RawTemp/FSig,BbSig,TSig: 0.1dbars / 248.7uM 25.925C 29.747 8.561 -51.451 / 55,143,534
(Sep 29 2025 14:29:02,   53242 sec) GetSurfaceObs()      P/Ocr: 0.1dbars / 0x8005c4ad 0x7ffece12 0x80079ca4 0x7ffefd40
(Sep 29 2025 14:29:35,   53275 sec) GetSurfaceObs()      P/O2,T2,TPhase,RPhase,RawTemp/FSig,BbSig,TSig: -0.1dbars / 240.5uM 26.980C 29.716 8.560 -85.040 / 56,139,535
(Sep 29 2025 14:29:35,   53275 sec) GetSurfaceObs()      P/Ocr: -0.1dbars / 0x8005d036 0x7ffed7c0 0x8007acb6 0x7ffeeff6
(Sep 29 2025 14:30:08,   53308 sec) GetSurfaceObs()      P/O2,T2,TPhase,RPhase,RawTemp/FSig,BbSig,TSig: -0.1dbars / 244.3uM 26.921C 29.565 8.559 -83.176 / 55,142,534
(Sep 29 2025 14:30:08,   53308 sec) GetSurfaceObs()      P/Ocr: -0.1dbars / 0x8005f8ed 0x7ffed2ed 0x80079c5b 0x7ffef62d
(Sep 29 2025 14:30:41,   53341 sec) GetSurfaceObs()      P/O2,T2,TPhase,RPhase,RawTemp/FSig,BbSig,TSig: -0.0dbars / 249.6uM 25.852C 29.738 8.558 -49.107 / 55,139,534
(Sep 29 2025 14:30:41,   53341 sec) GetSurfaceObs()      P/Ocr: -0.0dbars / 0x8005dd2d 0x7ffecded 0x8007a35b 0x7ffef449
(Sep 29 2025 14:31:15,   53375 sec) GetSurfaceObs()      P/O2,T2,TPhase,RPhase,RawTemp/FSig,BbSig,TSig: -0.0dbars / 240.6uM 26.742C 29.799 8.557 -77.502 / 55,143,534
(Sep 29 2025 14:31:15,   53375 sec) GetSurfaceObs()      P/Ocr: -0.0dbars / 0x8005e224 0x7ffedf80 0x80079b36 0x7ffef549
(Sep 29 2025 14:31:22,   53382 sec) AirSystem()          Air-bladder inflation by-passed. Pneumatic Pressure: [155cnt, 18.2psi].
(Sep 29 2025 14:31:56,   53416 sec) GetSurfaceObs()      P/O2,T2,TPhase,RPhase,RawTemp/FSig,BbSig,TSig: -0.0dbars / 244.1uM 26.673C 29.670 8.557 -75.294 / 141,452,534
(Sep 29 2025 14:31:56,   53416 sec) GetSurfaceObs()      P/Ocr: -0.0dbars / 0x8005e8d2 0x7ffeda64 0x8007a512 0x7ffefd09
(Sep 29 2025 14:31:59,   53419 sec) GpsServices()        GPS almanac is current.
(Sep 29 2025 14:31:59,   53419 sec) GpsServices()        Initiating GPS fix acquisition.
(Sep 29 2025 14:32:05,   53425 sec) gga()                $GPGGA,143220,2734.3227,N,15757.9162,W,0,00,,,M,,M,,*42
(Sep 29 2025 14:32:14,   53434 sec) gga()                $GPGGA,143230,2734.3227,N,15757.9162,W,0,00,,,M,,M,,*43
(Sep 29 2025 14:32:15,   53435 sec) gga()                $GPGGA,143230,2734.3227,N,15757.9162,W,0,00,,,M,,M,,*43
(Sep 29 2025 14:32:24,   53444 sec) gga()                $GPGGA,143240,2734.3227,N,15757.9162,W,0,00,,,M,,M,,*44
(Sep 29 2025 14:32:34,   53454 sec) gga()                $GPGGA,143250,2734.3227,N,15757.9162,W,0,00,,,M,,M,,*45
(Sep 29 2025 14:32:44,   53464 sec) gga()                $GPGGA,143300,2734.3227,N,15757.9162,W,0,00,,,M,,M,,*41
(Sep 29 2025 14:32:54,   53474 sec) gga()                $GPGGA,143310,2734.3227,N,15757.9162,W,0,00,,,M,,M,,*40
(Sep 29 2025 14:33:05,   53485 sec) gga()                $GPGGA,143320,2734.5660,N,15757.0435,W,1,07,1.1,-4.6,M,-5.7,M,,*64
(Sep 29 2025 14:33:05,   53485 sec) GpsServices()        Profile 7 GPS fix obtained in 66 seconds.
(Sep 29 2025 14:33:05,   53485 sec) GpsServices()                   lon      lat mm/dd/yyyy hhmmss nsat
(Sep 29 2025 14:33:05,   53485 sec) GpsServices()        Fix: -157.9507  27.5761 09/29/2025 143320    7
(Sep 29 2025 14:33:15,   53495 sec) gga()                $GPGGA,143330,2734.5652,N,15757.0434,W,1,07,1.1,-5.8,M,-5.7,M,,*6A
(Sep 29 2025 14:33:24,   53504 sec) gga()                $GPGGA,143340,2734.5636,N,15757.0412,W,1,07,1.1,-4.9,M,-5.7,M,,*6B
(Sep 29 2025 14:33:24,   53504 sec) GpsServices()        APF11 RTC skew (-16s) OK.
(Sep 29 2025 14:33:24,   53504 sec) GpsServices()        GPS services complete.
(Sep 29 2025 14:33:59,   53539 sec) IrGeoLoc()           <x,y,z>=<-5240km,-2124km,2932km> lat=27.567 lon=-157.935 IrSysTime=0xedf1c967
(Sep 29 2025 14:34:03,   53543 sec) CLogin()             Connecting to primary host.
(Sep 29 2025 14:34:17,   53557 sec) CLogin()             Connection 1 established in 14 seconds.
(Sep 29 2025 14:34:47,   53587 sec) expect()             Attempt to read prompt string [login:] failed.
(Sep 29 2025 14:34:47,   53587 sec) login()              Login prompt not received.
(Sep 29 2025 14:34:59,   53599 sec) login()              Login successful.
(Sep 29 2025 14:35:03,   53603 sec) CLogin()             Logged in to host.  [Login required 46 seconds]
(Sep 29 2025 14:35:04,   53604 sec) RxConfig()           Downloading "mission.cfg" from host.
(Sep 29 2025 14:35:23,   53623 sec) RxConfig()           Download successful: [bytes:83, sec:16.9, bps:5]
(Sep 29 2025 14:35:27,   53627 sec) WriteVitals_()       Writing vitals to "23808.007.msg".
(Sep 29 2025 14:35:37,   53637 sec) UpLoadFile()         Uploading "23808.007.log" to host.
(Sep 29 2025 14:38:32,   53812 sec) UpLoadFile()         Upload successful: [bytes:41231, sec:174.8, bps:236]
(Sep 29 2025 14:38:33,   53813 sec) fmove()              Moved: 23808.007.log -> archive/23808.007.log
(Sep 29 2025 14:38:36,   53816 sec) UpLoadFile()         Uploading "23808.007.msg" to host.
(Sep 29 2025 14:40:10,   53910 sec) UpLoadFile()         Upload successful: [bytes:22173, sec:93.7, bps:237]
(Sep 29 2025 14:40:11,   53911 sec) fmove()              Moved: 23808.007.msg -> archive/23808.007.msg
(Sep 29 2025 14:40:15,   53915 sec) UpLoadFile()         Uploading "23808.007.isus" to host.
(Sep 29 2025 14:42:45,   54065 sec) UpLoadFile()         Upload successful: [bytes:31559, sec:149.8, bps:211]
(Sep 29 2025 14:42:46,   54066 sec) fmove()              Moved: 23808.007.isus -> archive/23808.007.isus
(Sep 29 2025 14:42:51,   54071 sec) UpLoadFile()         Uploading "23808.007.dura" to host.
(Sep 29 2025 14:43:38,   54118 sec) UpLoadFile()         Upload successful: [bytes:11975, sec:46.2, bps:259]
(Sep 29 2025 14:43:39,   54119 sec) fmove()              Moved: 23808.007.dura -> archive/23808.007.dura
(Sep 29 2025 14:43:40,   54120 sec) UpLoad()             Files successfully uploaded: 4
(Sep 29 2025 14:43:40,   54120 sec) UpLoad()             Upload complete.
(Sep 29 2025 14:43:47,   54127 sec) chat()               Expected string [logout] not received.
(Sep 29 2025 14:43:47,   54127 sec) logout()             Attempt to log-out failed.
(Sep 29 2025 14:43:47,   54127 sec) logout()             No carrier detected.
(Sep 29 2025 14:43:47,   54127 sec) Telemetry()          Telemetry cycle complete: PrfId=7 ConnectionAttempts=1  Connections=1
(Sep 29 2025 14:43:47,   54127 sec) TelemetryTerminate() Parsing new mission configuration.
(Sep 29 2025 14:43:48,   54128 sec) configure()          Parsing configurators in "mission.cfg".
(Sep 29 2025 14:43:48,   54128 sec) configure()             TelemetryRetry(15)      [0x7BBC] [TelemetryRetry(15)].
(Sep 29 2025 14:43:48,   54128 sec) configure()             DeepProfilePistonPos(9) [CRC=0xFF37] [DeepProfilePistonPos(9)].
(Sep 29 2025 14:43:48,   54128 sec) configure()             DeepProfilePressure(2025) [CRC=0x5FF2] [ProfilePressure(2025)].
(Sep 29 2025 14:43:49,   54129 sec) configure()          Configuration CRCs and syntax OK.
(Sep 29 2025 14:43:49,   54129 sec) ConfigSupervisor()   Sanity check violated: cfg->TimeDeepProfileDescent >= (cfg->PressureProfile-cfg->PressurePark)/dPdt
(Sep 29 2025 14:43:49,   54129 sec) ConfigSupervisor()   Configuration accepted.
(Sep 29 2025 14:43:49,   54129 sec) TelemetryTerminate() Reconditioning the file system.
(Sep 29 2025 14:43:51,       0 sec) DescentInit()        Deep profile 8 initiated at mission-time 54131sec.
(Sep 29 2025 14:43:52,       1 sec) DescentInit()        Surface pressure: -0.0dbars.
(Sep 29 2025 14:43:52,       1 sec) DescentInit()        Charge consumption model: OCV:15.0V Wake-Cycles:9526 Standby:8.0days Wake:8.4kC Sleep:0.8kC
(Sep 29 2025 14:44:04,      13 sec) DescentInit()        Pneumatic humidity: 2894(60.3%) -> 2898(60.5%)
(Sep 29 2025 14:44:04,      13 sec) PistonMoveAbsWTO()    198->069 197 196 195 194 193 192 191 190 189 188 187 186 185 184 183 182 181 180 179 178 177 176 175 174 173 172 171 170 169 168 167 166 165 164 163 162 161 160 159 158 157 156 155 154 153 152 151 150 149 148 147 146 145 144 143 142 141 140 139 138 137 136 135 134 133 132 131 130 129 128 127 126 125 124 123 122 121 120 119 118 117 116 115 114 113 112 111 110 109 108 107 106 105 104 103 102 101 100 099 098 097 096 095 094 093 092 091 090 089 088 087 086 085 084 083 082 081 080 079 078 077 076 075 074 073 072 071 070 069 [633sec, 15.0Volts, 0.135Amps, CPT:633sec]
(Sep 29 2025 14:54:41,     650 sec) DescentInit()        Air solenoid open: Barometer [209cnt,  12.2psi]  Pneumometer [107cnt,  12.5psi]
(Sep 29 2025 14:54:51,     660 sec) Descent()            Pressure: 64.1
(Sep 29 2025 15:43:51,    3600 sec) Descent()            Pressure: 444.8
(Sep 29 2025 16:43:51,    7200 sec) Descent()            Pressure: 719.3
(Sep 29 2025 17:43:51,   10800 sec) Descent()            Pressure: 785.2
(Sep 29 2025 18:43:51,   14400 sec) Descent()            Pressure: 792.7
(Sep 29 2025 18:43:52,   14401 sec) ParkInit()           Charge consumption model: OCV:15.5V Wake-Cycles:9531 Standby:8.2days Wake:8.7kC Sensors:0.8kC
(Sep 29 2025 21:44:23,   25232 sec) CtdPower()           [  802.95,  4.5135, 34.2195]
(Sep 29 2025 21:44:23,   25232 sec) CtdPower()           CTD Power consumption [219VCnt 3ACnt]: 15.425Volts * 0.012Amps = 0.18Watts.
(Sep 29 2025 21:44:29,   25238 sec) ParkTerminate()      Piston Position:69 Vacuum:191 HumidityAd12:4094(inf%) Vq:220 Aq:2 Vsbe:219 Asbe:3 Vflbb:218 Aflbb:11 Vopt:217 Aopt:13 Vocr:218 Aocr:7 MuxTemp:4.609C MuxHumidity:6.3%
(Sep 29 2025 21:44:59,   25268 sec) ParkTerminate()      PTS/O2,T2,TPhase,RawTemp: 803.0dbars 4.5138C 34.2191PSU / 36.5uM 4.507C 56.917 8.150 641.951
(Sep 29 2025 21:44:59,   25268 sec) ParkTerminate()      FLBB FSig, BbSig, TSig: 55, 113, 571 / Ocr: nan nan nan nan
(Sep 29 2025 21:45:00,   25269 sec) GoDeepInit()         Charge consumption model: OCV:15.4V Wake-Cycles:9534 Standby:8.3days Wake:8.7kC Sensors:0.8kC
(Sep 29 2025 21:45:00,   25269 sec) GoDeepInit()         Moving piston.
(Sep 29 2025 21:45:00,   25269 sec) PistonMoveAbsWTO()    069->009 068 067 066 065 064 063 062 061 060 059 058 057 056 055 054 053 052 051 050 049 048 047 046 045 044 043 042 041 040 039 038 037 036 035 034 033 032 031 030 029 028 027 026 025 024 023 022 021 020 019 018 017 016 015 014 013 012 011 010 009 [296sec, 15.0Volts, 0.068Amps, CPT:929sec]
(Sep 29 2025 23:43:51,   32400 sec) ProfileInit()        Charge consumption model: OCV:15.5V Wake-Cycles:9557 Standby:8.4days Wake:8.7kC Sensors:0.8kC
(Sep 29 2025 23:43:51,   32400 sec) ProfileInit()        PrfId:008  Pressure:1511.3dbar  pTable[5]:1500dbar
(Sep 29 2025 23:43:53,   32402 sec) ProfileInit()        Muxer PPIs K{1,2} quiescent: 15.43V, -0.1mA, -1.5mW
(Sep 29 2025 23:43:57,   32406 sec) ProfileInit()        ISUS powered up.
(Sep 29 2025 23:44:00,   32409 sec) ProfileInit()        Muxer PPIs K{1,2} w/ ISUS awake: 15.27V, 46.5mA, 710.1mW
(Sep 29 2025 23:44:07,   32416 sec) MscErrorLog_()       No error records to log.
(Sep 29 2025 23:44:14,   32423 sec) ProfileInit()        DURA powered up.
(Sep 29 2025 23:44:17,   32426 sec) ProfileInit()        Muxer PPIs K{1,2} w/ DURA awake: 15.25V, 48.5mA, 739.5mW
(Sep 29 2025 23:44:23,   32432 sec) MscErrorLog_()       No error records to log.
(Sep 29 2025 23:44:28,   32437 sec) PistonMoveAbsWTO()    009->031 010 011 012 013 014 015 [30sec, 14.7Volts, 0.517Amps, CPT:959sec]
(Sep 29 2025 23:45:09,   32478 sec) PistonMoveAbsWTO()    015->031 016 017 018 019 020 [30sec, 14.4Volts, 0.511Amps, CPT:989sec]
(Sep 29 2025 23:45:50,   32519 sec) PistonMoveAbsWTO()    020->031 021 022 023 024 025 [30sec, 14.3Volts, 0.505Amps, CPT:1019sec]
(Sep 29 2025 23:46:31,   32560 sec) PistonMoveAbsWTO()    025->031 026 027 028 029 030 [30sec, 14.2Volts, 0.509Amps, CPT:1049sec]
(Sep 29 2025 23:47:12,   32601 sec) PistonMoveAbsWTO()    030->031 031 [1sec, 14.3Volts, 0.514Amps, CPT:1050sec]
(Sep 29 2025 23:50:11,   32780 sec) Profile()            Sample 0 initiated at 1501.5dbars for bin 5 [1500dbars].  PTS/O2,T2,TPhase,RPhase,RawTemp/NO3/pH/FSig,BbSig,TSig/Ocr: 1499.7dbars 2.7748C 34.5532PSU / 75.0uM 2.768C 53.050 8.136 694.929 / 42.0uM / -0.884227V /   54  112  573 / nan nan nan nan
(Sep 29 2025 23:59:01,   33310 sec) AscentControlAgent() Bouyancy nudge to 41 (v=0.062dbar/sec).
(Sep 29 2025 23:59:01,   33310 sec) PistonMoveAbsWTO()    031->041 032 033 034 035 036 [30sec, 14.5Volts, 0.492Amps, CPT:1080sec]
(Sep 29 2025 23:59:42,   33351 sec) PistonMoveAbsWTO()    036->041 037 038 039 040 041 [25sec, 14.4Volts, 0.487Amps, CPT:1105sec]
(Sep 30 2025 00:00:29,   33398 sec) PistonMoveAbsWTO()    040->041 041 [1sec, 14.4Volts, 0.520Amps, CPT:1106sec]
(Sep 30 2025 00:09:21,   33930 sec) Profile()            Sample 1 initiated at 1401.2dbars for bin 6 [1400dbars].  PTS/O2,T2,TPhase,RPhase,RawTemp/NO3/pH/FSig,BbSig,TSig/Ocr: 1399.2dbars 2.9375C 34.5377PSU / 69.2uM 2.931C 53.585 8.148 690.007 / 42.3uM / -0.884242V /   55  112  573 / nan nan nan nan
(Sep 30 2025 00:28:21,   35070 sec) Profile()            Sample 2 initiated at 1301.5dbars for bin 7 [1300dbars].  PTS/O2,T2,TPhase,RPhase,RawTemp/NO3/pH/FSig,BbSig,TSig/Ocr: 1299.8dbars 3.1746C 34.5175PSU / 63.5uM 3.169C 54.111 8.151 682.802 / 42.6uM / -0.884113V /   55  112  573 / nan nan nan nan
(Sep 30 2025 00:29:51,   35160 sec) AscentControlAgent() Bouyancy nudge to 51 (v=0.077dbar/sec).
(Sep 30 2025 00:29:51,   35160 sec) PistonMoveAbsWTO()    041->051 042 043 044 045 046 [30sec, 14.6Volts, 0.456Amps, CPT:1136sec]
(Sep 30 2025 00:30:32,   35201 sec) PistonMoveAbsWTO()    046->051 047 048 049 050 051 [25sec, 14.4Volts, 0.458Amps, CPT:1161sec]
(Sep 30 2025 00:47:00,   36189 sec) Profile()            Sample 3 initiated at 1201.7dbars for bin 8 [1200dbars].  PTS/O2,T2,TPhase,RPhase,RawTemp/NO3/pH/FSig,BbSig,TSig/Ocr: 1200.0dbars 3.3930C 34.4941PSU / 57.8uM 3.386C 54.664 8.154 676.211 / 42.9uM / -0.883854V /   55  113  572 / nan nan nan nan
(Sep 30 2025 00:50:20,   36389 sec) AscentControlAgent() Bouyancy nudge to 61 (v=0.079dbar/sec).
(Sep 30 2025 00:50:20,   36389 sec) PistonMoveAbsWTO()    051->061 052 053 054 055 056 [30sec, 14.6Volts, 0.436Amps, CPT:1191sec]
(Sep 30 2025 00:51:01,   36430 sec) PistonMoveAbsWTO()    056->061 057 058 059 060 061 [23sec, 14.5Volts, 0.428Amps, CPT:1214sec]
(Sep 30 2025 00:52:53,   36542 sec) PistonMoveAbsWTO()    060->061 061 [1sec, 14.6Volts, 0.464Amps, CPT:1215sec]
(Sep 30 2025 01:03:47,   37196 sec) Profile()            Sample 4 initiated at 1101.8dbars for bin 9 [1100dbars].  PTS/O2,T2,TPhase,RPhase,RawTemp/NO3/pH/FSig,BbSig,TSig/Ocr: 1099.5dbars 3.6471C 34.4506PSU / 47.3uM 3.638C 55.806 8.158 668.531 / 43.3uM / -0.884172V /   55  114  572 / nan nan nan nan
(Sep 30 2025 01:21:06,   38235 sec) AscentControlAgent() Bouyancy nudge to 71 (v=0.075dbar/sec).
(Sep 30 2025 01:21:06,   38235 sec) PistonMoveAbsWTO()    061->071 062 063 064 065 066 [30sec, 14.7Volts, 0.398Amps, CPT:1245sec]
(Sep 30 2025 01:22:44,   38333 sec) Profile()            Sample 5 initiated at 1000.8dbars for bin 10 [1000dbars].  PTS/O2,T2,TPhase,RPhase,RawTemp/NO3/pH/FSig,BbSig,TSig/Ocr: 998.9dbars 3.8501C 34.4028PSU / 37.7uM 3.843C 56.933 8.164 662.304 / 43.6uM / -0.884337V /   55  114  572 / nan nan nan nan
(Sep 30 2025 01:22:45,   38334 sec) PistonMoveAbsWTO()    066->071 067 068 069 070 071 [23sec, 14.5Volts, 0.397Amps, CPT:1268sec]
(Sep 30 2025 01:25:56,   38525 sec) Sbe41cpStartCP()     Continuous profile started.
(Sep 30 2025 01:31:09,   38838 sec) Profile()            Sample 6 initiated at 951.2dbars for bin 11 [950dbars].  PTS/O2,T2,TPhase,RPhase,RawTemp/NO3/pH/FSig,BbSig,TSig/Ocr: 951.2dbars 3.9312C 34.3717PSU / 33.1uM 3.923C 57.509 8.167 659.858 / 43.8uM / -0.884507V /   56  115  572 / nan nan nan nan
(Sep 30 2025 01:41:09,   39438 sec) Profile()            Sample 7 initiated at 901.5dbars for bin 12 [900dbars].  PTS/O2,T2,TPhase,RPhase,RawTemp/NO3/pH/FSig,BbSig,TSig/Ocr: 901.4dbars 4.0673C 34.3358PSU / 30.3uM 4.060C 57.839 8.169 655.655 / 43.9uM / -0.884449V /   55  116  572 / nan nan nan nan
(Sep 30 2025 01:41:21,   39450 sec) AscentControlAgent() Bouyancy nudge to 81 (v=0.078dbar/sec).
(Sep 30 2025 01:41:22,   39451 sec) PistonMoveAbsWTO()    071->081 072 073 074 075 076 [30sec, 14.5Volts, 0.371Amps, CPT:1298sec]
(Sep 30 2025 01:42:03,   39492 sec) PistonMoveAbsWTO()    076->081 077 078 079 080 081 [24sec, 14.4Volts, 0.362Amps, CPT:1322sec]
(Sep 30 2025 01:50:02,   39971 sec) Profile()            Sample 8 initiated at 851.8dbars for bin 13 [850dbars].  PTS/O2,T2,TPhase,RPhase,RawTemp/NO3/pH/FSig,BbSig,TSig/Ocr: 851.7dbars 4.2376C 34.2844PSU / 29.5uM 4.228C 57.915 8.171 650.501 / 43.7uM / -0.884222V /   55  117  571 / nan nan nan nan
(Sep 30 2025 01:56:40,   40369 sec) AscentControlAgent() Bouyancy nudge to 91 (v=0.078dbar/sec).
(Sep 30 2025 01:56:41,   40370 sec) PistonMoveAbsWTO()    081->091 082 083 084 085 086 [30sec, 14.6Volts, 0.348Amps, CPT:1352sec]
(Sep 30 2025 01:57:22,   40411 sec) PistonMoveAbsWTO()    086->091 087 088 089 090 091 [23sec, 14.5Volts, 0.348Amps, CPT:1375sec]
(Sep 30 2025 02:00:01,   40570 sec) Profile()            Sample 9 initiated at 800.9dbars for bin 14 [800dbars].  PTS/O2,T2,TPhase,RPhase,RawTemp/NO3/pH/FSig,BbSig,TSig/Ocr: 800.8dbars 4.4604C 34.2365PSU / 32.3uM 4.451C 57.485 8.175 643.670 / 43.2uM / -0.883580V /   55  117  571 / nan nan nan nan
(Sep 30 2025 02:07:38,   41027 sec) Profile()            Sample 10 initiated at 752.0dbars for bin 15 [750dbars].  PTS/O2,T2,TPhase,RPhase,RawTemp/NO3/pH/FSig,BbSig,TSig/Ocr: 751.9dbars 4.7062C 34.1812PSU / 40.6uM 4.697C 56.334 8.179 636.110 / 42.2uM / -0.882426V /   54  117  571 / nan nan nan nan
(Sep 30 2025 02:16:09,   41538 sec) Profile()            Sample 11 initiated at 701.5dbars for bin 16 [700dbars].  PTS/O2,T2,TPhase,RPhase,RawTemp/NO3/pH/FSig,BbSig,TSig/Ocr: 701.4dbars 4.9891C 34.1321PSU / 52.2uM 4.981C 54.805 8.185 627.346 / 41.1uM / -0.880944V /   53  115  570 / nan nan nan nan
(Sep 30 2025 02:22:02,   41891 sec) AscentControlAgent() Bouyancy nudge to 101 (v=0.070dbar/sec).
(Sep 30 2025 02:22:02,   41891 sec) PistonMoveAbsWTO()    091->101 092 093 094 095 096 [30sec, 14.6Volts, 0.326Amps, CPT:1405sec]
(Sep 30 2025 02:22:43,   41932 sec) PistonMoveAbsWTO()    096->101 097 098 099 100 101 [23sec, 14.5Volts, 0.315Amps, CPT:1428sec]
(Sep 30 2025 02:26:49,   42178 sec) Profile()            Sample 12 initiated at 651.2dbars for bin 17 [650dbars].  PTS/O2,T2,TPhase,RPhase,RawTemp/NO3/pH/FSig,BbSig,TSig/Ocr: 651.1dbars 5.4747C 34.0727PSU / 74.2uM 5.465C 52.115 8.193 612.352 / 38.7uM / -0.878031V /   54  117  570 / nan nan nan nan
(Sep 30 2025 02:33:36,   42585 sec) PistonMoveAbsWTO()    100->101 101 [1sec, 14.7Volts, 0.345Amps, CPT:1429sec]
(Sep 30 2025 02:35:30,   42699 sec) Profile()            Sample 13 initiated at 601.8dbars for bin 18 [600dbars].  PTS/O2,T2,TPhase,RPhase,RawTemp/NO3/pH/FSig,BbSig,TSig/Ocr: 601.7dbars 5.9164C 34.0288PSU / 101.0uM 5.907C 49.212 8.204 598.601 / 36.1uM / -0.874898V /   53  117  569 / nan nan nan nan
(Sep 30 2025 02:45:16,   43285 sec) Profile()            Sample 14 initiated at 551.5dbars for bin 19 [550dbars].  PTS/O2,T2,TPhase,RPhase,RawTemp/NO3/pH/FSig,BbSig,TSig/Ocr: 551.5dbars 6.5982C 34.0006PSU / 131.8uM 6.578C 46.190 8.219 577.623 / 32.6uM / -0.870798V /   53  122  568 / nan nan nan nan
(Sep 30 2025 02:47:28,   43417 sec) AscentControlAgent() Bouyancy nudge to 111 (v=0.066dbar/sec).
(Sep 30 2025 02:47:28,   43417 sec) PistonMoveAbsWTO()    101->111 102 103 104 105 106 [30sec, 14.6Volts, 0.291Amps, CPT:1459sec]
(Sep 30 2025 02:48:09,   43458 sec) PistonMoveAbsWTO()    106->111 107 108 109 110 111 [22sec, 14.6Volts, 0.285Amps, CPT:1481sec]
(Sep 30 2025 02:55:54,   43923 sec) Profile()            Sample 15 initiated at 501.9dbars for bin 20 [500dbars].  PTS/O2,T2,TPhase,RPhase,RawTemp/NO3/pH/FSig,BbSig,TSig/Ocr: 501.8dbars 7.6171C 34.0049PSU / 170.0uM 7.601C 42.808 8.246 545.406 / 27.8uM / -0.865431V /   51  122  567 / nan nan nan nan
(Sep 30 2025 03:02:41,   44330 sec) AscentControlAgent() Bouyancy nudge to 121 (v=0.072dbar/sec).
(Sep 30 2025 03:02:41,   44330 sec) PistonMoveAbsWTO()    111->121 112 113 114 115 116 [30sec, 14.7Volts, 0.265Amps, CPT:1511sec]
(Sep 30 2025 03:03:22,   44371 sec) PistonMoveAbsWTO()    116->121 117 118 119 120 121 [22sec, 14.6Volts, 0.262Amps, CPT:1533sec]
(Sep 30 2025 03:06:35,   44564 sec) Profile()            Sample 16 initiated at 451.5dbars for bin 21 [450dbars].  PTS/O2,T2,TPhase,RPhase,RawTemp/NO3/pH/FSig,BbSig,TSig/Ocr: 451.4dbars 8.9517C 34.0423PSU / 218.7uM 8.947C 39.075 8.274 502.634 / 21.1uM / -0.858587V /   51  119  565 / 0x8006911b 0x800021f6 0x80088809 0x7ffff389
(Sep 30 2025 03:15:51,   45120 sec) Profile()            Sample 17 initiated at 401.6dbars for bin 22 [400dbars].  PTS/O2,T2,TPhase,RPhase,RawTemp/NO3/pH/FSig,BbSig,TSig/Ocr: 401.5dbars 10.0662C 34.1057PSU / 238.8uM 10.062C 37.414 8.297 466.870 / 17.8uM / -0.854776V /   50  118  563 / 0x8006ad49 0x80001c6d 0x80087ead 0x7fffdc52
(Sep 30 2025 03:19:26,   45335 sec) Profile()            Sample 18 initiated at 381.3dbars for bin 23 [380dbars].  PTS/O2,T2,TPhase,RPhase,RawTemp/NO3/pH/FSig,BbSig,TSig/Ocr: 381.2dbars 10.4881C 34.1326PSU / 242.6uM 10.488C 37.002 8.305 453.107 / 16.6uM / -0.853593V /   50  119  562 / 0x800684c9 0x7fffe45b 0x80087e36 0x7fffccc9
(Sep 30 2025 03:23:01,   45550 sec) Profile()            Sample 19 initiated at 361.5dbars for bin 24 [360dbars].  PTS/O2,T2,TPhase,RPhase,RawTemp/NO3/pH/FSig,BbSig,TSig/Ocr: 361.5dbars 10.8853C 34.1524PSU / 244.0uM 10.892C 36.720 8.311 440.075 / 15.6uM / -0.852548V /   51  166  562 / 0x80069312 0x800002c0 0x800880a4 0x7fffd000
(Sep 30 2025 03:25:09,   45678 sec) Profile()            Sample 20 initiated at 351.4dbars for bin 25 [350dbars].  PTS/O2,T2,TPhase,RPhase,RawTemp/NO3/pH/FSig,BbSig,TSig/Ocr: 351.3dbars 11.1856C 34.1811PSU / 244.7uM 11.175C 36.544 8.318 430.909 / 15.0uM / -0.851955V /   50  119  561 / 0x800672d2 0x7ffff2e4 0x80087824 0x7fffd6f6
(Sep 30 2025 03:27:27,   45816 sec) Profile()            Sample 21 initiated at 341.9dbars for bin 26 [340dbars].  PTS/O2,T2,TPhase,RPhase,RawTemp/NO3/pH/FSig,BbSig,TSig/Ocr: 341.8dbars 11.2937C 34.1832PSU / 245.8uM 11.293C 36.425 8.329 427.069 / 14.7uM / -0.851657V /   50  118  561 / 0x800682e4 0x7ffff16d 0x80087ba4 0x7fffdce4
(Sep 30 2025 03:28:11,   45860 sec) AscentControlAgent() Bouyancy nudge to 131 (v=0.070dbar/sec).
(Sep 30 2025 03:28:11,   45860 sec) PistonMoveAbsWTO()    121->131 122 123 124 125 126 [30sec, 14.7Volts, 0.245Amps, CPT:1563sec]
(Sep 30 2025 03:28:52,   45901 sec) PistonMoveAbsWTO()    126->131 127 128 129 130 131 [22sec, 14.6Volts, 0.244Amps, CPT:1585sec]
(Sep 30 2025 03:30:04,   45973 sec) Profile()            Sample 22 initiated at 330.9dbars for bin 27 [330dbars].  PTS/O2,T2,TPhase,RPhase,RawTemp/NO3/pH/FSig,BbSig,TSig/Ocr: 330.8dbars 11.5599C 34.1996PSU / 247.6uM 11.557C 36.202 8.332 418.505 / 14.2uM / -0.850926V /   51  117  561 / 0x80069189 0x7ffff35b 0x8008712d 0x7fffc75b
(Sep 30 2025 03:31:49,   46078 sec) Profile()            Sample 23 initiated at 321.2dbars for bin 28 [320dbars].  PTS/O2,T2,TPhase,RPhase,RawTemp/NO3/pH/FSig,BbSig,TSig/Ocr: 321.2dbars 11.7468C 34.2147PSU / 248.0uM 11.746C 36.088 8.339 412.352 / 13.6uM / -0.850486V /   51  118  560 / 0x8006731b 0x7fffd8b6 0x80087552 0x7fffca09
(Sep 30 2025 03:33:45,   46194 sec) Profile()            Sample 24 initiated at 311.2dbars for bin 29 [310dbars].  PTS/O2,T2,TPhase,RPhase,RawTemp/NO3/pH/FSig,BbSig,TSig/Ocr: 311.1dbars 11.9748C 34.2273PSU / 248.7uM 11.974C 35.939 8.347 404.940 / 13.3uM / -0.849940V /   50  116  560 / 0x80067edb 0x7fffe700 0x80086f1b 0x7fffc61b
(Sep 30 2025 03:35:42,   46311 sec) Profile()            Sample 25 initiated at 301.7dbars for bin 30 [300dbars].  PTS/O2,T2,TPhase,RPhase,RawTemp/NO3/pH/FSig,BbSig,TSig/Ocr: 301.6dbars 12.3184C 34.2509PSU / 249.0uM 12.318C 35.750 8.352 393.741 / 12.4uM / -0.849255V /   50  116  560 / 0x80068364 0x7fffe089 0x80086cad 0x7fffb9db
(Sep 30 2025 03:37:39,   46428 sec) Profile()            Sample 26 initiated at 292.0dbars for bin 31 [290dbars].  PTS/O2,T2,TPhase,RPhase,RawTemp/NO3/pH/FSig,BbSig,TSig/Ocr: 291.9dbars 12.5656C 34.2693PSU / 249.8uM 12.568C 35.589 8.357 385.591 / 12.0uM / -0.848736V /   51  118  559 / 0x80068292 0x7fffe0c9 0x80087312 0x7fffc09b
(Sep 30 2025 03:39:38,   46547 sec) Profile()            Sample 27 initiated at 281.9dbars for bin 32 [280dbars].  PTS/O2,T2,TPhase,RPhase,RawTemp/NO3/pH/FSig,BbSig,TSig/Ocr: 281.8dbars 12.9159C 34.2927PSU / 249.8uM 12.905C 35.421 8.360 374.572 / 11.2uM / -0.848041V /   50  118  559 / 0x80068a92 0x7fffdc64 0x80086d9b 0x7fffbd5b
(Sep 30 2025 03:41:46,   46675 sec) Profile()            Sample 28 initiated at 271.3dbars for bin 33 [270dbars].  PTS/O2,T2,TPhase,RPhase,RawTemp/NO3/pH/FSig,BbSig,TSig/Ocr: 271.2dbars 13.1401C 34.3066PSU / 249.8uM 13.144C 35.300 8.366 366.770 / 10.6uM / -0.847363V /   50  118  558 / 0x80067eed 0x7fffc589 0x8008762d 0x7fffb909
(Sep 30 2025 03:43:43,   46792 sec) Profile()            Sample 29 initiated at 262.0dbars for bin 34 [260dbars].  PTS/O2,T2,TPhase,RPhase,RawTemp/NO3/pH/FSig,BbSig,TSig/Ocr: 261.9dbars 13.5660C 34.3413PSU / 251.6uM 13.565C 35.005 8.370 352.983 / 9.6uM / -0.846640V /   50  116  558 / 0x80068140 0x7fffdfc9 0x80085b40 0x7fffb06d
(Sep 30 2025 03:46:03,   46932 sec) Profile()            Sample 30 initiated at 251.3dbars for bin 35 [250dbars].  PTS/O2,T2,TPhase,RPhase,RawTemp/NO3/pH/FSig,BbSig,TSig/Ocr: 251.2dbars 13.7925C 34.3557PSU / 253.0uM 13.793C 34.830 8.378 345.522 / 9.3uM / -0.846002V /   50  119  557 / 0x8006785b 0x7fffce52 0x8008675b 0x7fffac00
(Sep 30 2025 03:48:22,   47071 sec) Profile()            Sample 31 initiated at 241.9dbars for bin 36 [240dbars].  PTS/O2,T2,TPhase,RPhase,RawTemp/NO3/pH/FSig,BbSig,TSig/Ocr: 241.8dbars 14.3171C 34.3975PSU / 252.5uM 14.308C 34.602 8.385 328.613 / 8.3uM / -0.845186V /   50  122  557 / 0x80067636 0x7fffc52d 0x800866c0 0x7fffa55b
(Sep 30 2025 03:48:56,   47105 sec) AscentControlAgent() Bouyancy nudge to 141 (v=0.068dbar/sec).
(Sep 30 2025 03:48:56,   47105 sec) PistonMoveAbsWTO()    131->141 132 133 134 135 136 [30sec, 14.7Volts, 0.214Amps, CPT:1615sec]
(Sep 30 2025 03:49:37,   47146 sec) PistonMoveAbsWTO()    136->141 137 138 139 140 141 [22sec, 14.7Volts, 0.215Amps, CPT:1637sec]
(Sep 30 2025 03:51:01,   47230 sec) Profile()            Sample 32 initiated at 231.1dbars for bin 37 [230dbars].  PTS/O2,T2,TPhase,RPhase,RawTemp/NO3/pH/FSig,BbSig,TSig/Ocr: 231.0dbars 14.5878C 34.4198PSU / 252.8uM 14.589C 34.453 8.393 319.387 / 7.7uM / -0.844513V /   52  119  556 / 0x80065d89 0x7fffbeb6 0x80087864 0x7fffa976
(Sep 30 2025 03:52:47,   47336 sec) Profile()            Sample 33 initiated at 221.9dbars for bin 38 [220dbars].  PTS/O2,T2,TPhase,RPhase,RawTemp/NO3/pH/FSig,BbSig,TSig/Ocr: 221.8dbars 14.9573C 34.4404PSU / 256.8uM 14.945C 34.094 8.394 307.690 / 6.7uM / -0.843553V /   54  120  556 / 0x80067d9b 0x7fffc1db 0x80086264 0x7fff992d
(Sep 30 2025 03:54:44,   47453 sec) Profile()            Sample 34 initiated at 212.0dbars for bin 39 [210dbars].  PTS/O2,T2,TPhase,RPhase,RawTemp/NO3/pH/FSig,BbSig,TSig/Ocr: 211.9dbars 15.3994C 34.4738PSU / 261.6uM 15.399C 33.653 8.400 292.760 / 5.6uM / -0.842549V /   56  125  555 / 0x8006646d 0x7fffb8ad 0x8008765b 0x7fff969b
(Sep 30 2025 03:56:42,   47571 sec) Profile()            Sample 35 initiated at 201.8dbars for bin 40 [200dbars].  PTS/O2,T2,TPhase,RPhase,RawTemp/NO3/pH/FSig,BbSig,TSig/Ocr: 201.7dbars 15.8024C 34.5207PSU / 260.2uM 15.793C 33.535 8.404 279.779 / 5.4uM / -0.842188V /   57  123  555 / 0x8006589b 0x7fffa8d2 0x80087b80 0x7fff8bed
(Sep 30 2025 03:58:50,   47699 sec) Profile()            Sample 36 initiated at 191.3dbars for bin 41 [190dbars].  PTS/O2,T2,TPhase,RPhase,RawTemp/NO3/pH/FSig,BbSig,TSig/Ocr: 191.2dbars 16.1049C 34.5550PSU / 256.2uM 16.095C 33.574 8.412 269.837 / 5.2uM / -0.841960V /   56  122  554 / 0x80065f1b 0x7fffc036 0x8008785b 0x7fff9389
(Sep 30 2025 04:00:59,   47828 sec) Profile()            Sample 37 initiated at 181.1dbars for bin 42 [180dbars].  PTS/O2,T2,TPhase,RPhase,RawTemp/NO3/pH/FSig,BbSig,TSig/Ocr: 181.1dbars 16.3252C 34.5807PSU / 254.5uM 16.324C 33.550 8.416 262.264 / 4.8uM / -0.841553V /   56  124  554 / 0x80063f92 0x7fffae52 0x800881f6 0x7fff9500
(Sep 30 2025 04:02:56,   47945 sec) Profile()            Sample 38 initiated at 171.8dbars for bin 43 [170dbars].  PTS/O2,T2,TPhase,RPhase,RawTemp/NO3/pH/FSig,BbSig,TSig/Ocr: 171.7dbars 16.6250C 34.6133PSU / 255.9uM 16.634C 33.339 8.421 252.068 / 4.4uM / -0.840842V /   60  123  553 / 0x80065aa4 0x7fffc264 0x800897d2 0x7fff9776
(Sep 30 2025 04:05:26,   48095 sec) Profile()            Sample 39 initiated at 161.9dbars for bin 44 [160dbars].  PTS/O2,T2,TPhase,RPhase,RawTemp/NO3/pH/FSig,BbSig,TSig/Ocr: 161.8dbars 17.0457C 34.6544PSU / 257.3uM 17.036C 33.088 8.434 238.790 / 4.9uM / -0.840733V /   63  125  553 / 0x80064f49 0x7fffd109 0x80089264 0x7fff81c0
(Sep 30 2025 04:08:19,   48268 sec) Profile()            Sample 40 initiated at 151.4dbars for bin 45 [150dbars].  PTS/O2,T2,TPhase,RPhase,RawTemp/NO3/pH/FSig,BbSig,TSig/Ocr: 151.4dbars 17.7748C 34.7686PSU / 241.3uM 17.770C 33.512 8.451 214.593 / 4.8uM / -0.840567V /   60  128  552 / 0x80063976 0x7fffbde4 0x80089a2d 0x7fff809b
(Sep 30 2025 04:10:49,   48418 sec) Profile()            Sample 41 initiated at 141.5dbars for bin 46 [140dbars].  PTS/O2,T2,TPhase,RPhase,RawTemp/NO3/pH/FSig,BbSig,TSig/Ocr: 141.5dbars 18.1564C 34.8247PSU / 237.8uM 18.153C 33.509 8.447 201.946 / 4.7uM / -0.840021V /   63  129  551 / 0x80064092 0x7fffc592 0x8008b876 0x7fff7340
(Sep 30 2025 04:13:42,   48591 sec) Profile()            Sample 42 initiated at 131.6dbars for bin 47 [130dbars].  PTS/O2,T2,TPhase,RPhase,RawTemp/NO3/pH/FSig,BbSig,TSig/Ocr: 131.6dbars 18.7286C 34.8929PSU / 236.3uM 18.725C 33.327 8.451 183.109 / 4.3uM / -0.839411V /   71  135  550 / 0x80062c9b 0x7fffc6c0 0x80089209 0x7fff7cc0
(Sep 30 2025 04:17:08,   48797 sec) Profile()            Sample 43 initiated at 121.9dbars for bin 48 [120dbars].  PTS/O2,T2,TPhase,RPhase,RawTemp/NO3/pH/FSig,BbSig,TSig/Ocr: 121.9dbars 19.1659C 34.9481PSU / 236.5uM 19.153C 33.124 8.459 168.988 / 3.8uM / -0.838621V /   79  137  549 / 0x80064980 0x7fffc8c9 0x8008af5b 0x7fff6724
(Sep 30 2025 04:21:00,   49029 sec) AscentControlAgent() Bouyancy nudge to 146 (v=0.035dbar/sec).
(Sep 30 2025 04:21:00,   49029 sec) PistonMoveAbsWTO()    141->146 142 143 144 145 146 [25sec, 14.9Volts, 0.177Amps, CPT:1662sec]
(Sep 30 2025 04:22:16,   49105 sec) Profile()            Sample 44 initiated at 110.8dbars for bin 49 [110dbars].  PTS/O2,T2,TPhase,RPhase,RawTemp/NO3/pH/FSig,BbSig,TSig/Ocr: 110.8dbars 19.7710C 35.0235PSU / 241.9uM 19.773C 32.587 8.472 148.594 / 2.9uM / -0.837322V /  100  148  548 / 0x800637db 0x7fffac5b 0x80089349 0x7fff615b
(Sep 30 2025 04:24:24,   49233 sec) Profile()            Sample 45 initiated at 101.6dbars for bin 50 [100dbars].  PTS/O2,T2,TPhase,RPhase,RawTemp/NO3/pH/FSig,BbSig,TSig/Ocr: 101.5dbars 19.9625C 35.0543PSU / 243.5uM 19.991C 32.412 8.470 141.418 / 2.6uM / -0.836611V /  100  143  548 / 0x800637a4 0x7fffc9db 0x80089540 0x7fff62e4
(Sep 30 2025 04:25:37,   49306 sec) Profile()            Sample 46 initiated at 96.8dbars for bin 51 [95dbars].  PTS/O2,T2,TPhase,RPhase,RawTemp/NO3/pH/FSig,BbSig,TSig/Ocr: 96.7dbars 20.4230C 35.0871PSU / 246.5uM 20.400C 32.093 8.475 127.951 / 2.2uM / -0.835465V /  113  142  547 / 0x80063192 0x7fffb35b 0x8008996d 0x7fff5840
(Sep 30 2025 04:27:13,   49402 sec) Profile()            Sample 47 initiated at 91.9dbars for bin 52 [90dbars].  PTS/O2,T2,TPhase,RPhase,RawTemp/NO3/pH/FSig,BbSig,TSig/Ocr: 91.9dbars 20.7720C 35.1145PSU / 255.4uM 20.757C 31.531 8.481 116.227 / 1.9uM / -0.834748V /  132  143  547 / 0x8006312d 0x7fffd052 0x800895b6 0x7fff4f92
(Sep 30 2025 04:29:10,   49519 sec) Profile()            Sample 48 initiated at 86.8dbars for bin 53 [85dbars].  PTS/O2,T2,TPhase,RPhase,RawTemp/NO3/pH/FSig,BbSig,TSig/Ocr: 86.8dbars 20.9248C 35.1227PSU / 260.5uM 20.917C 31.237 8.487 110.991 / 1.9uM / -0.834335V /  126  143  546 / 0x800648c9 0x7fffb492 0x80087209 0x7fff4b76
(Sep 30 2025 04:31:18,   49647 sec) Profile()            Sample 49 initiated at 81.9dbars for bin 54 [80dbars].  PTS/O2,T2,TPhase,RPhase,RawTemp/NO3/pH/FSig,BbSig,TSig/Ocr: 81.9dbars 21.1701C 35.1390PSU / 264.5uM 21.153C 30.966 8.488 103.268 / 1.9uM / -0.833751V /  100  143  546 / 0x800646db 0x7fff8d76 0x80085c5b 0x7fff4880
(Sep 30 2025 04:34:22,   49831 sec) Profile()            Sample 50 initiated at 77.0dbars for bin 55 [75dbars].  PTS/O2,T2,TPhase,RPhase,RawTemp/NO3/pH/FSig,BbSig,TSig/Ocr: 77.0dbars 21.4288C 35.1528PSU / 269.3uM 21.417C 30.653 8.491 94.595 / 1.8uM / -0.833248V /   89  144  546 / 0x800637db 0x7fff7949 0x80083064 0x7fff5236
(Sep 30 2025 04:36:24,   49953 sec) AscentControlAgent() Bouyancy nudge to 151 (v=0.019dbar/sec).
(Sep 30 2025 04:36:24,   49953 sec) PistonMoveAbsWTO()    146->151 147 148 149 150 151 [25sec, 15.0Volts, 0.188Amps, CPT:1687sec]
(Sep 30 2025 04:38:46,   50095 sec) Profile()            Sample 51 initiated at 72.0dbars for bin 56 [70dbars].  PTS/O2,T2,TPhase,RPhase,RawTemp/NO3/pH/FSig,BbSig,TSig/Ocr: 72.0dbars 21.7551C 35.1658PSU / 275.1uM 21.749C 30.278 8.496 83.732 / 1.9uM / -0.832734V /   77  147  545 / 0x800624db 0x7fff3f1b 0x80081576 0x7fff4aed
(Sep 30 2025 04:40:54,   50223 sec) Profile()            Sample 52 initiated at 66.9dbars for bin 57 [65dbars].  PTS/O2,T2,TPhase,RPhase,RawTemp/NO3/pH/FSig,BbSig,TSig/Ocr: 66.9dbars 22.0904C 35.1795PSU / 276.8uM 22.056C 30.082 8.495 73.684 / 2.0uM / -0.832369V /   74  150  544 / 0x80062a64 0x7fff3592 0x80080900 0x7fff3e2d
(Sep 30 2025 04:41:28,   50257 sec) AscentControlAgent() Bouyancy nudge to 156 (v=0.032dbar/sec).
(Sep 30 2025 04:41:28,   50257 sec) PistonMoveAbsWTO()    151->156 152 153 154 155 156 [25sec, 14.9Volts, 0.172Amps, CPT:1712sec]
(Sep 30 2025 04:43:50,   50399 sec) Profile()            Sample 53 initiated at 61.6dbars for bin 58 [60dbars].  PTS/O2,T2,TPhase,RPhase,RawTemp/NO3/pH/FSig,BbSig,TSig/Ocr: 61.6dbars 23.0092C 35.2329PSU / 279.9uM 22.904C 29.625 8.510 46.050 / 2.7uM / -0.831513V /   70  155  544 / 0x80061cc0 0x7fff3436 0x8007e540 0x7fff4112
(Sep 30 2025 04:46:53,   50582 sec) Profile()            Sample 54 initiated at 56.9dbars for bin 59 [55dbars].  PTS/O2,T2,TPhase,RPhase,RawTemp/NO3/pH/FSig,BbSig,TSig/Ocr: 56.9dbars 23.5030C 35.2406PSU / 281.2uM 23.483C 29.346 8.528 27.215 / 2.4uM / -0.831071V /   68  156  543 / 0x800600c0 0x7fff1e49 0x8007ec49 0x7fff34c0
(Sep 30 2025 04:46:54,   50583 sec) AscentControlAgent() Bouyancy nudge to 161 (v=0.028dbar/sec).
(Sep 30 2025 04:46:54,   50583 sec) PistonMoveAbsWTO()    156->161 157 158 159 160 161 [24sec, 14.9Volts, 0.161Amps, CPT:1736sec]
(Sep 30 2025 04:49:05,   50714 sec) Profile()            Sample 55 initiated at 52.0dbars for bin 60 [50dbars].  PTS/O2,T2,TPhase,RPhase,RawTemp/NO3/pH/FSig,BbSig,TSig/Ocr: 51.9dbars 23.9916C 35.2631PSU / 279.8uM 23.960C 29.218 8.528 11.767 / 3.7uM / -0.830794V /   64  153  542 / 0x80060e9b 0x7fff2324 0x8007dbe4 0x7fff2d9b
(Sep 30 2025 04:52:02,   50891 sec) AscentControlAgent() Bouyancy nudge to 166 (v=0.021dbar/sec).
(Sep 30 2025 04:52:02,   50891 sec) PistonMoveAbsWTO()    161->166 162 163 164 165 166 [24sec, 15.0Volts, 0.171Amps, CPT:1760sec]
(Sep 30 2025 04:57:03,   51192 sec) AscentControlAgent() Bouyancy nudge to 171 (v=0.000dbar/sec).
(Sep 30 2025 04:57:03,   51192 sec) PistonMoveAbsWTO()    166->171 167 168 169 170 171 [24sec, 15.0Volts, 0.166Amps, CPT:1784sec]
(Sep 30 2025 04:59:47,   51356 sec) Profile()            Sample 56 initiated at 47.0dbars for bin 61 [45dbars].  PTS/O2,T2,TPhase,RPhase,RawTemp/NO3/pH/FSig,BbSig,TSig/Ocr: 46.9dbars 26.5550C 35.4016PSU / 257.4uM 26.483C 29.163 8.562 -69.241 / 3.1uM / -0.828818V /   63  152  539 / 0x8005e180 0x7ffee49b 0x8007bc1b 0x7fff0536
(Sep 30 2025 05:02:10,   51499 sec) AscentControlAgent() Bouyancy nudge to 176 (v=0.012dbar/sec).
(Sep 30 2025 05:02:11,   51500 sec) PistonMoveAbsWTO()    171->176 172 173 174 175 176 [24sec, 15.0Volts, 0.161Amps, CPT:1808sec]
(Sep 30 2025 05:05:16,   51685 sec) Profile()            Sample 57 initiated at 41.7dbars for bin 62 [40dbars].  PTS/O2,T2,TPhase,RPhase,RawTemp/NO3/pH/FSig,BbSig,TSig/Ocr: 41.6dbars 27.0779C 35.4263PSU / 246.5uM 27.068C 29.414 8.570 -87.846 / 3.1uM / -0.828253V /   58  146  537 / 0x8005eac9 0x7ffebe2d 0x8007bd36 0x7ffefd49
(Sep 30 2025 05:07:35,   51824 sec) Profile()            Sample 58 initiated at 36.9dbars for bin 63 [35dbars].  PTS/O2,T2,TPhase,RPhase,RawTemp/NO3/pH/FSig,BbSig,TSig/Ocr: 36.9dbars 27.1081C 35.4279PSU / 244.6uM 27.110C 29.483 8.570 -89.173 / 2.9uM / -0.828155V /   58  155  536 / 0x8005e5ed 0x7ffede1b 0x8007a824 0x7ffefde4
(Sep 30 2025 05:07:36,   51825 sec) AscentControlAgent() Bouyancy nudge to 181 (v=0.032dbar/sec).
(Sep 30 2025 05:07:37,   51826 sec) PistonMoveAbsWTO()    176->181 177 178 179 180 181 [24sec, 15.0Volts, 0.153Amps, CPT:1832sec]
(Sep 30 2025 05:09:25,   51934 sec) Profile()            Sample 59 initiated at 31.5dbars for bin 64 [30dbars].  PTS/O2,T2,TPhase,RPhase,RawTemp/NO3/pH/FSig,BbSig,TSig/Ocr: 31.4dbars 27.1113C 35.4255PSU / 244.4uM 27.115C 29.491 8.567 -89.309 / 2.9uM / -0.828064V /   60  146  536 / 0x8005e7a4 0x7ffeda24 0x8007a052 0x7ffefc6d
(Sep 30 2025 05:10:38,   52007 sec) Profile()            Sample 60 initiated at 26.8dbars for bin 65 [25dbars].  PTS/O2,T2,TPhase,RPhase,RawTemp/NO3/pH/FSig,BbSig,TSig/Ocr: 26.7dbars 27.1138C 35.4244PSU / 244.4uM 27.117C 29.489 8.566 -89.391 / 3.1uM / -0.827975V /   55  145  536 / 0x8005e489 0x7ffec9db 0x8007a8ad 0x7ffef436
(Sep 30 2025 05:12:02,   52091 sec) Profile()            Sample 61 initiated at 21.6dbars for bin 66 [20dbars].  PTS/O2,T2,TPhase,RPhase,RawTemp/NO3/pH/FSig,BbSig,TSig/Ocr: 21.6dbars 27.1469C 35.4276PSU / 244.2uM 27.149C 29.485 8.564 -90.400 / 2.9uM / -0.827921V /   56  142  536 / 0x8005e3c0 0x7ffed600 0x8007b209 0x7fff036d
(Sep 30 2025 05:13:27,   52176 sec) Profile()            Sample 62 initiated at 16.4dbars for bin 67 [15dbars].  PTS/O2,T2,TPhase,RPhase,RawTemp/NO3/pH/FSig,BbSig,TSig/Ocr: 16.3dbars 27.1484C 35.4255PSU / 243.9uM 27.155C 29.497 8.574 -90.581 / 3.0uM / -0.827818V /   56  143  535 / 0x8005d324 0x7ffed29b 0x80079fc0 0x7ffef5a4
(Sep 30 2025 05:14:40,   52249 sec) Profile()            Sample 63 initiated at 11.8dbars for bin 68 [10dbars].  PTS/O2,T2,TPhase,RPhase,RawTemp/NO3/pH/FSig,BbSig,TSig/Ocr: 11.7dbars 27.1490C 35.4279PSU / 244.3uM 27.153C 29.480 8.570 -90.540 / 3.0uM / -0.827727V /   56  141  535 / 0x8005c680 0x7ffebc5b 0x8007ac80 0x7ffef752
(Sep 30 2025 05:15:42,   52311 sec) Profile()            Sample 64 initiated at 7.8dbars for bin 69 [6dbars].  PTS/O2,T2,TPhase,RPhase,RawTemp/NO3/pH/FSig,BbSig,TSig/Ocr: 7.8dbars 27.1458C 35.4293PSU / 244.3uM 27.150C 29.481 8.568 -90.441 / 3.0uM / -0.827706V /   55  144  535 / 0x8005cfa4 0x7ffecb49 0x80079900 0x7ffef880
(Sep 30 2025 05:16:29,   52358 sec) SurfaceDetect()      SurfacePressure:-0.0dbars Pressure:3.6dbars PistonPosition:181
(Sep 30 2025 05:16:29,   52358 sec) Sbe41cpStopCP()      Continuous profile stopped.
(Sep 30 2025 05:16:32,   52361 sec) PistonMoveAbsWTO()    181->203 182 183 184 185 186 187 188 189 190 191 192 193 194 195 196 197 198 199 200 201 202 203 [108sec, 14.9Volts, 0.157Amps, CPT:1940sec]
(Sep 30 2025 05:18:25,   52474 sec) chat()               Expected string [S>] not received.
(Sep 30 2025 05:20:20,   52589 sec) Sbe41cpBinAverage()  Finished averaging 13846 samples in 110 seconds.
(Sep 30 2025 05:20:25,   52594 sec) Sbe41cpUploadCP_()   Sbe41cpSerNo[20478] NSample[13846] NBin[493]
(Sep 30 2025 05:20:56,   52625 sec) Sbe41cpUploadCP_()   Continuous profile uploaded [493 lines].
(Sep 30 2025 05:21:09,   52638 sec) MscErrorLog_()       No error records to log.
(Sep 30 2025 05:21:20,   52649 sec) MscErrorLog_()       No error records to log.

<EOT>
