(Sep 28 2025 08:14:30,   52692 sec) TelemetryInit()      Profile 5. (Apf11 FwRev: 061125)
(Sep 28 2025 08:14:30,   52692 sec) TelemetryInit()      Charge consumption model: OCV:15.2V Wake-Cycles:6548 Standby:7.0days Wake:6.5kC Sensors:0.5kC
(Sep 28 2025 08:19:46,   53008 sec) GetSurfaceObs()      P/O2,T2,TPhase,RPhase,RawTemp/FSig,BbSig,TSig: 0.2dbars / 243.9uM 27.226C 29.471 8.570 -92.846 / 54,138,535
(Sep 28 2025 08:19:46,   53008 sec) GetSurfaceObs()      P/Ocr: 0.2dbars / 0x8005ef40 0x7ffeb56d 0x80079080 0x7fff0392
(Sep 28 2025 08:20:19,   53041 sec) GetSurfaceObs()      P/O2,T2,TPhase,RPhase,RawTemp/FSig,BbSig,TSig: 0.2dbars / 243.1uM 27.228C 29.505 8.568 -92.888 / 54,137,534
(Sep 28 2025 08:20:19,   53041 sec) GetSurfaceObs()      P/Ocr: 0.2dbars / 0x8005f040 0x7ffec8a4 0x8007a1c9 0x7fff10ad
(Sep 28 2025 08:20:53,   53075 sec) GetSurfaceObs()      P/O2,T2,TPhase,RPhase,RawTemp/FSig,BbSig,TSig: 0.3dbars / 243.5uM 27.226C 29.490 8.568 -92.833 / 54,138,534
(Sep 28 2025 08:20:53,   53075 sec) GetSurfaceObs()      P/Ocr: 0.3dbars / 0x8005d852 0x7ffed06d 0x8007965b 0x7fff0a36
(Sep 28 2025 08:21:26,   53108 sec) GetSurfaceObs()      P/O2,T2,TPhase,RPhase,RawTemp/FSig,BbSig,TSig: 0.2dbars / 244.4uM 27.167C 29.470 8.566 -90.960 / 54,139,534
(Sep 28 2025 08:21:26,   53108 sec) GetSurfaceObs()      P/Ocr: 0.2dbars / 0x8005e789 0x7ffebaa4 0x80079e12 0x7fff13c0
(Sep 28 2025 08:24:32,   53294 sec) AirSystem()          Battery [216cnt, 15.2V]  Current [20cnt, 79.4mA]  Pneumometer [156cnt, 18.3psi]  Run-Time [89s]
(Sep 28 2025 08:24:45,   53307 sec) GetSurfaceObs()      P/O2,T2,TPhase,RPhase,RawTemp/FSig,BbSig,TSig: 0.0dbars / 252.1uM 25.367C 29.814 8.566 -33.595 / 54,140,534
(Sep 28 2025 08:24:45,   53307 sec) GetSurfaceObs()      P/Ocr: 0.0dbars / 0x8005f1e4 0x7ffec7ed 0x80079a12 0x7fff0a09
(Sep 28 2025 08:25:19,   53341 sec) GetSurfaceObs()      P/O2,T2,TPhase,RPhase,RawTemp/FSig,BbSig,TSig: 0.0dbars / 248.9uM 25.781C 29.794 8.565 -46.837 / 54,137,534
(Sep 28 2025 08:25:19,   53341 sec) GetSurfaceObs()      P/Ocr: 0.0dbars / 0x8005e9c0 0x7ffec680 0x8007a1b6 0x7fff0e00
(Sep 28 2025 08:25:52,   53374 sec) GetSurfaceObs()      P/O2,T2,TPhase,RPhase,RawTemp/FSig,BbSig,TSig: -0.0dbars / 243.9uM 26.319C 29.813 8.562 -64.017 / 55,138,534
(Sep 28 2025 08:25:52,   53374 sec) GetSurfaceObs()      P/Ocr: -0.0dbars / 0x8005ea24 0x7ffebfb6 0x80079cdb 0x7fff0a5b
(Sep 28 2025 08:26:25,   53407 sec) GetSurfaceObs()      P/O2,T2,TPhase,RPhase,RawTemp/FSig,BbSig,TSig: -0.0dbars / 248.2uM 26.203C 29.662 8.560 -60.329 / 53,138,534
(Sep 28 2025 08:26:25,   53407 sec) GetSurfaceObs()      P/Ocr: -0.0dbars / 0x8005ff89 0x7ffebda4 0x800791db 0x7fff0592
(Sep 28 2025 08:26:58,   53440 sec) GetSurfaceObs()      P/O2,T2,TPhase,RPhase,RawTemp/FSig,BbSig,TSig: -0.1dbars / 252.1uM 26.015C 29.566 8.560 -54.338 / 54,138,534
(Sep 28 2025 08:26:58,   53440 sec) GetSurfaceObs()      P/Ocr: -0.1dbars / 0x8005f949 0x7ffebde4 0x800790c0 0x7fff0b76
(Sep 28 2025 08:27:31,   53473 sec) GetSurfaceObs()      P/O2,T2,TPhase,RPhase,RawTemp/FSig,BbSig,TSig: -0.1dbars / 247.0uM 25.948C 29.815 8.558 -52.182 / 54,140,534
(Sep 28 2025 08:27:31,   53473 sec) GetSurfaceObs()      P/Ocr: -0.1dbars / 0x8005f0c9 0x7ffec780 0x8007a91b 0x7fff04ed
(Sep 28 2025 08:28:05,   53507 sec) GetSurfaceObs()      P/O2,T2,TPhase,RPhase,RawTemp/FSig,BbSig,TSig: -0.1dbars / 250.4uM 25.545C 29.818 8.557 -39.291 / 53,139,534
(Sep 28 2025 08:28:05,   53507 sec) GetSurfaceObs()      P/Ocr: -0.1dbars / 0x8005e6b6 0x7ffecf76 0x8007abd2 0x7fff1b89
(Sep 28 2025 08:28:38,   53540 sec) GetSurfaceObs()      P/O2,T2,TPhase,RPhase,RawTemp/FSig,BbSig,TSig: -0.1dbars / 247.7uM 25.875C 29.813 8.559 -49.844 / 54,140,534
(Sep 28 2025 08:28:38,   53540 sec) GetSurfaceObs()      P/Ocr: -0.1dbars / 0x8005f2f6 0x7ffecdc9 0x80079c1b 0x7fff1809
(Sep 28 2025 08:28:55,   53557 sec) AirSystem()          Battery [217cnt, 15.2V]  Current [20cnt, 79.7mA]  Pneumometer [158cnt, 18.6psi]  Run-Time [9s]
(Sep 28 2025 08:29:36,   53598 sec) GetSurfaceObs()      P/O2,T2,TPhase,RPhase,RawTemp/FSig,BbSig,TSig: -0.0dbars / 251.2uM 25.313C 29.871 8.557 -31.864 / 53,136,534
(Sep 28 2025 08:29:36,   53598 sec) GetSurfaceObs()      P/Ocr: -0.0dbars / 0x8005f6c0 0x7ffed592 0x80079540 0x7fff0d92
(Sep 28 2025 08:29:39,   53601 sec) GpsServices()        GPS almanac is current.
(Sep 28 2025 08:29:39,   53601 sec) GpsServices()        Initiating GPS fix acquisition.
(Sep 28 2025 08:29:49,   53611 sec) gga()                $GPGGA,083000,2732.8733,N,15758.4427,W,0,00,,,M,,M,,*44
(Sep 28 2025 08:29:58,   53620 sec) gga()                $GPGGA,083010,2732.8733,N,15758.4427,W,0,00,,,M,,M,,*45
(Sep 28 2025 08:30:08,   53630 sec) gga()                $GPGGA,083020,2732.8733,N,15758.4427,W,0,00,,,M,,M,,*46
(Sep 28 2025 08:30:19,   53641 sec) gga()                $GPGGA,083030,2732.7433,N,15758.3694,W,1,07,1.0,-8.6,M,-5.6,M,,*62
(Sep 28 2025 08:30:19,   53641 sec) GpsServices()        Profile 5 GPS fix obtained in 40 seconds.
(Sep 28 2025 08:30:19,   53641 sec) GpsServices()                   lon      lat mm/dd/yyyy hhmmss nsat
(Sep 28 2025 08:30:19,   53641 sec) GpsServices()        Fix: -157.9728  27.5457 09/28/2025 083030    7
(Sep 28 2025 08:30:29,   53651 sec) gga()                $GPGGA,083040,2732.7438,N,15758.3676,W,1,11,0.7,-3.4,M,-5.6,M,,*6A
(Sep 28 2025 08:30:38,   53660 sec) gga()                $GPGGA,083050,2732.7443,N,15758.3662,W,1,11,0.7,-3.0,M,-5.6,M,,*66
(Sep 28 2025 08:30:38,   53660 sec) GpsServices()        APF11 RTC skew (-12s) OK.
(Sep 28 2025 08:30:38,   53660 sec) GpsServices()        GPS services complete.
(Sep 28 2025 08:31:13,   53695 sec) IrGeoLoc()           <x,y,z>=<-5244km,-2120km,2932km> lat=27.557 lon=-157.988 IrSysTime=0xeddf6ab9
(Sep 28 2025 08:31:16,   53698 sec) CLogin()             Connecting to primary host.
(Sep 28 2025 08:31:34,   53716 sec) CLogin()             Connection 1 established in 18 seconds.
(Sep 28 2025 08:32:15,   53757 sec) expect()             Attempt to read prompt string [Last login:] failed.
(Sep 28 2025 08:32:15,   53757 sec) login()              Login failed.
(Sep 28 2025 08:32:45,   53787 sec) expect()             Attempt to read prompt string [login:] failed.
(Sep 28 2025 08:32:45,   53787 sec) login()              Login prompt not received.
(Sep 28 2025 08:32:55,   53797 sec) CLogin()             Connection 2 established in 99 seconds.
(Sep 28 2025 08:33:30,   53832 sec) expect()             Attempt to read prompt string [Last login:] failed.
(Sep 28 2025 08:33:30,   53832 sec) login()              Login failed.
(Sep 28 2025 08:34:00,   53862 sec) expect()             Attempt to read prompt string [login:] failed.
(Sep 28 2025 08:34:00,   53862 sec) login()              Login prompt not received.
(Sep 28 2025 08:34:00,   53862 sec) CLogin()             Attempt to connect to primary host failed after 2 tries.  Connecting to alternate host.
(Sep 28 2025 08:34:13,   53875 sec) CLogin()             Connection 3 established in 177 seconds.
(Sep 28 2025 08:34:38,   53900 sec) login()              Login successful.
(Sep 28 2025 08:34:42,   53904 sec) CLogin()             Logged in to host.  [Login required 29 seconds]
(Sep 28 2025 08:34:44,   53906 sec) RxConfig()           Downloading "mission.cfg" from host.
(Sep 28 2025 08:34:59,   53921 sec) RxConfig()           Download successful: [bytes:33, sec:13.0, bps:3]
(Sep 28 2025 08:35:03,   53925 sec) WriteVitals_()       Writing vitals to "23808.005.msg".
(Sep 28 2025 08:35:11,   53933 sec) UpLoadFile()         Uploading "23808.005.log" to host.
(Sep 28 2025 08:37:56,   54098 sec) UpLoadFile()         Upload successful: [bytes:42086, sec:165.3, bps:255]
(Sep 28 2025 08:37:57,   54099 sec) fmove()              Moved: 23808.005.log -> archive/23808.005.log
(Sep 28 2025 08:38:01,   54103 sec) UpLoadFile()         Uploading "23808.005.msg" to host.
(Sep 28 2025 08:39:44,   54206 sec) UpLoadFile()         Upload successful: [bytes:22172, sec:103.3, bps:215]
(Sep 28 2025 08:39:46,   54208 sec) fmove()              Moved: 23808.005.msg -> archive/23808.005.msg
(Sep 28 2025 08:39:49,   54211 sec) UpLoadFile()         Uploading "23808.005.isus" to host.
(Sep 28 2025 08:41:25,   54307 sec) UpLoadFile()         Upload successful: [bytes:24395, sec:95.5, bps:255]
(Sep 28 2025 08:41:26,   54308 sec) fmove()              Moved: 23808.005.isus -> archive/23808.005.isus
(Sep 28 2025 08:41:30,   54312 sec) UpLoadFile()         Uploading "23808.005.dura" to host.
(Sep 28 2025 08:42:24,   54366 sec) UpLoadFile()         Upload successful: [bytes:11975, sec:54.6, bps:219]
(Sep 28 2025 08:42:25,   54367 sec) fmove()              Moved: 23808.005.dura -> archive/23808.005.dura
(Sep 28 2025 08:42:26,   54368 sec) UpLoad()             Files successfully uploaded: 4
(Sep 28 2025 08:42:26,   54368 sec) UpLoad()             Upload complete.
(Sep 28 2025 08:42:33,   54375 sec) chat()               Expected string [cmd>] not received.
(Sep 28 2025 08:42:33,   54375 sec) logout()             Can't get command prompt.
(Sep 28 2025 08:42:34,   54376 sec) logout()             Log-out successful.
(Sep 28 2025 08:42:35,   54377 sec) Telemetry()          Telemetry cycle complete: PrfId=5 ConnectionAttempts=3  Connections=3
(Sep 28 2025 08:42:35,   54377 sec) TelemetryTerminate() Parsing new mission configuration.
(Sep 28 2025 08:42:36,   54378 sec) configure()          Parsing configurators in "mission.cfg".
(Sep 28 2025 08:42:36,   54378 sec) configure()             TelemetryRetry(15)      [0x7BBC] [TelemetryRetry(15)].
(Sep 28 2025 08:42:37,   54379 sec) configure()          Configuration CRCs and syntax OK.
(Sep 28 2025 08:42:37,   54379 sec) ConfigSupervisor()   Sanity check violated: cfg->TimeDeepProfileDescent >= (cfg->PressureProfile-cfg->PressurePark)/dPdt
(Sep 28 2025 08:42:37,   54379 sec) ConfigSupervisor()   Configuration accepted.
(Sep 28 2025 08:42:37,   54379 sec) TelemetryTerminate() Reconditioning the file system.
(Sep 28 2025 08:42:39,       0 sec) DescentInit()        Deep profile 6 initiated at mission-time 54381sec.
(Sep 28 2025 08:42:40,       1 sec) DescentInit()        Surface pressure: 0.1dbars.
(Sep 28 2025 08:42:40,       1 sec) DescentInit()        Charge consumption model: OCV:15.0V Wake-Cycles:6549 Standby:7.0days Wake:6.6kC Sleep:0.5kC
(Sep 28 2025 08:42:52,      13 sec) DescentInit()        Pneumatic humidity: 2894(60.3%) -> 2897(60.4%)
(Sep 28 2025 08:42:52,      13 sec) PistonMoveAbsWTO()    198->069 197 196 195 194 193 192 191 190 189 188 187 186 185 184 183 182 181 180 179 178 177 176 175 174 173 172 171 170 169 168 167 166 165 164 163 162 161 160 159 158 157 156 155 154 153 152 151 150 149 148 147 146 145 144 143 142 141 140 139 138 137 136 135 134 133 132 131 130 129 128 127 126 125 124 123 122 121 120 119 118 117 116 115 114 113 112 111 110 109 108 107 106 105 104 103 102 101 100 099 098 097 096 095 094 093 092 091 090 089 088 087 086 085 084 083 082 081 080 079 078 077 076 075 074 073 072 071 070 069 [632sec, 15.0Volts, 0.135Amps, CPT:632sec]
(Sep 28 2025 08:53:28,     649 sec) DescentInit()        Air solenoid open: Barometer [209cnt,  12.2psi]  Pneumometer [107cnt,  12.6psi]
(Sep 28 2025 08:53:38,     659 sec) Descent()            Pressure: 55.3
(Sep 28 2025 09:42:39,    3600 sec) Descent()            Pressure: 439.8
(Sep 28 2025 10:42:39,    7200 sec) Descent()            Pressure: 714.5
(Sep 28 2025 11:42:39,   10800 sec) Descent()            Pressure: 789.2
(Sep 28 2025 12:42:39,   14400 sec) Descent()            Pressure: 788.3
(Sep 28 2025 12:42:40,   14401 sec) ParkInit()           Charge consumption model: OCV:15.5V Wake-Cycles:6554 Standby:7.1days Wake:6.9kC Sensors:0.5kC
(Sep 28 2025 15:43:11,   25232 sec) CtdPower()           [  794.89,  4.5353, 34.2262]
(Sep 28 2025 15:43:11,   25232 sec) CtdPower()           CTD Power consumption [219VCnt 3ACnt]: 15.429Volts * 0.012Amps = 0.18Watts.
(Sep 28 2025 15:43:17,   25238 sec) ParkTerminate()      Piston Position:69 Vacuum:191 HumidityAd12:4094(inf%) Vq:220 Aq:2 Vsbe:219 Asbe:3 Vflbb:218 Aflbb:11 Vopt:217 Aopt:13 Vocr:218 Aocr:7 MuxTemp:4.609C MuxHumidity:6.2%
(Sep 28 2025 15:43:47,   25268 sec) ParkTerminate()      PTS/O2,T2,TPhase,RawTemp: 794.8dbars 4.5350C 34.2267PSU / 35.6uM 4.526C 57.024 8.131 641.369
(Sep 28 2025 15:43:47,   25268 sec) ParkTerminate()      FLBB FSig, BbSig, TSig: 54, 117, 571 / Ocr: nan nan nan nan
(Sep 28 2025 15:43:48,   25269 sec) GoDeepInit()         Charge consumption model: OCV:15.4V Wake-Cycles:6557 Standby:7.3days Wake:6.9kC Sensors:0.5kC
(Sep 28 2025 15:43:48,   25269 sec) GoDeepInit()         Moving piston.
(Sep 28 2025 15:43:48,   25269 sec) PistonMoveAbsWTO()    069->009 068 067 066 065 064 063 062 061 060 059 058 057 056 055 054 053 052 051 050 049 048 047 046 045 044 043 042 041 040 039 038 037 036 035 034 033 032 031 030 029 028 027 026 025 024 023 022 021 020 019 018 017 016 015 014 013 012 011 010 009 [296sec, 14.9Volts, 0.072Amps, CPT:928sec]
(Sep 28 2025 17:42:39,   32400 sec) ProfileInit()        Charge consumption model: OCV:15.5V Wake-Cycles:6580 Standby:7.3days Wake:6.9kC Sensors:0.5kC
(Sep 28 2025 17:42:39,   32400 sec) ProfileInit()        PrfId:006  Pressure:1510.2dbar  pTable[5]:1500dbar
(Sep 28 2025 17:42:41,   32402 sec) ProfileInit()        Muxer PPIs K{1,2} quiescent: 15.43V, 0.1mA, 1.5mW
(Sep 28 2025 17:42:45,   32406 sec) ProfileInit()        ISUS powered up.
(Sep 28 2025 17:42:48,   32409 sec) ProfileInit()        Muxer PPIs K{1,2} w/ ISUS awake: 15.27V, 47.3mA, 722.4mW
(Sep 28 2025 17:42:55,   32416 sec) MscErrorLog_()       No error records to log.
(Sep 28 2025 17:43:02,   32423 sec) ProfileInit()        DURA powered up.
(Sep 28 2025 17:43:05,   32426 sec) ProfileInit()        Muxer PPIs K{1,2} w/ DURA awake: 15.25V, 46.8mA, 713.8mW
(Sep 28 2025 17:43:11,   32432 sec) MscErrorLog_()       No error records to log.
(Sep 28 2025 17:43:16,   32437 sec) PistonMoveAbsWTO()    009->031 010 011 012 013 014 015 [30sec, 14.7Volts, 0.521Amps, CPT:958sec]
(Sep 28 2025 17:43:57,   32478 sec) PistonMoveAbsWTO()    015->031 016 017 018 019 020 [30sec, 14.4Volts, 0.513Amps, CPT:988sec]
(Sep 28 2025 17:44:38,   32519 sec) PistonMoveAbsWTO()    020->031 021 022 023 024 025 [30sec, 14.3Volts, 0.504Amps, CPT:1018sec]
(Sep 28 2025 17:45:19,   32560 sec) PistonMoveAbsWTO()    025->031 026 027 028 029 030 [30sec, 14.2Volts, 0.497Amps, CPT:1048sec]
(Sep 28 2025 17:46:44,   32645 sec) PistonMoveAbsWTO()    031->031 [0sec, 0.0Volts, 0.000Amps, CPT:1048sec]
(Sep 28 2025 17:47:17,   32678 sec) PistonMoveAbsWTO()    031->031 [0sec, 0.0Volts, 0.000Amps, CPT:1048sec]
(Sep 28 2025 17:48:25,   32746 sec) Profile()            Sample 0 initiated at 1501.4dbars for bin 5 [1500dbars].  PTS/O2,T2,TPhase,RPhase,RawTemp/NO3/pH/FSig,BbSig,TSig/Ocr: 1499.4dbars 2.7863C 34.5519PSU / 74.5uM 2.781C 53.097 8.142 694.554 / 42.1uM / -0.884275V /   54  112  573 / nan nan nan nan
(Sep 28 2025 17:48:26,   32747 sec) PistonMoveAbsWTO()    030->031 031 [1sec, 14.5Volts, 0.548Amps, CPT:1049sec]
(Sep 28 2025 17:57:49,   33310 sec) AscentControlAgent() Bouyancy nudge to 41 (v=0.068dbar/sec).
(Sep 28 2025 17:57:49,   33310 sec) PistonMoveAbsWTO()    031->041 032 033 034 035 036 [30sec, 14.5Volts, 0.490Amps, CPT:1079sec]
(Sep 28 2025 17:58:30,   33351 sec) PistonMoveAbsWTO()    036->041 037 038 039 040 041 [25sec, 14.4Volts, 0.488Amps, CPT:1104sec]
(Sep 28 2025 18:06:51,   33852 sec) Profile()            Sample 1 initiated at 1401.6dbars for bin 6 [1400dbars].  PTS/O2,T2,TPhase,RPhase,RawTemp/NO3/pH/FSig,BbSig,TSig/Ocr: 1399.7dbars 3.0091C 34.5314PSU / 67.5uM 3.003C 53.745 8.157 687.836 / 42.5uM / -0.884413V /   55  111  573 / nan nan nan nan
(Sep 28 2025 18:23:26,   34847 sec) AscentControlAgent() Bouyancy nudge to 51 (v=0.076dbar/sec).
(Sep 28 2025 18:23:26,   34847 sec) PistonMoveAbsWTO()    041->051 042 043 044 045 046 [30sec, 14.7Volts, 0.464Amps, CPT:1134sec]
(Sep 28 2025 18:24:07,   34888 sec) PistonMoveAbsWTO()    046->051 047 048 049 050 051 [25sec, 14.5Volts, 0.459Amps, CPT:1159sec]
(Sep 28 2025 18:26:25,   35026 sec) Profile()            Sample 2 initiated at 1301.9dbars for bin 7 [1300dbars].  PTS/O2,T2,TPhase,RPhase,RawTemp/NO3/pH/FSig,BbSig,TSig/Ocr: 1299.7dbars 3.2094C 34.5161PSU / 63.6uM 3.203C 54.088 8.158 681.762 / 42.6uM / -0.883995V /   54  116  573 / nan nan nan nan
(Sep 28 2025 18:33:59,   35480 sec) PistonMoveAbsWTO()    051->051 [0sec, 0.0Volts, 0.000Amps, CPT:1159sec]
(Sep 28 2025 18:36:55,   35656 sec) PistonMoveAbsWTO()    050->051 051 [1sec, 14.8Volts, 0.493Amps, CPT:1160sec]
(Sep 28 2025 18:44:19,   36100 sec) Profile()            Sample 3 initiated at 1201.4dbars for bin 8 [1200dbars].  PTS/O2,T2,TPhase,RPhase,RawTemp/NO3/pH/FSig,BbSig,TSig/Ocr: 1199.7dbars 3.4445C 34.4874PSU / 55.7uM 3.436C 54.889 8.162 674.690 / 43.0uM / -0.884035V /   55  113  572 / nan nan nan nan
(Sep 28 2025 18:49:30,   36411 sec) AscentControlAgent() Bouyancy nudge to 61 (v=0.080dbar/sec).
(Sep 28 2025 18:49:30,   36411 sec) PistonMoveAbsWTO()    051->061 052 053 054 055 056 [30sec, 14.6Volts, 0.426Amps, CPT:1190sec]
(Sep 28 2025 18:50:11,   36452 sec) PistonMoveAbsWTO()    056->061 057 058 059 060 061 [23sec, 14.5Volts, 0.423Amps, CPT:1213sec]
(Sep 28 2025 18:52:36,   36597 sec) PistonMoveAbsWTO()    061->061 [0sec, 0.0Volts, 0.000Amps, CPT:1213sec]
(Sep 28 2025 18:57:56,   36917 sec) PistonMoveAbsWTO()    060->061 061 [1sec, 14.7Volts, 0.462Amps, CPT:1214sec]
(Sep 28 2025 19:01:51,   37152 sec) Profile()            Sample 4 initiated at 1101.6dbars for bin 9 [1100dbars].  PTS/O2,T2,TPhase,RPhase,RawTemp/NO3/pH/FSig,BbSig,TSig/Ocr: 1099.5dbars 3.6539C 34.4517PSU / 47.0uM 3.647C 55.833 8.166 668.269 / 43.4uM / -0.884101V /   54  114  572 / nan nan nan nan
(Sep 28 2025 19:20:16,   38257 sec) AscentControlAgent() Bouyancy nudge to 71 (v=0.073dbar/sec).
(Sep 28 2025 19:20:16,   38257 sec) PistonMoveAbsWTO()    061->071 062 063 064 065 066 [30sec, 14.7Volts, 0.394Amps, CPT:1244sec]
(Sep 28 2025 19:21:54,   38355 sec) Profile()            Sample 5 initiated at 999.6dbars for bin 10 [1000dbars].  PTS/O2,T2,TPhase,RPhase,RawTemp/NO3/pH/FSig,BbSig,TSig/Ocr: 997.8dbars 3.8495C 34.4016PSU / 37.9uM 3.842C 56.904 8.171 662.323 / 43.8uM / -0.884308V /   55  115  572 / nan nan nan nan
(Sep 28 2025 19:21:55,   38356 sec) PistonMoveAbsWTO()    066->071 067 068 069 070 071 [23sec, 14.5Volts, 0.389Amps, CPT:1267sec]
(Sep 28 2025 19:25:06,   38547 sec) Sbe41cpStartCP()     Continuous profile started.
(Sep 28 2025 19:30:51,   38892 sec) Profile()            Sample 6 initiated at 951.6dbars for bin 11 [950dbars].  PTS/O2,T2,TPhase,RPhase,RawTemp/NO3/pH/FSig,BbSig,TSig/Ocr: 951.5dbars 3.9183C 34.3736PSU / 33.3uM 3.910C 57.476 8.173 660.237 / 44.1uM / -0.884443V /   54  115  572 / nan nan nan nan
(Sep 28 2025 19:36:00,   39201 sec) AscentControlAgent() Bouyancy nudge to 81 (v=0.077dbar/sec).
(Sep 28 2025 19:36:00,   39201 sec) PistonMoveAbsWTO()    071->081 072 073 074 075 076 [30sec, 14.5Volts, 0.378Amps, CPT:1297sec]
(Sep 28 2025 19:36:41,   39242 sec) PistonMoveAbsWTO()    076->081 077 078 079 080 081 [24sec, 14.4Volts, 0.371Amps, CPT:1321sec]
(Sep 28 2025 19:40:38,   39479 sec) Profile()            Sample 7 initiated at 901.4dbars for bin 12 [900dbars].  PTS/O2,T2,TPhase,RPhase,RawTemp/NO3/pH/FSig,BbSig,TSig/Ocr: 901.3dbars 4.0620C 34.3346PSU / 30.2uM 4.055C 57.862 8.174 655.799 / 44.1uM / -0.884392V /   54  113  572 / nan nan nan nan
(Sep 28 2025 19:49:07,   39988 sec) Profile()            Sample 8 initiated at 851.7dbars for bin 13 [850dbars].  PTS/O2,T2,TPhase,RPhase,RawTemp/NO3/pH/FSig,BbSig,TSig/Ocr: 851.6dbars 4.2285C 34.2888PSU / 29.3uM 4.221C 57.944 8.179 650.723 / 44.0uM / -0.884173V /   55  117  571 / nan nan nan nan
(Sep 28 2025 19:58:23,   40544 sec) Profile()            Sample 9 initiated at 801.3dbars for bin 14 [800dbars].  PTS/O2,T2,TPhase,RPhase,RawTemp/NO3/pH/FSig,BbSig,TSig/Ocr: 801.2dbars 4.4310C 34.2464PSU / 31.4uM 4.424C 57.603 8.182 644.506 / 43.4uM / -0.883562V /   55  116  571 / nan nan nan nan
(Sep 28 2025 20:06:34,   41035 sec) AscentControlAgent() Bouyancy nudge to 91 (v=0.071dbar/sec).
(Sep 28 2025 20:06:34,   41035 sec) PistonMoveAbsWTO()    081->091 082 083 084 085 086 [30sec, 14.6Volts, 0.337Amps, CPT:1351sec]
(Sep 28 2025 20:07:15,   41076 sec) PistonMoveAbsWTO()    086->091 087 088 089 090 091 [24sec, 14.5Volts, 0.334Amps, CPT:1375sec]
(Sep 28 2025 20:09:12,   41193 sec) Profile()            Sample 10 initiated at 751.1dbars for bin 15 [750dbars].  PTS/O2,T2,TPhase,RPhase,RawTemp/NO3/pH/FSig,BbSig,TSig/Ocr: 751.0dbars 4.6864C 34.1840PSU / 40.4uM 4.680C 56.365 8.187 636.617 / 42.5uM / -0.882449V /   55  115  571 / nan nan nan nan
(Sep 28 2025 20:18:16,   41737 sec) Profile()            Sample 11 initiated at 701.6dbars for bin 16 [700dbars].  PTS/O2,T2,TPhase,RPhase,RawTemp/NO3/pH/FSig,BbSig,TSig/Ocr: 701.6dbars 4.9723C 34.1346PSU / 51.5uM 4.963C 54.889 8.193 627.896 / 41.4uM / -0.881140V /   55  117  570 / nan nan nan nan
(Sep 28 2025 20:26:56,   42257 sec) AscentControlAgent() Bouyancy nudge to 101 (v=0.073dbar/sec).
(Sep 28 2025 20:26:56,   42257 sec) PistonMoveAbsWTO()    091->101 092 093 094 095 096 [30sec, 14.6Volts, 0.312Amps, CPT:1405sec]
(Sep 28 2025 20:27:37,   42298 sec) PistonMoveAbsWTO()    096->101 097 098 099 100 101 [23sec, 14.5Volts, 0.315Amps, CPT:1428sec]
(Sep 28 2025 20:29:09,   42390 sec) Profile()            Sample 12 initiated at 650.9dbars for bin 17 [650dbars].  PTS/O2,T2,TPhase,RPhase,RawTemp/NO3/pH/FSig,BbSig,TSig/Ocr: 650.8dbars 5.4250C 34.0710PSU / 73.8uM 5.414C 52.170 8.200 613.917 / 39.0uM / -0.878308V /   54  116  570 / nan nan nan nan
(Sep 28 2025 20:37:40,   42901 sec) Profile()            Sample 13 initiated at 601.5dbars for bin 18 [600dbars].  PTS/O2,T2,TPhase,RPhase,RawTemp/NO3/pH/FSig,BbSig,TSig/Ocr: 601.4dbars 5.9936C 34.0261PSU / 103.6uM 5.983C 48.939 8.211 596.243 / 35.9uM / -0.874513V /   54  132  569 / nan nan nan nan
(Sep 28 2025 20:48:13,   43534 sec) Profile()            Sample 14 initiated at 551.8dbars for bin 19 [550dbars].  PTS/O2,T2,TPhase,RPhase,RawTemp/NO3/pH/FSig,BbSig,TSig/Ocr: 551.7dbars 6.6222C 34.0015PSU / 133.6uM 6.610C 46.033 8.227 576.633 / 32.4uM / -0.870623V /   53  118  568 / nan nan nan nan
(Sep 28 2025 20:48:15,   43536 sec) AscentControlAgent() Bouyancy nudge to 111 (v=0.071dbar/sec).
(Sep 28 2025 20:48:15,   43536 sec) PistonMoveAbsWTO()    101->111 102 103 104 105 106 [30sec, 14.6Volts, 0.284Amps, CPT:1458sec]
(Sep 28 2025 20:48:56,   43577 sec) PistonMoveAbsWTO()    106->111 107 108 109 110 111 [23sec, 14.5Volts, 0.288Amps, CPT:1481sec]
(Sep 28 2025 20:58:22,   44143 sec) Profile()            Sample 15 initiated at 501.7dbars for bin 20 [500dbars].  PTS/O2,T2,TPhase,RPhase,RawTemp/NO3/pH/FSig,BbSig,TSig/Ocr: 501.6dbars 7.7963C 34.0056PSU / 175.0uM 7.779C 42.369 8.254 539.772 / 26.8uM / -0.864540V /   52  119  567 / nan nan nan nan
(Sep 28 2025 20:58:24,   44145 sec) AscentControlAgent() Bouyancy nudge to 121 (v=0.080dbar/sec).
(Sep 28 2025 20:58:24,   44145 sec) PistonMoveAbsWTO()    111->121 112 113 114 115 116 [30sec, 14.6Volts, 0.281Amps, CPT:1511sec]
(Sep 28 2025 20:59:05,   44186 sec) PistonMoveAbsWTO()    116->121 117 118 119 120 121 [22sec, 14.5Volts, 0.273Amps, CPT:1533sec]
(Sep 28 2025 21:06:56,   44657 sec) Profile()            Sample 16 initiated at 451.1dbars for bin 21 [450dbars].  PTS/O2,T2,TPhase,RPhase,RawTemp/NO3/pH/FSig,BbSig,TSig/Ocr: 451.0dbars 8.6589C 34.0310PSU / 211.5uM 8.654C 39.636 8.275 511.979 / 22.6uM / -0.859785V /   51  122  565 / 0x80069f9b 0x8000229b 0x8008a164 0x7fffe2c0
(Sep 28 2025 21:16:14,   45215 sec) Profile()            Sample 17 initiated at 401.1dbars for bin 22 [400dbars].  PTS/O2,T2,TPhase,RPhase,RawTemp/NO3/pH/FSig,BbSig,TSig/Ocr: 401.0dbars 9.7054C 34.0816PSU / 232.7uM 9.704C 37.916 8.296 478.383 / 18.8uM / -0.855710V /   50  119  564 / 0x800697a4 0x80001476 0x800875a4 0x7fffd82d
(Sep 28 2025 21:18:49,   45370 sec) AscentControlAgent() Bouyancy nudge to 131 (v=0.079dbar/sec).
(Sep 28 2025 21:18:50,   45371 sec) PistonMoveAbsWTO()    121->131 122 123 124 125 126 [30sec, 14.7Volts, 0.250Amps, CPT:1563sec]
(Sep 28 2025 21:19:31,   45412 sec) PistonMoveAbsWTO()    126->131 127 128 129 130 131 [22sec, 14.6Volts, 0.247Amps, CPT:1585sec]
(Sep 28 2025 21:20:43,   45484 sec) Profile()            Sample 18 initiated at 379.6dbars for bin 23 [380dbars].  PTS/O2,T2,TPhase,RPhase,RawTemp/NO3/pH/FSig,BbSig,TSig/Ocr: 379.5dbars 10.3989C 34.1211PSU / 240.5uM 10.385C 37.161 8.307 456.443 / 17.0uM / -0.853917V /   50  122  563 / 0x8006b5c0 0x800004c9 0x80088509 0x7fffe564
(Sep 28 2025 21:23:47,   45668 sec) Profile()            Sample 19 initiated at 361.6dbars for bin 24 [360dbars].  PTS/O2,T2,TPhase,RPhase,RawTemp/NO3/pH/FSig,BbSig,TSig/Ocr: 361.5dbars 11.0164C 34.1648PSU / 244.6uM 11.005C 36.632 8.319 436.409 / 15.3uM / -0.852373V /   50  119  562 / 0x8006a500 0x7ffffec9 0x80088709 0x7fffde1b
(Sep 28 2025 21:25:33,   45774 sec) Profile()            Sample 20 initiated at 351.4dbars for bin 25 [350dbars].  PTS/O2,T2,TPhase,RPhase,RawTemp/NO3/pH/FSig,BbSig,TSig/Ocr: 351.3dbars 11.2501C 34.1806PSU / 246.7uM 11.249C 36.404 8.327 428.488 / 14.8uM / -0.851761V /   50  116  562 / 0x8006aa92 0x80000876 0x800891c0 0x7fffd41b
(Sep 28 2025 21:27:19,   45880 sec) Profile()            Sample 21 initiated at 341.4dbars for bin 26 [340dbars].  PTS/O2,T2,TPhase,RPhase,RawTemp/NO3/pH/FSig,BbSig,TSig/Ocr: 341.2dbars 11.5901C 34.1995PSU / 247.0uM 11.583C 36.219 8.341 417.670 / 14.2uM / -0.851199V /   51  117  561 / 0x8006a389 0x800009ad 0x80088149 0x7fffd0f6
(Sep 28 2025 21:29:05,   45986 sec) Profile()            Sample 22 initiated at 331.4dbars for bin 27 [330dbars].  PTS/O2,T2,TPhase,RPhase,RawTemp/NO3/pH/FSig,BbSig,TSig/Ocr: 331.3dbars 12.0922C 34.2330PSU / 247.0uM 12.075C 35.972 8.349 401.662 / 13.1uM / -0.850158V /   50  117  561 / 0x80069fb6 0x8000095b 0x80088bc0 0x7fffc292
(Sep 28 2025 21:30:52,   46093 sec) Profile()            Sample 23 initiated at 321.5dbars for bin 28 [320dbars].  PTS/O2,T2,TPhase,RPhase,RawTemp/NO3/pH/FSig,BbSig,TSig/Ocr: 321.4dbars 12.4095C 34.2581PSU / 248.4uM 12.412C 35.734 8.357 390.672 / 12.3uM / -0.849373V /   51  115  560 / 0x80069b92 0x800009c9 0x80089bf6 0x7fffcbc9
(Sep 28 2025 21:32:38,   46199 sec) Profile()            Sample 24 initiated at 311.9dbars for bin 29 [310dbars].  PTS/O2,T2,TPhase,RPhase,RawTemp/NO3/pH/FSig,BbSig,TSig/Ocr: 311.8dbars 12.7130C 34.2824PSU / 249.7uM 12.718C 35.516 8.363 380.699 / 11.6uM / -0.848627V /   50  117  560 / 0x80068e89 0x7ffff380 0x80089f89 0x7fffbadb
(Sep 28 2025 21:34:35,   46316 sec) Profile()            Sample 25 initiated at 301.5dbars for bin 30 [300dbars].  PTS/O2,T2,TPhase,RPhase,RawTemp/NO3/pH/FSig,BbSig,TSig/Ocr: 301.4dbars 13.0329C 34.3041PSU / 249.9uM 13.037C 35.347 8.370 370.283 / 11.1uM / -0.848061V /   50  117  559 / 0x80068376 0x80000f49 0x8008b8a4 0x7fffbd89
(Sep 28 2025 21:36:22,   46423 sec) Profile()            Sample 26 initiated at 292.0dbars for bin 31 [290dbars].  PTS/O2,T2,TPhase,RPhase,RawTemp/NO3/pH/FSig,BbSig,TSig/Ocr: 291.9dbars 13.3112C 34.3236PSU / 248.7uM 13.306C 35.276 8.373 361.460 / 10.8uM / -0.847759V /   50  120  559 / 0x800684d2 0x7ffff55b 0x8008b69b 0x7fffb35b
(Sep 28 2025 21:38:19,   46540 sec) Profile()            Sample 27 initiated at 281.6dbars for bin 32 [280dbars].  PTS/O2,T2,TPhase,RPhase,RawTemp/NO3/pH/FSig,BbSig,TSig/Ocr: 281.5dbars 13.4848C 34.3301PSU / 250.8uM 13.484C 35.087 8.377 355.657 / 10.1uM / -0.847124V /   50  121  558 / 0x800686db 0x7fffe840 0x8008e536 0x7fffbf5b
(Sep 28 2025 21:40:16,   46657 sec) Profile()            Sample 28 initiated at 271.4dbars for bin 33 [270dbars].  PTS/O2,T2,TPhase,RPhase,RawTemp/NO3/pH/FSig,BbSig,TSig/Ocr: 271.3dbars 13.6739C 34.3467PSU / 251.5uM 13.679C 34.954 8.381 349.258 / 9.7uM / -0.846617V /   50  116  558 / 0x80067312 0x800010c9 0x8009041b 0x7fffb8b6
(Sep 28 2025 21:42:14,   46775 sec) Profile()            Sample 29 initiated at 261.8dbars for bin 34 [260dbars].  PTS/O2,T2,TPhase,RPhase,RawTemp/NO3/pH/FSig,BbSig,TSig/Ocr: 261.8dbars 14.0807C 34.3809PSU / 252.7uM 14.075C 34.703 8.387 336.263 / 8.9uM / -0.845809V /   50  120  557 / 0x80067b49 0x80000e9b 0x80093bed 0x7fffaeed
(Sep 28 2025 21:44:33,   46914 sec) Profile()            Sample 30 initiated at 251.5dbars for bin 35 [250dbars].  PTS/O2,T2,TPhase,RPhase,RawTemp/NO3/pH/FSig,BbSig,TSig/Ocr: 251.4dbars 14.3557C 34.4065PSU / 254.8uM 14.350C 34.473 8.393 327.234 / 8.4uM / -0.845140V /   52  118  557 / 0x80068376 0x80003109 0x800983c9 0x7fffb0ad
(Sep 28 2025 21:45:18,   46959 sec) AscentControlAgent() Bouyancy nudge to 141 (v=0.074dbar/sec).
(Sep 28 2025 21:45:19,   46960 sec) PistonMoveAbsWTO()    131->141 132 133 134 135 136 137 [30sec, 14.7Volts, 0.215Amps, CPT:1615sec]
(Sep 28 2025 21:46:00,   47001 sec) PistonMoveAbsWTO()    137->141 138 139 140 141 [21sec, 14.7Volts, 0.219Amps, CPT:1636sec]
(Sep 28 2025 21:47:11,   47072 sec) Profile()            Sample 31 initiated at 239.8dbars for bin 36 [240dbars].  PTS/O2,T2,TPhase,RPhase,RawTemp/NO3/pH/FSig,BbSig,TSig/Ocr: 239.7dbars 14.6237C 34.4263PSU / 255.5uM 14.625C 34.308 8.399 318.199 / 7.8uM / -0.844594V /   52  119  556 / 0x80066e12 0x800046ed 0x8009f480 0x7fffa0ad
(Sep 28 2025 21:48:35,   47156 sec) Profile()            Sample 32 initiated at 232.0dbars for bin 37 [230dbars].  PTS/O2,T2,TPhase,RPhase,RawTemp/NO3/pH/FSig,BbSig,TSig/Ocr: 231.9dbars 14.9152C 34.4382PSU / 257.4uM 14.909C 34.079 8.400 308.872 / 6.8uM / -0.843776V /   53  118  556 / 0x80067124 0x80007776 0x800a7480 0x7fff9980
(Sep 28 2025 21:50:32,   47273 sec) Profile()            Sample 33 initiated at 221.2dbars for bin 38 [220dbars].  PTS/O2,T2,TPhase,RPhase,RawTemp/NO3/pH/FSig,BbSig,TSig/Ocr: 221.1dbars 15.3212C 34.4704PSU / 261.3uM 15.315C 33.706 8.404 295.501 / 5.9uM / -0.842907V /   55  120  555 / 0x8006749b 0x8000dae4 0x800b5212 0x7fff9924
(Sep 28 2025 21:52:19,   47380 sec) Profile()            Sample 34 initiated at 211.6dbars for bin 39 [210dbars].  PTS/O2,T2,TPhase,RPhase,RawTemp/NO3/pH/FSig,BbSig,TSig/Ocr: 211.6dbars 15.6328C 34.4979PSU / 261.7uM 15.633C 33.542 8.410 285.051 / 5.8uM / -0.842388V /   55  128  555 / 0x80067e09 0x80014500 0x800c5ca4 0x7fffa29b
(Sep 28 2025 21:54:16,   47497 sec) Profile()            Sample 35 initiated at 201.1dbars for bin 40 [200dbars].  PTS/O2,T2,TPhase,RPhase,RawTemp/NO3/pH/FSig,BbSig,TSig/Ocr: 201.0dbars 16.3058C 34.5879PSU / 254.6uM 16.312C 33.549 8.414 262.675 / 6.2uM / -0.842342V /   57  124  554 / 0x80066d00 0x80023f6d 0x800e6b89 0x7fff946d
(Sep 28 2025 21:56:13,   47614 sec) Profile()            Sample 36 initiated at 191.4dbars for bin 41 [190dbars].  PTS/O2,T2,TPhase,RPhase,RawTemp/NO3/pH/FSig,BbSig,TSig/Ocr: 191.3dbars 16.9159C 34.6709PSU / 243.6uM 16.909C 33.799 8.431 242.990 / 5.9uM / -0.842039V /   57  124  554 / 0x80067b80 0x800331e4 0x80106cc9 0x7fff9bf6
(Sep 28 2025 21:58:11,   47732 sec) Profile()            Sample 37 initiated at 181.7dbars for bin 42 [180dbars].  PTS/O2,T2,TPhase,RPhase,RawTemp/NO3/pH/FSig,BbSig,TSig/Ocr: 181.6dbars 17.2648C 34.7102PSU / 240.0uM 17.262C 33.811 8.447 231.335 / 5.3uM / -0.841555V /   57  122  553 / 0x80067bdb 0x8004a1c9 0x80134740 0x7fff9a5b
(Sep 28 2025 22:00:08,   47849 sec) Profile()            Sample 38 initiated at 171.9dbars for bin 43 [170dbars].  PTS/O2,T2,TPhase,RPhase,RawTemp/NO3/pH/FSig,BbSig,TSig/Ocr: 171.8dbars 17.3999C 34.7204PSU / 242.3uM 17.389C 33.638 8.451 227.151 / 5.2uM / -0.841250V /   59  123  552 / 0x800693d2 0x8007216d 0x801792db 0x7fff8576
(Sep 28 2025 22:02:28,   47989 sec) Profile()            Sample 39 initiated at 161.3dbars for bin 44 [160dbars].  PTS/O2,T2,TPhase,RPhase,RawTemp/NO3/pH/FSig,BbSig,TSig/Ocr: 161.2dbars 17.7652C 34.7693PSU / 239.1uM 17.757C 33.627 8.459 215.021 / 5.1uM / -0.840810V /   63  128  552 / 0x8006ad40 0x800afad2 0x801df9e4 0x7fff9640
(Sep 28 2025 22:04:47,   48128 sec) Profile()            Sample 40 initiated at 152.0dbars for bin 45 [150dbars].  PTS/O2,T2,TPhase,RPhase,RawTemp/NO3/pH/FSig,BbSig,TSig/Ocr: 151.9dbars 18.0928C 34.8174PSU / 237.2uM 18.089C 33.570 8.453 204.053 / 4.8uM / -0.840395V /   63  128  551 / 0x8006e22d 0x80106c9b 0x8026db36 0x7fffac00
(Sep 28 2025 22:07:51,   48312 sec) Profile()            Sample 41 initiated at 141.9dbars for bin 46 [140dbars].  PTS/O2,T2,TPhase,RPhase,RawTemp/NO3/pH/FSig,BbSig,TSig/Ocr: 141.9dbars 18.9001C 34.9136PSU / 236.2uM 18.882C 33.263 8.459 177.937 / 4.1uM / -0.839382V /   74  134  550 / 0x80076340 0x801839ed 0x80328d89 0x7fffcbdb
(Sep 28 2025 22:11:38,   48539 sec) Profile()            Sample 42 initiated at 131.6dbars for bin 47 [130dbars].  PTS/O2,T2,TPhase,RPhase,RawTemp/NO3/pH/FSig,BbSig,TSig/Ocr: 131.5dbars 19.4589C 34.9821PSU / 236.9uM 19.432C 32.981 8.469 159.799 / 3.5uM / -0.838346V /   83  134  549 / 0x8008b1a4 0x802832c0 0x8048cd40 0x80000b12
(Sep 28 2025 22:15:26,   48767 sec) Profile()            Sample 43 initiated at 121.8dbars for bin 48 [120dbars].  PTS/O2,T2,TPhase,RPhase,RawTemp/NO3/pH/FSig,BbSig,TSig/Ocr: 121.7dbars 19.6918C 35.0130PSU / 240.1uM 19.686C 32.710 8.474 151.429 / 3.2uM / -0.837717V /   93  143  548 / 0x800bdd1b 0x804370c0 0x806b0e89 0x8000a56d
(Sep 28 2025 22:19:03,   48984 sec) Profile()            Sample 44 initiated at 111.9dbars for bin 49 [110dbars].  PTS/O2,T2,TPhase,RPhase,RawTemp/NO3/pH/FSig,BbSig,TSig/Ocr: 111.8dbars 19.7634C 35.0196PSU / 242.5uM 19.765C 32.562 8.474 148.838 / 2.8uM / -0.837314V /  100  142  548 / 0x8012ee6d 0x807547b6 0x80a56a24 0x8001c980
(Sep 28 2025 22:21:49,   49150 sec) AscentControlAgent() Bouyancy nudge to 146 (v=0.036dbar/sec).
(Sep 28 2025 22:21:50,   49151 sec) PistonMoveAbsWTO()    141->146 142 143 144 145 146 [24sec, 15.0Volts, 0.175Amps, CPT:1660sec]
(Sep 28 2025 22:24:10,   49291 sec) Profile()            Sample 45 initiated at 101.9dbars for bin 50 [100dbars].  PTS/O2,T2,TPhase,RPhase,RawTemp/NO3/pH/FSig,BbSig,TSig/Ocr: 101.9dbars 20.7821C 35.1213PSU / 252.2uM 20.769C 31.673 8.490 115.864 / 2.0uM / -0.834952V /  135  147  547 / 0x80254aed 0x80dcf15b 0x810eeedb 0x800497c9
(Sep 28 2025 22:26:29,   49430 sec) Profile()            Sample 46 initiated at 96.7dbars for bin 51 [95dbars].  PTS/O2,T2,TPhase,RPhase,RawTemp/NO3/pH/FSig,BbSig,TSig/Ocr: 96.7dbars 20.9638C 35.1331PSU / 258.8uM 20.963C 31.292 8.492 109.494 / 2.0uM / -0.834496V /  118  144  546 / 0x803704a4 0x81363076 0x8162b0ad 0x80071c2d
(Sep 28 2025 22:26:52,   49453 sec) AscentControlAgent() Bouyancy nudge to 151 (v=0.036dbar/sec).
(Sep 28 2025 22:26:53,   49454 sec) PistonMoveAbsWTO()    146->151 147 148 149 150 151 [25sec, 14.9Volts, 0.173Amps, CPT:1685sec]
(Sep 28 2025 22:28:30,   49551 sec) Profile()            Sample 47 initiated at 91.7dbars for bin 52 [90dbars].  PTS/O2,T2,TPhase,RPhase,RawTemp/NO3/pH/FSig,BbSig,TSig/Ocr: 91.6dbars 21.2267C 35.1502PSU / 262.3uM 21.226C 31.030 8.493 100.862 / 2.0uM / -0.833974V /   88  144  546 / 0x8051a6f6 0x81a20b36 0x81c1155b 0x800ae0e4
(Sep 28 2025 22:30:05,   49646 sec) Profile()            Sample 48 initiated at 86.5dbars for bin 53 [85dbars].  PTS/O2,T2,TPhase,RPhase,RawTemp/NO3/pH/FSig,BbSig,TSig/Ocr: 86.4dbars 21.7764C 35.1669PSU / 271.6uM 21.752C 30.420 8.495 83.626 / 1.9uM / -0.832998V /   69  149  545 / 0x802bc924 0x8084d2e4 0x8079905b 0x80022b40
(Sep 28 2025 22:31:40,   49741 sec) Profile()            Sample 49 initiated at 81.9dbars for bin 54 [80dbars].  PTS/O2,T2,TPhase,RPhase,RawTemp/NO3/pH/FSig,BbSig,TSig/Ocr: 81.8dbars 21.9571C 35.1735PSU / 275.8uM 21.940C 30.173 8.498 77.503 / 2.5uM / -0.832551V /   73  145  545 / 0x80b278a4 0x82e4d72d 0x82d505a4 0x80190180
(Sep 28 2025 22:34:10,   49891 sec) Profile()            Sample 50 initiated at 76.9dbars for bin 55 [75dbars].  PTS/O2,T2,TPhase,RPhase,RawTemp/NO3/pH/FSig,BbSig,TSig/Ocr: 76.9dbars 22.5939C 35.2025PSU / 279.1uM 22.512C 29.812 8.510 58.808 / 2.3uM / -0.831911V /   69  152  544 / 0x805bffc0 0x80fbb380 0x80d72e80 0x80067680
(Sep 28 2025 22:36:56,   50057 sec) AscentControlAgent() Bouyancy nudge to 156 (v=0.011dbar/sec).
(Sep 28 2025 22:36:56,   50057 sec) PistonMoveAbsWTO()    151->156 152 153 154 155 156 [25sec, 15.0Volts, 0.165Amps, CPT:1710sec]
(Sep 28 2025 22:40:23,   50264 sec) Profile()            Sample 51 initiated at 71.9dbars for bin 56 [70dbars].  PTS/O2,T2,TPhase,RPhase,RawTemp/NO3/pH/FSig,BbSig,TSig/Ocr: 71.9dbars 23.3085C 35.2311PSU / 282.4uM 23.296C 29.372 8.530 33.305 / 2.5uM / -0.831183V /   65  157  543 / 0x81763b1b 0x845de8e4 0x83e43bdb 0x80307292
(Sep 28 2025 22:42:03,   50364 sec) AscentControlAgent() Bouyancy nudge to 161 (v=0.027dbar/sec).
(Sep 28 2025 22:42:03,   50364 sec) PistonMoveAbsWTO()    156->161 157 158 159 160 161 [24sec, 15.0Volts, 0.169Amps, CPT:1734sec]
(Sep 28 2025 22:43:40,   50461 sec) Profile()            Sample 52 initiated at 66.7dbars for bin 57 [65dbars].  PTS/O2,T2,TPhase,RPhase,RawTemp/NO3/pH/FSig,BbSig,TSig/Ocr: 66.7dbars 24.0268C 35.2659PSU / 280.5uM 24.003C 29.175 8.536 10.385 / 2.6uM / -0.830649V /   65  156  542 / 0x824745c9 0x860c2c40 0x8540d4b6 0x8051af9b
(Sep 28 2025 22:45:59,   50600 sec) Profile()            Sample 53 initiated at 61.9dbars for bin 58 [60dbars].  PTS/O2,T2,TPhase,RPhase,RawTemp/NO3/pH/FSig,BbSig,TSig/Ocr: 61.8dbars 24.3480C 35.2807PSU / 278.4uM 24.354C 29.119 8.538 -0.964 / 3.4uM / -0.830310V /   63  154  541 / 0x82f0bf40 0x86db712d 0x85c7e1f6 0x8068f536
(Sep 28 2025 22:47:06,   50667 sec) AscentControlAgent() Bouyancy nudge to 166 (v=0.027dbar/sec).
(Sep 28 2025 22:47:06,   50667 sec) PistonMoveAbsWTO()    161->166 162 163 164 165 166 [26sec, 15.0Volts, 0.172Amps, CPT:1760sec]
(Sep 28 2025 22:52:07,   50968 sec) AscentControlAgent() Bouyancy nudge to 171 (v=0.006dbar/sec).
(Sep 28 2025 22:52:07,   50968 sec) PistonMoveAbsWTO()    166->171 167 168 169 170 171 [24sec, 15.0Volts, 0.174Amps, CPT:1784sec]
(Sep 28 2025 22:53:55,   51076 sec) Profile()            Sample 54 initiated at 56.8dbars for bin 59 [55dbars].  PTS/O2,T2,TPhase,RPhase,RawTemp/NO3/pH/FSig,BbSig,TSig/Ocr: 56.8dbars 26.2462C 35.4176PSU / 258.8uM 26.208C 29.208 8.559 -60.503 / 3.2uM / -0.828909V /   60  150  539 / 0x84563012 0x89a7fa76 0x882ac036 0x80b56a80
(Sep 28 2025 22:56:36,   51237 sec) Profile()            Sample 55 initiated at 51.9dbars for bin 60 [50dbars].  PTS/O2,T2,TPhase,RPhase,RawTemp/NO3/pH/FSig,BbSig,TSig/Ocr: 51.8dbars 26.7991C 35.4841PSU / 250.8uM 26.795C 29.327 8.567 -79.157 / 3.1uM / -0.828387V /   58  148  538 / 0x855be7e4 0x8b4d5b6d 0x89a159c9 0x81186b40
(Sep 28 2025 22:57:10,   51271 sec) AscentControlAgent() Bouyancy nudge to 176 (v=0.027dbar/sec).
(Sep 28 2025 22:57:10,   51271 sec) PistonMoveAbsWTO()    171->176 172 173 174 175 176 [25sec, 15.0Volts, 0.163Amps, CPT:1809sec]
(Sep 28 2025 22:58:58,   51379 sec) Profile()            Sample 56 initiated at 46.7dbars for bin 61 [45dbars].  PTS/O2,T2,TPhase,RPhase,RawTemp/NO3/pH/FSig,BbSig,TSig/Ocr: 46.6dbars 27.0343C 35.5174PSU / 246.4uM 27.039C 29.432 8.570 -86.904 / 3.1uM / -0.828179V /   57  145  537 / 0x861b4236 0x8c35071b 0x8a7013ed 0x8179546d
(Sep 28 2025 23:00:22,   51463 sec) Profile()            Sample 57 initiated at 41.8dbars for bin 62 [40dbars].  PTS/O2,T2,TPhase,RPhase,RawTemp/NO3/pH/FSig,BbSig,TSig/Ocr: 41.7dbars 27.0430C 35.5257PSU / 245.4uM 27.053C 29.470 8.572 -87.365 / 3.0uM / -0.828025V /   57  147  537 / 0x84ffba80 0x890691c0 0x878b51c9 0x813d8e12
(Sep 28 2025 23:01:46,   51547 sec) Profile()            Sample 58 initiated at 36.5dbars for bin 63 [35dbars].  PTS/O2,T2,TPhase,RPhase,RawTemp/NO3/pH/FSig,BbSig,TSig/Ocr: 36.5dbars 27.0490C 35.5263PSU / 245.3uM 27.060C 29.472 8.571 -87.574 / 3.0uM / -0.827925V /   55  146  536 / 0x85bc1552 0x89e0a1f6 0x884e3a64 0x81b16176
(Sep 28 2025 23:02:59,   51620 sec) Profile()            Sample 59 initiated at 32.0dbars for bin 64 [30dbars].  PTS/O2,T2,TPhase,RPhase,RawTemp/NO3/pH/FSig,BbSig,TSig/Ocr: 31.9dbars 27.0521C 35.5267PSU / 245.2uM 27.066C 29.470 8.569 -87.775 / 3.0uM / -0.827815V /   55  143  536 / 0x879a8009 0x8ce00bed 0x8b03c424 0x82d0a212
(Sep 28 2025 23:04:23,   51704 sec) Profile()            Sample 60 initiated at 26.6dbars for bin 65 [25dbars].  PTS/O2,T2,TPhase,RPhase,RawTemp/NO3/pH/FSig,BbSig,TSig/Ocr: 26.6dbars 27.0607C 35.5261PSU / 245.2uM 27.078C 29.467 8.569 -88.142 / 3.1uM / -0.827507V /   55  146  536 / 0x89fc19d2 0x9094a7c0 0x8e68985b 0x84aaa4db
(Sep 28 2025 23:05:47,   51788 sec) Profile()            Sample 61 initiated at 21.4dbars for bin 66 [20dbars].  PTS/O2,T2,TPhase,RPhase,RawTemp/NO3/pH/FSig,BbSig,TSig/Ocr: 21.3dbars 27.0697C 35.5260PSU / 245.3uM 27.087C 29.459 8.567 -88.440 / 3.2uM / -0.827501V /   55  144  535 / 0x88e9ced2 0x8d9caa36 0x8bbd2e92 0x84a798c0
(Sep 28 2025 23:07:00,   51861 sec) Profile()            Sample 62 initiated at 16.9dbars for bin 67 [15dbars].  PTS/O2,T2,TPhase,RPhase,RawTemp/NO3/pH/FSig,BbSig,TSig/Ocr: 16.8dbars 27.0852C 35.5213PSU / 245.0uM 27.104C 29.468 8.566 -88.962 / 3.2uM / -0.827336V /   53  140  535 / 0x89e2f236 0x8e91415b 0x8ca1aeed 0x861431db
(Sep 28 2025 23:08:35,   51956 sec) Profile()            Sample 63 initiated at 11.5dbars for bin 68 [10dbars].  PTS/O2,T2,TPhase,RPhase,RawTemp/NO3/pH/FSig,BbSig,TSig/Ocr: 11.4dbars 27.0936C 35.5201PSU / 244.8uM 27.127C 29.466 8.567 -89.698 / 3.1uM / -0.827141V /   52  138  535 / 0x8c61781b 0x91d69ac9 0x8fbc60c0 0x89fef909
(Sep 28 2025 23:09:48,   52029 sec) Profile()            Sample 64 initiated at 7.7dbars for bin 69 [6dbars].  PTS/O2,T2,TPhase,RPhase,RawTemp/NO3/pH/FSig,BbSig,TSig/Ocr: 7.7dbars 27.1474C 35.5121PSU / 244.5uM 27.169C 29.466 8.564 -91.035 / 3.2uM / -0.827227V /   52  136  535 / 0x8bcadb40 0x90418676 0x8e5b5a9b 0x8a93afd2
(Sep 28 2025 23:10:45,   52086 sec) SurfaceDetect()      SurfacePressure:0.1dbars Pressure:3.7dbars PistonPosition:176
(Sep 28 2025 23:10:45,   52086 sec) Sbe41cpStopCP()      Continuous profile stopped.
(Sep 28 2025 23:10:49,   52090 sec) PistonMoveAbsWTO()    176->198 177 178 179 180 181 182 183 184 185 186 187 188 189 190 191 192 193 194 195 196 197 198 [107sec, 15.0Volts, 0.155Amps, CPT:1916sec]
(Sep 28 2025 23:12:42,   52203 sec) chat()               Expected string [S>] not received.
(Sep 28 2025 23:14:35,   52316 sec) Sbe41cpBinAverage()  Finished averaging 13552 samples in 108 seconds.
(Sep 28 2025 23:14:40,   52321 sec) Sbe41cpUploadCP_()   Sbe41cpSerNo[20478] NSample[13552] NBin[493]
(Sep 28 2025 23:15:11,   52352 sec) Sbe41cpUploadCP_()   Continuous profile uploaded [493 lines].
(Sep 28 2025 23:15:25,   52366 sec) MscErrorLog_()       No error records to log.
(Sep 28 2025 23:15:35,   52376 sec) MscErrorLog_()       No error records to log.

<EOT>
