(Sep 25 2025 22:40:03,   35366 sec) TelemetryInit()      Profile 1. (Apf11 FwRev: 061125)
(Sep 25 2025 22:40:03,   35366 sec) TelemetryInit()      Charge consumption model: OCV:15.2V Wake-Cycles:1234 Standby:4.9days Wake:2.7kC Sensors:0.1kC
(Sep 25 2025 22:45:18,   35681 sec) GetSurfaceObs()      P/O2,T2,TPhase,RPhase,RawTemp/FSig,BbSig,TSig: 0.4dbars / 245.7uM 27.236C 29.386 8.629 -93.153 / 53,138,535
(Sep 25 2025 22:45:18,   35681 sec) GetSurfaceObs()      P/Ocr: 0.4dbars / 0x96ee59e4 0x9e87b9ed 0x9dfb276d 0x9c031e5b
(Sep 25 2025 22:45:51,   35714 sec) GetSurfaceObs()      P/O2,T2,TPhase,RPhase,RawTemp/FSig,BbSig,TSig: 0.2dbars / 246.4uM 27.085C 29.412 8.615 -88.358 / 50,137,535
(Sep 25 2025 22:45:51,   35714 sec) GetSurfaceObs()      P/Ocr: 0.2dbars / 0x958e4c09 0xa2616149 0x9fe91f09 0x9f0ec980
(Sep 25 2025 22:46:25,   35748 sec) GetSurfaceObs()      P/O2,T2,TPhase,RPhase,RawTemp/FSig,BbSig,TSig: 0.1dbars / 244.3uM 27.231C 29.451 8.616 -93.009 / 51,137,534
(Sep 25 2025 22:46:25,   35748 sec) GetSurfaceObs()      P/Ocr: 0.1dbars / 0x984f0f92 0xa110f289 0x9c659776 0xa1572664
(Sep 25 2025 22:46:58,   35781 sec) GetSurfaceObs()      P/O2,T2,TPhase,RPhase,RawTemp/FSig,BbSig,TSig: 0.3dbars / 245.1uM 27.228C 29.418 8.614 -92.893 / 53,136,534
(Sep 25 2025 22:46:58,   35781 sec) GetSurfaceObs()      P/Ocr: 0.3dbars / 0x947d7600 0x9bd239c9 0x9aa69f09 0x9d6b675b
(Sep 25 2025 22:50:15,   35978 sec) AirSystem()          Battery [216cnt, 15.2V]  Current [20cnt, 76.5mA]  Pneumometer [156cnt, 18.3psi]  Run-Time [94s]
(Sep 25 2025 22:50:28,   35991 sec) GetSurfaceObs()      P/O2,T2,TPhase,RPhase,RawTemp/FSig,BbSig,TSig: 0.1dbars / 247.8uM 26.621C 29.525 8.622 -73.649 / 51,150,535
(Sep 25 2025 22:50:28,   35991 sec) GetSurfaceObs()      P/Ocr: 0.1dbars / 0x9c9e3df6 0xaeae662d 0xab7e606d 0xae6ae536
(Sep 25 2025 22:51:01,   36024 sec) GetSurfaceObs()      P/O2,T2,TPhase,RPhase,RawTemp/FSig,BbSig,TSig: -0.1dbars / 254.8uM 25.805C 29.529 8.617 -47.628 / 50,135,534
(Sep 25 2025 22:51:01,   36024 sec) GetSurfaceObs()      P/Ocr: -0.1dbars / 0x9326a080 0x9c8ca1f6 0x9c57486d 0x9cc83d89
(Sep 25 2025 22:51:34,   36057 sec) GetSurfaceObs()      P/O2,T2,TPhase,RPhase,RawTemp/FSig,BbSig,TSig: 0.2dbars / 243.5uM 26.725C 29.674 8.614 -76.960 / 52,138,534
(Sep 25 2025 22:51:34,   36057 sec) GetSurfaceObs()      P/Ocr: 0.2dbars / 0xa08370c9 0xb417201b 0xb0248649 0xb387f31b
(Sep 25 2025 22:52:08,   36091 sec) GetSurfaceObs()      P/O2,T2,TPhase,RPhase,RawTemp/FSig,BbSig,TSig: -0.1dbars / 244.5uM 26.728C 29.629 8.613 -77.051 / 54,140,534
(Sep 25 2025 22:52:08,   36091 sec) GetSurfaceObs()      P/Ocr: -0.1dbars / 0x9f06e352 0xb333cfed 0xaf6e3552 0xb158d6db
(Sep 25 2025 22:52:41,   36124 sec) GetSurfaceObs()      P/O2,T2,TPhase,RPhase,RawTemp/FSig,BbSig,TSig: -0.1dbars / 247.6uM 26.681C 29.509 8.610 -75.548 / 51,137,534
(Sep 25 2025 22:52:41,   36124 sec) GetSurfaceObs()      P/Ocr: -0.1dbars / 0x95beb6a4 0xa2c9ceb6 0x9c83c752 0x9f636440
(Sep 25 2025 22:53:14,   36157 sec) GetSurfaceObs()      P/O2,T2,TPhase,RPhase,RawTemp/FSig,BbSig,TSig: 0.1dbars / 249.8uM 25.954C 29.689 8.610 -52.387 / 51,137,534
(Sep 25 2025 22:53:14,   36157 sec) GetSurfaceObs()      P/Ocr: 0.1dbars / 0x9b979d9b 0xaa41e1ad 0xa6e1b264 0xa8719080
(Sep 25 2025 22:53:47,   36190 sec) GetSurfaceObs()      P/O2,T2,TPhase,RPhase,RawTemp/FSig,BbSig,TSig: -0.1dbars / 245.5uM 26.690C 29.601 8.606 -75.836 / 54,136,534
(Sep 25 2025 22:53:47,   36190 sec) GetSurfaceObs()      P/Ocr: -0.1dbars / 0x960a7aed 0xa0b0551b 0x9d953b49 0x9f0e5792
(Sep 25 2025 22:54:20,   36223 sec) GetSurfaceObs()      P/O2,T2,TPhase,RPhase,RawTemp/FSig,BbSig,TSig: -0.1dbars / 249.1uM 26.461C 29.527 8.605 -68.539 / 52,137,534
(Sep 25 2025 22:54:20,   36223 sec) GetSurfaceObs()      P/Ocr: -0.1dbars / 0x8f37cf5b 0x9728ed89 0x938ec240 0x9163cb12
(Sep 25 2025 22:54:29,   36232 sec) AirSystem()          Air-bladder inflation by-passed. Pneumatic Pressure: [158cnt, 18.6psi].
(Sep 25 2025 22:55:02,   36265 sec) GetSurfaceObs()      P/O2,T2,TPhase,RPhase,RawTemp/FSig,BbSig,TSig: -0.1dbars / 254.1uM 25.512C 29.670 8.606 -38.238 / 52,137,534
(Sep 25 2025 22:55:03,   36266 sec) GetSurfaceObs()      P/Ocr: -0.1dbars / 0x8f00e3ed 0x97e64e09 0x940d509b 0x9418fe80
(Sep 25 2025 22:55:05,   36268 sec) GpsServices()        GPS almanac is current.
(Sep 25 2025 22:55:05,   36268 sec) GpsServices()        Initiating GPS fix acquisition.
(Sep 25 2025 22:55:15,   36278 sec) gga()                $GPGGA,225520,2731.3402,N,15759.5931,W,0,00,,,M,,M,,*4E
(Sep 25 2025 22:55:24,   36287 sec) gga()                $GPGGA,225530,2731.3402,N,15759.5931,W,0,00,,,M,,M,,*4F
(Sep 25 2025 22:55:34,   36297 sec) gga()                $GPGGA,225540,2731.3402,N,15759.5931,W,0,00,,,M,,M,,*48
(Sep 25 2025 22:55:44,   36307 sec) gga()                $GPGGA,225550,2731.3402,N,15759.5931,W,0,00,,,M,,M,,*49
(Sep 25 2025 22:55:54,   36317 sec) gga()                $GPGGA,225600,2731.3402,N,15759.5931,W,0,00,,,M,,M,,*4F
(Sep 25 2025 22:56:04,   36327 sec) gga()                $GPGGA,225610,2731.3402,N,15759.5931,W,0,00,,,M,,M,,*4E
(Sep 25 2025 22:56:14,   36337 sec) gga()                $GPGGA,225620,2731.3402,N,15759.5931,W,0,00,,,M,,M,,*4D
(Sep 25 2025 22:56:24,   36347 sec) gga()                $GPGGA,225630,2731.3402,N,15759.5931,W,0,00,,,M,,M,,*4C
(Sep 25 2025 22:56:34,   36357 sec) gga()                $GPGGA,225640,2731.3402,N,15759.5931,W,0,00,,,M,,M,,*4B
(Sep 25 2025 22:56:44,   36367 sec) gga()                $GPGGA,225650,2731.3402,N,15759.5931,W,0,00,,,M,,M,,*4A
(Sep 25 2025 22:56:54,   36377 sec) gga()                $GPGGA,225700,2731.3402,N,15759.5931,W,0,00,,,M,,M,,*4E
(Sep 25 2025 22:57:04,   36387 sec) gga()                $GPGGA,225710,2731.3402,N,15759.5931,W,0,00,,,M,,M,,*4F
(Sep 25 2025 22:57:24,   36407 sec) gga()                $GPGGA,225730,2731.3402,N,15759.5931,W,0,00,,,M,,M,,*4D
(Sep 25 2025 22:57:34,   36417 sec) gga()                $GPGGA,225740,2731.3402,N,15759.5931,W,0,00,,,M,,M,,*4A
(Sep 25 2025 22:57:44,   36427 sec) gga()                $GPGGA,225750,2731.3402,N,15759.5931,W,0,00,,,M,,M,,*4B
(Sep 25 2025 22:57:55,   36438 sec) gga()                $GPGGA,225800,2731.7873,N,15759.5108,W,1,07,1.0,9.2,M,-5.6,M,,*41
(Sep 25 2025 22:57:55,   36438 sec) GpsServices()        Profile 1 GPS fix obtained in 170 seconds.
(Sep 25 2025 22:57:55,   36438 sec) GpsServices()                   lon      lat mm/dd/yyyy hhmmss nsat
(Sep 25 2025 22:57:55,   36438 sec) GpsServices()        Fix: -157.9919  27.5298 09/25/2025 225800    7
(Sep 25 2025 22:58:05,   36448 sec) gga()                $GPGGA,225810,2731.7877,N,15759.5092,W,1,07,1.0,5.0,M,-5.6,M,,*48
(Sep 25 2025 22:58:14,   36457 sec) gga()                $GPGGA,225820,2731.7903,N,15759.5082,W,1,07,1.0,5.4,M,-5.6,M,,*4C
(Sep 25 2025 22:58:14,   36457 sec) GpsServices()        APF11 RTC skew (-6s) OK.
(Sep 25 2025 22:58:14,   36457 sec) GpsServices()        GPS services complete.
(Sep 25 2025 22:58:42,   36485 sec) IrGeoLoc()           <x,y,z>=<-5248km,-2120km,2928km> lat=27.510 lon=-158.003 IrSysTime=0xedbf4c78
(Sep 25 2025 22:58:45,   36488 sec) CLogin()             Connecting to primary host.
(Sep 25 2025 22:59:06,   36509 sec) CLogin()             Connection 1 established in 21 seconds.
(Sep 25 2025 22:59:27,   36530 sec) login()              Login successful.
(Sep 25 2025 22:59:31,   36534 sec) CLogin()             Logged in to host.  [Login required 25 seconds]
(Sep 25 2025 22:59:33,   36536 sec) RxConfig()           Downloading "mission.cfg" from host.
(Sep 25 2025 22:59:46,   36549 sec) RxConfig()           Download successful: [bytes:33, sec:10.9, bps:3]
(Sep 25 2025 22:59:50,   36553 sec) WriteVitals_()       Writing vitals to "23808.001.msg".
(Sep 25 2025 22:59:56,   36559 sec) UpLoadFile()         Uploading "23808.001.log" to host.
(Sep 25 2025 23:03:19,   36762 sec) UpLoadFile()         Upload successful: [bytes:36693, sec:202.9, bps:181]
(Sep 25 2025 23:03:20,   36763 sec) fmove()              Moved: 23808.001.log -> archive/23808.001.log
(Sep 25 2025 23:03:29,   36772 sec) UpLoadFile()         Uploading "23808.001.msg" to host.
(Sep 25 2025 23:05:17,   36880 sec) UpLoadFile()         Upload successful: [bytes:21606, sec:108.2, bps:200]
(Sep 25 2025 23:05:18,   36881 sec) fmove()              Moved: 23808.001.msg -> archive/23808.001.msg
(Sep 25 2025 23:05:24,   36887 sec) UpLoadFile()         Uploading "23808.001.isus" to host.
(Sep 25 2025 23:07:31,   37014 sec) UpLoadFile()         Upload successful: [bytes:23322, sec:127.3, bps:183]
(Sep 25 2025 23:07:32,   37015 sec) fmove()              Moved: 23808.001.isus -> archive/23808.001.isus
(Sep 25 2025 23:07:39,   37022 sec) UpLoadFile()         Uploading "23808.001.dura" to host.
(Sep 25 2025 23:07:40,   37023 sec) Max3109RegModify()   Configuration failure for register(0x0b): 0x00 != 0x03 (expected).
(Sep 25 2025 23:08:32,   37075 sec) UpLoadFile()         Upload successful: [bytes:11434, sec:53.3, bps:214]
(Sep 25 2025 23:08:33,   37076 sec) fmove()              Moved: 23808.001.dura -> archive/23808.001.dura
(Sep 25 2025 23:08:34,   37077 sec) UpLoad()             Files successfully uploaded: 4
(Sep 25 2025 23:08:34,   37077 sec) UpLoad()             Upload complete.
(Sep 25 2025 23:08:44,   37087 sec) chat()               Expected string [logout] not received.
(Sep 25 2025 23:08:44,   37087 sec) logout()             Attempt to log-out failed.
(Sep 25 2025 23:08:44,   37087 sec) logout()             No carrier detected.
(Sep 25 2025 23:08:44,   37087 sec) Telemetry()          Telemetry cycle complete: PrfId=1 ConnectionAttempts=1  Connections=1
(Sep 25 2025 23:08:44,   37087 sec) TelemetryTerminate() Parsing new mission configuration.
(Sep 25 2025 23:08:45,   37088 sec) configure()          Parsing configurators in "mission.cfg".
(Sep 25 2025 23:08:45,   37088 sec) configure()             TelemetryRetry(15)      [0x7BBC] [TelemetryRetry(15)].
(Sep 25 2025 23:08:46,   37089 sec) configure()          Configuration CRCs and syntax OK.
(Sep 25 2025 23:08:46,   37089 sec) ConfigSupervisor()   Configuration accepted.
(Sep 25 2025 23:08:46,   37089 sec) TelemetryTerminate() Reconditioning the file system.
(Sep 25 2025 23:08:48,       0 sec) DescentInit()        Deep profile 2 initiated at mission-time 37091sec.
(Sep 25 2025 23:08:49,       1 sec) DescentInit()        Surface pressure: 0.3dbars.
(Sep 25 2025 23:08:49,       1 sec) DescentInit()        Charge consumption model: OCV:15.0V Wake-Cycles:1235 Standby:4.9days Wake:2.7kC Sleep:0.1kC
(Sep 25 2025 23:09:01,      13 sec) DescentInit()        Pneumatic humidity: 2894(60.3%) -> 2897(60.4%)
(Sep 25 2025 23:09:01,      13 sec) PistonMoveAbsWTO()    199->070 198 197 196 195 194 193 192 191 190 189 188 187 186 185 184 183 182 181 180 179 178 177 176 175 174 173 172 171 170 169 168 167 166 165 164 163 162 161 160 159 158 157 156 155 154 153 152 151 150 149 148 147 146 145 144 143 142 141 140 139 138 137 136 135 134 133 132 131 130 129 128 127 126 125 124 123 122 121 120 119 118 117 116 115 114 113 112 111 110 109 108 107 106 105 104 103 102 101 100 099 098 097 096 095 094 093 092 091 090 089 088 087 086 085 084 083 082 081 080 079 078 077 076 075 074 073 072 071 070 [633sec, 15.0Volts, 0.141Amps, CPT:633sec]
(Sep 25 2025 23:19:38,     650 sec) DescentInit()        Air solenoid open: Barometer [209cnt,  12.3psi]  Pneumometer [107cnt,  12.6psi]
(Sep 25 2025 23:19:48,     660 sec) Descent()            Pressure: 53.5
(Sep 26 2025 00:08:48,    3600 sec) Descent()            Pressure: 428.0
(Sep 26 2025 01:08:48,    7200 sec) Descent()            Pressure: 696.7
(Sep 26 2025 02:08:48,   10800 sec) Descent()            Pressure: 767.9
(Sep 26 2025 03:08:48,   14400 sec) Descent()            Pressure: 770.5
(Sep 26 2025 03:08:49,   14401 sec) ParkInit()           Charge consumption model: OCV:15.5V Wake-Cycles:1240 Standby:5.1days Wake:3.0kC Sensors:0.1kC
(Sep 26 2025 05:08:56,   21608 sec) Park()               ParkPOutOfBand[-3, 782.1 dbars]: retract piston.
(Sep 26 2025 05:08:56,   21608 sec) PistonMoveAbsWTO()    070->069 069 [6sec, 15.2Volts, 0.102Amps, CPT:639sec]
(Sep 26 2025 06:09:20,   25232 sec) CtdPower()           [  790.35,  4.5078, 34.2145]
(Sep 26 2025 06:09:20,   25232 sec) CtdPower()           CTD Power consumption [219VCnt 3ACnt]: 15.425Volts * 0.012Amps = 0.18Watts.
(Sep 26 2025 06:09:26,   25238 sec) ParkTerminate()      Piston Position:69 Vacuum:191 HumidityAd12:4094(inf%) Vq:220 Aq:2 Vsbe:219 Asbe:3 Vflbb:217 Aflbb:11 Vopt:217 Aopt:13 Vocr:217 Aocr:7 MuxTemp:4.609C MuxHumidity:6.0%
(Sep 26 2025 06:09:56,   25268 sec) ParkTerminate()      PTS/O2,T2,TPhase,RawTemp: 790.3dbars 4.5087C 34.2113PSU / 36.5uM 4.503C 56.918 8.197 642.051
(Sep 26 2025 06:09:56,   25268 sec) ParkTerminate()      FLBB FSig, BbSig, TSig: 55, 113, 571 / Ocr: nan nan nan nan
(Sep 26 2025 06:09:57,   25269 sec) GoDeepInit()         Charge consumption model: OCV:15.4V Wake-Cycles:1243 Standby:5.2days Wake:3.0kC Sensors:0.1kC
(Sep 26 2025 06:09:57,   25269 sec) GoDeepInit()         Moving piston.
(Sep 26 2025 06:09:57,   25269 sec) PistonMoveAbsWTO()    069->026 068 067 066 065 064 063 062 061 060 059 058 057 056 055 054 053 052 051 050 049 048 047 046 045 044 043 042 041 040 039 038 037 036 035 034 033 032 031 030 029 028 027 026 [213sec, 15.0Volts, 0.071Amps, CPT:852sec]
(Sep 26 2025 07:18:48,   29400 sec) GoDeep()             Sequence point detected at 1200.2dbar.
(Sep 26 2025 07:18:48,   29400 sec) ProfileInit()        Charge consumption model: OCV:15.5V Wake-Cycles:1257 Standby:5.3days Wake:3.1kC Sensors:0.1kC
(Sep 26 2025 07:18:49,   29401 sec) ProfileInit()        PrfId:002  Pressure:1200.3dbar  pTable[8]:1200dbar
(Sep 26 2025 07:18:51,   29403 sec) ProfileInit()        Muxer PPIs K{1,2} quiescent: 15.42V, -0.1mA, -1.5mW
(Sep 26 2025 07:18:54,   29406 sec) ProfileInit()        ISUS powered up.
(Sep 26 2025 07:18:58,   29410 sec) ProfileInit()        Muxer PPIs K{1,2} w/ ISUS awake: 15.23V, 46.5mA, 708.1mW
(Sep 26 2025 07:19:05,   29417 sec) MscErrorLog_()       No error records to log.
(Sep 26 2025 07:19:11,   29423 sec) ProfileInit()        DURA powered up.
(Sep 26 2025 07:19:15,   29427 sec) ProfileInit()        Muxer PPIs K{1,2} w/ DURA awake: 15.21V, 46.6mA, 708.7mW
(Sep 26 2025 07:19:21,   29433 sec) MscErrorLog_()       No error records to log.
(Sep 26 2025 07:19:36,   29448 sec) PistonMoveAbsWTO()    026->048 027 028 029 030 031 032 [30sec, 14.8Volts, 0.435Amps, CPT:882sec]
(Sep 26 2025 07:20:17,   29489 sec) PistonMoveAbsWTO()    032->048 033 034 035 036 037 [30sec, 14.5Volts, 0.438Amps, CPT:912sec]
(Sep 26 2025 07:20:58,   29530 sec) PistonMoveAbsWTO()    037->048 038 039 040 041 042 043 [30sec, 14.4Volts, 0.430Amps, CPT:942sec]
(Sep 26 2025 07:21:39,   29571 sec) PistonMoveAbsWTO()    043->048 044 045 046 047 048 [28sec, 14.3Volts, 0.429Amps, CPT:970sec]
(Sep 26 2025 07:24:21,   29733 sec) Profile()            Sample 0 initiated at 1201.3dbars for bin 8 [1200dbars].  PTS/O2,T2,TPhase,RPhase,RawTemp/NO3/pH/FSig,BbSig,TSig/Ocr: 1199.7dbars 3.4323C 34.4886PSU / 56.3uM 3.426C 54.822 8.184 675.011 / 42.9uM / -0.885566V /   54  113  572 / nan nan nan nan
(Sep 26 2025 07:33:55,   30307 sec) AscentControlAgent() Bouyancy nudge to 58 (v=0.048dbar/sec).
(Sep 26 2025 07:33:55,   30307 sec) PistonMoveAbsWTO()    048->058 049 050 051 052 053 [30sec, 14.6Volts, 0.425Amps, CPT:1000sec]
(Sep 26 2025 07:34:36,   30348 sec) PistonMoveAbsWTO()    053->058 054 055 056 057 058 [24sec, 14.5Volts, 0.426Amps, CPT:1024sec]
(Sep 26 2025 07:45:08,   30980 sec) Profile()            Sample 1 initiated at 1101.6dbars for bin 9 [1100dbars].  PTS/O2,T2,TPhase,RPhase,RawTemp/NO3/pH/FSig,BbSig,TSig/Ocr: 1099.9dbars 3.6429C 34.4524PSU / 47.8uM 3.639C 55.747 8.196 668.526 / 43.2uM / -0.885831V /   53  114  572 / nan nan nan nan
(Sep 26 2025 07:55:28,   31600 sec) AscentControlAgent() Bouyancy nudge to 68 (v=0.074dbar/sec).
(Sep 26 2025 07:55:28,   31600 sec) PistonMoveAbsWTO()    058->068 059 060 061 062 063 [30sec, 14.7Volts, 0.407Amps, CPT:1054sec]
(Sep 26 2025 07:56:09,   31641 sec) PistonMoveAbsWTO()    063->068 064 065 066 067 068 [23sec, 14.5Volts, 0.397Amps, CPT:1077sec]
(Sep 26 2025 08:04:29,   32141 sec) Profile()            Sample 2 initiated at 1001.5dbars for bin 10 [1000dbars].  PTS/O2,T2,TPhase,RPhase,RawTemp/NO3/pH/FSig,BbSig,TSig/Ocr: 999.6dbars 3.8742C 34.3912PSU / 36.2uM 3.865C 57.113 8.202 661.607 / 43.7uM / -0.886546V /   54  113  572 / nan nan nan nan
(Sep 26 2025 08:07:51,   32343 sec) Sbe41cpStartCP()     Continuous profile started.
(Sep 26 2025 08:13:58,   32710 sec) Profile()            Sample 3 initiated at 951.7dbars for bin 11 [950dbars].  PTS/O2,T2,TPhase,RPhase,RawTemp/NO3/pH/FSig,BbSig,TSig/Ocr: 951.6dbars 3.9943C 34.3581PSU / 32.1uM 3.987C 57.621 8.206 657.896 / 43.8uM / -0.887147V /   55  113  572 / nan nan nan nan
(Sep 26 2025 08:15:37,   32809 sec) AscentControlAgent() Bouyancy nudge to 78 (v=0.074dbar/sec).
(Sep 26 2025 08:15:37,   32809 sec) PistonMoveAbsWTO()    068->078 069 070 071 072 073 [30sec, 14.5Volts, 0.377Amps, CPT:1107sec]
(Sep 26 2025 08:16:18,   32850 sec) PistonMoveAbsWTO()    073->078 074 075 076 077 078 [25sec, 14.4Volts, 0.373Amps, CPT:1132sec]
(Sep 26 2025 08:23:44,   33296 sec) Profile()            Sample 4 initiated at 901.4dbars for bin 12 [900dbars].  PTS/O2,T2,TPhase,RPhase,RawTemp/NO3/pH/FSig,BbSig,TSig/Ocr: 901.3dbars 4.1509C 34.3124PSU / 29.7uM 4.143C 57.902 8.209 653.102 / 43.8uM / -0.887275V /   55  114  571 / nan nan nan nan
(Sep 26 2025 08:32:57,   33849 sec) Profile()            Sample 5 initiated at 851.0dbars for bin 13 [850dbars].  PTS/O2,T2,TPhase,RPhase,RawTemp/NO3/pH/FSig,BbSig,TSig/Ocr: 851.0dbars 4.3653C 34.2631PSU / 29.7uM 4.355C 57.852 8.211 646.617 / 43.6uM / -0.887093V /   55  115  571 / nan nan nan nan
(Sep 26 2025 08:43:05,   34457 sec) Profile()            Sample 6 initiated at 801.3dbars for bin 14 [800dbars].  PTS/O2,T2,TPhase,RPhase,RawTemp/NO3/pH/FSig,BbSig,TSig/Ocr: 801.2dbars 4.5201C 34.2141PSU / 33.5uM 4.511C 57.301 8.215 641.818 / 43.2uM / -0.886362V /   55  115  571 / nan nan nan nan
(Sep 26 2025 08:46:12,   34644 sec) AscentControlAgent() Bouyancy nudge to 88 (v=0.065dbar/sec).
(Sep 26 2025 08:46:12,   34644 sec) PistonMoveAbsWTO()    078->088 079 080 081 082 083 [30sec, 14.6Volts, 0.347Amps, CPT:1162sec]
(Sep 26 2025 08:46:53,   34685 sec) PistonMoveAbsWTO()    083->088 084 085 086 087 088 [23sec, 14.5Volts, 0.344Amps, CPT:1185sec]
(Sep 26 2025 08:54:17,   35129 sec) Profile()            Sample 7 initiated at 751.2dbars for bin 15 [750dbars].  PTS/O2,T2,TPhase,RPhase,RawTemp/NO3/pH/FSig,BbSig,TSig/Ocr: 751.2dbars 4.8060C 34.1597PSU / 43.2uM 4.798C 55.964 8.220 632.974 / 42.0uM / -0.885040V /   56  115  570 / nan nan nan nan
(Sep 26 2025 08:56:18,   35250 sec) AscentControlAgent() Bouyancy nudge to 98 (v=0.078dbar/sec).
(Sep 26 2025 08:56:18,   35250 sec) PistonMoveAbsWTO()    088->098 089 090 091 092 093 [30sec, 14.6Volts, 0.329Amps, CPT:1215sec]
(Sep 26 2025 08:56:59,   35291 sec) PistonMoveAbsWTO()    093->098 094 095 096 097 098 [24sec, 14.5Volts, 0.329Amps, CPT:1239sec]
(Sep 26 2025 09:02:56,   35648 sec) Profile()            Sample 8 initiated at 701.3dbars for bin 16 [700dbars].  PTS/O2,T2,TPhase,RPhase,RawTemp/NO3/pH/FSig,BbSig,TSig/Ocr: 701.2dbars 5.1855C 34.0995PSU / 61.3uM 5.178C 53.656 8.226 621.257 / 40.2uM / -0.882726V /   54  117  570 / nan nan nan nan
(Sep 26 2025 09:11:25,   36157 sec) Profile()            Sample 9 initiated at 651.8dbars for bin 17 [650dbars].  PTS/O2,T2,TPhase,RPhase,RawTemp/NO3/pH/FSig,BbSig,TSig/Ocr: 651.7dbars 5.5395C 34.0441PSU / 82.2uM 5.532C 51.237 8.233 610.268 / 38.2uM / -0.880164V /   55  116  570 / nan nan nan nan
(Sep 26 2025 09:16:34,   36466 sec) AscentControlAgent() Bouyancy nudge to 108 (v=0.080dbar/sec).
(Sep 26 2025 09:16:34,   36466 sec) PistonMoveAbsWTO()    098->108 099 100 101 102 103 [30sec, 14.6Volts, 0.308Amps, CPT:1269sec]
(Sep 26 2025 09:17:15,   36507 sec) PistonMoveAbsWTO()    103->108 104 105 106 107 108 [22sec, 14.5Volts, 0.298Amps, CPT:1291sec]
(Sep 26 2025 09:20:59,   36731 sec) Profile()            Sample 10 initiated at 601.5dbars for bin 18 [600dbars].  PTS/O2,T2,TPhase,RPhase,RawTemp/NO3/pH/FSig,BbSig,TSig/Ocr: 601.5dbars 6.2104C 34.0094PSU / 116.9uM 6.198C 47.632 8.246 589.536 / 34.5uM / -0.875477V /   54  117  569 / nan nan nan nan
(Sep 26 2025 09:29:24,   37236 sec) Profile()            Sample 11 initiated at 551.8dbars for bin 19 [550dbars].  PTS/O2,T2,TPhase,RPhase,RawTemp/NO3/pH/FSig,BbSig,TSig/Ocr: 551.7dbars 7.0267C 34.0039PSU / 151.2uM 7.022C 44.454 8.268 563.670 / 30.8uM / -0.870781V /   53  117  568 / nan nan nan nan
(Sep 26 2025 09:39:35,   37847 sec) Profile()            Sample 12 initiated at 502.0dbars for bin 20 [500dbars].  PTS/O2,T2,TPhase,RPhase,RawTemp/NO3/pH/FSig,BbSig,TSig/Ocr: 501.9dbars 7.9988C 34.0114PSU / 185.2uM 7.987C 41.590 8.286 533.201 / 25.9uM / -0.865609V /   52  119  566 / nan nan nan nan
(Sep 26 2025 09:42:00,   37992 sec) AscentControlAgent() Bouyancy nudge to 118 (v=0.068dbar/sec).
(Sep 26 2025 09:42:00,   37992 sec) PistonMoveAbsWTO()    108->118 109 110 111 112 113 [30sec, 14.7Volts, 0.271Amps, CPT:1321sec]
(Sep 26 2025 09:42:41,   38033 sec) PistonMoveAbsWTO()    113->118 114 115 116 117 118 [22sec, 14.6Volts, 0.274Amps, CPT:1343sec]
(Sep 26 2025 09:49:48,   38460 sec) Profile()            Sample 13 initiated at 451.9dbars for bin 21 [450dbars].  PTS/O2,T2,TPhase,RPhase,RawTemp/NO3/pH/FSig,BbSig,TSig/Ocr: 451.8dbars 9.1273C 34.0517PSU / 221.4uM 9.122C 38.831 8.310 497.022 / 20.9uM / -0.860356V /   51  120  564 / 0x8006b7b6 0x800010f6 0x8008909b 0x80000b64
(Sep 26 2025 10:00:13,   39085 sec) Profile()            Sample 14 initiated at 401.4dbars for bin 22 [400dbars].  PTS/O2,T2,TPhase,RPhase,RawTemp/NO3/pH/FSig,BbSig,TSig/Ocr: 401.4dbars 10.3386C 34.1198PSU / 240.8uM 10.335C 37.172 8.333 458.073 / 17.1uM / -0.856571V /   50  119  563 / 0x8006a200 0x7ffff39b 0x80087592 0x7ffff7f6
(Sep 26 2025 10:02:26,   39218 sec) AscentControlAgent() Bouyancy nudge to 128 (v=0.073dbar/sec).
(Sep 26 2025 10:02:26,   39218 sec) PistonMoveAbsWTO()    118->128 119 120 121 122 123 [30sec, 14.7Volts, 0.252Amps, CPT:1373sec]
(Sep 26 2025 10:03:07,   39259 sec) PistonMoveAbsWTO()    123->128 124 125 126 127 128 [22sec, 14.6Volts, 0.251Amps, CPT:1395sec]
(Sep 26 2025 10:04:32,   39344 sec) Profile()            Sample 15 initiated at 381.6dbars for bin 23 [380dbars].  PTS/O2,T2,TPhase,RPhase,RawTemp/NO3/pH/FSig,BbSig,TSig/Ocr: 381.5dbars 10.7248C 34.1440PSU / 244.4uM 10.725C 36.786 8.342 445.467 / 15.9uM / -0.855318V /   50  118  562 / 0x8006af92 0x7ffffca4 0x80086adb 0x7ffff280
(Sep 26 2025 10:07:57,   39549 sec) Profile()            Sample 16 initiated at 361.0dbars for bin 24 [360dbars].  PTS/O2,T2,TPhase,RPhase,RawTemp/NO3/pH/FSig,BbSig,TSig/Ocr: 360.8dbars 11.4184C 34.1878PSU / 246.9uM 11.416C 36.311 8.361 423.070 / 14.4uM / -0.853905V /   50  118  561 / 0x80069989 0x7ffff6e4 0x80086740 0x7fffe576
(Sep 26 2025 10:09:33,   39645 sec) Profile()            Sample 17 initiated at 351.0dbars for bin 25 [350dbars].  PTS/O2,T2,TPhase,RPhase,RawTemp/NO3/pH/FSig,BbSig,TSig/Ocr: 350.9dbars 11.6103C 34.2020PSU / 247.4uM 11.609C 36.186 8.367 416.802 / 14.0uM / -0.853412V /   50  119  561 / 0x8006999b 0x7fffdd24 0x80087992 0x7ffff264
(Sep 26 2025 10:11:08,   39740 sec) Profile()            Sample 18 initiated at 341.3dbars for bin 26 [340dbars].  PTS/O2,T2,TPhase,RPhase,RawTemp/NO3/pH/FSig,BbSig,TSig/Ocr: 341.2dbars 11.9261C 34.2219PSU / 247.4uM 11.917C 36.032 8.372 406.796 / 13.3uM / -0.852770V /   50  124  561 / 0x8006a0db 0x7ffffe12 0x800868c9 0x7fffe440
(Sep 26 2025 10:12:54,   39846 sec) Profile()            Sample 19 initiated at 331.1dbars for bin 27 [330dbars].  PTS/O2,T2,TPhase,RPhase,RawTemp/NO3/pH/FSig,BbSig,TSig/Ocr: 331.0dbars 12.1928C 34.2396PSU / 248.0uM 12.200C 35.862 8.379 397.603 / 12.9uM / -0.852322V /   50  118  560 / 0x80069336 0x7ffff012 0x80085cad 0x7fffe112
(Sep 26 2025 10:14:41,   39953 sec) Profile()            Sample 20 initiated at 321.6dbars for bin 28 [320dbars].  PTS/O2,T2,TPhase,RPhase,RawTemp/NO3/pH/FSig,BbSig,TSig/Ocr: 321.5dbars 12.4650C 34.2597PSU / 248.8uM 12.462C 35.689 8.387 389.055 / 12.2uM / -0.851778V /   50  120  560 / 0x800694a4 0x7fffe252 0x80085e2d 0x7fffddad
(Sep 26 2025 10:16:38,   40070 sec) Profile()            Sample 21 initiated at 311.7dbars for bin 29 [310dbars].  PTS/O2,T2,TPhase,RPhase,RawTemp/NO3/pH/FSig,BbSig,TSig/Ocr: 311.6dbars 12.6434C 34.2718PSU / 248.7uM 12.645C 35.602 8.388 383.069 / 11.9uM / -0.851364V /   50  117  559 / 0x80068c64 0x7ffff212 0x80086a89 0x7fffe2d2
(Sep 26 2025 10:18:46,   40198 sec) Profile()            Sample 22 initiated at 301.2dbars for bin 30 [300dbars].  PTS/O2,T2,TPhase,RPhase,RawTemp/NO3/pH/FSig,BbSig,TSig/Ocr: 301.1dbars 12.9587C 34.2995PSU / 249.8uM 12.968C 35.388 8.391 372.522 / 11.2uM / -0.850595V /   50  117  559 / 0x8006766d 0x7fffdb92 0x80086589 0x7fffce89
(Sep 26 2025 10:20:44,   40316 sec) Profile()            Sample 23 initiated at 291.8dbars for bin 31 [290dbars].  PTS/O2,T2,TPhase,RPhase,RawTemp/NO3/pH/FSig,BbSig,TSig/Ocr: 291.7dbars 13.0923C 34.3072PSU / 251.9uM 13.096C 35.223 8.395 368.355 / 10.9uM / -0.850226V /   51  117  558 / 0x80068be4 0x7fffddc0 0x800848e4 0x7fffd664
(Sep 26 2025 10:22:52,   40444 sec) Profile()            Sample 24 initiated at 281.4dbars for bin 32 [280dbars].  PTS/O2,T2,TPhase,RPhase,RawTemp/NO3/pH/FSig,BbSig,TSig/Ocr: 281.3dbars 13.3985C 34.3279PSU / 253.3uM 13.397C 35.005 8.398 358.482 / 10.6uM / -0.849723V /   50  117  558 / 0x80069764 0x7fffd26d 0x800852c0 0x7fffd65b
(Sep 26 2025 10:23:48,   40500 sec) AscentControlAgent() Bouyancy nudge to 138 (v=0.078dbar/sec).
(Sep 26 2025 10:23:48,   40500 sec) PistonMoveAbsWTO()    128->138 129 130 131 132 133 [30sec, 14.7Volts, 0.228Amps, CPT:1425sec]
(Sep 26 2025 10:25:09,   40581 sec) Profile()            Sample 25 initiated at 271.3dbars for bin 33 [270dbars].  PTS/O2,T2,TPhase,RPhase,RawTemp/NO3/pH/FSig,BbSig,TSig/Ocr: 271.2dbars 13.8671C 34.3601PSU / 249.7uM 13.862C 34.953 8.406 343.270 / 9.4uM / -0.848874V /   50  118  558 / 0x80067c6d 0x7fffbadb 0x80085b2d 0x7fffca52
(Sep 26 2025 10:25:09,   40581 sec) PistonMoveAbsWTO()    133->138 134 135 136 137 138 [22sec, 14.6Volts, 0.216Amps, CPT:1447sec]
(Sep 26 2025 10:26:55,   40687 sec) Profile()            Sample 26 initiated at 261.8dbars for bin 34 [260dbars].  PTS/O2,T2,TPhase,RPhase,RawTemp/NO3/pH/FSig,BbSig,TSig/Ocr: 261.7dbars 14.0502C 34.3743PSU / 252.8uM 14.050C 34.713 8.410 337.096 / 8.8uM / -0.848456V /   50  123  557 / 0x80067400 0x7fffce2d 0x800853f6 0x7fffcc09
(Sep 26 2025 10:28:41,   40793 sec) Profile()            Sample 27 initiated at 251.9dbars for bin 35 [250dbars].  PTS/O2,T2,TPhase,RPhase,RawTemp/NO3/pH/FSig,BbSig,TSig/Ocr: 251.8dbars 14.4659C 34.4094PSU / 254.0uM 14.465C 34.454 8.413 323.467 / 8.0uM / -0.847444V /   51  119  557 / 0x80067c00 0x7fffbeb6 0x8008522d 0x7fffcb80
(Sep 26 2025 10:30:39,   40911 sec) Profile()            Sample 28 initiated at 241.8dbars for bin 36 [240dbars].  PTS/O2,T2,TPhase,RPhase,RawTemp/NO3/pH/FSig,BbSig,TSig/Ocr: 241.8dbars 14.8224C 34.4368PSU / 255.6uM 14.830C 34.203 8.420 311.459 / 7.2uM / -0.846631V /   54  118  556 / 0x80067cad 0x7fffba00 0x800852a4 0x7fffd100
(Sep 26 2025 10:32:36,   41028 sec) Profile()            Sample 29 initiated at 231.9dbars for bin 37 [230dbars].  PTS/O2,T2,TPhase,RPhase,RawTemp/NO3/pH/FSig,BbSig,TSig/Ocr: 231.8dbars 15.0597C 34.4490PSU / 260.5uM 15.061C 33.864 8.426 303.880 / 6.4uM / -0.845962V /   54  123  555 / 0x80067c24 0x7fffa9ad 0x800847f6 0x7fffcaa4
(Sep 26 2025 10:34:45,   41157 sec) Profile()            Sample 30 initiated at 221.4dbars for bin 38 [220dbars].  PTS/O2,T2,TPhase,RPhase,RawTemp/NO3/pH/FSig,BbSig,TSig/Ocr: 221.4dbars 15.4140C 34.4759PSU / 262.6uM 15.415C 33.600 8.429 292.209 / 5.8uM / -0.845300V /   55  127  555 / 0x80067149 0x7fffb740 0x80084212 0x7fffc1f6
(Sep 26 2025 10:36:53,   41285 sec) Profile()            Sample 31 initiated at 211.2dbars for bin 39 [210dbars].  PTS/O2,T2,TPhase,RPhase,RawTemp/NO3/pH/FSig,BbSig,TSig/Ocr: 211.1dbars 15.6898C 34.4983PSU / 264.0uM 15.701C 33.402 8.432 282.797 / 5.2uM / -0.844710V /   58  121  555 / 0x8006726d 0x7fffb8c9 0x80082fc9 0x7fffb39b
(Sep 26 2025 10:39:00,   41412 sec) Profile()            Sample 32 initiated at 201.4dbars for bin 40 [200dbars].  PTS/O2,T2,TPhase,RPhase,RawTemp/NO3/pH/FSig,BbSig,TSig/Ocr: 201.4dbars 16.0146C 34.5438PSU / 262.5uM 16.036C 33.316 8.437 271.752 / 4.9uM / -0.844274V /   58  121  554 / 0x80066936 0x7fff8f6d 0x80082c9b 0x7fffb480
(Sep 26 2025 10:39:02,   41414 sec) AscentControlAgent() Bouyancy nudge to 148 (v=0.077dbar/sec).
(Sep 26 2025 10:39:02,   41414 sec) PistonMoveAbsWTO()    138->148 139 140 141 142 143 [30sec, 14.7Volts, 0.212Amps, CPT:1477sec]
(Sep 26 2025 10:39:43,   41455 sec) PistonMoveAbsWTO()    143->148 144 145 146 147 148 [22sec, 14.7Volts, 0.198Amps, CPT:1499sec]
(Sep 26 2025 10:41:06,   41538 sec) Profile()            Sample 33 initiated at 191.3dbars for bin 41 [190dbars].  PTS/O2,T2,TPhase,RPhase,RawTemp/NO3/pH/FSig,BbSig,TSig/Ocr: 191.2dbars 16.8206C 34.6344PSU / 255.2uM 16.809C 33.290 8.449 246.279 / 4.5uM / -0.843806V /   57  127  553 / 0x800662b6 0x7fff9664 0x8008442d 0x7fffafe4
(Sep 26 2025 10:42:42,   41634 sec) Profile()            Sample 34 initiated at 181.7dbars for bin 42 [180dbars].  PTS/O2,T2,TPhase,RPhase,RawTemp/NO3/pH/FSig,BbSig,TSig/Ocr: 181.6dbars 17.0868C 34.6861PSU / 250.7uM 17.143C 33.347 8.459 235.277 / 5.8uM / -0.843972V /   58  124  553 / 0x80065cd2 0x7fff9b80 0x8008396d 0x7fffadb6
(Sep 26 2025 10:44:27,   41739 sec) Profile()            Sample 35 initiated at 171.3dbars for bin 43 [170dbars].  PTS/O2,T2,TPhase,RPhase,RawTemp/NO3/pH/FSig,BbSig,TSig/Ocr: 171.2dbars 17.7814C 34.7796PSU / 239.0uM 17.777C 33.624 8.474 214.353 / 5.1uM / -0.843421V /   61  127  552 / 0x80067080 0x7fff8849 0x800825d2 0x7fffa409
(Sep 26 2025 10:46:03,   41835 sec) Profile()            Sample 36 initiated at 161.8dbars for bin 44 [160dbars].  PTS/O2,T2,TPhase,RPhase,RawTemp/NO3/pH/FSig,BbSig,TSig/Ocr: 161.7dbars 18.1288C 34.8179PSU / 238.4uM 18.127C 33.492 8.471 202.799 / 4.8uM / -0.842826V /   61  131  552 / 0x80065d52 0x7fff8dc9 0x800837ed 0x7fffab40
(Sep 26 2025 10:47:49,   41941 sec) Profile()            Sample 37 initiated at 151.4dbars for bin 45 [150dbars].  PTS/O2,T2,TPhase,RPhase,RawTemp/NO3/pH/FSig,BbSig,TSig/Ocr: 151.3dbars 18.6929C 34.8883PSU / 236.8uM 18.675C 33.324 8.474 184.733 / 4.5uM / -0.842070V /   68  132  551 / 0x80063ef6 0x7fff7b9b 0x8008245b 0x7fffa35b
(Sep 26 2025 10:49:46,   42058 sec) Profile()            Sample 38 initiated at 141.4dbars for bin 46 [140dbars].  PTS/O2,T2,TPhase,RPhase,RawTemp/NO3/pH/FSig,BbSig,TSig/Ocr: 141.4dbars 19.3148C 34.9651PSU / 238.7uM 19.302C 32.950 8.486 164.098 / 3.7uM / -0.840939V /   81  144  550 / 0x80065092 0x7fff6dc0 0x800814f6 0x7fff94e4
(Sep 26 2025 10:51:55,   42187 sec) Profile()            Sample 39 initiated at 131.5dbars for bin 47 [130dbars].  PTS/O2,T2,TPhase,RPhase,RawTemp/NO3/pH/FSig,BbSig,TSig/Ocr: 131.4dbars 19.7208C 35.0160PSU / 240.7uM 19.719C 32.667 8.494 150.357 / 3.2uM / -0.840178V /   92  146  549 / 0x80064b1b 0x7fff70ad 0x80081d00 0x7fff945b
(Sep 26 2025 10:54:03,   42315 sec) Profile()            Sample 40 initiated at 121.7dbars for bin 48 [120dbars].  PTS/O2,T2,TPhase,RPhase,RawTemp/NO3/pH/FSig,BbSig,TSig/Ocr: 121.6dbars 19.8799C 35.0343PSU / 242.3uM 19.878C 32.522 8.497 145.125 / 3.0uM / -0.839811V /  102  145  549 / 0x80064ded 0x7fff7112 0x80080252 0x7fff8aed
(Sep 26 2025 10:56:12,   42444 sec) Profile()            Sample 41 initiated at 111.8dbars for bin 49 [110dbars].  PTS/O2,T2,TPhase,RPhase,RawTemp/NO3/pH/FSig,BbSig,TSig/Ocr: 111.7dbars 20.2865C 35.0792PSU / 244.1uM 20.257C 32.266 8.498 132.665 / 2.5uM / -0.838882V /  117  148  548 / 0x80063692 0x7fff7100 0x80080bc0 0x7fff7b92
(Sep 26 2025 10:58:53,   42605 sec) Profile()            Sample 42 initiated at 101.3dbars for bin 50 [100dbars].  PTS/O2,T2,TPhase,RPhase,RawTemp/NO3/pH/FSig,BbSig,TSig/Ocr: 101.3dbars 20.8814C 35.1364PSU / 255.3uM 20.884C 31.483 8.509 112.062 / 2.0uM / -0.837012V /  122  146  547 / 0x80062c49 0x7fff5276 0x800806db 0x7fff7f2d
(Sep 26 2025 11:00:17,   42689 sec) Profile()            Sample 43 initiated at 96.6dbars for bin 51 [95dbars].  PTS/O2,T2,TPhase,RPhase,RawTemp/NO3/pH/FSig,BbSig,TSig/Ocr: 96.5dbars 21.0467C 35.1394PSU / 261.5uM 21.056C 31.133 8.508 106.435 / 2.2uM / -0.836692V /   94  162  547 / 0x800632ed 0x7fff5bed 0x8007fa52 0x7fff84a4
(Sep 26 2025 11:02:04,   42796 sec) Profile()            Sample 44 initiated at 91.8dbars for bin 52 [90dbars].  PTS/O2,T2,TPhase,RPhase,RawTemp/NO3/pH/FSig,BbSig,TSig/Ocr: 91.7dbars 21.3659C 35.1532PSU / 265.5uM 21.360C 30.836 8.515 96.465 / 2.0uM / -0.836158V /   83  140  546 / 0x80063164 0x7fff3252 0x8007fd12 0x7fff7b52
(Sep 26 2025 11:04:12,   42924 sec) Profile()            Sample 45 initiated at 86.7dbars for bin 53 [85dbars].  PTS/O2,T2,TPhase,RPhase,RawTemp/NO3/pH/FSig,BbSig,TSig/Ocr: 86.7dbars 21.4830C 35.1572PSU / 268.0uM 21.477C 30.683 8.511 92.638 / 2.0uM / -0.835951V /   78  142  545 / 0x80062f09 0x7fff3089 0x8007fa36 0x7fff6f92
(Sep 26 2025 11:05:19,   42991 sec) AscentControlAgent() Bouyancy nudge to 153 (v=0.039dbar/sec).
(Sep 26 2025 11:05:20,   42992 sec) PistonMoveAbsWTO()    148->153 149 150 151 152 153 [24sec, 14.9Volts, 0.179Amps, CPT:1523sec]
(Sep 26 2025 11:06:34,   43066 sec) Profile()            Sample 46 initiated at 81.3dbars for bin 54 [80dbars].  PTS/O2,T2,TPhase,RPhase,RawTemp/NO3/pH/FSig,BbSig,TSig/Ocr: 81.2dbars 21.7111C 35.1607PSU / 270.4uM 21.703C 30.487 8.515 85.252 / 2.2uM / -0.835494V /   74  149  545 / 0x80062664 0x7fff23d2 0x8007e736 0x7fff6d2d
(Sep 26 2025 11:07:58,   43150 sec) Profile()            Sample 47 initiated at 76.5dbars for bin 55 [75dbars].  PTS/O2,T2,TPhase,RPhase,RawTemp/NO3/pH/FSig,BbSig,TSig/Ocr: 76.4dbars 22.5107C 35.1957PSU / 272.4uM 22.437C 30.110 8.520 61.278 / 2.3uM / -0.834745V /   70  149  545 / 0x8006226d 0x7fff2e64 0x8007faf6 0x7fff6e40
(Sep 26 2025 11:10:17,   43289 sec) Profile()            Sample 48 initiated at 71.8dbars for bin 56 [70dbars].  PTS/O2,T2,TPhase,RPhase,RawTemp/NO3/pH/FSig,BbSig,TSig/Ocr: 71.7dbars 22.8382C 35.2202PSU / 277.2uM 22.806C 29.767 8.540 49.233 / 2.3uM / -0.834249V /   68  152  544 / 0x80060392 0x7fff3ad2 0x8007fe80 0x7fff6752
(Sep 26 2025 11:10:29,   43301 sec) AscentControlAgent() Bouyancy nudge to 158 (v=0.040dbar/sec).
(Sep 26 2025 11:10:30,   43302 sec) PistonMoveAbsWTO()    153->158 154 155 156 157 158 [25sec, 14.9Volts, 0.173Amps, CPT:1548sec]
(Sep 26 2025 11:12:40,   43432 sec) Profile()            Sample 49 initiated at 67.0dbars for bin 57 [65dbars].  PTS/O2,T2,TPhase,RPhase,RawTemp/NO3/pH/FSig,BbSig,TSig/Ocr: 66.9dbars 23.4275C 35.2539PSU / 280.1uM 23.407C 29.418 8.550 29.706 / 2.5uM / -0.833707V /   67  146  543 / 0x800620f6 0x7fff2f80 0x8007f1b6 0x7fff5ef6
(Sep 26 2025 11:14:48,   43560 sec) Profile()            Sample 50 initiated at 61.7dbars for bin 58 [60dbars].  PTS/O2,T2,TPhase,RPhase,RawTemp/NO3/pH/FSig,BbSig,TSig/Ocr: 61.7dbars 23.5762C 35.2521PSU / 282.2uM 23.567C 29.277 8.550 24.497 / 2.6uM / -0.833607V /   65  152  543 / 0x80062064 0x7fff1ab6 0x8007e8e4 0x7fff569b
(Sep 26 2025 11:15:33,   43605 sec) AscentControlAgent() Bouyancy nudge to 163 (v=0.039dbar/sec).
(Sep 26 2025 11:15:34,   43606 sec) PistonMoveAbsWTO()    158->163 159 160 161 162 163 [25sec, 14.9Volts, 0.180Amps, CPT:1573sec]
(Sep 26 2025 11:17:00,   43692 sec) Profile()            Sample 51 initiated at 56.7dbars for bin 59 [55dbars].  PTS/O2,T2,TPhase,RPhase,RawTemp/NO3/pH/FSig,BbSig,TSig/Ocr: 56.7dbars 24.1175C 35.2737PSU / 281.5uM 24.094C 29.098 8.555 7.430 / 2.8uM / -0.833252V /   64  157  542 / 0x800613f6 0x7fff11f6 0x8007e340 0x7fff5249
(Sep 26 2025 11:18:46,   43798 sec) Profile()            Sample 52 initiated at 52.0dbars for bin 60 [50dbars].  PTS/O2,T2,TPhase,RPhase,RawTemp/NO3/pH/FSig,BbSig,TSig/Ocr: 52.0dbars 26.1477C 35.3829PSU / 265.5uM 26.025C 29.000 8.558 -54.649 / 3.3uM / -0.832201V /   65  155  542 / 0x800620d2 0x7ffeffb6 0x8007dbd2 0x7fff4a1b
(Sep 26 2025 11:20:37,   43909 sec) AscentControlAgent() Bouyancy nudge to 168 (v=0.023dbar/sec).
(Sep 26 2025 11:20:38,   43910 sec) PistonMoveAbsWTO()    163->168 164 165 166 167 168 [24sec, 14.9Volts, 0.165Amps, CPT:1597sec]
(Sep 26 2025 11:25:37,   44209 sec) AscentControlAgent() Bouyancy nudge to 173 (v=0.002dbar/sec).
(Sep 26 2025 11:25:38,   44210 sec) PistonMoveAbsWTO()    168->173 169 170 171 172 173 [24sec, 15.0Volts, 0.169Amps, CPT:1621sec]
(Sep 26 2025 11:29:05,   44417 sec) Profile()            Sample 53 initiated at 46.9dbars for bin 61 [45dbars].  PTS/O2,T2,TPhase,RPhase,RawTemp/NO3/pH/FSig,BbSig,TSig/Ocr: 46.9dbars 27.1376C 35.4590PSU / 247.1uM 27.127C 29.366 8.587 -89.705 / 3.1uM / -0.830841V /   56  141  538 / 0x8005f45b 0x7ffed7ed 0x8007bb09 0x7fff3764
(Sep 26 2025 11:30:45,   44517 sec) AscentControlAgent() Bouyancy nudge to 178 (v=0.024dbar/sec).
(Sep 26 2025 11:30:46,   44518 sec) PistonMoveAbsWTO()    173->178 174 175 176 177 178 [24sec, 15.0Volts, 0.164Amps, CPT:1645sec]
(Sep 26 2025 11:32:12,   44604 sec) Profile()            Sample 54 initiated at 41.5dbars for bin 62 [40dbars].  PTS/O2,T2,TPhase,RPhase,RawTemp/NO3/pH/FSig,BbSig,TSig/Ocr: 41.5dbars 27.1362C 35.4601PSU / 245.4uM 27.140C 29.435 8.589 -90.110 / 3.2uM / -0.830700V /   57  146  537 / 0x8005e31b 0x7ffecead 0x8007b312 0x7fff1b9b
(Sep 26 2025 11:33:25,   44677 sec) Profile()            Sample 55 initiated at 36.3dbars for bin 63 [35dbars].  PTS/O2,T2,TPhase,RPhase,RawTemp/NO3/pH/FSig,BbSig,TSig/Ocr: 36.3dbars 27.1356C 35.4597PSU / 245.3uM 27.139C 29.441 8.587 -90.096 / 3.1uM / -0.830638V /   57  143  536 / 0x8005eca4 0x7ffed589 0x8007adb6 0x7fff209b
(Sep 26 2025 11:34:38,   44750 sec) Profile()            Sample 56 initiated at 31.7dbars for bin 64 [30dbars].  PTS/O2,T2,TPhase,RPhase,RawTemp/NO3/pH/FSig,BbSig,TSig/Ocr: 31.7dbars 27.1362C 35.4600PSU / 245.4uM 27.141C 29.438 8.586 -90.149 / 3.2uM / -0.830545V /   56  144  536 / 0x8005de24 0x7ffec1f6 0x8007aced 0x7fff2c09
(Sep 26 2025 11:36:24,   44856 sec) Profile()            Sample 57 initiated at 26.7dbars for bin 65 [25dbars].  PTS/O2,T2,TPhase,RPhase,RawTemp/NO3/pH/FSig,BbSig,TSig/Ocr: 26.6dbars 27.1323C 35.4595PSU / 245.3uM 27.136C 29.442 8.583 -89.995 / 3.1uM / -0.830528V /   57  142  536 / 0x8005ddd2 0x7ffec6b6 0x80079d6d 0x7fff101b
(Sep 26 2025 11:38:00,   44952 sec) Profile()            Sample 58 initiated at 21.7dbars for bin 66 [20dbars].  PTS/O2,T2,TPhase,RPhase,RawTemp/NO3/pH/FSig,BbSig,TSig/Ocr: 21.7dbars 27.1333C 35.4598PSU / 245.3uM 27.138C 29.440 8.583 -90.036 / 3.2uM / -0.830431V /   57  142  535 / 0x8005ec64 0x7ffebd09 0x80079dd2 0x7fff15ad
(Sep 26 2025 11:39:13,   45025 sec) Profile()            Sample 59 initiated at 16.8dbars for bin 67 [15dbars].  PTS/O2,T2,TPhase,RPhase,RawTemp/NO3/pH/FSig,BbSig,TSig/Ocr: 16.7dbars 27.1306C 35.4598PSU / 245.0uM 27.135C 29.454 8.593 -89.949 / 3.1uM / -0.830370V /   56  148  535 / 0x80060409 0x7ffec2f6 0x80079c49 0x7fff1576
(Sep 26 2025 11:40:26,   45098 sec) Profile()            Sample 60 initiated at 11.3dbars for bin 68 [10dbars].  PTS/O2,T2,TPhase,RPhase,RawTemp/NO3/pH/FSig,BbSig,TSig/Ocr: 11.3dbars 27.1263C 35.4603PSU / 245.4uM 27.131C 29.441 8.589 -89.820 / 3.2uM / -0.830244V /   55  142  535 / 0x8005ed00 0x7ffeb936 0x80079bdb 0x7fff1a40
(Sep 26 2025 11:41:28,   45160 sec) Profile()            Sample 61 initiated at 7.6dbars for bin 69 [6dbars].  PTS/O2,T2,TPhase,RPhase,RawTemp/NO3/pH/FSig,BbSig,TSig/Ocr: 7.6dbars 27.1251C 35.4603PSU / 245.4uM 27.129C 29.441 8.586 -89.779 / 3.1uM / -0.830202V /   57  149  535 / 0x8005e524 0x7ffebbe4 0x8007a324 0x7fff0c64
(Sep 26 2025 11:41:53,   45185 sec) SurfaceDetect()      SurfacePressure:0.3dbars Pressure:4.0dbars PistonPosition:178
(Sep 26 2025 11:41:54,   45186 sec) Sbe41cpStopCP()      Continuous profile stopped.
(Sep 26 2025 11:41:57,   45189 sec) PistonMoveAbsWTO()    178->200 179 180 181 182 183 184 185 186 187 188 189 190 191 192 193 194 195 196 197 198 199 200 [108sec, 14.9Volts, 0.158Amps, CPT:1753sec]
(Sep 26 2025 11:43:50,   45302 sec) chat()               Expected string [S>] not received.
(Sep 26 2025 11:45:40,   45412 sec) Sbe41cpBinAverage()  Finished averaging 12855 samples in 105 seconds.
(Sep 26 2025 11:45:45,   45417 sec) Sbe41cpUploadCP_()   Sbe41cpSerNo[20478] NSample[12855] NBin[493]
(Sep 26 2025 11:46:16,   45448 sec) Sbe41cpUploadCP_()   Continuous profile uploaded [493 lines].
(Sep 26 2025 11:46:29,   45461 sec) MscErrorLog_()       No error records to log.
(Sep 26 2025 11:46:40,   45472 sec) MscErrorLog_()       No error records to log.

<EOT>
