(Sep 28 2025 23:15:44,   52385 sec) TelemetryInit()      Profile 6. (Apf11 FwRev: 061125)
(Sep 28 2025 23:15:44,   52385 sec) TelemetryInit()      Charge consumption model: OCV:15.2V Wake-Cycles:8030 Standby:7.5days Wake:7.5kC Sensors:0.7kC
(Sep 28 2025 23:20:59,   52700 sec) GetSurfaceObs()      P/O2,T2,TPhase,RPhase,RawTemp/FSig,BbSig,TSig: 0.4dbars / 244.3uM 27.192C 29.464 8.609 -91.752 / 51,137,535
(Sep 28 2025 23:20:59,   52700 sec) GetSurfaceObs()      P/Ocr: 0.4dbars / 0x8fb29380 0x95d9bfa4 0x92953376 0x93328552
(Sep 28 2025 23:21:32,   52733 sec) GetSurfaceObs()      P/O2,T2,TPhase,RPhase,RawTemp/FSig,BbSig,TSig: 0.2dbars / 244.5uM 27.179C 29.463 8.601 -91.352 / 52,138,535
(Sep 28 2025 23:21:32,   52733 sec) GetSurfaceObs()      P/Ocr: 0.2dbars / 0x904c346d 0x97446449 0x941e6fc9 0x954a80e4
(Sep 28 2025 23:22:06,   52767 sec) GetSurfaceObs()      P/O2,T2,TPhase,RPhase,RawTemp/FSig,BbSig,TSig: 0.3dbars / 244.4uM 27.183C 29.464 8.597 -91.463 / 51,137,534
(Sep 28 2025 23:22:06,   52767 sec) GetSurfaceObs()      P/Ocr: 0.3dbars / 0x90690e09 0x96837ce4 0x93e4c449 0x959c06d2
(Sep 28 2025 23:22:39,   52800 sec) GetSurfaceObs()      P/O2,T2,TPhase,RPhase,RawTemp/FSig,BbSig,TSig: 0.3dbars / 244.5uM 27.187C 29.459 8.597 -91.599 / 51,143,535
(Sep 28 2025 23:22:39,   52800 sec) GetSurfaceObs()      P/Ocr: 0.3dbars / 0x910ffc36 0x96ff6249 0x9515822d 0x968be11b
(Sep 28 2025 23:25:50,   52991 sec) AirSystem()          Battery [216cnt, 15.2V]  Current [20cnt, 78.9mA]  Pneumometer [156cnt, 18.3psi]  Run-Time [91s]
(Sep 28 2025 23:26:03,   53004 sec) GetSurfaceObs()      P/O2,T2,TPhase,RPhase,RawTemp/FSig,BbSig,TSig: 0.1dbars / 246.2uM 26.606C 29.601 8.604 -73.150 / 52,136,534
(Sep 28 2025 23:26:03,   53004 sec) GetSurfaceObs()      P/Ocr: 0.1dbars / 0x948959b6 0x9d102576 0x9ad25509 0x9cc4d389
(Sep 28 2025 23:26:36,   53037 sec) GetSurfaceObs()      P/O2,T2,TPhase,RPhase,RawTemp/FSig,BbSig,TSig: -0.1dbars / 245.4uM 26.388C 29.719 8.595 -66.211 / 51,140,535
(Sep 28 2025 23:26:36,   53037 sec) GetSurfaceObs()      P/Ocr: -0.1dbars / 0x9406591b 0x9d88c8db 0x9b3c0389 0x9c85ff5b
(Sep 28 2025 23:27:09,   53070 sec) GetSurfaceObs()      P/O2,T2,TPhase,RPhase,RawTemp/FSig,BbSig,TSig: -0.1dbars / 243.2uM 26.915C 29.620 8.592 -82.970 / 51,138,534
(Sep 28 2025 23:27:09,   53070 sec) GetSurfaceObs()      P/Ocr: -0.1dbars / 0x9410dd6d 0x9dd8f0a4 0x9b3343db 0x9c81cc9b
(Sep 28 2025 23:27:42,   53103 sec) GetSurfaceObs()      P/O2,T2,TPhase,RPhase,RawTemp/FSig,BbSig,TSig: -0.0dbars / 242.9uM 26.850C 29.656 8.591 -80.909 / 51,137,534
(Sep 28 2025 23:27:42,   53103 sec) GetSurfaceObs()      P/Ocr: -0.0dbars / 0x95531376 0x9f707752 0x9dae361b 0x9f9f52c9
(Sep 28 2025 23:28:15,   53136 sec) GetSurfaceObs()      P/O2,T2,TPhase,RPhase,RawTemp/FSig,BbSig,TSig: 0.1dbars / 243.8uM 26.793C 29.636 8.589 -79.115 / 52,137,534
(Sep 28 2025 23:28:15,   53136 sec) GetSurfaceObs()      P/Ocr: 0.1dbars / 0x8f524140 0x95cae69b 0x936e7c80 0x9460f309
(Sep 28 2025 23:28:49,   53170 sec) GetSurfaceObs()      P/O2,T2,TPhase,RPhase,RawTemp/FSig,BbSig,TSig: -0.0dbars / 246.0uM 26.715C 29.569 8.585 -76.642 / 53,184,534
(Sep 28 2025 23:28:49,   53170 sec) GetSurfaceObs()      P/Ocr: -0.0dbars / 0x95649600 0x9fea7c9b 0x9dfc6892 0x9ff64592
(Sep 28 2025 23:29:22,   53203 sec) GetSurfaceObs()      P/O2,T2,TPhase,RPhase,RawTemp/FSig,BbSig,TSig: -0.1dbars / 243.8uM 26.672C 29.684 8.587 -75.266 / 51,135,534
(Sep 28 2025 23:29:22,   53203 sec) GetSurfaceObs()      P/Ocr: -0.1dbars / 0x99cbf3ad 0xa8c3c5c0 0xa5f1b6ed 0xa7890392
(Sep 28 2025 23:29:55,   53236 sec) GetSurfaceObs()      P/O2,T2,TPhase,RPhase,RawTemp/FSig,BbSig,TSig: -0.1dbars / 247.6uM 26.467C 29.593 8.588 -68.741 / 51,138,534
(Sep 28 2025 23:29:55,   53236 sec) GetSurfaceObs()      P/Ocr: -0.1dbars / 0x9a020524 0xa8291d89 0xa5a3e200 0xa895b2a4
(Sep 28 2025 23:30:16,   53257 sec) AirSystem()          Battery [217cnt, 15.2V]  Current [20cnt, 77.0mA]  Pneumometer [158cnt, 18.6psi]  Run-Time [9s]
(Sep 28 2025 23:30:57,   53298 sec) GetSurfaceObs()      P/O2,T2,TPhase,RPhase,RawTemp/FSig,BbSig,TSig: -0.1dbars / 250.0uM 26.285C 29.554 8.592 -62.951 / 50,139,534
(Sep 28 2025 23:30:57,   53298 sec) GetSurfaceObs()      P/Ocr: -0.1dbars / 0x976d046d 0xa363b0c0 0xa0143f64 0xa220af36
(Sep 28 2025 23:31:00,   53301 sec) GpsServices()        GPS almanac is current.
(Sep 28 2025 23:31:00,   53301 sec) GpsServices()        Initiating GPS fix acquisition.
(Sep 28 2025 23:31:07,   53308 sec) gga()                $GPGGA,233120,2732.7433,N,15758.3694,W,0,00,,,M,,M,,*4F
(Sep 28 2025 23:31:16,   53317 sec) gga()                $GPGGA,233130,2732.7433,N,15758.3694,W,0,00,,,M,,M,,*4E
(Sep 28 2025 23:31:26,   53327 sec) gga()                $GPGGA,233140,2732.7433,N,15758.3694,W,0,00,,,M,,M,,*49
(Sep 28 2025 23:31:37,   53338 sec) gga()                $GPGGA,233150,2734.3208,N,15757.9173,W,1,08,1.1,-3.5,M,-5.7,M,,*6C
(Sep 28 2025 23:31:37,   53338 sec) GpsServices()        Profile 6 GPS fix obtained in 37 seconds.
(Sep 28 2025 23:31:37,   53338 sec) GpsServices()                   lon      lat mm/dd/yyyy hhmmss nsat
(Sep 28 2025 23:31:37,   53338 sec) GpsServices()        Fix: -157.9653  27.5720 09/28/2025 233150    8
(Sep 28 2025 23:31:47,   53348 sec) gga()                $GPGGA,233200,2734.3224,N,15757.9163,W,1,08,1.0,-6.6,M,-5.7,M,,*62
(Sep 28 2025 23:31:56,   53357 sec) gga()                $GPGGA,233210,2734.3239,N,15757.9158,W,1,08,1.0,-1.4,M,-5.7,M,,*62
(Sep 28 2025 23:31:56,   53357 sec) GpsServices()        APF11 RTC skew (-14s) OK.
(Sep 28 2025 23:31:56,   53357 sec) GpsServices()        GPS services complete.
(Sep 28 2025 23:32:24,   53385 sec) IrGeoLoc()           <x,y,z>=<-5244km,-2120km,2932km> lat=27.557 lon=-157.988 IrSysTime=0xede8a593
(Sep 28 2025 23:32:27,   53388 sec) CLogin()             Connecting to primary host.
(Sep 28 2025 23:32:44,   53405 sec) CLogin()             Connection 1 established in 17 seconds.
(Sep 28 2025 23:32:56,   53417 sec) login()              Login successful.
(Sep 28 2025 23:33:05,   53426 sec) CLogin()             Logged in to host.  [Login required 21 seconds]
(Sep 28 2025 23:33:09,   53430 sec) RxConfig()           Downloading "mission.cfg" from host.
(Sep 28 2025 23:33:26,   53447 sec) RxConfig()           Download successful: [bytes:83, sec:15.6, bps:5]
(Sep 28 2025 23:33:30,   53451 sec) WriteVitals_()       Writing vitals to "23808.006.msg".
(Sep 28 2025 23:33:40,   53461 sec) UpLoadFile()         Uploading "23808.006.log" to host.
(Sep 28 2025 23:36:40,   53641 sec) UpLoadFile()         Upload successful: [bytes:42598, sec:179.1, bps:238]
(Sep 28 2025 23:36:41,   53642 sec) fmove()              Moved: 23808.006.log -> archive/23808.006.log
(Sep 28 2025 23:36:45,   53646 sec) UpLoadFile()         Uploading "23808.006.msg" to host.
(Sep 28 2025 23:38:34,   53755 sec) UpLoadFile()         Upload successful: [bytes:22171, sec:109.3, bps:203]
(Sep 28 2025 23:38:35,   53756 sec) fmove()              Moved: 23808.006.msg -> archive/23808.006.msg
(Sep 28 2025 23:38:41,   53762 sec) UpLoadFile()         Uploading "23808.006.isus" to host.
(Sep 28 2025 23:40:23,   53864 sec) UpLoadFile()         Upload successful: [bytes:24397, sec:101.1, bps:241]
(Sep 28 2025 23:40:24,   53865 sec) fmove()              Moved: 23808.006.isus -> archive/23808.006.isus
(Sep 28 2025 23:40:30,   53871 sec) UpLoadFile()         Uploading "23808.006.dura" to host.
(Sep 28 2025 23:41:26,   53927 sec) UpLoadFile()         Upload successful: [bytes:11987, sec:56.3, bps:213]
(Sep 28 2025 23:41:28,   53929 sec) fmove()              Moved: 23808.006.dura -> archive/23808.006.dura
(Sep 28 2025 23:41:29,   53930 sec) UpLoad()             Files successfully uploaded: 4
(Sep 28 2025 23:41:29,   53930 sec) UpLoad()             Upload complete.
(Sep 28 2025 23:41:36,   53937 sec) chat()               Expected string [logout] not received.
(Sep 28 2025 23:41:36,   53937 sec) logout()             Attempt to log-out failed.
(Sep 28 2025 23:41:36,   53937 sec) logout()             No carrier detected.
(Sep 28 2025 23:41:36,   53937 sec) Telemetry()          Telemetry cycle complete: PrfId=6 ConnectionAttempts=1  Connections=1
(Sep 28 2025 23:41:36,   53937 sec) TelemetryTerminate() Parsing new mission configuration.
(Sep 28 2025 23:41:37,   53938 sec) configure()          Parsing configurators in "mission.cfg".
(Sep 28 2025 23:41:37,   53938 sec) configure()             TelemetryRetry(15)      [0x7BBC] [TelemetryRetry(15)].
(Sep 28 2025 23:41:37,   53938 sec) configure()             DeepProfilePistonPos(9) [CRC=0xFF37] [DeepProfilePistonPos(9)].
(Sep 28 2025 23:41:37,   53938 sec) configure()             DeepProfilePressure(2025) [CRC=0x5FF2] [ProfilePressure(2025)].
(Sep 28 2025 23:41:38,   53939 sec) configure()          Configuration CRCs and syntax OK.
(Sep 28 2025 23:41:38,   53939 sec) ConfigSupervisor()   Sanity check violated: cfg->TimeDeepProfileDescent >= (cfg->PressureProfile-cfg->PressurePark)/dPdt
(Sep 28 2025 23:41:38,   53939 sec) ConfigSupervisor()   Configuration accepted.
(Sep 28 2025 23:41:38,   53939 sec) TelemetryTerminate() Reconditioning the file system.
(Sep 28 2025 23:41:40,       0 sec) DescentInit()        Deep profile 7 initiated at mission-time 53941sec.
(Sep 28 2025 23:41:41,       1 sec) DescentInit()        Surface pressure: -0.0dbars.
(Sep 28 2025 23:41:41,       1 sec) DescentInit()        Charge consumption model: OCV:15.0V Wake-Cycles:8031 Standby:7.5days Wake:7.5kC Sleep:0.7kC
(Sep 28 2025 23:41:53,      13 sec) DescentInit()        Pneumatic humidity: 2895(60.4%) -> 2900(60.5%)
(Sep 28 2025 23:41:53,      13 sec) PistonMoveAbsWTO()    198->069 197 196 195 194 193 192 191 190 189 188 187 186 185 184 183 182 181 180 179 178 177 176 175 174 173 172 171 170 169 168 167 166 165 164 163 162 161 160 159 158 157 156 155 154 153 152 151 150 149 148 147 146 145 144 143 142 141 140 139 138 137 136 135 134 133 132 131 130 129 128 127 126 125 124 123 122 121 120 119 118 117 116 115 114 113 112 111 110 109 108 107 106 105 104 103 102 101 100 099 098 097 096 095 094 093 092 091 090 089 088 087 086 085 084 083 082 081 080 079 078 077 076 075 074 073 072 071 070 069 [632sec, 15.0Volts, 0.140Amps, CPT:632sec]
(Sep 28 2025 23:52:29,     649 sec) DescentInit()        Air solenoid open: Barometer [209cnt,  12.3psi]  Pneumometer [107cnt,  12.6psi]
(Sep 28 2025 23:52:39,     659 sec) Descent()            Pressure: 53.1
(Sep 29 2025 00:41:40,    3600 sec) Descent()            Pressure: 438.4
(Sep 29 2025 01:41:40,    7200 sec) Descent()            Pressure: 709.7
(Sep 29 2025 02:41:40,   10800 sec) Descent()            Pressure: 782.2
(Sep 29 2025 03:41:40,   14400 sec) Descent()            Pressure: 789.4
(Sep 29 2025 03:41:41,   14401 sec) ParkInit()           Charge consumption model: OCV:15.5V Wake-Cycles:8036 Standby:7.7days Wake:7.8kC Sensors:0.7kC
(Sep 29 2025 06:42:12,   25232 sec) CtdPower()           [  798.73,  4.5001, 34.2239]
(Sep 29 2025 06:42:12,   25232 sec) CtdPower()           CTD Power consumption [219VCnt 3ACnt]: 15.425Volts * 0.012Amps = 0.18Watts.
(Sep 29 2025 06:42:18,   25238 sec) ParkTerminate()      Piston Position:69 Vacuum:190 HumidityAd12:4094(inf%) Vq:220 Aq:2 Vsbe:219 Asbe:3 Vflbb:218 Aflbb:11 Vopt:217 Aopt:13 Vocr:218 Aocr:7 MuxTemp:4.579C MuxHumidity:6.3%
(Sep 29 2025 06:42:48,   25268 sec) ParkTerminate()      PTS/O2,T2,TPhase,RawTemp: 798.8dbars 4.5012C 34.2240PSU / 35.5uM 4.490C 57.053 8.168 642.451
(Sep 29 2025 06:42:48,   25268 sec) ParkTerminate()      FLBB FSig, BbSig, TSig: 55, 118, 571 / Ocr: nan nan nan nan
(Sep 29 2025 06:42:49,   25269 sec) GoDeepInit()         Charge consumption model: OCV:15.4V Wake-Cycles:8039 Standby:7.8days Wake:7.8kC Sensors:0.7kC
(Sep 29 2025 06:42:49,   25269 sec) GoDeepInit()         Moving piston.
(Sep 29 2025 06:42:49,   25269 sec) PistonMoveAbsWTO()    069->009 068 067 066 065 064 063 062 061 060 059 058 057 056 055 054 053 052 051 050 049 048 047 046 045 044 043 042 041 040 039 038 037 036 035 034 033 032 031 030 029 028 027 026 025 024 023 022 021 020 019 018 017 016 015 014 013 012 011 010 009 [296sec, 15.0Volts, 0.066Amps, CPT:928sec]
(Sep 29 2025 08:41:40,   32400 sec) ProfileInit()        Charge consumption model: OCV:15.5V Wake-Cycles:8062 Standby:7.9days Wake:7.8kC Sensors:0.7kC
(Sep 29 2025 08:41:40,   32400 sec) ProfileInit()        PrfId:007  Pressure:1531.0dbar  pTable[5]:1500dbar
(Sep 29 2025 08:41:42,   32402 sec) ProfileInit()        Muxer PPIs K{1,2} quiescent: 15.43V, 0.1mA, 1.5mW
(Sep 29 2025 08:41:46,   32406 sec) ProfileInit()        ISUS powered up.
(Sep 29 2025 08:41:49,   32409 sec) ProfileInit()        Muxer PPIs K{1,2} w/ ISUS awake: 15.27V, 48.2mA, 736.1mW
(Sep 29 2025 08:41:56,   32416 sec) MscErrorLog_()       No error records to log.
(Sep 29 2025 08:42:03,   32423 sec) ProfileInit()        DURA powered up.
(Sep 29 2025 08:42:07,   32427 sec) ProfileInit()        Muxer PPIs K{1,2} w/ DURA awake: 15.25V, 47.3mA, 721.2mW
(Sep 29 2025 08:42:12,   32432 sec) MscErrorLog_()       No error records to log.
(Sep 29 2025 08:42:18,   32438 sec) PistonMoveAbsWTO()    009->031 010 011 012 013 014 015 [30sec, 14.7Volts, 0.518Amps, CPT:958sec]
(Sep 29 2025 08:42:59,   32479 sec) PistonMoveAbsWTO()    015->031 016 017 018 019 020 [30sec, 14.4Volts, 0.512Amps, CPT:988sec]
(Sep 29 2025 08:43:40,   32520 sec) PistonMoveAbsWTO()    020->031 021 022 023 024 025 [30sec, 14.3Volts, 0.504Amps, CPT:1018sec]
(Sep 29 2025 08:44:21,   32561 sec) PistonMoveAbsWTO()    025->031 026 027 028 029 030 031 [30sec, 14.2Volts, 0.514Amps, CPT:1048sec]
(Sep 29 2025 08:50:56,   32956 sec) Profile()            Sample 0 initiated at 1501.9dbars for bin 5 [1500dbars].  PTS/O2,T2,TPhase,RPhase,RawTemp/NO3/pH/FSig,BbSig,TSig/Ocr: 1500.1dbars 2.7528C 34.5553PSU / 75.3uM 2.748C 53.033 8.139 695.543 / 42.0uM / -0.884056V /   55  113  573 / nan nan nan nan
(Sep 29 2025 08:56:50,   33310 sec) AscentControlAgent() Bouyancy nudge to 41 (v=0.069dbar/sec).
(Sep 29 2025 08:56:50,   33310 sec) PistonMoveAbsWTO()    031->041 032 033 034 035 036 [30sec, 14.5Volts, 0.495Amps, CPT:1078sec]
(Sep 29 2025 08:57:31,   33351 sec) PistonMoveAbsWTO()    036->041 037 038 039 040 041 [25sec, 14.3Volts, 0.489Amps, CPT:1103sec]
(Sep 29 2025 09:09:01,   34041 sec) Profile()            Sample 1 initiated at 1401.9dbars for bin 6 [1400dbars].  PTS/O2,T2,TPhase,RPhase,RawTemp/NO3/pH/FSig,BbSig,TSig/Ocr: 1399.9dbars 2.9814C 34.5354PSU / 68.6uM 2.975C 53.634 8.152 688.675 / 42.3uM / -0.884168V /   54  113  573 / nan nan nan nan
(Sep 29 2025 09:22:28,   34848 sec) AscentControlAgent() Bouyancy nudge to 51 (v=0.076dbar/sec).
(Sep 29 2025 09:22:28,   34848 sec) PistonMoveAbsWTO()    041->051 042 043 044 045 046 [30sec, 14.6Volts, 0.466Amps, CPT:1133sec]
(Sep 29 2025 09:23:09,   34889 sec) PistonMoveAbsWTO()    046->051 047 048 049 050 051 [25sec, 14.5Volts, 0.467Amps, CPT:1158sec]
(Sep 29 2025 09:28:23,   35203 sec) Profile()            Sample 2 initiated at 1301.6dbars for bin 7 [1300dbars].  PTS/O2,T2,TPhase,RPhase,RawTemp/NO3/pH/FSig,BbSig,TSig/Ocr: 1299.5dbars 3.2079C 34.5139PSU / 62.3uM 3.203C 54.234 8.156 681.768 / 42.8uM / -0.884064V /   55  112  573 / nan nan nan nan
(Sep 29 2025 09:45:55,   36255 sec) Profile()            Sample 3 initiated at 1201.8dbars for bin 8 [1200dbars].  PTS/O2,T2,TPhase,RPhase,RawTemp/NO3/pH/FSig,BbSig,TSig/Ocr: 1199.9dbars 3.4108C 34.4884PSU / 55.9uM 3.404C 54.873 8.160 675.656 / 43.0uM / -0.883944V /   53  114  573 / nan nan nan nan
(Sep 29 2025 09:59:11,   37051 sec) AscentControlAgent() Bouyancy nudge to 61 (v=0.070dbar/sec).
(Sep 29 2025 09:59:11,   37051 sec) PistonMoveAbsWTO()    051->061 052 053 054 055 056 [30sec, 14.7Volts, 0.413Amps, CPT:1188sec]
(Sep 29 2025 09:59:52,   37092 sec) PistonMoveAbsWTO()    056->061 057 058 059 060 061 [23sec, 14.5Volts, 0.424Amps, CPT:1211sec]
(Sep 29 2025 10:06:11,   37471 sec) Profile()            Sample 4 initiated at 1101.6dbars for bin 9 [1100dbars].  PTS/O2,T2,TPhase,RPhase,RawTemp/NO3/pH/FSig,BbSig,TSig/Ocr: 1099.7dbars 3.6182C 34.4586PSU / 48.5uM 3.611C 55.666 8.163 669.380 / 43.3uM / -0.883792V /   54  116  572 / nan nan nan nan
(Sep 29 2025 10:19:38,   38278 sec) AscentControlAgent() Bouyancy nudge to 71 (v=0.079dbar/sec).
(Sep 29 2025 10:19:38,   38278 sec) PistonMoveAbsWTO()    061->071 062 063 064 065 066 [30sec, 14.7Volts, 0.396Amps, CPT:1241sec]
(Sep 29 2025 10:20:19,   38319 sec) PistonMoveAbsWTO()    066->071 067 068 069 070 071 [24sec, 14.5Volts, 0.392Amps, CPT:1265sec]
(Sep 29 2025 10:25:20,   38620 sec) Profile()            Sample 5 initiated at 1001.5dbars for bin 10 [1000dbars].  PTS/O2,T2,TPhase,RPhase,RawTemp/NO3/pH/FSig,BbSig,TSig/Ocr: 999.3dbars 3.8596C 34.3944PSU / 36.3uM 3.853C 57.106 8.170 661.998 / 43.8uM / -0.884405V /   54  114  572 / nan nan nan nan
(Sep 29 2025 10:28:31,   38811 sec) Sbe41cpStartCP()     Continuous profile started.
(Sep 29 2025 10:33:33,   39113 sec) Profile()            Sample 6 initiated at 951.6dbars for bin 11 [950dbars].  PTS/O2,T2,TPhase,RPhase,RawTemp/NO3/pH/FSig,BbSig,TSig/Ocr: 951.5dbars 3.9530C 34.3639PSU / 32.1uM 3.946C 57.631 8.174 659.153 / 44.0uM / -0.884488V /   55  120  572 / nan nan nan nan
(Sep 29 2025 10:43:22,   39702 sec) Profile()            Sample 7 initiated at 901.8dbars for bin 12 [900dbars].  PTS/O2,T2,TPhase,RPhase,RawTemp/NO3/pH/FSig,BbSig,TSig/Ocr: 901.7dbars 4.0929C 34.3301PSU / 30.0uM 4.085C 57.875 8.174 654.882 / 44.0uM / -0.884286V /   55  116  571 / nan nan nan nan
(Sep 29 2025 10:45:36,   39836 sec) AscentControlAgent() Bouyancy nudge to 81 (v=0.078dbar/sec).
(Sep 29 2025 10:45:36,   39836 sec) PistonMoveAbsWTO()    071->081 072 073 074 075 076 [30sec, 14.5Volts, 0.370Amps, CPT:1295sec]
(Sep 29 2025 10:46:17,   39877 sec) PistonMoveAbsWTO()    076->081 077 078 079 080 081 [24sec, 14.4Volts, 0.364Amps, CPT:1319sec]
(Sep 29 2025 10:52:27,   40247 sec) Profile()            Sample 8 initiated at 851.1dbars for bin 13 [850dbars].  PTS/O2,T2,TPhase,RPhase,RawTemp/NO3/pH/FSig,BbSig,TSig/Ocr: 851.0dbars 4.2494C 34.2803PSU / 29.5uM 4.242C 57.907 8.178 650.091 / 43.7uM / -0.884064V /   55  115  571 / nan nan nan nan
(Sep 29 2025 10:56:20,   40480 sec) PistonMoveAbsWTO()    080->081 081 [1sec, 14.7Volts, 0.391Amps, CPT:1320sec]
(Sep 29 2025 11:00:57,   40757 sec) AscentControlAgent() Bouyancy nudge to 91 (v=0.079dbar/sec).
(Sep 29 2025 11:00:57,   40757 sec) PistonMoveAbsWTO()    081->091 082 083 084 085 086 [30sec, 14.6Volts, 0.347Amps, CPT:1350sec]
(Sep 29 2025 11:02:14,   40834 sec) Profile()            Sample 9 initiated at 801.4dbars for bin 14 [800dbars].  PTS/O2,T2,TPhase,RPhase,RawTemp/NO3/pH/FSig,BbSig,TSig/Ocr: 801.3dbars 4.4701C 34.2278PSU / 33.1uM 4.462C 57.365 8.182 643.318 / 43.1uM / -0.883333V /   56  114  571 / nan nan nan nan
(Sep 29 2025 11:02:15,   40835 sec) PistonMoveAbsWTO()    086->091 087 088 089 090 091 [23sec, 14.5Volts, 0.335Amps, CPT:1373sec]
(Sep 29 2025 11:05:57,   41057 sec) PistonMoveAbsWTO()    091->091 [0sec, 0.0Volts, 0.000Amps, CPT:1373sec]
(Sep 29 2025 11:11:41,   41401 sec) Profile()            Sample 10 initiated at 751.2dbars for bin 15 [750dbars].  PTS/O2,T2,TPhase,RPhase,RawTemp/NO3/pH/FSig,BbSig,TSig/Ocr: 751.1dbars 4.7843C 34.1662PSU / 44.7uM 4.775C 55.791 8.189 633.697 / 41.9uM / -0.881947V /   55  116  571 / nan nan nan nan
(Sep 29 2025 11:20:46,   41946 sec) Profile()            Sample 11 initiated at 701.1dbars for bin 16 [700dbars].  PTS/O2,T2,TPhase,RPhase,RawTemp/NO3/pH/FSig,BbSig,TSig/Ocr: 701.0dbars 5.1460C 34.1119PSU / 58.8uM 5.138C 53.967 8.195 622.478 / 40.4uM / -0.880058V /   55  121  570 / nan nan nan nan
(Sep 29 2025 11:32:03,   42623 sec) Profile()            Sample 12 initiated at 651.6dbars for bin 17 [650dbars].  PTS/O2,T2,TPhase,RPhase,RawTemp/NO3/pH/FSig,BbSig,TSig/Ocr: 651.6dbars 5.5436C 34.0664PSU / 77.5uM 5.532C 51.729 8.203 610.257 / 38.3uM / -0.877502V /   55  118  569 / nan nan nan nan
(Sep 29 2025 11:32:04,   42624 sec) AscentControlAgent() Bouyancy nudge to 101 (v=0.057dbar/sec).
(Sep 29 2025 11:32:05,   42625 sec) PistonMoveAbsWTO()    091->101 092 093 094 095 096 [30sec, 14.6Volts, 0.310Amps, CPT:1403sec]
(Sep 29 2025 11:32:46,   42666 sec) PistonMoveAbsWTO()    096->101 097 098 099 100 101 [22sec, 14.5Volts, 0.317Amps, CPT:1425sec]
(Sep 29 2025 11:37:10,   42930 sec) AscentControlAgent() Bouyancy nudge to 111 (v=0.074dbar/sec).
(Sep 29 2025 11:37:11,   42931 sec) PistonMoveAbsWTO()    101->111 102 103 104 105 106 [30sec, 14.6Volts, 0.299Amps, CPT:1455sec]
(Sep 29 2025 11:37:52,   42972 sec) PistonMoveAbsWTO()    106->111 107 108 109 110 111 [23sec, 14.5Volts, 0.300Amps, CPT:1478sec]
(Sep 29 2025 11:41:47,   43207 sec) Profile()            Sample 13 initiated at 601.4dbars for bin 18 [600dbars].  PTS/O2,T2,TPhase,RPhase,RawTemp/NO3/pH/FSig,BbSig,TSig/Ocr: 601.3dbars 6.2304C 34.0120PSU / 116.7uM 6.218C 47.644 8.217 588.881 / 34.5uM / -0.872997V /   54  118  569 / nan nan nan nan
(Sep 29 2025 11:49:13,   43653 sec) Profile()            Sample 14 initiated at 551.7dbars for bin 19 [550dbars].  PTS/O2,T2,TPhase,RPhase,RawTemp/NO3/pH/FSig,BbSig,TSig/Ocr: 551.6dbars 7.0178C 34.0042PSU / 147.2uM 7.012C 44.758 8.235 563.996 / 30.5uM / -0.868140V /   53  118  568 / nan nan nan nan
(Sep 29 2025 11:58:51,   44231 sec) Profile()            Sample 15 initiated at 501.2dbars for bin 20 [500dbars].  PTS/O2,T2,TPhase,RPhase,RawTemp/NO3/pH/FSig,BbSig,TSig/Ocr: 501.1dbars 8.0673C 34.0133PSU / 188.1uM 8.060C 41.366 8.261 530.858 / 25.4uM / -0.862763V /   53  120  566 / nan nan nan nan
(Sep 29 2025 12:02:32,   44452 sec) AscentControlAgent() Bouyancy nudge to 121 (v=0.077dbar/sec).
(Sep 29 2025 12:02:33,   44453 sec) PistonMoveAbsWTO()    111->121 112 113 114 115 116 [30sec, 14.7Volts, 0.276Amps, CPT:1508sec]
(Sep 29 2025 12:03:14,   44494 sec) PistonMoveAbsWTO()    116->121 117 118 119 120 121 [21sec, 14.6Volts, 0.269Amps, CPT:1529sec]
(Sep 29 2025 12:07:55,   44775 sec) Profile()            Sample 16 initiated at 451.7dbars for bin 21 [450dbars].  PTS/O2,T2,TPhase,RPhase,RawTemp/NO3/pH/FSig,BbSig,TSig/Ocr: 451.6dbars 9.0513C 34.0469PSU / 219.6uM 9.051C 38.968 8.280 499.307 / 21.0uM / -0.858250V /   50  122  565 / 0x8006acc9 0x800028c9 0x80087bc9 0x7fffdc49
(Sep 29 2025 12:16:19,   45279 sec) Profile()            Sample 17 initiated at 401.9dbars for bin 22 [400dbars].  PTS/O2,T2,TPhase,RPhase,RawTemp/NO3/pH/FSig,BbSig,TSig/Ocr: 401.8dbars 9.9275C 34.0938PSU / 235.1uM 9.919C 37.678 8.300 471.447 / 18.1uM / -0.855103V /   50  120  563 / 0x8006b4ed 0x80001776 0x800883b6 0x7fffd652
(Sep 29 2025 12:20:17,   45517 sec) Profile()            Sample 18 initiated at 381.2dbars for bin 23 [380dbars].  PTS/O2,T2,TPhase,RPhase,RawTemp/NO3/pH/FSig,BbSig,TSig/Ocr: 381.1dbars 10.3179C 34.1187PSU / 241.1uM 10.311C 37.169 8.307 458.829 / 17.0uM / -0.853902V /   50  118  563 / 0x80069b09 0x800013ad 0x80088eb6 0x7fffc8f6
(Sep 29 2025 12:24:26,   45766 sec) Profile()            Sample 19 initiated at 361.5dbars for bin 24 [360dbars].  PTS/O2,T2,TPhase,RPhase,RawTemp/NO3/pH/FSig,BbSig,TSig/Ocr: 361.4dbars 10.8794C 34.1572PSU / 244.4uM 10.875C 36.709 8.315 440.612 / 15.6uM / -0.852485V /   51  117  562 / 0x800686b6 0x80000792 0x80086b89 0x7fffd024
(Sep 29 2025 12:26:45,   45905 sec) Profile()            Sample 20 initiated at 351.5dbars for bin 25 [350dbars].  PTS/O2,T2,TPhase,RPhase,RawTemp/NO3/pH/FSig,BbSig,TSig/Ocr: 351.5dbars 11.0632C 34.1685PSU / 245.4uM 11.064C 36.562 8.320 434.491 / 15.3uM / -0.852042V /   50  118  561 / 0x8006975b 0x7fffef6d 0x800874d2 0x7fffcb2d
(Sep 29 2025 12:28:14,   45994 sec) AscentControlAgent() Bouyancy nudge to 131 (v=0.070dbar/sec).
(Sep 29 2025 12:28:14,   45994 sec) PistonMoveAbsWTO()    121->131 122 123 124 125 126 [30sec, 14.7Volts, 0.242Amps, CPT:1559sec]
(Sep 29 2025 12:29:34,   46074 sec) Profile()            Sample 21 initiated at 339.7dbars for bin 26 [340dbars].  PTS/O2,T2,TPhase,RPhase,RawTemp/NO3/pH/FSig,BbSig,TSig/Ocr: 339.6dbars 11.4255C 34.1918PSU / 247.3uM 11.424C 36.288 8.335 422.837 / 14.3uM / -0.851140V /   50  120  561 / 0x800689e4 0x7fffef9b 0x80086ced 0x7fffcae4
(Sep 29 2025 12:29:35,   46075 sec) PistonMoveAbsWTO()    126->131 127 128 129 130 131 [22sec, 14.6Volts, 0.241Amps, CPT:1581sec]
(Sep 29 2025 12:31:10,   46170 sec) Profile()            Sample 22 initiated at 331.1dbars for bin 27 [330dbars].  PTS/O2,T2,TPhase,RPhase,RawTemp/NO3/pH/FSig,BbSig,TSig/Ocr: 331.0dbars 11.8141C 34.2157PSU / 247.0uM 11.815C 36.101 8.341 410.136 / 13.5uM / -0.850364V /   50  117  561 / 0x80068c24 0x7fffde52 0x8008795b 0x7fffbf5b
(Sep 29 2025 12:32:56,   46276 sec) Profile()            Sample 23 initiated at 321.2dbars for bin 28 [320dbars].  PTS/O2,T2,TPhase,RPhase,RawTemp/NO3/pH/FSig,BbSig,TSig/Ocr: 321.1dbars 12.1067C 34.2380PSU / 248.1uM 12.117C 35.898 8.351 400.299 / 12.9uM / -0.849791V /   51  118  560 / 0x8006926d 0x7fffef49 0x80087312 0x7fffc049
(Sep 29 2025 12:34:42,   46382 sec) Profile()            Sample 24 initiated at 311.3dbars for bin 29 [310dbars].  PTS/O2,T2,TPhase,RPhase,RawTemp/NO3/pH/FSig,BbSig,TSig/Ocr: 311.1dbars 12.2996C 34.2474PSU / 248.3uM 12.306C 35.793 8.356 394.140 / 12.6uM / -0.849287V /   50  119  560 / 0x80068049 0x7fffefe4 0x800873f6 0x7fffcb80
(Sep 29 2025 12:36:28,   46488 sec) Profile()            Sample 25 initiated at 301.7dbars for bin 30 [300dbars].  PTS/O2,T2,TPhase,RPhase,RawTemp/NO3/pH/FSig,BbSig,TSig/Ocr: 301.6dbars 12.6525C 34.2700PSU / 248.1uM 12.646C 35.629 8.360 383.041 / 11.8uM / -0.848749V /   50  120  559 / 0x800675c0 0x7fffdf64 0x80086af6 0x7fffc1ed
(Sep 29 2025 12:38:25,   46605 sec) Profile()            Sample 26 initiated at 291.4dbars for bin 31 [290dbars].  PTS/O2,T2,TPhase,RPhase,RawTemp/NO3/pH/FSig,BbSig,TSig/Ocr: 291.3dbars 12.8272C 34.2831PSU / 250.0uM 12.827C 35.447 8.364 377.146 / 11.4uM / -0.848187V /   50  117  559 / 0x80067e80 0x7fffcdc0 0x80086de4 0x7fffb276
(Sep 29 2025 12:40:22,   46722 sec) Profile()            Sample 27 initiated at 281.5dbars for bin 32 [280dbars].  PTS/O2,T2,TPhase,RPhase,RawTemp/NO3/pH/FSig,BbSig,TSig/Ocr: 281.4dbars 13.0757C 34.3023PSU / 250.8uM 13.073C 35.286 8.367 369.082 / 10.8uM / -0.847636V /   50  119  558 / 0x80067e00 0x7fffd349 0x80086ed2 0x7fffa400
(Sep 29 2025 12:42:30,   46850 sec) Profile()            Sample 28 initiated at 271.5dbars for bin 33 [270dbars].  PTS/O2,T2,TPhase,RPhase,RawTemp/NO3/pH/FSig,BbSig,TSig/Ocr: 271.5dbars 13.4291C 34.3318PSU / 250.9uM 13.443C 35.099 8.372 357.004 / 10.2uM / -0.846963V /   50  118  558 / 0x80067d6d 0x7fffd2e4 0x80085cd2 0x7fffb7db
(Sep 29 2025 12:43:26,   46906 sec) AscentControlAgent() Bouyancy nudge to 141 (v=0.077dbar/sec).
(Sep 29 2025 12:43:26,   46906 sec) PistonMoveAbsWTO()    131->141 132 133 134 135 136 [30sec, 14.7Volts, 0.222Amps, CPT:1611sec]
(Sep 29 2025 12:44:46,   46986 sec) Profile()            Sample 29 initiated at 261.8dbars for bin 34 [260dbars].  PTS/O2,T2,TPhase,RPhase,RawTemp/NO3/pH/FSig,BbSig,TSig/Ocr: 261.7dbars 13.6577C 34.3484PSU / 253.0uM 13.676C 34.885 8.378 349.350 / 9.6uM / -0.846278V /   50  121  558 / 0x80067609 0x7fffe12d 0x80086609 0x7fffb992
(Sep 29 2025 12:44:47,   46987 sec) PistonMoveAbsWTO()    136->141 137 138 139 140 141 [22sec, 14.6Volts, 0.219Amps, CPT:1633sec]
(Sep 29 2025 12:46:43,   47103 sec) Profile()            Sample 30 initiated at 251.5dbars for bin 35 [250dbars].  PTS/O2,T2,TPhase,RPhase,RawTemp/NO3/pH/FSig,BbSig,TSig/Ocr: 251.4dbars 13.8671C 34.3698PSU / 254.8uM 13.865C 34.705 8.383 343.161 / 9.2uM / -0.845650V /   50  117  557 / 0x80067f64 0x7fffcae4 0x80085864 0x7fffa9db
(Sep 29 2025 12:48:29,   47209 sec) Profile()            Sample 31 initiated at 241.8dbars for bin 36 [240dbars].  PTS/O2,T2,TPhase,RPhase,RawTemp/NO3/pH/FSig,BbSig,TSig/Ocr: 241.8dbars 14.1651C 34.3920PSU / 254.9uM 14.180C 34.547 8.386 332.831 / 8.6uM / -0.845129V /   50  117  557 / 0x80066ea4 0x7fffbfe4 0x80085076 0x7fffa536
(Sep 29 2025 12:50:15,   47315 sec) Profile()            Sample 32 initiated at 231.8dbars for bin 37 [230dbars].  PTS/O2,T2,TPhase,RPhase,RawTemp/NO3/pH/FSig,BbSig,TSig/Ocr: 231.7dbars 14.5451C 34.4208PSU / 254.8uM 14.540C 34.378 8.390 321.013 / 7.9uM / -0.844535V /   53  117  556 / 0x80067a09 0x7fffc040 0x800846c9 0x7fffa8db
(Sep 29 2025 12:52:01,   47421 sec) Profile()            Sample 33 initiated at 221.9dbars for bin 38 [220dbars].  PTS/O2,T2,TPhase,RPhase,RawTemp/NO3/pH/FSig,BbSig,TSig/Ocr: 221.7dbars 14.9596C 34.4447PSU / 257.2uM 14.958C 34.067 8.396 307.265 / 6.6uM / -0.843441V /   54  120  556 / 0x80066e89 0x7fffb6ed 0x80084e40 0x7fffa5c0
(Sep 29 2025 12:53:47,   47527 sec) Profile()            Sample 34 initiated at 211.7dbars for bin 39 [210dbars].  PTS/O2,T2,TPhase,RPhase,RawTemp/NO3/pH/FSig,BbSig,TSig/Ocr: 211.6dbars 15.4898C 34.4824PSU / 261.3uM 15.480C 33.632 8.403 290.085 / 5.6uM / -0.842451V /   56  121  555 / 0x80067124 0x7fffba49 0x800845db 0x7fff9c36
(Sep 29 2025 12:55:33,   47633 sec) Profile()            Sample 35 initiated at 201.9dbars for bin 40 [200dbars].  PTS/O2,T2,TPhase,RPhase,RawTemp/NO3/pH/FSig,BbSig,TSig/Ocr: 201.8dbars 15.6808C 34.5049PSU / 260.7uM 15.682C 33.561 8.409 283.430 / 5.6uM / -0.842157V /   56  123  555 / 0x80067a76 0x7fffb676 0x80084cf6 0x7fff97d2
(Sep 29 2025 12:57:30,   47750 sec) Profile()            Sample 36 initiated at 191.4dbars for bin 41 [190dbars].  PTS/O2,T2,TPhase,RPhase,RawTemp/NO3/pH/FSig,BbSig,TSig/Ocr: 191.3dbars 16.0182C 34.5374PSU / 259.5uM 16.018C 33.458 8.413 272.359 / 5.1uM / -0.841594V /   57  123  554 / 0x80067992 0x7fffa680 0x800844b6 0x7fff9e64
(Sep 29 2025 12:59:27,   47867 sec) Profile()            Sample 37 initiated at 181.9dbars for bin 42 [180dbars].  PTS/O2,T2,TPhase,RPhase,RawTemp/NO3/pH/FSig,BbSig,TSig/Ocr: 181.9dbars 16.8874C 34.6347PSU / 255.0uM 16.854C 33.279 8.421 244.813 / 4.3uM / -0.840868V /   59  128  554 / 0x800673c0 0x7fffacd2 0x80083540 0x7fff9e64
(Sep 29 2025 13:02:08,   48028 sec) Profile()            Sample 38 initiated at 171.4dbars for bin 43 [170dbars].  PTS/O2,T2,TPhase,RPhase,RawTemp/NO3/pH/FSig,BbSig,TSig/Ocr: 171.3dbars 17.4825C 34.7199PSU / 252.2uM 17.504C 33.113 8.444 223.362 / 5.1uM / -0.840858V /   62  124  553 / 0x80067280 0x7fff9940 0x80084840 0x7fff83c9
(Sep 29 2025 13:04:49,   48189 sec) Profile()            Sample 39 initiated at 161.8dbars for bin 44 [160dbars].  PTS/O2,T2,TPhase,RPhase,RawTemp/NO3/pH/FSig,BbSig,TSig/Ocr: 161.7dbars 17.8166C 34.7785PSU / 238.9uM 17.824C 33.607 8.457 212.817 / 5.1uM / -0.840630V /   59  127  552 / 0x8006525b 0x7fff8fa4 0x8008252d 0x7fff8912
(Sep 29 2025 13:07:41,   48361 sec) Profile()            Sample 40 initiated at 151.5dbars for bin 45 [150dbars].  PTS/O2,T2,TPhase,RPhase,RawTemp/NO3/pH/FSig,BbSig,TSig/Ocr: 151.5dbars 18.4326C 34.8545PSU / 236.4uM 18.422C 33.460 8.455 193.072 / 4.5uM / -0.839952V /   66  134  551 / 0x800645c9 0x7fff82c0 0x80083349 0x7fff7800
(Sep 29 2025 13:10:22,   48522 sec) Profile()            Sample 41 initiated at 141.9dbars for bin 46 [140dbars].  PTS/O2,T2,TPhase,RPhase,RawTemp/NO3/pH/FSig,BbSig,TSig/Ocr: 141.9dbars 18.5599C 34.8751PSU / 236.2uM 18.561C 33.409 8.453 188.513 / 4.5uM / -0.839607V /   67  132  550 / 0x80064076 0x7fff86e4 0x800825c9 0x7fff7240
(Sep 29 2025 13:13:25,   48705 sec) Profile()            Sample 42 initiated at 131.8dbars for bin 47 [130dbars].  PTS/O2,T2,TPhase,RPhase,RawTemp/NO3/pH/FSig,BbSig,TSig/Ocr: 131.7dbars 19.1002C 34.9309PSU / 236.3uM 19.107C 33.158 8.460 170.515 / 3.8uM / -0.838648V /   76  135  549 / 0x80064b5b 0x7fff8f1b 0x80082980 0x7fff802d
(Sep 29 2025 13:18:07,   48987 sec) Profile()            Sample 43 initiated at 121.7dbars for bin 48 [120dbars].  PTS/O2,T2,TPhase,RPhase,RawTemp/NO3/pH/FSig,BbSig,TSig/Ocr: 121.7dbars 19.6677C 35.0096PSU / 239.5uM 19.664C 32.749 8.473 152.155 / 3.1uM / -0.837647V /   93  139  548 / 0x80063d52 0x7fff6bf6 0x8008125b 0x7fff70e4
(Sep 29 2025 13:20:31,   49131 sec) AscentControlAgent() Bouyancy nudge to 146 (v=0.028dbar/sec).
(Sep 29 2025 13:20:31,   49131 sec) PistonMoveAbsWTO()    141->146 142 143 144 145 146 [25sec, 14.9Volts, 0.183Amps, CPT:1658sec]
(Sep 29 2025 13:22:52,   49272 sec) Profile()            Sample 44 initiated at 111.8dbars for bin 49 [110dbars].  PTS/O2,T2,TPhase,RPhase,RawTemp/NO3/pH/FSig,BbSig,TSig/Ocr: 111.7dbars 20.1672C 35.0583PSU / 244.3uM 20.150C 32.305 8.475 136.172 / 2.2uM / -0.836323V /  113  148  548 / 0x80063009 0x7fff5692 0x80080012 0x7fff599b
(Sep 29 2025 13:26:28,   49488 sec) Profile()            Sample 45 initiated at 101.5dbars for bin 50 [100dbars].  PTS/O2,T2,TPhase,RPhase,RawTemp/NO3/pH/FSig,BbSig,TSig/Ocr: 101.4dbars 20.7670C 35.1252PSU / 255.6uM 20.765C 31.516 8.489 115.973 / 1.9uM / -0.834823V /  118  145  547 / 0x80063264 0x7fff6524 0x8008032d 0x7fff58ad
(Sep 29 2025 13:28:13,   49593 sec) Profile()            Sample 46 initiated at 96.5dbars for bin 51 [95dbars].  PTS/O2,T2,TPhase,RPhase,RawTemp/NO3/pH/FSig,BbSig,TSig/Ocr: 96.5dbars 21.1805C 35.1366PSU / 260.5uM 21.154C 31.137 8.489 103.208 / 1.9uM / -0.833930V /  107  141  546 / 0x80062612 0x7fff59e4 0x8007fe49 0x7fff48ed
(Sep 29 2025 13:30:09,   49709 sec) Profile()            Sample 47 initiated at 92.0dbars for bin 52 [90dbars].  PTS/O2,T2,TPhase,RPhase,RawTemp/NO3/pH/FSig,BbSig,TSig/Ocr: 91.9dbars 21.5292C 35.1583PSU / 267.4uM 21.492C 30.702 8.493 92.135 / 2.1uM / -0.833192V /   80  151  546 / 0x80061924 0x7fff4680 0x800803f6 0x7fff5b40
(Sep 29 2025 13:30:42,   49742 sec) AscentControlAgent() Bouyancy nudge to 151 (v=0.039dbar/sec).
(Sep 29 2025 13:30:42,   49742 sec) PistonMoveAbsWTO()    146->151 147 148 149 150 151 [25sec, 14.9Volts, 0.172Amps, CPT:1683sec]
(Sep 29 2025 13:32:52,   49872 sec) Profile()            Sample 48 initiated at 87.0dbars for bin 53 [85dbars].  PTS/O2,T2,TPhase,RPhase,RawTemp/NO3/pH/FSig,BbSig,TSig/Ocr: 86.9dbars 21.8043C 35.1698PSU / 274.8uM 21.797C 30.269 8.497 82.171 / 2.1uM / -0.832822V /   71  147  545 / 0x80062509 0x7fff4a5b 0x800808f6 0x7fff545b
(Sep 29 2025 13:34:48,   49988 sec) Profile()            Sample 49 initiated at 81.9dbars for bin 54 [80dbars].  PTS/O2,T2,TPhase,RPhase,RawTemp/NO3/pH/FSig,BbSig,TSig/Ocr: 81.8dbars 22.0373C 35.1791PSU / 276.7uM 22.018C 30.105 8.496 74.954 / 2.2uM / -0.832471V /   70  148  545 / 0x80062d00 0x7fff2e64 0x8007ee36 0x7fff3549
(Sep 29 2025 13:35:43,   50043 sec) AscentControlAgent() Bouyancy nudge to 156 (v=0.039dbar/sec).
(Sep 29 2025 13:35:43,   50043 sec) PistonMoveAbsWTO()    151->156 152 153 154 155 156 [25sec, 14.9Volts, 0.177Amps, CPT:1708sec]
(Sep 29 2025 13:36:58,   50118 sec) Profile()            Sample 50 initiated at 76.8dbars for bin 55 [75dbars].  PTS/O2,T2,TPhase,RPhase,RawTemp/NO3/pH/FSig,BbSig,TSig/Ocr: 76.8dbars 22.9999C 35.2193PSU / 277.9uM 22.937C 29.690 8.515 44.967 / 2.4uM / -0.831742V /   68  155  544 / 0x800614f6 0x7fff3f24 0x8007e22d 0x7fff30c9
(Sep 29 2025 13:39:27,   50267 sec) Profile()            Sample 51 initiated at 72.0dbars for bin 56 [70dbars].  PTS/O2,T2,TPhase,RPhase,RawTemp/NO3/pH/FSig,BbSig,TSig/Ocr: 72.0dbars 23.3542C 35.2294PSU / 280.7uM 23.313C 29.430 8.532 32.743 / 2.4uM / -0.831298V /   65  155  543 / 0x800613ad 0x7fff36e4 0x8007ebdb 0x7fff3689
(Sep 29 2025 13:40:44,   50344 sec) AscentControlAgent() Bouyancy nudge to 161 (v=0.028dbar/sec).
(Sep 29 2025 13:40:44,   50344 sec) PistonMoveAbsWTO()    156->161 157 158 159 160 161 [25sec, 14.9Volts, 0.169Amps, CPT:1733sec]
(Sep 29 2025 13:42:43,   50463 sec) Profile()            Sample 52 initiated at 66.8dbars for bin 57 [65dbars].  PTS/O2,T2,TPhase,RPhase,RawTemp/NO3/pH/FSig,BbSig,TSig/Ocr: 66.7dbars 23.6184C 35.2478PSU / 280.1uM 23.624C 29.335 8.531 22.662 / 2.5uM / -0.831083V /   65  154  542 / 0x80062c49 0x7fff08c9 0x8007de49 0x7fff38c9
(Sep 29 2025 13:44:28,   50568 sec) Profile()            Sample 53 initiated at 61.9dbars for bin 58 [60dbars].  PTS/O2,T2,TPhase,RPhase,RawTemp/NO3/pH/FSig,BbSig,TSig/Ocr: 61.8dbars 24.1787C 35.2751PSU / 277.7uM 24.145C 29.227 8.532 5.771 / 3.2uM / -0.830753V /   62  151  542 / 0x80060724 0x7fff2aa4 0x8007ea5b 0x7fff355b
(Sep 29 2025 13:45:47,   50647 sec) AscentControlAgent() Bouyancy nudge to 166 (v=0.031dbar/sec).
(Sep 29 2025 13:45:47,   50647 sec) PistonMoveAbsWTO()    161->166 162 163 164 165 166 [25sec, 14.9Volts, 0.161Amps, CPT:1758sec]
(Sep 29 2025 13:50:52,   50952 sec) AscentControlAgent() Bouyancy nudge to 171 (v=0.006dbar/sec).
(Sep 29 2025 13:50:52,   50952 sec) PistonMoveAbsWTO()    166->171 167 168 169 170 171 [24sec, 15.0Volts, 0.163Amps, CPT:1782sec]
(Sep 29 2025 13:52:51,   51071 sec) Profile()            Sample 54 initiated at 57.0dbars for bin 59 [55dbars].  PTS/O2,T2,TPhase,RPhase,RawTemp/NO3/pH/FSig,BbSig,TSig/Ocr: 57.0dbars 26.3619C 35.4329PSU / 256.2uM 26.319C 29.275 8.564 -64.023 / 3.6uM / -0.829057V /   60  150  539 / 0x8005f489 0x7ffeeb89 0x8007d4d2 0x7fff16c9
(Sep 29 2025 13:55:58,   51258 sec) AscentControlAgent() Bouyancy nudge to 176 (v=0.019dbar/sec).
(Sep 29 2025 13:55:58,   51258 sec) PistonMoveAbsWTO()    171->176 172 173 174 175 176 [25sec, 15.0Volts, 0.158Amps, CPT:1807sec]
(Sep 29 2025 13:57:14,   51334 sec) Profile()            Sample 55 initiated at 51.5dbars for bin 60 [50dbars].  PTS/O2,T2,TPhase,RPhase,RawTemp/NO3/pH/FSig,BbSig,TSig/Ocr: 51.5dbars 26.8310C 35.4687PSU / 248.7uM 26.828C 29.407 8.571 -80.211 / 3.2uM / -0.828651V /   60  163  538 / 0x8005ef5b 0x7ffefdc0 0x8007ab64 0x7fff0500
(Sep 29 2025 13:59:11,   51451 sec) Profile()            Sample 56 initiated at 46.5dbars for bin 61 [45dbars].  PTS/O2,T2,TPhase,RPhase,RawTemp/NO3/pH/FSig,BbSig,TSig/Ocr: 46.5dbars 27.0527C 35.4772PSU / 245.8uM 27.054C 29.451 8.572 -87.386 / 3.2uM / -0.828414V /   58  142  537 / 0x8005ee09 0x7ffedc24 0x8007a736 0x7fff0400
(Sep 29 2025 14:00:57,   51557 sec) Profile()            Sample 57 initiated at 41.6dbars for bin 62 [40dbars].  PTS/O2,T2,TPhase,RPhase,RawTemp/NO3/pH/FSig,BbSig,TSig/Ocr: 41.6dbars 27.1168C 35.4742PSU / 244.2uM 27.118C 29.496 8.573 -89.415 / 3.0uM / -0.828239V /   57  142  537 / 0x8005cc24 0x7ffeebed 0x8007b7b6 0x7fff081b
(Sep 29 2025 14:02:44,   51664 sec) Profile()            Sample 58 initiated at 36.7dbars for bin 63 [35dbars].  PTS/O2,T2,TPhase,RPhase,RawTemp/NO3/pH/FSig,BbSig,TSig/Ocr: 36.7dbars 27.1215C 35.4736PSU / 243.9uM 27.124C 29.510 8.569 -89.606 / 3.1uM / -0.828193V /   56  143  536 / 0x8006036d 0x7ffed912 0x8007a4c9 0x7ffef0b6
(Sep 29 2025 14:04:30,   51770 sec) Profile()            Sample 59 initiated at 31.6dbars for bin 64 [30dbars].  PTS/O2,T2,TPhase,RPhase,RawTemp/NO3/pH/FSig,BbSig,TSig/Ocr: 31.6dbars 27.1229C 35.4729PSU / 243.7uM 27.127C 29.519 8.569 -89.696 / 3.0uM / -0.828085V /   55  140  536 / 0x8005d95b 0x7ffec9db 0x8007a1ed 0x7fff0bc9
(Sep 29 2025 14:06:05,   51865 sec) Profile()            Sample 60 initiated at 26.7dbars for bin 65 [25dbars].  PTS/O2,T2,TPhase,RPhase,RawTemp/NO3/pH/FSig,BbSig,TSig/Ocr: 26.7dbars 27.1231C 35.4722PSU / 243.6uM 27.127C 29.523 8.565 -89.698 / 3.1uM / -0.828018V /   56  139  535 / 0x8005c8a4 0x7ffed340 0x8007a236 0x7ffef2d2
(Sep 29 2025 14:07:30,   51950 sec) Profile()            Sample 61 initiated at 21.7dbars for bin 66 [20dbars].  PTS/O2,T2,TPhase,RPhase,RawTemp/NO3/pH/FSig,BbSig,TSig/Ocr: 21.6dbars 27.1216C 35.4722PSU / 243.6uM 27.125C 29.519 8.568 -89.653 / 3.1uM / -0.827967V /   56  142  535 / 0x8005dea4 0x7ffed964 0x80079bf6 0x7ffef0c0
(Sep 29 2025 14:08:54,   52034 sec) Profile()            Sample 62 initiated at 16.4dbars for bin 67 [15dbars].  PTS/O2,T2,TPhase,RPhase,RawTemp/NO3/pH/FSig,BbSig,TSig/Ocr: 16.4dbars 27.1202C 35.4724PSU / 243.7uM 27.124C 29.518 8.567 -89.613 / 3.0uM / -0.827875V /   57  141  535 / 0x8005e252 0x7ffed2f6 0x800799a4 0x7ffeef40
(Sep 29 2025 14:10:18,   52118 sec) Profile()            Sample 63 initiated at 11.5dbars for bin 68 [10dbars].  PTS/O2,T2,TPhase,RPhase,RawTemp/NO3/pH/FSig,BbSig,TSig/Ocr: 11.4dbars 27.1189C 35.4721PSU / 243.7uM 27.123C 29.517 8.566 -89.581 / 3.1uM / -0.827852V /   55  140  535 / 0x8005e589 0x7ffeb6b6 0x8007982d 0x7ffef852
(Sep 29 2025 14:11:31,   52191 sec) Profile()            Sample 64 initiated at 7.5dbars for bin 69 [6dbars].  PTS/O2,T2,TPhase,RPhase,RawTemp/NO3/pH/FSig,BbSig,TSig/Ocr: 7.4dbars 27.1155C 35.4731PSU / 243.9uM 27.116C 29.513 8.565 -89.361 / 3.0uM / -0.827761V /   56  140  535 / 0x8005dcdb 0x7ffed709 0x80079eed 0x7ffef3e4
(Sep 29 2025 14:11:56,   52216 sec) SurfaceDetect()      SurfacePressure:-0.0dbars Pressure:3.7dbars PistonPosition:176
(Sep 29 2025 14:11:56,   52216 sec) Sbe41cpStopCP()      Continuous profile stopped.
(Sep 29 2025 14:11:59,   52219 sec) PistonMoveAbsWTO()    176->198 177 178 179 180 181 182 183 184 185 186 187 188 189 190 191 192 193 194 195 196 197 198 [109sec, 15.0Volts, 0.155Amps, CPT:1916sec]
(Sep 29 2025 14:13:53,   52333 sec) chat()               Expected string [S>] not received.
(Sep 29 2025 14:15:45,   52445 sec) Sbe41cpBinAverage()  Finished averaging 13418 samples in 107 seconds.
(Sep 29 2025 14:15:50,   52450 sec) Sbe41cpUploadCP_()   Sbe41cpSerNo[20478] NSample[13418] NBin[493]
(Sep 29 2025 14:16:21,   52481 sec) Sbe41cpUploadCP_()   Continuous profile uploaded [493 lines].
(Sep 29 2025 14:16:35,   52495 sec) MscErrorLog_()       No error records to log.
(Sep 29 2025 14:16:45,   52505 sec) MscErrorLog_()       No error records to log.

<EOT>
