(Oct 01 2025 12:42:09,   53170 sec) TelemetryInit()      Profile 10. (Apf11 FwRev: 061125)
(Oct 01 2025 12:42:09,   53170 sec) TelemetryInit()      Charge consumption model: OCV:15.3V Wake-Cycles:14048 Standby:9.7days Wake:11.4kC Sensors:1.1kC
(Oct 01 2025 12:47:24,   53485 sec) GetSurfaceObs()      P/O2,T2,TPhase,RPhase,RawTemp/FSig,BbSig,TSig: 0.2dbars / 245.0uM 26.864C 29.557 8.558 -81.369 / 57,139,535
(Oct 01 2025 12:47:24,   53485 sec) GetSurfaceObs()      P/Ocr: 0.2dbars / 0x8005dfdb 0x7ffeb1f6 0x80079c6d 0x7ffeea64
(Oct 01 2025 12:47:57,   53518 sec) GetSurfaceObs()      P/O2,T2,TPhase,RPhase,RawTemp/FSig,BbSig,TSig: 0.4dbars / 243.8uM 27.041C 29.544 8.556 -86.979 / 59,138,535
(Oct 01 2025 12:47:57,   53518 sec) GetSurfaceObs()      P/Ocr: 0.4dbars / 0x8005eda4 0x7ffeb664 0x8007a71b 0x7ffee724
(Oct 01 2025 12:48:30,   53551 sec) GetSurfaceObs()      P/O2,T2,TPhase,RPhase,RawTemp/FSig,BbSig,TSig: 0.1dbars / 243.8uM 27.026C 29.548 8.556 -86.507 / 57,140,535
(Oct 01 2025 12:48:30,   53551 sec) GetSurfaceObs()      P/Ocr: 0.1dbars / 0x8005dca4 0x7ffeb7f6 0x8007a840 0x7ffee464
(Oct 01 2025 12:49:03,   53584 sec) GetSurfaceObs()      P/O2,T2,TPhase,RPhase,RawTemp/FSig,BbSig,TSig: 0.5dbars / 243.8uM 27.024C 29.553 8.556 -86.445 / 57,138,535
(Oct 01 2025 12:49:04,   53585 sec) GetSurfaceObs()      P/Ocr: 0.5dbars / 0x8005d892 0x7ffebec9 0x8007aba4 0x7ffef240
(Oct 01 2025 12:52:12,   53773 sec) AirSystem()          Battery [216cnt, 15.2V]  Current [21cnt, 80.5mA]  Pneumometer [156cnt, 18.3psi]  Run-Time [90s]
(Oct 01 2025 12:52:25,   53786 sec) GetSurfaceObs()      P/O2,T2,TPhase,RPhase,RawTemp/FSig,BbSig,TSig: -0.1dbars / 252.2uM 25.391C 29.799 8.556 -34.350 / 58,140,535
(Oct 01 2025 12:52:25,   53786 sec) GetSurfaceObs()      P/Ocr: -0.1dbars / 0x8005e709 0x7ffec049 0x8007a1d2 0x7ffeee2d
(Oct 01 2025 12:52:58,   53819 sec) GetSurfaceObs()      P/O2,T2,TPhase,RPhase,RawTemp/FSig,BbSig,TSig: -0.0dbars / 256.7uM 25.449C 29.583 8.551 -36.222 / 57,137,535
(Oct 01 2025 12:52:58,   53819 sec) GetSurfaceObs()      P/Ocr: -0.0dbars / 0x8005e564 0x7ffebfe4 0x80079a6d 0x7ffee380
(Oct 01 2025 12:53:32,   53853 sec) GetSurfaceObs()      P/O2,T2,TPhase,RPhase,RawTemp/FSig,BbSig,TSig: -0.0dbars / 254.1uM 25.420C 29.705 8.549 -35.270 / 57,136,535
(Oct 01 2025 12:53:32,   53853 sec) GetSurfaceObs()      P/Ocr: -0.0dbars / 0x8005d836 0x7ffeafe4 0x8007aa2d 0x7ffef540
(Oct 01 2025 12:54:05,   53886 sec) GetSurfaceObs()      P/O2,T2,TPhase,RPhase,RawTemp/FSig,BbSig,TSig: -0.1dbars / 239.2uM 26.485C 29.962 8.551 -69.322 / 58,138,535
(Oct 01 2025 12:54:05,   53886 sec) GetSurfaceObs()      P/Ocr: -0.1dbars / 0x8005df89 0x7ffeb100 0x800797db 0x7ffee19b
(Oct 01 2025 12:54:38,   53919 sec) GetSurfaceObs()      P/O2,T2,TPhase,RPhase,RawTemp/FSig,BbSig,TSig: -0.0dbars / 248.5uM 25.668C 29.854 8.547 -43.245 / 59,137,535
(Oct 01 2025 12:54:38,   53919 sec) GetSurfaceObs()      P/Ocr: -0.0dbars / 0x8005d0ad 0x7ffebdb6 0x80079909 0x7ffee924
(Oct 01 2025 12:55:11,   53952 sec) GetSurfaceObs()      P/O2,T2,TPhase,RPhase,RawTemp/FSig,BbSig,TSig: -0.0dbars / 251.4uM 25.258C 29.883 8.545 -30.097 / 57,136,534
(Oct 01 2025 12:55:11,   53952 sec) GetSurfaceObs()      P/Ocr: -0.0dbars / 0x8005e092 0x7ffebe1b 0x80078e1b 0x7ffeeb76
(Oct 01 2025 12:55:44,   53985 sec) GetSurfaceObs()      P/O2,T2,TPhase,RPhase,RawTemp/FSig,BbSig,TSig: -0.1dbars / 245.3uM 26.668C 29.618 8.547 -75.125 / 58,137,534
(Oct 01 2025 12:55:44,   53985 sec) GetSurfaceObs()      P/Ocr: -0.1dbars / 0x8005faa4 0x7ffed1ad 0x80079309 0x7ffeebc0
(Oct 01 2025 12:56:18,   54019 sec) GetSurfaceObs()      P/O2,T2,TPhase,RPhase,RawTemp/FSig,BbSig,TSig: 0.0dbars / 246.1uM 26.449C 29.665 8.546 -68.172 / 57,138,534
(Oct 01 2025 12:56:18,   54019 sec) GetSurfaceObs()      P/Ocr: 0.0dbars / 0x8005e7a4 0x7ffec652 0x80079189 0x7ffef089
(Oct 01 2025 12:56:26,   54027 sec) AirSystem()          Air-bladder inflation by-passed. Pneumatic Pressure: [156cnt, 18.3psi].
(Oct 01 2025 12:56:59,   54060 sec) GetSurfaceObs()      P/O2,T2,TPhase,RPhase,RawTemp/FSig,BbSig,TSig: 0.0dbars / 249.1uM 25.611C 29.848 8.546 -41.420 / 57,141,534
(Oct 01 2025 12:57:00,   54061 sec) GetSurfaceObs()      P/Ocr: 0.0dbars / 0x8005d689 0x7ffec512 0x8007a0b6 0x7ffef149
(Oct 01 2025 12:57:02,   54063 sec) GpsServices()        GPS almanac is current.
(Oct 01 2025 12:57:02,   54063 sec) GpsServices()        Initiating GPS fix acquisition.
(Oct 01 2025 12:57:10,   54071 sec) gga()                $GPGGA,125730,2734.9547,N,15756.6205,W,0,00,,,M,,M,,*41
(Oct 01 2025 12:57:20,   54081 sec) gga()                $GPGGA,125740,2734.9547,N,15756.6205,W,0,00,,,M,,M,,*46
(Oct 01 2025 12:57:29,   54090 sec) gga()                $GPGGA,125750,2734.9547,N,15756.6205,W,0,00,,,M,,M,,*47
(Oct 01 2025 12:57:39,   54100 sec) gga()                $GPGGA,125800,2734.9547,N,15756.6205,W,0,00,,,M,,M,,*4D
(Oct 01 2025 12:57:41,   54102 sec) gga()                $GPGGA,125800,2735.5943,N,15756.2836,W,6,10,0.8,5.1,M,-5.7,M,,*4C
(Oct 01 2025 12:57:50,   54111 sec) gga()                $GPGGA,125810,2735.5941,N,15756.2826,W,1,10,0.8,2.5,M,-5.7,M,,*4A
(Oct 01 2025 12:57:50,   54111 sec) GpsServices()        Profile 10 GPS fix obtained in 48 seconds.
(Oct 01 2025 12:57:50,   54111 sec) GpsServices()                   lon      lat mm/dd/yyyy hhmmss nsat
(Oct 01 2025 12:57:50,   54111 sec) GpsServices()        Fix: -157.9380  27.5932 10/01/2025 125810   10
(Oct 01 2025 12:58:00,   54121 sec) gga()                $GPGGA,125820,2735.5953,N,15756.2813,W,1,10,0.8,2.0,M,-5.7,M,,*49
(Oct 01 2025 12:58:09,   54130 sec) gga()                $GPGGA,125830,2735.5965,N,15756.2816,W,1,10,0.8,2.3,M,-5.7,M,,*4B
(Oct 01 2025 12:58:09,   54130 sec) GpsServices()        APF11 RTC skew (-21s) OK.
(Oct 01 2025 12:58:09,   54130 sec) GpsServices()        GPS services complete.
(Oct 01 2025 12:58:37,   54158 sec) IrGeoLoc()           <x,y,z>=<-5240km,-2120km,2932km> lat=27.573 lon=-157.973 IrSysTime=0xee0dfa79
(Oct 01 2025 12:58:41,   54162 sec) CLogin()             Connecting to primary host.
(Oct 01 2025 12:58:54,   54175 sec) CLogin()             Connection 1 established in 13 seconds.
(Oct 01 2025 12:59:29,   54210 sec) expect()             Attempt to read prompt string [Last login:] failed.
(Oct 01 2025 12:59:29,   54210 sec) login()              Login failed.
(Oct 01 2025 12:59:47,   54228 sec) login()              Login successful.
(Oct 01 2025 12:59:56,   54237 sec) CLogin()             Logged in to host.  [Login required 62 seconds]
(Oct 01 2025 13:00:02,   54243 sec) RxConfig()           Downloading "mission.cfg" from host.
(Oct 01 2025 13:00:19,   54260 sec) RxConfig()           Download successful: [bytes:83, sec:15.2, bps:5]
(Oct 01 2025 13:00:23,   54264 sec) WriteVitals_()       Writing vitals to "23808.010.msg".
(Oct 01 2025 13:00:31,   54272 sec) UpLoadFile()         Uploading "23808.010.log" to host.
(Oct 01 2025 13:03:47,   54468 sec) UpLoadFile()         Upload successful: [bytes:47176, sec:196.2, bps:240]
(Oct 01 2025 13:03:48,   54469 sec) fmove()              Moved: 23808.010.log -> archive/23808.010.log
(Oct 01 2025 13:03:52,   54473 sec) UpLoadFile()         Uploading "23808.010.msg" to host.
(Oct 01 2025 13:05:24,   54565 sec) UpLoadFile()         Upload successful: [bytes:22179, sec:91.8, bps:242]
(Oct 01 2025 13:05:25,   54566 sec) fmove()              Moved: 23808.010.msg -> archive/23808.010.msg
(Oct 01 2025 13:05:28,   54569 sec) UpLoadFile()         Uploading "23808.010.isus" to host.
(Oct 01 2025 13:07:03,   54664 sec) UpLoadFile()         Upload successful: [bytes:24395, sec:94.9, bps:257]
(Oct 01 2025 13:07:04,   54665 sec) fmove()              Moved: 23808.010.isus -> archive/23808.010.isus
(Oct 01 2025 13:07:08,   54669 sec) UpLoadFile()         Uploading "23808.010.dura" to host.
(Oct 01 2025 13:08:02,   54723 sec) UpLoadFile()         Upload successful: [bytes:11977, sec:54.2, bps:221]
(Oct 01 2025 13:08:03,   54724 sec) fmove()              Moved: 23808.010.dura -> archive/23808.010.dura
(Oct 01 2025 13:08:04,   54725 sec) UpLoad()             Files successfully uploaded: 4
(Oct 01 2025 13:08:04,   54725 sec) UpLoad()             Upload complete.
(Oct 01 2025 13:08:08,   54729 sec) logout()             Log-out successful.
(Oct 01 2025 13:08:09,   54730 sec) Telemetry()          Telemetry cycle complete: PrfId=10 ConnectionAttempts=1  Connections=1
(Oct 01 2025 13:08:10,   54731 sec) TelemetryTerminate() Parsing new mission configuration.
(Oct 01 2025 13:08:11,   54732 sec) configure()          Parsing configurators in "mission.cfg".
(Oct 01 2025 13:08:11,   54732 sec) configure()             TelemetryRetry(15)      [0x7BBC] [TelemetryRetry(15)].
(Oct 01 2025 13:08:11,   54732 sec) configure()             DeepProfilePistonPos(9) [CRC=0xFF37] [DeepProfilePistonPos(9)].
(Oct 01 2025 13:08:11,   54732 sec) configure()             DeepProfilePressure(2025) [CRC=0x5FF2] [ProfilePressure(2025)].
(Oct 01 2025 13:08:12,   54733 sec) configure()          Configuration CRCs and syntax OK.
(Oct 01 2025 13:08:12,   54733 sec) ConfigSupervisor()   Sanity check violated: cfg->TimeDeepProfileDescent >= (cfg->PressureProfile-cfg->PressurePark)/dPdt
(Oct 01 2025 13:08:12,   54733 sec) ConfigSupervisor()   Configuration accepted.
(Oct 01 2025 13:08:12,   54733 sec) TelemetryTerminate() Reconditioning the file system.
(Oct 01 2025 13:08:14,       0 sec) DescentInit()        Deep profile 11 initiated at mission-time 54735sec.
(Oct 01 2025 13:08:15,       1 sec) DescentInit()        Surface pressure: 0.1dbars.
(Oct 01 2025 13:08:15,       1 sec) DescentInit()        Charge consumption model: OCV:15.0V Wake-Cycles:14049 Standby:9.7days Wake:11.4kC Sleep:1.1kC
(Oct 01 2025 13:08:27,      13 sec) DescentInit()        Pneumatic humidity: 2895(60.4%) -> 2898(60.5%)
(Oct 01 2025 13:08:27,      13 sec) PistonMoveAbsWTO()    198->069 197 196 195 194 193 192 191 190 189 188 187 186 185 184 183 182 181 180 179 178 177 176 175 174 173 172 171 170 169 168 167 166 165 164 163 162 161 160 159 158 157 156 155 154 153 152 151 150 149 148 147 146 145 144 143 142 141 140 139 138 137 136 135 134 133 132 131 130 129 128 127 126 125 124 123 122 121 120 119 118 117 116 115 114 113 112 111 110 109 108 107 106 105 104 103 102 101 100 099 098 097 096 095 094 093 092 091 090 089 088 087 086 085 084 083 082 081 080 079 078 077 076 075 074 073 072 071 070 069 [630sec, 15.0Volts, 0.132Amps, CPT:630sec]
(Oct 01 2025 13:19:02,     648 sec) DescentInit()        Air solenoid open: Barometer [209cnt,  12.3psi]  Pneumometer [107cnt,  12.6psi]
(Oct 01 2025 13:19:12,     658 sec) Descent()            Pressure: 55.4
(Oct 01 2025 14:08:14,    3600 sec) Descent()            Pressure: 446.1
(Oct 01 2025 15:08:14,    7200 sec) Descent()            Pressure: 723.0
(Oct 01 2025 16:08:14,   10800 sec) Descent()            Pressure: 781.9
(Oct 01 2025 17:08:14,   14400 sec) Descent()            Pressure: 790.6
(Oct 01 2025 17:08:15,   14401 sec) ParkInit()           Charge consumption model: OCV:15.5V Wake-Cycles:14054 Standby:9.8days Wake:11.7kC Sensors:1.1kC
(Oct 01 2025 20:08:46,   25232 sec) CtdPower()           [  800.07,  4.5154, 34.2206]
(Oct 01 2025 20:08:46,   25232 sec) CtdPower()           CTD Power consumption [219VCnt 3ACnt]: 15.412Volts * 0.012Amps = 0.18Watts.
(Oct 01 2025 20:08:52,   25238 sec) ParkTerminate()      Piston Position:69 Vacuum:191 HumidityAd12:4094(inf%) Vq:220 Aq:2 Vsbe:219 Asbe:3 Vflbb:217 Aflbb:11 Vopt:217 Aopt:13 Vocr:218 Aocr:7 MuxTemp:4.599C MuxHumidity:6.4%
(Oct 01 2025 20:09:22,   25268 sec) ParkTerminate()      PTS/O2,T2,TPhase,RawTemp: 800.0dbars 4.5156C 34.2200PSU / 37.2uM 4.508C 56.820 8.148 641.907
(Oct 01 2025 20:09:22,   25268 sec) ParkTerminate()      FLBB FSig, BbSig, TSig: 54, 113, 571 / Ocr: nan nan nan nan
(Oct 01 2025 20:09:23,   25269 sec) GoDeepInit()         Charge consumption model: OCV:15.4V Wake-Cycles:14057 Standby:10.0days Wake:11.7kC Sensors:1.1kC
(Oct 01 2025 20:09:23,   25269 sec) GoDeepInit()         Moving piston.
(Oct 01 2025 20:09:23,   25269 sec) PistonMoveAbsWTO()    069->009 068 067 066 065 064 063 062 061 060 059 058 057 056 055 054 053 052 051 050 049 048 047 046 045 044 043 042 041 040 039 038 037 036 035 034 033 032 031 030 029 028 027 026 025 024 023 022 021 020 019 018 017 016 015 014 013 012 011 010 009 [296sec, 14.9Volts, 0.071Amps, CPT:926sec]
(Oct 01 2025 22:08:14,   32400 sec) ProfileInit()        Charge consumption model: OCV:15.5V Wake-Cycles:14080 Standby:10.0days Wake:11.7kC Sensors:1.1kC
(Oct 01 2025 22:08:14,   32400 sec) ProfileInit()        PrfId:011  Pressure:1522.6dbar  pTable[5]:1500dbar
(Oct 01 2025 22:08:16,   32402 sec) ProfileInit()        Muxer PPIs K{1,2} quiescent: 15.42V, 0.3mA, 4.6mW
(Oct 01 2025 22:08:20,   32406 sec) ProfileInit()        ISUS powered up.
(Oct 01 2025 22:08:23,   32409 sec) ProfileInit()        Muxer PPIs K{1,2} w/ ISUS awake: 15.24V, 54.4mA, 829.1mW
(Oct 01 2025 22:08:30,   32416 sec) MscErrorLog_()       No error records to log.
(Oct 01 2025 22:08:37,   32423 sec) ProfileInit()        DURA powered up.
(Oct 01 2025 22:08:40,   32426 sec) ProfileInit()        Muxer PPIs K{1,2} w/ DURA awake: 15.22V, 48.1mA, 732.1mW
(Oct 01 2025 22:08:46,   32432 sec) MscErrorLog_()       No error records to log.
(Oct 01 2025 22:08:51,   32437 sec) PistonMoveAbsWTO()    009->031 010 011 012 013 014 015 [30sec, 14.6Volts, 0.515Amps, CPT:956sec]
(Oct 01 2025 22:09:32,   32478 sec) PistonMoveAbsWTO()    015->031 016 017 018 019 020 [30sec, 14.4Volts, 0.510Amps, CPT:986sec]
(Oct 01 2025 22:10:13,   32519 sec) PistonMoveAbsWTO()    020->031 021 022 023 024 025 [30sec, 14.3Volts, 0.507Amps, CPT:1016sec]
(Oct 01 2025 22:10:54,   32560 sec) PistonMoveAbsWTO()    025->031 026 027 028 029 030 [30sec, 14.3Volts, 0.494Amps, CPT:1046sec]
(Oct 01 2025 22:11:35,   32601 sec) PistonMoveAbsWTO()    030->031 031 [1sec, 14.3Volts, 0.526Amps, CPT:1047sec]
(Oct 01 2025 22:16:13,   32879 sec) Profile()            Sample 0 initiated at 1501.6dbars for bin 5 [1500dbars].  PTS/O2,T2,TPhase,RPhase,RawTemp/NO3/pH/FSig,BbSig,TSig/Ocr: 1499.8dbars 2.7748C 34.5535PSU / 74.5uM 2.768C 53.106 8.131 694.924 / 41.8uM / -0.884331V /   54  113  573 / nan nan nan nan
(Oct 01 2025 22:23:24,   33310 sec) AscentControlAgent() Bouyancy nudge to 41 (v=0.067dbar/sec).
(Oct 01 2025 22:23:24,   33310 sec) PistonMoveAbsWTO()    031->041 032 033 034 035 036 [30sec, 14.5Volts, 0.496Amps, CPT:1077sec]
(Oct 01 2025 22:24:05,   33351 sec) PistonMoveAbsWTO()    036->041 037 038 039 040 041 [25sec, 14.4Volts, 0.491Amps, CPT:1102sec]
(Oct 01 2025 22:34:39,   33985 sec) Profile()            Sample 1 initiated at 1401.3dbars for bin 6 [1400dbars].  PTS/O2,T2,TPhase,RPhase,RawTemp/NO3/pH/FSig,BbSig,TSig/Ocr: 1399.4dbars 2.9664C 34.5346PSU / 68.4uM 2.960C 53.663 8.143 689.141 / 42.2uM / -0.884367V /   55  113  573 / nan nan nan nan
(Oct 01 2025 22:54:01,   35147 sec) Profile()            Sample 2 initiated at 1301.6dbars for bin 7 [1300dbars].  PTS/O2,T2,TPhase,RPhase,RawTemp/NO3/pH/FSig,BbSig,TSig/Ocr: 1300.1dbars 3.2122C 34.5131PSU / 61.9uM 3.205C 54.273 8.146 681.697 / 42.7uM / -0.884264V /   54  113  573 / nan nan nan nan
(Oct 01 2025 22:55:09,   35215 sec) AscentControlAgent() Bouyancy nudge to 51 (v=0.075dbar/sec).
(Oct 01 2025 22:55:09,   35215 sec) PistonMoveAbsWTO()    041->051 042 043 044 045 046 [30sec, 14.6Volts, 0.461Amps, CPT:1132sec]
(Oct 01 2025 22:55:50,   35256 sec) PistonMoveAbsWTO()    046->051 047 048 049 050 051 [25sec, 14.4Volts, 0.450Amps, CPT:1157sec]
(Oct 01 2025 23:03:04,   35690 sec) PistonMoveAbsWTO()    051->051 [0sec, 0.0Volts, 0.000Amps, CPT:1157sec]
(Oct 01 2025 23:03:26,   35712 sec) PistonMoveAbsWTO()    051->051 [0sec, 0.0Volts, 0.000Amps, CPT:1157sec]
(Oct 01 2025 23:08:13,   35999 sec) PistonMoveAbsWTO()    050->051 051 [1sec, 14.7Volts, 0.486Amps, CPT:1158sec]
(Oct 01 2025 23:12:19,   36245 sec) Profile()            Sample 3 initiated at 1201.3dbars for bin 8 [1200dbars].  PTS/O2,T2,TPhase,RPhase,RawTemp/NO3/pH/FSig,BbSig,TSig/Ocr: 1199.5dbars 3.4524C 34.4863PSU / 55.3uM 3.448C 54.923 8.150 674.335 / 42.8uM / -0.884161V /   55  114  572 / nan nan nan nan
(Oct 01 2025 23:25:57,   37063 sec) AscentControlAgent() Bouyancy nudge to 61 (v=0.072dbar/sec).
(Oct 01 2025 23:25:57,   37063 sec) PistonMoveAbsWTO()    051->061 052 053 054 055 056 [30sec, 14.7Volts, 0.421Amps, CPT:1188sec]
(Oct 01 2025 23:26:38,   37104 sec) PistonMoveAbsWTO()    056->061 057 058 059 060 061 [23sec, 14.5Volts, 0.418Amps, CPT:1211sec]
(Oct 01 2025 23:32:35,   37461 sec) Profile()            Sample 4 initiated at 1101.3dbars for bin 9 [1100dbars].  PTS/O2,T2,TPhase,RPhase,RawTemp/NO3/pH/FSig,BbSig,TSig/Ocr: 1099.5dbars 3.6567C 34.4519PSU / 46.9uM 3.649C 55.843 8.152 668.221 / 43.1uM / -0.884182V /   54  114  572 / nan nan nan nan
(Oct 01 2025 23:41:15,   37981 sec) AscentControlAgent() Bouyancy nudge to 71 (v=0.079dbar/sec).
(Oct 01 2025 23:41:15,   37981 sec) PistonMoveAbsWTO()    061->071 062 063 064 065 066 [30sec, 14.6Volts, 0.408Amps, CPT:1241sec]
(Oct 01 2025 23:41:56,   38022 sec) PistonMoveAbsWTO()    066->071 067 068 069 070 071 [24sec, 14.5Volts, 0.402Amps, CPT:1265sec]
(Oct 01 2025 23:51:11,   38577 sec) Profile()            Sample 5 initiated at 1001.3dbars for bin 10 [1000dbars].  PTS/O2,T2,TPhase,RPhase,RawTemp/NO3/pH/FSig,BbSig,TSig/Ocr: 999.3dbars 3.8554C 34.3948PSU / 36.1uM 3.848C 57.130 8.159 662.152 / 43.7uM / -0.884656V /   55  114  572 / nan nan nan nan
(Oct 01 2025 23:54:33,   38779 sec) Sbe41cpStartCP()     Continuous profile started.
(Oct 02 2025 00:00:19,   39125 sec) Profile()            Sample 6 initiated at 951.5dbars for bin 11 [950dbars].  PTS/O2,T2,TPhase,RPhase,RawTemp/NO3/pH/FSig,BbSig,TSig/Ocr: 951.4dbars 3.9828C 34.3619PSU / 32.0uM 3.975C 57.641 8.162 658.267 / 43.8uM / -0.884734V /   54  114  572 / nan nan nan nan
(Oct 02 2025 00:06:35,   39501 sec) AscentControlAgent() Bouyancy nudge to 81 (v=0.078dbar/sec).
(Oct 02 2025 00:06:36,   39502 sec) PistonMoveAbsWTO()    071->081 072 073 074 075 076 [30sec, 14.5Volts, 0.370Amps, CPT:1295sec]
(Oct 02 2025 00:07:17,   39543 sec) PistonMoveAbsWTO()    076->081 077 078 079 080 081 [24sec, 14.4Volts, 0.358Amps, CPT:1319sec]
(Oct 02 2025 00:10:07,   39713 sec) Profile()            Sample 7 initiated at 901.8dbars for bin 12 [900dbars].  PTS/O2,T2,TPhase,RPhase,RawTemp/NO3/pH/FSig,BbSig,TSig/Ocr: 901.8dbars 4.1662C 34.3149PSU / 29.6uM 4.157C 57.919 8.164 652.684 / 43.7uM / -0.884631V /   55  117  571 / nan nan nan nan
(Oct 02 2025 00:18:39,   40225 sec) Profile()            Sample 8 initiated at 851.3dbars for bin 13 [850dbars].  PTS/O2,T2,TPhase,RPhase,RawTemp/NO3/pH/FSig,BbSig,TSig/Ocr: 851.2dbars 4.3213C 34.2715PSU / 30.0uM 4.312C 57.827 8.167 647.931 / 43.5uM / -0.884322V /   56  115  571 / nan nan nan nan
(Oct 02 2025 00:28:06,   40792 sec) Profile()            Sample 9 initiated at 801.6dbars for bin 14 [800dbars].  PTS/O2,T2,TPhase,RPhase,RawTemp/NO3/pH/FSig,BbSig,TSig/Ocr: 801.5dbars 4.5270C 34.2178PSU / 33.4uM 4.516C 57.317 8.172 641.666 / 43.0uM / -0.883609V /   55  117  571 / nan nan nan nan
(Oct 02 2025 00:31:58,   41024 sec) AscentControlAgent() Bouyancy nudge to 91 (v=0.076dbar/sec).
(Oct 02 2025 00:31:59,   41025 sec) PistonMoveAbsWTO()    081->091 082 083 084 085 086 [30sec, 14.6Volts, 0.349Amps, CPT:1349sec]
(Oct 02 2025 00:32:40,   41066 sec) PistonMoveAbsWTO()    086->091 087 088 089 090 091 [23sec, 14.5Volts, 0.337Amps, CPT:1372sec]
(Oct 02 2025 00:37:53,   41379 sec) Profile()            Sample 10 initiated at 750.9dbars for bin 15 [750dbars].  PTS/O2,T2,TPhase,RPhase,RawTemp/NO3/pH/FSig,BbSig,TSig/Ocr: 750.8dbars 4.7318C 34.1761PSU / 41.5uM 4.723C 56.203 8.176 635.284 / 42.3uM / -0.882430V /   55  117  571 / nan nan nan nan
(Oct 02 2025 00:42:17,   41643 sec) PistonMoveAbsWTO()    091->091 [0sec, 0.0Volts, 0.000Amps, CPT:1372sec]
(Oct 02 2025 00:47:06,   41932 sec) Profile()            Sample 11 initiated at 701.3dbars for bin 16 [700dbars].  PTS/O2,T2,TPhase,RPhase,RawTemp/NO3/pH/FSig,BbSig,TSig/Ocr: 701.3dbars 5.0660C 34.1213PSU / 56.2uM 5.057C 54.301 8.180 624.997 / 40.5uM / -0.880471V /   56  117  570 / nan nan nan nan
(Oct 02 2025 00:52:15,   42241 sec) AscentControlAgent() Bouyancy nudge to 101 (v=0.071dbar/sec).
(Oct 02 2025 00:52:15,   42241 sec) PistonMoveAbsWTO()    091->101 092 093 094 095 096 [30sec, 14.6Volts, 0.313Amps, CPT:1402sec]
(Oct 02 2025 00:52:56,   42282 sec) PistonMoveAbsWTO()    096->101 097 098 099 100 101 [24sec, 14.5Volts, 0.317Amps, CPT:1426sec]
(Oct 02 2025 00:57:25,   42551 sec) Profile()            Sample 12 initiated at 651.9dbars for bin 17 [650dbars].  PTS/O2,T2,TPhase,RPhase,RawTemp/NO3/pH/FSig,BbSig,TSig/Ocr: 651.8dbars 5.5026C 34.0708PSU / 78.0uM 5.498C 51.694 8.189 611.322 / 38.2uM / -0.877793V /   54  117  570 / nan nan nan nan
(Oct 02 2025 01:07:42,   43168 sec) AscentControlAgent() Bouyancy nudge to 111 (v=0.070dbar/sec).
(Oct 02 2025 01:07:42,   43168 sec) PistonMoveAbsWTO()    101->111 102 103 104 105 106 [30sec, 14.6Volts, 0.301Amps, CPT:1456sec]
(Oct 02 2025 01:08:59,   43245 sec) Profile()            Sample 13 initiated at 599.2dbars for bin 18 [600dbars].  PTS/O2,T2,TPhase,RPhase,RawTemp/NO3/pH/FSig,BbSig,TSig/Ocr: 599.2dbars 6.1765C 34.0129PSU / 114.8uM 6.168C 47.832 8.205 590.463 / 34.4uM / -0.873417V /   54  118  569 / nan nan nan nan
(Oct 02 2025 01:08:59,   43245 sec) PistonMoveAbsWTO()    106->111 107 108 109 110 111 [22sec, 14.5Volts, 0.294Amps, CPT:1478sec]
(Oct 02 2025 01:17:18,   43744 sec) Profile()            Sample 14 initiated at 551.1dbars for bin 19 [550dbars].  PTS/O2,T2,TPhase,RPhase,RawTemp/NO3/pH/FSig,BbSig,TSig/Ocr: 551.0dbars 6.9116C 34.0007PSU / 141.8uM 6.896C 45.236 8.222 567.643 / 30.9uM / -0.869282V /   54  121  568 / nan nan nan nan
(Oct 02 2025 01:27:15,   44341 sec) Profile()            Sample 15 initiated at 501.6dbars for bin 20 [500dbars].  PTS/O2,T2,TPhase,RPhase,RawTemp/NO3/pH/FSig,BbSig,TSig/Ocr: 501.5dbars 7.9680C 34.0105PSU / 183.7uM 7.955C 41.704 8.246 534.186 / 25.8uM / -0.863509V /   52  121  566 / nan nan nan nan
(Oct 02 2025 01:27:59,   44385 sec) AscentControlAgent() Bouyancy nudge to 121 (v=0.074dbar/sec).
(Oct 02 2025 01:27:59,   44385 sec) PistonMoveAbsWTO()    111->121 112 113 114 115 116 [30sec, 14.7Volts, 0.273Amps, CPT:1508sec]
(Oct 02 2025 01:28:40,   44426 sec) PistonMoveAbsWTO()    116->121 117 118 119 120 121 [22sec, 14.6Volts, 0.270Amps, CPT:1530sec]
(Oct 02 2025 01:35:56,   44862 sec) Profile()            Sample 16 initiated at 451.6dbars for bin 21 [450dbars].  PTS/O2,T2,TPhase,RPhase,RawTemp/NO3/pH/FSig,BbSig,TSig/Ocr: 451.5dbars 9.1791C 34.0658PSU / 224.1uM 9.183C 38.654 8.273 495.073 / 20.3uM / -0.857551V /   51  120  564 / 0x8006af89 0x80001dad 0x8008889b 0x7fffdec0
(Oct 02 2025 01:44:39,   45385 sec) Profile()            Sample 17 initiated at 401.8dbars for bin 22 [400dbars].  PTS/O2,T2,TPhase,RPhase,RawTemp/NO3/pH/FSig,BbSig,TSig/Ocr: 401.8dbars 10.2983C 34.1163PSU / 240.3uM 10.295C 37.219 8.296 459.355 / 17.0uM / -0.854229V /   51  118  563 / 0x80069764 0x800003f6 0x80087124 0x7fffe500
(Oct 02 2025 01:48:19,   45605 sec) AscentControlAgent() Bouyancy nudge to 131 (v=0.076dbar/sec).
(Oct 02 2025 01:48:19,   45605 sec) PistonMoveAbsWTO()    121->131 122 123 124 125 126 [30sec, 14.7Volts, 0.250Amps, CPT:1560sec]
(Oct 02 2025 01:49:39,   45685 sec) Profile()            Sample 18 initiated at 379.3dbars for bin 23 [380dbars].  PTS/O2,T2,TPhase,RPhase,RawTemp/NO3/pH/FSig,BbSig,TSig/Ocr: 379.2dbars 10.9936C 34.1655PSU / 244.8uM 10.990C 36.633 8.310 436.879 / 15.2uM / -0.852604V /   50  118  562 / 0x8006aca4 0x80000e52 0x80087000 0x7fffd364
(Oct 02 2025 01:49:39,   45685 sec) PistonMoveAbsWTO()    126->131 127 128 129 130 131 [22sec, 14.6Volts, 0.249Amps, CPT:1582sec]
(Oct 02 2025 01:52:42,   45868 sec) Profile()            Sample 19 initiated at 361.9dbars for bin 24 [360dbars].  PTS/O2,T2,TPhase,RPhase,RawTemp/NO3/pH/FSig,BbSig,TSig/Ocr: 361.8dbars 11.3176C 34.1912PSU / 246.3uM 11.334C 36.383 8.320 425.740 / 14.6uM / -0.851668V /   50  120  561 / 0x80069aed 0x7ffff8ad 0x80087476 0x7fffd21b
(Oct 02 2025 01:54:27,   45973 sec) Profile()            Sample 20 initiated at 351.5dbars for bin 25 [350dbars].  PTS/O2,T2,TPhase,RPhase,RawTemp/NO3/pH/FSig,BbSig,TSig/Ocr: 351.4dbars 11.5102C 34.1977PSU / 247.2uM 11.518C 36.244 8.329 419.759 / 14.1uM / -0.851246V /   50  117  561 / 0x800674d2 0x7ffff31b 0x800870c9 0x7fffbd40
(Oct 02 2025 01:56:12,   46078 sec) Profile()            Sample 21 initiated at 341.2dbars for bin 26 [340dbars].  PTS/O2,T2,TPhase,RPhase,RawTemp/NO3/pH/FSig,BbSig,TSig/Ocr: 341.1dbars 11.9000C 34.2220PSU / 247.5uM 11.892C 36.037 8.336 407.606 / 13.3uM / -0.850457V /   50  115  560 / 0x8006a152 0x7fffe06d 0x80087912 0x7fffcc52
(Oct 02 2025 01:57:57,   46183 sec) Profile()            Sample 22 initiated at 331.1dbars for bin 27 [330dbars].  PTS/O2,T2,TPhase,RPhase,RawTemp/NO3/pH/FSig,BbSig,TSig/Ocr: 331.0dbars 12.1041C 34.2407PSU / 248.1uM 12.108C 35.902 8.343 400.592 / 12.8uM / -0.849922V /   50  116  560 / 0x80068749 0x7fffdb36 0x80087312 0x7fffb9ad
(Oct 02 2025 01:59:42,   46288 sec) Profile()            Sample 23 initiated at 321.2dbars for bin 28 [320dbars].  PTS/O2,T2,TPhase,RPhase,RawTemp/NO3/pH/FSig,BbSig,TSig/Ocr: 321.1dbars 12.4388C 34.2676PSU / 249.2uM 12.440C 35.679 8.350 389.770 / 12.1uM / -0.849123V /   50  116  560 / 0x80068b52 0x7fffda00 0x80086b64 0x7fffb680
(Oct 02 2025 02:01:26,   46392 sec) Profile()            Sample 24 initiated at 311.7dbars for bin 29 [310dbars].  PTS/O2,T2,TPhase,RPhase,RawTemp/NO3/pH/FSig,BbSig,TSig/Ocr: 311.6dbars 12.6838C 34.2883PSU / 252.4uM 12.691C 35.402 8.354 381.577 / 11.3uM / -0.848305V /   50  119  559 / 0x800686ed 0x7fffce64 0x80086692 0x7fffad6d
(Oct 02 2025 02:03:24,   46510 sec) Profile()            Sample 25 initiated at 301.5dbars for bin 30 [300dbars].  PTS/O2,T2,TPhase,RPhase,RawTemp/NO3/pH/FSig,BbSig,TSig/Ocr: 301.4dbars 12.9291C 34.2967PSU / 250.7uM 12.933C 35.362 8.358 373.687 / 11.0uM / -0.848232V /   50  116  559 / 0x8006a0c0 0x7fffd600 0x80087852 0x7fffb5ed
(Oct 02 2025 02:05:22,   46628 sec) Profile()            Sample 26 initiated at 292.0dbars for bin 31 [290dbars].  PTS/O2,T2,TPhase,RPhase,RawTemp/NO3/pH/FSig,BbSig,TSig/Ocr: 291.9dbars 13.1905C 34.3117PSU / 251.2uM 13.182C 35.214 8.359 365.538 / 10.4uM / -0.847604V /   50  120  559 / 0x80067ef6 0x7fffe352 0x80087000 0x7fffac6d
(Oct 02 2025 02:07:41,   46767 sec) Profile()            Sample 27 initiated at 281.3dbars for bin 32 [280dbars].  PTS/O2,T2,TPhase,RPhase,RawTemp/NO3/pH/FSig,BbSig,TSig/Ocr: 281.2dbars 13.3859C 34.3274PSU / 252.6uM 13.388C 35.045 8.365 358.784 / 10.0uM / -0.847073V /   50  117  558 / 0x80067764 0x7fffcd2d 0x800872d2 0x7fffad92
(Oct 02 2025 02:08:37,   46823 sec) AscentControlAgent() Bouyancy nudge to 141 (v=0.077dbar/sec).
(Oct 02 2025 02:08:37,   46823 sec) PistonMoveAbsWTO()    131->141 132 133 134 135 136 [30sec, 14.7Volts, 0.219Amps, CPT:1612sec]
(Oct 02 2025 02:09:58,   46904 sec) Profile()            Sample 28 initiated at 270.8dbars for bin 33 [270dbars].  PTS/O2,T2,TPhase,RPhase,RawTemp/NO3/pH/FSig,BbSig,TSig/Ocr: 270.7dbars 13.6656C 34.3493PSU / 253.0uM 13.665C 34.892 8.369 349.729 / 9.4uM / -0.846513V /   51  124  558 / 0x80068f40 0x7fffe3a4 0x80089940 0x7fffb12d
(Oct 02 2025 02:09:58,   46904 sec) PistonMoveAbsWTO()    136->141 137 138 139 140 141 [22sec, 14.6Volts, 0.221Amps, CPT:1634sec]
(Oct 02 2025 02:11:33,   46999 sec) Profile()            Sample 29 initiated at 261.7dbars for bin 34 [260dbars].  PTS/O2,T2,TPhase,RPhase,RawTemp/NO3/pH/FSig,BbSig,TSig/Ocr: 261.5dbars 13.9454C 34.3766PSU / 255.1uM 13.942C 34.657 8.374 340.630 / 8.9uM / -0.845831V /   50  119  557 / 0x80067cc0 0x7fffcd12 0x800891f6 0x7fffa012
(Oct 02 2025 02:13:08,   47094 sec) Profile()            Sample 30 initiated at 251.9dbars for bin 35 [250dbars].  PTS/O2,T2,TPhase,RPhase,RawTemp/NO3/pH/FSig,BbSig,TSig/Ocr: 251.8dbars 14.1955C 34.3983PSU / 255.6uM 14.194C 34.509 8.377 332.377 / 8.3uM / -0.845280V /   50  125  557 / 0x80067709 0x7fffd152 0x8008a940 0x7fffa689
(Oct 02 2025 02:14:55,   47201 sec) Profile()            Sample 31 initiated at 241.2dbars for bin 36 [240dbars].  PTS/O2,T2,TPhase,RPhase,RawTemp/NO3/pH/FSig,BbSig,TSig/Ocr: 241.1dbars 14.5118C 34.4201PSU / 255.9uM 14.519C 34.336 8.383 321.687 / 7.8uM / -0.844710V /   53  120  556 / 0x80066409 0x7ffff812 0x8008d052 0x7fff9ddb
(Oct 02 2025 02:16:41,   47307 sec) Profile()            Sample 32 initiated at 231.2dbars for bin 37 [230dbars].  PTS/O2,T2,TPhase,RPhase,RawTemp/NO3/pH/FSig,BbSig,TSig/Ocr: 231.1dbars 14.7270C 34.4331PSU / 255.8uM 14.725C 34.245 8.387 314.928 / 7.2uM / -0.844100V /   53  119  556 / 0x80067212 0x7ffff8c0 0x8008f2b6 0x7fff9b09
(Oct 02 2025 02:18:27,   47413 sec) Profile()            Sample 33 initiated at 221.8dbars for bin 38 [220dbars].  PTS/O2,T2,TPhase,RPhase,RawTemp/NO3/pH/FSig,BbSig,TSig/Ocr: 221.7dbars 15.1663C 34.4574PSU / 259.4uM 15.161C 33.869 8.391 300.595 / 6.0uM / -0.843147V /   55  118  556 / 0x80067ed2 0x7ffff8a4 0x8009095b 0x7fff9f2d
(Oct 02 2025 02:20:36,   47542 sec) Profile()            Sample 34 initiated at 211.4dbars for bin 39 [210dbars].  PTS/O2,T2,TPhase,RPhase,RawTemp/NO3/pH/FSig,BbSig,TSig/Ocr: 211.4dbars 15.5400C 34.4889PSU / 261.6uM 15.541C 33.590 8.399 288.076 / 5.5uM / -0.842497V /   53  120  555 / 0x80067076 0x8000102d 0x8009376d 0x7fffa1c0
(Oct 02 2025 02:22:33,   47659 sec) Profile()            Sample 35 initiated at 202.0dbars for bin 40 [200dbars].  PTS/O2,T2,TPhase,RPhase,RawTemp/NO3/pH/FSig,BbSig,TSig/Ocr: 201.9dbars 15.6607C 34.5064PSU / 261.0uM 15.670C 33.553 8.403 283.836 / 5.5uM / -0.842266V /   54  124  555 / 0x80067912 0x800032e4 0x80099564 0x7fff8bdb
(Oct 02 2025 02:24:42,   47788 sec) Profile()            Sample 36 initiated at 191.9dbars for bin 41 [190dbars].  PTS/O2,T2,TPhase,RPhase,RawTemp/NO3/pH/FSig,BbSig,TSig/Ocr: 191.8dbars 16.1942C 34.5547PSU / 258.1uM 16.187C 33.446 8.406 266.775 / 5.1uM / -0.841702V /   58  127  554 / 0x800655a4 0x800047f6 0x8009c9b6 0x7fff9452
(Oct 02 2025 02:27:12,   47938 sec) Profile()            Sample 37 initiated at 181.6dbars for bin 42 [180dbars].  PTS/O2,T2,TPhase,RPhase,RawTemp/NO3/pH/FSig,BbSig,TSig/Ocr: 181.5dbars 16.6061C 34.6083PSU / 256.5uM 16.605C 33.327 8.419 252.995 / 4.9uM / -0.841232V /   59  125  553 / 0x80065f9b 0x8000a912 0x800a371b 0x7fff85f6
(Oct 02 2025 02:30:05,   48111 sec) Profile()            Sample 38 initiated at 171.4dbars for bin 43 [170dbars].  PTS/O2,T2,TPhase,RPhase,RawTemp/NO3/pH/FSig,BbSig,TSig/Ocr: 171.4dbars 17.3609C 34.7221PSU / 240.8uM 17.354C 33.727 8.436 228.298 / 5.2uM / -0.841317V /   56  122  553 / 0x80066900 0x80008889 0x8009d8e4 0x7fff856d
(Oct 02 2025 02:33:08,   48294 sec) Profile()            Sample 39 initiated at 161.4dbars for bin 44 [160dbars].  PTS/O2,T2,TPhase,RPhase,RawTemp/NO3/pH/FSig,BbSig,TSig/Ocr: 161.4dbars 18.0534C 34.8103PSU / 237.0uM 18.045C 33.599 8.449 205.521 / 4.6uM / -0.840567V /   61  126  551 / 0x8006601b 0x8001c780 0x800c7292 0x7fff7700
(Oct 02 2025 02:36:01,   48467 sec) Profile()            Sample 40 initiated at 151.9dbars for bin 45 [150dbars].  PTS/O2,T2,TPhase,RPhase,RawTemp/NO3/pH/FSig,BbSig,TSig/Ocr: 151.8dbars 18.6497C 34.8817PSU / 235.9uM 18.642C 33.383 8.448 185.839 / 4.2uM / -0.839721V /   70  141  551 / 0x80067ae4 0x80027180 0x800d56e4 0x7fff7409
(Oct 02 2025 02:39:15,   48661 sec) Profile()            Sample 41 initiated at 141.9dbars for bin 46 [140dbars].  PTS/O2,T2,TPhase,RPhase,RawTemp/NO3/pH/FSig,BbSig,TSig/Ocr: 141.9dbars 19.4403C 34.9803PSU / 240.2uM 19.429C 32.820 8.460 159.898 / 3.0uM / -0.838094V /   90  145  550 / 0x80067212 0x8003d7d2 0x800f8b24 0x7fff7540
(Oct 02 2025 02:42:41,   48867 sec) Profile()            Sample 42 initiated at 131.6dbars for bin 47 [130dbars].  PTS/O2,T2,TPhase,RPhase,RawTemp/NO3/pH/FSig,BbSig,TSig/Ocr: 131.5dbars 19.4915C 34.9894PSU / 241.4uM 19.494C 32.733 8.462 157.772 / 3.1uM / -0.837850V /   89  139  548 / 0x8006bdad 0x80064400 0x8012a2f6 0x7fff68f6
(Oct 02 2025 02:46:07,   49073 sec) Profile()            Sample 43 initiated at 121.6dbars for bin 48 [120dbars].  PTS/O2,T2,TPhase,RPhase,RawTemp/NO3/pH/FSig,BbSig,TSig/Ocr: 121.6dbars 19.6479C 35.0086PSU / 242.0uM 19.646C 32.635 8.462 152.757 / 2.8uM / -0.837532V /   99  138  548 / 0x80070cc9 0x8005e9ad 0x800fe5b6 0x7fff67c0
(Oct 02 2025 02:50:17,   49323 sec) Profile()            Sample 44 initiated at 111.8dbars for bin 49 [110dbars].  PTS/O2,T2,TPhase,RPhase,RawTemp/NO3/pH/FSig,BbSig,TSig/Ocr: 111.8dbars 20.3788C 35.0764PSU / 246.6uM 20.332C 32.119 8.466 130.192 / 1.9uM / -0.835921V /  114  142  547 / 0x8007ffc0 0x800a2f92 0x80139ead 0x7fff7289
(Oct 02 2025 02:54:31,   49577 sec) AscentControlAgent() Bouyancy nudge to 146 (v=0.014dbar/sec).
(Oct 02 2025 02:54:31,   49577 sec) PistonMoveAbsWTO()    141->146 142 143 144 145 146 [24sec, 15.0Volts, 0.185Amps, CPT:1658sec]
(Oct 02 2025 02:57:36,   49762 sec) Profile()            Sample 45 initiated at 102.0dbars for bin 50 [100dbars].  PTS/O2,T2,TPhase,RPhase,RawTemp/NO3/pH/FSig,BbSig,TSig/Ocr: 101.9dbars 20.6922C 35.0974PSU / 263.3uM 20.691C 31.210 8.477 118.401 / 1.8uM / -0.834598V /  113  141  546 / 0x800bdbf6 0x8028e800 0x803a4b36 0x80001552
(Oct 02 2025 02:59:22,   49868 sec) Profile()            Sample 46 initiated at 96.7dbars for bin 51 [95dbars].  PTS/O2,T2,TPhase,RPhase,RawTemp/NO3/pH/FSig,BbSig,TSig/Ocr: 96.7dbars 20.9544C 35.1175PSU / 267.5uM 20.946C 30.922 8.481 110.056 / 1.7uM / -0.834060V /  101  140  546 / 0x800e0889 0x802fa9ad 0x803e871b 0x80002340
(Oct 02 2025 03:01:09,   49975 sec) Profile()            Sample 47 initiated at 91.9dbars for bin 52 [90dbars].  PTS/O2,T2,TPhase,RPhase,RawTemp/NO3/pH/FSig,BbSig,TSig/Ocr: 91.9dbars 21.1671C 35.1324PSU / 270.4uM 21.161C 30.711 8.481 102.998 / 1.8uM / -0.833691V /   91  144  545 / 0x8010ebed 0x80383bc0 0x8044ae12 0x800068c9
(Oct 02 2025 03:03:06,   50092 sec) Profile()            Sample 48 initiated at 87.0dbars for bin 53 [85dbars].  PTS/O2,T2,TPhase,RPhase,RawTemp/NO3/pH/FSig,BbSig,TSig/Ocr: 86.9dbars 21.2975C 35.1405PSU / 271.5uM 21.282C 30.616 8.484 99.012 / 1.7uM / -0.833438V /   90  147  545 / 0x80146824 0x803f9e49 0x8047dd80 0x80008b49
(Oct 02 2025 03:05:26,   50232 sec) Profile()            Sample 49 initiated at 81.8dbars for bin 54 [80dbars].  PTS/O2,T2,TPhase,RPhase,RawTemp/NO3/pH/FSig,BbSig,TSig/Ocr: 81.8dbars 21.4494C 35.1501PSU / 273.7uM 21.440C 30.459 8.483 93.846 / 1.6uM / -0.833184V /   84  142  545 / 0x801bbc76 0x80599b89 0x8060a240 0x800174c9
(Oct 02 2025 03:09:40,   50486 sec) AscentControlAgent() Bouyancy nudge to 151 (v=0.010dbar/sec).
(Oct 02 2025 03:09:40,   50486 sec) PistonMoveAbsWTO()    146->151 147 148 149 150 151 [24sec, 15.0Volts, 0.181Amps, CPT:1682sec]
(Oct 02 2025 03:12:23,   50649 sec) Profile()            Sample 50 initiated at 76.9dbars for bin 55 [75dbars].  PTS/O2,T2,TPhase,RPhase,RawTemp/NO3/pH/FSig,BbSig,TSig/Ocr: 76.9dbars 22.1722C 35.1768PSU / 278.0uM 22.155C 29.995 8.492 70.460 / 2.3uM / -0.832330V /   76  147  544 / 0x8025f136 0x807c4ac0 0x80816cd2 0x80033212
(Oct 02 2025 03:14:48,   50794 sec) AscentControlAgent() Bouyancy nudge to 156 (v=0.016dbar/sec).
(Oct 02 2025 03:14:48,   50794 sec) PistonMoveAbsWTO()    151->156 152 153 154 155 156 [24sec, 15.0Volts, 0.169Amps, CPT:1706sec]
(Oct 02 2025 03:17:09,   50935 sec) Profile()            Sample 51 initiated at 71.9dbars for bin 56 [70dbars].  PTS/O2,T2,TPhase,RPhase,RawTemp/NO3/pH/FSig,BbSig,TSig/Ocr: 71.9dbars 23.3820C 35.2319PSU / 278.7uM 23.342C 29.498 8.522 31.794 / 2.2uM / -0.831433V /   71  168  543 / 0x80292040 0x8058419b 0x804f159b 0x8001a740
(Oct 02 2025 03:19:56,   51102 sec) AscentControlAgent() Bouyancy nudge to 161 (v=0.021dbar/sec).
(Oct 02 2025 03:19:56,   51102 sec) PistonMoveAbsWTO()    156->161 157 158 159 160 161 [24sec, 15.0Volts, 0.172Amps, CPT:1730sec]
(Oct 02 2025 03:21:10,   51176 sec) Profile()            Sample 52 initiated at 66.7dbars for bin 57 [65dbars].  PTS/O2,T2,TPhase,RPhase,RawTemp/NO3/pH/FSig,BbSig,TSig/Ocr: 66.6dbars 23.7176C 35.2525PSU / 281.0uM 23.703C 29.270 8.525 20.106 / 3.0uM / -0.831070V /   67  150  542 / 0x80380752 0x807f7ca4 0x8074b592 0x80038d09
(Oct 02 2025 03:22:56,   51282 sec) Profile()            Sample 53 initiated at 62.0dbars for bin 58 [60dbars].  PTS/O2,T2,TPhase,RPhase,RawTemp/NO3/pH/FSig,BbSig,TSig/Ocr: 62.0dbars 24.3410C 35.2893PSU / 279.2uM 24.316C 29.105 8.527 0.243 / 2.5uM / -0.830704V /   67  149  542 / 0x8041d549 0x807e6524 0x806d4612 0x800404ad
(Oct 02 2025 03:24:58,   51404 sec) AscentControlAgent() Bouyancy nudge to 166 (v=0.030dbar/sec).
(Oct 02 2025 03:24:59,   51405 sec) PistonMoveAbsWTO()    161->166 162 163 164 165 166 [25sec, 15.0Volts, 0.169Amps, CPT:1755sec]
(Oct 02 2025 03:26:58,   51524 sec) Profile()            Sample 54 initiated at 57.0dbars for bin 59 [55dbars].  PTS/O2,T2,TPhase,RPhase,RawTemp/NO3/pH/FSig,BbSig,TSig/Ocr: 57.0dbars 25.6856C 35.3718PSU / 268.6uM 25.645C 29.019 8.539 -42.487 / 5.4uM / -0.829445V /   65  154  541 / 0x804bd6b6 0x80823200 0x806bca1b 0x80057ca4
(Oct 02 2025 03:30:06,   51712 sec) AscentControlAgent() Bouyancy nudge to 171 (v=0.009dbar/sec).
(Oct 02 2025 03:30:07,   51713 sec) PistonMoveAbsWTO()    166->171 167 168 169 170 171 [24sec, 15.0Volts, 0.171Amps, CPT:1779sec]
(Oct 02 2025 03:35:07,   52013 sec) AscentControlAgent() Bouyancy nudge to 176 (v=0.009dbar/sec).
(Oct 02 2025 03:35:08,   52014 sec) PistonMoveAbsWTO()    171->176 172 173 174 175 176 [24sec, 15.1Volts, 0.168Amps, CPT:1803sec]
(Oct 02 2025 03:36:55,   52121 sec) Profile()            Sample 55 initiated at 51.8dbars for bin 60 [50dbars].  PTS/O2,T2,TPhase,RPhase,RawTemp/NO3/pH/FSig,BbSig,TSig/Ocr: 51.8dbars 27.0738C 35.4497PSU / 243.4uM 27.076C 29.549 8.563 -88.088 / 2.8uM / -0.828294V /   60  144  537 / 0x8043ae1b 0x806f0b5b 0x805cfb6d 0x800539c9
(Oct 02 2025 03:39:03,   52249 sec) Profile()            Sample 56 initiated at 46.9dbars for bin 61 [45dbars].  PTS/O2,T2,TPhase,RPhase,RawTemp/NO3/pH/FSig,BbSig,TSig/Ocr: 46.8dbars 27.0909C 35.4503PSU / 244.0uM 27.095C 29.516 8.560 -88.681 / 2.8uM / -0.828233V /   60  147  537 / 0x804ccf2d 0x8073c689 0x805d9e00 0x80068f2d
(Oct 02 2025 03:40:10,   52316 sec) AscentControlAgent() Bouyancy nudge to 181 (v=0.035dbar/sec).
(Oct 02 2025 03:40:11,   52317 sec) PistonMoveAbsWTO()    176->181 177 178 179 180 181 [25sec, 15.0Volts, 0.161Amps, CPT:1828sec]
(Oct 02 2025 03:41:26,   52392 sec) Profile()            Sample 57 initiated at 40.7dbars for bin 62 [40dbars].  PTS/O2,T2,TPhase,RPhase,RawTemp/NO3/pH/FSig,BbSig,TSig/Ocr: 40.6dbars 27.0949C 35.4498PSU / 244.0uM 27.099C 29.514 8.560 -88.800 / 2.8uM / -0.828185V /   56  143  536 / 0x805bbb6d 0x808429a4 0x8068bbb6 0x8009b1db
(Oct 02 2025 03:42:28,   52454 sec) Profile()            Sample 58 initiated at 36.5dbars for bin 63 [35dbars].  PTS/O2,T2,TPhase,RPhase,RawTemp/NO3/pH/FSig,BbSig,TSig/Ocr: 36.4dbars 27.0941C 35.4482PSU / 244.0uM 27.098C 29.516 8.558 -88.793 / 2.8uM / -0.828106V /   57  142  536 / 0x80684800 0x808ef800 0x806e9412 0x800c6c80
(Oct 02 2025 03:43:30,   52516 sec) Profile()            Sample 59 initiated at 31.9dbars for bin 64 [30dbars].  PTS/O2,T2,TPhase,RPhase,RawTemp/NO3/pH/FSig,BbSig,TSig/Ocr: 31.8dbars 27.0981C 35.4480PSU / 243.8uM 27.102C 29.520 8.558 -88.920 / 2.8uM / -0.828049V /   56  141  535 / 0x8077bcb6 0x809e3092 0x80794d92 0x8010e289
(Oct 02 2025 03:44:43,   52589 sec) Profile()            Sample 60 initiated at 26.5dbars for bin 65 [25dbars].  PTS/O2,T2,TPhase,RPhase,RawTemp/NO3/pH/FSig,BbSig,TSig/Ocr: 26.4dbars 27.1031C 35.4464PSU / 244.0uM 27.107C 29.509 8.558 -89.079 / 2.9uM / -0.827944V /   56  141  536 / 0x808a9364 0x80ae01a4 0x80827c92 0x801778c9
(Oct 02 2025 03:45:45,   52651 sec) Profile()            Sample 61 initiated at 22.0dbars for bin 66 [20dbars].  PTS/O2,T2,TPhase,RPhase,RawTemp/NO3/pH/FSig,BbSig,TSig/Ocr: 21.9dbars 27.1329C 35.4461PSU / 243.6uM 27.137C 29.519 8.556 -90.012 / 2.9uM / -0.827824V /   56  140  535 / 0x809ae1c0 0x80bcdded 0x808e5112 0x8020b4ed
(Oct 02 2025 03:46:59,   52725 sec) Profile()            Sample 62 initiated at 16.7dbars for bin 67 [15dbars].  PTS/O2,T2,TPhase,RPhase,RawTemp/NO3/pH/FSig,BbSig,TSig/Ocr: 16.6dbars 27.1435C 35.4441PSU / 243.8uM 27.149C 29.503 8.556 -90.387 / 2.8uM / -0.827739V /   55  138  535 / 0x80b49e24 0x80d7d289 0x80a3631b 0x802ff4ed
(Oct 02 2025 03:48:34,   52820 sec) Profile()            Sample 63 initiated at 11.8dbars for bin 68 [10dbars].  PTS/O2,T2,TPhase,RPhase,RawTemp/NO3/pH/FSig,BbSig,TSig/Ocr: 11.8dbars 27.1421C 35.4435PSU / 244.0uM 27.143C 29.496 8.557 -90.201 / 2.8uM / -0.827693V /   55  142  535 / 0x80be4ead 0x80d8e224 0x80a523c9 0x803dbb92
(Oct 02 2025 03:50:20,   52926 sec) Profile()            Sample 64 initiated at 7.9dbars for bin 69 [6dbars].  PTS/O2,T2,TPhase,RPhase,RawTemp/NO3/pH/FSig,BbSig,TSig/Ocr: 7.9dbars 27.1373C 35.4448PSU / 244.1uM 27.144C 29.493 8.557 -90.227 / 2.9uM / -0.827636V /   55  138  535 / 0x80dc8f52 0x80fd74e4 0x80c272ed 0x8057ded2
(Oct 02 2025 03:51:08,   52974 sec) SurfaceDetect()      SurfacePressure:0.1dbars Pressure:4.0dbars PistonPosition:181
(Oct 02 2025 03:51:08,   52974 sec) Sbe41cpStopCP()      Continuous profile stopped.
(Oct 02 2025 03:51:11,   52977 sec) PistonMoveAbsWTO()    181->203 182 183 184 185 186 187 188 189 190 191 192 193 194 195 196 197 198 199 200 201 202 203 [107sec, 15.0Volts, 0.148Amps, CPT:1935sec]
(Oct 02 2025 03:53:04,   53090 sec) chat()               Expected string [S>] not received.
(Oct 02 2025 03:55:00,   53206 sec) Sbe41cpBinAverage()  Finished averaging 14208 samples in 111 seconds.
(Oct 02 2025 03:55:05,   53211 sec) Sbe41cpUploadCP_()   Sbe41cpSerNo[20478] NSample[14208] NBin[493]
(Oct 02 2025 03:55:36,   53242 sec) Sbe41cpUploadCP_()   Continuous profile uploaded [493 lines].
(Oct 02 2025 03:55:49,   53255 sec) MscErrorLog_()       No error records to log.
(Oct 02 2025 03:56:00,   53266 sec) MscErrorLog_()       No error records to log.

<EOT>
