(Oct 06 2025 18:49:27,  179854 sec) TelemetryInit()      Profile 16. (Apf11 FwRev: 061125)
(Oct 06 2025 18:49:27,  179854 sec) TelemetryInit()      Charge consumption model: OCV:15.2V Wake-Cycles:23354 Standby:14.4days Wake:17.0kC Sensors:1.8kC
(Oct 06 2025 18:54:42,  180169 sec) GetSurfaceObs()      P/O2,T2,TPhase,RPhase,RawTemp/FSig,BbSig,TSig: 0.4dbars / 243.3uM 26.948C 29.602 8.589 -84.016 / 54,141,535
(Oct 06 2025 18:54:42,  180169 sec) GetSurfaceObs()      P/Ocr: 0.4dbars / 0x8c5a48d2 0x932ed6ad 0x92e1aeb6 0x933da440
(Oct 06 2025 18:55:15,  180202 sec) GetSurfaceObs()      P/O2,T2,TPhase,RPhase,RawTemp/FSig,BbSig,TSig: 0.5dbars / 244.0uM 26.964C 29.565 8.568 -84.523 / 53,143,535
(Oct 06 2025 18:55:15,  180202 sec) GetSurfaceObs()      P/Ocr: 0.5dbars / 0x8c7df45b 0x93265389 0x9216e7c9 0x94f545ed
(Oct 06 2025 18:55:48,  180235 sec) GetSurfaceObs()      P/O2,T2,TPhase,RPhase,RawTemp/FSig,BbSig,TSig: 0.3dbars / 243.4uM 26.961C 29.591 8.570 -84.425 / 55,139,535
(Oct 06 2025 18:55:48,  180235 sec) GetSurfaceObs()      P/Ocr: 0.3dbars / 0x8945899b 0x8bf84ad2 0x89fda0f6 0x8b347809
(Oct 06 2025 18:56:22,  180269 sec) GetSurfaceObs()      P/O2,T2,TPhase,RPhase,RawTemp/FSig,BbSig,TSig: 0.7dbars / 243.5uM 26.957C 29.587 8.560 -84.308 / 56,141,535
(Oct 06 2025 18:56:22,  180269 sec) GetSurfaceObs()      P/Ocr: 0.7dbars / 0x8d0be46d 0x92127149 0x9276541b 0x93b4e780
(Oct 06 2025 18:59:39,  180466 sec) AirSystem()          Battery [216cnt, 15.2V]  Current [20cnt, 78.1mA]  Pneumometer [155cnt, 18.2psi]  Run-Time [94s]
(Oct 06 2025 18:59:52,  180479 sec) GetSurfaceObs()      P/O2,T2,TPhase,RPhase,RawTemp/FSig,BbSig,TSig: -0.1dbars / 241.3uM 26.705C 29.782 8.579 -76.321 / 62,39,536
(Oct 06 2025 18:59:52,  180479 sec) GetSurfaceObs()      P/Ocr: -0.1dbars / 0x89790f64 0x8bd3262d 0x8906fef6 0x8c5ff3f6
(Oct 06 2025 19:00:25,  180512 sec) GetSurfaceObs()      P/O2,T2,TPhase,RPhase,RawTemp/FSig,BbSig,TSig: -0.1dbars / 245.5uM 26.110C 29.821 8.572 -57.351 / 55,141,535
(Oct 06 2025 19:00:25,  180512 sec) GetSurfaceObs()      P/Ocr: -0.1dbars / 0x88b4f2ed 0x8b7ccd76 0x8a9b9a89 0x8af67ee4
(Oct 06 2025 19:00:58,  180545 sec) GetSurfaceObs()      P/O2,T2,TPhase,RPhase,RawTemp/FSig,BbSig,TSig: -0.1dbars / 250.6uM 25.715C 29.746 8.568 -44.733 / 53,137,535
(Oct 06 2025 19:00:58,  180545 sec) GetSurfaceObs()      P/Ocr: -0.1dbars / 0x922b385b 0x9d41ee89 0x9a7d3264 0x9f1968b6
(Oct 06 2025 19:01:31,  180578 sec) GetSurfaceObs()      P/O2,T2,TPhase,RPhase,RawTemp/FSig,BbSig,TSig: -0.0dbars / 249.8uM 25.658C 29.800 8.565 -42.914 / 54,139,535
(Oct 06 2025 19:01:31,  180578 sec) GetSurfaceObs()      P/Ocr: -0.0dbars / 0x8f056adb 0x969846c0 0x956760ed 0x97043009
(Oct 06 2025 19:02:05,  180612 sec) GetSurfaceObs()      P/O2,T2,TPhase,RPhase,RawTemp/FSig,BbSig,TSig: 0.0dbars / 252.9uM 25.404C 29.765 8.567 -34.767 / 54,140,535
(Oct 06 2025 19:02:05,  180612 sec) GetSurfaceObs()      P/Ocr: 0.0dbars / 0x8b0c30ed 0x8e307b76 0x8d23e024 0x8d652692
(Oct 06 2025 19:02:38,  180645 sec) GetSurfaceObs()      P/O2,T2,TPhase,RPhase,RawTemp/FSig,BbSig,TSig: 0.0dbars / 253.8uM 25.463C 29.703 8.566 -36.664 / 53,152,535
(Oct 06 2025 19:02:38,  180645 sec) GetSurfaceObs()      P/Ocr: 0.0dbars / 0x8a260812 0x8d571e64 0x8dcc9d52 0x8d099392
(Oct 06 2025 19:03:11,  180678 sec) GetSurfaceObs()      P/O2,T2,TPhase,RPhase,RawTemp/FSig,BbSig,TSig: -0.1dbars / 247.3uM 25.922C 29.810 8.561 -51.355 / 56,139,534
(Oct 06 2025 19:03:11,  180678 sec) GetSurfaceObs()      P/Ocr: -0.1dbars / 0x8ef32236 0x9673d140 0x94697bc9 0x96ae1c49
(Oct 06 2025 19:03:44,  180711 sec) GetSurfaceObs()      P/O2,T2,TPhase,RPhase,RawTemp/FSig,BbSig,TSig: 0.1dbars / 248.6uM 25.979C 29.732 8.563 -53.171 / 44,146,535
(Oct 06 2025 19:03:44,  180711 sec) GetSurfaceObs()      P/Ocr: 0.1dbars / 0x8bddf61b 0x925e092d 0x8fa0d140 0x90b39309
(Oct 06 2025 19:03:52,  180719 sec) AirSystem()          Air-bladder inflation by-passed. Pneumatic Pressure: [157cnt, 18.5psi].
(Oct 06 2025 19:04:26,  180753 sec) GetSurfaceObs()      P/O2,T2,TPhase,RPhase,RawTemp/FSig,BbSig,TSig: 0.2dbars / 249.1uM 26.051C 29.683 8.562 -55.463 / 48,144,535
(Oct 06 2025 19:04:26,  180753 sec) GetSurfaceObs()      P/Ocr: 0.2dbars / 0x8ff0c612 0x9a379bb6 0x994df3e4 0x9bcb17c0
(Oct 06 2025 19:04:29,  180756 sec) GpsServices()        GPS almanac is current.
(Oct 06 2025 19:04:29,  180756 sec) GpsServices()        Initiating GPS fix acquisition.
(Oct 06 2025 19:04:32,  180759 sec) gga()                $GPGGA,190500,2738.7253,N,15756.3691,W,0,00,,,M,,M,,*42
(Oct 06 2025 19:04:41,  180768 sec) gga()                $GPGGA,190510,2738.7253,N,15756.3691,W,0,00,,,M,,M,,*43
(Oct 06 2025 19:04:42,  180769 sec) gga()                $GPGGA,190510,2738.7253,N,15756.3691,W,0,00,,,M,,M,,*43
(Oct 06 2025 19:04:50,  180777 sec) gga()                $GPGGA,190520,2738.7253,N,15756.3691,W,0,00,,,M,,M,,*40
(Oct 06 2025 19:05:00,  180787 sec) gga()                $GPGGA,190530,2738.7253,N,15756.3691,W,0,00,,,M,,M,,*41
(Oct 06 2025 19:05:00,  180787 sec) gga()                $GPGGA,190530,2738.7253,N,15756.3691,W,0,00,,,M,,M,,*41
(Oct 06 2025 19:05:10,  180797 sec) gga()                $GPGGA,190540,2738.7253,N,15756.3691,W,0,00,,,M,,M,,*46
(Oct 06 2025 19:05:20,  180807 sec) gga()                $GPGGA,190550,2738.7253,N,15756.3691,W,0,00,,,M,,M,,*47
(Oct 06 2025 19:05:31,  180818 sec) gga()                $GPGGA,190600,2740.0469,N,15758.0273,W,1,07,1.1,-9.6,M,-5.8,M,,*69
(Oct 06 2025 19:05:31,  180818 sec) GpsServices()        Profile 16 GPS fix obtained in 62 seconds.
(Oct 06 2025 19:05:31,  180818 sec) GpsServices()                   lon      lat mm/dd/yyyy hhmmss nsat
(Oct 06 2025 19:05:31,  180818 sec) GpsServices()        Fix: -157.9671  27.6674 10/06/2025 190600    7
(Oct 06 2025 19:05:40,  180827 sec) gga()                $GPGGA,190610,2740.0485,N,15758.0282,W,1,07,1.1,-9.8,M,-5.8,M,,*6A
(Oct 06 2025 19:05:50,  180837 sec) gga()                $GPGGA,190620,2740.0504,N,15758.0281,W,1,07,1.1,-13.3,M,-5.8,M,,*52
(Oct 06 2025 19:05:50,  180837 sec) GpsServices()        APF11 RTC skew (-30s) OK.
(Oct 06 2025 19:05:50,  180837 sec) GpsServices()        GPS services complete.
(Oct 06 2025 19:06:17,  180864 sec) IrGeoLoc()           <x,y,z>=<-5236km,-2120km,2940km> lat=27.652 lon=-157.958 IrSysTime=0xee4585e9
(Oct 06 2025 19:06:21,  180868 sec) CLogin()             Connecting to primary host.
(Oct 06 2025 19:06:36,  180883 sec) CLogin()             Connection 1 established in 15 seconds.
(Oct 06 2025 19:06:55,  180902 sec) login()              Login successful.
(Oct 06 2025 19:07:03,  180910 sec) CLogin()             Logged in to host.  [Login required 27 seconds]
(Oct 06 2025 19:07:07,  180914 sec) RxConfig()           Downloading "mission.cfg" from host.
(Oct 06 2025 19:08:34,  181001 sec) readline()           Time-out expired, aborting ZMODEM transfer.
(Oct 06 2025 19:08:34,  181001 sec) RxConfig()           Download failed.
(Oct 06 2025 19:10:25,  181112 sec) chat()               Expected string [sz mission.cfg] not received.
(Oct 06 2025 19:10:25,  181112 sec) RxConfig()           Failed attempt to execute "sz mission.cfg" on the host.
(Oct 06 2025 19:10:25,  181112 sec) DownLoadMissionCfg() Keeping previous version of "mission.cfg".
(Oct 06 2025 19:10:29,  181116 sec) CLogin()             Connecting to primary host.
(Oct 06 2025 19:10:34,  181121 sec) chat()               Expected string [OK] not received.
(Oct 06 2025 19:11:04,  181151 sec) CLogin()             Connection 2 established in 35 seconds.
(Oct 06 2025 19:11:34,  181181 sec) expect()             Attempt to read prompt string [login:] failed.
(Oct 06 2025 19:11:34,  181181 sec) login()              Login prompt not received.
(Oct 06 2025 19:11:57,  181204 sec) login()              Login successful.
(Oct 06 2025 19:12:11,  181218 sec) CLogin()             Logged in to host.  [Login required 67 seconds]
(Oct 06 2025 19:12:14,  181221 sec) RxConfig()           Downloading "mission.cfg" from host.
(Oct 06 2025 19:12:29,  181236 sec) RxConfig()           Download successful: [bytes:145, sec:12.9, bps:11]
(Oct 06 2025 19:12:33,  181240 sec) WriteVitals_()       Writing vitals to "23808.016.msg".
(Oct 06 2025 19:12:43,  181250 sec) UpLoadFile()         Uploading "23808.016.log" to host.
(Oct 06 2025 19:16:48,  181495 sec) UpLoadFile()         Upload successful: [bytes:48458, sec:245.0, bps:198]
(Oct 06 2025 19:16:49,  181496 sec) fmove()              Moved: 23808.016.log -> archive/23808.016.log
(Oct 06 2025 19:16:55,  181502 sec) UpLoadFile()         Uploading "23808.016.msg" to host.
(Oct 06 2025 19:19:17,  181644 sec) UpLoadFile()         Upload successful: [bytes:25320, sec:141.6, bps:179]
(Oct 06 2025 19:19:18,  181645 sec) fmove()              Moved: 23808.016.msg -> archive/23808.016.msg
(Oct 06 2025 19:19:22,  181649 sec) UpLoadFile()         Uploading "23808.016.isus" to host.
(Oct 06 2025 19:21:52,  181799 sec) UpLoadFile()         Upload successful: [bytes:24763, sec:150.4, bps:165]
(Oct 06 2025 19:21:53,  181800 sec) fmove()              Moved: 23808.016.isus -> archive/23808.016.isus
(Oct 06 2025 19:21:59,  181806 sec) UpLoadFile()         Uploading "23808.016.dura" to host.
(Oct 06 2025 19:23:54,  181921 sec) UpLoadFile()         Upload successful: [bytes:12181, sec:114.8, bps:106]
(Oct 06 2025 19:23:55,  181922 sec) fmove()              Moved: 23808.016.dura -> archive/23808.016.dura
(Oct 06 2025 19:23:56,  181923 sec) UpLoad()             Files successfully uploaded: 4
(Oct 06 2025 19:23:56,  181923 sec) UpLoad()             Upload complete.
(Oct 06 2025 19:24:04,  181931 sec) chat()               Expected string [logout] not received.
(Oct 06 2025 19:24:04,  181931 sec) logout()             Attempt to log-out failed.
(Oct 06 2025 19:24:04,  181931 sec) logout()             No carrier detected.
(Oct 06 2025 19:24:04,  181931 sec) Telemetry()          Telemetry cycle complete: PrfId=16 ConnectionAttempts=2  Connections=2
(Oct 06 2025 19:24:04,  181931 sec) TelemetryTerminate() Parsing new mission configuration.
(Oct 06 2025 19:24:05,  181932 sec) configure()          Parsing configurators in "mission.cfg".
(Oct 06 2025 19:24:05,  181932 sec) configure()             TelemetryRetry(15)      [0x7BBC] [TelemetryRetry(15)].
(Oct 06 2025 19:24:05,  181932 sec) configure()             DownTime(2640) [CRC=0x8919] [DownTime(2640)].
(Oct 06 2025 19:24:05,  181932 sec) configure()             DeepProfilePressure(2025) [CRC=0x5FF2] [ProfilePressure(2025)].
(Oct 06 2025 19:24:05,  181932 sec) configure()             DeepProfilePistonPos(9) [CRC=0xFF37] [DeepProfilePistonPos(9)].
(Oct 06 2025 19:24:05,  181932 sec) configure()             DeepProfileDescentTime(240) [CRC=0x0059] [DeepProfileDescentTime(240)].
(Oct 06 2025 19:24:05,  181932 sec) configure()             ParkPressure(1000) [CRC=0x899C] [ParkPressure(1000)].
(Oct 06 2025 19:24:06,  181933 sec) configure()          Configuration CRCs and syntax OK.
(Oct 06 2025 19:24:06,  181933 sec) ConfigSupervisor()   Configuration accepted.
(Oct 06 2025 19:24:06,  181933 sec) TelemetryTerminate() Reconditioning the file system.
(Oct 06 2025 19:24:08,       0 sec) DescentInit()        Deep profile 17 initiated at mission-time 181935sec.
(Oct 06 2025 19:24:09,       1 sec) DescentInit()        Surface pressure: -0.1dbars.
(Oct 06 2025 19:24:09,       1 sec) DescentInit()        Charge consumption model: OCV:15.0V Wake-Cycles:23355 Standby:14.4days Wake:17.0kC Sleep:1.8kC
(Oct 06 2025 19:24:21,      13 sec) DescentInit()        Pneumatic humidity: 2885(60.1%) -> 2889(60.2%)
(Oct 06 2025 19:24:21,      13 sec) PistonMoveAbsWTO()    203->057 202 201 200 199 198 197 196 195 194 193 192 191 190 189 188 187 186 185 184 183 182 181 180 179 178 177 176 175 174 173 172 171 170 169 168 167 166 165 164 163 162 161 160 159 158 157 156 155 154 153 152 151 150 149 148 147 146 145 144 143 142 141 140 139 138 137 136 135 134 133 132 131 130 129 128 127 126 125 124 123 122 121 120 119 118 117 116 115 114 113 112 111 110 109 108 107 106 105 104 103 102 101 100 099 098 097 096 095 094 093 092 091 090 089 088 087 086 085 084 083 082 081 080 079 078 077 076 075 074 073 072 071 070 069 068 067 066 065 064 063 062 061 060 059 058 057 [713sec, 15.0Volts, 0.127Amps, CPT:713sec]
(Oct 06 2025 19:36:18,     730 sec) DescentInit()        Air solenoid open: Barometer [208cnt,  12.2psi]  Pneumometer [107cnt,  12.5psi]
(Oct 06 2025 19:36:28,     740 sec) Descent()            Pressure: 83.0
(Oct 06 2025 20:24:08,    3600 sec) Descent()            Pressure: 492.1
(Oct 06 2025 21:24:08,    7200 sec) Descent()            Pressure: 818.3
(Oct 06 2025 22:24:08,   10800 sec) Descent()            Pressure: 931.2
(Oct 06 2025 23:24:08,   14400 sec) Descent()            Pressure: 937.1
(Oct 06 2025 23:24:09,   14401 sec) ParkInit()           Charge consumption model: OCV:15.5V Wake-Cycles:23360 Standby:14.5days Wake:17.4kC Sensors:1.8kC
(Oct 07 2025 01:24:16,   21608 sec) Park()               ParkPOutOfBand[-3, 937.8 dbars]: retract piston.
(Oct 07 2025 01:24:16,   21608 sec) PistonMoveAbsWTO()    057->056 056 [6sec, 15.1Volts, 0.089Amps, CPT:719sec]
(Oct 07 2025 04:24:16,   32408 sec) Park()               ParkPOutOfBand[-3, 958.5 dbars]: retract piston.
(Oct 07 2025 04:24:16,   32408 sec) PistonMoveAbsWTO()    056->055 055 [5sec, 15.1Volts, 0.092Amps, CPT:724sec]
(Oct 07 2025 07:24:16,   43208 sec) Park()               ParkPOutOfBand[-3, 968.7 dbars]: retract piston.
(Oct 07 2025 07:24:16,   43208 sec) PistonMoveAbsWTO()    055->054 054 [6sec, 15.1Volts, 0.084Amps, CPT:730sec]
(Oct 07 2025 10:24:16,   54008 sec) Park()               ParkPOutOfBand[-3, 982.6 dbars]: retract piston.
(Oct 07 2025 10:24:16,   54008 sec) PistonMoveAbsWTO()    054->053 053 [6sec, 15.1Volts, 0.087Amps, CPT:736sec]
(Oct 08 2025 11:24:40,  144032 sec) CtdPower()           [  997.11,  3.8815, 34.3907]
(Oct 08 2025 11:24:40,  144032 sec) CtdPower()           CTD Power consumption [218VCnt 3ACnt]: 15.354Volts * 0.012Amps = 0.19Watts.
(Oct 08 2025 11:24:46,  144038 sec) ParkTerminate()      Piston Position:53 Vacuum:190 HumidityAd12:4094(inf%) Vq:220 Aq:2 Vsbe:218 Asbe:3 Vflbb:215 Aflbb:11 Vopt:215 Aopt:13 Vocr:216 Aocr:7 MuxTemp:3.914C MuxHumidity:6.6%
(Oct 08 2025 11:25:16,  144068 sec) ParkTerminate()      PTS/O2,T2,TPhase,RawTemp: 997.0dbars 3.8796C 34.3921PSU / 35.3uM 3.873C 57.224 8.080 661.366
(Oct 08 2025 11:25:16,  144068 sec) ParkTerminate()      FLBB FSig, BbSig, TSig: 55, 114, 572 / Ocr: nan nan nan nan
(Oct 08 2025 11:25:17,  144069 sec) GoDeepInit()         Charge consumption model: OCV:15.4V Wake-Cycles:23396 Standby:16.0days Wake:17.4kC Sensors:1.8kC
(Oct 08 2025 11:25:17,  144069 sec) GoDeepInit()         Moving piston.
(Oct 08 2025 11:25:17,  144069 sec) PistonMoveAbsWTO()    053->009 052 051 050 049 048 047 046 045 044 043 042 041 040 039 038 037 036 035 034 033 032 031 030 029 028 027 026 025 024 023 022 021 020 019 018 017 016 015 014 013 012 011 010 009 [216sec, 15.0Volts, 0.049Amps, CPT:952sec]
(Oct 08 2025 15:24:08,  158400 sec) ProfileInit()        Charge consumption model: OCV:15.4V Wake-Cycles:23444 Standby:16.2days Wake:17.5kC Sensors:1.8kC
(Oct 08 2025 15:24:08,  158400 sec) ProfileInit()        PrfId:017  Pressure:1632.6dbar  pTable[4]:1600dbar
(Oct 08 2025 15:24:10,  158402 sec) ProfileInit()        Muxer PPIs K{1,2} quiescent: 15.36V, 0.0mA, 0.0mW
(Oct 08 2025 15:24:14,  158406 sec) ProfileInit()        ISUS powered up.
(Oct 08 2025 15:24:17,  158409 sec) ProfileInit()        Muxer PPIs K{1,2} w/ ISUS awake: 15.04V, 55.8mA, 839.2mW
(Oct 08 2025 15:24:24,  158416 sec) MscErrorLog_()       No error records to log.
(Oct 08 2025 15:24:31,  158423 sec) ProfileInit()        DURA powered up.
(Oct 08 2025 15:24:35,  158427 sec) ProfileInit()        Muxer PPIs K{1,2} w/ DURA awake: 15.06V, 48.3mA, 727.2mW
(Oct 08 2025 15:24:40,  158432 sec) MscErrorLog_()       No error records to log.
(Oct 08 2025 15:24:46,  158438 sec) PistonMoveAbsWTO()    009->031 010 011 012 013 014 015 [30sec, 14.5Volts, 0.547Amps, CPT:982sec]
(Oct 08 2025 15:25:27,  158479 sec) PistonMoveAbsWTO()    015->031 016 017 018 019 020 [30sec, 14.3Volts, 0.553Amps, CPT:1012sec]
(Oct 08 2025 15:26:08,  158520 sec) PistonMoveAbsWTO()    020->031 021 022 023 024 025 [30sec, 14.2Volts, 0.534Amps, CPT:1042sec]
(Oct 08 2025 15:26:49,  158561 sec) PistonMoveAbsWTO()    025->031 026 027 028 029 030 [30sec, 14.1Volts, 0.536Amps, CPT:1072sec]
(Oct 08 2025 15:27:30,  158602 sec) PistonMoveAbsWTO()    030->031 031 [1sec, 14.2Volts, 0.554Amps, CPT:1073sec]
(Oct 08 2025 15:31:58,  158870 sec) Profile()            Sample 0 initiated at 1601.1dbars for bin 4 [1600dbars].  PTS/O2,T2,TPhase,RPhase,RawTemp/NO3/pH/FSig,BbSig,TSig/Ocr: 1598.9dbars 2.6468C 34.5649PSU / 78.2uM 2.640C 52.781 8.076 698.794 / 41.2uM / -0.884556V /   55  116  574 / nan nan nan nan
(Oct 08 2025 15:49:17,  159909 sec) Profile()            Sample 1 initiated at 1501.8dbars for bin 5 [1500dbars].  PTS/O2,T2,TPhase,RPhase,RawTemp/NO3/pH/FSig,BbSig,TSig/Ocr: 1500.0dbars 2.7812C 34.5526PSU / 73.4uM 2.775C 53.209 8.094 694.737 / 41.6uM / -0.884486V /   54  113  574 / nan nan nan nan
(Oct 08 2025 15:59:37,  160529 sec) AscentControlAgent() Bouyancy nudge to 41 (v=0.071dbar/sec).
(Oct 08 2025 15:59:37,  160529 sec) PistonMoveAbsWTO()    031->041 032 033 034 035 036 [30sec, 14.6Volts, 0.498Amps, CPT:1103sec]
(Oct 08 2025 16:00:18,  160570 sec) PistonMoveAbsWTO()    036->041 037 038 039 040 041 [25sec, 14.4Volts, 0.500Amps, CPT:1128sec]
(Oct 08 2025 16:09:13,  161105 sec) Profile()            Sample 2 initiated at 1401.3dbars for bin 6 [1400dbars].  PTS/O2,T2,TPhase,RPhase,RawTemp/NO3/pH/FSig,BbSig,TSig/Ocr: 1399.5dbars 2.9333C 34.5378PSU / 68.5uM 2.927C 53.665 8.099 690.137 / 42.0uM / -0.884418V /   55  113  573 / nan nan nan nan
(Oct 08 2025 16:25:15,  162067 sec) AscentControlAgent() Bouyancy nudge to 51 (v=0.076dbar/sec).
(Oct 08 2025 16:25:15,  162067 sec) PistonMoveAbsWTO()    041->051 042 043 044 045 046 [30sec, 14.6Volts, 0.478Amps, CPT:1158sec]
(Oct 08 2025 16:25:56,  162108 sec) PistonMoveAbsWTO()    046->051 047 048 049 050 051 [25sec, 14.4Volts, 0.468Amps, CPT:1183sec]
(Oct 08 2025 16:28:58,  162290 sec) Profile()            Sample 3 initiated at 1300.9dbars for bin 7 [1300dbars].  PTS/O2,T2,TPhase,RPhase,RawTemp/NO3/pH/FSig,BbSig,TSig/Ocr: 1298.8dbars 3.1374C 34.5175PSU / 61.9uM 3.131C 54.299 8.103 683.966 / 42.2uM / -0.884476V /   54  114  573 / nan nan nan nan
(Oct 08 2025 16:46:18,  163330 sec) Profile()            Sample 4 initiated at 1201.8dbars for bin 8 [1200dbars].  PTS/O2,T2,TPhase,RPhase,RawTemp/NO3/pH/FSig,BbSig,TSig/Ocr: 1200.0dbars 3.3596C 34.4974PSU / 58.1uM 3.351C 54.647 8.106 677.279 / 42.4uM / -0.884133V /   55  114  573 / nan nan nan nan
(Oct 08 2025 16:51:29,  163641 sec) AscentControlAgent() Bouyancy nudge to 61 (v=0.079dbar/sec).
(Oct 08 2025 16:51:29,  163641 sec) PistonMoveAbsWTO()    051->061 052 053 054 055 056 [30sec, 14.6Volts, 0.437Amps, CPT:1213sec]
(Oct 08 2025 16:52:10,  163682 sec) PistonMoveAbsWTO()    056->061 057 058 059 060 061 [24sec, 14.4Volts, 0.444Amps, CPT:1237sec]
(Oct 08 2025 17:04:33,  164425 sec) Profile()            Sample 5 initiated at 1101.6dbars for bin 9 [1100dbars].  PTS/O2,T2,TPhase,RPhase,RawTemp/NO3/pH/FSig,BbSig,TSig/Ocr: 1099.6dbars 3.6167C 34.4554PSU / 47.4uM 3.609C 55.800 8.111 669.423 / 42.8uM / -0.884129V /   54  117  572 / nan nan nan nan
(Oct 08 2025 17:17:05,  165177 sec) AscentControlAgent() Bouyancy nudge to 71 (v=0.069dbar/sec).
(Oct 08 2025 17:17:05,  165177 sec) PistonMoveAbsWTO()    061->071 062 063 064 065 066 [30sec, 14.7Volts, 0.408Amps, CPT:1267sec]
(Oct 08 2025 17:17:46,  165218 sec) PistonMoveAbsWTO()    066->071 067 068 069 070 071 [24sec, 14.5Volts, 0.408Amps, CPT:1291sec]
(Oct 08 2025 17:25:00,  165652 sec) Profile()            Sample 6 initiated at 1001.1dbars for bin 10 [1000dbars].  PTS/O2,T2,TPhase,RPhase,RawTemp/NO3/pH/FSig,BbSig,TSig/Ocr: 999.3dbars 3.8623C 34.4010PSU / 37.0uM 3.852C 57.015 8.118 662.002 / 43.4uM / -0.884285V /   55  114  572 / nan nan nan nan
(Oct 08 2025 17:28:32,  165864 sec) Sbe41cpStartCP()     Continuous profile started.
(Oct 08 2025 17:33:56,  166188 sec) Profile()            Sample 7 initiated at 951.7dbars for bin 11 [950dbars].  PTS/O2,T2,TPhase,RPhase,RawTemp/NO3/pH/FSig,BbSig,TSig/Ocr: 951.6dbars 3.9628C 34.3671PSU / 32.5uM 3.954C 57.581 8.123 658.895 / 43.3uM / -0.884514V /   54  116  572 / nan nan nan nan
(Oct 08 2025 17:44:15,  166807 sec) AscentControlAgent() Bouyancy nudge to 81 (v=0.070dbar/sec).
(Oct 08 2025 17:44:16,  166808 sec) PistonMoveAbsWTO()    071->081 072 073 074 075 076 [30sec, 14.5Volts, 0.369Amps, CPT:1321sec]
(Oct 08 2025 17:45:33,  166885 sec) Profile()            Sample 8 initiated at 899.0dbars for bin 12 [900dbars].  PTS/O2,T2,TPhase,RPhase,RawTemp/NO3/pH/FSig,BbSig,TSig/Ocr: 899.0dbars 4.1168C 34.3229PSU / 29.4uM 4.109C 57.955 8.125 654.154 / 43.4uM / -0.884551V /   55  116  571 / nan nan nan nan
(Oct 08 2025 17:45:34,  166886 sec) PistonMoveAbsWTO()    076->081 077 078 079 080 081 [24sec, 14.4Volts, 0.374Amps, CPT:1345sec]
(Oct 08 2025 17:53:55,  167387 sec) Profile()            Sample 9 initiated at 851.2dbars for bin 13 [850dbars].  PTS/O2,T2,TPhase,RPhase,RawTemp/NO3/pH/FSig,BbSig,TSig/Ocr: 851.1dbars 4.3119C 34.2697PSU / 29.4uM 4.303C 57.907 8.130 648.224 / 43.0uM / -0.884175V /   54  113  571 / nan nan nan nan
(Oct 08 2025 18:03:10,  167942 sec) Profile()            Sample 10 initiated at 801.5dbars for bin 14 [800dbars].  PTS/O2,T2,TPhase,RPhase,RawTemp/NO3/pH/FSig,BbSig,TSig/Ocr: 801.4dbars 4.4746C 34.2279PSU / 32.9uM 4.467C 57.393 8.132 643.173 / 42.7uM / -0.883547V /   54  116  571 / nan nan nan nan
(Oct 08 2025 18:09:35,  168327 sec) AscentControlAgent() Bouyancy nudge to 91 (v=0.072dbar/sec).
(Oct 08 2025 18:09:35,  168327 sec) PistonMoveAbsWTO()    081->091 082 083 084 085 086 [30sec, 14.6Volts, 0.347Amps, CPT:1375sec]
(Oct 08 2025 18:10:16,  168368 sec) PistonMoveAbsWTO()    086->091 087 088 089 090 091 [24sec, 14.4Volts, 0.342Amps, CPT:1399sec]
(Oct 08 2025 18:13:29,  168561 sec) Profile()            Sample 11 initiated at 751.9dbars for bin 15 [750dbars].  PTS/O2,T2,TPhase,RPhase,RawTemp/NO3/pH/FSig,BbSig,TSig/Ocr: 751.8dbars 4.7051C 34.1822PSU / 39.8uM 4.697C 56.430 8.138 636.110 / 41.9uM / -0.882506V /   54  114  570 / nan nan nan nan
(Oct 08 2025 18:23:04,  169136 sec) Profile()            Sample 12 initiated at 701.6dbars for bin 16 [700dbars].  PTS/O2,T2,TPhase,RPhase,RawTemp/NO3/pH/FSig,BbSig,TSig/Ocr: 701.5dbars 5.0349C 34.1245PSU / 51.7uM 5.026C 54.844 8.144 625.955 / 40.4uM / -0.880981V /   55  116  570 / nan nan nan nan
(Oct 08 2025 18:24:43,  169235 sec) AscentControlAgent() Bouyancy nudge to 101 (v=0.074dbar/sec).
(Oct 08 2025 18:24:43,  169235 sec) PistonMoveAbsWTO()    091->101 092 093 094 095 096 [30sec, 14.6Volts, 0.328Amps, CPT:1429sec]
(Oct 08 2025 18:25:24,  169276 sec) PistonMoveAbsWTO()    096->101 097 098 099 100 101 [22sec, 14.5Volts, 0.323Amps, CPT:1451sec]
(Oct 08 2025 18:32:37,  169709 sec) Profile()            Sample 13 initiated at 651.7dbars for bin 17 [650dbars].  PTS/O2,T2,TPhase,RPhase,RawTemp/NO3/pH/FSig,BbSig,TSig/Ocr: 651.6dbars 5.4892C 34.0747PSU / 74.6uM 5.480C 52.065 8.153 611.880 / 38.1uM / -0.878137V /   54  116  570 / nan nan nan nan
(Oct 08 2025 18:41:39,  170251 sec) Profile()            Sample 14 initiated at 601.2dbars for bin 18 [600dbars].  PTS/O2,T2,TPhase,RPhase,RawTemp/NO3/pH/FSig,BbSig,TSig/Ocr: 601.1dbars 6.0095C 34.0243PSU / 104.7uM 5.998C 48.828 8.166 595.758 / 35.2uM / -0.874573V /   54  117  569 / nan nan nan nan
(Oct 08 2025 18:50:05,  170757 sec) AscentControlAgent() Bouyancy nudge to 111 (v=0.064dbar/sec).
(Oct 08 2025 18:50:05,  170757 sec) PistonMoveAbsWTO()    101->111 102 103 104 105 106 [30sec, 14.6Volts, 0.297Amps, CPT:1481sec]
(Oct 08 2025 18:50:46,  170798 sec) PistonMoveAbsWTO()    106->111 107 108 109 110 111 [22sec, 14.5Volts, 0.290Amps, CPT:1503sec]
(Oct 08 2025 18:53:02,  170934 sec) Profile()            Sample 15 initiated at 551.6dbars for bin 19 [550dbars].  PTS/O2,T2,TPhase,RPhase,RawTemp/NO3/pH/FSig,BbSig,TSig/Ocr: 551.5dbars 6.7049C 34.0007PSU / 132.6uM 6.691C 46.075 8.183 574.084 / 31.8uM / -0.870847V /   53  118  568 / nan nan nan nan
(Oct 08 2025 19:02:48,  171520 sec) Profile()            Sample 16 initiated at 501.9dbars for bin 20 [500dbars].  PTS/O2,T2,TPhase,RPhase,RawTemp/NO3/pH/FSig,BbSig,TSig/Ocr: 501.8dbars 7.7528C 34.0076PSU / 178.9uM 7.748C 42.130 8.215 540.757 / 26.3uM / -0.864602V /   60  126  567 / nan nan nan nan
(Oct 08 2025 19:10:30,  171982 sec) AscentControlAgent() Bouyancy nudge to 121 (v=0.075dbar/sec).
(Oct 08 2025 19:10:30,  171982 sec) PistonMoveAbsWTO()    111->121 112 113 114 115 116 [30sec, 14.7Volts, 0.278Amps, CPT:1533sec]
(Oct 08 2025 19:11:11,  172023 sec) PistonMoveAbsWTO()    116->121 117 118 119 120 121 [22sec, 14.6Volts, 0.271Amps, CPT:1555sec]
(Oct 08 2025 19:13:18,  172150 sec) Profile()            Sample 17 initiated at 451.3dbars for bin 21 [450dbars].  PTS/O2,T2,TPhase,RPhase,RawTemp/NO3/pH/FSig,BbSig,TSig/Ocr: 451.2dbars 8.6667C 34.0354PSU / 210.7uM 8.662C 39.681 8.233 511.715 / 22.1uM / -0.859816V /   50  118  565 / 0x8006946d 0x80002da4 0x80087880 0x7fffe2e4
(Oct 08 2025 19:22:17,  172689 sec) Profile()            Sample 18 initiated at 401.5dbars for bin 22 [400dbars].  PTS/O2,T2,TPhase,RPhase,RawTemp/NO3/pH/FSig,BbSig,TSig/Ocr: 401.4dbars 9.8382C 34.0971PSU / 233.9uM 9.834C 37.787 8.262 474.175 / 17.9uM / -0.855480V /   50  121  564 / 0x80068624 0x8000269b 0x8008735b 0x7fffd812
(Oct 08 2025 19:25:36,  172888 sec) AscentControlAgent() Bouyancy nudge to 131 (v=0.079dbar/sec).
(Oct 08 2025 19:25:36,  172888 sec) PistonMoveAbsWTO()    121->131 122 123 124 125 126 [30sec, 14.7Volts, 0.255Amps, CPT:1585sec]
(Oct 08 2025 19:26:57,  172969 sec) Profile()            Sample 19 initiated at 379.4dbars for bin 23 [380dbars].  PTS/O2,T2,TPhase,RPhase,RawTemp/NO3/pH/FSig,BbSig,TSig/Ocr: 379.3dbars 10.4292C 34.1304PSU / 239.5uM 10.420C 37.194 8.272 455.323 / 16.3uM / -0.853864V /   52  119  563 / 0x80067709 0x80001892 0x80086212 0x7fffb81b
(Oct 08 2025 19:26:57,  172969 sec) PistonMoveAbsWTO()    126->131 127 128 129 130 131 [22sec, 14.6Volts, 0.261Amps, CPT:1607sec]
(Oct 08 2025 19:30:01,  173153 sec) Profile()            Sample 20 initiated at 361.8dbars for bin 24 [360dbars].  PTS/O2,T2,TPhase,RPhase,RawTemp/NO3/pH/FSig,BbSig,TSig/Ocr: 361.7dbars 11.1339C 34.1736PSU / 243.3uM 11.121C 36.639 8.286 432.641 / 14.6uM / -0.852183V /   51  117  562 / 0x800663ed 0x80000280 0x80086b76 0x7fffc22d
(Oct 08 2025 19:31:48,  173260 sec) Profile()            Sample 21 initiated at 351.6dbars for bin 25 [350dbars].  PTS/O2,T2,TPhase,RPhase,RawTemp/NO3/pH/FSig,BbSig,TSig/Ocr: 351.5dbars 11.3960C 34.1944PSU / 244.9uM 11.411C 36.410 8.298 423.249 / 13.8uM / -0.851526V /   50  118  562 / 0x80067cdb 0x800018e4 0x80087324 0x7fffbb2d
(Oct 08 2025 19:33:45,  173377 sec) Profile()            Sample 22 initiated at 341.0dbars for bin 26 [340dbars].  PTS/O2,T2,TPhase,RPhase,RawTemp/NO3/pH/FSig,BbSig,TSig/Ocr: 340.9dbars 11.7390C 34.2120PSU / 245.4uM 11.739C 36.222 8.310 412.594 / 13.3uM / -0.850893V /   50  121  561 / 0x8006776d 0x7fffea09 0x80087976 0x7fffc500
(Oct 08 2025 19:35:31,  173483 sec) Profile()            Sample 23 initiated at 331.6dbars for bin 27 [330dbars].  PTS/O2,T2,TPhase,RPhase,RawTemp/NO3/pH/FSig,BbSig,TSig/Ocr: 331.5dbars 12.0814C 34.2433PSU / 247.4uM 12.073C 35.952 8.321 401.737 / 12.4uM / -0.850086V /   49  117  561 / 0x80068f6d 0x7ffffa92 0x80086ea4 0x7fffb45b
(Oct 08 2025 19:37:29,  173601 sec) Profile()            Sample 24 initiated at 321.6dbars for bin 28 [320dbars].  PTS/O2,T2,TPhase,RPhase,RawTemp/NO3/pH/FSig,BbSig,TSig/Ocr: 321.5dbars 12.4303C 34.2755PSU / 250.1uM 12.420C 35.646 8.327 390.434 / 11.6uM / -0.849142V /   50  117  560 / 0x80066fc9 0x7ffff264 0x800867ed 0x7fffb680
(Oct 08 2025 19:39:37,  173729 sec) Profile()            Sample 25 initiated at 311.2dbars for bin 29 [310dbars].  PTS/O2,T2,TPhase,RPhase,RawTemp/NO3/pH/FSig,BbSig,TSig/Ocr: 311.2dbars 12.6225C 34.2933PSU / 252.3uM 12.626C 35.438 8.333 383.702 / 11.1uM / -0.848660V /   50  118  560 / 0x80067cad 0x7fffdd12 0x80085d89 0x7fffb292
(Oct 08 2025 19:41:34,  173846 sec) Profile()            Sample 26 initiated at 301.9dbars for bin 30 [300dbars].  PTS/O2,T2,TPhase,RPhase,RawTemp/NO3/pH/FSig,BbSig,TSig/Ocr: 301.8dbars 12.9646C 34.3135PSU / 253.3uM 12.988C 35.207 8.336 371.875 / 10.2uM / -0.847734V /   50  118  559 / 0x80066d2d 0x7fffe6c9 0x800875ad 0x7fffac9b
(Oct 08 2025 19:43:54,  173986 sec) Profile()            Sample 27 initiated at 291.2dbars for bin 31 [290dbars].  PTS/O2,T2,TPhase,RPhase,RawTemp/NO3/pH/FSig,BbSig,TSig/Ocr: 291.1dbars 13.2515C 34.3280PSU / 255.1uM 13.246C 34.997 8.343 363.438 / 9.8uM / -0.847187V /   50  120  558 / 0x80067000 0x7fffd240 0x80088b89 0x7fffa52d
(Oct 08 2025 19:46:02,  174114 sec) Profile()            Sample 28 initiated at 281.9dbars for bin 32 [280dbars].  PTS/O2,T2,TPhase,RPhase,RawTemp/NO3/pH/FSig,BbSig,TSig/Ocr: 281.9dbars 13.4716C 34.3433PSU / 255.1uM 13.471C 34.885 8.346 356.062 / 9.3uM / -0.846791V /   50  118  558 / 0x80066976 0x7fffe7a4 0x80089680 0x7fffb100
(Oct 08 2025 19:46:36,  174148 sec) AscentControlAgent() Bouyancy nudge to 141 (v=0.074dbar/sec).
(Oct 08 2025 19:46:36,  174148 sec) PistonMoveAbsWTO()    131->141 132 133 134 135 136 [30sec, 14.7Volts, 0.232Amps, CPT:1637sec]
(Oct 08 2025 19:47:17,  174189 sec) PistonMoveAbsWTO()    136->141 137 138 139 140 141 [22sec, 14.6Volts, 0.225Amps, CPT:1659sec]
(Oct 08 2025 19:48:31,  174263 sec) Profile()            Sample 29 initiated at 270.1dbars for bin 33 [270dbars].  PTS/O2,T2,TPhase,RPhase,RawTemp/NO3/pH/FSig,BbSig,TSig/Ocr: 270.0dbars 13.6118C 34.3525PSU / 255.3uM 13.614C 34.804 8.351 351.388 / 9.0uM / -0.846377V /   50  117  557 / 0x80066d00 0x7fffe2ad 0x800890b6 0x7fffaa09
(Oct 08 2025 19:49:55,  174347 sec) Profile()            Sample 30 initiated at 261.6dbars for bin 34 [260dbars].  PTS/O2,T2,TPhase,RPhase,RawTemp/NO3/pH/FSig,BbSig,TSig/Ocr: 261.5dbars 13.8775C 34.3743PSU / 254.8uM 13.879C 34.699 8.353 342.695 / 8.6uM / -0.845919V /   50  118  557 / 0x80065764 0x7ffff2a4 0x8008a392 0x7fffaa76
(Oct 08 2025 19:51:30,  174442 sec) Profile()            Sample 31 initiated at 251.8dbars for bin 35 [250dbars].  PTS/O2,T2,TPhase,RPhase,RawTemp/NO3/pH/FSig,BbSig,TSig/Ocr: 251.8dbars 14.0554C 34.3857PSU / 254.5uM 14.056C 34.626 8.358 336.896 / 8.3uM / -0.845625V /   51  118  557 / 0x800662f6 0x7ffff936 0x8008d3ad 0x7fff93b6
(Oct 08 2025 19:53:17,  174549 sec) Profile()            Sample 32 initiated at 241.1dbars for bin 36 [240dbars].  PTS/O2,T2,TPhase,RPhase,RawTemp/NO3/pH/FSig,BbSig,TSig/Ocr: 241.0dbars 14.3121C 34.4025PSU / 253.9uM 14.316C 34.529 8.362 328.344 / 7.8uM / -0.845144V /   51  123  557 / 0x80065e40 0x80000a92 0x800914b6 0x7fff9649
(Oct 08 2025 19:54:52,  174644 sec) Profile()            Sample 33 initiated at 231.6dbars for bin 37 [230dbars].  PTS/O2,T2,TPhase,RPhase,RawTemp/NO3/pH/FSig,BbSig,TSig/Ocr: 231.5dbars 14.7090C 34.4309PSU / 254.1uM 14.711C 34.331 8.365 315.370 / 6.9uM / -0.844230V /   52  120  556 / 0x80066fed 0x8000516d 0x8009ab76 0x7fff8012
(Oct 08 2025 19:56:38,  174750 sec) Profile()            Sample 34 initiated at 221.3dbars for bin 38 [220dbars].  PTS/O2,T2,TPhase,RPhase,RawTemp/NO3/pH/FSig,BbSig,TSig/Ocr: 221.2dbars 15.0194C 34.4514PSU / 256.5uM 15.017C 34.073 8.371 305.304 / 6.3uM / -0.843680V /   54  123  556 / 0x80065a80 0x80007f09 0x800a356d 0x7fffa0c9
(Oct 08 2025 19:58:25,  174857 sec) Profile()            Sample 35 initiated at 211.1dbars for bin 39 [210dbars].  PTS/O2,T2,TPhase,RPhase,RawTemp/NO3/pH/FSig,BbSig,TSig/Ocr: 211.0dbars 15.4879C 34.4823PSU / 258.6uM 15.471C 33.759 8.376 290.368 / 5.3uM / -0.842718V /   56  123  555 / 0x80066712 0x8000b176 0x800a7864 0x7fff9b2d
(Oct 08 2025 20:00:11,  174963 sec) Profile()            Sample 36 initiated at 201.8dbars for bin 40 [200dbars].  PTS/O2,T2,TPhase,RPhase,RawTemp/NO3/pH/FSig,BbSig,TSig/Ocr: 201.7dbars 15.7895C 34.5171PSU / 258.0uM 15.790C 33.636 8.383 279.884 / 5.1uM / -0.842306V /   57  133  555 / 0x800647d2 0x800101c0 0x800b4ef6 0x7fff8724
(Oct 08 2025 20:02:19,  175091 sec) Profile()            Sample 37 initiated at 191.2dbars for bin 41 [190dbars].  PTS/O2,T2,TPhase,RPhase,RawTemp/NO3/pH/FSig,BbSig,TSig/Ocr: 191.1dbars 16.2547C 34.5727PSU / 255.0uM 16.278C 33.545 8.391 263.776 / 4.8uM / -0.841800V /   57  125  554 / 0x80064cdb 0x800249a4 0x800da21b 0x7fff8d40
(Oct 08 2025 20:04:28,  175220 sec) Profile()            Sample 38 initiated at 181.2dbars for bin 42 [180dbars].  PTS/O2,T2,TPhase,RPhase,RawTemp/NO3/pH/FSig,BbSig,TSig/Ocr: 181.1dbars 16.7749C 34.6292PSU / 251.6uM 16.756C 33.486 8.400 248.040 / 4.5uM / -0.841458V /   60  124  553 / 0x800653db 0x800493d2 0x8012349b 0x7fff8449
(Oct 08 2025 20:06:36,  175348 sec) Profile()            Sample 39 initiated at 171.9dbars for bin 43 [170dbars].  PTS/O2,T2,TPhase,RPhase,RawTemp/NO3/pH/FSig,BbSig,TSig/Ocr: 171.8dbars 17.2508C 34.6975PSU / 242.7uM 17.237C 33.688 8.409 232.180 / 4.0uM / -0.840995V /   60  124  553 / 0x80065c89 0x8006fd00 0x80167aad 0x7fff9876
(Oct 08 2025 20:09:07,  175499 sec) Profile()            Sample 40 initiated at 161.9dbars for bin 44 [160dbars].  PTS/O2,T2,TPhase,RPhase,RawTemp/NO3/pH/FSig,BbSig,TSig/Ocr: 161.9dbars 17.5044C 34.7244PSU / 245.1uM 17.500C 33.450 8.427 223.477 / 4.6uM / -0.840553V /   61  124  552 / 0x800681a4 0x800a6900 0x801c6b24 0x7fff8e9b
(Oct 08 2025 20:12:32,  175704 sec) Profile()            Sample 41 initiated at 151.6dbars for bin 45 [150dbars].  PTS/O2,T2,TPhase,RPhase,RawTemp/NO3/pH/FSig,BbSig,TSig/Ocr: 151.6dbars 18.1080C 34.8145PSU / 237.2uM 18.109C 33.562 8.428 203.417 / 4.1uM / -0.840302V /   62  129  551 / 0x8006a400 0x800b56db 0x801c8ed2 0x7fff80b6
(Oct 08 2025 20:15:58,  175910 sec) Profile()            Sample 42 initiated at 141.9dbars for bin 46 [140dbars].  PTS/O2,T2,TPhase,RPhase,RawTemp/NO3/pH/FSig,BbSig,TSig/Ocr: 141.8dbars 18.4858C 34.8633PSU / 237.1uM 18.488C 33.393 8.430 190.910 / 3.7uM / -0.839665V /   68  136  550 / 0x8006f5f6 0x80112512 0x80249ee4 0x7fff9a76
(Oct 08 2025 20:20:19,  176171 sec) Profile()            Sample 43 initiated at 131.7dbars for bin 47 [130dbars].  PTS/O2,T2,TPhase,RPhase,RawTemp/NO3/pH/FSig,BbSig,TSig/Ocr: 131.6dbars 19.1881C 34.9475PSU / 240.4uM 19.186C 32.916 8.443 167.917 / 2.8uM / -0.838251V /   84  141  549 / 0x8007ae64 0x8018316d 0x802cc349 0x7fffbe89
(Oct 08 2025 20:22:43,  176315 sec) AscentControlAgent() Bouyancy nudge to 151 (v=0.036dbar/sec).
(Oct 08 2025 20:22:43,  176315 sec) PistonMoveAbsWTO()    141->151 142 143 144 145 146 147 [30sec, 14.9Volts, 0.187Amps, CPT:1689sec]
(Oct 08 2025 20:23:24,  176356 sec) PistonMoveAbsWTO()    147->151 148 149 150 151 [20sec, 14.8Volts, 0.187Amps, CPT:1709sec]
(Oct 08 2025 20:24:35,  176427 sec) Profile()            Sample 44 initiated at 120.8dbars for bin 48 [120dbars].  PTS/O2,T2,TPhase,RPhase,RawTemp/NO3/pH/FSig,BbSig,TSig/Ocr: 120.8dbars 19.5300C 34.9897PSU / 239.4uM 19.531C 32.812 8.447 156.547 / 2.7uM / -0.837908V /   90  147  548 / 0x800a03db 0x802c20a4 0x8044e509 0x80000f5b
(Oct 08 2025 20:26:32,  176544 sec) Profile()            Sample 45 initiated at 111.4dbars for bin 49 [110dbars].  PTS/O2,T2,TPhase,RPhase,RawTemp/NO3/pH/FSig,BbSig,TSig/Ocr: 111.3dbars 20.3238C 35.0787PSU / 243.2uM 20.296C 32.295 8.452 131.383 / 1.7uM / -0.836167V /  103  144  548 / 0x800d6e1b 0x803f7fe4 0x8057dec9 0x80007de4
(Oct 08 2025 20:28:52,  176684 sec) Profile()            Sample 46 initiated at 101.7dbars for bin 50 [100dbars].  PTS/O2,T2,TPhase,RPhase,RawTemp/NO3/pH/FSig,BbSig,TSig/Ocr: 101.7dbars 20.8003C 35.1138PSU / 252.3uM 20.772C 31.663 8.465 115.758 / 1.8uM / -0.834714V /  121  145  547 / 0x801667db 0x806ed480 0x8083a8ed 0x80018709
(Oct 08 2025 20:30:27,  176779 sec) Profile()            Sample 47 initiated at 96.8dbars for bin 51 [95dbars].  PTS/O2,T2,TPhase,RPhase,RawTemp/NO3/pH/FSig,BbSig,TSig/Ocr: 96.7dbars 21.1469C 35.1338PSU / 262.6uM 21.139C 31.053 8.470 103.708 / 1.5uM / -0.833954V /   85  143  547 / 0x801ea6f6 0x8090f3c0 0x809f6fb6 0x800261d2
(Oct 08 2025 20:32:12,  176884 sec) Profile()            Sample 48 initiated at 91.6dbars for bin 52 [90dbars].  PTS/O2,T2,TPhase,RPhase,RawTemp/NO3/pH/FSig,BbSig,TSig/Ocr: 91.6dbars 21.7328C 35.1651PSU / 267.7uM 21.685C 30.608 8.476 85.833 / 1.7uM / -0.833048V /   78  149  546 / 0x802b10b6 0x80bb4e76 0x80c08c6d 0x8003a252
(Oct 08 2025 20:34:10,  177002 sec) Profile()            Sample 49 initiated at 87.0dbars for bin 53 [85dbars].  PTS/O2,T2,TPhase,RPhase,RawTemp/NO3/pH/FSig,BbSig,TSig/Ocr: 86.9dbars 21.9350C 35.1747PSU / 273.8uM 21.920C 30.261 8.480 78.146 / 1.6uM / -0.832710V /   73  146  545 / 0x80390cf6 0x80e554ed 0x80e169f6 0x800520c0
(Oct 08 2025 20:36:40,  177152 sec) Profile()            Sample 50 initiated at 82.0dbars for bin 54 [80dbars].  PTS/O2,T2,TPhase,RPhase,RawTemp/NO3/pH/FSig,BbSig,TSig/Ocr: 82.0dbars 22.3286C 35.1910PSU / 277.1uM 22.316C 29.967 8.486 65.216 / 1.6uM / -0.832258V /   70  142  545 / 0x804ec2a4 0x811fd9a4 0x81101976 0x8007c71b
(Oct 08 2025 20:37:59,  177231 sec) AscentControlAgent() Bouyancy nudge to 156 (v=0.030dbar/sec).
(Oct 08 2025 20:37:59,  177231 sec) PistonMoveAbsWTO()    151->156 152 153 154 155 156 [24sec, 14.9Volts, 0.180Amps, CPT:1733sec]
(Oct 08 2025 20:39:47,  177339 sec) Profile()            Sample 51 initiated at 76.9dbars for bin 55 [75dbars].  PTS/O2,T2,TPhase,RPhase,RawTemp/NO3/pH/FSig,BbSig,TSig/Ocr: 76.9dbars 22.6156C 35.2062PSU / 278.6uM 22.607C 29.792 8.496 55.718 / 2.1uM / -0.831881V /   70  147  544 / 0x80767cc9 0x818a9ac9 0x81692bad 0x800cfe52
(Oct 08 2025 20:41:44,  177456 sec) Profile()            Sample 52 initiated at 71.8dbars for bin 56 [70dbars].  PTS/O2,T2,TPhase,RPhase,RawTemp/NO3/pH/FSig,BbSig,TSig/Ocr: 71.7dbars 23.2264C 35.2393PSU / 279.7uM 23.200C 29.514 8.508 36.410 / 2.0uM / -0.831448V /   66  143  543 / 0x80af6f2d 0x82179a36 0x81df896d 0x80151c52
(Oct 08 2025 20:43:02,  177534 sec) AscentControlAgent() Bouyancy nudge to 161 (v=0.038dbar/sec).
(Oct 08 2025 20:43:03,  177535 sec) PistonMoveAbsWTO()    156->161 157 158 159 160 161 [24sec, 14.9Volts, 0.179Amps, CPT:1757sec]
(Oct 08 2025 20:44:17,  177609 sec) Profile()            Sample 53 initiated at 66.3dbars for bin 57 [65dbars].  PTS/O2,T2,TPhase,RPhase,RawTemp/NO3/pH/FSig,BbSig,TSig/Ocr: 66.3dbars 23.5092C 35.2596PSU / 278.8uM 23.529C 29.421 8.510 25.733 / 2.3uM / -0.831152V /   65  146  543 / 0x80f732a4 0x829cda52 0x82471d76 0x802084a4
(Oct 08 2025 20:45:52,  177704 sec) Profile()            Sample 54 initiated at 61.7dbars for bin 58 [60dbars].  PTS/O2,T2,TPhase,RPhase,RawTemp/NO3/pH/FSig,BbSig,TSig/Ocr: 61.6dbars 23.9495C 35.2763PSU / 277.7uM 23.936C 29.309 8.511 12.560 / 2.4uM / -0.830841V /   64  149  542 / 0x81716689 0x839e34d2 0x831f7480 0x80363e6d
(Oct 08 2025 20:48:05,  177837 sec) AscentControlAgent() Bouyancy nudge to 166 (v=0.034dbar/sec).
(Oct 08 2025 20:48:06,  177838 sec) PistonMoveAbsWTO()    161->166 162 163 164 165 166 [25sec, 14.9Volts, 0.181Amps, CPT:1782sec]
(Oct 08 2025 20:49:21,  177913 sec) Profile()            Sample 55 initiated at 56.9dbars for bin 59 [55dbars].  PTS/O2,T2,TPhase,RPhase,RawTemp/NO3/pH/FSig,BbSig,TSig/Ocr: 56.9dbars 24.7350C 35.3079PSU / 273.6uM 24.736C 29.161 8.521 -13.283 / 2.6uM / -0.830131V /   64  153  541 / 0x82971900 0x863ff9ad 0x856e97a4 0x8075ac80
(Oct 08 2025 20:53:13,  178145 sec) AscentControlAgent() Bouyancy nudge to 171 (v=0.016dbar/sec).
(Oct 08 2025 20:53:14,  178146 sec) PistonMoveAbsWTO()    166->171 167 168 169 170 171 [24sec, 15.0Volts, 0.177Amps, CPT:1806sec]
(Oct 08 2025 20:54:40,  178232 sec) Profile()            Sample 56 initiated at 51.9dbars for bin 60 [50dbars].  PTS/O2,T2,TPhase,RPhase,RawTemp/NO3/pH/FSig,BbSig,TSig/Ocr: 51.9dbars 26.0989C 35.4119PSU / 256.9uM 26.097C 29.331 8.539 -56.944 / 3.5uM / -0.828715V /   62  148  539 / 0x82f0a5ed 0x865ac240 0x8568f0ed 0x809166e4
(Oct 08 2025 20:58:21,  178453 sec) AscentControlAgent() Bouyancy nudge to 176 (v=0.008dbar/sec).
(Oct 08 2025 20:58:22,  178454 sec) PistonMoveAbsWTO()    171->176 172 173 174 175 176 [24sec, 15.0Volts, 0.176Amps, CPT:1830sec]
(Oct 08 2025 21:01:26,  178638 sec) Profile()            Sample 57 initiated at 46.7dbars for bin 61 [45dbars].  PTS/O2,T2,TPhase,RPhase,RawTemp/NO3/pH/FSig,BbSig,TSig/Ocr: 46.6dbars 26.8461C 35.4467PSU / 243.4uM 26.859C 29.630 8.549 -81.188 / 2.7uM / -0.828186V /   58  141  537 / 0x83e39b80 0x8824e276 0x86fefa9b 0x80e5afad
(Oct 08 2025 21:03:12,  178744 sec) Profile()            Sample 58 initiated at 41.8dbars for bin 62 [40dbars].  PTS/O2,T2,TPhase,RPhase,RawTemp/NO3/pH/FSig,BbSig,TSig/Ocr: 41.7dbars 26.8475C 35.4474PSU / 243.3uM 26.858C 29.634 8.550 -81.179 / 2.5uM / -0.828123V /   57  142  537 / 0x8329046d 0x85b3c312 0x84b9aedb 0x80c030f6
(Oct 08 2025 21:03:24,  178756 sec) AscentControlAgent() Bouyancy nudge to 181 (v=0.035dbar/sec).
(Oct 08 2025 21:03:25,  178757 sec) PistonMoveAbsWTO()    176->181 177 178 179 180 181 [25sec, 15.0Volts, 0.174Amps, CPT:1855sec]
(Oct 08 2025 21:04:51,  178843 sec) Profile()            Sample 59 initiated at 36.5dbars for bin 63 [35dbars].  PTS/O2,T2,TPhase,RPhase,RawTemp/NO3/pH/FSig,BbSig,TSig/Ocr: 36.5dbars 26.8482C 35.4463PSU / 243.4uM 26.858C 29.630 8.547 -81.167 / 2.5uM / -0.827871V /   56  140  537 / 0x844052ad 0x878b43ad 0x8656cf12 0x813b189b
(Oct 08 2025 21:06:04,  178916 sec) Profile()            Sample 60 initiated at 31.3dbars for bin 64 [30dbars].  PTS/O2,T2,TPhase,RPhase,RawTemp/NO3/pH/FSig,BbSig,TSig/Ocr: 31.2dbars 26.8489C 35.4463PSU / 243.5uM 26.861C 29.624 8.547 -81.280 / 2.6uM / -0.827934V /   55  139  536 / 0x85127700 0x888dfc40 0x8747865b 0x81d36064
(Oct 08 2025 21:07:06,  178978 sec) Profile()            Sample 61 initiated at 26.8dbars for bin 65 [25dbars].  PTS/O2,T2,TPhase,RPhase,RawTemp/NO3/pH/FSig,BbSig,TSig/Ocr: 26.8dbars 26.8482C 35.4458PSU / 243.6uM 26.862C 29.622 8.545 -81.297 / 2.6uM / -0.827821V /   54  140  536 / 0x860a1649 0x89dbd976 0x887b8000 0x82a6f440
(Oct 08 2025 21:08:19,  179051 sec) Profile()            Sample 62 initiated at 21.5dbars for bin 66 [20dbars].  PTS/O2,T2,TPhase,RPhase,RawTemp/NO3/pH/FSig,BbSig,TSig/Ocr: 21.5dbars 26.8499C 35.4451PSU / 243.6uM 26.862C 29.619 8.545 -81.311 / 2.6uM / -0.827439V /   54  139  536 / 0x871ada80 0x8af4c3a4 0x896d92c0 0x83b9b6c0
(Oct 08 2025 21:09:22,  179114 sec) Profile()            Sample 63 initiated at 17.0dbars for bin 67 [15dbars].  PTS/O2,T2,TPhase,RPhase,RawTemp/NO3/pH/FSig,BbSig,TSig/Ocr: 16.9dbars 26.8490C 35.4453PSU / 243.5uM 26.866C 29.624 8.556 -81.413 / 2.7uM / -0.827478V /   56  147  536 / 0x890c1fc9 0x8d8ce3d2 0x8bc8efad 0x85b322d2
(Oct 08 2025 21:10:35,  179187 sec) Profile()            Sample 64 initiated at 11.9dbars for bin 68 [10dbars].  PTS/O2,T2,TPhase,RPhase,RawTemp/NO3/pH/FSig,BbSig,TSig/Ocr: 11.8dbars 26.8502C 35.4449PSU / 244.1uM 26.878C 29.590 8.549 -81.809 / 2.6uM / -0.827442V /   52  144  535 / 0x8d96c25b 0x94b4ac89 0x92c67352 0x8bb21a9b
(Oct 08 2025 21:11:37,  179249 sec) Profile()            Sample 65 initiated at 7.8dbars for bin 69 [6dbars].  PTS/O2,T2,TPhase,RPhase,RawTemp/NO3/pH/FSig,BbSig,TSig/Ocr: 7.8dbars 26.8556C 35.4456PSU / 243.8uM 26.877C 29.607 8.545 -81.765 / 2.6uM / -0.827385V /   53  140  536 / 0x8b9fbf49 0x8ffe571b 0x8e496f52 0x8aa965b6
(Oct 08 2025 21:12:13,  179285 sec) SurfaceDetect()      SurfacePressure:-0.1dbars Pressure:3.6dbars PistonPosition:181
(Oct 08 2025 21:12:13,  179285 sec) Sbe41cpStopCP()      Continuous profile stopped.
(Oct 08 2025 21:12:16,  179288 sec) PistonMoveAbsWTO()    181->203 182 183 184 185 186 187 188 189 190 191 192 193 194 195 196 197 198 199 200 201 202 203 [107sec, 14.9Volts, 0.158Amps, CPT:1962sec]
(Oct 08 2025 21:14:09,  179401 sec) chat()               Expected string [S>] not received.
(Oct 08 2025 21:16:02,  179514 sec) Sbe41cpBinAverage()  Finished averaging 13434 samples in 108 seconds.
(Oct 08 2025 21:16:07,  179519 sec) Sbe41cpUploadCP_()   Sbe41cpSerNo[20478] NSample[13434] NBin[493]
(Oct 08 2025 21:16:38,  179550 sec) Sbe41cpUploadCP_()   Continuous profile uploaded [493 lines].
(Oct 08 2025 21:16:52,  179564 sec) MscErrorLog_()       No error records to log.
(Oct 08 2025 21:17:02,  179574 sec) MscErrorLog_()       No error records to log.

<EOT>
