(Oct 04 2025 16:26:39,   53036 sec) TelemetryInit()      Profile 15. (Apf11 FwRev: 061125)
(Oct 04 2025 16:26:39,   53036 sec) TelemetryInit()      Charge consumption model: OCV:15.2V Wake-Cycles:21689 Standby:12.4days Wake:16.0kC Sensors:1.7kC
(Oct 04 2025 16:31:54,   53351 sec) GetSurfaceObs()      P/O2,T2,TPhase,RPhase,RawTemp/FSig,BbSig,TSig: 0.3dbars / 242.8uM 26.891C 29.644 8.545 -82.210 / 55,133,535
(Oct 04 2025 16:31:54,   53351 sec) GetSurfaceObs()      P/Ocr: 0.3dbars / 0x801144c9 0x800f7340 0x801645ed 0x80113852
(Oct 04 2025 16:32:27,   53384 sec) GetSurfaceObs()      P/O2,T2,TPhase,RPhase,RawTemp/FSig,BbSig,TSig: 0.3dbars / 242.7uM 26.896C 29.647 8.544 -82.370 / 55,135,535
(Oct 04 2025 16:32:27,   53384 sec) GetSurfaceObs()      P/Ocr: 0.3dbars / 0x80114776 0x800ea0ad 0x80173a92 0x80114436
(Oct 04 2025 16:33:01,   53418 sec) GetSurfaceObs()      P/O2,T2,TPhase,RPhase,RawTemp/FSig,BbSig,TSig: 0.2dbars / 243.2uM 26.867C 29.634 8.543 -81.445 / 56,134,535
(Oct 04 2025 16:33:01,   53418 sec) GetSurfaceObs()      P/Ocr: 0.2dbars / 0x801352f6 0x8011e39b 0x801b525b 0x80170ce4
(Oct 04 2025 16:33:34,   53451 sec) GetSurfaceObs()      P/O2,T2,TPhase,RPhase,RawTemp/FSig,BbSig,TSig: 0.2dbars / 242.9uM 26.895C 29.640 8.541 -82.336 / 55,138,535
(Oct 04 2025 16:33:34,   53451 sec) GetSurfaceObs()      P/Ocr: 0.2dbars / 0x8014c176 0x80135e92 0x801c4700 0x8017879b
(Oct 04 2025 16:36:42,   53639 sec) AirSystem()          Battery [216cnt, 15.2V]  Current [20cnt, 78.9mA]  Pneumometer [155cnt, 18.2psi]  Run-Time [90s]
(Oct 04 2025 16:36:55,   53652 sec) GetSurfaceObs()      P/O2,T2,TPhase,RPhase,RawTemp/FSig,BbSig,TSig: 0.0dbars / 251.0uM 25.444C 29.829 8.540 -36.043 / 54,137,535
(Oct 04 2025 16:36:55,   53652 sec) GetSurfaceObs()      P/Ocr: 0.0dbars / 0x8026c589 0x802f68db 0x8039e989 0x80465d49
(Oct 04 2025 16:37:29,   53686 sec) GetSurfaceObs()      P/O2,T2,TPhase,RPhase,RawTemp/FSig,BbSig,TSig: -0.1dbars / 248.0uM 25.673C 29.875 8.540 -43.383 / 54,133,535
(Oct 04 2025 16:37:29,   53686 sec) GetSurfaceObs()      P/Ocr: -0.1dbars / 0x80284724 0x8032af2d 0x803e8489 0x8047412d
(Oct 04 2025 16:38:02,   53719 sec) GetSurfaceObs()      P/O2,T2,TPhase,RPhase,RawTemp/FSig,BbSig,TSig: -0.0dbars / 248.4uM 25.605C 29.885 8.537 -41.225 / 55,133,534
(Oct 04 2025 16:38:02,   53719 sec) GetSurfaceObs()      P/Ocr: -0.0dbars / 0x8028b176 0x803286c0 0x803e6200 0x80452412
(Oct 04 2025 16:38:35,   53752 sec) GetSurfaceObs()      P/O2,T2,TPhase,RPhase,RawTemp/FSig,BbSig,TSig: -0.0dbars / 252.8uM 25.015C 29.916 8.537 -22.280 / 55,135,535
(Oct 04 2025 16:38:35,   53752 sec) GetSurfaceObs()      P/Ocr: -0.0dbars / 0x8029bc92 0x803796b6 0x8043bded 0x8049e009
(Oct 04 2025 16:39:08,   53785 sec) GetSurfaceObs()      P/O2,T2,TPhase,RPhase,RawTemp/FSig,BbSig,TSig: -0.0dbars / 252.0uM 25.010C 29.955 8.536 -22.101 / 56,136,535
(Oct 04 2025 16:39:08,   53785 sec) GetSurfaceObs()      P/Ocr: -0.0dbars / 0x80294e64 0x80357af6 0x8040efed 0x80464b00
(Oct 04 2025 16:39:41,   53818 sec) GetSurfaceObs()      P/O2,T2,TPhase,RPhase,RawTemp/FSig,BbSig,TSig: 0.0dbars / 252.3uM 24.935C 29.969 8.534 -19.689 / 54,135,534
(Oct 04 2025 16:39:41,   53818 sec) GetSurfaceObs()      P/Ocr: 0.0dbars / 0x8028ed40 0x8037131b 0x80439a2d 0x80469524
(Oct 04 2025 16:40:15,   53852 sec) GetSurfaceObs()      P/O2,T2,TPhase,RPhase,RawTemp/FSig,BbSig,TSig: 0.0dbars / 251.6uM 24.988C 29.981 8.535 -21.395 / 54,133,534
(Oct 04 2025 16:40:15,   53852 sec) GetSurfaceObs()      P/Ocr: 0.0dbars / 0x802ad2d2 0x8037b580 0x80460ad2 0x8053a252
(Oct 04 2025 16:40:48,   53885 sec) GetSurfaceObs()      P/O2,T2,TPhase,RPhase,RawTemp/FSig,BbSig,TSig: -0.0dbars / 252.9uM 24.807C 29.996 8.532 -15.584 / 55,135,534
(Oct 04 2025 16:40:48,   53885 sec) GetSurfaceObs()      P/Ocr: -0.0dbars / 0x802d2149 0x803a32a4 0x804a1a24 0x80564b12
(Oct 04 2025 16:41:11,   53908 sec) AirSystem()          Battery [217cnt, 15.2V]  Current [20cnt, 79.9mA]  Pneumometer [159cnt, 18.7psi]  Run-Time [9s]
(Oct 04 2025 16:41:45,   53942 sec) GetSurfaceObs()      P/O2,T2,TPhase,RPhase,RawTemp/FSig,BbSig,TSig: -0.1dbars / 245.1uM 25.929C 29.905 8.532 -51.586 / 54,135,534
(Oct 04 2025 16:41:45,   53942 sec) GetSurfaceObs()      P/Ocr: -0.1dbars / 0x802a392d 0x803c1a36 0x804c88c9 0x805429c9
(Oct 04 2025 16:41:48,   53945 sec) GpsServices()        GPS almanac is current.
(Oct 04 2025 16:41:48,   53945 sec) GpsServices()        Initiating GPS fix acquisition.
(Oct 04 2025 16:41:52,   53949 sec) gga()                $GPGGA,164220,2737.7669,N,15756.0791,W,0,00,,,M,,M,,*4C
(Oct 04 2025 16:42:11,   53968 sec) gga()                $GPGGA,164240,2737.7669,N,15756.0791,W,0,00,,,M,,M,,*4A
(Oct 04 2025 16:42:21,   53978 sec) gga()                $GPGGA,164250,2737.7669,N,15756.0791,W,0,00,,,M,,M,,*4B
(Oct 04 2025 16:42:31,   53988 sec) gga()                $GPGGA,164300,2737.7669,N,15756.0791,W,0,00,,,M,,M,,*4F
(Oct 04 2025 16:42:32,   53989 sec) gga()                $GPGGA,164300,2737.7669,N,15756.0791,W,0,00,,,M,,M,,*4F
(Oct 04 2025 16:42:41,   53998 sec) gga()                $GPGGA,164310,2737.7669,N,15756.0791,W,0,00,,,M,,M,,*4E
(Oct 04 2025 16:42:52,   54009 sec) gga()                $GPGGA,164320,2738.7256,N,15756.3689,W,1,09,0.9,0.7,M,-5.8,M,,*49
(Oct 04 2025 16:42:52,   54009 sec) GpsServices()        Profile 15 GPS fix obtained in 64 seconds.
(Oct 04 2025 16:42:52,   54009 sec) GpsServices()                   lon      lat mm/dd/yyyy hhmmss nsat
(Oct 04 2025 16:42:52,   54009 sec) GpsServices()        Fix: -157.9395  27.6454 10/04/2025 164320    9
(Oct 04 2025 16:43:02,   54019 sec) gga()                $GPGGA,164330,2738.7261,N,15756.3690,W,1,09,0.9,0.1,M,-5.8,M,,*42
(Oct 04 2025 16:43:11,   54028 sec) gga()                $GPGGA,164340,2738.7266,N,15756.3687,W,1,09,0.9,0.4,M,-5.8,M,,*41
(Oct 04 2025 16:43:11,   54028 sec) GpsServices()        APF11 RTC skew (-29s) OK.
(Oct 04 2025 16:43:11,   54028 sec) GpsServices()        GPS services complete.
(Oct 04 2025 16:43:46,   54063 sec) IrGeoLoc()           <x,y,z>=<-5240km,-2124km,2936km> lat=27.599 lon=-157.935 IrSysTime=0xee3c42ad
(Oct 04 2025 16:43:49,   54066 sec) CLogin()             Connecting to primary host.
(Oct 04 2025 16:43:58,   54075 sec) CLogin()             Connection 1 established in 9 seconds.
(Oct 04 2025 16:44:04,   54081 sec) login()              Login successful.
(Oct 04 2025 16:44:08,   54085 sec) CLogin()             Logged in to host.  [Login required 10 seconds]
(Oct 04 2025 16:44:09,   54086 sec) RxConfig()           Downloading "mission.cfg" from host.
(Oct 04 2025 16:44:18,   54095 sec) RxConfig()           Download successful: [bytes:145, sec:7.5, bps:19]
(Oct 04 2025 16:44:22,   54099 sec) WriteVitals_()       Writing vitals to "23808.015.msg".
(Oct 04 2025 16:44:27,   54104 sec) UpLoadFile()         Uploading "23808.015.log" to host.
(Oct 04 2025 16:47:25,   54282 sec) UpLoadFile()         Upload successful: [bytes:43048, sec:177.9, bps:242]
(Oct 04 2025 16:47:26,   54283 sec) fmove()              Moved: 23808.015.log -> archive/23808.015.log
(Oct 04 2025 16:47:30,   54287 sec) UpLoadFile()         Uploading "23808.015.msg" to host.
(Oct 04 2025 16:48:45,   54362 sec) UpLoadFile()         Upload successful: [bytes:22181, sec:75.5, bps:294]
(Oct 04 2025 16:48:47,   54364 sec) fmove()              Moved: 23808.015.msg -> archive/23808.015.msg
(Oct 04 2025 16:48:50,   54367 sec) UpLoadFile()         Uploading "23808.015.isus" to host.
(Oct 04 2025 16:50:32,   54469 sec) UpLoadFile()         Upload successful: [bytes:24396, sec:101.8, bps:240]
(Oct 04 2025 16:50:33,   54470 sec) fmove()              Moved: 23808.015.isus -> archive/23808.015.isus
(Oct 04 2025 16:50:36,   54473 sec) UpLoadFile()         Uploading "23808.015.dura" to host.
(Oct 04 2025 16:51:39,   54536 sec) UpLoadFile()         Upload successful: [bytes:11981, sec:62.2, bps:193]
(Oct 04 2025 16:51:40,   54537 sec) fmove()              Moved: 23808.015.dura -> archive/23808.015.dura
(Oct 04 2025 16:51:41,   54538 sec) UpLoad()             Files successfully uploaded: 4
(Oct 04 2025 16:51:41,   54538 sec) UpLoad()             Upload complete.
(Oct 04 2025 16:51:48,   54545 sec) chat()               Expected string [logout] not received.
(Oct 04 2025 16:51:48,   54545 sec) logout()             Attempt to log-out failed.
(Oct 04 2025 16:51:48,   54545 sec) logout()             No carrier detected.
(Oct 04 2025 16:51:48,   54545 sec) Telemetry()          Telemetry cycle complete: PrfId=15 ConnectionAttempts=1  Connections=1
(Oct 04 2025 16:51:48,   54545 sec) TelemetryTerminate() Parsing new mission configuration.
(Oct 04 2025 16:51:49,   54546 sec) configure()          Parsing configurators in "mission.cfg".
(Oct 04 2025 16:51:49,   54546 sec) configure()             TelemetryRetry(15)      [0x7BBC] [TelemetryRetry(15)].
(Oct 04 2025 16:51:49,   54546 sec) configure()             DownTime(2640) [CRC=0x8919] [DownTime(2640)].
(Oct 04 2025 16:51:49,   54546 sec) configure()             DeepProfilePressure(2025) [CRC=0x5FF2] [ProfilePressure(2025)].
(Oct 04 2025 16:51:49,   54546 sec) configure()             DeepProfilePistonPos(9) [CRC=0xFF37] [DeepProfilePistonPos(9)].
(Oct 04 2025 16:51:49,   54546 sec) configure()             DeepProfileDescentTime(240) [CRC=0x0059] [DeepProfileDescentTime(240)].
(Oct 04 2025 16:51:49,   54546 sec) configure()             ParkPressure(1000) [CRC=0x899C] [ParkPressure(1000)].
(Oct 04 2025 16:51:50,   54547 sec) configure()          Configuration CRCs and syntax OK.
(Oct 04 2025 16:51:50,   54547 sec) ConfigSupervisor()   Configuration accepted.
(Oct 04 2025 16:51:50,   54547 sec) LogConfiguration()   Mission configuration for Apf11 FwRev 061125:
(Oct 04 2025 16:51:50,   54547 sec) LogConfiguration()      AscentTimeOut(540) [min]
(Oct 04 2025 16:51:50,   54547 sec) LogConfiguration()      AtDialCmd(AT+CBST=71,0,1;DT00881600005496) [primary]
(Oct 04 2025 16:51:50,   54547 sec) LogConfiguration()      AltDialCmd(ATDT0012066163256) [alternate]
(Oct 04 2025 16:51:50,   54547 sec) LogConfiguration()      BuoyancyNudge(10) [count]
(Oct 04 2025 16:51:50,   54547 sec) LogConfiguration()      BuoyancyNudgeInitial(22) [count]
(Oct 04 2025 16:51:50,   54547 sec) LogConfiguration()      CompensatorHyperRetraction(0) [count]
(Oct 04 2025 16:51:50,   54547 sec) LogConfiguration()      ConnectTimeOut(60) [sec]
(Oct 04 2025 16:51:50,   54547 sec) LogConfiguration()      CpActivationP(985) [dbar]
(Oct 04 2025 16:51:50,   54547 sec) LogConfiguration()      DeepProfileDescentTime(240) [min]
(Oct 04 2025 16:51:50,   54547 sec) LogConfiguration()      DeepProfilePistonPos(9) [count]
(Oct 04 2025 16:51:50,   54547 sec) LogConfiguration()      DeepProfilePressure(2025) [dbar]
(Oct 04 2025 16:51:50,   54547 sec) LogConfiguration()      DownTime(2640) [min]
(Oct 04 2025 16:51:50,   54547 sec) LogConfiguration()      DuraRefWarmUpHrs(255)
(Oct 04 2025 16:51:50,   54547 sec) LogConfiguration()      DuraInit(-1) [Enable<0, Disable=0, Enable&Init>0]
(Oct 04 2025 16:51:50,   54547 sec) LogConfiguration()      FatFsEnable(1)
(Oct 04 2025 16:51:50,   54547 sec) LogConfiguration()      FlbbMode(1)
(Oct 04 2025 16:51:50,   54547 sec) LogConfiguration()      FloatId(23808)
(Oct 04 2025 16:51:50,   54547 sec) LogConfiguration()      FullExtension(231) [count]
(Oct 04 2025 16:51:50,   54547 sec) LogConfiguration()      FullRetraction(9) [count]
(Oct 04 2025 16:51:50,   54547 sec) LogConfiguration()      IsusInit(-1) [Enable<0, Disable=0, Enable&Init>0]
(Oct 04 2025 16:51:50,   54547 sec) LogConfiguration()      MaxAirBladder(154) [count]
(Oct 04 2025 16:51:50,   54547 sec) LogConfiguration()      MaxLogKb(60) [KByte]
(Oct 04 2025 16:51:50,   54547 sec) LogConfiguration()      MissionPrelude(360) [min]
(Oct 04 2025 16:51:50,   54547 sec) LogConfiguration()      OcrInit(-500) [dbar]
(Oct 04 2025 16:51:50,   54547 sec) LogConfiguration()      OkVacuum(230) [count]
(Oct 04 2025 16:51:50,   54547 sec) LogConfiguration()      OptodeMode(1)
(Oct 04 2025 16:51:50,   54547 sec) LogConfiguration()      PActivationPistonPosition(16) [count]
(Oct 04 2025 16:51:50,   54547 sec) LogConfiguration()      ParkDescentTime(240) [min]
(Oct 04 2025 16:51:50,   54547 sec) LogConfiguration()      ParkPistonPos(69) [count]
(Oct 04 2025 16:51:50,   54547 sec) LogConfiguration()      ParkPressure(1000) [dbar]
(Oct 04 2025 16:51:50,   54547 sec) LogConfiguration()      PnPCycleLen(1)
(Oct 04 2025 16:51:50,   54547 sec) LogConfiguration()      Pwd(0xafb3)
(Oct 04 2025 16:51:50,   54547 sec) LogConfiguration()      TelemetryRetry(15) [min]
(Oct 04 2025 16:51:50,   54547 sec) LogConfiguration()      TimeOfDay(DISABLED) [min]
(Oct 04 2025 16:51:50,   54547 sec) LogConfiguration()      UpTime(660) [min]
(Oct 04 2025 16:51:50,   54547 sec) LogConfiguration()      User(f23808)
(Oct 04 2025 16:51:50,   54547 sec) LogConfiguration()      ZModemTimeOut(80) [sec]
(Oct 04 2025 16:51:50,   54547 sec) LogConfiguration()      Verbosity(2)
(Oct 04 2025 16:51:50,   54547 sec) LogConfiguration()      DebugBits(0x0002)
(Oct 04 2025 16:51:50,   54547 sec) TelemetryTerminate() Reconditioning the file system.
(Oct 04 2025 16:51:53,       0 sec) DescentInit()        Deep profile 16 initiated at mission-time 54550sec.
(Oct 04 2025 16:51:54,       1 sec) DescentInit()        Surface pressure: 0.0dbars.
(Oct 04 2025 16:51:54,       1 sec) DescentInit()        Charge consumption model: OCV:15.0V Wake-Cycles:21690 Standby:12.4days Wake:16.1kC Sleep:1.7kC
(Oct 04 2025 16:52:06,      13 sec) DescentInit()        Pneumatic humidity: 2897(60.4%) -> 2900(60.5%)
(Oct 04 2025 16:52:06,      13 sec) PistonMoveAbsWTO()    203->069 202 201 200 199 198 197 196 195 194 193 192 191 190 189 188 187 186 185 184 183 182 181 180 179 178 177 176 175 174 173 172 171 170 169 168 167 166 165 164 163 162 161 160 159 158 157 156 155 154 153 152 151 150 149 148 147 146 145 144 143 142 141 140 139 138 137 136 135 134 133 132 131 130 129 128 127 126 125 124 123 122 121 120 119 118 117 116 115 114 113 112 111 110 109 108 107 106 105 104 103 102 101 100 099 098 097 096 095 094 093 092 091 090 089 088 087 086 085 084 083 082 081 080 079 078 077 076 075 074 073 072 071 070 069 [657sec, 15.0Volts, 0.136Amps, CPT:657sec]
(Oct 04 2025 17:03:07,     674 sec) DescentInit()        Air solenoid open: Barometer [209cnt,  12.2psi]  Pneumometer [107cnt,  12.5psi]
(Oct 04 2025 17:03:17,     684 sec) Descent()            Pressure: 59.5
(Oct 04 2025 17:51:53,    3600 sec) Descent()            Pressure: 440.1
(Oct 04 2025 18:51:53,    7200 sec) Descent()            Pressure: 722.0
(Oct 04 2025 19:51:53,   10800 sec) Descent()            Pressure: 794.9
(Oct 04 2025 20:51:53,   14400 sec) Descent()            Pressure: 800.5
(Oct 04 2025 20:51:54,   14401 sec) ParkInit()           Charge consumption model: OCV:15.5V Wake-Cycles:21695 Standby:12.5days Wake:16.3kC Sensors:1.7kC
(Oct 04 2025 22:52:01,   21608 sec) Park()               ParkPOutOfBand[-3, 799.0 dbars]: retract piston.
(Oct 04 2025 22:52:01,   21608 sec) PistonMoveAbsWTO()    069->068 068 [6sec, 15.2Volts, 0.104Amps, CPT:663sec]
(Oct 05 2025 01:52:01,   32408 sec) Park()               ParkPOutOfBand[-3, 813.3 dbars]: retract piston.
(Oct 05 2025 01:52:01,   32408 sec) PistonMoveAbsWTO()    068->067 067 [5sec, 15.2Volts, 0.093Amps, CPT:668sec]
(Oct 05 2025 04:52:01,   43208 sec) Park()               ParkPOutOfBand[-3, 822.4 dbars]: retract piston.
(Oct 05 2025 04:52:01,   43208 sec) PistonMoveAbsWTO()    067->066 066 [6sec, 15.2Volts, 0.089Amps, CPT:674sec]
(Oct 05 2025 07:52:01,   54008 sec) Park()               ParkPOutOfBand[-3, 834.7 dbars]: retract piston.
(Oct 05 2025 07:52:01,   54008 sec) PistonMoveAbsWTO()    066->065 065 [5sec, 15.1Volts, 0.097Amps, CPT:679sec]
(Oct 05 2025 10:52:01,   64808 sec) Park()               ParkPOutOfBand[-3, 846.2 dbars]: retract piston.
(Oct 05 2025 10:52:01,   64808 sec) PistonMoveAbsWTO()    065->064 064 [6sec, 15.1Volts, 0.089Amps, CPT:685sec]
(Oct 05 2025 13:52:01,   75608 sec) Park()               ParkPOutOfBand[-3, 858.9 dbars]: retract piston.
(Oct 05 2025 13:52:01,   75608 sec) PistonMoveAbsWTO()    064->063 063 [5sec, 15.1Volts, 0.093Amps, CPT:690sec]
(Oct 05 2025 16:52:01,   86408 sec) Park()               ParkPOutOfBand[-3, 870.9 dbars]: retract piston.
(Oct 05 2025 16:52:01,   86408 sec) PistonMoveAbsWTO()    063->062 062 [6sec, 15.1Volts, 0.090Amps, CPT:696sec]
(Oct 05 2025 19:52:01,   97208 sec) Park()               ParkPOutOfBand[-3, 886.0 dbars]: retract piston.
(Oct 05 2025 19:52:01,   97208 sec) PistonMoveAbsWTO()    062->061 061 [6sec, 15.1Volts, 0.099Amps, CPT:702sec]
(Oct 05 2025 22:52:01,  108008 sec) Park()               ParkPOutOfBand[-3, 896.7 dbars]: retract piston.
(Oct 05 2025 22:52:01,  108008 sec) PistonMoveAbsWTO()    061->060 060 [6sec, 15.1Volts, 0.083Amps, CPT:708sec]
(Oct 06 2025 01:52:01,  118808 sec) Park()               ParkPOutOfBand[-3, 909.2 dbars]: retract piston.
(Oct 06 2025 01:52:01,  118808 sec) PistonMoveAbsWTO()    060->059 059 [5sec, 15.1Volts, 0.091Amps, CPT:713sec]
(Oct 06 2025 04:52:01,  129608 sec) Park()               ParkPOutOfBand[-3, 921.7 dbars]: retract piston.
(Oct 06 2025 04:52:01,  129608 sec) PistonMoveAbsWTO()    059->058 058 [5sec, 15.1Volts, 0.095Amps, CPT:718sec]
(Oct 06 2025 07:52:01,  140408 sec) Park()               ParkPOutOfBand[-3, 934.7 dbars]: retract piston.
(Oct 06 2025 07:52:01,  140408 sec) PistonMoveAbsWTO()    058->057 057 [6sec, 15.1Volts, 0.098Amps, CPT:724sec]
(Oct 06 2025 08:52:25,  144032 sec) CtdPower()           [  942.06,  3.9977, 34.3579]
(Oct 06 2025 08:52:25,  144032 sec) CtdPower()           CTD Power consumption [219VCnt 3ACnt]: 15.363Volts * 0.012Amps = 0.18Watts.
(Oct 06 2025 08:52:31,  144038 sec) ParkTerminate()      Piston Position:57 Vacuum:190 HumidityAd12:4094(inf%) Vq:220 Aq:2 Vsbe:219 Asbe:3 Vflbb:215 Aflbb:11 Vopt:215 Aopt:13 Vocr:216 Aocr:7 MuxTemp:4.035C MuxHumidity:6.6%
(Oct 06 2025 08:53:01,  144068 sec) ParkTerminate()      PTS/O2,T2,TPhase,RawTemp: 941.9dbars 3.9978C 34.3577PSU / 31.5uM 3.989C 57.701 8.081 657.821
(Oct 06 2025 08:53:01,  144068 sec) ParkTerminate()      FLBB FSig, BbSig, TSig: 55, 113, 572 / Ocr: nan nan nan nan
(Oct 06 2025 08:53:02,  144069 sec) GoDeepInit()         Charge consumption model: OCV:15.4V Wake-Cycles:21731 Standby:14.0days Wake:16.4kC Sensors:1.7kC
(Oct 06 2025 08:53:02,  144069 sec) GoDeepInit()         Moving piston.
(Oct 06 2025 08:53:02,  144069 sec) PistonMoveAbsWTO()    057->009 056 055 054 053 052 051 050 049 048 047 046 045 044 043 042 041 040 039 038 037 036 035 034 033 032 031 030 029 028 027 026 025 024 023 022 021 020 019 018 017 016 015 014 013 012 011 010 009 [236sec, 15.0Volts, 0.057Amps, CPT:960sec]
(Oct 06 2025 12:51:53,  158400 sec) ProfileInit()        Charge consumption model: OCV:15.4V Wake-Cycles:21778 Standby:14.2days Wake:16.4kC Sensors:1.7kC
(Oct 06 2025 12:51:53,  158400 sec) ProfileInit()        PrfId:016  Pressure:1628.6dbar  pTable[4]:1600dbar
(Oct 06 2025 12:51:55,  158402 sec) ProfileInit()        Muxer PPIs K{1,2} quiescent: 15.37V, 0.0mA, 0.0mW
(Oct 06 2025 12:51:59,  158406 sec) ProfileInit()        ISUS powered up.
(Oct 06 2025 12:52:02,  158409 sec) ProfileInit()        Muxer PPIs K{1,2} w/ ISUS awake: 15.07V, 54.7mA, 824.4mW
(Oct 06 2025 12:52:09,  158416 sec) MscErrorLog_()       No error records to log.
(Oct 06 2025 12:52:16,  158423 sec) ProfileInit()        DURA powered up.
(Oct 06 2025 12:52:19,  158426 sec) ProfileInit()        Muxer PPIs K{1,2} w/ DURA awake: 15.08V, 48.3mA, 728.6mW
(Oct 06 2025 12:52:25,  158432 sec) MscErrorLog_()       No error records to log.
(Oct 06 2025 12:52:30,  158437 sec) PistonMoveAbsWTO()    009->031 010 011 012 013 014 015 [30sec, 14.5Volts, 0.547Amps, CPT:990sec]
(Oct 06 2025 12:53:11,  158478 sec) PistonMoveAbsWTO()    015->031 016 017 018 019 020 [30sec, 14.3Volts, 0.546Amps, CPT:1020sec]
(Oct 06 2025 12:53:52,  158519 sec) PistonMoveAbsWTO()    020->031 021 022 023 024 025 [30sec, 14.2Volts, 0.537Amps, CPT:1050sec]
(Oct 06 2025 12:54:33,  158560 sec) PistonMoveAbsWTO()    025->031 026 027 028 029 030 [30sec, 14.1Volts, 0.526Amps, CPT:1080sec]
(Oct 06 2025 12:55:14,  158601 sec) PistonMoveAbsWTO()    030->031 031 [3sec, 14.2Volts, 0.540Amps, CPT:1083sec]
(Oct 06 2025 12:58:48,  158815 sec) Profile()            Sample 0 initiated at 1601.0dbars for bin 4 [1600dbars].  PTS/O2,T2,TPhase,RPhase,RawTemp/NO3/pH/FSig,BbSig,TSig/Ocr: 1598.7dbars 2.6128C 34.5666PSU / 78.1uM 2.607C 52.799 8.083 699.792 / 41.5uM / -0.884588V /   54  112  573 / nan nan nan nan
(Oct 06 2025 13:16:40,  159887 sec) Profile()            Sample 1 initiated at 1501.7dbars for bin 5 [1500dbars].  PTS/O2,T2,TPhase,RPhase,RawTemp/NO3/pH/FSig,BbSig,TSig/Ocr: 1500.2dbars 2.7904C 34.5511PSU / 72.8uM 2.784C 53.274 8.100 694.446 / 41.8uM / -0.884621V /   53  112  573 / nan nan nan nan
(Oct 06 2025 13:17:04,  159911 sec) AscentControlAgent() Bouyancy nudge to 41 (v=0.077dbar/sec).
(Oct 06 2025 13:17:04,  159911 sec) PistonMoveAbsWTO()    031->041 032 033 034 035 036 [30sec, 14.5Volts, 0.508Amps, CPT:1113sec]
(Oct 06 2025 13:17:45,  159952 sec) PistonMoveAbsWTO()    036->041 037 038 039 040 041 [25sec, 14.3Volts, 0.508Amps, CPT:1138sec]
(Oct 06 2025 13:34:24,  160951 sec) Profile()            Sample 2 initiated at 1401.3dbars for bin 6 [1400dbars].  PTS/O2,T2,TPhase,RPhase,RawTemp/NO3/pH/FSig,BbSig,TSig/Ocr: 1399.3dbars 2.9920C 34.5336PSU / 67.3uM 2.984C 53.768 8.103 688.393 / 42.1uM / -0.884561V /   54  113  573 / nan nan nan nan
(Oct 06 2025 13:53:34,  162101 sec) Profile()            Sample 3 initiated at 1301.5dbars for bin 7 [1300dbars].  PTS/O2,T2,TPhase,RPhase,RawTemp/NO3/pH/FSig,BbSig,TSig/Ocr: 1299.8dbars 3.1583C 34.5187PSU / 62.4uM 3.151C 54.234 8.107 683.358 / 42.3uM / -0.884323V /   54  117  573 / nan nan nan nan
(Oct 06 2025 13:58:45,  162412 sec) AscentControlAgent() Bouyancy nudge to 51 (v=0.074dbar/sec).
(Oct 06 2025 13:58:45,  162412 sec) PistonMoveAbsWTO()    041->051 042 043 044 045 046 [30sec, 14.6Volts, 0.455Amps, CPT:1168sec]
(Oct 06 2025 13:59:26,  162453 sec) PistonMoveAbsWTO()    046->051 047 048 049 050 051 [25sec, 14.4Volts, 0.457Amps, CPT:1193sec]
(Oct 06 2025 14:12:46,  163253 sec) Profile()            Sample 4 initiated at 1201.5dbars for bin 8 [1200dbars].  PTS/O2,T2,TPhase,RPhase,RawTemp/NO3/pH/FSig,BbSig,TSig/Ocr: 1199.8dbars 3.3711C 34.4961PSU / 57.6uM 3.365C 54.700 8.110 676.864 / 42.5uM / -0.884221V /   54  114  573 / nan nan nan nan
(Oct 06 2025 14:19:14,  163641 sec) AscentControlAgent() Bouyancy nudge to 61 (v=0.071dbar/sec).
(Oct 06 2025 14:19:14,  163641 sec) PistonMoveAbsWTO()    051->061 052 053 054 055 056 [30sec, 14.6Volts, 0.434Amps, CPT:1223sec]
(Oct 06 2025 14:19:55,  163682 sec) PistonMoveAbsWTO()    056->061 057 058 059 060 061 [24sec, 14.4Volts, 0.428Amps, CPT:1247sec]
(Oct 06 2025 14:32:40,  164447 sec) Profile()            Sample 5 initiated at 1101.3dbars for bin 9 [1100dbars].  PTS/O2,T2,TPhase,RPhase,RawTemp/NO3/pH/FSig,BbSig,TSig/Ocr: 1099.5dbars 3.6254C 34.4556PSU / 47.5uM 3.619C 55.784 8.115 669.137 / 43.0uM / -0.884088V /   55  115  572 / nan nan nan nan
(Oct 06 2025 14:49:59,  165486 sec) AscentControlAgent() Bouyancy nudge to 71 (v=0.080dbar/sec).
(Oct 06 2025 14:49:59,  165486 sec) PistonMoveAbsWTO()    061->071 062 063 064 065 066 [30sec, 14.7Volts, 0.398Amps, CPT:1277sec]
(Oct 06 2025 14:50:40,  165527 sec) PistonMoveAbsWTO()    066->071 067 068 069 070 071 [24sec, 14.6Volts, 0.391Amps, CPT:1301sec]
(Oct 06 2025 14:52:12,  165619 sec) Profile()            Sample 6 initiated at 1000.8dbars for bin 10 [1000dbars].  PTS/O2,T2,TPhase,RPhase,RawTemp/NO3/pH/FSig,BbSig,TSig/Ocr: 998.6dbars 3.8346C 34.4020PSU / 37.1uM 3.827C 57.007 8.122 662.770 / 43.4uM / -0.884317V /   54  113  572 / nan nan nan nan
(Oct 06 2025 14:55:11,  165798 sec) Sbe41cpStartCP()     Continuous profile started.
(Oct 06 2025 15:00:23,  166110 sec) Profile()            Sample 7 initiated at 951.3dbars for bin 11 [950dbars].  PTS/O2,T2,TPhase,RPhase,RawTemp/NO3/pH/FSig,BbSig,TSig/Ocr: 951.2dbars 3.9547C 34.3677PSU / 32.7uM 3.946C 57.550 8.123 659.133 / 43.5uM / -0.884534V /   55  114  572 / nan nan nan nan
(Oct 06 2025 15:05:32,  166419 sec) AscentControlAgent() Bouyancy nudge to 81 (v=0.080dbar/sec).
(Oct 06 2025 15:05:32,  166419 sec) PistonMoveAbsWTO()    071->081 072 073 074 075 076 [30sec, 14.5Volts, 0.378Amps, CPT:1331sec]
(Oct 06 2025 15:06:13,  166460 sec) PistonMoveAbsWTO()    076->081 077 078 079 080 081 [24sec, 14.4Volts, 0.372Amps, CPT:1355sec]
(Oct 06 2025 15:09:48,  166675 sec) Profile()            Sample 8 initiated at 902.0dbars for bin 12 [900dbars].  PTS/O2,T2,TPhase,RPhase,RawTemp/NO3/pH/FSig,BbSig,TSig/Ocr: 901.9dbars 4.1018C 34.3300PSU / 29.6uM 4.096C 57.932 8.126 654.552 / 43.6uM / -0.884460V /   55  114  572 / nan nan nan nan
(Oct 06 2025 15:18:39,  167206 sec) Profile()            Sample 9 initiated at 851.5dbars for bin 13 [850dbars].  PTS/O2,T2,TPhase,RPhase,RawTemp/NO3/pH/FSig,BbSig,TSig/Ocr: 851.3dbars 4.2743C 34.2791PSU / 28.5uM 4.266C 58.042 8.130 649.350 / 43.3uM / -0.884215V /   55  116  571 / nan nan nan nan
(Oct 06 2025 15:28:36,  167803 sec) Profile()            Sample 10 initiated at 801.8dbars for bin 14 [800dbars].  PTS/O2,T2,TPhase,RPhase,RawTemp/NO3/pH/FSig,BbSig,TSig/Ocr: 801.7dbars 4.4583C 34.2285PSU / 30.7uM 4.448C 57.695 8.133 643.746 / 43.1uM / -0.883702V /   56  115  571 / nan nan nan nan
(Oct 06 2025 15:30:48,  167935 sec) AscentControlAgent() Bouyancy nudge to 91 (v=0.078dbar/sec).
(Oct 06 2025 15:30:48,  167935 sec) PistonMoveAbsWTO()    081->091 082 083 084 085 086 [30sec, 14.5Volts, 0.347Amps, CPT:1385sec]
(Oct 06 2025 15:31:29,  167976 sec) PistonMoveAbsWTO()    086->091 087 088 089 090 091 [23sec, 14.4Volts, 0.344Amps, CPT:1408sec]
(Oct 06 2025 15:37:47,  168354 sec) Profile()            Sample 11 initiated at 751.5dbars for bin 15 [750dbars].  PTS/O2,T2,TPhase,RPhase,RawTemp/NO3/pH/FSig,BbSig,TSig/Ocr: 751.4dbars 4.7244C 34.1789PSU / 40.6uM 4.715C 56.331 8.140 635.532 / 41.9uM / -0.882407V /   55  117  571 / nan nan nan nan
(Oct 06 2025 15:47:33,  168940 sec) Profile()            Sample 12 initiated at 701.9dbars for bin 16 [700dbars].  PTS/O2,T2,TPhase,RPhase,RawTemp/NO3/pH/FSig,BbSig,TSig/Ocr: 701.8dbars 5.0449C 34.1299PSU / 52.4uM 5.037C 54.751 8.146 625.599 / 40.6uM / -0.880868V /   54  115  570 / nan nan nan nan
(Oct 06 2025 15:51:02,  169149 sec) AscentControlAgent() Bouyancy nudge to 101 (v=0.076dbar/sec).
(Oct 06 2025 15:51:02,  169149 sec) PistonMoveAbsWTO()    091->101 092 093 094 095 096 [30sec, 14.6Volts, 0.313Amps, CPT:1438sec]
(Oct 06 2025 15:51:43,  169190 sec) PistonMoveAbsWTO()    096->101 097 098 099 100 101 [22sec, 14.5Volts, 0.312Amps, CPT:1460sec]
(Oct 06 2025 15:56:44,  169491 sec) Profile()            Sample 13 initiated at 651.4dbars for bin 17 [650dbars].  PTS/O2,T2,TPhase,RPhase,RawTemp/NO3/pH/FSig,BbSig,TSig/Ocr: 651.3dbars 5.4613C 34.0743PSU / 72.5uM 5.447C 52.303 8.153 612.897 / 38.5uM / -0.878073V /   53  118  570 / nan nan nan nan
(Oct 06 2025 15:58:24,  169591 sec) PistonMoveAbsWTO()    101->101 [0sec, 0.0Volts, 0.000Amps, CPT:1460sec]
(Oct 06 2025 16:05:30,  170017 sec) Profile()            Sample 14 initiated at 601.8dbars for bin 18 [600dbars].  PTS/O2,T2,TPhase,RPhase,RawTemp/NO3/pH/FSig,BbSig,TSig/Ocr: 601.7dbars 6.0341C 34.0304PSU / 102.5uM 6.019C 49.027 8.169 595.108 / 35.2uM / -0.874415V /   53  117  569 / nan nan nan nan
(Oct 06 2025 16:07:55,  170162 sec) PistonMoveAbsWTO()    101->101 [1sec, 0.0Volts, 0.000Amps, CPT:1461sec]
(Oct 06 2025 16:11:59,  170406 sec) AscentControlAgent() Bouyancy nudge to 111 (v=0.076dbar/sec).
(Oct 06 2025 16:11:59,  170406 sec) PistonMoveAbsWTO()    101->111 102 103 104 105 106 [30sec, 14.6Volts, 0.296Amps, CPT:1491sec]
(Oct 06 2025 16:12:40,  170447 sec) PistonMoveAbsWTO()    106->111 107 108 109 110 111 [23sec, 14.5Volts, 0.293Amps, CPT:1514sec]
(Oct 06 2025 16:15:41,  170628 sec) Profile()            Sample 15 initiated at 551.6dbars for bin 19 [550dbars].  PTS/O2,T2,TPhase,RPhase,RawTemp/NO3/pH/FSig,BbSig,TSig/Ocr: 551.5dbars 6.7991C 34.0008PSU / 137.0uM 6.786C 45.668 8.187 571.092 / 31.4uM / -0.870179V /   53  119  568 / nan nan nan nan
(Oct 06 2025 16:25:18,  171205 sec) Profile()            Sample 16 initiated at 501.9dbars for bin 20 [500dbars].  PTS/O2,T2,TPhase,RPhase,RawTemp/NO3/pH/FSig,BbSig,TSig/Ocr: 501.9dbars 7.9025C 34.0099PSU / 182.7uM 7.894C 41.804 8.221 536.149 / 26.0uM / -0.863955V /   51  120  566 / nan nan nan nan
(Oct 06 2025 16:32:19,  171626 sec) AscentControlAgent() Bouyancy nudge to 121 (v=0.074dbar/sec).
(Oct 06 2025 16:32:19,  171626 sec) PistonMoveAbsWTO()    111->121 112 113 114 115 116 [30sec, 14.7Volts, 0.264Amps, CPT:1544sec]
(Oct 06 2025 16:33:00,  171667 sec) PistonMoveAbsWTO()    116->121 117 118 119 120 121 [22sec, 14.6Volts, 0.259Amps, CPT:1566sec]
(Oct 06 2025 16:36:04,  171851 sec) Profile()            Sample 17 initiated at 451.7dbars for bin 21 [450dbars].  PTS/O2,T2,TPhase,RPhase,RawTemp/NO3/pH/FSig,BbSig,TSig/Ocr: 451.7dbars 8.9002C 34.0466PSU / 217.5uM 8.896C 39.168 8.243 504.262 / 21.2uM / -0.858724V /   51  117  565 / 0x8006b7ed 0x80001a40 0x800863d2 0x7fffdc2d
(Oct 06 2025 16:46:07,  172454 sec) Profile()            Sample 18 initiated at 401.0dbars for bin 22 [400dbars].  PTS/O2,T2,TPhase,RPhase,RawTemp/NO3/pH/FSig,BbSig,TSig/Ocr: 400.9dbars 10.1862C 34.1149PSU / 238.4uM 10.181C 37.371 8.271 463.020 / 17.0uM / -0.854610V /   50  127  563 / 0x800693ad 0x7ffff752 0x80086ea4 0x7fffd1d2
(Oct 06 2025 16:49:44,  172671 sec) Profile()            Sample 19 initiated at 381.9dbars for bin 23 [380dbars].  PTS/O2,T2,TPhase,RPhase,RawTemp/NO3/pH/FSig,BbSig,TSig/Ocr: 381.8dbars 10.6750C 34.1467PSU / 241.1uM 10.664C 36.987 8.282 447.451 / 15.7uM / -0.853140V /   51  119  562 / 0x80068476 0x7ffff8c9 0x800878c0 0x7fffcc52
(Oct 06 2025 16:52:41,  172848 sec) AscentControlAgent() Bouyancy nudge to 131 (v=0.080dbar/sec).
(Oct 06 2025 16:52:41,  172848 sec) PistonMoveAbsWTO()    121->131 122 123 124 125 126 [30sec, 14.7Volts, 0.247Amps, CPT:1596sec]
(Oct 06 2025 16:54:02,  172929 sec) Profile()            Sample 20 initiated at 361.8dbars for bin 24 [360dbars].  PTS/O2,T2,TPhase,RPhase,RawTemp/NO3/pH/FSig,BbSig,TSig/Ocr: 361.7dbars 11.3691C 34.1925PSU / 245.0uM 11.365C 36.429 8.301 424.724 / 14.2uM / -0.851626V /   50  120  562 / 0x80068192 0x7ffff02d 0x80086a36 0x7fffc164
(Oct 06 2025 16:54:02,  172929 sec) PistonMoveAbsWTO()    126->131 127 128 129 130 131 [23sec, 14.6Volts, 0.249Amps, CPT:1619sec]
(Oct 06 2025 16:55:49,  173036 sec) Profile()            Sample 21 initiated at 351.6dbars for bin 25 [350dbars].  PTS/O2,T2,TPhase,RPhase,RawTemp/NO3/pH/FSig,BbSig,TSig/Ocr: 351.5dbars 11.5889C 34.2103PSU / 246.5uM 11.587C 36.242 8.309 417.534 / 13.8uM / -0.851117V /   51  118  561 / 0x800680d2 0x7fffea9b 0x800866f6 0x7fffc192
(Oct 06 2025 16:57:24,  173131 sec) Profile()            Sample 22 initiated at 341.9dbars for bin 26 [340dbars].  PTS/O2,T2,TPhase,RPhase,RawTemp/NO3/pH/FSig,BbSig,TSig/Ocr: 341.8dbars 11.7541C 34.2235PSU / 247.2uM 11.754C 36.121 8.318 412.097 / 13.4uM / -0.850691V /   50  119  561 / 0x80069400 0x7fffe700 0x800854a4 0x7fffc180
(Oct 06 2025 16:59:11,  173238 sec) Profile()            Sample 23 initiated at 331.5dbars for bin 27 [330dbars].  PTS/O2,T2,TPhase,RPhase,RawTemp/NO3/pH/FSig,BbSig,TSig/Ocr: 331.4dbars 12.0249C 34.2429PSU / 248.3uM 12.023C 35.933 8.325 403.341 / 12.8uM / -0.850053V /   50  120  560 / 0x8006872d 0x7ffffa64 0x80086ab6 0x7fffb476
(Oct 06 2025 17:00:57,  173344 sec) Profile()            Sample 24 initiated at 321.3dbars for bin 28 [320dbars].  PTS/O2,T2,TPhase,RPhase,RawTemp/NO3/pH/FSig,BbSig,TSig/Ocr: 321.2dbars 12.1702C 34.2596PSU / 249.3uM 12.174C 35.807 8.328 398.447 / 12.4uM / -0.849582V /   50  118  560 / 0x80067640 0x7fffe252 0x800861e4 0x7fffae40
(Oct 06 2025 17:02:43,  173450 sec) Profile()            Sample 25 initiated at 311.6dbars for bin 29 [310dbars].  PTS/O2,T2,TPhase,RPhase,RawTemp/NO3/pH/FSig,BbSig,TSig/Ocr: 311.5dbars 12.4844C 34.2757PSU / 250.2uM 12.475C 35.613 8.333 388.617 / 11.8uM / -0.848903V /   50  119  559 / 0x8006796d 0x7fffe052 0x80085a1b 0x7fffba24
(Oct 06 2025 17:04:30,  173557 sec) Profile()            Sample 26 initiated at 302.0dbars for bin 30 [300dbars].  PTS/O2,T2,TPhase,RPhase,RawTemp/NO3/pH/FSig,BbSig,TSig/Ocr: 301.9dbars 12.7596C 34.2954PSU / 251.8uM 12.759C 35.393 8.337 379.345 / 11.1uM / -0.848300V /   50  118  559 / 0x80066052 0x7fffd080 0x800850ad 0x7fffafed
(Oct 06 2025 17:06:27,  173674 sec) Profile()            Sample 27 initiated at 291.4dbars for bin 31 [290dbars].  PTS/O2,T2,TPhase,RPhase,RawTemp/NO3/pH/FSig,BbSig,TSig/Ocr: 291.4dbars 12.9853C 34.3122PSU / 254.2uM 12.987C 35.168 8.340 371.914 / 10.4uM / -0.847612V /   50  116  559 / 0x80067f89 0x7fffcfd2 0x80086700 0x7fffad49
(Oct 06 2025 17:08:24,  173791 sec) Profile()            Sample 28 initiated at 281.1dbars for bin 32 [280dbars].  PTS/O2,T2,TPhase,RPhase,RawTemp/NO3/pH/FSig,BbSig,TSig/Ocr: 281.1dbars 13.3147C 34.3321PSU / 254.5uM 13.319C 34.987 8.346 361.043 / 10.0uM / -0.847037V /   50  118  558 / 0x80067a36 0x7fffd0db 0x80086580 0x7fffaf6d
(Oct 06 2025 17:10:22,  173909 sec) Profile()            Sample 29 initiated at 271.1dbars for bin 33 [270dbars].  PTS/O2,T2,TPhase,RPhase,RawTemp/NO3/pH/FSig,BbSig,TSig/Ocr: 271.0dbars 13.6075C 34.3503PSU / 254.2uM 13.602C 34.866 8.350 351.790 / 9.2uM / -0.846574V /   50  123  558 / 0x80066c36 0x7fffc2b6 0x80084bed 0x7fffa52d
(Oct 06 2025 17:12:18,  174025 sec) Profile()            Sample 30 initiated at 261.2dbars for bin 34 [260dbars].  PTS/O2,T2,TPhase,RPhase,RawTemp/NO3/pH/FSig,BbSig,TSig/Ocr: 261.2dbars 13.7106C 34.3578PSU / 254.3uM 13.710C 34.807 8.355 348.248 / 9.0uM / -0.846254V /   50  117  557 / 0x80068240 0x7fffd1f6 0x80085424 0x7fffa2db
(Oct 06 2025 17:14:28,  174155 sec) Profile()            Sample 31 initiated at 251.2dbars for bin 35 [250dbars].  PTS/O2,T2,TPhase,RPhase,RawTemp/NO3/pH/FSig,BbSig,TSig/Ocr: 251.2dbars 14.0680C 34.3839PSU / 253.5uM 14.067C 34.668 8.360 336.537 / 8.5uM / -0.845671V /   50  119  557 / 0x80066dc0 0x7fffd200 0x80085bed 0x7fffa0db
(Oct 06 2025 17:16:46,  174293 sec) Profile()            Sample 32 initiated at 241.3dbars for bin 36 [240dbars].  PTS/O2,T2,TPhase,RPhase,RawTemp/NO3/pH/FSig,BbSig,TSig/Ocr: 241.2dbars 14.1992C 34.3960PSU / 253.9uM 14.203C 34.586 8.366 332.076 / 8.2uM / -0.845350V /   50  123  556 / 0x80067476 0x7fffcd6d 0x80086300 0x7fffa436
(Oct 06 2025 17:18:27,  174394 sec) AscentControlAgent() Bouyancy nudge to 141 (v=0.069dbar/sec).
(Oct 06 2025 17:18:27,  174394 sec) PistonMoveAbsWTO()    131->141 132 133 134 135 136 [30sec, 14.7Volts, 0.221Amps, CPT:1649sec]
(Oct 06 2025 17:19:48,  174475 sec) Profile()            Sample 33 initiated at 229.3dbars for bin 37 [230dbars].  PTS/O2,T2,TPhase,RPhase,RawTemp/NO3/pH/FSig,BbSig,TSig/Ocr: 229.2dbars 14.4989C 34.4164PSU / 254.0uM 14.500C 34.438 8.371 322.331 / 7.6uM / -0.844685V /   52  118  556 / 0x800667db 0x7fffd9c9 0x80087040 0x7fff8f76
(Oct 06 2025 17:19:48,  174475 sec) PistonMoveAbsWTO()    137->141 138 139 140 141 [21sec, 14.7Volts, 0.216Amps, CPT:1670sec]
(Oct 06 2025 17:21:22,  174569 sec) Profile()            Sample 34 initiated at 221.4dbars for bin 38 [220dbars].  PTS/O2,T2,TPhase,RPhase,RawTemp/NO3/pH/FSig,BbSig,TSig/Ocr: 221.3dbars 14.8068C 34.4383PSU / 254.2uM 14.801C 34.285 8.372 312.422 / 6.9uM / -0.844056V /   54  118  556 / 0x800666db 0x7fffc452 0x80088089 0x7fff9624
(Oct 06 2025 17:23:20,  174687 sec) Profile()            Sample 35 initiated at 211.3dbars for bin 39 [210dbars].  PTS/O2,T2,TPhase,RPhase,RawTemp/NO3/pH/FSig,BbSig,TSig/Ocr: 211.2dbars 15.3264C 34.4680PSU / 258.8uM 15.316C 33.820 8.378 295.475 / 5.7uM / -0.842961V /   56  122  555 / 0x800671ed 0x7fffd049 0x80088a36 0x7fff9aed
(Oct 06 2025 17:25:17,  174804 sec) Profile()            Sample 36 initiated at 201.7dbars for bin 40 [200dbars].  PTS/O2,T2,TPhase,RPhase,RawTemp/NO3/pH/FSig,BbSig,TSig/Ocr: 201.6dbars 15.7205C 34.5102PSU / 258.5uM 15.712C 33.647 8.383 282.454 / 5.2uM / -0.842350V /   56  124  555 / 0x80065524 0x7fffd59b 0x8008b824 0x7fff8cd2
(Oct 06 2025 17:27:26,  174933 sec) Profile()            Sample 37 initiated at 192.0dbars for bin 41 [190dbars].  PTS/O2,T2,TPhase,RPhase,RawTemp/NO3/pH/FSig,BbSig,TSig/Ocr: 191.9dbars 16.1453C 34.5533PSU / 256.4uM 16.138C 33.548 8.391 268.390 / 4.4uM / -0.841687V /   58  125  554 / 0x80065f00 0x7fffe4a4 0x8008ba49 0x7fff92db
(Oct 06 2025 17:29:45,  175072 sec) Profile()            Sample 38 initiated at 181.5dbars for bin 42 [180dbars].  PTS/O2,T2,TPhase,RPhase,RawTemp/NO3/pH/FSig,BbSig,TSig/Ocr: 181.4dbars 16.8274C 34.6463PSU / 248.1uM 16.806C 33.629 8.404 246.384 / 4.9uM / -0.841659V /   57  123  553 / 0x80066436 0x7ffffbb6 0x80090400 0x7fff7652
(Oct 06 2025 17:32:05,  175212 sec) Profile()            Sample 39 initiated at 171.6dbars for bin 43 [170dbars].  PTS/O2,T2,TPhase,RPhase,RawTemp/NO3/pH/FSig,BbSig,TSig/Ocr: 171.5dbars 16.9985C 34.6628PSU / 247.4uM 17.000C 33.569 8.416 239.984 / 4.7uM / -0.841071V /   60  124  553 / 0x80065c52 0x8000439b 0x8009ae92 0x7fff7f6d
(Oct 06 2025 17:34:24,  175351 sec) Profile()            Sample 40 initiated at 161.5dbars for bin 44 [160dbars].  PTS/O2,T2,TPhase,RPhase,RawTemp/NO3/pH/FSig,BbSig,TSig/Ocr: 161.4dbars 17.3415C 34.7148PSU / 242.1uM 17.342C 33.670 8.428 228.692 / 4.7uM / -0.841050V /   60  126  552 / 0x80065976 0x8000b76d 0x800a5bed 0x7fff7a12
(Oct 06 2025 17:36:43,  175490 sec) Profile()            Sample 41 initiated at 151.8dbars for bin 45 [150dbars].  PTS/O2,T2,TPhase,RPhase,RawTemp/NO3/pH/FSig,BbSig,TSig/Ocr: 151.7dbars 17.4262C 34.7125PSU / 246.4uM 17.431C 33.423 8.423 225.782 / 4.2uM / -0.840299V /   59  125  552 / 0x80064224 0x80011600 0x800a9dad 0x7fff7589
(Oct 06 2025 17:39:36,  175663 sec) Profile()            Sample 42 initiated at 141.6dbars for bin 46 [140dbars].  PTS/O2,T2,TPhase,RPhase,RawTemp/NO3/pH/FSig,BbSig,TSig/Ocr: 141.5dbars 18.1599C 34.8183PSU / 238.1uM 18.149C 33.498 8.436 202.100 / 4.3uM / -0.840168V /   64  128  551 / 0x80066f12 0x80028776 0x800d1c1b 0x7fff78c9
(Oct 06 2025 17:42:50,  175857 sec) Profile()            Sample 43 initiated at 131.6dbars for bin 47 [130dbars].  PTS/O2,T2,TPhase,RPhase,RawTemp/NO3/pH/FSig,BbSig,TSig/Ocr: 131.6dbars 18.4492C 34.8583PSU / 236.5uM 18.446C 33.442 8.434 192.310 / 4.1uM / -0.839694V /   68  159  550 / 0x80067ab6 0x80045389 0x800f8f36 0x7fff7312
(Oct 06 2025 17:47:00,  176107 sec) Profile()            Sample 44 initiated at 121.7dbars for bin 48 [120dbars].  PTS/O2,T2,TPhase,RPhase,RawTemp/NO3/pH/FSig,BbSig,TSig/Ocr: 121.7dbars 19.2362C 34.9481PSU / 241.1uM 19.213C 32.873 8.445 167.005 / 3.1uM / -0.838313V /   79  137  549 / 0x8006d9c0 0x8008161b 0x80147889 0x7fff82e4
(Oct 06 2025 17:48:40,  176207 sec) AscentControlAgent() Bouyancy nudge to 146 (v=0.035dbar/sec).
(Oct 06 2025 17:48:41,  176208 sec) PistonMoveAbsWTO()    141->146 142 143 144 145 146 [24sec, 14.9Volts, 0.177Amps, CPT:1694sec]
(Oct 06 2025 17:51:13,  176360 sec) Profile()            Sample 45 initiated at 111.7dbars for bin 49 [110dbars].  PTS/O2,T2,TPhase,RPhase,RawTemp/NO3/pH/FSig,BbSig,TSig/Ocr: 111.6dbars 19.6876C 35.0102PSU / 239.2uM 19.683C 32.759 8.453 151.548 / 2.4uM / -0.837293V /   89  139  548 / 0x80077336 0x800a74c9 0x8015c252 0x7fff7ca4
(Oct 06 2025 17:54:39,  176566 sec) Profile()            Sample 46 initiated at 101.6dbars for bin 50 [100dbars].  PTS/O2,T2,TPhase,RPhase,RawTemp/NO3/pH/FSig,BbSig,TSig/Ocr: 101.5dbars 20.4208C 35.0760PSU / 253.3uM 20.395C 31.780 8.464 128.144 / 1.8uM / -0.835345V /  116  140  548 / 0x80094e52 0x80129140 0x801c79f6 0x7fff9c00
(Oct 06 2025 17:56:36,  176683 sec) Profile()            Sample 47 initiated at 96.7dbars for bin 51 [95dbars].  PTS/O2,T2,TPhase,RPhase,RawTemp/NO3/pH/FSig,BbSig,TSig/Ocr: 96.7dbars 20.7287C 35.0946PSU / 260.1uM 20.714C 31.343 8.469 117.663 / 1.7uM / -0.834549V /  116  144  547 / 0x800ce624 0x802ff6f6 0x804239d2 0x80003892
(Oct 06 2025 17:58:55,  176822 sec) Profile()            Sample 48 initiated at 91.8dbars for bin 52 [90dbars].  PTS/O2,T2,TPhase,RPhase,RawTemp/NO3/pH/FSig,BbSig,TSig/Ocr: 91.8dbars 20.9319C 35.1106PSU / 264.2uM 20.922C 31.074 8.470 110.815 / 1.5uM / -0.834173V /   97  142  546 / 0x800eb8d2 0x802e1ec0 0x803893f6 0x80003476
(Oct 06 2025 17:58:56,  176823 sec) AscentControlAgent() Bouyancy nudge to 151 (v=0.038dbar/sec).
(Oct 06 2025 17:58:57,  176824 sec) PistonMoveAbsWTO()    146->151 147 148 149 150 151 [24sec, 14.9Volts, 0.175Amps, CPT:1718sec]
(Oct 06 2025 18:00:56,  176943 sec) Profile()            Sample 49 initiated at 86.7dbars for bin 53 [85dbars].  PTS/O2,T2,TPhase,RPhase,RawTemp/NO3/pH/FSig,BbSig,TSig/Ocr: 86.6dbars 21.1391C 35.1335PSU / 265.7uM 21.138C 30.918 8.474 103.742 / 1.7uM / -0.833754V /   86  146  546 / 0x8012cdad 0x80364864 0x803b9f76 0x800061a4
(Oct 06 2025 18:02:31,  177038 sec) Profile()            Sample 50 initiated at 81.7dbars for bin 54 [80dbars].  PTS/O2,T2,TPhase,RPhase,RawTemp/NO3/pH/FSig,BbSig,TSig/Ocr: 81.7dbars 21.4758C 35.1447PSU / 270.5uM 21.453C 30.587 8.473 93.415 / 1.7uM / -0.833223V /   81  144  545 / 0x801e66b6 0x806e8f80 0x80754336 0x8001ec76
(Oct 06 2025 18:04:17,  177144 sec) Profile()            Sample 51 initiated at 77.0dbars for bin 55 [75dbars].  PTS/O2,T2,TPhase,RPhase,RawTemp/NO3/pH/FSig,BbSig,TSig/Ocr: 76.9dbars 21.7877C 35.1640PSU / 274.8uM 21.774C 30.281 8.476 82.918 / 2.2uM / -0.832706V /   75  145  545 / 0x802bd149 0x80983564 0x8097b280 0x8003341b
(Oct 06 2025 18:06:59,  177306 sec) Profile()            Sample 52 initiated at 71.8dbars for bin 56 [70dbars].  PTS/O2,T2,TPhase,RPhase,RawTemp/NO3/pH/FSig,BbSig,TSig/Ocr: 71.8dbars 22.4414C 35.1952PSU / 278.4uM 22.392C 29.886 8.489 62.730 / 2.2uM / -0.832039V /   69  143  544 / 0x8034d3c0 0x808be2a4 0x807e8e76 0x80036389
(Oct 06 2025 18:09:23,  177450 sec) AscentControlAgent() Bouyancy nudge to 156 (v=0.015dbar/sec).
(Oct 06 2025 18:09:24,  177451 sec) PistonMoveAbsWTO()    151->156 152 153 154 155 156 [24sec, 15.0Volts, 0.180Amps, CPT:1742sec]
(Oct 06 2025 18:12:18,  177625 sec) Profile()            Sample 53 initiated at 66.9dbars for bin 57 [65dbars].  PTS/O2,T2,TPhase,RPhase,RawTemp/NO3/pH/FSig,BbSig,TSig/Ocr: 66.8dbars 23.1908C 35.2360PSU / 279.5uM 23.159C 29.538 8.507 37.746 / 2.1uM / -0.831442V /   66  148  543 / 0x80543876 0x80e06e89 0x80ca6092 0x8008962d
(Oct 06 2025 18:15:10,  177797 sec) Profile()            Sample 54 initiated at 61.8dbars for bin 58 [60dbars].  PTS/O2,T2,TPhase,RPhase,RawTemp/NO3/pH/FSig,BbSig,TSig/Ocr: 61.7dbars 23.6186C 35.2541PSU / 279.8uM 23.586C 29.360 8.511 23.880 / 1.9uM / -0.831115V /   67  144  542 / 0x808cc136 0x816cb689 0x8143e364 0x8011df80
(Oct 06 2025 18:15:11,  177798 sec) AscentControlAgent() Bouyancy nudge to 161 (v=0.029dbar/sec).
(Oct 06 2025 18:15:12,  177799 sec) PistonMoveAbsWTO()    156->161 157 158 159 160 161 [24sec, 14.9Volts, 0.171Amps, CPT:1766sec]
(Oct 06 2025 18:17:43,  177950 sec) Profile()            Sample 55 initiated at 56.9dbars for bin 59 [55dbars].  PTS/O2,T2,TPhase,RPhase,RawTemp/NO3/pH/FSig,BbSig,TSig/Ocr: 56.9dbars 24.4669C 35.2922PSU / 276.0uM 24.423C 29.187 8.518 -3.185 / 2.5uM / -0.830604V /   62  148  542 / 0x80af6e9b 0x81883049 0x81513b5b 0x80183576
(Oct 06 2025 18:20:18,  178105 sec) AscentControlAgent() Bouyancy nudge to 166 (v=0.013dbar/sec).
(Oct 06 2025 18:20:19,  178106 sec) PistonMoveAbsWTO()    161->166 162 163 164 165 166 [24sec, 15.0Volts, 0.171Amps, CPT:1790sec]
(Oct 06 2025 18:25:18,  178405 sec) AscentControlAgent() Bouyancy nudge to 171 (v=0.008dbar/sec).
(Oct 06 2025 18:25:19,  178406 sec) PistonMoveAbsWTO()    166->171 167 168 169 170 171 [24sec, 15.0Volts, 0.157Amps, CPT:1814sec]
(Oct 06 2025 18:30:19,  178706 sec) AscentControlAgent() Bouyancy nudge to 176 (v=-0.000dbar/sec).
(Oct 06 2025 18:30:20,  178707 sec) PistonMoveAbsWTO()    171->176 172 173 174 175 176 [24sec, 15.0Volts, 0.156Amps, CPT:1838sec]
(Oct 06 2025 18:32:51,  178858 sec) Profile()            Sample 56 initiated at 51.6dbars for bin 60 [50dbars].  PTS/O2,T2,TPhase,RPhase,RawTemp/NO3/pH/FSig,BbSig,TSig/Ocr: 51.5dbars 26.9452C 35.4307PSU / 243.4uM 26.951C 29.594 8.550 -84.132 / 2.7uM / -0.828203V /   57  140  537 / 0x814628d2 0x82c34792 0x8253c4ed 0x802b455b
(Oct 06 2025 18:34:37,  178964 sec) Profile()            Sample 57 initiated at 46.6dbars for bin 61 [45dbars].  PTS/O2,T2,TPhase,RPhase,RawTemp/NO3/pH/FSig,BbSig,TSig/Ocr: 46.6dbars 26.9531C 35.4318PSU / 243.2uM 26.961C 29.600 8.551 -84.435 / 2.7uM / -0.828054V /   55  138  537 / 0x818693a4 0x8319f2db 0x8299e824 0x803c33a4
(Oct 06 2025 18:35:22,  179009 sec) AscentControlAgent() Bouyancy nudge to 181 (v=0.039dbar/sec).
(Oct 06 2025 18:35:22,  179009 sec) PistonMoveAbsWTO()    176->181 177 178 179 180 181 [26sec, 15.0Volts, 0.162Amps, CPT:1864sec]
(Oct 06 2025 18:36:38,  179085 sec) Profile()            Sample 58 initiated at 40.6dbars for bin 62 [40dbars].  PTS/O2,T2,TPhase,RPhase,RawTemp/NO3/pH/FSig,BbSig,TSig/Ocr: 40.5dbars 26.9580C 35.4316PSU / 243.1uM 26.963C 29.604 8.552 -84.516 / 2.6uM / -0.828047V /   55  140  536 / 0x812f0476 0x81a1799b 0x812da7a4 0x8020f21b
(Oct 06 2025 18:37:40,  179147 sec) Profile()            Sample 59 initiated at 36.3dbars for bin 63 [35dbars].  PTS/O2,T2,TPhase,RPhase,RawTemp/NO3/pH/FSig,BbSig,TSig/Ocr: 36.2dbars 26.9563C 35.4316PSU / 243.1uM 26.962C 29.607 8.550 -84.487 / 2.7uM / -0.827947V /   56  138  536 / 0x8177b82d 0x820ac712 0x81888212 0x8036b849
(Oct 06 2025 18:38:42,  179209 sec) Profile()            Sample 60 initiated at 31.8dbars for bin 64 [30dbars].  PTS/O2,T2,TPhase,RPhase,RawTemp/NO3/pH/FSig,BbSig,TSig/Ocr: 31.7dbars 26.9581C 35.4316PSU / 243.1uM 26.965C 29.604 8.549 -84.576 / 2.7uM / -0.827813V /   58  138  536 / 0x8313c024 0x85dfe3f6 0x853ae62d 0x811d3a9b
(Oct 06 2025 18:39:44,  179271 sec) Profile()            Sample 61 initiated at 26.7dbars for bin 65 [25dbars].  PTS/O2,T2,TPhase,RPhase,RawTemp/NO3/pH/FSig,BbSig,TSig/Ocr: 26.7dbars 26.9557C 35.4318PSU / 243.1uM 26.964C 29.605 8.547 -84.548 / 2.7uM / -0.827706V /   57  140  536 / 0x838167ed 0x863bdfad 0x85901949 0x817b4a76
(Oct 06 2025 18:40:46,  179333 sec) Profile()            Sample 62 initiated at 21.7dbars for bin 66 [20dbars].  PTS/O2,T2,TPhase,RPhase,RawTemp/NO3/pH/FSig,BbSig,TSig/Ocr: 21.6dbars 26.9565C 35.4317PSU / 243.3uM 26.970C 29.595 8.547 -84.733 / 2.7uM / -0.827554V /   57  140  536 / 0x84979bb6 0x87da5064 0x86fafe6d 0x826c48b6
(Oct 06 2025 18:41:48,  179395 sec) Profile()            Sample 63 initiated at 16.6dbars for bin 67 [15dbars].  PTS/O2,T2,TPhase,RPhase,RawTemp/NO3/pH/FSig,BbSig,TSig/Ocr: 16.6dbars 26.9567C 35.4316PSU / 243.3uM 26.974C 29.590 8.547 -84.854 / 2.7uM / -0.827371V /   56  140  535 / 0x859d9180 0x89531449 0x887e611b 0x83fb585b
(Oct 06 2025 18:43:01,  179468 sec) Profile()            Sample 64 initiated at 11.6dbars for bin 68 [10dbars].  PTS/O2,T2,TPhase,RPhase,RawTemp/NO3/pH/FSig,BbSig,TSig/Ocr: 11.5dbars 26.9522C 35.4325PSU / 243.4uM 26.965C 29.590 8.546 -84.552 / 2.6uM / -0.827534V /   56  141  535 / 0x86671ea4 0x8a112536 0x893f43b6 0x85bee62d
(Oct 06 2025 18:44:03,  179530 sec) Profile()            Sample 65 initiated at 7.7dbars for bin 69 [6dbars].  PTS/O2,T2,TPhase,RPhase,RawTemp/NO3/pH/FSig,BbSig,TSig/Ocr: 7.7dbars 26.9534C 35.4319PSU / 243.5uM 26.969C 29.584 8.545 -84.683 / 2.8uM / -0.827473V /   55  139  535 / 0x84f6dd6d 0x86173652 0x8513def6 0x834b7a5b
(Oct 06 2025 18:44:27,  179554 sec) SurfaceDetect()      SurfacePressure:0.0dbars Pressure:3.7dbars PistonPosition:181
(Oct 06 2025 18:44:28,  179555 sec) Sbe41cpStopCP()      Continuous profile stopped.
(Oct 06 2025 18:44:31,  179558 sec) PistonMoveAbsWTO()    181->203 182 183 184 185 186 187 188 189 190 191 192 193 194 195 196 197 198 199 200 201 202 203 [107sec, 14.9Volts, 0.152Amps, CPT:1971sec]
(Oct 06 2025 18:46:24,  179671 sec) chat()               Expected string [S>] not received.
(Oct 06 2025 18:48:18,  179785 sec) Sbe41cpBinAverage()  Finished averaging 13769 samples in 109 seconds.
(Oct 06 2025 18:48:23,  179790 sec) Sbe41cpUploadCP_()   Sbe41cpSerNo[20478] NSample[13769] NBin[493]
(Oct 06 2025 18:48:54,  179821 sec) Sbe41cpUploadCP_()   Continuous profile uploaded [493 lines].
(Oct 06 2025 18:49:08,  179835 sec) MscErrorLog_()       No error records to log.
(Oct 06 2025 18:49:18,  179845 sec) MscErrorLog_()       No error records to log.

<EOT>
