(Oct 04 2025 01:14:49,   52372 sec) TelemetryInit()      Profile 14. (Apf11 FwRev: 061125)
(Oct 04 2025 01:14:49,   52372 sec) TelemetryInit()      Charge consumption model: OCV:15.2V Wake-Cycles:20149 Standby:11.8days Wake:15.1kC Sensors:1.6kC
(Oct 04 2025 01:20:04,   52687 sec) GetSurfaceObs()      P/O2,T2,TPhase,RPhase,RawTemp/FSig,BbSig,TSig: 0.3dbars / 243.3uM 27.251C 29.490 8.596 -93.614 / 55,142,535
(Oct 04 2025 01:20:04,   52687 sec) GetSurfaceObs()      P/Ocr: 0.3dbars / 0x8c9294e4 0x93748fb6 0x8edcecf6 0x9532da09
(Oct 04 2025 01:20:37,   52720 sec) GetSurfaceObs()      P/O2,T2,TPhase,RPhase,RawTemp/FSig,BbSig,TSig: 0.2dbars / 243.7uM 27.165C 29.501 8.584 -90.916 / 51,137,535
(Oct 04 2025 01:20:37,   52720 sec) GetSurfaceObs()      P/Ocr: 0.2dbars / 0x8dab8392 0x9430049b 0x939bac24 0x95ee826d
(Oct 04 2025 01:21:11,   52754 sec) GetSurfaceObs()      P/O2,T2,TPhase,RPhase,RawTemp/FSig,BbSig,TSig: 0.2dbars / 243.6uM 27.182C 29.501 8.579 -91.453 / 52,136,535
(Oct 04 2025 01:21:11,   52754 sec) GetSurfaceObs()      P/Ocr: 0.2dbars / 0x8da273b6 0x985f001b 0x96d95a9b 0x954f756d
(Oct 04 2025 01:21:44,   52787 sec) GetSurfaceObs()      P/O2,T2,TPhase,RPhase,RawTemp/FSig,BbSig,TSig: 0.2dbars / 243.3uM 27.234C 29.495 8.576 -93.103 / 51,136,534
(Oct 04 2025 01:21:44,   52787 sec) GetSurfaceObs()      P/Ocr: 0.2dbars / 0x8b73685b 0x91f5cdad 0x9099c364 0x94a56ded
(Oct 04 2025 01:24:50,   52973 sec) AirSystem()          Battery [216cnt, 15.2V]  Current [20cnt, 78.5mA]  Pneumometer [155cnt, 18.2psi]  Run-Time [89s]
(Oct 04 2025 01:25:03,   52986 sec) GetSurfaceObs()      P/O2,T2,TPhase,RPhase,RawTemp/FSig,BbSig,TSig: -0.1dbars / 245.7uM 26.675C 29.596 8.591 -75.364 / 53,140,534
(Oct 04 2025 01:25:03,   52986 sec) GetSurfaceObs()      P/Ocr: -0.1dbars / 0x9126df92 0x9dae0364 0x9d5b7aad 0x9f373c9b
(Oct 04 2025 01:25:37,   53020 sec) GetSurfaceObs()      P/O2,T2,TPhase,RPhase,RawTemp/FSig,BbSig,TSig: -0.1dbars / 249.1uM 26.263C 29.603 8.585 -62.258 / 52,137,534
(Oct 04 2025 01:25:37,   53020 sec) GetSurfaceObs()      P/Ocr: -0.1dbars / 0x8c4ce85b 0x9070429b 0x91ed639b 0x91049ddb
(Oct 04 2025 01:26:10,   53053 sec) GetSurfaceObs()      P/O2,T2,TPhase,RPhase,RawTemp/FSig,BbSig,TSig: 0.1dbars / 241.3uM 27.037C 29.657 8.582 -86.861 / 53,135,534
(Oct 04 2025 01:26:10,   53053 sec) GetSurfaceObs()      P/Ocr: 0.1dbars / 0x8f4fcb76 0x96eb1676 0x94d4805b 0x96d5d7ad
(Oct 04 2025 01:26:43,   53086 sec) GetSurfaceObs()      P/O2,T2,TPhase,RPhase,RawTemp/FSig,BbSig,TSig: -0.0dbars / 245.6uM 26.426C 29.695 8.573 -67.449 / 52,133,534
(Oct 04 2025 01:26:43,   53086 sec) GetSurfaceObs()      P/Ocr: -0.0dbars / 0x8dbe341b 0x935e8f49 0x922808c9 0x92eb4c40
(Oct 04 2025 01:27:16,   53119 sec) GetSurfaceObs()      P/O2,T2,TPhase,RPhase,RawTemp/FSig,BbSig,TSig: -0.0dbars / 241.0uM 27.083C 29.655 8.576 -88.323 / 55,140,534
(Oct 04 2025 01:27:16,   53119 sec) GetSurfaceObs()      P/Ocr: -0.0dbars / 0x8f791192 0x9895c2e4 0x954b469b 0x993f109b
(Oct 04 2025 01:27:49,   53152 sec) GetSurfaceObs()      P/O2,T2,TPhase,RPhase,RawTemp/FSig,BbSig,TSig: -0.1dbars / 240.9uM 26.889C 29.732 8.576 -82.141 / 53,132,534
(Oct 04 2025 01:27:49,   53152 sec) GetSurfaceObs()      P/Ocr: -0.1dbars / 0x8cb9c440 0x92343880 0x900daa12 0x8fe7559b
(Oct 04 2025 01:28:23,   53186 sec) GetSurfaceObs()      P/O2,T2,TPhase,RPhase,RawTemp/FSig,BbSig,TSig: -0.1dbars / 246.8uM 26.481C 29.622 8.571 -69.201 / 52,140,534
(Oct 04 2025 01:28:23,   53186 sec) GetSurfaceObs()      P/Ocr: -0.1dbars / 0x90bdd3f6 0x99084f9b 0x96a62e09 0x9932cc92
(Oct 04 2025 01:28:56,   53219 sec) GetSurfaceObs()      P/O2,T2,TPhase,RPhase,RawTemp/FSig,BbSig,TSig: -0.1dbars / 245.9uM 26.741C 29.563 8.569 -77.442 / 52,134,534
(Oct 04 2025 01:28:56,   53219 sec) GetSurfaceObs()      P/Ocr: -0.1dbars / 0x8eeb6f00 0x9539271b 0x937a8336 0x94c2d376
(Oct 04 2025 01:29:13,   53236 sec) AirSystem()          Battery [217cnt, 15.2V]  Current [19cnt, 75.7mA]  Pneumometer [158cnt, 18.6psi]  Run-Time [9s]
(Oct 04 2025 01:29:54,   53277 sec) GetSurfaceObs()      P/O2,T2,TPhase,RPhase,RawTemp/FSig,BbSig,TSig: 0.1dbars / 245.0uM 26.461C 29.708 8.577 -68.548 / 53,139,534
(Oct 04 2025 01:29:54,   53277 sec) GetSurfaceObs()      P/Ocr: 0.1dbars / 0x8ebdf292 0x945b1eed 0x92cacd9b 0x948f7012
(Oct 04 2025 01:29:57,   53280 sec) GpsServices()        GPS almanac is current.
(Oct 04 2025 01:29:57,   53280 sec) GpsServices()        Initiating GPS fix acquisition.
(Oct 04 2025 01:30:04,   53287 sec) gga()                $GPGGA,013030,2737.5478,N,15755.7135,W,0,00,,,M,,M,,*42
(Oct 04 2025 01:30:13,   53296 sec) gga()                $GPGGA,013040,2737.5478,N,15755.7135,W,0,00,,,M,,M,,*45
(Oct 04 2025 01:30:23,   53306 sec) gga()                $GPGGA,013050,2737.5478,N,15755.7135,W,0,00,,,M,,M,,*44
(Oct 04 2025 01:30:33,   53316 sec) gga()                $GPGGA,013100,2737.5478,N,15755.7135,W,0,00,,,M,,M,,*40
(Oct 04 2025 01:30:34,   53317 sec) gga()                $GPGGA,013100,2737.5478,N,15755.7135,W,0,00,,,M,,M,,*40
(Oct 04 2025 01:30:43,   53326 sec) gga()                $GPGGA,013110,2737.5478,N,15755.7135,W,0,00,,,M,,M,,*41
(Oct 04 2025 01:30:53,   53336 sec) gga()                $GPGGA,013120,2737.5478,N,15755.7135,W,0,00,,,M,,M,,*42
(Oct 04 2025 01:31:03,   53346 sec) gga()                $GPGGA,013130,2737.5478,N,15755.7135,W,0,00,,,M,,M,,*43
(Oct 04 2025 01:31:04,   53347 sec) gga()                $GPGGA,013130,2737.5478,N,15755.7135,W,0,00,,,M,,M,,*43
(Oct 04 2025 01:31:13,   53356 sec) gga()                $GPGGA,013140,2737.5478,N,15755.7135,W,0,00,,,M,,M,,*44
(Oct 04 2025 01:31:23,   53366 sec) gga()                $GPGGA,013150,2737.5478,N,15755.7135,W,0,00,,,M,,M,,*45
(Oct 04 2025 01:31:33,   53376 sec) gga()                $GPGGA,013200,2737.5478,N,15755.7135,W,0,00,,,M,,M,,*43
(Oct 04 2025 01:31:34,   53377 sec) gga()                $GPGGA,013200,2737.5478,N,15755.7135,W,0,00,,,M,,M,,*43
(Oct 04 2025 01:31:43,   53386 sec) gga()                $GPGGA,013210,2737.5478,N,15755.7135,W,0,00,,,M,,M,,*42
(Oct 04 2025 01:31:53,   53396 sec) gga()                $GPGGA,013220,2737.5478,N,15755.7135,W,0,00,,,M,,M,,*41
(Oct 04 2025 01:32:14,   53417 sec) gga()                $GPGGA,013240,2737.7698,N,15756.0765,W,1,10,0.9,-2.9,M,-5.8,M,,*6F
(Oct 04 2025 01:32:14,   53417 sec) GpsServices()        Profile 14 GPS fix obtained in 137 seconds.
(Oct 04 2025 01:32:14,   53417 sec) GpsServices()                   lon      lat mm/dd/yyyy hhmmss nsat
(Oct 04 2025 01:32:14,   53417 sec) GpsServices()        Fix: -157.9346  27.6295 10/04/2025 013240   10
(Oct 04 2025 01:32:24,   53427 sec) gga()                $GPGGA,013250,2737.7711,N,15756.0747,W,1,10,0.9,-3.1,M,-5.8,M,,*67
(Oct 04 2025 01:32:33,   53436 sec) gga()                $GPGGA,013300,2737.7723,N,15756.0737,W,1,10,0.9,-3.3,M,-5.8,M,,*67
(Oct 04 2025 01:32:33,   53436 sec) GpsServices()        APF11 RTC skew (-27s) OK.
(Oct 04 2025 01:32:33,   53436 sec) GpsServices()        GPS services complete.
(Oct 04 2025 01:33:15,   53478 sec) IrGeoLoc()           <x,y,z>=<-5240km,-2120km,2936km> lat=27.605 lon=-157.973 IrSysTime=0xee331b49
(Oct 04 2025 01:33:18,   53481 sec) CLogin()             Connecting to primary host.
(Oct 04 2025 01:33:29,   53492 sec) CLogin()             Connection 1 established in 11 seconds.
(Oct 04 2025 01:33:59,   53522 sec) expect()             Attempt to read prompt string [login:] failed.
(Oct 04 2025 01:33:59,   53522 sec) login()              Login prompt not received.
(Oct 04 2025 01:34:10,   53533 sec) login()              Login successful.
(Oct 04 2025 01:34:16,   53539 sec) CLogin()             Logged in to host.  [Login required 47 seconds]
(Oct 04 2025 01:34:17,   53540 sec) RxConfig()           Downloading "mission.cfg" from host.
(Oct 04 2025 01:34:31,   53554 sec) RxConfig()           Download successful: [bytes:83, sec:12.0, bps:7]
(Oct 04 2025 01:34:35,   53558 sec) WriteVitals_()       Writing vitals to "23808.014.msg".
(Oct 04 2025 01:34:43,   53566 sec) UpLoadFile()         Uploading "23808.014.log" to host.
(Oct 04 2025 01:37:38,   53741 sec) UpLoadFile()         Upload successful: [bytes:41962, sec:175.0, bps:240]
(Oct 04 2025 01:37:39,   53742 sec) fmove()              Moved: 23808.014.log -> archive/23808.014.log
(Oct 04 2025 01:37:42,   53745 sec) UpLoadFile()         Uploading "23808.014.msg" to host.
(Oct 04 2025 01:39:06,   53829 sec) UpLoadFile()         Upload successful: [bytes:22182, sec:84.0, bps:264]
(Oct 04 2025 01:39:07,   53830 sec) fmove()              Moved: 23808.014.msg -> archive/23808.014.msg
(Oct 04 2025 01:39:11,   53834 sec) UpLoadFile()         Uploading "23808.014.isus" to host.
(Oct 04 2025 01:41:11,   53954 sec) UpLoadFile()         Upload successful: [bytes:24394, sec:120.2, bps:203]
(Oct 04 2025 01:41:12,   53955 sec) fmove()              Moved: 23808.014.isus -> archive/23808.014.isus
(Oct 04 2025 01:41:16,   53959 sec) UpLoadFile()         Uploading "23808.014.dura" to host.
(Oct 04 2025 01:42:27,   54030 sec) UpLoadFile()         Upload successful: [bytes:11989, sec:71.3, bps:168]
(Oct 04 2025 01:42:29,   54032 sec) fmove()              Moved: 23808.014.dura -> archive/23808.014.dura
(Oct 04 2025 01:42:30,   54033 sec) UpLoad()             Files successfully uploaded: 4
(Oct 04 2025 01:42:30,   54033 sec) UpLoad()             Upload complete.
(Oct 04 2025 01:42:39,   54042 sec) chat()               Expected string [logout] not received.
(Oct 04 2025 01:42:39,   54042 sec) logout()             Attempt to log-out failed.
(Oct 04 2025 01:42:39,   54042 sec) logout()             No carrier detected.
(Oct 04 2025 01:42:39,   54042 sec) Telemetry()          Telemetry cycle complete: PrfId=14 ConnectionAttempts=1  Connections=1
(Oct 04 2025 01:42:39,   54042 sec) TelemetryTerminate() Parsing new mission configuration.
(Oct 04 2025 01:42:40,   54043 sec) configure()          Parsing configurators in "mission.cfg".
(Oct 04 2025 01:42:40,   54043 sec) configure()             TelemetryRetry(15)      [0x7BBC] [TelemetryRetry(15)].
(Oct 04 2025 01:42:40,   54043 sec) configure()             DeepProfilePistonPos(9) [CRC=0xFF37] [DeepProfilePistonPos(9)].
(Oct 04 2025 01:42:40,   54043 sec) configure()             DeepProfilePressure(2025) [CRC=0x5FF2] [ProfilePressure(2025)].
(Oct 04 2025 01:42:41,   54044 sec) configure()          Configuration CRCs and syntax OK.
(Oct 04 2025 01:42:41,   54044 sec) ConfigSupervisor()   Sanity check violated: cfg->TimeDeepProfileDescent >= (cfg->PressureProfile-cfg->PressurePark)/dPdt
(Oct 04 2025 01:42:41,   54044 sec) ConfigSupervisor()   Configuration accepted.
(Oct 04 2025 01:42:41,   54044 sec) TelemetryTerminate() Reconditioning the file system.
(Oct 04 2025 01:42:43,       0 sec) DescentInit()        Deep profile 15 initiated at mission-time 54046sec.
(Oct 04 2025 01:42:44,       1 sec) DescentInit()        Surface pressure: -0.1dbars.
(Oct 04 2025 01:42:44,       1 sec) DescentInit()        Charge consumption model: OCV:15.0V Wake-Cycles:20150 Standby:11.8days Wake:15.1kC Sleep:1.6kC
(Oct 04 2025 01:42:56,      13 sec) DescentInit()        Pneumatic humidity: 2894(60.3%) -> 2898(60.5%)
(Oct 04 2025 01:42:56,      13 sec) PistonMoveAbsWTO()    203->069 202 201 200 199 198 197 196 195 194 193 192 191 190 189 188 187 186 185 184 183 182 181 180 179 178 177 176 175 174 173 172 171 170 169 168 167 166 165 164 163 162 161 160 159 158 157 156 155 154 153 152 151 150 149 148 147 146 145 144 143 142 141 140 139 138 137 136 135 134 133 132 131 130 129 128 127 126 125 124 123 122 121 120 119 118 117 116 115 114 113 112 111 110 109 108 107 106 105 104 103 102 101 100 099 098 097 096 095 094 093 092 091 090 089 088 087 086 085 084 083 082 081 080 079 078 077 076 075 074 073 072 071 070 069 [657sec, 15.0Volts, 0.136Amps, CPT:657sec]
(Oct 04 2025 01:53:57,     674 sec) DescentInit()        Air solenoid open: Barometer [209cnt,  12.2psi]  Pneumometer [107cnt,  12.5psi]
(Oct 04 2025 01:54:07,     684 sec) Descent()            Pressure: 61.5
(Oct 04 2025 02:42:43,    3600 sec) Descent()            Pressure: 451.6
(Oct 04 2025 03:42:43,    7200 sec) Descent()            Pressure: 730.2
(Oct 04 2025 04:42:43,   10800 sec) Descent()            Pressure: 790.6
(Oct 04 2025 05:42:43,   14400 sec) Descent()            Pressure: 798.4
(Oct 04 2025 05:42:44,   14401 sec) ParkInit()           Charge consumption model: OCV:15.5V Wake-Cycles:20155 Standby:12.0days Wake:15.4kC Sensors:1.6kC
(Oct 04 2025 08:43:15,   25232 sec) CtdPower()           [  802.34,  4.5021, 34.2234]
(Oct 04 2025 08:43:15,   25232 sec) CtdPower()           CTD Power consumption [219VCnt 3ACnt]: 15.403Volts * 0.012Amps = 0.18Watts.
(Oct 04 2025 08:43:21,   25238 sec) ParkTerminate()      Piston Position:69 Vacuum:191 HumidityAd12:4094(inf%) Vq:220 Aq:2 Vsbe:219 Asbe:3 Vflbb:217 Aflbb:11 Vopt:217 Aopt:13 Vocr:217 Aocr:7 MuxTemp:4.579C MuxHumidity:6.6%
(Oct 04 2025 08:43:51,   25268 sec) ParkTerminate()      PTS/O2,T2,TPhase,RawTemp: 802.4dbars 4.5023C 34.2233PSU / 35.3uM 4.494C 57.071 8.166 642.331
(Oct 04 2025 08:43:51,   25268 sec) ParkTerminate()      FLBB FSig, BbSig, TSig: 55, 114, 571 / Ocr: nan nan nan nan
(Oct 04 2025 08:43:52,   25269 sec) GoDeepInit()         Charge consumption model: OCV:15.4V Wake-Cycles:20158 Standby:12.1days Wake:15.4kC Sensors:1.6kC
(Oct 04 2025 08:43:52,   25269 sec) GoDeepInit()         Moving piston.
(Oct 04 2025 08:43:52,   25269 sec) PistonMoveAbsWTO()    069->009 068 067 066 065 064 063 062 061 060 059 058 057 056 055 054 053 052 051 050 049 048 047 046 045 044 043 042 041 040 039 038 037 036 035 034 033 032 031 030 029 028 027 026 025 024 023 022 021 020 019 018 017 016 015 014 013 012 011 010 009 [296sec, 14.9Volts, 0.059Amps, CPT:953sec]
(Oct 04 2025 10:42:43,   32400 sec) ProfileInit()        Charge consumption model: OCV:15.5V Wake-Cycles:20181 Standby:12.2days Wake:15.4kC Sensors:1.6kC
(Oct 04 2025 10:42:43,   32400 sec) ProfileInit()        PrfId:015  Pressure:1532.2dbar  pTable[5]:1500dbar
(Oct 04 2025 10:42:45,   32402 sec) ProfileInit()        Muxer PPIs K{1,2} quiescent: 15.41V, 0.1mA, 1.5mW
(Oct 04 2025 10:42:49,   32406 sec) ProfileInit()        ISUS powered up.
(Oct 04 2025 10:42:52,   32409 sec) ProfileInit()        Muxer PPIs K{1,2} w/ ISUS awake: 15.22V, 53.2mA, 809.9mW
(Oct 04 2025 10:42:59,   32416 sec) MscErrorLog_()       No error records to log.
(Oct 04 2025 10:43:06,   32423 sec) ProfileInit()        DURA powered up.
(Oct 04 2025 10:43:10,   32427 sec) ProfileInit()        Muxer PPIs K{1,2} w/ DURA awake: 15.20V, 48.4mA, 735.9mW
(Oct 04 2025 10:43:15,   32432 sec) MscErrorLog_()       No error records to log.
(Oct 04 2025 10:43:21,   32438 sec) PistonMoveAbsWTO()    009->031 010 011 012 013 014 015 [30sec, 14.6Volts, 0.515Amps, CPT:983sec]
(Oct 04 2025 10:44:02,   32479 sec) PistonMoveAbsWTO()    015->031 016 017 018 019 020 [30sec, 14.4Volts, 0.511Amps, CPT:1013sec]
(Oct 04 2025 10:44:43,   32520 sec) PistonMoveAbsWTO()    020->031 021 022 023 024 025 [30sec, 14.3Volts, 0.502Amps, CPT:1043sec]
(Oct 04 2025 10:45:24,   32561 sec) PistonMoveAbsWTO()    025->031 026 027 028 029 030 [30sec, 14.2Volts, 0.501Amps, CPT:1073sec]
(Oct 04 2025 10:46:05,   32602 sec) PistonMoveAbsWTO()    030->031 031 [1sec, 14.3Volts, 0.521Amps, CPT:1074sec]
(Oct 04 2025 10:52:44,   33001 sec) Profile()            Sample 0 initiated at 1501.5dbars for bin 5 [1500dbars].  PTS/O2,T2,TPhase,RPhase,RawTemp/NO3/pH/FSig,BbSig,TSig/Ocr: 1499.7dbars 2.8067C 34.5502PSU / 73.0uM 2.801C 53.246 8.125 693.954 / 41.9uM / -0.884289V /   54  112  573 / nan nan nan nan
(Oct 04 2025 10:57:54,   33311 sec) AscentControlAgent() Bouyancy nudge to 41 (v=0.069dbar/sec).
(Oct 04 2025 10:57:54,   33311 sec) PistonMoveAbsWTO()    031->041 032 033 034 035 036 [30sec, 14.5Volts, 0.494Amps, CPT:1104sec]
(Oct 04 2025 10:58:35,   33352 sec) PistonMoveAbsWTO()    036->041 037 038 039 040 041 [26sec, 14.3Volts, 0.489Amps, CPT:1130sec]
(Oct 04 2025 11:09:21,   33998 sec) Profile()            Sample 1 initiated at 1401.6dbars for bin 6 [1400dbars].  PTS/O2,T2,TPhase,RPhase,RawTemp/NO3/pH/FSig,BbSig,TSig/Ocr: 1399.4dbars 2.9781C 34.5342PSU / 67.6uM 2.972C 53.737 8.137 688.783 / 42.2uM / -0.884307V /   55  114  573 / nan nan nan nan
(Oct 04 2025 11:28:31,   35148 sec) Profile()            Sample 2 initiated at 1302.0dbars for bin 7 [1300dbars].  PTS/O2,T2,TPhase,RPhase,RawTemp/NO3/pH/FSig,BbSig,TSig/Ocr: 1300.4dbars 3.1834C 34.5166PSU / 63.2uM 3.177C 54.136 8.140 682.575 / 42.6uM / -0.883999V /   54  115  573 / nan nan nan nan
(Oct 04 2025 11:28:32,   35149 sec) AscentControlAgent() Bouyancy nudge to 51 (v=0.078dbar/sec).
(Oct 04 2025 11:28:33,   35150 sec) PistonMoveAbsWTO()    041->051 042 043 044 045 046 [30sec, 14.6Volts, 0.470Amps, CPT:1160sec]
(Oct 04 2025 11:29:14,   35191 sec) PistonMoveAbsWTO()    046->051 047 048 049 050 051 [25sec, 14.4Volts, 0.469Amps, CPT:1185sec]
(Oct 04 2025 11:45:20,   36157 sec) Profile()            Sample 3 initiated at 1201.0dbars for bin 8 [1200dbars].  PTS/O2,T2,TPhase,RPhase,RawTemp/NO3/pH/FSig,BbSig,TSig/Ocr: 1199.1dbars 3.3735C 34.4985PSU / 58.6uM 3.366C 54.584 8.142 676.821 / 42.7uM / -0.883542V /   54  114  572 / nan nan nan nan
(Oct 04 2025 11:59:20,   36997 sec) AscentControlAgent() Bouyancy nudge to 61 (v=0.074dbar/sec).
(Oct 04 2025 11:59:20,   36997 sec) PistonMoveAbsWTO()    051->061 052 053 054 055 056 [30sec, 14.7Volts, 0.416Amps, CPT:1215sec]
(Oct 04 2025 12:00:01,   37038 sec) PistonMoveAbsWTO()    056->061 057 058 059 060 061 [23sec, 14.5Volts, 0.419Amps, CPT:1238sec]
(Oct 04 2025 12:05:02,   37339 sec) Profile()            Sample 4 initiated at 1101.3dbars for bin 9 [1100dbars].  PTS/O2,T2,TPhase,RPhase,RawTemp/NO3/pH/FSig,BbSig,TSig/Ocr: 1099.3dbars 3.6101C 34.4626PSU / 49.9uM 3.605C 55.506 8.147 669.563 / 43.2uM / -0.883664V /   54  115  572 / nan nan nan nan
(Oct 04 2025 12:17:12,   38069 sec) PistonMoveAbsWTO()    060->061 061 [1sec, 14.8Volts, 0.442Amps, CPT:1239sec]
(Oct 04 2025 12:20:32,   38269 sec) AscentControlAgent() Bouyancy nudge to 71 (v=0.069dbar/sec).
(Oct 04 2025 12:20:32,   38269 sec) PistonMoveAbsWTO()    061->071 062 063 064 065 066 [30sec, 14.7Volts, 0.389Amps, CPT:1269sec]
(Oct 04 2025 12:21:13,   38310 sec) PistonMoveAbsWTO()    066->071 067 068 069 070 071 [24sec, 14.5Volts, 0.393Amps, CPT:1293sec]
(Oct 04 2025 12:25:19,   38556 sec) Profile()            Sample 5 initiated at 1001.9dbars for bin 10 [1000dbars].  PTS/O2,T2,TPhase,RPhase,RawTemp/NO3/pH/FSig,BbSig,TSig/Ocr: 1000.1dbars 3.8917C 34.4039PSU / 38.1uM 3.883C 56.872 8.153 661.063 / 43.5uM / -0.884099V /   54  113  572 / nan nan nan nan
(Oct 04 2025 12:29:14,   38791 sec) Sbe41cpStartCP()     Continuous profile started.
(Oct 04 2025 12:35:11,   39148 sec) Profile()            Sample 6 initiated at 951.9dbars for bin 11 [950dbars].  PTS/O2,T2,TPhase,RPhase,RawTemp/NO3/pH/FSig,BbSig,TSig/Ocr: 951.8dbars 4.0121C 34.3563PSU / 31.5uM 4.004C 57.701 8.158 657.356 / 43.8uM / -0.884769V /   55  116  571 / nan nan nan nan
(Oct 04 2025 12:45:22,   39759 sec) Profile()            Sample 7 initiated at 901.7dbars for bin 12 [900dbars].  PTS/O2,T2,TPhase,RPhase,RawTemp/NO3/pH/FSig,BbSig,TSig/Ocr: 901.6dbars 4.1222C 34.3250PSU / 29.7uM 4.115C 57.915 8.159 653.959 / 43.6uM / -0.884416V /   55  118  571 / nan nan nan nan
(Oct 04 2025 12:50:54,   40091 sec) AscentControlAgent() Bouyancy nudge to 81 (v=0.072dbar/sec).
(Oct 04 2025 12:50:55,   40092 sec) PistonMoveAbsWTO()    071->081 072 073 074 075 076 [30sec, 14.5Volts, 0.362Amps, CPT:1323sec]
(Oct 04 2025 12:51:36,   40133 sec) PistonMoveAbsWTO()    076->081 077 078 079 080 081 [23sec, 14.4Volts, 0.363Amps, CPT:1346sec]
(Oct 04 2025 12:55:54,   40391 sec) Profile()            Sample 8 initiated at 851.0dbars for bin 13 [850dbars].  PTS/O2,T2,TPhase,RPhase,RawTemp/NO3/pH/FSig,BbSig,TSig/Ocr: 850.9dbars 4.2859C 34.2746PSU / 29.7uM 4.278C 57.872 8.163 648.984 / 43.6uM / -0.884120V /   55  115  571 / nan nan nan nan
(Oct 04 2025 13:05:43,   40980 sec) Profile()            Sample 9 initiated at 801.3dbars for bin 14 [800dbars].  PTS/O2,T2,TPhase,RPhase,RawTemp/NO3/pH/FSig,BbSig,TSig/Ocr: 801.3dbars 4.4751C 34.2273PSU / 33.2uM 4.467C 57.353 8.167 643.166 / 43.1uM / -0.883424V /   55  114  571 / nan nan nan nan
(Oct 04 2025 13:11:15,   41312 sec) AscentControlAgent() Bouyancy nudge to 91 (v=0.072dbar/sec).
(Oct 04 2025 13:11:16,   41313 sec) PistonMoveAbsWTO()    081->091 082 083 084 085 086 [30sec, 14.6Volts, 0.337Amps, CPT:1376sec]
(Oct 04 2025 13:11:57,   41354 sec) PistonMoveAbsWTO()    086->091 087 088 089 090 091 [23sec, 14.5Volts, 0.333Amps, CPT:1399sec]
(Oct 04 2025 13:15:53,   41590 sec) Profile()            Sample 10 initiated at 751.6dbars for bin 15 [750dbars].  PTS/O2,T2,TPhase,RPhase,RawTemp/NO3/pH/FSig,BbSig,TSig/Ocr: 751.5dbars 4.7485C 34.1728PSU / 41.9uM 4.739C 56.148 8.172 634.787 / 41.9uM / -0.882199V /   55  115  571 / nan nan nan nan
(Oct 04 2025 13:25:09,   42146 sec) Profile()            Sample 11 initiated at 701.8dbars for bin 16 [700dbars].  PTS/O2,T2,TPhase,RPhase,RawTemp/NO3/pH/FSig,BbSig,TSig/Ocr: 701.7dbars 5.1143C 34.1201PSU / 54.9uM 5.102C 54.438 8.178 623.595 / 40.5uM / -0.880415V /   54  115  570 / nan nan nan nan
(Oct 04 2025 13:26:27,   42224 sec) AscentControlAgent() Bouyancy nudge to 101 (v=0.078dbar/sec).
(Oct 04 2025 13:26:28,   42225 sec) PistonMoveAbsWTO()    091->101 092 093 094 095 096 [30sec, 14.6Volts, 0.317Amps, CPT:1429sec]
(Oct 04 2025 13:27:09,   42266 sec) PistonMoveAbsWTO()    096->101 097 098 099 100 101 [23sec, 14.5Volts, 0.321Amps, CPT:1452sec]
(Oct 04 2025 13:34:56,   42733 sec) Profile()            Sample 12 initiated at 651.4dbars for bin 17 [650dbars].  PTS/O2,T2,TPhase,RPhase,RawTemp/NO3/pH/FSig,BbSig,TSig/Ocr: 651.4dbars 5.5508C 34.0690PSU / 78.7uM 5.540C 51.604 8.186 610.006 / 38.0uM / -0.877462V /   54  118  569 / nan nan nan nan
(Oct 04 2025 13:44:01,   43278 sec) Profile()            Sample 13 initiated at 601.7dbars for bin 18 [600dbars].  PTS/O2,T2,TPhase,RPhase,RawTemp/NO3/pH/FSig,BbSig,TSig/Ocr: 601.6dbars 6.1089C 34.0256PSU / 107.5uM 6.094C 48.529 8.198 592.771 / 35.2uM / -0.873850V /   54  240  569 / nan nan nan nan
(Oct 04 2025 13:51:54,   43751 sec) AscentControlAgent() Bouyancy nudge to 111 (v=0.068dbar/sec).
(Oct 04 2025 13:51:54,   43751 sec) PistonMoveAbsWTO()    101->111 102 103 104 105 106 [30sec, 14.7Volts, 0.292Amps, CPT:1482sec]
(Oct 04 2025 13:52:35,   43792 sec) PistonMoveAbsWTO()    106->111 107 108 109 110 111 [23sec, 14.6Volts, 0.284Amps, CPT:1505sec]
(Oct 04 2025 13:55:02,   43939 sec) Profile()            Sample 14 initiated at 552.0dbars for bin 19 [550dbars].  PTS/O2,T2,TPhase,RPhase,RawTemp/NO3/pH/FSig,BbSig,TSig/Ocr: 551.9dbars 7.1071C 33.9999PSU / 149.3uM 7.094C 44.557 8.221 561.403 / 30.1uM / -0.868287V /   53  122  568 / nan nan nan nan
(Oct 04 2025 13:57:03,   44060 sec) AscentControlAgent() Bouyancy nudge to 121 (v=0.079dbar/sec).
(Oct 04 2025 13:57:03,   44060 sec) PistonMoveAbsWTO()    111->121 112 113 114 115 116 [30sec, 14.6Volts, 0.286Amps, CPT:1535sec]
(Oct 04 2025 13:57:45,   44102 sec) PistonMoveAbsWTO()    116->121 117 118 119 120 121 [23sec, 14.5Volts, 0.280Amps, CPT:1558sec]
(Oct 04 2025 14:03:19,   44436 sec) Profile()            Sample 15 initiated at 501.8dbars for bin 20 [500dbars].  PTS/O2,T2,TPhase,RPhase,RawTemp/NO3/pH/FSig,BbSig,TSig/Ocr: 501.7dbars 7.9914C 34.0120PSU / 187.0uM 7.987C 41.475 8.244 533.184 / 25.7uM / -0.863257V /   52  118  566 / nan nan nan nan
(Oct 04 2025 14:11:18,   44915 sec) Profile()            Sample 16 initiated at 451.3dbars for bin 21 [450dbars].  PTS/O2,T2,TPhase,RPhase,RawTemp/NO3/pH/FSig,BbSig,TSig/Ocr: 451.2dbars 9.2424C 34.0621PSU / 223.8uM 9.232C 38.644 8.267 493.497 / 20.2uM / -0.857427V /   51  121  565 / 0x8006a200 0x7ffffeed 0x800879c0 0x7fffe440
(Oct 04 2025 14:20:57,   45494 sec) Profile()            Sample 17 initiated at 401.3dbars for bin 22 [400dbars].  PTS/O2,T2,TPhase,RPhase,RawTemp/NO3/pH/FSig,BbSig,TSig/Ocr: 401.2dbars 10.1747C 34.1120PSU / 239.1uM 10.171C 37.345 8.288 463.345 / 17.3uM / -0.854362V /   51  118  563 / 0x8006a680 0x80000fed 0x800875a4 0x7fffc01b
(Oct 04 2025 14:24:55,   45732 sec) Profile()            Sample 18 initiated at 381.7dbars for bin 23 [380dbars].  PTS/O2,T2,TPhase,RPhase,RawTemp/NO3/pH/FSig,BbSig,TSig/Ocr: 381.6dbars 10.5569C 34.1392PSU / 242.6uM 10.557C 36.965 8.293 450.897 / 16.3uM / -0.853276V /   50  117  562 / 0x80068bad 0x800017ad 0x8008789b 0x7fffcbf6
(Oct 04 2025 14:29:15,   45992 sec) Profile()            Sample 19 initiated at 361.6dbars for bin 24 [360dbars].  PTS/O2,T2,TPhase,RPhase,RawTemp/NO3/pH/FSig,BbSig,TSig/Ocr: 361.5dbars 11.0745C 34.1681PSU / 244.4uM 11.073C 36.611 8.304 434.189 / 15.2uM / -0.852148V /   50  120  562 / 0x800691d2 0x7fffe980 0x80087e80 0x7fffc6e4
(Oct 04 2025 14:31:44,   46141 sec) Profile()            Sample 20 initiated at 351.3dbars for bin 25 [350dbars].  PTS/O2,T2,TPhase,RPhase,RawTemp/NO3/pH/FSig,BbSig,TSig/Ocr: 351.3dbars 11.2789C 34.1812PSU / 244.9uM 11.265C 36.486 8.313 427.977 / 14.6uM / -0.851651V /   50  119  561 / 0x8006ac6d 0x7ffff024 0x80088a09 0x7fffd6c0
(Oct 04 2025 14:32:40,   46197 sec) AscentControlAgent() Bouyancy nudge to 131 (v=0.068dbar/sec).
(Oct 04 2025 14:32:40,   46197 sec) PistonMoveAbsWTO()    121->131 122 123 124 125 126 [30sec, 14.7Volts, 0.238Amps, CPT:1588sec]
(Oct 04 2025 14:33:21,   46238 sec) PistonMoveAbsWTO()    126->131 127 128 129 130 131 [22sec, 14.6Volts, 0.230Amps, CPT:1610sec]
(Oct 04 2025 14:34:34,   46311 sec) Profile()            Sample 21 initiated at 339.4dbars for bin 26 [340dbars].  PTS/O2,T2,TPhase,RPhase,RawTemp/NO3/pH/FSig,BbSig,TSig/Ocr: 339.3dbars 11.5930C 34.2016PSU / 245.8uM 11.593C 36.275 8.323 417.322 / 14.0uM / -0.850941V /   50  119  561 / 0x80069cc0 0x7fffd51b 0x800879e4 0x7fffd376
(Oct 04 2025 14:35:58,   46395 sec) Profile()            Sample 22 initiated at 331.1dbars for bin 27 [330dbars].  PTS/O2,T2,TPhase,RPhase,RawTemp/NO3/pH/FSig,BbSig,TSig/Ocr: 331.0dbars 11.8896C 34.2193PSU / 245.9uM 11.877C 36.124 8.328 408.106 / 13.3uM / -0.850242V /   50  118  560 / 0x80068e12 0x7fffecc0 0x8008762d 0x7fffcb76
(Oct 04 2025 14:37:33,   46490 sec) Profile()            Sample 23 initiated at 322.0dbars for bin 28 [320dbars].  PTS/O2,T2,TPhase,RPhase,RawTemp/NO3/pH/FSig,BbSig,TSig/Ocr: 321.9dbars 12.2547C 34.2637PSU / 249.4uM 12.252C 35.767 8.338 395.892 / 12.3uM / -0.849239V /   50  118  560 / 0x800697c0 0x7fffd909 0x800874ad 0x7fffbdd2
(Oct 04 2025 14:39:29,   46606 sec) Profile()            Sample 24 initiated at 311.3dbars for bin 29 [310dbars].  PTS/O2,T2,TPhase,RPhase,RawTemp/NO3/pH/FSig,BbSig,TSig/Ocr: 311.2dbars 12.4138C 34.2806PSU / 252.2uM 12.419C 35.545 8.342 390.464 / 12.1uM / -0.848805V /   50  117  560 / 0x800690b6 0x7fffe92d 0x80086949 0x7fffb980
(Oct 04 2025 14:41:15,   46712 sec) Profile()            Sample 25 initiated at 301.6dbars for bin 30 [300dbars].  PTS/O2,T2,TPhase,RPhase,RawTemp/NO3/pH/FSig,BbSig,TSig/Ocr: 301.5dbars 12.6183C 34.2890PSU / 253.4uM 12.613C 35.388 8.346 384.130 / 11.6uM / -0.848318V /   50  117  559 / 0x8006a8a4 0x7fffc4d2 0x80087836 0x7fffac9b
(Oct 04 2025 14:43:12,   46829 sec) Profile()            Sample 26 initiated at 291.7dbars for bin 31 [290dbars].  PTS/O2,T2,TPhase,RPhase,RawTemp/NO3/pH/FSig,BbSig,TSig/Ocr: 291.6dbars 12.9887C 34.3097PSU / 254.6uM 12.984C 35.150 8.350 372.017 / 10.6uM / -0.847519V /   51  120  559 / 0x800692a4 0x7fffcb2d 0x80086b09 0x7fffb3c9
(Oct 04 2025 14:45:20,   46957 sec) Profile()            Sample 27 initiated at 281.6dbars for bin 32 [280dbars].  PTS/O2,T2,TPhase,RPhase,RawTemp/NO3/pH/FSig,BbSig,TSig/Ocr: 281.5dbars 13.2056C 34.3254PSU / 255.9uM 13.207C 34.975 8.355 364.721 / 10.2uM / -0.847011V /   50  118  559 / 0x80068740 0x7fffc8ad 0x800863ed 0x7fffa409
(Oct 04 2025 14:47:27,   47084 sec) Profile()            Sample 28 initiated at 271.6dbars for bin 33 [270dbars].  PTS/O2,T2,TPhase,RPhase,RawTemp/NO3/pH/FSig,BbSig,TSig/Ocr: 271.5dbars 13.3948C 34.3356PSU / 255.7uM 13.394C 34.895 8.358 358.595 / 9.8uM / -0.846611V /   50  117  558 / 0x8006801b 0x7fffb980 0x800856ed 0x7fffae6d
(Oct 04 2025 14:48:23,   47140 sec) AscentControlAgent() Bouyancy nudge to 141 (v=0.078dbar/sec).
(Oct 04 2025 14:48:23,   47140 sec) PistonMoveAbsWTO()    131->141 132 133 134 135 136 [30sec, 14.7Volts, 0.219Amps, CPT:1640sec]
(Oct 04 2025 14:49:43,   47220 sec) Profile()            Sample 29 initiated at 260.6dbars for bin 34 [260dbars].  PTS/O2,T2,TPhase,RPhase,RawTemp/NO3/pH/FSig,BbSig,TSig/Ocr: 260.5dbars 13.7223C 34.3565PSU / 254.7uM 13.719C 34.785 8.362 347.940 / 9.2uM / -0.846020V /   51  117  558 / 0x80067cb6 0x7fffd61b 0x80085849 0x7fffaead
(Oct 04 2025 14:49:43,   47220 sec) PistonMoveAbsWTO()    136->141 137 138 139 140 141 [22sec, 14.7Volts, 0.211Amps, CPT:1662sec]
(Oct 04 2025 14:51:17,   47314 sec) Profile()            Sample 30 initiated at 251.3dbars for bin 35 [250dbars].  PTS/O2,T2,TPhase,RPhase,RawTemp/NO3/pH/FSig,BbSig,TSig/Ocr: 251.2dbars 14.0642C 34.3831PSU / 253.7uM 14.073C 34.658 8.366 336.335 / 8.6uM / -0.845314V /   51  118  557 / 0x80068f89 0x7fffbc1b 0x80085c80 0x7fffa764
(Oct 04 2025 14:52:51,   47408 sec) Profile()            Sample 31 initiated at 241.9dbars for bin 36 [240dbars].  PTS/O2,T2,TPhase,RPhase,RawTemp/NO3/pH/FSig,BbSig,TSig/Ocr: 241.8dbars 14.3206C 34.4050PSU / 254.5uM 14.324C 34.500 8.373 328.112 / 8.2uM / -0.844892V /   52  119  557 / 0x800679e4 0x7fffbd49 0x80084c24 0x7fffa8e4
(Oct 04 2025 14:54:36,   47513 sec) Profile()            Sample 32 initiated at 231.9dbars for bin 37 [230dbars].  PTS/O2,T2,TPhase,RPhase,RawTemp/NO3/pH/FSig,BbSig,TSig/Ocr: 231.9dbars 14.8807C 34.4417PSU / 254.2uM 14.866C 34.249 8.377 310.288 / 7.0uM / -0.843872V /   53  122  556 / 0x80065a12 0x7fffb976 0x80084a89 0x7fff949b
(Oct 04 2025 14:56:32,   47629 sec) Profile()            Sample 33 initiated at 221.7dbars for bin 38 [220dbars].  PTS/O2,T2,TPhase,RPhase,RawTemp/NO3/pH/FSig,BbSig,TSig/Ocr: 221.6dbars 14.9971C 34.4504PSU / 257.1uM 15.000C 34.054 8.385 305.894 / 6.8uM / -0.843505V /   54  118  556 / 0x80066409 0x7fffa852 0x80084c89 0x7fffa000
(Oct 04 2025 14:58:28,   47745 sec) Profile()            Sample 34 initiated at 211.6dbars for bin 39 [210dbars].  PTS/O2,T2,TPhase,RPhase,RawTemp/NO3/pH/FSig,BbSig,TSig/Ocr: 211.6dbars 15.4084C 34.4804PSU / 259.6uM 15.399C 33.746 8.387 292.735 / 5.8uM / -0.842618V /   55  125  555 / 0x80066749 0x7fff94f6 0x80084500 0x7fff9f2d
(Oct 04 2025 15:00:36,   47873 sec) Profile()            Sample 35 initiated at 201.2dbars for bin 40 [200dbars].  PTS/O2,T2,TPhase,RPhase,RawTemp/NO3/pH/FSig,BbSig,TSig/Ocr: 201.1dbars 15.7355C 34.5140PSU / 258.8uM 15.737C 33.622 8.394 281.610 / 5.4uM / -0.842165V /   56  121  555 / 0x80067589 0x7fffa95b 0x80083c52 0x7fff8692
(Oct 04 2025 15:02:43,   48000 sec) Profile()            Sample 36 initiated at 191.2dbars for bin 41 [190dbars].  PTS/O2,T2,TPhase,RPhase,RawTemp/NO3/pH/FSig,BbSig,TSig/Ocr: 191.1dbars 16.6732C 34.6359PSU / 246.9uM 16.651C 33.759 8.404 251.493 / 5.4uM / -0.841829V /   55  119  554 / 0x80066509 0x7fffa8ad 0x80083512 0x7fff85d2
(Oct 04 2025 15:04:50,   48127 sec) Profile()            Sample 37 initiated at 181.8dbars for bin 42 [180dbars].  PTS/O2,T2,TPhase,RPhase,RawTemp/NO3/pH/FSig,BbSig,TSig/Ocr: 181.8dbars 16.9865C 34.6702PSU / 244.4uM 16.983C 33.722 8.418 240.543 / 4.8uM / -0.841294V /   56  122  553 / 0x800660b6 0x7fff9d52 0x80083a00 0x7fff8ad2
(Oct 04 2025 15:07:08,   48265 sec) Profile()            Sample 38 initiated at 171.6dbars for bin 43 [170dbars].  PTS/O2,T2,TPhase,RPhase,RawTemp/NO3/pH/FSig,BbSig,TSig/Ocr: 171.5dbars 17.0677C 34.6752PSU / 246.5uM 17.059C 33.588 8.418 238.042 / 5.1uM / -0.840931V /   59  122  553 / 0x80067189 0x7fff8a00 0x80083740 0x7fff8509
(Oct 04 2025 15:09:26,   48403 sec) Profile()            Sample 39 initiated at 162.0dbars for bin 44 [160dbars].  PTS/O2,T2,TPhase,RPhase,RawTemp/NO3/pH/FSig,BbSig,TSig/Ocr: 161.9dbars 17.5395C 34.7480PSU / 239.6uM 17.538C 33.705 8.424 222.235 / 5.1uM / -0.840825V /   58  126  552 / 0x800647c0 0x7fff989b 0x80083fed 0x7fff8076
(Oct 04 2025 15:12:10,   48567 sec) Profile()            Sample 40 initiated at 151.3dbars for bin 45 [150dbars].  PTS/O2,T2,TPhase,RPhase,RawTemp/NO3/pH/FSig,BbSig,TSig/Ocr: 151.3dbars 17.9294C 34.7952PSU / 237.9uM 17.929C 33.608 8.430 209.332 / 4.8uM / -0.840296V /   60  124  551 / 0x80063d89 0x7fff8d76 0x80082f40 0x7fff79db
(Oct 04 2025 15:15:03,   48740 sec) Profile()            Sample 41 initiated at 141.5dbars for bin 46 [140dbars].  PTS/O2,T2,TPhase,RPhase,RawTemp/NO3/pH/FSig,BbSig,TSig/Ocr: 141.4dbars 18.4353C 34.8545PSU / 236.6uM 18.430C 33.449 8.437 192.824 / 4.4uM / -0.839644V /   66  133  551 / 0x80063fa4 0x7fff83c0 0x80081fc0 0x7fff72db
(Oct 04 2025 15:18:18,   48935 sec) Profile()            Sample 42 initiated at 131.6dbars for bin 47 [130dbars].  PTS/O2,T2,TPhase,RPhase,RawTemp/NO3/pH/FSig,BbSig,TSig/Ocr: 131.6dbars 18.8759C 34.9080PSU / 240.1uM 18.862C 33.079 8.440 178.576 / 3.4uM / -0.838316V /   75  133  550 / 0x80064909 0x7fff5ff6 0x80082da4 0x7fff5b24
(Oct 04 2025 15:21:33,   49130 sec) Profile()            Sample 43 initiated at 121.8dbars for bin 48 [120dbars].  PTS/O2,T2,TPhase,RPhase,RawTemp/NO3/pH/FSig,BbSig,TSig/Ocr: 121.8dbars 19.1448C 34.9379PSU / 246.3uM 19.136C 32.655 8.447 169.567 / 2.8uM / -0.837572V /   83  140  549 / 0x80063140 0x7fff6024 0x800812a4 0x7fff6db6
(Oct 04 2025 15:25:20,   49357 sec) Profile()            Sample 44 initiated at 111.7dbars for bin 49 [110dbars].  PTS/O2,T2,TPhase,RPhase,RawTemp/NO3/pH/FSig,BbSig,TSig/Ocr: 111.7dbars 19.5261C 34.9784PSU / 250.2uM 19.515C 32.305 8.452 157.082 / 2.2uM / -0.836666V /   96  138  549 / 0x800630c9 0x7fff5dad 0x8008072d 0x7fff6180
(Oct 04 2025 15:29:41,   49618 sec) Profile()            Sample 45 initiated at 101.8dbars for bin 50 [100dbars].  PTS/O2,T2,TPhase,RPhase,RawTemp/NO3/pH/FSig,BbSig,TSig/Ocr: 101.8dbars 19.9179C 35.0231PSU / 254.6uM 19.912C 31.931 8.457 143.997 / 2.1uM / -0.835922V /  112  141  547 / 0x800630f6 0x7fff5f24 0x800815c9 0x7fff5c12
(Oct 04 2025 15:30:26,   49663 sec) AscentControlAgent() Bouyancy nudge to 146 (v=0.035dbar/sec).
(Oct 04 2025 15:30:26,   49663 sec) PistonMoveAbsWTO()    141->146 142 143 144 145 146 [25sec, 14.9Volts, 0.181Amps, CPT:1687sec]
(Oct 04 2025 15:32:15,   49772 sec) Profile()            Sample 46 initiated at 96.7dbars for bin 51 [95dbars].  PTS/O2,T2,TPhase,RPhase,RawTemp/NO3/pH/FSig,BbSig,TSig/Ocr: 96.6dbars 20.4109C 35.0718PSU / 254.9uM 20.367C 31.721 8.461 129.043 / 1.7uM / -0.835132V /  112  138  547 / 0x80063e6d 0x7fff5680 0x8008059b 0x7fff55e4
(Oct 04 2025 15:34:12,   49889 sec) Profile()            Sample 47 initiated at 91.8dbars for bin 52 [90dbars].  PTS/O2,T2,TPhase,RPhase,RawTemp/NO3/pH/FSig,BbSig,TSig/Ocr: 91.7dbars 20.5808C 35.0928PSU / 259.3uM 20.572C 31.434 8.467 122.305 / 1.7uM / -0.834726V /  123  142  547 / 0x800635e4 0x7fff39db 0x8007fdc0 0x7fff4b1b
(Oct 04 2025 15:36:09,   50006 sec) Profile()            Sample 48 initiated at 86.9dbars for bin 53 [85dbars].  PTS/O2,T2,TPhase,RPhase,RawTemp/NO3/pH/FSig,BbSig,TSig/Ocr: 86.8dbars 20.8016C 35.1068PSU / 261.1uM 20.793C 31.265 8.469 115.061 / 1.7uM / -0.834055V /  119  149  546 / 0x80062fdb 0x7fff5a09 0x8008131b 0x7fff556d
(Oct 04 2025 15:38:18,   50135 sec) Profile()            Sample 49 initiated at 81.9dbars for bin 54 [80dbars].  PTS/O2,T2,TPhase,RPhase,RawTemp/NO3/pH/FSig,BbSig,TSig/Ocr: 81.9dbars 21.0671C 35.1270PSU / 268.2uM 21.060C 30.848 8.475 106.311 / 2.0uM / -0.833422V /   88  142  546 / 0x80062e52 0x7fff43f6 0x8007fd36 0x7fff50db
(Oct 04 2025 15:41:10,   50307 sec) Profile()            Sample 50 initiated at 76.9dbars for bin 55 [75dbars].  PTS/O2,T2,TPhase,RPhase,RawTemp/NO3/pH/FSig,BbSig,TSig/Ocr: 76.8dbars 21.5671C 35.1546PSU / 273.5uM 21.536C 30.430 8.479 90.713 / 1.8uM / -0.832787V /   86  152  545 / 0x80062be4 0x7fff47f6 0x8007f909 0x7fff4b40
(Oct 04 2025 15:41:11,   50308 sec) AscentControlAgent() Bouyancy nudge to 151 (v=0.030dbar/sec).
(Oct 04 2025 15:41:11,   50308 sec) PistonMoveAbsWTO()    146->151 147 148 149 150 151 [25sec, 14.9Volts, 0.173Amps, CPT:1712sec]
(Oct 04 2025 15:44:39,   50516 sec) Profile()            Sample 51 initiated at 71.9dbars for bin 56 [70dbars].  PTS/O2,T2,TPhase,RPhase,RawTemp/NO3/pH/FSig,BbSig,TSig/Ocr: 71.9dbars 22.1582C 35.1794PSU / 278.0uM 22.143C 30.002 8.490 70.855 / 2.0uM / -0.832168V /   72  146  545 / 0x80062049 0x7fff2c1b 0x8007faad 0x7fff4800
(Oct 04 2025 15:46:19,   50616 sec) AscentControlAgent() Bouyancy nudge to 156 (v=0.021dbar/sec).
(Oct 04 2025 15:46:19,   50616 sec) PistonMoveAbsWTO()    151->156 152 153 154 155 156 [25sec, 14.9Volts, 0.159Amps, CPT:1737sec]
(Oct 04 2025 15:48:31,   50748 sec) Profile()            Sample 52 initiated at 66.9dbars for bin 57 [65dbars].  PTS/O2,T2,TPhase,RPhase,RawTemp/NO3/pH/FSig,BbSig,TSig/Ocr: 66.9dbars 22.7711C 35.2026PSU / 279.7uM 22.740C 29.697 8.500 51.370 / 2.2uM / -0.831632V /   66  145  544 / 0x80060ee4 0x7fff2c49 0x8007ef6d 0x7fff3b64
(Oct 04 2025 15:50:39,   50876 sec) Profile()            Sample 53 initiated at 62.0dbars for bin 58 [60dbars].  PTS/O2,T2,TPhase,RPhase,RawTemp/NO3/pH/FSig,BbSig,TSig/Ocr: 61.9dbars 23.2286C 35.2253PSU / 280.5uM 23.155C 29.503 8.508 37.880 / 2.3uM / -0.831199V /   64  147  543 / 0x80060bdb 0x7fff22ed 0x8007f3d2 0x7fff4012
(Oct 04 2025 15:51:24,   50921 sec) AscentControlAgent() Bouyancy nudge to 161 (v=0.034dbar/sec).
(Oct 04 2025 15:51:24,   50921 sec) PistonMoveAbsWTO()    156->161 157 158 159 160 161 [24sec, 15.0Volts, 0.176Amps, CPT:1761sec]
(Oct 04 2025 15:53:12,   51029 sec) Profile()            Sample 54 initiated at 56.7dbars for bin 59 [55dbars].  PTS/O2,T2,TPhase,RPhase,RawTemp/NO3/pH/FSig,BbSig,TSig/Ocr: 56.7dbars 23.7025C 35.2494PSU / 280.0uM 23.673C 29.319 8.514 21.056 / 2.3uM / -0.830842V /   64  148  543 / 0x800610ad 0x7fff0a76 0x8007ec64 0x7fff3924
(Oct 04 2025 15:54:58,   51135 sec) Profile()            Sample 55 initiated at 52.0dbars for bin 60 [50dbars].  PTS/O2,T2,TPhase,RPhase,RawTemp/NO3/pH/FSig,BbSig,TSig/Ocr: 51.9dbars 23.8139C 35.2597PSU / 280.4uM 23.827C 29.246 8.516 16.061 / 2.7uM / -0.830674V /   64  146  542 / 0x8006112d 0x7fff22b6 0x8007dedb 0x7fff2e76
(Oct 04 2025 15:56:27,   51224 sec) AscentControlAgent() Bouyancy nudge to 166 (v=0.035dbar/sec).
(Oct 04 2025 15:56:27,   51224 sec) PistonMoveAbsWTO()    161->166 162 163 164 165 166 [25sec, 15.0Volts, 0.169Amps, CPT:1786sec]
(Oct 04 2025 16:01:28,   51525 sec) AscentControlAgent() Bouyancy nudge to 171 (v=0.002dbar/sec).
(Oct 04 2025 16:01:28,   51525 sec) PistonMoveAbsWTO()    166->171 167 168 169 170 171 [25sec, 15.0Volts, 0.164Amps, CPT:1811sec]
(Oct 04 2025 16:06:29,   51826 sec) AscentControlAgent() Bouyancy nudge to 176 (v=0.004dbar/sec).
(Oct 04 2025 16:06:29,   51826 sec) PistonMoveAbsWTO()    171->176 172 173 174 175 176 [25sec, 15.0Volts, 0.167Amps, CPT:1836sec]
(Oct 04 2025 16:07:56,   51913 sec) Profile()            Sample 56 initiated at 46.9dbars for bin 61 [45dbars].  PTS/O2,T2,TPhase,RPhase,RawTemp/NO3/pH/FSig,BbSig,TSig/Ocr: 46.9dbars 27.0668C 35.4420PSU / 244.3uM 27.061C 29.512 8.556 -87.624 / 2.9uM / -0.828067V /   64  150  538 / 0x800602b6 0x7ffefa2d 0x8007d849 0x7ffefbe4
(Oct 04 2025 16:11:43,   52140 sec) Profile()            Sample 57 initiated at 41.9dbars for bin 62 [40dbars].  PTS/O2,T2,TPhase,RPhase,RawTemp/NO3/pH/FSig,BbSig,TSig/Ocr: 41.8dbars 27.1232C 35.4437PSU / 243.1uM 27.125C 29.545 8.557 -89.650 / 2.9uM / -0.827938V /   58  140  537 / 0x800615d2 0x7fff2bb6 0x8007f9c9 0x7fff0f92
(Oct 04 2025 16:11:44,   52141 sec) AscentControlAgent() Bouyancy nudge to 181 (v=0.022dbar/sec).
(Oct 04 2025 16:11:44,   52141 sec) PistonMoveAbsWTO()    176->181 177 178 179 180 181 [25sec, 15.0Volts, 0.156Amps, CPT:1861sec]
(Oct 04 2025 16:13:33,   52250 sec) Profile()            Sample 58 initiated at 36.4dbars for bin 63 [35dbars].  PTS/O2,T2,TPhase,RPhase,RawTemp/NO3/pH/FSig,BbSig,TSig/Ocr: 36.3dbars 27.1225C 35.4445PSU / 243.0uM 27.127C 29.549 8.556 -89.691 / 3.0uM / -0.827881V /   57  140  536 / 0x80062989 0x7fff1f76 0x8007fcd2 0x7fff072d
(Oct 04 2025 16:14:46,   52323 sec) Profile()            Sample 59 initiated at 31.3dbars for bin 64 [30dbars].  PTS/O2,T2,TPhase,RPhase,RawTemp/NO3/pH/FSig,BbSig,TSig/Ocr: 31.3dbars 27.1268C 35.4443PSU / 243.1uM 27.130C 29.543 8.553 -89.797 / 3.0uM / -0.827760V /   55  138  536 / 0x80063780 0x7fff61ed 0x800826ad 0x7fff15db
(Oct 04 2025 16:15:59,   52396 sec) Profile()            Sample 60 initiated at 26.3dbars for bin 65 [25dbars].  PTS/O2,T2,TPhase,RPhase,RawTemp/NO3/pH/FSig,BbSig,TSig/Ocr: 26.2dbars 27.1344C 35.4436PSU / 243.0uM 27.138C 29.542 8.552 -90.052 / 2.8uM / -0.827718V /   56  138  536 / 0x80067f49 0x7fffbaed 0x80086dc0 0x7fff201b
(Oct 04 2025 16:17:01,   52458 sec) Profile()            Sample 61 initiated at 22.0dbars for bin 66 [20dbars].  PTS/O2,T2,TPhase,RPhase,RawTemp/NO3/pH/FSig,BbSig,TSig/Ocr: 21.9dbars 27.1418C 35.4438PSU / 243.0uM 27.151C 29.540 8.551 -90.464 / 2.8uM / -0.827671V /   57  140  536 / 0x8006b3c9 0x80001512 0x8008bac9 0x7fff45db
(Oct 04 2025 16:18:14,   52531 sec) Profile()            Sample 62 initiated at 17.0dbars for bin 67 [15dbars].  PTS/O2,T2,TPhase,RPhase,RawTemp/NO3/pH/FSig,BbSig,TSig/Ocr: 17.0dbars 27.1645C 35.4417PSU / 242.9uM 27.169C 29.536 8.551 -91.040 / 3.0uM / -0.827588V /   57  138  535 / 0x80072709 0x8000a66d 0x800946b6 0x7fff92ad
(Oct 04 2025 16:19:38,   52615 sec) Profile()            Sample 63 initiated at 11.8dbars for bin 68 [10dbars].  PTS/O2,T2,TPhase,RPhase,RawTemp/NO3/pH/FSig,BbSig,TSig/Ocr: 11.8dbars 27.1409C 35.4144PSU / 242.9uM 27.148C 29.545 8.551 -90.357 / 2.8uM / -0.827460V /   54  138  535 / 0x8007a300 0x80016292 0x8009e676 0x7ffffb9b
(Oct 04 2025 16:20:51,   52688 sec) Profile()            Sample 64 initiated at 7.8dbars for bin 69 [6dbars].  PTS/O2,T2,TPhase,RPhase,RawTemp/NO3/pH/FSig,BbSig,TSig/Ocr: 7.7dbars 27.1255C 35.3978PSU / 242.8uM 27.127C 29.555 8.550 -89.705 / 3.0uM / -0.827421V /   55  135  535 / 0x8007fe09 0x8001cdb6 0x800a4d2d 0x8000925b
(Oct 04 2025 16:21:38,   52735 sec) SurfaceDetect()      SurfacePressure:-0.1dbars Pressure:3.7dbars PistonPosition:181
(Oct 04 2025 16:21:38,   52735 sec) Sbe41cpStopCP()      Continuous profile stopped.
(Oct 04 2025 16:21:41,   52738 sec) PistonMoveAbsWTO()    181->203 182 183 184 185 186 187 188 189 190 191 192 193 194 195 196 197 198 199 200 201 202 203 [108sec, 15.0Volts, 0.155Amps, CPT:1969sec]
(Oct 04 2025 16:23:35,   52852 sec) chat()               Expected string [S>] not received.
(Oct 04 2025 16:25:30,   52967 sec) Sbe41cpBinAverage()  Finished averaging 13957 samples in 110 seconds.
(Oct 04 2025 16:25:35,   52972 sec) Sbe41cpUploadCP_()   Sbe41cpSerNo[20478] NSample[13957] NBin[493]
(Oct 04 2025 16:26:06,   53003 sec) Sbe41cpUploadCP_()   Continuous profile uploaded [493 lines].
(Oct 04 2025 16:26:20,   53017 sec) MscErrorLog_()       No error records to log.
(Oct 04 2025 16:26:30,   53027 sec) MscErrorLog_()       No error records to log.

<EOT>
