(Sep 26 2025 11:46:49,   45481 sec) TelemetryInit()      Profile 2. (Apf11 FwRev: 061125)
(Sep 26 2025 11:46:49,   45481 sec) TelemetryInit()      Charge consumption model: OCV:15.2V Wake-Cycles:2378 Standby:5.4days Wake:3.6kC Sensors:0.2kC
(Sep 26 2025 11:52:04,   45796 sec) GetSurfaceObs()      P/O2,T2,TPhase,RPhase,RawTemp/FSig,BbSig,TSig: 0.2dbars / 245.3uM 27.112C 29.452 8.582 -89.224 / 55,144,535
(Sep 26 2025 11:52:04,   45796 sec) GetSurfaceObs()      P/Ocr: 0.2dbars / 0x8005ebc0 0x7ffeab92 0x80079c5b 0x7fff0a76
(Sep 26 2025 11:52:37,   45829 sec) GetSurfaceObs()      P/O2,T2,TPhase,RPhase,RawTemp/FSig,BbSig,TSig: 0.3dbars / 245.1uM 27.100C 29.466 8.581 -88.840 / 57,142,535
(Sep 26 2025 11:52:37,   45829 sec) GetSurfaceObs()      P/Ocr: 0.3dbars / 0x8005edd2 0x7ffeb800 0x80079bdb 0x7fff0a40
(Sep 26 2025 11:53:11,   45863 sec) GetSurfaceObs()      P/O2,T2,TPhase,RPhase,RawTemp/FSig,BbSig,TSig: 0.2dbars / 244.4uM 27.094C 29.497 8.579 -88.671 / 58,143,535
(Sep 26 2025 11:53:11,   45863 sec) GetSurfaceObs()      P/Ocr: 0.2dbars / 0x8005f19b 0x7ffeb100 0x80079449 0x7fff0da4
(Sep 26 2025 11:53:44,   45896 sec) GetSurfaceObs()      P/O2,T2,TPhase,RPhase,RawTemp/FSig,BbSig,TSig: 0.3dbars / 245.4uM 26.978C 29.497 8.579 -84.971 / 56,139,535
(Sep 26 2025 11:53:44,   45896 sec) GetSurfaceObs()      P/Ocr: 0.3dbars / 0x8005e849 0x7ffed21b 0x80079c00 0x7fff1409
(Sep 26 2025 11:57:05,   46097 sec) AirSystem()          Battery [216cnt, 15.2V]  Current [20cnt, 79.7mA]  Pneumometer [155cnt, 18.2psi]  Run-Time [96s]
(Sep 26 2025 11:57:18,   46110 sec) GetSurfaceObs()      P/O2,T2,TPhase,RPhase,RawTemp/FSig,BbSig,TSig: 0.0dbars / 243.5uM 26.673C 29.694 8.579 -75.302 / 56,141,535
(Sep 26 2025 11:57:18,   46110 sec) GetSurfaceObs()      P/Ocr: 0.0dbars / 0x80060036 0x7ffea389 0x8007a6ad 0x7fff0f24
(Sep 26 2025 11:57:51,   46143 sec) GetSurfaceObs()      P/O2,T2,TPhase,RPhase,RawTemp/FSig,BbSig,TSig: -0.0dbars / 251.5uM 25.443C 29.808 8.577 -36.028 / 55,144,535
(Sep 26 2025 11:57:51,   46143 sec) GetSurfaceObs()      P/Ocr: -0.0dbars / 0x8005e52d 0x7ffeb509 0x8007a45b 0x7fff15c0
(Sep 26 2025 11:58:25,   46177 sec) GetSurfaceObs()      P/O2,T2,TPhase,RPhase,RawTemp/FSig,BbSig,TSig: -0.1dbars / 252.3uM 25.207C 29.865 8.576 -28.432 / 55,140,535
(Sep 26 2025 11:58:25,   46177 sec) GetSurfaceObs()      P/Ocr: -0.1dbars / 0x8005e9ed 0x7ffeafa4 0x8007945b 0x7fff20c9
(Sep 26 2025 11:58:58,   46210 sec) GetSurfaceObs()      P/O2,T2,TPhase,RPhase,RawTemp/FSig,BbSig,TSig: 0.1dbars / 241.0uM 26.879C 29.730 8.576 -81.851 / 56,144,534
(Sep 26 2025 11:58:58,   46210 sec) GetSurfaceObs()      P/Ocr: 0.1dbars / 0x800600f6 0x7ffeac5b 0x8007a1db 0x7fff0989
(Sep 26 2025 11:59:31,   46243 sec) GetSurfaceObs()      P/O2,T2,TPhase,RPhase,RawTemp/FSig,BbSig,TSig: -0.1dbars / 241.5uM 26.742C 29.758 8.572 -77.504 / 55,140,534
(Sep 26 2025 11:59:31,   46243 sec) GetSurfaceObs()      P/Ocr: -0.1dbars / 0x8005f476 0x7ffeac36 0x800799e4 0x7fff042d
(Sep 26 2025 12:00:04,   46276 sec) GetSurfaceObs()      P/O2,T2,TPhase,RPhase,RawTemp/FSig,BbSig,TSig: -0.1dbars / 249.3uM 25.730C 29.797 8.574 -45.225 / 57,144,534
(Sep 26 2025 12:00:04,   46276 sec) GetSurfaceObs()      P/Ocr: -0.1dbars / 0x8005f71b 0x7ffec7c9 0x8007a364 0x7fff14db
(Sep 26 2025 12:00:37,   46309 sec) GetSurfaceObs()      P/O2,T2,TPhase,RPhase,RawTemp/FSig,BbSig,TSig: 0.4dbars / 252.8uM 25.956C 29.559 8.572 -52.444 / 57,145,534
(Sep 26 2025 12:00:37,   46309 sec) GetSurfaceObs()      P/Ocr: 0.4dbars / 0x8005e540 0x7ffeab89 0x800794c9 0x7fff0312
(Sep 26 2025 12:01:11,   46343 sec) GetSurfaceObs()      P/O2,T2,TPhase,RPhase,RawTemp/FSig,BbSig,TSig: 0.2dbars / 248.2uM 25.756C 29.835 8.570 -46.050 / 57,140,535
(Sep 26 2025 12:01:11,   46343 sec) GetSurfaceObs()      P/Ocr: 0.2dbars / 0x8005e89b 0x7ffea500 0x80078f49 0x7fff0a09
(Sep 26 2025 12:01:19,   46351 sec) AirSystem()          Air-bladder inflation by-passed. Pneumatic Pressure: [156cnt, 18.3psi].
(Sep 26 2025 12:02:00,   46392 sec) GetSurfaceObs()      P/O2,T2,TPhase,RPhase,RawTemp/FSig,BbSig,TSig: 0.2dbars / 242.3uM 26.711C 29.733 8.569 -76.495 / 55,142,534
(Sep 26 2025 12:02:00,   46392 sec) GetSurfaceObs()      P/Ocr: 0.2dbars / 0x8005dd52 0x7ffead6d 0x8007a2b6 0x7fff13c0
(Sep 26 2025 12:02:03,   46395 sec) GpsServices()        GPS almanac is current.
(Sep 26 2025 12:02:03,   46395 sec) GpsServices()        Initiating GPS fix acquisition.
(Sep 26 2025 12:02:14,   46406 sec) gga()                $GPGGA,120220,2731.7867,N,15759.5099,W,0,00,,,M,,M,,*4F
(Sep 26 2025 12:02:33,   46425 sec) gga()                $GPGGA,120240,2731.7867,N,15759.5099,W,0,00,,,M,,M,,*49
(Sep 26 2025 12:02:43,   46435 sec) gga()                $GPGGA,120250,2731.7867,N,15759.5099,W,0,00,,,M,,M,,*48
(Sep 26 2025 12:02:53,   46445 sec) gga()                $GPGGA,120300,2731.7867,N,15759.5099,W,0,00,,,M,,M,,*4C
(Sep 26 2025 12:02:54,   46446 sec) gga()                $GPGGA,120300,2731.7867,N,15759.5099,W,0,00,,,M,,M,,*4C
(Sep 26 2025 12:03:03,   46455 sec) gga()                $GPGGA,120310,2731.7867,N,15759.5099,W,0,00,,,M,,M,,*4D
(Sep 26 2025 12:03:13,   46465 sec) gga()                $GPGGA,120320,2731.7867,N,15759.5099,W,0,00,,,M,,M,,*4E
(Sep 26 2025 12:03:23,   46475 sec) gga()                $GPGGA,120330,2731.7867,N,15759.5099,W,0,00,,,M,,M,,*4F
(Sep 26 2025 12:03:23,   46475 sec) gga()                $GPGGA,120330,2731.7867,N,15759.5099,W,0,00,,,M,,M,,*4F
(Sep 26 2025 12:03:33,   46485 sec) gga()                $GPGGA,120340,2731.7867,N,15759.5099,W,0,00,,,M,,M,,*48
(Sep 26 2025 12:03:43,   46495 sec) gga()                $GPGGA,120350,2731.7867,N,15759.5099,W,0,00,,,M,,M,,*49
(Sep 26 2025 12:03:53,   46505 sec) gga()                $GPGGA,120400,2731.7867,N,15759.5099,W,0,00,,,M,,M,,*4B
(Sep 26 2025 12:04:14,   46526 sec) gga()                $GPGGA,120420,2732.5351,N,15759.1352,W,1,04,1.7,27.4,M,-5.6,M,,*74
(Sep 26 2025 12:04:14,   46526 sec) GpsServices()        Profile 2 GPS fix obtained in 131 seconds.
(Sep 26 2025 12:04:14,   46526 sec) GpsServices()                   lon      lat mm/dd/yyyy hhmmss nsat
(Sep 26 2025 12:04:14,   46526 sec) GpsServices()        Fix: -157.9856  27.5423 09/26/2025 120420    4
(Sep 26 2025 12:04:24,   46536 sec) gga()                $GPGGA,120430,2732.5338,N,15759.1367,W,1,04,1.7,31.6,M,-5.6,M,,*79
(Sep 26 2025 12:04:33,   46545 sec) gga()                $GPGGA,120440,2732.5360,N,15759.1299,W,1,11,0.7,2.4,M,-5.6,M,,*44
(Sep 26 2025 12:04:33,   46545 sec) GpsServices()        APF11 RTC skew (-7s) OK.
(Sep 26 2025 12:04:33,   46545 sec) GpsServices()        GPS services complete.
(Sep 26 2025 12:05:01,   46573 sec) IrGeoLoc()           <x,y,z>=<-5248km,-2116km,2928km> lat=27.516 lon=-158.041 IrSysTime=0xedc57f8f
(Sep 26 2025 12:05:04,   46576 sec) CLogin()             Connecting to primary host.
(Sep 26 2025 12:05:17,   46589 sec) CLogin()             Connection 1 established in 13 seconds.
(Sep 26 2025 12:05:27,   46599 sec) login()              Login successful.
(Sep 26 2025 12:05:32,   46604 sec) chat()               Expected string [cmd>] not received.
(Sep 26 2025 12:05:32,   46604 sec) login()              Attempt to set the command prompt failed.
(Sep 26 2025 12:05:43,   46615 sec) CLogin()             Logged in to host.  [Login required 26 seconds]
(Sep 26 2025 12:06:13,   46645 sec) chat()               Expected string [sz mission.cfg] not received.
(Sep 26 2025 12:06:13,   46645 sec) RxConfig()           Failed attempt to execute "sz mission.cfg" on the host.
(Sep 26 2025 12:06:22,   46654 sec) RxConfig()           Downloading "mission.cfg" from host.
(Sep 26 2025 12:06:39,   46671 sec) RxConfig()           Download successful: [bytes:33, sec:15.8, bps:2]
(Sep 26 2025 12:06:44,   46676 sec) WriteVitals_()       Writing vitals to "23808.002.msg".
(Sep 26 2025 12:06:54,   46686 sec) UpLoadFile()         Uploading "23808.002.log" to host.
(Sep 26 2025 12:10:28,   46900 sec) UpLoadFile()         Upload successful: [bytes:40813, sec:213.5, bps:191]
(Sep 26 2025 12:10:29,   46901 sec) fmove()              Moved: 23808.002.log -> archive/23808.002.log
(Sep 26 2025 12:10:38,   46910 sec) UpLoadFile()         Uploading "23808.002.msg" to host.
(Sep 26 2025 12:12:24,   47016 sec) UpLoadFile()         Upload successful: [bytes:21788, sec:106.0, bps:206]
(Sep 26 2025 12:12:25,   47017 sec) fmove()              Moved: 23808.002.msg -> archive/23808.002.msg
(Sep 26 2025 12:12:39,   47031 sec) UpLoadFile()         Uploading "23808.002.isus" to host.
(Sep 26 2025 12:14:35,   47147 sec) UpLoadFile()         Upload successful: [bytes:23365, sec:116.2, bps:201]
(Sep 26 2025 12:14:36,   47148 sec) fmove()              Moved: 23808.002.isus -> archive/23808.002.isus
(Sep 26 2025 12:14:42,   47154 sec) UpLoadFile()         Uploading "23808.002.dura" to host.
(Sep 26 2025 12:15:33,   47205 sec) sendline()           No carrier, aborting ZMODEM transfer.
(Sep 26 2025 12:15:34,   47206 sec) UpLoadFile()         Upload failed.
(Sep 26 2025 12:15:39,   47211 sec) CLogin()             Connecting to primary host.
(Sep 26 2025 12:15:54,   47226 sec) CLogin()             Connection 2 established in 15 seconds.
(Sep 26 2025 12:16:01,   47233 sec) login()              Login successful.
(Sep 26 2025 12:16:07,   47239 sec) CLogin()             Logged in to host.  [Login required 13 seconds]
(Sep 26 2025 12:16:10,   47242 sec) UpLoadFile()         Uploading "23808.002.dura" to host.
(Sep 26 2025 12:16:46,   47278 sec) sendline()           No carrier, aborting ZMODEM transfer.
(Sep 26 2025 12:16:47,   47279 sec) UpLoadFile()         Upload failed.
(Sep 26 2025 12:16:47,   47279 sec) UpLoad()             Files successfully uploaded: 3
(Sep 26 2025 12:16:47,   47279 sec) UpLoad()             Aborting upload: Retry limit [2] exceeded. Upload incomplete.
(Sep 26 2025 12:16:47,   47279 sec) logout()             No carrier detected.
(Sep 26 2025 12:16:47,   47279 sec) Telemetry()          Telemetry cycle complete: PrfId=2 ConnectionAttempts=2  Connections=2
(Sep 26 2025 12:32:03,   48195 sec) AirSystem()          Air-bladder inflation by-passed. Pneumatic Pressure: [160cnt, 18.8psi].
(Sep 26 2025 12:32:37,   48229 sec) GetSurfaceObs()      P/O2,T2,TPhase,RPhase,RawTemp/FSig,BbSig,TSig: -0.0dbars / 251.0uM 25.499C 29.807 8.566 -37.815 / 56,141,535
(Sep 26 2025 12:32:37,   48229 sec) GetSurfaceObs()      P/Ocr: -0.0dbars / 0x8005ed6d 0x7ffede64 0x8007a25b 0x7fff1df6
(Sep 26 2025 12:32:38,   48230 sec) GpsServices()        GPS almanac is current.
(Sep 26 2025 12:32:38,   48230 sec) GpsServices()        Initiating GPS fix acquisition.
(Sep 26 2025 12:32:44,   48236 sec) gga()                $GPGGA,123250,2732.6971,N,15759.0680,W,6,10,0.8,2.4,M,-5.6,M,,*4D
(Sep 26 2025 12:32:54,   48246 sec) gga()                $GPGGA,123300,2732.6989,N,15759.0691,W,6,10,0.8,-2.2,M,-5.6,M,,*65
(Sep 26 2025 12:33:04,   48256 sec) gga()                $GPGGA,123310,2732.6993,N,15759.0681,W,1,10,0.8,-1.7,M,-5.6,M,,*6F
(Sep 26 2025 12:33:04,   48256 sec) GpsServices()        Profile 2 GPS fix obtained in 26 seconds.
(Sep 26 2025 12:33:04,   48256 sec) GpsServices()                   lon      lat mm/dd/yyyy hhmmss nsat
(Sep 26 2025 12:33:04,   48256 sec) GpsServices()        Fix: -157.9845  27.5450 09/26/2025 123310   10
(Sep 26 2025 12:33:14,   48266 sec) gga()                $GPGGA,123320,2732.7006,N,15759.0670,W,1,10,0.8,-2.1,M,-5.6,M,,*63
(Sep 26 2025 12:33:23,   48275 sec) gga()                $GPGGA,123330,2732.7019,N,15759.0668,W,1,10,0.8,0.7,M,-5.6,M,,*4C
(Sep 26 2025 12:33:23,   48275 sec) GpsServices()        APF11 RTC skew (-7s) OK.
(Sep 26 2025 12:33:23,   48275 sec) GpsServices()        GPS services complete.
(Sep 26 2025 12:33:58,   48310 sec) IrGeoLoc()           <x,y,z>=<-5244km,-2116km,2932km> lat=27.564 lon=-158.025 IrSysTime=0xedcd9a96
(Sep 26 2025 12:34:01,   48313 sec) CLogin()             Connecting to primary host.
(Sep 26 2025 12:34:12,   48324 sec) CLogin()             Connection 3 established in 11 seconds.
(Sep 26 2025 12:34:48,   48360 sec) expect()             Attempt to read prompt string [Last login:] failed.
(Sep 26 2025 12:34:48,   48360 sec) login()              Login failed.
(Sep 26 2025 12:35:13,   48385 sec) login()              Login successful.
(Sep 26 2025 12:35:17,   48389 sec) CLogin()             Logged in to host.  [Login required 65 seconds]
(Sep 26 2025 12:35:20,   48392 sec) RxConfig()           Downloading "mission.cfg" from host.
(Sep 26 2025 12:35:32,   48404 sec) RxConfig()           Download successful: [bytes:33, sec:10.1, bps:3]
(Sep 26 2025 12:35:40,   48412 sec) UpLoadFile()         Uploading "23808.002.dura" to host.
(Sep 26 2025 12:36:29,   48461 sec) UpLoadFile()         Upload successful: [bytes:7362, sec:49.0, bps:150]
(Sep 26 2025 12:36:30,   48462 sec) fmove()              Moved: 23808.002.dura -> archive/23808.002.dura
(Sep 26 2025 12:36:31,   48463 sec) UpLoad()             Files successfully uploaded: 1
(Sep 26 2025 12:36:31,   48463 sec) UpLoad()             Upload complete.
(Sep 26 2025 12:36:38,   48470 sec) chat()               Expected string [cmd>] not received.
(Sep 26 2025 12:36:38,   48470 sec) logout()             Can't get command prompt.
(Sep 26 2025 12:36:43,   48475 sec) chat()               Expected string [logout] not received.
(Sep 26 2025 12:36:43,   48475 sec) logout()             Attempt to log-out failed.
(Sep 26 2025 12:36:43,   48475 sec) logout()             No carrier detected.
(Sep 26 2025 12:36:43,   48475 sec) Telemetry()          Telemetry cycle complete: PrfId=2 ConnectionAttempts=3  Connections=3
(Sep 26 2025 12:36:43,   48475 sec) TelemetryTerminate() Parsing new mission configuration.
(Sep 26 2025 12:36:44,   48476 sec) configure()          Parsing configurators in "mission.cfg".
(Sep 26 2025 12:36:44,   48476 sec) configure()             TelemetryRetry(15)      [0x7BBC] [TelemetryRetry(15)].
(Sep 26 2025 12:36:44,   48476 sec) configure()          Configuration CRCs and syntax OK.
(Sep 26 2025 12:36:44,   48476 sec) ConfigSupervisor()   Configuration accepted.
(Sep 26 2025 12:36:44,   48476 sec) TelemetryTerminate() Reconditioning the file system.
(Sep 26 2025 12:36:47,       0 sec) DescentInit()        Deep profile 3 initiated at mission-time 48479sec.
(Sep 26 2025 12:36:48,       1 sec) DescentInit()        Surface pressure: 0.1dbars.
(Sep 26 2025 12:36:48,       1 sec) DescentInit()        Charge consumption model: OCV:15.1V Wake-Cycles:2380 Standby:5.4days Wake:3.8kC Sleep:0.2kC
(Sep 26 2025 12:37:00,      13 sec) DescentInit()        Pneumatic humidity: 2900(60.5%) -> 2903(60.6%)
(Sep 26 2025 12:37:00,      13 sec) PistonMoveAbsWTO()    200->069 199 198 197 196 195 194 193 192 191 190 189 188 187 186 185 184 183 182 181 180 179 178 177 176 175 174 173 172 171 170 169 168 167 166 165 164 163 162 161 160 159 158 157 156 155 154 153 152 151 150 149 148 147 146 145 144 143 142 141 140 139 138 137 136 135 134 133 132 131 130 129 128 127 126 125 124 123 122 121 120 119 118 117 116 115 114 113 112 111 110 109 108 107 106 105 104 103 102 101 100 099 098 097 096 095 094 093 092 091 090 089 088 087 086 085 084 083 082 081 080 079 078 077 076 075 074 073 072 071 070 069 [640sec, 15.0Volts, 0.136Amps, CPT:640sec]
(Sep 26 2025 12:47:45,     658 sec) DescentInit()        Air solenoid open: Barometer [209cnt,  12.2psi]  Pneumometer [107cnt,  12.5psi]
(Sep 26 2025 12:47:55,     668 sec) Descent()            Pressure: 60.2
(Sep 26 2025 13:36:47,    3600 sec) Descent()            Pressure: 440.5
(Sep 26 2025 14:36:47,    7200 sec) Descent()            Pressure: 716.9
(Sep 26 2025 15:36:47,   10800 sec) Descent()            Pressure: 781.0
(Sep 26 2025 16:36:47,   14400 sec) Descent()            Pressure: 789.1
(Sep 26 2025 16:36:48,   14401 sec) ParkInit()           Charge consumption model: OCV:15.5V Wake-Cycles:2385 Standby:5.6days Wake:4.0kC Sensors:0.2kC
(Sep 26 2025 18:36:55,   21608 sec) Park()               ParkPOutOfBand[-3, 787.6 dbars]: retract piston.
(Sep 26 2025 18:36:55,   21608 sec) PistonMoveAbsWTO()    069->068 068 [6sec, 15.2Volts, 0.106Amps, CPT:646sec]
(Sep 26 2025 19:37:19,   25232 sec) CtdPower()           [  798.51,  4.4394, 34.2418]
(Sep 26 2025 19:37:19,   25232 sec) CtdPower()           CTD Power consumption [219VCnt 3ACnt]: 15.425Volts * 0.012Amps = 0.18Watts.
(Sep 26 2025 19:37:25,   25238 sec) ParkTerminate()      Piston Position:68 Vacuum:191 HumidityAd12:4094(inf%) Vq:220 Aq:2 Vsbe:219 Asbe:3 Vflbb:217 Aflbb:11 Vopt:217 Aopt:13 Vocr:218 Aocr:7 MuxTemp:4.559C MuxHumidity:6.1%
(Sep 26 2025 19:37:55,   25268 sec) ParkTerminate()      PTS/O2,T2,TPhase,RawTemp: 798.5dbars 4.4392C 34.2412PSU / 34.4uM 4.432C 57.210 8.152 644.240
(Sep 26 2025 19:37:55,   25268 sec) ParkTerminate()      FLBB FSig, BbSig, TSig: 55, 112, 571 / Ocr: nan nan nan nan
(Sep 26 2025 19:37:56,   25269 sec) GoDeepInit()         Charge consumption model: OCV:15.4V Wake-Cycles:2388 Standby:5.7days Wake:4.0kC Sensors:0.2kC
(Sep 26 2025 19:37:56,   25269 sec) GoDeepInit()         Moving piston.
(Sep 26 2025 19:37:56,   25269 sec) PistonMoveAbsWTO()    068->027 067 066 065 064 063 062 061 060 059 058 057 056 055 054 053 052 051 050 049 048 047 046 045 044 043 042 041 040 039 038 037 036 035 034 033 032 031 030 029 028 027 [202sec, 15.0Volts, 0.070Amps, CPT:848sec]
(Sep 26 2025 20:46:47,   29400 sec) GoDeep()             Sequence point detected at 1202.3dbar.
(Sep 26 2025 20:46:47,   29400 sec) ProfileInit()        Charge consumption model: OCV:15.5V Wake-Cycles:2402 Standby:5.7days Wake:4.0kC Sensors:0.2kC
(Sep 26 2025 20:46:48,   29401 sec) ProfileInit()        PrfId:003  Pressure:1202.4dbar  pTable[8]:1200dbar
(Sep 26 2025 20:46:50,   29403 sec) ProfileInit()        Muxer PPIs K{1,2} quiescent: 15.42V, 0.2mA, 3.1mW
(Sep 26 2025 20:46:54,   29407 sec) ProfileInit()        ISUS powered up.
(Sep 26 2025 20:46:57,   29410 sec) ProfileInit()        Muxer PPIs K{1,2} w/ ISUS awake: 15.24V, 46.0mA, 701.2mW
(Sep 26 2025 20:47:04,   29417 sec) MscErrorLog_()       No error records to log.
(Sep 26 2025 20:47:11,   29424 sec) ProfileInit()        DURA powered up.
(Sep 26 2025 20:47:14,   29427 sec) ProfileInit()        Muxer PPIs K{1,2} w/ DURA awake: 15.22V, 46.3mA, 704.9mW
(Sep 26 2025 20:47:20,   29433 sec) MscErrorLog_()       No error records to log.
(Sep 26 2025 20:47:35,   29448 sec) PistonMoveAbsWTO()    027->049 028 029 030 031 032 033 [30sec, 14.7Volts, 0.443Amps, CPT:878sec]
(Sep 26 2025 20:48:16,   29489 sec) PistonMoveAbsWTO()    033->049 034 035 036 037 038 [30sec, 14.6Volts, 0.434Amps, CPT:908sec]
(Sep 26 2025 20:48:57,   29530 sec) PistonMoveAbsWTO()    038->049 039 040 041 042 043 044 [30sec, 14.4Volts, 0.439Amps, CPT:938sec]
(Sep 26 2025 20:49:38,   29571 sec) PistonMoveAbsWTO()    044->049 045 046 047 048 049 [27sec, 14.3Volts, 0.427Amps, CPT:965sec]
(Sep 26 2025 20:52:20,   29733 sec) Profile()            Sample 0 initiated at 1201.6dbars for bin 8 [1200dbars].  PTS/O2,T2,TPhase,RPhase,RawTemp/NO3/pH/FSig,BbSig,TSig/Ocr: 1199.9dbars 3.4523C 34.4845PSU / 54.8uM 3.445C 54.985 8.169 674.412 / 42.9uM / -0.885544V /   55  115  572 / nan nan nan nan
(Sep 26 2025 21:01:54,   30307 sec) AscentControlAgent() Bouyancy nudge to 59 (v=0.052dbar/sec).
(Sep 26 2025 21:01:54,   30307 sec) PistonMoveAbsWTO()    049->059 050 051 052 053 054 [30sec, 14.6Volts, 0.430Amps, CPT:995sec]
(Sep 26 2025 21:02:35,   30348 sec) PistonMoveAbsWTO()    054->059 055 056 057 058 059 [25sec, 14.5Volts, 0.420Amps, CPT:1020sec]
(Sep 26 2025 21:12:24,   30937 sec) Profile()            Sample 1 initiated at 1101.5dbars for bin 9 [1100dbars].  PTS/O2,T2,TPhase,RPhase,RawTemp/NO3/pH/FSig,BbSig,TSig/Ocr: 1099.6dbars 3.6931C 34.4489PSU / 46.5uM 3.687C 55.882 8.181 667.046 / 43.2uM / -0.885734V /   53  114  572 / nan nan nan nan
(Sep 26 2025 21:22:44,   31557 sec) AscentControlAgent() Bouyancy nudge to 69 (v=0.079dbar/sec).
(Sep 26 2025 21:22:44,   31557 sec) PistonMoveAbsWTO()    059->069 060 061 062 063 064 [30sec, 14.7Volts, 0.396Amps, CPT:1050sec]
(Sep 26 2025 21:23:25,   31598 sec) PistonMoveAbsWTO()    064->069 065 066 067 068 069 [24sec, 14.5Volts, 0.387Amps, CPT:1074sec]
(Sep 26 2025 21:31:12,   32065 sec) Profile()            Sample 2 initiated at 1001.3dbars for bin 10 [1000dbars].  PTS/O2,T2,TPhase,RPhase,RawTemp/NO3/pH/FSig,BbSig,TSig/Ocr: 999.4dbars 3.8567C 34.3922PSU / 36.2uM 3.849C 57.119 8.187 662.105 / 43.7uM / -0.886308V /   54  123  572 / nan nan nan nan
(Sep 26 2025 21:34:34,   32267 sec) Sbe41cpStartCP()     Continuous profile started.
(Sep 26 2025 21:40:31,   32624 sec) Profile()            Sample 3 initiated at 951.2dbars for bin 11 [950dbars].  PTS/O2,T2,TPhase,RPhase,RawTemp/NO3/pH/FSig,BbSig,TSig/Ocr: 951.1dbars 3.9906C 34.3580PSU / 32.2uM 3.982C 57.614 8.191 658.046 / 43.8uM / -0.886848V /   55  116  572 / nan nan nan nan
(Sep 26 2025 21:42:55,   32768 sec) AscentControlAgent() Bouyancy nudge to 79 (v=0.079dbar/sec).
(Sep 26 2025 21:42:56,   32769 sec) PistonMoveAbsWTO()    069->079 070 071 072 073 074 [30sec, 14.5Volts, 0.383Amps, CPT:1104sec]
(Sep 26 2025 21:43:37,   32810 sec) PistonMoveAbsWTO()    074->079 075 076 077 078 079 [23sec, 14.4Volts, 0.377Amps, CPT:1127sec]
(Sep 26 2025 21:49:35,   33168 sec) Profile()            Sample 4 initiated at 901.0dbars for bin 12 [900dbars].  PTS/O2,T2,TPhase,RPhase,RawTemp/NO3/pH/FSig,BbSig,TSig/Ocr: 900.9dbars 4.1341C 34.3179PSU / 29.8uM 4.126C 57.889 8.193 653.638 / 43.8uM / -0.886902V /   55  115  572 / nan nan nan nan
(Sep 26 2025 21:58:39,   33712 sec) Profile()            Sample 5 initiated at 851.0dbars for bin 13 [850dbars].  PTS/O2,T2,TPhase,RPhase,RawTemp/NO3/pH/FSig,BbSig,TSig/Ocr: 851.0dbars 4.3155C 34.2704PSU / 28.3uM 4.307C 58.061 8.196 648.076 / 43.7uM / -0.886854V /   54  114  571 / nan nan nan nan
(Sep 26 2025 22:08:39,   34312 sec) Profile()            Sample 6 initiated at 802.0dbars for bin 14 [800dbars].  PTS/O2,T2,TPhase,RPhase,RawTemp/NO3/pH/FSig,BbSig,TSig/Ocr: 801.9dbars 4.4879C 34.2255PSU / 32.7uM 4.480C 57.420 8.199 642.774 / 43.1uM / -0.885920V /   55  114  571 / nan nan nan nan
(Sep 26 2025 22:08:50,   34323 sec) AscentControlAgent() Bouyancy nudge to 89 (v=0.078dbar/sec).
(Sep 26 2025 22:08:51,   34324 sec) PistonMoveAbsWTO()    079->089 080 081 082 083 084 [30sec, 14.6Volts, 0.345Amps, CPT:1157sec]
(Sep 26 2025 22:09:32,   34365 sec) PistonMoveAbsWTO()    084->089 085 086 087 088 089 [23sec, 14.5Volts, 0.350Amps, CPT:1180sec]
(Sep 26 2025 22:17:29,   34842 sec) Profile()            Sample 7 initiated at 751.1dbars for bin 15 [750dbars].  PTS/O2,T2,TPhase,RPhase,RawTemp/NO3/pH/FSig,BbSig,TSig/Ocr: 751.0dbars 4.7755C 34.1648PSU / 42.1uM 4.769C 56.113 8.204 633.864 / 42.1uM / -0.884741V /   55  115  570 / nan nan nan nan
(Sep 26 2025 22:19:52,   34985 sec) PistonMoveAbsWTO()    088->089 089 [1sec, 14.7Volts, 0.372Amps, CPT:1181sec]
(Sep 26 2025 22:27:16,   35429 sec) Profile()            Sample 8 initiated at 701.4dbars for bin 16 [700dbars].  PTS/O2,T2,TPhase,RPhase,RawTemp/NO3/pH/FSig,BbSig,TSig/Ocr: 701.4dbars 5.1572C 34.1093PSU / 60.9uM 5.147C 53.711 8.211 622.207 / 40.1uM / -0.882283V /   54  117  570 / nan nan nan nan
(Sep 26 2025 22:29:17,   35550 sec) AscentControlAgent() Bouyancy nudge to 99 (v=0.073dbar/sec).
(Sep 26 2025 22:29:17,   35550 sec) PistonMoveAbsWTO()    089->099 090 091 092 093 094 [30sec, 14.6Volts, 0.323Amps, CPT:1211sec]
(Sep 26 2025 22:29:58,   35591 sec) PistonMoveAbsWTO()    094->099 095 096 097 098 099 [22sec, 14.5Volts, 0.311Amps, CPT:1233sec]
(Sep 26 2025 22:37:11,   36024 sec) Profile()            Sample 9 initiated at 652.0dbars for bin 17 [650dbars].  PTS/O2,T2,TPhase,RPhase,RawTemp/NO3/pH/FSig,BbSig,TSig/Ocr: 651.9dbars 5.5158C 34.0475PSU / 80.8uM 5.508C 51.391 8.218 611.010 / 38.3uM / -0.879896V /   55  116  569 / nan nan nan nan
(Sep 26 2025 22:44:31,   36464 sec) AscentControlAgent() Bouyancy nudge to 109 (v=0.079dbar/sec).
(Sep 26 2025 22:44:31,   36464 sec) PistonMoveAbsWTO()    099->109 100 101 102 103 104 [30sec, 14.6Volts, 0.304Amps, CPT:1263sec]
(Sep 26 2025 22:45:12,   36505 sec) PistonMoveAbsWTO()    104->109 105 106 107 108 109 [23sec, 14.6Volts, 0.298Amps, CPT:1286sec]
(Sep 26 2025 22:47:17,   36630 sec) Profile()            Sample 10 initiated at 601.0dbars for bin 18 [600dbars].  PTS/O2,T2,TPhase,RPhase,RawTemp/NO3/pH/FSig,BbSig,TSig/Ocr: 600.9dbars 6.1779C 34.0136PSU / 115.3uM 6.168C 47.793 8.233 590.469 / 34.3uM / -0.875080V /   52  119  569 / nan nan nan nan
(Sep 26 2025 22:55:13,   37106 sec) Profile()            Sample 11 initiated at 551.8dbars for bin 19 [550dbars].  PTS/O2,T2,TPhase,RPhase,RawTemp/NO3/pH/FSig,BbSig,TSig/Ocr: 551.7dbars 7.0766C 34.0009PSU / 149.1uM 7.060C 44.594 8.254 562.475 / 30.2uM / -0.870328V /   53  118  568 / nan nan nan nan
(Sep 26 2025 23:05:00,   37693 sec) Profile()            Sample 12 initiated at 501.8dbars for bin 20 [500dbars].  PTS/O2,T2,TPhase,RPhase,RawTemp/NO3/pH/FSig,BbSig,TSig/Ocr: 501.8dbars 8.1999C 34.0169PSU / 192.4uM 8.194C 41.028 8.280 526.612 / 24.7uM / -0.864031V /   51  119  566 / nan nan nan nan
(Sep 26 2025 23:05:22,   37715 sec) AscentControlAgent() Bouyancy nudge to 119 (v=0.078dbar/sec).
(Sep 26 2025 23:05:22,   37715 sec) PistonMoveAbsWTO()    109->119 110 111 112 113 114 [30sec, 14.7Volts, 0.272Amps, CPT:1316sec]
(Sep 26 2025 23:06:03,   37756 sec) PistonMoveAbsWTO()    114->119 115 116 117 118 119 [22sec, 14.6Volts, 0.277Amps, CPT:1338sec]
(Sep 26 2025 23:14:35,   38268 sec) Profile()            Sample 13 initiated at 451.3dbars for bin 21 [450dbars].  PTS/O2,T2,TPhase,RPhase,RawTemp/NO3/pH/FSig,BbSig,TSig/Ocr: 451.2dbars 9.3560C 34.0602PSU / 226.9uM 9.350C 38.413 8.302 489.713 / 19.8uM / -0.858892V /   51  119  565 / 0x8006abc9 0x80000ad2 0x8008881b 0x8000016d
(Sep 26 2025 23:23:51,   38824 sec) Profile()            Sample 14 initiated at 401.1dbars for bin 22 [400dbars].  PTS/O2,T2,TPhase,RPhase,RawTemp/NO3/pH/FSig,BbSig,TSig/Ocr: 401.1dbars 10.3014C 34.1182PSU / 240.8uM 10.296C 37.191 8.324 459.306 / 17.0uM / -0.855981V /   50  119  563 / 0x8006a600 0x7ffffd09 0x80089400 0x7fffea36
(Sep 26 2025 23:27:49,   39062 sec) Profile()            Sample 15 initiated at 381.9dbars for bin 23 [380dbars].  PTS/O2,T2,TPhase,RPhase,RawTemp/NO3/pH/FSig,BbSig,TSig/Ocr: 381.8dbars 10.6576C 34.1423PSU / 242.0uM 10.653C 36.944 8.333 447.790 / 16.2uM / -0.855059V /   50  118  562 / 0x80069f76 0x80000649 0x80088440 0x7fffd9db
(Sep 26 2025 23:30:47,   39240 sec) AscentControlAgent() Bouyancy nudge to 129 (v=0.074dbar/sec).
(Sep 26 2025 23:30:47,   39240 sec) PistonMoveAbsWTO()    119->129 120 121 122 123 124 [30sec, 14.7Volts, 0.242Amps, CPT:1368sec]
(Sep 26 2025 23:31:28,   39281 sec) PistonMoveAbsWTO()    124->129 125 126 127 128 129 [22sec, 14.7Volts, 0.251Amps, CPT:1390sec]
(Sep 26 2025 23:32:41,   39354 sec) Profile()            Sample 16 initiated at 360.0dbars for bin 24 [360dbars].  PTS/O2,T2,TPhase,RPhase,RawTemp/NO3/pH/FSig,BbSig,TSig/Ocr: 359.9dbars 11.1699C 34.1743PSU / 246.1uM 11.179C 36.471 8.343 430.765 / 14.9uM / -0.853714V /   50  118  561 / 0x80069789 0x7fffe2b6 0x80087792 0x7ffff6e4
(Sep 26 2025 23:34:05,   39438 sec) Profile()            Sample 17 initiated at 351.6dbars for bin 25 [350dbars].  PTS/O2,T2,TPhase,RPhase,RawTemp/NO3/pH/FSig,BbSig,TSig/Ocr: 351.5dbars 11.4726C 34.1905PSU / 246.7uM 11.467C 36.293 8.349 421.419 / 14.3uM / -0.853156V /   51  120  561 / 0x800694ad 0x7ffff492 0x80087200 0x7fffe5e4
(Sep 26 2025 23:35:51,   39544 sec) Profile()            Sample 18 initiated at 341.3dbars for bin 26 [340dbars].  PTS/O2,T2,TPhase,RPhase,RawTemp/NO3/pH/FSig,BbSig,TSig/Ocr: 341.2dbars 11.6530C 34.2046PSU / 247.5uM 11.656C 36.160 8.360 415.275 / 13.9uM / -0.852727V /   50  118  561 / 0x8006939b 0x7ffff46d 0x800883db 0x7fffe609
(Sep 26 2025 23:37:38,   39651 sec) Profile()            Sample 19 initiated at 331.0dbars for bin 27 [330dbars].  PTS/O2,T2,TPhase,RPhase,RawTemp/NO3/pH/FSig,BbSig,TSig/Ocr: 330.9dbars 12.0019C 34.2306PSU / 247.6uM 11.987C 35.985 8.367 404.519 / 13.1uM / -0.851970V /   50  118  560 / 0x80069036 0x7fffe224 0x8008835b 0x7fffe4d2
(Sep 26 2025 23:39:24,   39757 sec) Profile()            Sample 20 initiated at 321.2dbars for bin 28 [320dbars].  PTS/O2,T2,TPhase,RPhase,RawTemp/NO3/pH/FSig,BbSig,TSig/Ocr: 321.1dbars 12.1454C 34.2388PSU / 248.7uM 12.144C 35.851 8.372 399.399 / 12.9uM / -0.851789V /   50  116  560 / 0x800674f6 0x7fffe59b 0x8008a11b 0x7fffe4f6
(Sep 26 2025 23:41:10,   39863 sec) Profile()            Sample 21 initiated at 311.7dbars for bin 29 [310dbars].  PTS/O2,T2,TPhase,RPhase,RawTemp/NO3/pH/FSig,BbSig,TSig/Ocr: 311.6dbars 12.4503C 34.2591PSU / 248.0uM 12.443C 35.738 8.375 389.669 / 12.4uM / -0.851118V /   50  118  559 / 0x800683db 0x7fffe8c9 0x80088d89 0x7fffd589
(Sep 26 2025 23:43:08,   39981 sec) Profile()            Sample 22 initiated at 301.3dbars for bin 30 [300dbars].  PTS/O2,T2,TPhase,RPhase,RawTemp/NO3/pH/FSig,BbSig,TSig/Ocr: 301.2dbars 12.6382C 34.2733PSU / 248.6uM 12.635C 35.611 8.380 383.394 / 12.0uM / -0.850691V /   50  121  559 / 0x8006a836 0x7fffd4ed 0x8008855b 0x7fffcfd2
(Sep 26 2025 23:45:05,   40098 sec) Profile()            Sample 23 initiated at 291.5dbars for bin 31 [290dbars].  PTS/O2,T2,TPhase,RPhase,RawTemp/NO3/pH/FSig,BbSig,TSig/Ocr: 291.4dbars 12.9279C 34.2939PSU / 250.8uM 12.910C 35.367 8.382 374.427 / 11.2uM / -0.849932V /   51  117  559 / 0x80069312 0x7fffdf49 0x8008a364 0x7fffdb24
(Sep 26 2025 23:47:14,   40227 sec) Profile()            Sample 24 initiated at 281.6dbars for bin 32 [280dbars].  PTS/O2,T2,TPhase,RPhase,RawTemp/NO3/pH/FSig,BbSig,TSig/Ocr: 281.5dbars 13.1901C 34.3134PSU / 252.5uM 13.194C 35.146 8.385 365.146 / 10.5uM / -0.849371V /   50  115  558 / 0x80067789 0x7fffe092 0x8008b95b 0x7fffcf9b
(Sep 26 2025 23:49:22,   40355 sec) Profile()            Sample 25 initiated at 271.7dbars for bin 33 [270dbars].  PTS/O2,T2,TPhase,RPhase,RawTemp/NO3/pH/FSig,BbSig,TSig/Ocr: 271.6dbars 13.5546C 34.3362PSU / 252.4uM 13.544C 34.977 8.390 353.673 / 9.8uM / -0.848713V /   51  118  558 / 0x800687ad 0x7fffe72d 0x8008b9e4 0x7fffccd2
(Sep 26 2025 23:51:41,   40494 sec) Profile()            Sample 26 initiated at 261.2dbars for bin 34 [260dbars].  PTS/O2,T2,TPhase,RPhase,RawTemp/NO3/pH/FSig,BbSig,TSig/Ocr: 261.2dbars 13.7954C 34.3596PSU / 253.8uM 13.788C 34.791 8.396 345.682 / 9.2uM / -0.848047V /   51  121  557 / 0x800680f6 0x7fffdda4 0x8008c100 0x7fffc95b
(Sep 26 2025 23:51:42,   40495 sec) AscentControlAgent() Bouyancy nudge to 139 (v=0.076dbar/sec).
(Sep 26 2025 23:51:42,   40495 sec) PistonMoveAbsWTO()    129->139 130 131 132 133 134 [30sec, 14.7Volts, 0.217Amps, CPT:1420sec]
(Sep 26 2025 23:52:23,   40536 sec) PistonMoveAbsWTO()    134->139 135 136 137 138 139 [22sec, 14.7Volts, 0.215Amps, CPT:1442sec]
(Sep 26 2025 23:53:37,   40610 sec) Profile()            Sample 27 initiated at 251.8dbars for bin 35 [250dbars].  PTS/O2,T2,TPhase,RPhase,RawTemp/NO3/pH/FSig,BbSig,TSig/Ocr: 251.7dbars 14.0461C 34.3760PSU / 250.9uM 14.044C 34.804 8.401 337.272 / 8.8uM / -0.847675V /   50  117  557 / 0x80067ff6 0x7fffee00 0x8008fce4 0x7fffc652
(Sep 26 2025 23:55:23,   40716 sec) Profile()            Sample 28 initiated at 241.3dbars for bin 36 [240dbars].  PTS/O2,T2,TPhase,RPhase,RawTemp/NO3/pH/FSig,BbSig,TSig/Ocr: 241.2dbars 14.4207C 34.4093PSU / 254.7uM 14.422C 34.443 8.405 324.877 / 8.1uM / -0.846812V /   51  120  557 / 0x80066652 0x80000a40 0x80093176 0x7fffc61b
(Sep 26 2025 23:57:09,   40822 sec) Profile()            Sample 29 initiated at 231.4dbars for bin 37 [230dbars].  PTS/O2,T2,TPhase,RPhase,RawTemp/NO3/pH/FSig,BbSig,TSig/Ocr: 231.3dbars 14.5880C 34.4214PSU / 255.7uM 14.591C 34.315 8.410 319.315 / 7.8uM / -0.846447V /   52  119  556 / 0x80068dad 0x80002140 0x80096bb6 0x7fffc789
(Sep 26 2025 23:58:56,   40929 sec) Profile()            Sample 30 initiated at 221.8dbars for bin 38 [220dbars].  PTS/O2,T2,TPhase,RPhase,RawTemp/NO3/pH/FSig,BbSig,TSig/Ocr: 221.7dbars 14.8118C 34.4404PSU / 256.2uM 14.835C 34.170 8.414 311.296 / 7.2uM / -0.845856V /   55  119  556 / 0x800689a4 0x80001152 0x80099d76 0x7fffc524
(Sep 27 2025 00:00:53,   41046 sec) Profile()            Sample 31 initiated at 211.7dbars for bin 39 [210dbars].  PTS/O2,T2,TPhase,RPhase,RawTemp/NO3/pH/FSig,BbSig,TSig/Ocr: 211.6dbars 15.2060C 34.4546PSU / 262.1uM 15.202C 33.724 8.418 299.220 / 6.0uM / -0.844762V /   57  121  555 / 0x80067b2d 0x800078b6 0x800a5b12 0x7fffc1ad
(Sep 27 2025 00:03:02,   41175 sec) Profile()            Sample 32 initiated at 201.2dbars for bin 40 [200dbars].  PTS/O2,T2,TPhase,RPhase,RawTemp/NO3/pH/FSig,BbSig,TSig/Ocr: 201.2dbars 15.6549C 34.5014PSU / 261.6uM 15.647C 33.536 8.424 284.575 / 5.6uM / -0.844278V /   57  123  555 / 0x80068a6d 0x8000bd89 0x800ad5c9 0x7fffc380
(Sep 27 2025 00:04:59,   41292 sec) Profile()            Sample 33 initiated at 191.9dbars for bin 41 [190dbars].  PTS/O2,T2,TPhase,RPhase,RawTemp/NO3/pH/FSig,BbSig,TSig/Ocr: 191.8dbars 16.0212C 34.5415PSU / 258.9uM 16.030C 33.481 8.429 271.977 / 5.0uM / -0.843664V /   59  123  554 / 0x80067b49 0x8000f564 0x800b395b 0x7fffc4a4
(Sep 27 2025 00:07:07,   41420 sec) Profile()            Sample 34 initiated at 182.0dbars for bin 42 [180dbars].  PTS/O2,T2,TPhase,RPhase,RawTemp/NO3/pH/FSig,BbSig,TSig/Ocr: 181.9dbars 16.3618C 34.5767PSU / 259.0uM 16.361C 33.324 8.433 261.041 / 4.7uM / -0.843207V /   60  123  554 / 0x80066309 0x80023712 0x800dbc92 0x7fffc49b
(Sep 27 2025 00:09:27,   41560 sec) Profile()            Sample 35 initiated at 171.5dbars for bin 43 [170dbars].  PTS/O2,T2,TPhase,RPhase,RawTemp/NO3/pH/FSig,BbSig,TSig/Ocr: 171.4dbars 16.8952C 34.6464PSU / 255.0uM 16.892C 33.264 8.448 243.552 / 4.4uM / -0.842749V /   60  123  553 / 0x80069440 0x800556ed 0x80145812 0x7fffb900
(Sep 27 2025 00:11:46,   41699 sec) Profile()            Sample 36 initiated at 161.8dbars for bin 44 [160dbars].  PTS/O2,T2,TPhase,RPhase,RawTemp/NO3/pH/FSig,BbSig,TSig/Ocr: 161.8dbars 17.1533C 34.6880PSU / 254.6uM 17.172C 33.154 8.455 234.328 / 5.9uM / -0.842978V /   61  127  553 / 0x800685c9 0x800509f6 0x8012bfed 0x7fffad6d
(Sep 27 2025 00:14:39,   41872 sec) Profile()            Sample 37 initiated at 151.9dbars for bin 45 [150dbars].  PTS/O2,T2,TPhase,RPhase,RawTemp/NO3/pH/FSig,BbSig,TSig/Ocr: 151.9dbars 17.9161C 34.7901PSU / 239.3uM 17.915C 33.545 8.463 209.822 / 5.0uM / -0.842359V /   63  133  552 / 0x800691ed 0x80069892 0x8014b42d 0x7fffb0ed
(Sep 27 2025 00:17:53,   42066 sec) Profile()            Sample 38 initiated at 141.6dbars for bin 46 [140dbars].  PTS/O2,T2,TPhase,RPhase,RawTemp/NO3/pH/FSig,BbSig,TSig/Ocr: 141.5dbars 18.2327C 34.8305PSU / 239.3uM 18.223C 33.406 8.465 199.632 / 4.3uM / -0.841682V /   66  137  551 / 0x8006c52d 0x8008e936 0x8017cddb 0x7fffb052
(Sep 27 2025 00:21:19,   42272 sec) Profile()            Sample 39 initiated at 131.9dbars for bin 47 [130dbars].  PTS/O2,T2,TPhase,RPhase,RawTemp/NO3/pH/FSig,BbSig,TSig/Ocr: 131.9dbars 19.0666C 34.9352PSU / 238.2uM 19.034C 33.097 8.472 172.926 / 3.7uM / -0.840563V /   77  135  550 / 0x8006fddb 0x800b545b 0x801a8089 0x7fffaa76
(Sep 27 2025 00:22:59,   42372 sec) AscentControlAgent() Bouyancy nudge to 149 (v=0.039dbar/sec).
(Sep 27 2025 00:22:59,   42372 sec) PistonMoveAbsWTO()    139->149 140 141 142 143 144 145 [30sec, 14.9Volts, 0.190Amps, CPT:1472sec]
(Sep 27 2025 00:23:40,   42413 sec) PistonMoveAbsWTO()    145->149 146 147 148 149 [20sec, 14.8Volts, 0.189Amps, CPT:1492sec]
(Sep 27 2025 00:25:25,   42518 sec) Profile()            Sample 40 initiated at 121.5dbars for bin 48 [120dbars].  PTS/O2,T2,TPhase,RPhase,RawTemp/NO3/pH/FSig,BbSig,TSig/Ocr: 121.4dbars 19.4861C 34.9853PSU / 239.4uM 19.480C 32.839 8.484 158.232 / 3.4uM / -0.839771V /   89  146  549 / 0x800831c9 0x80151c9b 0x80272fad 0x7fffe2db
(Sep 27 2025 00:27:33,   42646 sec) Profile()            Sample 41 initiated at 111.7dbars for bin 49 [110dbars].  PTS/O2,T2,TPhase,RPhase,RawTemp/NO3/pH/FSig,BbSig,TSig/Ocr: 111.6dbars 20.0603C 35.0399PSU / 245.5uM 20.052C 32.291 8.488 139.391 / 2.1uM / -0.837978V /  106  145  548 / 0x800ab336 0x802719b6 0x803c0a36 0x80003d09
(Sep 27 2025 00:29:53,   42786 sec) Profile()            Sample 42 initiated at 101.6dbars for bin 50 [100dbars].  PTS/O2,T2,TPhase,RPhase,RawTemp/NO3/pH/FSig,BbSig,TSig/Ocr: 101.5dbars 20.7151C 35.1261PSU / 251.2uM 20.700C 31.748 8.499 118.127 / 1.9uM / -0.837030V /  138  148  548 / 0x8012b649 0x8059b1c0 0x80732c5b 0x80015c89
(Sep 27 2025 00:31:17,   42870 sec) Profile()            Sample 43 initiated at 96.4dbars for bin 51 [95dbars].  PTS/O2,T2,TPhase,RPhase,RawTemp/NO3/pH/FSig,BbSig,TSig/Ocr: 96.3dbars 21.0461C 35.1494PSU / 255.6uM 21.034C 31.406 8.502 107.151 / 2.1uM / -0.836161V /  118  143  547 / 0x801c0e2d 0x808d989b 0x80a7d440 0x8002bf6d
(Sep 27 2025 00:32:40,   42953 sec) Profile()            Sample 44 initiated at 92.0dbars for bin 52 [90dbars].  PTS/O2,T2,TPhase,RPhase,RawTemp/NO3/pH/FSig,BbSig,TSig/Ocr: 92.0dbars 21.3205C 35.1606PSU / 261.7uM 21.309C 31.021 8.507 98.146 / 1.9uM / -0.835707V /   89  141  547 / 0x80267109 0x80bbe852 0x80d393e4 0x80042724
(Sep 27 2025 00:34:27,   43060 sec) Profile()            Sample 45 initiated at 86.4dbars for bin 53 [85dbars].  PTS/O2,T2,TPhase,RPhase,RawTemp/NO3/pH/FSig,BbSig,TSig/Ocr: 86.4dbars 21.5501C 35.1590PSU / 265.2uM 21.527C 30.780 8.507 90.998 / 2.0uM / -0.835142V /   79  141  546 / 0x803dc35b 0x811e0b80 0x81309d5b 0x8007aca4
(Sep 27 2025 00:36:13,   43166 sec) Profile()            Sample 46 initiated at 82.0dbars for bin 54 [80dbars].  PTS/O2,T2,TPhase,RPhase,RawTemp/NO3/pH/FSig,BbSig,TSig/Ocr: 82.0dbars 21.6563C 35.1560PSU / 270.0uM 21.651C 30.528 8.508 86.935 / 2.1uM / -0.834932V /   76  145  545 / 0x805aa680 0x81821a49 0x81897000 0x800bf964
(Sep 27 2025 00:38:16,   43289 sec) AscentControlAgent() Bouyancy nudge to 154 (v=0.036dbar/sec).
(Sep 27 2025 00:38:16,   43289 sec) PistonMoveAbsWTO()    149->154 150 151 152 153 154 [25sec, 14.9Volts, 0.175Amps, CPT:1517sec]
(Sep 27 2025 00:39:31,   43364 sec) Profile()            Sample 47 initiated at 76.5dbars for bin 55 [75dbars].  PTS/O2,T2,TPhase,RPhase,RawTemp/NO3/pH/FSig,BbSig,TSig/Ocr: 76.4dbars 22.1509C 35.1855PSU / 273.2uM 22.134C 30.197 8.516 71.138 / 2.1uM / -0.834197V /   73  145  545 / 0x809eaded 0x8256902d 0x824309f6 0x801563c0
(Sep 27 2025 00:41:07,   43460 sec) Profile()            Sample 48 initiated at 71.9dbars for bin 56 [70dbars].  PTS/O2,T2,TPhase,RPhase,RawTemp/NO3/pH/FSig,BbSig,TSig/Ocr: 71.9dbars 22.3533C 35.1963PSU / 277.9uM 22.340C 29.928 8.518 64.429 / 2.2uM / -0.833876V /   69  143  544 / 0x80a2d99b 0x81f440c9 0x81c94f40 0x80144264
(Sep 27 2025 00:42:53,   43566 sec) Profile()            Sample 49 initiated at 66.9dbars for bin 57 [65dbars].  PTS/O2,T2,TPhase,RPhase,RawTemp/NO3/pH/FSig,BbSig,TSig/Ocr: 66.9dbars 23.1892C 35.2296PSU / 281.2uM 23.033C 29.522 8.529 41.861 / 2.6uM / -0.833121V /   71  152  544 / 0x81091124 0x83020b76 0x82b5d140 0x8024ee9b
(Sep 27 2025 00:43:16,   43589 sec) AscentControlAgent() Bouyancy nudge to 159 (v=0.039dbar/sec).
(Sep 27 2025 00:43:16,   43589 sec) PistonMoveAbsWTO()    154->159 155 156 157 158 159 [26sec, 14.9Volts, 0.177Amps, CPT:1543sec]
(Sep 27 2025 00:46:34,   43787 sec) Profile()            Sample 50 initiated at 61.7dbars for bin 58 [60dbars].  PTS/O2,T2,TPhase,RPhase,RawTemp/NO3/pH/FSig,BbSig,TSig/Ocr: 61.7dbars 23.7606C 35.2571PSU / 282.4uM 23.748C 29.197 8.542 18.626 / 2.4uM / -0.832699V /   67  157  543 / 0x815f369b 0x83701eed 0x82ff5dd2 0x8031a876
(Sep 27 2025 00:48:25,   43898 sec) AscentControlAgent() Bouyancy nudge to 164 (v=0.024dbar/sec).
(Sep 27 2025 00:48:25,   43898 sec) PistonMoveAbsWTO()    159->164 160 161 162 163 164 [23sec, 14.9Volts, 0.164Amps, CPT:1566sec]
(Sep 27 2025 00:51:39,   44092 sec) Profile()            Sample 51 initiated at 57.0dbars for bin 59 [55dbars].  PTS/O2,T2,TPhase,RPhase,RawTemp/NO3/pH/FSig,BbSig,TSig/Ocr: 57.0dbars 25.2748C 35.3508PSU / 271.9uM 25.275C 29.027 8.562 -30.625 / 2.7uM / -0.831735V /   64  152  541 / 0x82055aed 0x849c8700 0x83ec2fed 0x804cca52
(Sep 27 2025 00:53:31,   44204 sec) AscentControlAgent() Bouyancy nudge to 169 (v=0.011dbar/sec).
(Sep 27 2025 00:53:31,   44204 sec) PistonMoveAbsWTO()    164->169 165 166 167 168 169 [25sec, 15.0Volts, 0.169Amps, CPT:1591sec]
(Sep 27 2025 00:56:03,   44356 sec) Profile()            Sample 52 initiated at 51.6dbars for bin 60 [50dbars].  PTS/O2,T2,TPhase,RPhase,RawTemp/NO3/pH/FSig,BbSig,TSig/Ocr: 51.6dbars 26.4476C 35.4498PSU / 264.9uM 26.316C 28.919 8.567 -63.947 / 3.6uM / -0.830908V /   63  151  540 / 0x82599049 0x84aa5d00 0x83dffddb 0x805c5109
(Sep 27 2025 00:58:38,   44511 sec) AscentControlAgent() Bouyancy nudge to 174 (v=0.013dbar/sec).
(Sep 27 2025 00:58:39,   44512 sec) PistonMoveAbsWTO()    169->174 170 171 172 173 174 [24sec, 15.0Volts, 0.163Amps, CPT:1615sec]
(Sep 27 2025 01:01:33,   44686 sec) Profile()            Sample 53 initiated at 46.7dbars for bin 61 [45dbars].  PTS/O2,T2,TPhase,RPhase,RawTemp/NO3/pH/FSig,BbSig,TSig/Ocr: 46.7dbars 27.0525C 35.4689PSU / 247.6uM 27.055C 29.372 8.581 -87.419 / 3.2uM / -0.830034V /   59  148  538 / 0x828f9c89 0x84cce91b 0x83ff08b6 0x807975c9
(Sep 27 2025 01:03:52,   44825 sec) Profile()            Sample 54 initiated at 41.8dbars for bin 62 [40dbars].  PTS/O2,T2,TPhase,RPhase,RawTemp/NO3/pH/FSig,BbSig,TSig/Ocr: 41.8dbars 27.1222C 35.4665PSU / 245.4uM 27.131C 29.441 8.583 -89.827 / 3.1uM / -0.829840V /   58  146  537 / 0x82b74912 0x84d14349 0x83ff4ae4 0x80971e92
(Sep 27 2025 01:03:53,   44826 sec) AscentControlAgent() Bouyancy nudge to 179 (v=0.034dbar/sec).
(Sep 27 2025 01:03:54,   44827 sec) PistonMoveAbsWTO()    174->179 175 176 177 178 179 [24sec, 15.0Volts, 0.160Amps, CPT:1639sec]
(Sep 27 2025 01:05:42,   44935 sec) Profile()            Sample 55 initiated at 36.9dbars for bin 63 [35dbars].  PTS/O2,T2,TPhase,RPhase,RawTemp/NO3/pH/FSig,BbSig,TSig/Ocr: 36.9dbars 27.1319C 35.4637PSU / 244.4uM 27.143C 29.478 8.581 -90.198 / 3.2uM / -0.829688V /   60  149  536 / 0x835cb840 0x85cc4d40 0x84ddec12 0x80e5c349
(Sep 27 2025 01:07:06,   45019 sec) Profile()            Sample 56 initiated at 31.8dbars for bin 64 [30dbars].  PTS/O2,T2,TPhase,RPhase,RawTemp/NO3/pH/FSig,BbSig,TSig/Ocr: 31.8dbars 27.1375C 35.4600PSU / 244.7uM 27.149C 29.466 8.590 -90.409 / 3.1uM / -0.829549V /   57  144  536 / 0x84753de4 0x87980e36 0x868056f6 0x818ce12d
(Sep 27 2025 01:08:30,   45103 sec) Profile()            Sample 57 initiated at 26.7dbars for bin 65 [25dbars].  PTS/O2,T2,TPhase,RPhase,RawTemp/NO3/pH/FSig,BbSig,TSig/Ocr: 26.6dbars 27.1426C 35.4590PSU / 245.1uM 27.156C 29.444 8.583 -90.609 / 3.0uM / -0.829551V /   55  142  536 / 0x854a6d5b 0x88cdf7ed 0x87a08bc9 0x82429cd2
(Sep 27 2025 01:09:55,   45188 sec) Profile()            Sample 58 initiated at 21.4dbars for bin 66 [20dbars].  PTS/O2,T2,TPhase,RPhase,RawTemp/NO3/pH/FSig,BbSig,TSig/Ocr: 21.3dbars 27.1407C 35.4588PSU / 245.1uM 27.156C 29.442 8.582 -90.622 / 3.0uM / -0.829386V /   56  142  536 / 0x85ae7ec0 0x88c95f24 0x87a299ed 0x82e67580
(Sep 27 2025 01:11:19,   45272 sec) Profile()            Sample 59 initiated at 16.8dbars for bin 67 [15dbars].  PTS/O2,T2,TPhase,RPhase,RawTemp/NO3/pH/FSig,BbSig,TSig/Ocr: 16.7dbars 27.1434C 35.4581PSU / 245.1uM 27.160C 29.444 8.581 -90.732 / 3.0uM / -0.829305V /   56  142  535 / 0x86a5bc40 0x89f0ccad 0x88b71012 0x8418da76
(Sep 27 2025 01:12:43,   45356 sec) Profile()            Sample 60 initiated at 11.5dbars for bin 68 [10dbars].  PTS/O2,T2,TPhase,RPhase,RawTemp/NO3/pH/FSig,BbSig,TSig/Ocr: 11.4dbars 27.1445C 35.4587PSU / 245.2uM 27.156C 29.439 8.579 -90.630 / 3.0uM / -0.829137V /   56  142  535 / 0x87b885ad 0x8b096264 0x89bf57ad 0x85ee1549
(Sep 27 2025 01:13:45,   45418 sec) Profile()            Sample 61 initiated at 8.0dbars for bin 69 [6dbars].  PTS/O2,T2,TPhase,RPhase,RawTemp/NO3/pH/FSig,BbSig,TSig/Ocr: 7.9dbars 27.1473C 35.4575PSU / 245.2uM 27.159C 29.437 8.578 -90.729 / 3.2uM / -0.829027V /   54  142  535 / 0x88aa6612 0x8c1ae524 0x8ac4d79b 0x87c9355b
(Sep 27 2025 01:14:33,   45466 sec) SurfaceDetect()      SurfacePressure:0.1dbars Pressure:3.6dbars PistonPosition:179
(Sep 27 2025 01:14:33,   45466 sec) Sbe41cpStopCP()      Continuous profile stopped.
(Sep 27 2025 01:14:36,   45469 sec) PistonMoveAbsWTO()    179->201 180 181 182 183 184 185 186 187 188 189 190 191 192 193 194 195 196 197 198 199 200 201 [108sec, 14.9Volts, 0.155Amps, CPT:1747sec]
(Sep 27 2025 01:16:29,   45582 sec) chat()               Expected string [S>] not received.
(Sep 27 2025 01:18:21,   45694 sec) Sbe41cpBinAverage()  Finished averaging 13212 samples in 107 seconds.
(Sep 27 2025 01:18:26,   45699 sec) Sbe41cpUploadCP_()   Sbe41cpSerNo[20478] NSample[13212] NBin[493]
(Sep 27 2025 01:18:57,   45730 sec) Sbe41cpUploadCP_()   Continuous profile uploaded [493 lines].
(Sep 27 2025 01:19:11,   45744 sec) MscErrorLog_()       No error records to log.
(Sep 27 2025 01:19:21,   45754 sec) MscErrorLog_()       No error records to log.

<EOT>
