(Oct 10 2025 23:43:03,  180000 sec) TelemetryInit()      Profile 18. (Apf11 FwRev: 061125)
(Oct 10 2025 23:43:03,  180000 sec) TelemetryInit()      Charge consumption model: OCV:15.3V Wake-Cycles:26678 Standby:18.4days Wake:19.0kC Sensors:2.0kC
(Oct 10 2025 23:48:18,  180315 sec) GetSurfaceObs()      P/O2,T2,TPhase,RPhase,RawTemp/FSig,BbSig,TSig: 0.4dbars / 243.2uM 26.925C 29.616 8.587 -83.282 / 53,139,535
(Oct 10 2025 23:48:18,  180315 sec) GetSurfaceObs()      P/Ocr: 0.4dbars / 0x9253ac6d 0x9f3021a4 0x96dc3724 0x988e6dc9
(Oct 10 2025 23:48:51,  180348 sec) GetSurfaceObs()      P/O2,T2,TPhase,RPhase,RawTemp/FSig,BbSig,TSig: 0.2dbars / 244.5uM 26.929C 29.554 8.577 -83.425 / 52,139,535
(Oct 10 2025 23:48:51,  180348 sec) GetSurfaceObs()      P/Ocr: 0.2dbars / 0x90396124 0x9f452c24 0x9a0f5e00 0x97023589
(Oct 10 2025 23:49:24,  180381 sec) GetSurfaceObs()      P/O2,T2,TPhase,RPhase,RawTemp/FSig,BbSig,TSig: 0.1dbars / 244.1uM 26.921C 29.574 8.577 -83.166 / 52,141,535
(Oct 10 2025 23:49:24,  180381 sec) GetSurfaceObs()      P/Ocr: 0.1dbars / 0x925d0812 0x9c6d5412 0x96e84e49 0x9a4dc664
(Oct 10 2025 23:49:58,  180415 sec) GetSurfaceObs()      P/O2,T2,TPhase,RPhase,RawTemp/FSig,BbSig,TSig: 0.4dbars / 243.4uM 26.938C 29.599 8.572 -83.719 / 57,138,535
(Oct 10 2025 23:49:58,  180415 sec) GetSurfaceObs()      P/Ocr: 0.4dbars / 0x94168f09 0x999cce5b 0x9846f35b 0x9802bc00
(Oct 10 2025 23:53:08,  180605 sec) AirSystem()          Battery [216cnt, 15.2V]  Current [20cnt, 78.9mA]  Pneumometer [157cnt, 18.5psi]  Run-Time [91s]
(Oct 10 2025 23:53:21,  180618 sec) GetSurfaceObs()      P/O2,T2,TPhase,RPhase,RawTemp/FSig,BbSig,TSig: 0.2dbars / 247.1uM 25.681C 29.911 8.583 -43.661 / 53,144,535
(Oct 10 2025 23:53:21,  180618 sec) GetSurfaceObs()      P/Ocr: 0.2dbars / 0x978b129b 0xa65c1509 0xa39a7676 0xa49beac9
(Oct 10 2025 23:53:55,  180652 sec) GetSurfaceObs()      P/O2,T2,TPhase,RPhase,RawTemp/FSig,BbSig,TSig: -0.1dbars / 244.7uM 26.439C 29.732 8.573 -67.850 / 53,140,535
(Oct 10 2025 23:53:55,  180652 sec) GetSurfaceObs()      P/Ocr: -0.1dbars / 0x91a08280 0x91ed2c80 0x930c415b 0x9a74eb80
(Oct 10 2025 23:54:28,  180685 sec) GetSurfaceObs()      P/O2,T2,TPhase,RPhase,RawTemp/FSig,BbSig,TSig: -0.1dbars / 248.3uM 25.843C 29.798 8.567 -48.822 / 51,138,535
(Oct 10 2025 23:54:28,  180685 sec) GetSurfaceObs()      P/Ocr: -0.1dbars / 0x92d76c64 0x9b78471b 0x9871ef1b 0x99bb6000
(Oct 10 2025 23:55:01,  180718 sec) GetSurfaceObs()      P/O2,T2,TPhase,RPhase,RawTemp/FSig,BbSig,TSig: 0.0dbars / 250.3uM 25.798C 29.726 8.569 -47.396 / 52,141,535
(Oct 10 2025 23:55:01,  180718 sec) GetSurfaceObs()      P/Ocr: 0.0dbars / 0x949210b6 0x9e7edec0 0x9c992209 0x9e55a652
(Oct 10 2025 23:55:34,  180751 sec) GetSurfaceObs()      P/O2,T2,TPhase,RPhase,RawTemp/FSig,BbSig,TSig: -0.1dbars / 243.9uM 26.503C 29.741 8.566 -69.876 / 52,139,535
(Oct 10 2025 23:55:34,  180751 sec) GetSurfaceObs()      P/Ocr: -0.1dbars / 0x964a6b64 0xa1f5fcdb 0x9eefb812 0xa0dd7e89
(Oct 10 2025 23:56:07,  180784 sec) GetSurfaceObs()      P/O2,T2,TPhase,RPhase,RawTemp/FSig,BbSig,TSig: -0.1dbars / 253.3uM 25.474C 29.720 8.566 -37.024 / 52,139,535
(Oct 10 2025 23:56:07,  180784 sec) GetSurfaceObs()      P/Ocr: -0.1dbars / 0x965c84ed 0xa19551ad 0x9e9b43ed 0xa0db09d2
(Oct 10 2025 23:56:41,  180818 sec) GetSurfaceObs()      P/O2,T2,TPhase,RPhase,RawTemp/FSig,BbSig,TSig: -0.0dbars / 247.8uM 25.928C 29.785 8.559 -51.536 / 52,139,535
(Oct 10 2025 23:56:41,  180818 sec) GetSurfaceObs()      P/Ocr: -0.0dbars / 0x95139a9b 0x9e9a64f6 0x9c285689 0x9e2590ed
(Oct 10 2025 23:57:14,  180851 sec) GetSurfaceObs()      P/O2,T2,TPhase,RPhase,RawTemp/FSig,BbSig,TSig: -0.0dbars / 243.2uM 26.624C 29.729 8.560 -73.739 / 53,139,535
(Oct 10 2025 23:57:14,  180851 sec) GetSurfaceObs()      P/Ocr: -0.0dbars / 0x963c5ac0 0xa21d24f6 0x9f11e3db 0xa1fc6aad
(Oct 10 2025 23:57:31,  180868 sec) AirSystem()          Battery [217cnt, 15.2V]  Current [19cnt, 75.8mA]  Pneumometer [159cnt, 18.7psi]  Run-Time [9s]
(Oct 10 2025 23:58:05,  180902 sec) GetSurfaceObs()      P/O2,T2,TPhase,RPhase,RawTemp/FSig,BbSig,TSig: -0.1dbars / 243.9uM 26.283C 29.827 8.565 -62.869 / 52,136,535
(Oct 10 2025 23:58:05,  180902 sec) GetSurfaceObs()      P/Ocr: -0.1dbars / 0x98bdbe24 0xa6aaa5ad 0xa37b19d2 0xa55d7d64
(Oct 10 2025 23:58:08,  180905 sec) GpsServices()        GPS almanac is current.
(Oct 10 2025 23:58:08,  180905 sec) GpsServices()        Initiating GPS fix acquisition.
(Oct 10 2025 23:58:11,  180908 sec) gga()                $GPGGA,235810,2741.1604,N,15757.9582,W,0,00,,,M,,M,,*46
(Oct 10 2025 23:58:11,  180908 sec) gga()                $GPGGA,235810,2741.1604,N,15757.9582,W,0,00,,,M,,M,,*46
(Oct 10 2025 23:58:21,  180918 sec) gga()                $GPGGA,235820,2741.1604,N,15757.9582,W,0,00,,,M,,M,,*45
(Oct 10 2025 23:58:28,  180925 sec) gga()                $GPGGA,235830,2741.1604,N,15757.9582,W,0,00,,,M,,M,,*44
(Oct 10 2025 23:58:29,  180926 sec) gga()                $GPGGA,235830,2741.1604,N,15757.9582,W,0,00,,,M,,M,,*44
(Oct 10 2025 23:58:39,  180936 sec) gga()                $GPGGA,235840,2741.1604,N,15757.9582,W,0,00,,,M,,M,,*43
(Oct 10 2025 23:58:49,  180946 sec) gga()                $GPGGA,235850,2741.1604,N,15757.9582,W,0,00,,,M,,M,,*42
(Oct 10 2025 23:58:58,  180955 sec) gga()                $GPGGA,235900,2741.1604,N,15757.9582,W,0,00,,,M,,M,,*46
(Oct 10 2025 23:58:59,  180956 sec) gga()                $GPGGA,235900,2741.1604,N,15757.9582,W,0,00,,,M,,M,,*46
(Oct 10 2025 23:59:09,  180966 sec) gga()                $GPGGA,235910,2741.1604,N,15757.9582,W,0,00,,,M,,M,,*47
(Oct 10 2025 23:59:19,  180976 sec) gga()                $GPGGA,235920,2741.1604,N,15757.9582,W,0,00,,,M,,M,,*44
(Oct 10 2025 23:59:29,  180986 sec) gga()                $GPGGA,235930,2741.1604,N,15757.9582,W,0,00,,,M,,M,,*45
(Oct 10 2025 23:59:30,  180987 sec) gga()                $GPGGA,235930,2741.7692,N,15757.6013,W,6,10,0.9,-5.1,M,-5.9,M,,*66
(Oct 10 2025 23:59:39,  180996 sec) gga()                $GPGGA,235940,2741.7699,N,15757.6015,W,1,10,0.9,-1.3,M,-5.9,M,,*6D
(Oct 10 2025 23:59:39,  180996 sec) GpsServices()        Profile 18 GPS fix obtained in 91 seconds.
(Oct 10 2025 23:59:39,  180996 sec) GpsServices()                   lon      lat mm/dd/yyyy hhmmss nsat
(Oct 10 2025 23:59:39,  180996 sec) GpsServices()        Fix: -157.9600  27.6962 10/10/2025 235940   10
(Oct 10 2025 23:59:49,  181006 sec) gga()                $GPGGA,235950,2741.7706,N,15757.6009,W,1,10,0.9,-1.2,M,-5.9,M,,*67
(Oct 10 2025 23:59:49,  181006 sec) GetGpsTime()         Aborting: Roll-over threat; GPS time (23.9972) too close to midnight UTC.
(Oct 10 2025 23:59:49,  181006 sec) GpsServices()        Apf11 RTC skew check aborted.
(Oct 10 2025 23:59:49,  181006 sec) GpsServices()        GPS services complete.
(Oct 11 2025 00:00:24,  181041 sec) IrGeoLoc()           <x,y,z>=<-5236km,-2120km,2944km> lat=27.684 lon=-157.958 IrSysTime=0xee83119a
(Oct 11 2025 00:00:28,  181045 sec) CLogin()             Connecting to primary host.
(Oct 11 2025 00:00:39,  181056 sec) CLogin()             Connection 1 established in 11 seconds.
(Oct 11 2025 00:01:13,  181090 sec) expect()             Attempt to read prompt string [Last login:] failed.
(Oct 11 2025 00:01:13,  181090 sec) login()              Login failed.
(Oct 11 2025 00:01:43,  181120 sec) expect()             Attempt to read prompt string [login:] failed.
(Oct 11 2025 00:01:43,  181120 sec) login()              Login prompt not received.
(Oct 11 2025 00:01:57,  181134 sec) CLogin()             Connection 2 established in 89 seconds.
(Oct 11 2025 00:02:27,  181164 sec) expect()             Attempt to read prompt string [login:] failed.
(Oct 11 2025 00:02:27,  181164 sec) login()              Login prompt not received.
(Oct 11 2025 00:02:40,  181177 sec) login()              Login successful.
(Oct 11 2025 00:02:49,  181186 sec) CLogin()             Logged in to host.  [Login required 52 seconds]
(Oct 11 2025 00:02:50,  181187 sec) RxConfig()           Downloading "mission.cfg" from host.
(Oct 11 2025 00:03:06,  181203 sec) RxConfig()           Download successful: [bytes:48, sec:13.5, bps:4]
(Oct 11 2025 00:03:10,  181207 sec) WriteVitals_()       Writing vitals to "23808.018.msg".
(Oct 11 2025 00:03:15,  181212 sec) UpLoadFile()         Uploading "23808.018.log" to host.
(Oct 11 2025 00:05:45,  181362 sec) UpLoadFile()         Upload successful: [bytes:41840, sec:150.0, bps:279]
(Oct 11 2025 00:05:46,  181363 sec) fmove()              Moved: 23808.018.log -> archive/23808.018.log
(Oct 11 2025 00:05:55,  181372 sec) UpLoadFile()         Uploading "23808.018.msg" to host.
(Oct 11 2025 00:07:23,  181460 sec) UpLoadFile()         Upload successful: [bytes:25319, sec:88.1, bps:287]
(Oct 11 2025 00:07:24,  181461 sec) fmove()              Moved: 23808.018.msg -> archive/23808.018.msg
(Oct 11 2025 00:07:28,  181465 sec) UpLoadFile()         Uploading "23808.018.isus" to host.
(Oct 11 2025 00:09:41,  181598 sec) UpLoadFile()         Upload successful: [bytes:24799, sec:133.5, bps:186]
(Oct 11 2025 00:09:43,  181600 sec) fmove()              Moved: 23808.018.isus -> archive/23808.018.isus
(Oct 11 2025 00:09:46,  181603 sec) UpLoadFile()         Uploading "23808.018.dura" to host.
(Oct 11 2025 00:10:55,  181672 sec) UpLoadFile()         Upload successful: [bytes:12218, sec:68.4, bps:179]
(Oct 11 2025 00:10:56,  181673 sec) fmove()              Moved: 23808.018.dura -> archive/23808.018.dura
(Oct 11 2025 00:10:57,  181674 sec) UpLoad()             Files successfully uploaded: 4
(Oct 11 2025 00:10:57,  181674 sec) UpLoad()             Upload complete.
(Oct 11 2025 00:11:07,  181684 sec) chat()               Expected string [logout] not received.
(Oct 11 2025 00:11:07,  181684 sec) logout()             Attempt to log-out failed.
(Oct 11 2025 00:11:07,  181684 sec) logout()             No carrier detected.
(Oct 11 2025 00:11:07,  181684 sec) Telemetry()          Telemetry cycle complete: PrfId=18 ConnectionAttempts=2  Connections=2
(Oct 11 2025 00:11:07,  181684 sec) TelemetryTerminate() Parsing new mission configuration.
(Oct 11 2025 00:11:08,  181685 sec) configure()          Parsing configurators in "mission.cfg".
(Oct 11 2025 00:11:08,  181685 sec) configure()             TelemetryRetry(15)      [0x7BBC] [TelemetryRetry(15)].
(Oct 11 2025 00:11:08,  181685 sec) configure()             DownTime(7200) [CRC=0xBC7F] [DownTime(7200)].
(Oct 11 2025 00:11:08,  181685 sec) configure()          Configuration CRCs and syntax OK.
(Oct 11 2025 00:11:09,  181686 sec) ConfigSupervisor()   Configuration accepted.
(Oct 11 2025 00:11:09,  181686 sec) LogConfiguration()   Mission configuration for Apf11 FwRev 061125:
(Oct 11 2025 00:11:09,  181686 sec) LogConfiguration()      AscentTimeOut(540) [min]
(Oct 11 2025 00:11:09,  181686 sec) LogConfiguration()      AtDialCmd(AT+CBST=71,0,1;DT00881600005496) [primary]
(Oct 11 2025 00:11:09,  181686 sec) LogConfiguration()      AltDialCmd(ATDT0012066163256) [alternate]
(Oct 11 2025 00:11:09,  181686 sec) LogConfiguration()      BuoyancyNudge(10) [count]
(Oct 11 2025 00:11:09,  181686 sec) LogConfiguration()      BuoyancyNudgeInitial(22) [count]
(Oct 11 2025 00:11:09,  181686 sec) LogConfiguration()      CompensatorHyperRetraction(0) [count]
(Oct 11 2025 00:11:09,  181686 sec) LogConfiguration()      ConnectTimeOut(60) [sec]
(Oct 11 2025 00:11:09,  181686 sec) LogConfiguration()      CpActivationP(985) [dbar]
(Oct 11 2025 00:11:09,  181686 sec) LogConfiguration()      DeepProfileDescentTime(240) [min]
(Oct 11 2025 00:11:09,  181686 sec) LogConfiguration()      DeepProfilePistonPos(9) [count]
(Oct 11 2025 00:11:09,  181686 sec) LogConfiguration()      DeepProfilePressure(2025) [dbar]
(Oct 11 2025 00:11:09,  181686 sec) LogConfiguration()      DownTime(7200) [min]
(Oct 11 2025 00:11:09,  181686 sec) LogConfiguration()      DuraRefWarmUpHrs(255)
(Oct 11 2025 00:11:09,  181686 sec) LogConfiguration()      DuraInit(-1) [Enable<0, Disable=0, Enable&Init>0]
(Oct 11 2025 00:11:09,  181686 sec) LogConfiguration()      FatFsEnable(1)
(Oct 11 2025 00:11:09,  181686 sec) LogConfiguration()      FlbbMode(1)
(Oct 11 2025 00:11:09,  181686 sec) LogConfiguration()      FloatId(23808)
(Oct 11 2025 00:11:09,  181686 sec) LogConfiguration()      FullExtension(231) [count]
(Oct 11 2025 00:11:09,  181686 sec) LogConfiguration()      FullRetraction(9) [count]
(Oct 11 2025 00:11:09,  181686 sec) LogConfiguration()      IsusInit(-1) [Enable<0, Disable=0, Enable&Init>0]
(Oct 11 2025 00:11:09,  181686 sec) LogConfiguration()      MaxAirBladder(154) [count]
(Oct 11 2025 00:11:09,  181686 sec) LogConfiguration()      MaxLogKb(60) [KByte]
(Oct 11 2025 00:11:09,  181686 sec) LogConfiguration()      MissionPrelude(360) [min]
(Oct 11 2025 00:11:09,  181686 sec) LogConfiguration()      OcrInit(-500) [dbar]
(Oct 11 2025 00:11:09,  181686 sec) LogConfiguration()      OkVacuum(230) [count]
(Oct 11 2025 00:11:09,  181686 sec) LogConfiguration()      OptodeMode(1)
(Oct 11 2025 00:11:09,  181686 sec) LogConfiguration()      PActivationPistonPosition(16) [count]
(Oct 11 2025 00:11:09,  181686 sec) LogConfiguration()      ParkDescentTime(240) [min]
(Oct 11 2025 00:11:09,  181686 sec) LogConfiguration()      ParkPistonPos(53) [count]
(Oct 11 2025 00:11:09,  181686 sec) LogConfiguration()      ParkPressure(1000) [dbar]
(Oct 11 2025 00:11:09,  181686 sec) LogConfiguration()      PnPCycleLen(1)
(Oct 11 2025 00:11:09,  181686 sec) LogConfiguration()      Pwd(0xafb3)
(Oct 11 2025 00:11:09,  181686 sec) LogConfiguration()      TelemetryRetry(15) [min]
(Oct 11 2025 00:11:09,  181686 sec) LogConfiguration()      TimeOfDay(DISABLED) [min]
(Oct 11 2025 00:11:09,  181686 sec) LogConfiguration()      UpTime(660) [min]
(Oct 11 2025 00:11:09,  181686 sec) LogConfiguration()      User(f23808)
(Oct 11 2025 00:11:09,  181686 sec) LogConfiguration()      ZModemTimeOut(80) [sec]
(Oct 11 2025 00:11:09,  181686 sec) LogConfiguration()      Verbosity(2)
(Oct 11 2025 00:11:09,  181686 sec) LogConfiguration()      DebugBits(0x0002)
(Oct 11 2025 00:11:09,  181686 sec) TelemetryTerminate() Reconditioning the file system.
(Oct 11 2025 00:11:11,       0 sec) DescentInit()        Deep profile 19 initiated at mission-time 181688sec.
(Oct 11 2025 00:11:12,       1 sec) DescentInit()        Surface pressure: -0.1dbars.
(Oct 11 2025 00:11:12,       1 sec) DescentInit()        Charge consumption model: OCV:15.0V Wake-Cycles:26679 Standby:18.4days Wake:19.1kC Sleep:2.0kC
(Oct 11 2025 00:11:24,      13 sec) DescentInit()        Pneumatic humidity: 2892(60.3%) -> 2895(60.4%)
(Oct 11 2025 00:11:24,      13 sec) PistonMoveAbsWTO()    198->053 197 196 195 194 193 192 191 190 189 188 187 186 185 184 183 182 181 180 179 178 177 176 175 174 173 172 171 170 169 168 167 166 165 164 163 162 161 160 159 158 157 156 155 154 153 152 151 150 149 148 147 146 145 144 143 142 141 140 139 138 137 136 135 134 133 132 131 130 129 128 127 126 125 124 123 122 121 120 119 118 117 116 115 114 113 112 111 110 109 108 107 106 105 104 103 102 101 100 099 098 097 096 095 094 093 092 091 090 089 088 087 086 085 084 083 082 081 080 079 078 077 076 075 074 073 072 071 070 069 068 067 066 065 064 063 062 061 060 059 058 057 056 055 054 053 [708sec, 15.0Volts, 0.129Amps, CPT:708sec]
(Oct 11 2025 00:23:16,     725 sec) DescentInit()        Air solenoid open: Barometer [209cnt,  12.2psi]  Pneumometer [107cnt,  12.5psi]
(Oct 11 2025 00:23:26,     735 sec) Descent()            Pressure: 72.3
(Oct 11 2025 01:11:11,    3600 sec) Descent()            Pressure: 503.6
(Oct 11 2025 02:11:11,    7200 sec) Descent()            Pressure: 855.9
(Oct 11 2025 03:11:11,   10800 sec) Descent()            Pressure: 980.3
(Oct 11 2025 04:11:11,   14400 sec) Descent()            Pressure: 990.3
(Oct 11 2025 04:11:12,   14401 sec) ParkInit()           Charge consumption model: OCV:15.4V Wake-Cycles:26684 Standby:18.5days Wake:19.4kC Sensors:2.0kC
(Oct 15 2025 20:11:43,  417632 sec) CtdPower()           [  996.00,  3.8133, 34.4164]
(Oct 15 2025 20:11:43,  417632 sec) CtdPower()           CTD Power consumption [217VCnt 3ACnt]: 15.275Volts * 0.012Amps = 0.18Watts.
(Oct 15 2025 20:11:49,  417638 sec) ParkTerminate()      Piston Position:53 Vacuum:190 HumidityAd12:4094(inf%) Vq:219 Aq:2 Vsbe:217 Asbe:3 Vflbb:212 Aflbb:11 Vopt:212 Aopt:13 Vocr:213 Aocr:7 MuxTemp:3.854C MuxHumidity:6.9%
(Oct 15 2025 20:12:19,  417668 sec) ParkTerminate()      PTS/O2,T2,TPhase,RawTemp: 996.1dbars 3.8128C 34.4155PSU / 38.1uM 3.809C 56.889 8.039 663.326
(Oct 15 2025 20:12:19,  417668 sec) ParkTerminate()      FLBB FSig, BbSig, TSig: 54, 112, 572 / Ocr: nan nan nan nan
(Oct 15 2025 20:12:20,  417669 sec) GoDeepInit()         Charge consumption model: OCV:15.3V Wake-Cycles:26796 Standby:23.2days Wake:19.5kC Sensors:2.0kC
(Oct 15 2025 20:12:20,  417669 sec) GoDeepInit()         Moving piston.
(Oct 15 2025 20:12:20,  417669 sec) PistonMoveAbsWTO()    053->009 052 051 050 049 048 047 046 045 044 043 042 041 040 039 038 037 036 035 034 033 032 031 030 029 028 027 026 025 024 023 022 021 020 019 018 017 016 015 014 013 012 011 010 009 [216sec, 15.0Volts, 0.050Amps, CPT:924sec]
(Oct 16 2025 00:11:11,  432000 sec) ProfileInit()        Charge consumption model: OCV:15.4V Wake-Cycles:26844 Standby:23.4days Wake:19.5kC Sensors:2.0kC
(Oct 16 2025 00:11:11,  432000 sec) ProfileInit()        PrfId:019  Pressure:1632.6dbar  pTable[4]:1600dbar
(Oct 16 2025 00:11:13,  432002 sec) ProfileInit()        Muxer PPIs K{1,2} quiescent: 15.30V, 0.2mA, 3.1mW
(Oct 16 2025 00:11:17,  432006 sec) ProfileInit()        ISUS powered up.
(Oct 16 2025 00:11:20,  432009 sec) ProfileInit()        Muxer PPIs K{1,2} w/ ISUS awake: 14.95V, 56.0mA, 837.3mW
(Oct 16 2025 00:11:27,  432016 sec) MscErrorLog_()       No error records to log.
(Oct 16 2025 00:11:33,  432022 sec) ProfileInit()        DURA powered up.
(Oct 16 2025 00:11:37,  432026 sec) ProfileInit()        Muxer PPIs K{1,2} w/ DURA awake: 15.02V, 48.6mA, 729.8mW
(Oct 16 2025 00:11:43,  432032 sec) MscErrorLog_()       No error records to log.
(Oct 16 2025 00:11:48,  432037 sec) PistonMoveAbsWTO()    009->031 010 011 012 013 014 015 [30sec, 14.5Volts, 0.554Amps, CPT:954sec]
(Oct 16 2025 00:12:29,  432078 sec) PistonMoveAbsWTO()    015->031 016 017 018 019 020 [30sec, 14.3Volts, 0.547Amps, CPT:984sec]
(Oct 16 2025 00:13:10,  432119 sec) PistonMoveAbsWTO()    020->031 021 022 023 024 025 [30sec, 14.1Volts, 0.541Amps, CPT:1014sec]
(Oct 16 2025 00:13:51,  432160 sec) PistonMoveAbsWTO()    025->031 026 027 028 029 030 [30sec, 14.1Volts, 0.537Amps, CPT:1044sec]
(Oct 16 2025 00:14:32,  432201 sec) PistonMoveAbsWTO()    030->031 031 [1sec, 14.2Volts, 0.533Amps, CPT:1045sec]
(Oct 16 2025 00:18:38,  432447 sec) Profile()            Sample 0 initiated at 1601.3dbars for bin 4 [1600dbars].  PTS/O2,T2,TPhase,RPhase,RawTemp/NO3/pH/FSig,BbSig,TSig/Ocr: 1599.0dbars 2.6079C 34.5669PSU / 77.5uM 2.603C 52.861 8.050 699.916 / 41.3uM / -0.884584V /   53  111  574 / nan nan nan nan
(Oct 16 2025 00:36:41,  433530 sec) Profile()            Sample 1 initiated at 1501.4dbars for bin 5 [1500dbars].  PTS/O2,T2,TPhase,RPhase,RawTemp/NO3/pH/FSig,BbSig,TSig/Ocr: 1499.9dbars 2.7791C 34.5516PSU / 72.2uM 2.773C 53.339 8.067 694.794 / 41.6uM / -0.884644V /   55  112  573 / nan nan nan nan
(Oct 16 2025 00:36:43,  433532 sec) AscentControlAgent() Bouyancy nudge to 41 (v=0.076dbar/sec).
(Oct 16 2025 00:36:43,  433532 sec) PistonMoveAbsWTO()    031->041 032 033 034 035 036 [30sec, 14.4Volts, 0.513Amps, CPT:1075sec]
(Oct 16 2025 00:37:24,  433573 sec) PistonMoveAbsWTO()    036->041 037 038 039 040 041 [25sec, 14.3Volts, 0.502Amps, CPT:1100sec]
(Oct 16 2025 00:55:08,  434637 sec) Profile()            Sample 2 initiated at 1401.3dbars for bin 6 [1400dbars].  PTS/O2,T2,TPhase,RPhase,RawTemp/NO3/pH/FSig,BbSig,TSig/Ocr: 1399.4dbars 3.0399C 34.5296PSU / 66.0uM 3.033C 53.895 8.070 686.929 / 41.9uM / -0.884645V /   53  112  573 / nan nan nan nan
(Oct 16 2025 01:08:02,  435411 sec) PistonMoveAbsWTO()    041->041 [0sec, 0.0Volts, 0.000Amps, CPT:1100sec]
(Oct 16 2025 01:12:38,  435687 sec) AscentControlAgent() Bouyancy nudge to 51 (v=0.079dbar/sec).
(Oct 16 2025 01:12:38,  435687 sec) PistonMoveAbsWTO()    041->051 042 043 044 045 046 [30sec, 14.6Volts, 0.473Amps, CPT:1130sec]
(Oct 16 2025 01:13:19,  435728 sec) PistonMoveAbsWTO()    046->051 047 048 049 050 051 [25sec, 14.4Volts, 0.468Amps, CPT:1155sec]
(Oct 16 2025 01:14:53,  435822 sec) Profile()            Sample 3 initiated at 1299.9dbars for bin 7 [1300dbars].  PTS/O2,T2,TPhase,RPhase,RawTemp/NO3/pH/FSig,BbSig,TSig/Ocr: 1297.7dbars 3.2161C 34.5097PSU / 59.4uM 3.210C 54.540 8.074 681.573 / 42.2uM / -0.884618V /   55  113  573 / nan nan nan nan
(Oct 16 2025 01:32:13,  436862 sec) Profile()            Sample 4 initiated at 1201.4dbars for bin 8 [1200dbars].  PTS/O2,T2,TPhase,RPhase,RawTemp/NO3/pH/FSig,BbSig,TSig/Ocr: 1199.8dbars 3.4074C 34.4926PSU / 56.4uM 3.400C 54.821 8.078 675.798 / 42.4uM / -0.884220V /   54  114  572 / nan nan nan nan
(Oct 16 2025 01:38:08,  437217 sec) AscentControlAgent() Bouyancy nudge to 61 (v=0.071dbar/sec).
(Oct 16 2025 01:38:08,  437217 sec) PistonMoveAbsWTO()    051->061 052 053 054 055 056 [30sec, 14.6Volts, 0.436Amps, CPT:1185sec]
(Oct 16 2025 01:38:49,  437258 sec) PistonMoveAbsWTO()    056->061 057 058 059 060 061 [23sec, 14.4Volts, 0.438Amps, CPT:1208sec]
(Oct 16 2025 01:52:29,  438078 sec) Profile()            Sample 5 initiated at 1101.3dbars for bin 9 [1100dbars].  PTS/O2,T2,TPhase,RPhase,RawTemp/NO3/pH/FSig,BbSig,TSig/Ocr: 1099.5dbars 3.7080C 34.4495PSU / 46.7uM 3.700C 55.854 8.083 666.646 / 42.7uM / -0.884628V /   55  114  572 / nan nan nan nan
(Oct 16 2025 01:58:12,  438421 sec) PistonMoveAbsWTO()    061->061 [0sec, 0.0Volts, 0.000Amps, CPT:1208sec]
(Oct 16 2025 02:03:44,  438753 sec) AscentControlAgent() Bouyancy nudge to 71 (v=0.080dbar/sec).
(Oct 16 2025 02:03:44,  438753 sec) PistonMoveAbsWTO()    061->071 062 063 064 065 066 [30sec, 14.6Volts, 0.398Amps, CPT:1238sec]
(Oct 16 2025 02:04:25,  438794 sec) PistonMoveAbsWTO()    066->071 067 068 069 070 071 [24sec, 14.5Volts, 0.409Amps, CPT:1262sec]
(Oct 16 2025 02:10:55,  439184 sec) Profile()            Sample 6 initiated at 1002.0dbars for bin 10 [1000dbars].  PTS/O2,T2,TPhase,RPhase,RawTemp/NO3/pH/FSig,BbSig,TSig/Ocr: 999.7dbars 3.8620C 34.3963PSU / 35.8uM 3.854C 57.176 8.088 661.942 / 43.2uM / -0.884569V /   55  116  572 / nan nan nan nan
(Oct 16 2025 02:14:05,  439374 sec) Sbe41cpStartCP()     Continuous profile started.
(Oct 16 2025 02:19:06,  439675 sec) Profile()            Sample 7 initiated at 951.2dbars for bin 11 [950dbars].  PTS/O2,T2,TPhase,RPhase,RawTemp/NO3/pH/FSig,BbSig,TSig/Ocr: 951.2dbars 3.9813C 34.3664PSU / 32.1uM 3.972C 57.620 8.092 658.343 / 43.3uM / -0.884679V /   54  115  571 / nan nan nan nan
(Oct 16 2025 02:24:17,  439986 sec) AscentControlAgent() Bouyancy nudge to 81 (v=0.079dbar/sec).
(Oct 16 2025 02:24:17,  439986 sec) PistonMoveAbsWTO()    071->081 072 073 074 075 076 [30sec, 14.5Volts, 0.382Amps, CPT:1292sec]
(Oct 16 2025 02:24:58,  440027 sec) PistonMoveAbsWTO()    076->081 077 078 079 080 081 [24sec, 14.4Volts, 0.383Amps, CPT:1316sec]
(Oct 16 2025 02:28:55,  440264 sec) Profile()            Sample 8 initiated at 901.0dbars for bin 12 [900dbars].  PTS/O2,T2,TPhase,RPhase,RawTemp/NO3/pH/FSig,BbSig,TSig/Ocr: 900.9dbars 4.1249C 34.3211PSU / 28.2uM 4.117C 58.115 8.094 653.898 / 43.4uM / -0.884777V /   56  115  571 / nan nan nan nan
(Oct 16 2025 02:38:11,  440820 sec) Profile()            Sample 9 initiated at 851.1dbars for bin 13 [850dbars].  PTS/O2,T2,TPhase,RPhase,RawTemp/NO3/pH/FSig,BbSig,TSig/Ocr: 851.0dbars 4.2868C 34.2757PSU / 28.7uM 4.278C 58.009 8.098 648.977 / 43.1uM / -0.884333V /   56  115  571 / nan nan nan nan
(Oct 16 2025 02:47:38,  441387 sec) Profile()            Sample 10 initiated at 801.7dbars for bin 14 [800dbars].  PTS/O2,T2,TPhase,RPhase,RawTemp/NO3/pH/FSig,BbSig,TSig/Ocr: 801.6dbars 4.4716C 34.2262PSU / 32.5uM 4.463C 57.458 8.103 643.309 / 42.6uM / -0.883731V /   55  117  571 / nan nan nan nan
(Oct 16 2025 02:54:50,  441819 sec) AscentControlAgent() Bouyancy nudge to 91 (v=0.075dbar/sec).
(Oct 16 2025 02:54:50,  441819 sec) PistonMoveAbsWTO()    081->091 082 083 084 085 086 [30sec, 14.5Volts, 0.349Amps, CPT:1346sec]
(Oct 16 2025 02:55:31,  441860 sec) PistonMoveAbsWTO()    086->091 087 088 089 090 091 [24sec, 14.4Volts, 0.340Amps, CPT:1370sec]
(Oct 16 2025 02:57:59,  442008 sec) Profile()            Sample 11 initiated at 751.7dbars for bin 15 [750dbars].  PTS/O2,T2,TPhase,RPhase,RawTemp/NO3/pH/FSig,BbSig,TSig/Ocr: 751.6dbars 4.7547C 34.1704PSU / 40.7uM 4.745C 56.310 8.109 634.612 / 41.6uM / -0.882390V /   54  115  571 / nan nan nan nan
(Oct 16 2025 03:05:00,  442429 sec) AscentControlAgent() Bouyancy nudge to 101 (v=0.080dbar/sec).
(Oct 16 2025 03:05:00,  442429 sec) PistonMoveAbsWTO()    091->101 092 093 094 095 096 [30sec, 14.5Volts, 0.329Amps, CPT:1400sec]
(Oct 16 2025 03:05:41,  442470 sec) PistonMoveAbsWTO()    096->101 097 098 099 100 101 [24sec, 14.5Volts, 0.331Amps, CPT:1424sec]
(Oct 16 2025 03:07:47,  442596 sec) Profile()            Sample 12 initiated at 701.6dbars for bin 16 [700dbars].  PTS/O2,T2,TPhase,RPhase,RawTemp/NO3/pH/FSig,BbSig,TSig/Ocr: 701.5dbars 5.1078C 34.1032PSU / 55.0uM 5.097C 54.427 8.117 623.739 / 40.2uM / -0.880864V /   54  116  570 / nan nan nan nan
(Oct 16 2025 03:15:57,  443086 sec) Profile()            Sample 13 initiated at 651.0dbars for bin 17 [650dbars].  PTS/O2,T2,TPhase,RPhase,RawTemp/NO3/pH/FSig,BbSig,TSig/Ocr: 650.9dbars 5.4867C 34.0535PSU / 77.9uM 5.481C 51.703 8.127 611.844 / 37.9uM / -0.878082V /   54  120  570 / nan nan nan nan
(Oct 16 2025 03:24:50,  443619 sec) Profile()            Sample 14 initiated at 601.9dbars for bin 18 [600dbars].  PTS/O2,T2,TPhase,RPhase,RawTemp/NO3/pH/FSig,BbSig,TSig/Ocr: 601.8dbars 6.0345C 34.0102PSU / 108.3uM 6.023C 48.485 8.142 594.990 / 34.6uM / -0.874190V /   53  118  569 / nan nan nan nan
(Oct 16 2025 03:30:22,  443951 sec) AscentControlAgent() Bouyancy nudge to 111 (v=0.069dbar/sec).
(Oct 16 2025 03:30:23,  443952 sec) PistonMoveAbsWTO()    101->111 102 103 104 105 106 107 [30sec, 14.6Volts, 0.302Amps, CPT:1454sec]
(Oct 16 2025 03:31:04,  443993 sec) PistonMoveAbsWTO()    107->111 108 109 110 111 [22sec, 14.5Volts, 0.295Amps, CPT:1476sec]
(Oct 16 2025 03:35:31,  444260 sec) Profile()            Sample 15 initiated at 551.2dbars for bin 19 [550dbars].  PTS/O2,T2,TPhase,RPhase,RawTemp/NO3/pH/FSig,BbSig,TSig/Ocr: 551.1dbars 7.1034C 34.0036PSU / 149.0uM 7.099C 44.580 8.174 561.268 / 29.6uM / -0.868637V /   53  118  568 / nan nan nan nan
(Oct 16 2025 03:45:31,  444860 sec) Profile()            Sample 16 initiated at 501.9dbars for bin 20 [500dbars].  PTS/O2,T2,TPhase,RPhase,RawTemp/NO3/pH/FSig,BbSig,TSig/Ocr: 501.9dbars 8.1349C 34.0144PSU / 189.3uM 8.125C 41.259 8.204 528.796 / 24.5uM / -0.863041V /   51  119  566 / nan nan nan nan
(Oct 16 2025 03:45:43,  444872 sec) AscentControlAgent() Bouyancy nudge to 121 (v=0.078dbar/sec).
(Oct 16 2025 03:45:44,  444873 sec) PistonMoveAbsWTO()    111->121 112 113 114 115 116 [30sec, 14.6Volts, 0.282Amps, CPT:1506sec]
(Oct 16 2025 03:46:25,  444914 sec) PistonMoveAbsWTO()    117->121 118 119 120 121 [21sec, 14.5Volts, 0.278Amps, CPT:1527sec]
(Oct 16 2025 03:54:02,  445371 sec) Profile()            Sample 17 initiated at 451.5dbars for bin 21 [450dbars].  PTS/O2,T2,TPhase,RPhase,RawTemp/NO3/pH/FSig,BbSig,TSig/Ocr: 451.5dbars 9.1093C 34.0590PSU / 220.5uM 9.127C 38.880 8.227 496.856 / 20.2uM / -0.858082V /   51  119  565 / 0x80067c80 0x80003489 0x80087ad2 0x7fffc1ed
(Oct 16 2025 04:02:59,  445908 sec) Profile()            Sample 18 initiated at 401.6dbars for bin 22 [400dbars].  PTS/O2,T2,TPhase,RPhase,RawTemp/NO3/pH/FSig,BbSig,TSig/Ocr: 401.6dbars 10.2387C 34.1203PSU / 237.1uM 10.232C 37.414 8.252 461.389 / 16.7uM / -0.854541V /   51  118  563 / 0x80067024 0x80002276 0x8008646d 0x7fffc8a4
(Oct 16 2025 04:07:09,  446158 sec) Profile()            Sample 19 initiated at 381.4dbars for bin 23 [380dbars].  PTS/O2,T2,TPhase,RPhase,RawTemp/NO3/pH/FSig,BbSig,TSig/Ocr: 381.3dbars 10.6475C 34.1472PSU / 240.8uM 10.649C 37.009 8.265 447.924 / 15.6uM / -0.853404V /   50  119  562 / 0x80066bc9 0x80002f2d 0x80085849 0x7fffbd64
(Oct 16 2025 04:11:29,  446418 sec) Profile()            Sample 20 initiated at 361.2dbars for bin 24 [360dbars].  PTS/O2,T2,TPhase,RPhase,RawTemp/NO3/pH/FSig,BbSig,TSig/Ocr: 361.2dbars 11.1446C 34.1758PSU / 243.0uM 11.143C 36.641 8.280 431.926 / 14.5uM / -0.852274V /   51  119  561 / 0x80068336 0x80000549 0x800857b6 0x7fffc1e4
(Oct 16 2025 04:11:30,  446419 sec) AscentControlAgent() Bouyancy nudge to 131 (v=0.078dbar/sec).
(Oct 16 2025 04:11:31,  446420 sec) PistonMoveAbsWTO()    121->131 122 123 124 125 126 [30sec, 14.6Volts, 0.249Amps, CPT:1557sec]
(Oct 16 2025 04:12:12,  446461 sec) PistonMoveAbsWTO()    126->131 127 128 129 130 131 [22sec, 14.6Volts, 0.246Amps, CPT:1579sec]
(Oct 16 2025 04:13:24,  446533 sec) Profile()            Sample 21 initiated at 351.4dbars for bin 25 [350dbars].  PTS/O2,T2,TPhase,RPhase,RawTemp/NO3/pH/FSig,BbSig,TSig/Ocr: 351.3dbars 11.2611C 34.1810PSU / 243.8uM 11.262C 36.543 8.285 428.066 / 14.3uM / -0.851894V /   50  117  561 / 0x800688c9 0x800007ed 0x80085712 0x7fffad76
(Oct 16 2025 04:14:59,  446628 sec) Profile()            Sample 22 initiated at 341.0dbars for bin 26 [340dbars].  PTS/O2,T2,TPhase,RPhase,RawTemp/NO3/pH/FSig,BbSig,TSig/Ocr: 340.9dbars 11.4437C 34.1910PSU / 244.0uM 11.439C 36.444 8.290 422.333 / 13.8uM / -0.851476V /   50  122  561 / 0x80066ded 0x80000164 0x80085d24 0x7fffaf40
(Oct 16 2025 04:16:34,  446723 sec) Profile()            Sample 23 initiated at 331.1dbars for bin 27 [330dbars].  PTS/O2,T2,TPhase,RPhase,RawTemp/NO3/pH/FSig,BbSig,TSig/Ocr: 331.0dbars 11.7270C 34.2084PSU / 244.2uM 11.724C 36.290 8.298 413.088 / 13.3uM / -0.850945V /   50  116  560 / 0x8006806d 0x800009b6 0x80084964 0x7fffac6d
(Oct 16 2025 04:18:10,  446819 sec) Profile()            Sample 24 initiated at 321.7dbars for bin 28 [320dbars].  PTS/O2,T2,TPhase,RPhase,RawTemp/NO3/pH/FSig,BbSig,TSig/Ocr: 321.6dbars 11.9495C 34.2235PSU / 244.2uM 11.941C 36.179 8.303 406.015 / 12.8uM / -0.850442V /   50  119  560 / 0x80066b92 0x800008db 0x800853f6 0x7fffb476
(Oct 16 2025 04:20:07,  446936 sec) Profile()            Sample 25 initiated at 311.3dbars for bin 29 [310dbars].  PTS/O2,T2,TPhase,RPhase,RawTemp/NO3/pH/FSig,BbSig,TSig/Ocr: 311.3dbars 12.1234C 34.2369PSU / 245.0uM 12.126C 36.045 8.312 399.996 / 12.5uM / -0.850013V /   50  115  560 / 0x80067640 0x8000012d 0x80085612 0x7fffb2a4
(Oct 16 2025 04:22:04,  447053 sec) Profile()            Sample 26 initiated at 301.5dbars for bin 30 [300dbars].  PTS/O2,T2,TPhase,RPhase,RawTemp/NO3/pH/FSig,BbSig,TSig/Ocr: 301.4dbars 12.5351C 34.2678PSU / 244.5uM 12.533C 35.864 8.316 386.720 / 11.6uM / -0.849235V /   50  118  559 / 0x800662db 0x7ffffd1b 0x800863f6 0x7fffaa52
(Oct 16 2025 04:24:12,  447181 sec) Profile()            Sample 27 initiated at 291.3dbars for bin 31 [290dbars].  PTS/O2,T2,TPhase,RPhase,RawTemp/NO3/pH/FSig,BbSig,TSig/Ocr: 291.2dbars 12.8599C 34.2888PSU / 245.6uM 12.854C 35.649 8.322 376.248 / 11.0uM / -0.848541V /   50  125  559 / 0x800683db 0x7ffff42d 0x80084609 0x7fffa4ed
(Oct 16 2025 04:26:09,  447298 sec) Profile()            Sample 28 initiated at 282.0dbars for bin 32 [280dbars].  PTS/O2,T2,TPhase,RPhase,RawTemp/NO3/pH/FSig,BbSig,TSig/Ocr: 281.9dbars 13.0197C 34.3034PSU / 246.0uM 13.024C 35.547 8.327 370.707 / 10.6uM / -0.848188V /   50  121  559 / 0x80064dad 0x8000049b 0x800849b6 0x7fffab12
(Oct 16 2025 04:28:17,  447426 sec) Profile()            Sample 29 initiated at 271.5dbars for bin 33 [270dbars].  PTS/O2,T2,TPhase,RPhase,RawTemp/NO3/pH/FSig,BbSig,TSig/Ocr: 271.4dbars 13.2523C 34.3195PSU / 245.9uM 13.247C 35.442 8.330 363.412 / 10.2uM / -0.847708V /   50  114  558 / 0x80066b00 0x7ffff09b 0x80085aa4 0x7fff966d
(Oct 16 2025 04:30:25,  447554 sec) Profile()            Sample 30 initiated at 261.5dbars for bin 34 [260dbars].  PTS/O2,T2,TPhase,RPhase,RawTemp/NO3/pH/FSig,BbSig,TSig/Ocr: 261.4dbars 13.5029C 34.3389PSU / 245.1uM 13.496C 35.356 8.336 355.244 / 9.9uM / -0.847258V /   50  121  558 / 0x80065312 0x7fffe9ad 0x80084aad 0x7fff9912
(Oct 16 2025 04:32:44,  447693 sec) Profile()            Sample 31 initiated at 251.7dbars for bin 35 [250dbars].  PTS/O2,T2,TPhase,RPhase,RawTemp/NO3/pH/FSig,BbSig,TSig/Ocr: 251.6dbars 13.8636C 34.3653PSU / 249.0uM 13.857C 34.988 8.343 343.422 / 8.6uM / -0.846110V /   50  119  557 / 0x80065300 0x7fffde80 0x800833c9 0x7fff9b89
(Oct 16 2025 04:32:45,  447694 sec) AscentControlAgent() Bouyancy nudge to 141 (v=0.074dbar/sec).
(Oct 16 2025 04:32:45,  447694 sec) PistonMoveAbsWTO()    131->141 132 133 134 135 136 [30sec, 14.7Volts, 0.223Amps, CPT:1609sec]
(Oct 16 2025 04:33:26,  447735 sec) PistonMoveAbsWTO()    136->141 137 138 139 140 141 [22sec, 14.6Volts, 0.219Amps, CPT:1631sec]
(Oct 16 2025 04:35:00,  447829 sec) Profile()            Sample 32 initiated at 241.7dbars for bin 36 [240dbars].  PTS/O2,T2,TPhase,RPhase,RawTemp/NO3/pH/FSig,BbSig,TSig/Ocr: 241.6dbars 14.2939C 34.3964PSU / 251.7uM 14.277C 34.656 8.349 329.629 / 7.8uM / -0.845342V /   50  117  557 / 0x80064ef6 0x7fffe049 0x80083a92 0x7fff7cd2
(Oct 16 2025 04:36:57,  447946 sec) Profile()            Sample 33 initiated at 231.8dbars for bin 37 [230dbars].  PTS/O2,T2,TPhase,RPhase,RawTemp/NO3/pH/FSig,BbSig,TSig/Ocr: 231.8dbars 14.6851C 34.4274PSU / 251.0uM 14.689C 34.489 8.355 316.122 / 7.2uM / -0.844744V /   52  119  557 / 0x8006482d 0x7fffc624 0x80083cd2 0x7fff7ead
(Oct 16 2025 04:37:53,  448002 sec) AscentControlAgent() Bouyancy nudge to 151 (v=0.080dbar/sec).
(Oct 16 2025 04:37:53,  448002 sec) PistonMoveAbsWTO()    141->151 142 143 144 145 146 147 [30sec, 14.7Volts, 0.219Amps, CPT:1661sec]
(Oct 16 2025 04:39:14,  448083 sec) Profile()            Sample 34 initiated at 221.0dbars for bin 38 [220dbars].  PTS/O2,T2,TPhase,RPhase,RawTemp/NO3/pH/FSig,BbSig,TSig/Ocr: 220.9dbars 15.0958C 34.4668PSU / 250.9uM 15.092C 34.302 8.365 302.860 / 6.4uM / -0.843860V /   52  120  556 / 0x80064e2d 0x7fffd8f6 0x80084036 0x7fff8e6d
(Oct 16 2025 04:39:15,  448084 sec) PistonMoveAbsWTO()    147->151 148 149 150 151 [20sec, 14.6Volts, 0.210Amps, CPT:1681sec]
(Oct 16 2025 04:40:48,  448177 sec) Profile()            Sample 35 initiated at 211.6dbars for bin 39 [210dbars].  PTS/O2,T2,TPhase,RPhase,RawTemp/NO3/pH/FSig,BbSig,TSig/Ocr: 211.5dbars 15.7110C 34.5079PSU / 254.2uM 15.696C 33.856 8.368 282.956 / 5.2uM / -0.842659V /   55  121  555 / 0x8006615b 0x7fffd309 0x800847a4 0x7fff83db
(Oct 16 2025 04:42:23,  448272 sec) Profile()            Sample 36 initiated at 201.5dbars for bin 40 [200dbars].  PTS/O2,T2,TPhase,RPhase,RawTemp/NO3/pH/FSig,BbSig,TSig/Ocr: 201.4dbars 16.2711C 34.5818PSU / 250.8uM 16.297C 33.735 8.377 263.176 / 5.3uM / -0.842507V /   55  122  555 / 0x800649db 0x7fffe4b6 0x80083224 0x7fff86c0
(Oct 16 2025 04:43:58,  448367 sec) Profile()            Sample 37 initiated at 191.7dbars for bin 41 [190dbars].  PTS/O2,T2,TPhase,RPhase,RawTemp/NO3/pH/FSig,BbSig,TSig/Ocr: 191.6dbars 16.5689C 34.6187PSU / 244.8uM 16.562C 33.900 8.388 254.417 / 4.9uM / -0.842064V /   55  120  554 / 0x800646ad 0x7fffb652 0x80082509 0x7fff8be4
(Oct 16 2025 04:45:33,  448462 sec) Profile()            Sample 38 initiated at 181.9dbars for bin 42 [180dbars].  PTS/O2,T2,TPhase,RPhase,RawTemp/NO3/pH/FSig,BbSig,TSig/Ocr: 181.8dbars 17.0861C 34.6803PSU / 244.9uM 17.082C 33.655 8.393 237.264 / 4.3uM / -0.841316V /   58  122  554 / 0x800646ed 0x7fffc064 0x80081f2d 0x7fff7fad
(Oct 16 2025 04:47:08,  448557 sec) Profile()            Sample 39 initiated at 171.6dbars for bin 43 [170dbars].  PTS/O2,T2,TPhase,RPhase,RawTemp/NO3/pH/FSig,BbSig,TSig/Ocr: 171.5dbars 17.7668C 34.7601PSU / 242.0uM 17.757C 33.483 8.408 215.004 / 4.4uM / -0.840668V /   62  127  553 / 0x800630d2 0x7fffb1d2 0x80081f5b 0x7fff7c36
(Oct 16 2025 04:48:43,  448652 sec) Profile()            Sample 40 initiated at 161.6dbars for bin 44 [160dbars].  PTS/O2,T2,TPhase,RPhase,RawTemp/NO3/pH/FSig,BbSig,TSig/Ocr: 161.5dbars 18.1230C 34.8177PSU / 237.7uM 18.128C 33.528 8.416 202.788 / 4.1uM / -0.840391V /   65  133  552 / 0x800635d2 0x7fffb2c9 0x80081a00 0x7fff7280
(Oct 16 2025 04:50:18,  448747 sec) Profile()            Sample 41 initiated at 151.7dbars for bin 45 [150dbars].  PTS/O2,T2,TPhase,RPhase,RawTemp/NO3/pH/FSig,BbSig,TSig/Ocr: 151.6dbars 18.3747C 34.8473PSU / 237.1uM 18.375C 33.445 8.419 194.621 / 3.8uM / -0.839908V /   67  136  551 / 0x800627db 0x7fff9b49 0x800814c0 0x7fff63b6
(Oct 16 2025 04:52:04,  448853 sec) Profile()            Sample 42 initiated at 141.4dbars for bin 46 [140dbars].  PTS/O2,T2,TPhase,RPhase,RawTemp/NO3/pH/FSig,BbSig,TSig/Ocr: 141.2dbars 18.9214C 34.9098PSU / 236.1uM 18.894C 33.260 8.424 177.535 / 3.4uM / -0.839229V /   77  136  551 / 0x80063200 0x7fffa936 0x800805c0 0x7fff6c9b
(Oct 16 2025 04:54:01,  448970 sec) Profile()            Sample 43 initiated at 131.9dbars for bin 47 [130dbars].  PTS/O2,T2,TPhase,RPhase,RawTemp/NO3/pH/FSig,BbSig,TSig/Ocr: 131.8dbars 19.1418C 34.9375PSU / 237.0uM 19.146C 33.103 8.433 169.225 / 3.4uM / -0.838584V /   82  141  550 / 0x80062024 0x7fff8d89 0x8008115b 0x7fff62a4
(Oct 16 2025 04:56:09,  449098 sec) Profile()            Sample 44 initiated at 122.0dbars for bin 48 [120dbars].  PTS/O2,T2,TPhase,RPhase,RawTemp/NO3/pH/FSig,BbSig,TSig/Ocr: 121.9dbars 19.7629C 35.0116PSU / 241.6uM 19.762C 32.604 8.441 148.936 / 2.4uM / -0.837366V /  100  145  549 / 0x80061bc0 0x7fff9024 0x80080736 0x7fff6089
(Oct 16 2025 04:58:28,  449237 sec) Profile()            Sample 45 initiated at 111.4dbars for bin 49 [110dbars].  PTS/O2,T2,TPhase,RPhase,RawTemp/NO3/pH/FSig,BbSig,TSig/Ocr: 111.3dbars 20.4322C 35.0866PSU / 246.9uM 20.414C 32.066 8.453 127.498 / 1.5uM / -0.836002V /  132  146  548 / 0x80062152 0x7fff8eed 0x800803c9 0x7fff479b
(Oct 16 2025 05:00:58,  449387 sec) Profile()            Sample 46 initiated at 101.9dbars for bin 50 [100dbars].  PTS/O2,T2,TPhase,RPhase,RawTemp/NO3/pH/FSig,BbSig,TSig/Ocr: 101.9dbars 20.7888C 35.1023PSU / 260.2uM 20.780C 31.307 8.459 115.475 / 1.5uM / -0.834577V /   95  143  547 / 0x8006121b 0x7fff6b52 0x8007fe00 0x7fff4c09
(Oct 16 2025 05:02:44,  449493 sec) Profile()            Sample 47 initiated at 96.6dbars for bin 51 [95dbars].  PTS/O2,T2,TPhase,RPhase,RawTemp/NO3/pH/FSig,BbSig,TSig/Ocr: 96.6dbars 21.0766C 35.1236PSU / 265.4uM 21.068C 30.962 8.465 106.055 / 1.5uM / -0.834082V /   85  142  547 / 0x800624b6 0x7fff76e4 0x8007f452 0x7fff39c0
(Oct 16 2025 05:04:41,  449610 sec) Profile()            Sample 48 initiated at 91.7dbars for bin 52 [90dbars].  PTS/O2,T2,TPhase,RPhase,RawTemp/NO3/pH/FSig,BbSig,TSig/Ocr: 91.7dbars 21.6674C 35.1624PSU / 264.6uM 21.630C 30.761 8.465 87.640 / 1.5uM / -0.833386V /   82  161  546 / 0x80062776 0x7fff6d49 0x8007e7c9 0x7fff4040
(Oct 16 2025 05:07:22,  449771 sec) Profile()            Sample 49 initiated at 86.8dbars for bin 53 [85dbars].  PTS/O2,T2,TPhase,RPhase,RawTemp/NO3/pH/FSig,BbSig,TSig/Ocr: 86.8dbars 22.1464C 35.1884PSU / 272.9uM 22.130C 30.213 8.477 71.286 / 1.8uM / -0.832646V /   80  147  545 / 0x80060edb 0x7fff5e52 0x8007dd1b 0x7fff2bc9
(Oct 16 2025 05:09:46,  449915 sec) AscentControlAgent() Bouyancy nudge to 156 (v=0.022dbar/sec).
(Oct 16 2025 05:09:46,  449915 sec) PistonMoveAbsWTO()    151->156 152 153 154 155 156 [25sec, 14.9Volts, 0.183Amps, CPT:1706sec]
(Oct 16 2025 05:11:23,  450012 sec) Profile()            Sample 50 initiated at 81.5dbars for bin 54 [80dbars].  PTS/O2,T2,TPhase,RPhase,RawTemp/NO3/pH/FSig,BbSig,TSig/Ocr: 81.5dbars 22.5276C 35.2049PSU / 275.6uM 22.520C 29.948 8.491 58.566 / 1.8uM / -0.832164V /   74  151  544 / 0x8005f789 0x7fff5852 0x8007e8ad 0x7fff29c9
(Oct 16 2025 05:12:58,  450107 sec) Profile()            Sample 51 initiated at 76.8dbars for bin 55 [75dbars].  PTS/O2,T2,TPhase,RPhase,RawTemp/NO3/pH/FSig,BbSig,TSig/Ocr: 76.7dbars 22.6257C 35.2100PSU / 278.0uM 22.621C 29.808 8.494 55.252 / 2.0uM / -0.832005V /   70  148  544 / 0x8005f89b 0x7fff4112 0x8007e26d 0x7fff2980
(Oct 16 2025 05:14:54,  450223 sec) Profile()            Sample 52 initiated at 71.7dbars for bin 56 [70dbars].  PTS/O2,T2,TPhase,RPhase,RawTemp/NO3/pH/FSig,BbSig,TSig/Ocr: 71.7dbars 23.1818C 35.2363PSU / 278.4uM 23.144C 29.587 8.497 38.248 / 1.9uM / -0.831613V /   76  147  543 / 0x800604ed 0x7fff401b 0x8007d5e4 0x7fff1e2d
(Oct 16 2025 05:19:58,  450527 sec) Profile()            Sample 53 initiated at 67.0dbars for bin 57 [65dbars].  PTS/O2,T2,TPhase,RPhase,RawTemp/NO3/pH/FSig,BbSig,TSig/Ocr: 67.0dbars 23.5147C 35.2541PSU / 279.5uM 23.507C 29.401 8.507 26.445 / 1.8uM / -0.831267V /   69  155  542 / 0x800604a4 0x7fff37a4 0x8007d6db 0x7fff11ed
(Oct 16 2025 05:19:59,  450528 sec) AscentControlAgent() Bouyancy nudge to 161 (v=0.014dbar/sec).
(Oct 16 2025 05:19:59,  450528 sec) PistonMoveAbsWTO()    156->161 157 158 159 160 161 [24sec, 14.9Volts, 0.167Amps, CPT:1730sec]
(Oct 16 2025 05:24:59,  450828 sec) AscentControlAgent() Bouyancy nudge to 166 (v=0.010dbar/sec).
(Oct 16 2025 05:24:59,  450828 sec) PistonMoveAbsWTO()    161->166 162 163 164 165 166 [26sec, 15.0Volts, 0.179Amps, CPT:1756sec]
(Oct 16 2025 05:26:59,  450948 sec) Profile()            Sample 54 initiated at 61.6dbars for bin 58 [60dbars].  PTS/O2,T2,TPhase,RPhase,RawTemp/NO3/pH/FSig,BbSig,TSig/Ocr: 61.6dbars 24.9588C 35.3363PSU / 269.8uM 24.934C 29.240 8.521 -19.654 / 2.6uM / -0.830290V /   66  153  541 / 0x8005d864 0x7fff252d 0x80079f49 0x7fff11d2
(Oct 16 2025 05:29:50,  451119 sec) Profile()            Sample 55 initiated at 57.0dbars for bin 59 [55dbars].  PTS/O2,T2,TPhase,RPhase,RawTemp/NO3/pH/FSig,BbSig,TSig/Ocr: 57.0dbars 25.8755C 35.4481PSU / 256.9uM 25.855C 29.420 8.536 -49.209 / 2.1uM / -0.829671V /   64  150  540 / 0x8005d85b 0x7fff255b 0x8007ac49 0x7fff0112
(Oct 16 2025 05:30:01,  451130 sec) AscentControlAgent() Bouyancy nudge to 171 (v=0.023dbar/sec).
(Oct 16 2025 05:30:01,  451130 sec) PistonMoveAbsWTO()    166->171 167 168 169 170 171 [24sec, 14.9Volts, 0.170Amps, CPT:1780sec]
(Oct 16 2025 05:32:55,  451304 sec) Profile()            Sample 56 initiated at 51.6dbars for bin 60 [50dbars].  PTS/O2,T2,TPhase,RPhase,RawTemp/NO3/pH/FSig,BbSig,TSig/Ocr: 51.6dbars 26.4590C 35.5290PSU / 247.0uM 26.450C 29.625 8.543 -68.190 / 2.4uM / -0.829261V /   59  150  539 / 0x8005d849 0x7fff1189 0x800794c9 0x7ffefe09
(Oct 16 2025 05:34:51,  451420 sec) Profile()            Sample 57 initiated at 46.8dbars for bin 61 [45dbars].  PTS/O2,T2,TPhase,RPhase,RawTemp/NO3/pH/FSig,BbSig,TSig/Ocr: 46.8dbars 26.4815C 35.5198PSU / 245.5uM 26.483C 29.677 8.544 -69.246 / 2.4uM / -0.829178V /   58  154  538 / 0x8005d8c9 0x7fff03a4 0x8007999b 0x7ffef5f6
(Oct 16 2025 05:35:02,  451431 sec) AscentControlAgent() Bouyancy nudge to 176 (v=0.039dbar/sec).
(Oct 16 2025 05:35:02,  451431 sec) PistonMoveAbsWTO()    171->176 172 173 174 175 176 [25sec, 14.9Volts, 0.166Amps, CPT:1805sec]
(Oct 16 2025 05:36:50,  451539 sec) Profile()            Sample 58 initiated at 41.6dbars for bin 62 [40dbars].  PTS/O2,T2,TPhase,RPhase,RawTemp/NO3/pH/FSig,BbSig,TSig/Ocr: 41.5dbars 26.4836C 35.4587PSU / 245.9uM 26.486C 29.660 8.542 -69.336 / 2.5uM / -0.828824V /   56  148  537 / 0x8005ea09 0x7fff1140 0x80079cf6 0x7ffef5ed
(Oct 16 2025 05:38:24,  451633 sec) Profile()            Sample 59 initiated at 36.7dbars for bin 63 [35dbars].  PTS/O2,T2,TPhase,RPhase,RawTemp/NO3/pH/FSig,BbSig,TSig/Ocr: 36.6dbars 26.5999C 35.4576PSU / 244.4uM 26.600C 29.681 8.541 -72.962 / 2.5uM / -0.828518V /   58  146  537 / 0x8005c3c0 0x7fff0636 0x800795ed 0x7ffef4db
(Oct 16 2025 05:39:58,  451727 sec) Profile()            Sample 60 initiated at 31.7dbars for bin 64 [30dbars].  PTS/O2,T2,TPhase,RPhase,RawTemp/NO3/pH/FSig,BbSig,TSig/Ocr: 31.6dbars 26.6654C 35.4617PSU / 243.8uM 26.664C 29.683 8.542 -75.022 / 2.5uM / -0.828288V /   58  144  537 / 0x8005d2ad 0x7fff0664 0x80079892 0x7ffef29b
(Oct 16 2025 05:41:32,  451821 sec) Profile()            Sample 61 initiated at 26.8dbars for bin 65 [25dbars].  PTS/O2,T2,TPhase,RPhase,RawTemp/NO3/pH/FSig,BbSig,TSig/Ocr: 26.8dbars 26.7365C 35.4662PSU / 243.6uM 26.739C 29.664 8.542 -77.402 / 2.4uM / -0.828196V /   54  148  536 / 0x8005c524 0x7ffefce4 0x80078f12 0x7ffee1b6
(Oct 16 2025 05:43:06,  451915 sec) Profile()            Sample 62 initiated at 21.9dbars for bin 66 [20dbars].  PTS/O2,T2,TPhase,RPhase,RawTemp/NO3/pH/FSig,BbSig,TSig/Ocr: 21.9dbars 26.7565C 35.4671PSU / 243.6uM 26.759C 29.658 8.544 -78.032 / 2.4uM / -0.828103V /   56  143  536 / 0x8005c9c0 0x7ffef8ad 0x800798b6 0x7ffef536
(Oct 16 2025 05:44:40,  452009 sec) Profile()            Sample 63 initiated at 16.5dbars for bin 67 [15dbars].  PTS/O2,T2,TPhase,RPhase,RawTemp/NO3/pH/FSig,BbSig,TSig/Ocr: 16.4dbars 26.7592C 35.4685PSU / 243.7uM 26.766C 29.654 8.542 -78.251 / 2.3uM / -0.828036V /   56  141  536 / 0x8005c7f6 0x7ffeebc0 0x800792ad 0x7ffee85b
(Oct 16 2025 05:46:03,  452092 sec) Profile()            Sample 64 initiated at 11.7dbars for bin 68 [10dbars].  PTS/O2,T2,TPhase,RPhase,RawTemp/NO3/pH/FSig,BbSig,TSig/Ocr: 11.6dbars 26.7599C 35.4683PSU / 243.7uM 26.767C 29.650 8.540 -78.273 / 2.5uM / -0.827962V /   56  143  536 / 0x8005cb2d 0x7ffeeda4 0x80078ddb 0x7ffee91b
(Oct 16 2025 05:47:26,  452175 sec) Profile()            Sample 65 initiated at 7.4dbars for bin 69 [6dbars].  PTS/O2,T2,TPhase,RPhase,RawTemp/NO3/pH/FSig,BbSig,TSig/Ocr: 7.4dbars 26.7619C 35.4680PSU / 243.8uM 26.767C 29.648 8.539 -78.274 / 2.5uM / -0.827881V /   55  140  536 / 0x8005c6ad 0x7ffeec89 0x800795b6 0x7ffef0b6
(Oct 16 2025 05:48:00,  452209 sec) SurfaceDetect()      SurfacePressure:-0.1dbars Pressure:3.8dbars PistonPosition:176
(Oct 16 2025 05:48:00,  452209 sec) Sbe41cpStopCP()      Continuous profile stopped.
(Oct 16 2025 05:48:04,  452213 sec) PistonMoveAbsWTO()    176->198 177 178 179 180 181 182 183 184 185 186 187 188 189 190 191 192 193 194 195 196 197 198 [107sec, 14.9Volts, 0.159Amps, CPT:1912sec]
(Oct 16 2025 05:49:57,  452326 sec) chat()               Expected string [S>] not received.
(Oct 16 2025 05:51:47,  452436 sec) Sbe41cpBinAverage()  Finished averaging 12848 samples in 105 seconds.
(Oct 16 2025 05:51:52,  452441 sec) Sbe41cpUploadCP_()   Sbe41cpSerNo[20478] NSample[12848] NBin[493]
(Oct 16 2025 05:52:23,  452472 sec) Sbe41cpUploadCP_()   Continuous profile uploaded [493 lines].
(Oct 16 2025 05:52:37,  452486 sec) MscErrorLog_()       No error records to log.
(Oct 16 2025 05:52:47,  452496 sec) MscErrorLog_()       No error records to log.

<EOT>
