(Dec 01 2025 21:23:29,  884060 sec) TelemetryInit()      Profile 25. (Apf11 FwRev: 061125)
(Dec 01 2025 21:23:29,  884060 sec) TelemetryInit()      Charge consumption model: OCV:15.2V Wake-Cycles:38930 Standby:69.5days Wake:27.3kC Sensors:2.8kC
(Dec 01 2025 21:28:44,  884375 sec) GetSurfaceObs()      P/O2,T2,TPhase,RPhase,RawTemp/FSig,BbSig,TSig: 0.4dbars / 249.9uM 24.647C 30.187 8.527 -10.442 / 58,137,539
(Dec 01 2025 21:28:44,  884375 sec) GetSurfaceObs()      P/Ocr: 0.4dbars / 0x86566d00 0x880488b6 0x8705d51b 0x871f116d
(Dec 01 2025 21:29:17,  884408 sec) GetSurfaceObs()      P/O2,T2,TPhase,RPhase,RawTemp/FSig,BbSig,TSig: 0.2dbars / 250.7uM 24.585C 30.178 8.507 -8.425 / 56,135,539
(Dec 01 2025 21:29:17,  884408 sec) GetSurfaceObs()      P/Ocr: 0.2dbars / 0x86757dd2 0x882ecb76 0x87515e1b 0x8750929b
(Dec 01 2025 21:29:50,  884441 sec) GetSurfaceObs()      P/O2,T2,TPhase,RPhase,RawTemp/FSig,BbSig,TSig: 0.2dbars / 250.2uM 24.644C 30.174 8.502 -10.321 / 55,138,538
(Dec 01 2025 21:29:50,  884441 sec) GetSurfaceObs()      P/Ocr: 0.2dbars / 0x86afaa40 0x886fd549 0x878a4400 0x879240a4
(Dec 01 2025 21:30:24,  884475 sec) GetSurfaceObs()      P/O2,T2,TPhase,RPhase,RawTemp/FSig,BbSig,TSig: 0.2dbars / 250.4uM 24.608C 30.181 8.500 -9.154 / 59,135,539
(Dec 01 2025 21:30:24,  884475 sec) GetSurfaceObs()      P/Ocr: 0.2dbars / 0x867b3e49 0x880a97e4 0x8726765b 0x872af240
(Dec 01 2025 21:33:47,  884678 sec) AirSystem()          Battery [215cnt, 15.1V]  Current [19cnt, 73.9mA]  Pneumometer [157cnt, 18.5psi]  Run-Time [97s]
(Dec 01 2025 21:34:00,  884691 sec) GetSurfaceObs()      P/O2,T2,TPhase,RPhase,RawTemp/FSig,BbSig,TSig: 0.0dbars / 249.9uM 24.538C 30.230 8.520 -6.921 / 57,136,539
(Dec 01 2025 21:34:00,  884691 sec) GetSurfaceObs()      P/Ocr: 0.0dbars / 0x8976dc80 0x8cf42500 0x8b887ec0 0x8c07c71b
(Dec 01 2025 21:34:33,  884724 sec) GetSurfaceObs()      P/O2,T2,TPhase,RPhase,RawTemp/FSig,BbSig,TSig: -0.1dbars / 250.9uM 24.427C 30.228 8.507 -3.341 / 57,134,538
(Dec 01 2025 21:34:33,  884724 sec) GetSurfaceObs()      P/Ocr: -0.1dbars / 0x89503812 0x8d37ff49 0x8bffa380 0x8c329d00
(Dec 01 2025 21:35:07,  884758 sec) GetSurfaceObs()      P/O2,T2,TPhase,RPhase,RawTemp/FSig,BbSig,TSig: 0.1dbars / 251.1uM 24.148C 30.331 8.504 5.693 / 57,136,538
(Dec 01 2025 21:35:07,  884758 sec) GetSurfaceObs()      P/Ocr: 0.1dbars / 0x882e846d 0x8aa7dd12 0x89d965b6 0x8a4dd3c0
(Dec 01 2025 21:35:40,  884791 sec) GetSurfaceObs()      P/O2,T2,TPhase,RPhase,RawTemp/FSig,BbSig,TSig: 0.1dbars / 252.9uM 24.215C 30.226 8.502 3.503 / 57,136,539
(Dec 01 2025 21:35:40,  884791 sec) GetSurfaceObs()      P/Ocr: 0.1dbars / 0x8cc7a0ed 0x9220ee12 0x904f9909 0x91d8ccc0
(Dec 01 2025 21:36:13,  884824 sec) GetSurfaceObs()      P/O2,T2,TPhase,RPhase,RawTemp/FSig,BbSig,TSig: -0.0dbars / 253.1uM 24.226C 30.213 8.502 3.179 / 57,135,538
(Dec 01 2025 21:36:13,  884824 sec) GetSurfaceObs()      P/Ocr: -0.0dbars / 0x8dfb4a2d 0x962cc349 0x9464d31b 0x93ea7d9b
(Dec 01 2025 21:36:46,  884857 sec) GetSurfaceObs()      P/O2,T2,TPhase,RPhase,RawTemp/FSig,BbSig,TSig: -0.2dbars / 250.6uM 24.468C 30.228 8.502 -4.641 / 54,134,538
(Dec 01 2025 21:36:46,  884857 sec) GetSurfaceObs()      P/Ocr: -0.2dbars / 0x8aee60a4 0x900f39f6 0x8f1db000 0x8f045649
(Dec 01 2025 21:37:19,  884890 sec) GetSurfaceObs()      P/O2,T2,TPhase,RPhase,RawTemp/FSig,BbSig,TSig: -0.1dbars / 253.0uM 24.184C 30.233 8.501 4.525 / 55,135,538
(Dec 01 2025 21:37:19,  884890 sec) GetSurfaceObs()      P/Ocr: -0.1dbars / 0x8c56ea24 0x91f7991b 0x90bd67e4 0x9171dfd2
(Dec 01 2025 21:37:53,  884924 sec) GetSurfaceObs()      P/O2,T2,TPhase,RPhase,RawTemp/FSig,BbSig,TSig: 0.0dbars / 253.0uM 24.157C 30.246 8.502 5.387 / 54,135,538
(Dec 01 2025 21:37:53,  884924 sec) GetSurfaceObs()      P/Ocr: 0.0dbars / 0x8a3c6ec0 0x8ded07a4 0x8caabb40 0x8d50d0a4
(Dec 01 2025 21:38:16,  884947 sec) AirSystem()          Battery [216cnt, 15.2V]  Current [20cnt, 77.2mA]  Pneumometer [157cnt, 18.5psi]  Run-Time [9s]
(Dec 01 2025 21:39:05,  884996 sec) GetSurfaceObs()      P/O2,T2,TPhase,RPhase,RawTemp/FSig,BbSig,TSig: -0.1dbars / 252.0uM 24.172C 30.284 8.510 4.899 / 54,137,538
(Dec 01 2025 21:39:05,  884996 sec) GetSurfaceObs()      P/Ocr: -0.1dbars / 0x8ba7822d 0x8ffb5d24 0x8e65c636 0x8fca0752
(Dec 01 2025 21:39:07,  884998 sec) GpsServices()        Replacing aged (90 days) almanac.
(Dec 01 2025 21:39:07,  884998 sec) GpsAlmanacUpLoad()   Pausing for 15 minutes to upload GPS almanac.
(Dec 01 2025 21:54:07,  885898 sec) GpsAlmanacUpLoad()   Pause complete.
(Dec 01 2025 21:54:07,  885898 sec) GpsServices()        New almanac acquired.
(Dec 01 2025 21:54:07,  885898 sec) GpsServices()        Initiating GPS fix acquisition.
(Dec 01 2025 21:54:10,  885901 sec) gga()                $GPGGA,215420,2728.9452,N,15827.5143,W,1,11,0.8,-4.4,M,-5.0,M,,*62
(Dec 01 2025 21:54:10,  885901 sec) GpsServices()        Profile 25 GPS fix obtained in 3 seconds.
(Dec 01 2025 21:54:10,  885901 sec) GpsServices()                   lon      lat mm/dd/yyyy hhmmss nsat
(Dec 01 2025 21:54:10,  885901 sec) GpsServices()        Fix: -158.4586  27.4824 12/01/2025 215420   11
(Dec 01 2025 21:54:20,  885911 sec) gga()                $GPGGA,215430,2728.9465,N,15827.5143,W,1,11,0.8,-4.2,M,-5.0,M,,*61
(Dec 01 2025 21:54:29,  885920 sec) gga()                $GPGGA,215440,2728.9462,N,15827.5127,W,1,11,0.8,-5.5,M,-5.0,M,,*65
(Dec 01 2025 21:54:29,  885920 sec) GpsServices()        APF11 RTC skew (-11s) OK.
(Dec 01 2025 21:54:29,  885920 sec) GpsServices()        GPS services complete.
(Dec 01 2025 21:55:11,  885962 sec) IrGeoLoc()           <x,y,z>=<-5260km,-2084km,2928km> lat=27.519 lon=-158.387 IrSysTime=0xf10402bd
(Dec 01 2025 21:55:14,  885965 sec) CLogin()             Connecting to primary host.
(Dec 01 2025 21:55:31,  885982 sec) CLogin()             Connection 1 established in 17 seconds.
(Dec 01 2025 21:56:09,  886020 sec) expect()             Attempt to read prompt string [Last login:] failed.
(Dec 01 2025 21:56:09,  886020 sec) login()              Login failed.
(Dec 01 2025 21:56:39,  886050 sec) expect()             Attempt to read prompt string [login:] failed.
(Dec 01 2025 21:56:39,  886050 sec) login()              Login prompt not received.
(Dec 01 2025 21:56:55,  886066 sec) CLogin()             Connection 2 established in 101 seconds.
(Dec 01 2025 21:57:17,  886088 sec) login()              Login successful.
(Dec 01 2025 21:57:23,  886094 sec) CLogin()             Logged in to host.  [Login required 28 seconds]
(Dec 01 2025 21:57:27,  886098 sec) RxConfig()           Downloading "mission.cfg" from host.
(Dec 01 2025 21:57:48,  886119 sec) RxConfig()           Download successful: [bytes:50, sec:19.6, bps:3]
(Dec 01 2025 21:57:52,  886123 sec) WriteVitals_()       Writing vitals to "23808.025.msg".
(Dec 01 2025 21:58:00,  886131 sec) UpLoadFile()         Uploading "23808.025.log" to host.
(Dec 01 2025 22:02:23,  886394 sec) UpLoadFile()         Upload successful: [bytes:46774, sec:262.9, bps:178]
(Dec 01 2025 22:02:24,  886395 sec) fmove()              Moved: 23808.025.log -> archive/23808.025.log
(Dec 01 2025 22:02:32,  886403 sec) UpLoadFile()         Uploading "23808.025.msg" to host.
(Dec 01 2025 22:05:05,  886556 sec) sendline()           Blocking CTS signal, aborting ZMODEM transfer.
(Dec 01 2025 22:05:06,  886557 sec) UpLoadFile()         Upload failed.
(Dec 01 2025 22:06:31,  886642 sec) CLogin()             Connecting to primary host.
(Dec 01 2025 22:06:39,  886650 sec) CLogin()             Connection 3 established in 8 seconds.
(Dec 01 2025 22:06:50,  886661 sec) login()              Login successful.
(Dec 01 2025 22:06:58,  886669 sec) CLogin()             Logged in to host.  [Login required 19 seconds]
(Dec 01 2025 22:07:06,  886677 sec) UpLoadFile()         Uploading "23808.025.msg" to host.
(Dec 01 2025 22:09:20,  886811 sec) UpLoadFile()         Upload successful: [bytes:30869, sec:134.4, bps:230]
(Dec 01 2025 22:09:21,  886812 sec) fmove()              Moved: 23808.025.msg -> archive/23808.025.msg
(Dec 01 2025 22:09:25,  886816 sec) UpLoadFile()         Uploading "23808.025.isus" to host.
(Dec 01 2025 22:11:27,  886938 sec) UpLoadFile()         Upload successful: [bytes:24793, sec:122.0, bps:203]
(Dec 01 2025 22:11:28,  886939 sec) fmove()              Moved: 23808.025.isus -> archive/23808.025.isus
(Dec 01 2025 22:11:35,  886946 sec) UpLoadFile()         Uploading "23808.025.dura" to host.
(Dec 01 2025 22:12:56,  887027 sec) UpLoadFile()         Upload successful: [bytes:12219, sec:80.8, bps:151]
(Dec 01 2025 22:12:57,  887028 sec) fmove()              Moved: 23808.025.dura -> archive/23808.025.dura
(Dec 01 2025 22:12:58,  887029 sec) UpLoad()             Files successfully uploaded: 4
(Dec 01 2025 22:12:58,  887029 sec) UpLoad()             Upload complete.
(Dec 01 2025 22:13:04,  887035 sec) logout()             Log-out successful.
(Dec 01 2025 22:13:05,  887036 sec) Telemetry()          Telemetry cycle complete: PrfId=25 ConnectionAttempts=3  Connections=3
(Dec 01 2025 22:13:05,  887036 sec) TelemetryTerminate() Parsing new mission configuration.
(Dec 01 2025 22:13:06,  887037 sec) configure()          Parsing configurators in "mission.cfg".
(Dec 01 2025 22:13:07,  887038 sec) configure()             TelemetryRetry(15)      [0x7BBC] [TelemetryRetry(15)].
(Dec 01 2025 22:13:07,  887038 sec) configure()             DownTime(14400) [CRC=0x9F62] [DownTime(14400)].
(Dec 01 2025 22:13:07,  887038 sec) configure()          Configuration CRCs and syntax OK.
(Dec 01 2025 22:13:07,  887038 sec) ConfigSupervisor()   Configuration accepted.
(Dec 01 2025 22:13:07,  887038 sec) TelemetryTerminate() Reconditioning the file system.
(Dec 01 2025 22:13:10,       0 sec) DescentInit()        Deep profile 26 initiated at mission-time 887041sec.
(Dec 01 2025 22:13:11,       1 sec) DescentInit()        Surface pressure: -0.1dbars.
(Dec 01 2025 22:13:11,       1 sec) DescentInit()        Charge consumption model: OCV:15.0V Wake-Cycles:38931 Standby:69.5days Wake:27.4kC Sleep:2.8kC
(Dec 01 2025 22:13:23,      13 sec) DescentInit()        Pneumatic humidity: 2888(60.2%) -> 2893(60.3%)
(Dec 01 2025 22:13:23,      13 sec) PistonMoveAbsWTO()    188->054 187 186 185 184 183 182 181 180 179 178 177 178 177 176 175 174 173 172 171 170 169 168 167 166 165 164 163 162 161 160 159 158 157 156 155 154 153 152 151 150 149 148 147 146 145 144 143 142 141 140 139 138 137 136 135 134 133 132 131 130 129 128 127 126 125 124 123 122 121 120 119 118 117 116 115 114 113 112 111 110 109 108 107 106 105 104 103 102 101 100 099 098 097 096 095 094 093 092 091 090 089 088 087 086 085 084 083 082 081 080 079 078 077 076 075 074 073 072 071 070 069 068 067 066 065 064 063 062 061 060 059 058 057 056 055 054 [655sec, 15.0Volts, 0.132Amps, CPT:655sec]
(Dec 01 2025 22:24:23,     673 sec) DescentInit()        Air solenoid open: Barometer [208cnt,  12.2psi]  Pneumometer [107cnt,  12.5psi]
(Dec 01 2025 22:24:33,     683 sec) Descent()            Pressure: 63.3
(Dec 01 2025 23:13:10,    3600 sec) Descent()            Pressure: 500.1
(Dec 02 2025 00:13:10,    7200 sec) Descent()            Pressure: 847.7
(Dec 02 2025 01:13:10,   10800 sec) Descent()            Pressure: 982.5
(Dec 02 2025 02:13:10,   14400 sec) Descent()            Pressure: 991.9
(Dec 02 2025 02:13:11,   14401 sec) ParkInit()           Charge consumption model: OCV:15.4V Wake-Cycles:38936 Standby:69.7days Wake:27.8kC Sensors:2.8kC
(Dec 02 2025 07:13:18,   32408 sec) Park()               ParkPOutOfBand[-3, 979.6 dbars]: retract piston.
(Dec 02 2025 07:13:18,   32408 sec) PistonMoveAbsWTO()    054->053 053 [6sec, 15.0Volts, 0.089Amps, CPT:661sec]
(Dec 03 2025 02:13:18,  100808 sec) Park()               ParkPOutOfBand[3, 1013.4 dbars]: extend piston.
(Dec 03 2025 02:13:18,  100808 sec) PistonMoveAbsWTO()    053->054 054 [3sec, 14.7Volts, 0.425Amps, CPT:664sec]
(Dec 11 2025 18:13:42,  849632 sec) CtdPower()           [ 1000.07,  3.8606, 34.4068]
(Dec 11 2025 18:13:42,  849632 sec) CtdPower()           CTD Power consumption [215VCnt 3ACnt]: 15.113Volts * 0.012Amps = 0.18Watts.
(Dec 11 2025 18:13:48,  849638 sec) ParkTerminate()      Piston Position:54 Vacuum:190 HumidityAd12:4094(inf%) Vq:218 Aq:2 Vsbe:215 Asbe:3 Vflbb:210 Aflbb:11 Vopt:209 Aopt:13 Vocr:211 Aocr:7 MuxTemp:3.884C MuxHumidity:7.3%
(Dec 11 2025 18:14:18,  849668 sec) ParkTerminate()      PTS/O2,T2,TPhase,RawTemp: 1000.1dbars 3.8607C 34.4064PSU / 36.7uM 3.853C 57.052 7.960 661.977
(Dec 11 2025 18:14:18,  849668 sec) ParkTerminate()      FLBB FSig, BbSig, TSig: 55, 113, 572 / Ocr: nan nan nan nan
(Dec 11 2025 18:14:19,  849669 sec) GoDeepInit()         Charge consumption model: OCV:15.3V Wake-Cycles:39168 Standby:79.3days Wake:28.1kC Sensors:2.8kC
(Dec 11 2025 18:14:19,  849669 sec) GoDeepInit()         Moving piston.
(Dec 11 2025 18:14:19,  849669 sec) PistonMoveAbsWTO()    054->009 053 052 051 050 049 048 047 046 045 044 043 042 041 040 039 038 037 036 035 034 033 032 031 030 029 028 027 026 025 024 023 022 021 020 019 018 017 016 015 014 013 012 011 010 009 [219sec, 14.9Volts, 0.048Amps, CPT:883sec]
(Dec 11 2025 22:13:10,  864000 sec) ProfileInit()        Charge consumption model: OCV:15.3V Wake-Cycles:39216 Standby:79.5days Wake:28.1kC Sensors:2.8kC
(Dec 11 2025 22:13:10,  864000 sec) ProfileInit()        PrfId:026  Pressure:1648.9dbar  pTable[4]:1600dbar
(Dec 11 2025 22:13:12,  864002 sec) ProfileInit()        Muxer PPIs K{1,2} quiescent: 15.13V, 0.1mA, 1.5mW
(Dec 11 2025 22:13:16,  864006 sec) ProfileInit()        ISUS powered up.
(Dec 11 2025 22:13:19,  864009 sec) ProfileInit()        Muxer PPIs K{1,2} w/ ISUS awake: 14.88V, 59.7mA, 888.6mW
(Dec 11 2025 22:13:26,  864016 sec) MscErrorLog_()       No error records to log.
(Dec 11 2025 22:13:32,  864022 sec) ProfileInit()        DURA powered up.
(Dec 11 2025 22:13:36,  864026 sec) ProfileInit()        Muxer PPIs K{1,2} w/ DURA awake: 14.97V, 48.4mA, 724.5mW
(Dec 11 2025 22:13:42,  864032 sec) MscErrorLog_()       No error records to log.
(Dec 11 2025 22:13:47,  864037 sec) PistonMoveAbsWTO()    009->031 010 011 012 013 014 015 [30sec, 14.3Volts, 0.554Amps, CPT:913sec]
(Dec 11 2025 22:14:28,  864078 sec) PistonMoveAbsWTO()    015->031 016 017 018 019 020 [30sec, 14.1Volts, 0.546Amps, CPT:943sec]
(Dec 11 2025 22:15:09,  864119 sec) PistonMoveAbsWTO()    020->031 021 022 023 024 025 [30sec, 14.0Volts, 0.540Amps, CPT:973sec]
(Dec 11 2025 22:15:50,  864160 sec) PistonMoveAbsWTO()    025->031 026 027 028 029 030 [30sec, 14.0Volts, 0.545Amps, CPT:1003sec]
(Dec 11 2025 22:16:31,  864201 sec) PistonMoveAbsWTO()    030->031 031 [3sec, 14.1Volts, 0.547Amps, CPT:1006sec]
(Dec 11 2025 22:23:23,  864613 sec) Profile()            Sample 0 initiated at 1601.7dbars for bin 4 [1600dbars].  PTS/O2,T2,TPhase,RPhase,RawTemp/NO3/pH/FSig,BbSig,TSig/Ocr: 1599.5dbars 2.7043C 34.5568PSU / 72.0uM 2.698C 53.385 7.980 697.057 / 40.9uM / -0.885070V /   54  111  573 / nan nan nan nan
(Dec 11 2025 22:40:10,  865620 sec) Profile()            Sample 1 initiated at 1501.5dbars for bin 5 [1500dbars].  PTS/O2,T2,TPhase,RPhase,RawTemp/NO3/pH/FSig,BbSig,TSig/Ocr: 1499.6dbars 2.8316C 34.5452PSU / 68.4uM 2.825C 53.705 7.993 693.204 / 41.1uM / -0.884834V /   54  113  573 / nan nan nan nan
(Dec 11 2025 22:53:48,  866438 sec) AscentControlAgent() Bouyancy nudge to 41 (v=0.073dbar/sec).
(Dec 11 2025 22:53:48,  866438 sec) PistonMoveAbsWTO()    031->041 032 033 034 035 036 [30sec, 14.5Volts, 0.501Amps, CPT:1036sec]
(Dec 11 2025 22:54:29,  866479 sec) PistonMoveAbsWTO()    036->041 037 038 039 040 041 [25sec, 14.3Volts, 0.489Amps, CPT:1061sec]
(Dec 11 2025 22:59:42,  866792 sec) Profile()            Sample 2 initiated at 1401.8dbars for bin 6 [1400dbars].  PTS/O2,T2,TPhase,RPhase,RawTemp/NO3/pH/FSig,BbSig,TSig/Ocr: 1399.8dbars 3.0059C 34.5297PSU / 65.3uM 2.999C 53.979 7.998 687.964 / 41.3uM / -0.884539V /   53  112  573 / nan nan nan nan
(Dec 11 2025 23:03:46,  867036 sec) PistonMoveAbsWTO()    040->041 041 [1sec, 14.5Volts, 0.523Amps, CPT:1062sec]
(Dec 11 2025 23:19:27,  867977 sec) Profile()            Sample 3 initiated at 1302.0dbars for bin 7 [1300dbars].  PTS/O2,T2,TPhase,RPhase,RawTemp/NO3/pH/FSig,BbSig,TSig/Ocr: 1300.5dbars 3.2091C 34.5105PSU / 59.6uM 3.203C 54.525 8.002 681.771 / 41.5uM / -0.884426V /   55  112  573 / nan nan nan nan
(Dec 11 2025 23:20:13,  868023 sec) AscentControlAgent() Bouyancy nudge to 51 (v=0.074dbar/sec).
(Dec 11 2025 23:20:13,  868023 sec) PistonMoveAbsWTO()    041->051 042 043 044 045 046 [30sec, 14.5Volts, 0.459Amps, CPT:1092sec]
(Dec 11 2025 23:20:54,  868064 sec) PistonMoveAbsWTO()    046->051 047 048 049 050 051 [25sec, 14.3Volts, 0.461Amps, CPT:1117sec]
(Dec 11 2025 23:37:55,  869085 sec) Profile()            Sample 4 initiated at 1201.9dbars for bin 8 [1200dbars].  PTS/O2,T2,TPhase,RPhase,RawTemp/NO3/pH/FSig,BbSig,TSig/Ocr: 1200.3dbars 3.4337C 34.4837PSU / 53.1uM 3.426C 55.191 8.005 674.995 / 42.0uM / -0.884477V /   54  114  572 / nan nan nan nan
(Dec 11 2025 23:40:42,  869252 sec) AscentControlAgent() Bouyancy nudge to 61 (v=0.078dbar/sec).
(Dec 11 2025 23:40:42,  869252 sec) PistonMoveAbsWTO()    051->061 052 053 054 055 056 [30sec, 14.5Volts, 0.434Amps, CPT:1147sec]
(Dec 11 2025 23:41:23,  869293 sec) PistonMoveAbsWTO()    056->061 057 058 059 060 061 [23sec, 14.4Volts, 0.431Amps, CPT:1170sec]
(Dec 11 2025 23:44:54,  869504 sec) PistonMoveAbsWTO()    060->061 061 [1sec, 14.5Volts, 0.473Amps, CPT:1171sec]
(Dec 11 2025 23:55:48,  870158 sec) Profile()            Sample 5 initiated at 1102.0dbars for bin 9 [1100dbars].  PTS/O2,T2,TPhase,RPhase,RawTemp/NO3/pH/FSig,BbSig,TSig/Ocr: 1100.0dbars 3.7208C 34.4418PSU / 44.3uM 3.713C 56.150 8.011 666.259 / 42.2uM / -0.884760V /   54  114  572 / nan nan nan nan
(Dec 12 2025 00:06:19,  870789 sec) AscentControlAgent() Bouyancy nudge to 71 (v=0.079dbar/sec).
(Dec 12 2025 00:06:19,  870789 sec) PistonMoveAbsWTO()    061->071 062 063 064 065 066 [30sec, 14.6Volts, 0.409Amps, CPT:1201sec]
(Dec 12 2025 00:07:00,  870830 sec) PistonMoveAbsWTO()    066->071 067 068 069 070 071 [24sec, 14.4Volts, 0.403Amps, CPT:1225sec]
(Dec 12 2025 00:14:25,  871275 sec) Profile()            Sample 6 initiated at 1001.1dbars for bin 10 [1000dbars].  PTS/O2,T2,TPhase,RPhase,RawTemp/NO3/pH/FSig,BbSig,TSig/Ocr: 998.9dbars 3.8632C 34.3960PSU / 36.0uM 3.857C 57.150 8.014 661.869 / 42.7uM / -0.885201V /   55  117  572 / nan nan nan nan
(Dec 12 2025 00:17:35,  871465 sec) Sbe41cpStartCP()     Continuous profile started.
(Dec 12 2025 00:22:36,  871766 sec) Profile()            Sample 7 initiated at 951.7dbars for bin 11 [950dbars].  PTS/O2,T2,TPhase,RPhase,RawTemp/NO3/pH/FSig,BbSig,TSig/Ocr: 951.6dbars 4.0036C 34.3450PSU / 27.2uM 3.995C 58.280 8.019 657.641 / 43.0uM / -0.886095V /   55  114  572 / nan nan nan nan
(Dec 12 2025 00:32:56,  872386 sec) Profile()            Sample 8 initiated at 901.8dbars for bin 12 [900dbars].  PTS/O2,T2,TPhase,RPhase,RawTemp/NO3/pH/FSig,BbSig,TSig/Ocr: 901.8dbars 4.1441C 34.3103PSU / 25.9uM 4.135C 58.416 8.022 653.368 / 42.9uM / -0.885333V /   55  115  571 / nan nan nan nan
(Dec 12 2025 00:32:57,  872387 sec) AscentControlAgent() Bouyancy nudge to 81 (v=0.072dbar/sec).
(Dec 12 2025 00:32:57,  872387 sec) PistonMoveAbsWTO()    071->081 072 073 074 075 076 [30sec, 14.4Volts, 0.378Amps, CPT:1255sec]
(Dec 12 2025 00:33:38,  872428 sec) PistonMoveAbsWTO()    076->081 077 078 079 080 081 [24sec, 14.3Volts, 0.371Amps, CPT:1279sec]
(Dec 12 2025 00:42:31,  872961 sec) Profile()            Sample 9 initiated at 851.1dbars for bin 13 [850dbars].  PTS/O2,T2,TPhase,RPhase,RawTemp/NO3/pH/FSig,BbSig,TSig/Ocr: 851.0dbars 4.3495C 34.2615PSU / 21.5uM 4.341C 58.998 8.026 647.058 / 42.8uM / -0.885577V /   55  113  571 / nan nan nan nan
(Dec 12 2025 00:52:00,  873530 sec) Profile()            Sample 10 initiated at 801.6dbars for bin 14 [800dbars].  PTS/O2,T2,TPhase,RPhase,RawTemp/NO3/pH/FSig,BbSig,TSig/Ocr: 801.5dbars 4.5507C 34.2055PSU / 24.4uM 4.542C 58.539 8.031 640.856 / 42.4uM / -0.885010V /   54  114  571 / nan nan nan nan
(Dec 12 2025 00:58:16,  873906 sec) AscentControlAgent() Bouyancy nudge to 91 (v=0.069dbar/sec).
(Dec 12 2025 00:58:16,  873906 sec) PistonMoveAbsWTO()    081->091 082 083 084 085 086 [30sec, 14.5Volts, 0.341Amps, CPT:1309sec]
(Dec 12 2025 00:58:57,  873947 sec) PistonMoveAbsWTO()    086->091 087 088 089 090 091 [24sec, 14.4Volts, 0.344Amps, CPT:1333sec]
(Dec 12 2025 01:02:55,  874185 sec) Profile()            Sample 11 initiated at 752.0dbars for bin 15 [750dbars].  PTS/O2,T2,TPhase,RPhase,RawTemp/NO3/pH/FSig,BbSig,TSig/Ocr: 751.8dbars 4.7473C 34.1666PSU / 31.4uM 4.742C 57.528 8.037 634.704 / 41.6uM / -0.883957V /   55  114  570 / nan nan nan nan
(Dec 12 2025 01:08:26,  874516 sec) AscentControlAgent() Bouyancy nudge to 101 (v=0.076dbar/sec).
(Dec 12 2025 01:08:26,  874516 sec) PistonMoveAbsWTO()    091->101 092 093 094 095 096 [30sec, 14.5Volts, 0.330Amps, CPT:1363sec]
(Dec 12 2025 01:09:07,  874557 sec) PistonMoveAbsWTO()    096->101 097 098 099 100 101 [23sec, 14.4Volts, 0.329Amps, CPT:1386sec]
(Dec 12 2025 01:12:51,  874781 sec) Profile()            Sample 12 initiated at 701.9dbars for bin 16 [700dbars].  PTS/O2,T2,TPhase,RPhase,RawTemp/NO3/pH/FSig,BbSig,TSig/Ocr: 701.8dbars 5.2021C 34.1158PSU / 45.6uM 5.201C 55.542 8.048 620.532 / 39.7uM / -0.882244V /   54  118  570 / nan nan nan nan
(Dec 12 2025 01:21:12,  875282 sec) Profile()            Sample 13 initiated at 651.4dbars for bin 17 [650dbars].  PTS/O2,T2,TPhase,RPhase,RawTemp/NO3/pH/FSig,BbSig,TSig/Ocr: 651.3dbars 5.7422C 34.0555PSU / 70.9uM 5.733C 52.365 8.069 604.012 / 37.1uM / -0.879079V /   54  116  569 / nan nan nan nan
(Dec 12 2025 01:30:39,  875849 sec) Profile()            Sample 14 initiated at 601.6dbars for bin 18 [600dbars].  PTS/O2,T2,TPhase,RPhase,RawTemp/NO3/pH/FSig,BbSig,TSig/Ocr: 601.5dbars 6.2516C 34.0156PSU / 102.0uM 6.238C 48.970 8.089 588.270 / 34.1uM / -0.875170V /   53  117  568 / nan nan nan nan
(Dec 12 2025 01:33:48,  876038 sec) AscentControlAgent() Bouyancy nudge to 111 (v=0.072dbar/sec).
(Dec 12 2025 01:33:48,  876038 sec) PistonMoveAbsWTO()    101->111 102 103 104 105 106 [30sec, 14.6Volts, 0.303Amps, CPT:1416sec]
(Dec 12 2025 01:34:29,  876079 sec) PistonMoveAbsWTO()    106->111 107 108 109 110 111 [23sec, 14.5Volts, 0.302Amps, CPT:1439sec]
(Dec 12 2025 01:40:26,  876436 sec) Profile()            Sample 15 initiated at 551.1dbars for bin 19 [550dbars].  PTS/O2,T2,TPhase,RPhase,RawTemp/NO3/pH/FSig,BbSig,TSig/Ocr: 551.0dbars 7.0380C 33.9995PSU / 142.2uM 7.026C 45.137 8.113 563.566 / 29.4uM / -0.869681V /   52  117  568 / nan nan nan nan
(Dec 12 2025 01:49:30,  876980 sec) Profile()            Sample 16 initiated at 501.6dbars for bin 20 [500dbars].  PTS/O2,T2,TPhase,RPhase,RawTemp/NO3/pH/FSig,BbSig,TSig/Ocr: 501.5dbars 7.9501C 34.0089PSU / 176.4uM 7.942C 42.191 8.142 534.616 / 25.4uM / -0.865048V /   52  120  566 / nan nan nan nan
(Dec 12 2025 01:54:41,  877291 sec) AscentControlAgent() Bouyancy nudge to 121 (v=0.075dbar/sec).
(Dec 12 2025 01:54:41,  877291 sec) PistonMoveAbsWTO()    111->121 112 113 114 115 116 [30sec, 14.6Volts, 0.276Amps, CPT:1469sec]
(Dec 12 2025 01:55:22,  877332 sec) PistonMoveAbsWTO()    116->121 117 118 119 120 121 [22sec, 14.6Volts, 0.275Amps, CPT:1491sec]
(Dec 12 2025 01:59:42,  877592 sec) Profile()            Sample 17 initiated at 451.8dbars for bin 21 [450dbars].  PTS/O2,T2,TPhase,RPhase,RawTemp/NO3/pH/FSig,BbSig,TSig/Ocr: 451.7dbars 9.1606C 34.0458PSU / 218.7uM 9.152C 38.964 8.175 496.058 / 19.5uM / -0.858680V /   50  118  565 / 0x80066636 0x800037a4 0x80085d24 0x7fffae64
(Dec 12 2025 02:09:11,  878161 sec) Profile()            Sample 18 initiated at 401.7dbars for bin 22 [400dbars].  PTS/O2,T2,TPhase,RPhase,RawTemp/NO3/pH/FSig,BbSig,TSig/Ocr: 401.6dbars 10.1395C 34.1042PSU / 236.6uM 10.140C 37.487 8.207 464.341 / 16.2uM / -0.855180V /   51  117  563 / 0x80065c64 0x80000a00 0x80085c00 0x7fffa076
(Dec 12 2025 02:13:54,  878444 sec) Profile()            Sample 19 initiated at 381.8dbars for bin 23 [380dbars].  PTS/O2,T2,TPhase,RPhase,RawTemp/NO3/pH/FSig,BbSig,TSig/Ocr: 381.7dbars 10.8857C 34.1512PSU / 241.9uM 10.882C 36.834 8.235 440.387 / 14.2uM / -0.853217V /   50  119  562 / 0x80066e80 0x8000291b 0x80085f6d 0x7fffa7ed
(Dec 12 2025 02:15:01,  878511 sec) AscentControlAgent() Bouyancy nudge to 131 (v=0.068dbar/sec).
(Dec 12 2025 02:15:02,  878512 sec) PistonMoveAbsWTO()    121->131 122 123 124 125 126 [30sec, 14.6Volts, 0.250Amps, CPT:1521sec]
(Dec 12 2025 02:15:43,  878553 sec) PistonMoveAbsWTO()    126->131 127 128 129 130 131 [22sec, 14.6Volts, 0.248Amps, CPT:1543sec]
(Dec 12 2025 02:18:01,  878691 sec) Profile()            Sample 20 initiated at 361.3dbars for bin 24 [360dbars].  PTS/O2,T2,TPhase,RPhase,RawTemp/NO3/pH/FSig,BbSig,TSig/Ocr: 361.1dbars 11.4870C 34.1883PSU / 244.8uM 11.481C 36.383 8.254 420.984 / 12.9uM / -0.851909V /   50  117  561 / 0x80065089 0x800010a4 0x80084a80 0x7fffab49
(Dec 12 2025 02:19:36,  878786 sec) Profile()            Sample 21 initiated at 350.9dbars for bin 25 [350dbars].  PTS/O2,T2,TPhase,RPhase,RawTemp/NO3/pH/FSig,BbSig,TSig/Ocr: 350.7dbars 11.8038C 34.2066PSU / 244.8uM 11.793C 36.225 8.260 410.831 / 12.1uM / -0.851195V /   50  116  561 / 0x800661e4 0x800005ed 0x80085492 0x7fffa0db
(Dec 12 2025 02:21:01,  878871 sec) Profile()            Sample 22 initiated at 341.6dbars for bin 26 [340dbars].  PTS/O2,T2,TPhase,RPhase,RawTemp/NO3/pH/FSig,BbSig,TSig/Ocr: 341.5dbars 11.9093C 34.2146PSU / 246.0uM 11.908C 36.105 8.264 407.105 / 11.9uM / -0.850903V /   50  115  560 / 0x800658e4 0x7ffff7f6 0x80084692 0x7fff9080
(Dec 12 2025 02:22:36,  878966 sec) Profile()            Sample 23 initiated at 331.2dbars for bin 27 [330dbars].  PTS/O2,T2,TPhase,RPhase,RawTemp/NO3/pH/FSig,BbSig,TSig/Ocr: 331.1dbars 12.3650C 34.2382PSU / 246.0uM 12.359C 35.877 8.268 392.397 / 11.0uM / -0.850049V /   50  118  560 / 0x80066952 0x7ffff089 0x800842f6 0x7fff91c9
(Dec 12 2025 02:24:11,  879061 sec) Profile()            Sample 24 initiated at 321.6dbars for bin 28 [320dbars].  PTS/O2,T2,TPhase,RPhase,RawTemp/NO3/pH/FSig,BbSig,TSig/Ocr: 321.5dbars 12.4768C 34.2462PSU / 246.5uM 12.475C 35.796 8.275 388.613 / 10.7uM / -0.849714V /   50  115  560 / 0x80063eed 0x7fffecf6 0x8008432d 0x7fff84e4
(Dec 12 2025 02:26:09,  879179 sec) Profile()            Sample 25 initiated at 311.0dbars for bin 29 [310dbars].  PTS/O2,T2,TPhase,RPhase,RawTemp/NO3/pH/FSig,BbSig,TSig/Ocr: 311.0dbars 12.5197C 34.2492PSU / 246.8uM 12.520C 35.758 8.276 387.144 / 10.6uM / -0.849544V /   50  114  559 / 0x80062b49 0x7fffef1b 0x80083b89 0x7fff8b09
(Dec 12 2025 02:27:55,  879285 sec) Profile()            Sample 26 initiated at 301.9dbars for bin 30 [300dbars].  PTS/O2,T2,TPhase,RPhase,RawTemp/NO3/pH/FSig,BbSig,TSig/Ocr: 301.9dbars 12.5483C 34.2530PSU / 247.1uM 12.557C 35.727 8.279 385.958 / 10.6uM / -0.849381V /   50  115  559 / 0x800634b6 0x7fffe076 0x800838c0 0x7fff8609
(Dec 12 2025 02:30:03,  879413 sec) Profile()            Sample 27 initiated at 291.6dbars for bin 31 [290dbars].  PTS/O2,T2,TPhase,RPhase,RawTemp/NO3/pH/FSig,BbSig,TSig/Ocr: 291.6dbars 12.6969C 34.2664PSU / 246.7uM 12.701C 35.672 8.280 381.240 / 10.1uM / -0.848974V /   50  119  559 / 0x8006396d 0x7fffea5b 0x80084664 0x7fff84a4
(Dec 12 2025 02:32:34,  879564 sec) Profile()            Sample 28 initiated at 281.5dbars for bin 32 [280dbars].  PTS/O2,T2,TPhase,RPhase,RawTemp/NO3/pH/FSig,BbSig,TSig/Ocr: 281.4dbars 13.2994C 34.2989PSU / 247.6uM 13.306C 35.328 8.291 361.464 / 8.9uM / -0.847946V /   50  115  558 / 0x8006399b 0x7fffdd09 0x80084b40 0x7fff8a9b
(Dec 12 2025 02:35:04,  879714 sec) Profile()            Sample 29 initiated at 271.8dbars for bin 33 [270dbars].  PTS/O2,T2,TPhase,RPhase,RawTemp/NO3/pH/FSig,BbSig,TSig/Ocr: 271.7dbars 13.5474C 34.3116PSU / 247.7uM 13.547C 35.207 8.299 353.587 / 8.4uM / -0.847440V /   51  116  558 / 0x80062c92 0x7fffe4c0 0x800854c9 0x7fff7ed2
(Dec 12 2025 02:35:27,  879737 sec) AscentControlAgent() Bouyancy nudge to 141 (v=0.065dbar/sec).
(Dec 12 2025 02:35:28,  879738 sec) PistonMoveAbsWTO()    131->141 132 133 134 135 136 137 [30sec, 14.6Volts, 0.224Amps, CPT:1573sec]
(Dec 12 2025 02:36:09,  879779 sec) PistonMoveAbsWTO()    137->141 138 139 140 141 [21sec, 14.6Volts, 0.227Amps, CPT:1594sec]
(Dec 12 2025 02:37:31,  879861 sec) Profile()            Sample 30 initiated at 261.0dbars for bin 34 [260dbars].  PTS/O2,T2,TPhase,RPhase,RawTemp/NO3/pH/FSig,BbSig,TSig/Ocr: 260.9dbars 13.7942C 34.3281PSU / 247.2uM 13.799C 35.104 8.304 345.321 / 7.9uM / -0.846892V /   50  116  557 / 0x80064164 0x7fffd6ed 0x80084809 0x7fff7e52
(Dec 12 2025 02:39:17,  879967 sec) Profile()            Sample 31 initiated at 251.4dbars for bin 35 [250dbars].  PTS/O2,T2,TPhase,RPhase,RawTemp/NO3/pH/FSig,BbSig,TSig/Ocr: 251.3dbars 14.2610C 34.3609PSU / 246.9uM 14.252C 34.900 8.310 330.465 / 7.0uM / -0.846193V /   50  131  557 / 0x800642db 0x7ffff412 0x800851db 0x7fff8636
(Dec 12 2025 02:41:14,  880084 sec) Profile()            Sample 32 initiated at 241.3dbars for bin 36 [240dbars].  PTS/O2,T2,TPhase,RPhase,RawTemp/NO3/pH/FSig,BbSig,TSig/Ocr: 241.2dbars 14.9073C 34.4214PSU / 245.0uM 14.917C 34.673 8.316 308.620 / 6.1uM / -0.845187V /   50  116  556 / 0x800638db 0x7fffd7db 0x80084c64 0x7fff7b12
(Dec 12 2025 02:43:23,  880213 sec) Profile()            Sample 33 initiated at 231.3dbars for bin 37 [230dbars].  PTS/O2,T2,TPhase,RPhase,RawTemp/NO3/pH/FSig,BbSig,TSig/Ocr: 231.2dbars 15.2698C 34.4551PSU / 245.3uM 15.274C 34.485 8.329 296.865 / 5.4uM / -0.844539V /   51  116  556 / 0x80063cdb 0x7fffd0a4 0x80085e64 0x7fff84c9
(Dec 12 2025 02:45:31,  880341 sec) Profile()            Sample 34 initiated at 221.6dbars for bin 38 [220dbars].  PTS/O2,T2,TPhase,RPhase,RawTemp/NO3/pH/FSig,BbSig,TSig/Ocr: 221.5dbars 15.7784C 34.5050PSU / 244.3uM 15.769C 34.297 8.336 280.570 / 4.9uM / -0.843739V /   51  115  555 / 0x80063be4 0x7fffea36 0x80084fc0 0x7fff786d
(Dec 12 2025 02:46:16,  880386 sec) AscentControlAgent() Bouyancy nudge to 151 (v=0.075dbar/sec).
(Dec 12 2025 02:46:17,  880387 sec) PistonMoveAbsWTO()    141->151 142 143 144 145 146 147 [30sec, 14.7Volts, 0.212Amps, CPT:1624sec]
(Dec 12 2025 02:46:58,  880428 sec) PistonMoveAbsWTO()    147->151 148 149 150 151 [20sec, 14.7Volts, 0.215Amps, CPT:1644sec]
(Dec 12 2025 02:48:08,  880498 sec) Profile()            Sample 35 initiated at 209.5dbars for bin 39 [210dbars].  PTS/O2,T2,TPhase,RPhase,RawTemp/NO3/pH/FSig,BbSig,TSig/Ocr: 209.4dbars 16.4790C 34.5851PSU / 242.6uM 16.481C 34.047 8.364 257.098 / 3.9uM / -0.842924V /   53  114  554 / 0x80063064 0x7ffff152 0x800874ad 0x7fff6f40
(Dec 12 2025 02:49:21,  880571 sec) Profile()            Sample 36 initiated at 202.0dbars for bin 40 [200dbars].  PTS/O2,T2,TPhase,RPhase,RawTemp/NO3/pH/FSig,BbSig,TSig/Ocr: 201.9dbars 16.5279C 34.5912PSU / 242.6uM 16.531C 34.021 8.365 255.461 / 4.0uM / -0.842784V /   52  120  554 / 0x80062140 0x80000489 0x800889b6 0x7fff6340
(Dec 12 2025 02:51:07,  880677 sec) Profile()            Sample 37 initiated at 190.9dbars for bin 41 [190dbars].  PTS/O2,T2,TPhase,RPhase,RawTemp/NO3/pH/FSig,BbSig,TSig/Ocr: 190.8dbars 16.6860C 34.6091PSU / 242.6uM 16.688C 33.950 8.371 250.259 / 3.8uM / -0.842450V /   53  117  553 / 0x80061bed 0x80000ce4 0x8008b452 0x7fff65ed
(Dec 12 2025 02:52:43,  880773 sec) Profile()            Sample 38 initiated at 181.8dbars for bin 42 [180dbars].  PTS/O2,T2,TPhase,RPhase,RawTemp/NO3/pH/FSig,BbSig,TSig/Ocr: 181.7dbars 17.7280C 34.7315PSU / 240.4uM 17.699C 33.592 8.383 216.941 / 2.8uM / -0.841125V /   56  118  553 / 0x80061d5b 0x800025a4 0x8008e7db 0x7fff5580
(Dec 12 2025 02:54:40,  880890 sec) Profile()            Sample 39 initiated at 172.0dbars for bin 43 [170dbars].  PTS/O2,T2,TPhase,RPhase,RawTemp/NO3/pH/FSig,BbSig,TSig/Ocr: 171.9dbars 18.2803C 34.8046PSU / 242.0uM 18.270C 33.249 8.384 198.105 / 2.3uM / -0.840191V /   58  118  552 / 0x80061d36 0x80005c52 0x80092bad 0x7fff5d36
(Dec 12 2025 02:56:48,  881018 sec) Profile()            Sample 40 initiated at 161.4dbars for bin 44 [160dbars].  PTS/O2,T2,TPhase,RPhase,RawTemp/NO3/pH/FSig,BbSig,TSig/Ocr: 161.3dbars 18.8342C 34.8736PSU / 242.5uM 18.824C 32.978 8.396 179.824 / 1.6uM / -0.839259V /   61  129  551 / 0x800607ad 0x8000b064 0x800974d2 0x7fff55c0
(Dec 12 2025 02:58:35,  881125 sec) Profile()            Sample 41 initiated at 151.9dbars for bin 45 [150dbars].  PTS/O2,T2,TPhase,RPhase,RawTemp/NO3/pH/FSig,BbSig,TSig/Ocr: 151.8dbars 19.2519C 34.9253PSU / 243.6uM 19.243C 32.736 8.402 166.033 / 1.6uM / -0.838458V /   64  121  550 / 0x80061aa4 0x8000eb40 0x8009ff00 0x7fff3e89
(Dec 12 2025 03:00:32,  881242 sec) Profile()            Sample 42 initiated at 141.5dbars for bin 46 [140dbars].  PTS/O2,T2,TPhase,RPhase,RawTemp/NO3/pH/FSig,BbSig,TSig/Ocr: 141.4dbars 19.5897C 34.9686PSU / 246.4uM 19.588C 32.452 8.413 154.666 / 1.3uM / -0.837792V /   68  132  549 / 0x80060bc9 0x800177c0 0x800abb2d 0x7fff4909
(Dec 12 2025 03:02:29,  881359 sec) Profile()            Sample 43 initiated at 131.5dbars for bin 47 [130dbars].  PTS/O2,T2,TPhase,RPhase,RawTemp/NO3/pH/FSig,BbSig,TSig/Ocr: 131.4dbars 19.7534C 34.9843PSU / 249.4uM 19.764C 32.234 8.414 148.872 / 1.4uM / -0.837237V /   72  127  549 / 0x80063ec0 0x8002811b 0x800beac9 0x7fff42ed
(Dec 12 2025 03:04:27,  881477 sec) Profile()            Sample 44 initiated at 121.9dbars for bin 48 [120dbars].  PTS/O2,T2,TPhase,RPhase,RawTemp/NO3/pH/FSig,BbSig,TSig/Ocr: 121.8dbars 20.3219C 35.0596PSU / 245.8uM 20.307C 32.167 8.419 131.014 / 1.3uM / -0.836609V /   77  130  548 / 0x800667db 0x8003da5b 0x800d3952 0x7fff4676
(Dec 12 2025 03:06:46,  881616 sec) Profile()            Sample 45 initiated at 111.7dbars for bin 49 [110dbars].  PTS/O2,T2,TPhase,RPhase,RawTemp/NO3/pH/FSig,BbSig,TSig/Ocr: 111.6dbars 20.6418C 35.0834PSU / 253.4uM 20.638C 31.672 8.427 120.158 / 0.8uM / -0.835436V /   83  126  547 / 0x8006d352 0x8005fca4 0x800f432d 0x7fff49e4
(Dec 12 2025 03:09:28,  881778 sec) Profile()            Sample 46 initiated at 101.6dbars for bin 50 [100dbars].  PTS/O2,T2,TPhase,RPhase,RawTemp/NO3/pH/FSig,BbSig,TSig/Ocr: 101.5dbars 21.0334C 35.1233PSU / 261.1uM 21.030C 31.165 8.432 107.287 / 0.8uM / -0.834739V /   88  127  546 / 0x8007c3f6 0x80091c12 0x8011f4d2 0x7fff51c9
(Dec 12 2025 03:11:03,  881873 sec) Profile()            Sample 47 initiated at 96.5dbars for bin 51 [95dbars].  PTS/O2,T2,TPhase,RPhase,RawTemp/NO3/pH/FSig,BbSig,TSig/Ocr: 96.5dbars 21.4695C 35.1741PSU / 261.4uM 21.442C 30.979 8.434 93.770 / 1.1uM / -0.834149V /   92  127  546 / 0x800883a4 0x800b5089 0x8013bfe4 0x7fff57c0
(Dec 12 2025 03:13:23,  882013 sec) Profile()            Sample 48 initiated at 91.7dbars for bin 52 [90dbars].  PTS/O2,T2,TPhase,RPhase,RawTemp/NO3/pH/FSig,BbSig,TSig/Ocr: 91.7dbars 21.9435C 35.2250PSU / 262.5uM 21.921C 30.731 8.452 78.121 / 1.1uM / -0.833730V /  103  131  545 / 0x80097449 0x800d9676 0x801556ed 0x7fff6000
(Dec 12 2025 03:17:37,  882267 sec) AscentControlAgent() Bouyancy nudge to 156 (v=0.014dbar/sec).
(Dec 12 2025 03:17:37,  882267 sec) PistonMoveAbsWTO()    151->156 152 153 154 155 156 [26sec, 14.9Volts, 0.186Amps, CPT:1670sec]
(Dec 12 2025 03:19:04,  882354 sec) Profile()            Sample 49 initiated at 86.9dbars for bin 53 [85dbars].  PTS/O2,T2,TPhase,RPhase,RawTemp/NO3/pH/FSig,BbSig,TSig/Ocr: 86.9dbars 23.1985C 35.3483PSU / 261.9uM 23.070C 30.291 8.472 40.636 / 1.4uM / -0.832256V /   96  132  544 / 0x800a6b80 0x800f0276 0x8015f6b6 0x7fff4d00
(Dec 12 2025 03:23:13,  882603 sec) Profile()            Sample 50 initiated at 81.9dbars for bin 54 [80dbars].  PTS/O2,T2,TPhase,RPhase,RawTemp/NO3/pH/FSig,BbSig,TSig/Ocr: 81.9dbars 24.0760C 35.4732PSU / 252.7uM 24.057C 30.298 8.482 8.624 / 1.3uM / -0.830991V /   74  137  542 / 0x800aea6d 0x800fbe6d 0x80162b49 0x7fff669b
(Dec 12 2025 03:23:14,  882604 sec) AscentControlAgent() Bouyancy nudge to 161 (v=0.020dbar/sec).
(Dec 12 2025 03:23:14,  882604 sec) PistonMoveAbsWTO()    156->161 157 158 159 160 161 [24sec, 14.8Volts, 0.172Amps, CPT:1694sec]
(Dec 12 2025 03:25:56,  882766 sec) Profile()            Sample 51 initiated at 76.5dbars for bin 55 [75dbars].  PTS/O2,T2,TPhase,RPhase,RawTemp/NO3/pH/FSig,BbSig,TSig/Ocr: 76.4dbars 24.3031C 35.4944PSU / 249.9uM 24.302C 30.323 8.487 0.718 / 1.2uM / -0.830563V /   64  146  542 / 0x800b7776 0x80105f52 0x80167380 0x7fff7012
(Dec 12 2025 03:27:20,  882850 sec) Profile()            Sample 52 initiated at 71.7dbars for bin 56 [70dbars].  PTS/O2,T2,TPhase,RPhase,RawTemp/NO3/pH/FSig,BbSig,TSig/Ocr: 71.6dbars 24.3053C 35.4940PSU / 249.9uM 24.305C 30.322 8.486 0.597 / 1.3uM / -0.830489V /   60  137  541 / 0x800c321b 0x80118240 0x801761ed 0x7fff8ba4
(Dec 12 2025 03:28:44,  882934 sec) Profile()            Sample 53 initiated at 66.5dbars for bin 57 [65dbars].  PTS/O2,T2,TPhase,RPhase,RawTemp/NO3/pH/FSig,BbSig,TSig/Ocr: 66.4dbars 24.3041C 35.4943PSU / 250.0uM 24.306C 30.318 8.485 0.585 / 1.1uM / -0.830425V /   61  140  541 / 0x800cc5a4 0x80128a1b 0x80182ec9 0x7fffaae4
(Dec 12 2025 03:30:08,  883018 sec) Profile()            Sample 54 initiated at 61.4dbars for bin 58 [60dbars].  PTS/O2,T2,TPhase,RPhase,RawTemp/NO3/pH/FSig,BbSig,TSig/Ocr: 61.3dbars 24.3072C 35.4930PSU / 250.1uM 24.308C 30.313 8.486 0.520 / 1.2uM / -0.830449V /   60  138  540 / 0x800dc5ad 0x80141cf6 0x801995f6 0x7fffe4b6
(Dec 12 2025 03:31:32,  883102 sec) Profile()            Sample 55 initiated at 56.4dbars for bin 59 [55dbars].  PTS/O2,T2,TPhase,RPhase,RawTemp/NO3/pH/FSig,BbSig,TSig/Ocr: 56.3dbars 24.3080C 35.4924PSU / 250.2uM 24.309C 30.307 8.486 0.483 / 1.2uM / -0.830328V /   60  136  540 / 0x800ef3e4 0x8015e036 0x801b2412 0x80002312
(Dec 12 2025 03:33:07,  883197 sec) Profile()            Sample 56 initiated at 51.5dbars for bin 60 [50dbars].  PTS/O2,T2,TPhase,RPhase,RawTemp/NO3/pH/FSig,BbSig,TSig/Ocr: 51.5dbars 24.3120C 35.4843PSU / 250.3uM 24.312C 30.300 8.485 0.369 / 1.2uM / -0.830256V /   58  141  540 / 0x800f9c9b 0x8016b3e4 0x801c0240 0x80007af6
(Dec 12 2025 03:34:53,  883303 sec) Profile()            Sample 57 initiated at 46.8dbars for bin 61 [45dbars].  PTS/O2,T2,TPhase,RPhase,RawTemp/NO3/pH/FSig,BbSig,TSig/Ocr: 46.8dbars 24.3090C 35.4872PSU / 250.5uM 24.310C 30.293 8.482 0.440 / 1.2uM / -0.830209V /   59  135  540 / 0x800fe99b 0x80165a92 0x801bdb09 0x8000da2d
(Dec 12 2025 03:37:56,  883486 sec) Profile()            Sample 58 initiated at 41.6dbars for bin 62 [40dbars].  PTS/O2,T2,TPhase,RPhase,RawTemp/NO3/pH/FSig,BbSig,TSig/Ocr: 41.6dbars 24.3075C 35.4806PSU / 250.7uM 24.309C 30.288 8.483 0.487 / 1.2uM / -0.830108V /   59  134  540 / 0x800f1b36 0x80138e6d 0x80199680 0x8000fc80
(Dec 12 2025 03:39:31,  883581 sec) Profile()            Sample 59 initiated at 37.0dbars for bin 63 [35dbars].  PTS/O2,T2,TPhase,RPhase,RawTemp/NO3/pH/FSig,BbSig,TSig/Ocr: 37.0dbars 24.3076C 35.4851PSU / 250.7uM 24.309C 30.285 8.482 0.476 / 1.1uM / -0.830066V /   58  135  540 / 0x800f1064 0x8012b676 0x80190192 0x800147f6
(Dec 12 2025 03:39:32,  883582 sec) AscentControlAgent() Bouyancy nudge to 166 (v=0.035dbar/sec).
(Dec 12 2025 03:39:32,  883582 sec) PistonMoveAbsWTO()    161->166 162 163 164 165 166 [25sec, 14.9Volts, 0.173Amps, CPT:1719sec]
(Dec 12 2025 03:41:31,  883701 sec) Profile()            Sample 60 initiated at 32.0dbars for bin 64 [30dbars].  PTS/O2,T2,TPhase,RPhase,RawTemp/NO3/pH/FSig,BbSig,TSig/Ocr: 31.9dbars 24.3067C 35.4809PSU / 250.8uM 24.306C 30.284 8.482 0.565 / 1.2uM / -0.829982V /   58  135  539 / 0x800f0d89 0x8011da76 0x80184424 0x8001e924
(Dec 12 2025 03:42:55,  883785 sec) Profile()            Sample 61 initiated at 26.4dbars for bin 65 [25dbars].  PTS/O2,T2,TPhase,RPhase,RawTemp/NO3/pH/FSig,BbSig,TSig/Ocr: 26.4dbars 24.2969C 35.4823PSU / 250.9uM 24.305C 30.279 8.480 0.621 / 1.2uM / -0.829852V /   59  133  539 / 0x800f9400 0x8011b424 0x80183d89 0x8002bb89
(Dec 12 2025 03:44:08,  883858 sec) Profile()            Sample 62 initiated at 21.9dbars for bin 66 [20dbars].  PTS/O2,T2,TPhase,RPhase,RawTemp/NO3/pH/FSig,BbSig,TSig/Ocr: 21.9dbars 24.2975C 35.4814PSU / 251.1uM 24.297C 30.274 8.478 0.863 / 1.2uM / -0.829828V /   57  134  539 / 0x80100912 0x80116c80 0x80184400 0x800390e4
(Dec 12 2025 03:45:43,  883953 sec) Profile()            Sample 63 initiated at 16.6dbars for bin 67 [15dbars].  PTS/O2,T2,TPhase,RPhase,RawTemp/NO3/pH/FSig,BbSig,TSig/Ocr: 16.5dbars 24.2992C 35.4823PSU / 251.1uM 24.300C 30.271 8.477 0.774 / 1.2uM / -0.829796V /   57  134  539 / 0x8010152d 0x80106c12 0x801774c0 0x8004b7f6
(Dec 12 2025 03:47:07,  884037 sec) Profile()            Sample 64 initiated at 11.8dbars for bin 68 [10dbars].  PTS/O2,T2,TPhase,RPhase,RawTemp/NO3/pH/FSig,BbSig,TSig/Ocr: 11.8dbars 24.2993C 35.4823PSU / 251.1uM 24.301C 30.270 8.476 0.742 / 1.1uM / -0.829757V /   58  135  539 / 0x80103ca4 0x80101c12 0x80171c5b 0x8005d6ed
(Dec 12 2025 03:48:42,  884132 sec) Profile()            Sample 65 initiated at 7.8dbars for bin 69 [6dbars].  PTS/O2,T2,TPhase,RPhase,RawTemp/NO3/pH/FSig,BbSig,TSig/Ocr: 7.7dbars 24.2943C 35.4825PSU / 251.3uM 24.296C 30.264 8.476 0.914 / 1.2uM / -0.829698V /   59  133  539 / 0x800ef424 0x800cdc00 0x80143424 0x8005f892
(Dec 12 2025 03:49:39,  884189 sec) SurfaceDetect()      SurfacePressure:-0.1dbars Pressure:3.5dbars PistonPosition:166
(Dec 12 2025 03:49:39,  884189 sec) Sbe41cpStopCP()      Continuous profile stopped.
(Dec 12 2025 03:49:43,  884193 sec) PistonMoveAbsWTO()    166->188 167 168 169 170 171 172 173 174 175 176 177 178 179 180 181 182 183 182 183 184 185 186 187 188 [108sec, 14.9Volts, 0.154Amps, CPT:1827sec]
(Dec 12 2025 03:51:37,  884307 sec) chat()               Expected string [S>] not received.
(Dec 12 2025 03:53:27,  884417 sec) Sbe41cpBinAverage()  Finished averaging 12737 samples in 105 seconds.
(Dec 12 2025 03:53:32,  884422 sec) Sbe41cpUploadCP_()   Sbe41cpSerNo[20478] NSample[12737] NBin[493]
(Dec 12 2025 03:54:03,  884453 sec) Sbe41cpUploadCP_()   Continuous profile uploaded [493 lines].
(Dec 12 2025 03:54:17,  884467 sec) MscErrorLog_()       No error records to log.
(Dec 12 2025 03:54:27,  884477 sec) MscErrorLog_()       No error records to log.

<EOT>
