(Sep 25 2025 12:38:43,   21614 sec) TelemetryInit()      Profile 0. (Apf11 FwRev: 061125)
(Sep 25 2025 12:38:43,   21614 sec) TelemetryInit()      Charge consumption model: OCV:15.5V Wake-Cycles:86 Standby:4.6days Wake:2.0kC Sensors:0.0kC
(Sep 25 2025 12:39:30,   21661 sec) AirSystem()          Battery [218cnt, 15.3V]  Current [21cnt, 80.5mA]  Pneumometer [157cnt, 18.5psi]  Run-Time [23s]
(Sep 25 2025 12:40:04,   21695 sec) GetSurfaceObs()      P/O2,T2,TPhase,RPhase,RawTemp/FSig,BbSig,TSig: 0.1dbars / 249.7uM 26.511C 29.484 8.572 -70.151 / 55,136,535
(Sep 25 2025 12:40:04,   21695 sec) GetSurfaceObs()      P/Ocr: 0.1dbars / 0x8005f1c0 0x7ffeebc9 0x8007bd52 0x7fff2992
(Sep 25 2025 12:40:07,   21698 sec) GpsServices()        GPS almanac is current.
(Sep 25 2025 12:40:07,   21698 sec) GpsServices()        Initiating GPS fix acquisition.
(Sep 25 2025 12:40:17,   21708 sec) gga()                $GPGGA,124020,2731.4208,N,15759.6465,W,0,00,,,M,,M,,*4D
(Sep 25 2025 12:40:28,   21719 sec) gga()                $GPGGA,124030,2731.3395,N,15759.5943,W,6,05,1.6,,M,-5.5,M,,*6D
(Sep 25 2025 12:40:38,   21729 sec) gga()                $GPGGA,124040,2731.3392,N,15759.5930,W,1,05,1.6,,M,-5.5,M,,*6E
(Sep 25 2025 12:40:38,   21729 sec) GpsServices()        Profile 0 GPS fix obtained in 31 seconds.
(Sep 25 2025 12:40:38,   21729 sec) GpsServices()                   lon      lat mm/dd/yyyy hhmmss nsat
(Sep 25 2025 12:40:38,   21729 sec) GpsServices()        Fix: -157.9932  27.5223 09/25/2025 124040    5
(Sep 25 2025 12:40:47,   21738 sec) gga()                $GPGGA,124050,2731.4061,N,15759.6341,W,1,05,1.6,-7.9,M,-5.5,M,,*65
(Sep 25 2025 12:40:56,   21747 sec) gga()                $GPGGA,124100,2731.4069,N,15759.6340,W,1,05,1.6,-9.1,M,-5.5,M,,*6E
(Sep 25 2025 12:40:56,   21747 sec) GpsServices()        APF11 RTC skew (-4s) OK.
(Sep 25 2025 12:40:56,   21747 sec) GpsServices()        GPS services complete.
(Sep 25 2025 12:41:31,   21782 sec) IrGeoLoc()           <x,y,z>=<-5244km,-2120km,2928km> lat=27.525 lon=-157.988 IrSysTime=0xedbf14ba
(Sep 25 2025 12:41:34,   21785 sec) CLogin()             Connecting to primary host.
(Sep 25 2025 12:41:56,   21807 sec) CLogin()             Connection 1 established in 22 seconds.
(Sep 25 2025 12:42:05,   21816 sec) login()              Login successful.
(Sep 25 2025 12:42:16,   21827 sec) CLogin()             Logged in to host.  [Login required 20 seconds]
(Sep 25 2025 12:42:17,   21828 sec) RxConfig()           Downloading "mission.cfg" from host.
(Sep 25 2025 12:42:36,   21847 sec) RxConfig()           Download successful: [bytes:33, sec:17.1, bps:2]
(Sep 25 2025 12:42:42,   21853 sec) WriteVitals_()       Writing vitals to "23808.000.msg".
(Sep 25 2025 12:43:17,   21888 sec) chat()               Expected string [rz] not received.
(Sep 25 2025 12:43:17,   21888 sec) UpLoadFile()         Failed attempt to execute "rz" on the host.
(Sep 25 2025 12:43:22,   21893 sec) CLogin()             Connecting to primary host.
(Sep 25 2025 12:43:33,   21904 sec) CLogin()             Connection 2 established in 11 seconds.
(Sep 25 2025 12:43:47,   21918 sec) login()              Login successful.
(Sep 25 2025 12:43:52,   21923 sec) chat()               Expected string [cmd>] not received.
(Sep 25 2025 12:43:52,   21923 sec) login()              Attempt to set the command prompt failed.
(Sep 25 2025 12:43:57,   21928 sec) chat()               Expected string [cmd>] not received.
(Sep 25 2025 12:43:57,   21928 sec) login()              Attempt to set the command prompt failed.
(Sep 25 2025 12:44:02,   21933 sec) chat()               Expected string [cmd>] not received.
(Sep 25 2025 12:44:02,   21933 sec) login()              Attempt to set the command prompt failed.
(Sep 25 2025 12:44:06,   21937 sec) CLogin()             Logged in to host.  [Login required 33 seconds]
(Sep 25 2025 12:44:26,   21957 sec) UpLoadFile()         Uploading "23808.000.msg" to host.
(Sep 25 2025 12:44:59,   21990 sec) UpLoadFile()         Upload successful: [bytes:3429, sec:33.3, bps:103]
(Sep 25 2025 12:45:00,   21991 sec) fmove()              Moved: 23808.000.msg -> archive/23808.000.msg
(Sep 25 2025 12:45:05,   21996 sec) UpLoadFile()         Uploading "23808.2509251225.log" to host.
(Sep 25 2025 12:46:48,   22099 sec) readline()           Time-out expired, aborting ZMODEM transfer.
(Sep 25 2025 12:46:48,   22099 sec) UpLoadFile()         Upload failed.
(Sep 25 2025 12:48:13,   22184 sec) CLogin()             Connecting to primary host.
(Sep 25 2025 12:48:18,   22189 sec) chat()               Expected string [OK] not received.
(Sep 25 2025 12:49:26,   22257 sec) chat()               Expected string [CONNECT] not received.
(Sep 25 2025 12:49:26,   22257 sec) modem_connect()      Modem command [AT+CBST=71,0,1;DT00881600005496] failed.
(Sep 25 2025 12:49:26,   22257 sec) connect()            Connection attempt failed.
(Sep 25 2025 12:49:35,   22266 sec) CLogin()             Connection 3 established in 82 seconds.
(Sep 25 2025 12:49:45,   22276 sec) login()              Login successful.
(Sep 25 2025 12:49:56,   22287 sec) CLogin()             Logged in to host.  [Login required 21 seconds]
(Sep 25 2025 12:49:59,   22290 sec) UpLoadFile()         Uploading "23808.2509251225.log" to host.
(Sep 25 2025 12:50:25,   22316 sec) UpLoadFile()         Upload successful: [bytes:4485, sec:25.8, bps:174]
(Sep 25 2025 12:50:26,   22317 sec) fmove()              Moved: 23808.2509251225.log -> archive/23808.2509251225.log
(Sep 25 2025 12:50:27,   22318 sec) UpLoad()             Files successfully uploaded: 2
(Sep 25 2025 12:50:27,   22318 sec) UpLoad()             Upload complete.
(Sep 25 2025 12:50:35,   22326 sec) chat()               Expected string [logout] not received.
(Sep 25 2025 12:50:35,   22326 sec) logout()             Attempt to log-out failed.
(Sep 25 2025 12:50:35,   22326 sec) logout()             No carrier detected.
(Sep 25 2025 12:50:35,   22326 sec) Telemetry()          Telemetry cycle complete: PrfId=0 ConnectionAttempts=4  Connections=3
(Sep 25 2025 12:50:37,       0 sec) DescentInit()        Deep profile 1 initiated at mission-time 22328sec.
(Sep 25 2025 12:50:38,       1 sec) DescentInit()        Surface pressure: -0.1dbars.
(Sep 25 2025 12:50:38,       1 sec) DescentInit()        Charge consumption model: OCV:15.2V Wake-Cycles:86 Standby:4.6days Wake:2.0kC Sleep:0.0kC
(Sep 25 2025 12:50:50,      13 sec) DescentInit()        Pneumatic humidity: 2887(60.1%) -> 2889(60.2%)
(Sep 25 2025 12:50:51,      14 sec) PistonMoveAbsWTO()    231->070 230 229 228 227 226 225 224 223 222 221 220 219 218 217 216 215 214 213 212 211 210 209 208 207 206 205 204 203 202 201 200 199 198 197 196 195 194 193 192 191 190 189 188 187 186 185 184 183 182 181 180 179 178 177 176 175 174 173 172 171 170 169 168 167 166 165 164 163 162 161 160 159 158 157 156 155 154 153 152 151 150 149 148 147 146 145 144 143 142 141 140 139 138 137 136 135 134 133 132 131 130 129 128 127 126 125 124 123 122 121 120 119 118 117 116 115 114 113 112 111 110 109 108 107 106 105 104 103 102 101 100 099 098 097 096 095 094 093 092 091 090 089 088 087 086 085 084 083 082 081 080 079 078 077 076 075 074 073 072 071 070 [781sec, 15.0Volts, 0.131Amps, CPT:781sec]
(Sep 25 2025 13:03:57,     800 sec) DescentInit()        Air solenoid open: Barometer [210cnt,  12.3psi]  Pneumometer [108cnt,  12.6psi]
(Sep 25 2025 13:03:57,     800 sec) Descent()            Pressure: 61.3
(Sep 25 2025 13:50:37,    3600 sec) Descent()            Pressure: 419.5
(Sep 25 2025 14:50:37,    7200 sec) Descent()            Pressure: 680.6
(Sep 25 2025 15:50:37,   10800 sec) Descent()            Pressure: 761.7
(Sep 25 2025 16:50:37,   14400 sec) Descent()            Pressure: 770.1
(Sep 25 2025 16:50:38,   14401 sec) ParkInit()           Charge consumption model: OCV:15.5V Wake-Cycles:90 Standby:4.8days Wake:2.2kC Sensors:0.0kC
(Sep 25 2025 16:56:19,   14742 sec) CtdPower()           [  768.47,  4.6188, 34.2014]
(Sep 25 2025 16:56:19,   14742 sec) CtdPower()           CTD Power consumption [218VCnt 3ACnt]: 15.359Volts * 0.012Amps = 0.18Watts.
(Sep 25 2025 16:56:25,   14748 sec) ParkTerminate()      Piston Position:70 Vacuum:191 HumidityAd12:4094(inf%) Vq:220 Aq:2 Vsbe:218 Asbe:3 Vflbb:214 Aflbb:11 Vopt:214 Aopt:13 Vocr:215 Aocr:7 MuxTemp:5.475C MuxHumidity:6.4%
(Sep 25 2025 16:56:55,   14778 sec) ParkTerminate()      PTS/O2,T2,TPhase,RawTemp: 768.3dbars 4.6178C 34.1954PSU / 44.7uM 4.614C 55.832 8.219 638.652
(Sep 25 2025 16:56:55,   14778 sec) ParkTerminate()      FLBB FSig, BbSig, TSig: 55, 112, 570 / Ocr: nan nan nan nan
(Sep 25 2025 16:56:56,   14779 sec) GoDeepInit()         Charge consumption model: OCV:15.4V Wake-Cycles:91 Standby:4.8days Wake:2.2kC Sensors:0.0kC
(Sep 25 2025 16:56:56,   14779 sec) GoDeepInit()         Moving piston.
(Sep 25 2025 16:56:56,   14779 sec) PistonMoveAbsWTO()    070->025 069 068 067 066 065 064 063 062 061 060 059 058 057 056 055 054 053 052 051 050 049 048 047 046 045 044 043 042 041 040 039 038 037 036 035 034 033 032 031 030 029 028 027 026 025 [222sec, 15.0Volts, 0.073Amps, CPT:1003sec]
(Sep 25 2025 18:10:37,   19200 sec) GoDeep()             Sequence point detected at 1218.0dbar.
(Sep 25 2025 18:10:37,   19200 sec) ProfileInit()        Charge consumption model: OCV:15.4V Wake-Cycles:105 Standby:4.8days Wake:2.2kC Sensors:0.0kC
(Sep 25 2025 18:10:38,   19201 sec) ProfileInit()        PrfId:001  Pressure:1218.1dbar  pTable[8]:1200dbar
(Sep 25 2025 18:10:40,   19203 sec) ProfileInit()        Muxer PPIs K{1,2} quiescent: 15.36V, 0.0mA, 0.0mW
(Sep 25 2025 18:10:44,   19207 sec) ProfileInit()        ISUS powered up.
(Sep 25 2025 18:10:47,   19210 sec) ProfileInit()        Muxer PPIs K{1,2} w/ ISUS awake: 15.14V, 48.6mA, 735.6mW
(Sep 25 2025 18:10:54,   19217 sec) MscErrorLog_()       No error records to log.
(Sep 25 2025 18:11:01,   19224 sec) ProfileInit()        DURA powered up.
(Sep 25 2025 18:11:04,   19227 sec) ProfileInit()        Muxer PPIs K{1,2} w/ DURA awake: 15.14V, 48.6mA, 736.0mW
(Sep 25 2025 18:11:10,   19233 sec) MscErrorLog_()       No error records to log.
(Sep 25 2025 18:11:25,   19248 sec) PistonMoveAbsWTO()    025->047 026 027 028 029 030 031 [30sec, 14.7Volts, 0.446Amps, CPT:1033sec]
(Sep 25 2025 18:12:06,   19289 sec) PistonMoveAbsWTO()    031->047 032 033 034 035 036 [30sec, 14.5Volts, 0.445Amps, CPT:1063sec]
(Sep 25 2025 18:12:47,   19330 sec) PistonMoveAbsWTO()    036->047 037 038 039 040 041 042 [30sec, 14.3Volts, 0.445Amps, CPT:1093sec]
(Sep 25 2025 18:13:28,   19371 sec) PistonMoveAbsWTO()    042->047 043 044 045 046 047 [28sec, 14.3Volts, 0.444Amps, CPT:1121sec]
(Sep 25 2025 18:20:12,   19775 sec) Profile()            Sample 0 initiated at 1201.2dbars for bin 8 [1200dbars].  PTS/O2,T2,TPhase,RPhase,RawTemp/NO3/pH/FSig,BbSig,TSig/Ocr: 1199.7dbars 3.4450C 34.4825PSU / 54.6uM 3.439C 55.009 8.205 674.618 / 43.1uM / -0.884443V /   55  113  572 / nan nan nan nan
(Sep 25 2025 18:25:44,   20107 sec) AscentControlAgent() Bouyancy nudge to 57 (v=0.051dbar/sec).
(Sep 25 2025 18:25:44,   20107 sec) PistonMoveAbsWTO()    047->057 048 049 050 051 052 [30sec, 14.6Volts, 0.435Amps, CPT:1151sec]
(Sep 25 2025 18:26:25,   20148 sec) PistonMoveAbsWTO()    052->057 053 054 055 056 057 [24sec, 14.4Volts, 0.430Amps, CPT:1175sec]
(Sep 25 2025 18:38:59,   20902 sec) Profile()            Sample 1 initiated at 1101.5dbars for bin 9 [1100dbars].  PTS/O2,T2,TPhase,RPhase,RawTemp/NO3/pH/FSig,BbSig,TSig/Ocr: 1099.7dbars 3.6350C 34.4544PSU / 48.4uM 3.628C 55.676 8.215 668.843 / 43.2uM / -0.884256V /   55  113  572 / nan nan nan nan
(Sep 25 2025 18:46:11,   21334 sec) AscentControlAgent() Bouyancy nudge to 67 (v=0.078dbar/sec).
(Sep 25 2025 18:46:11,   21334 sec) PistonMoveAbsWTO()    057->067 058 059 060 061 062 [30sec, 14.7Volts, 0.408Amps, CPT:1205sec]
(Sep 25 2025 18:46:52,   21375 sec) PistonMoveAbsWTO()    062->067 063 064 065 066 067 [24sec, 14.5Volts, 0.403Amps, CPT:1229sec]
(Sep 25 2025 18:57:58,   22041 sec) Profile()            Sample 2 initiated at 1001.5dbars for bin 10 [1000dbars].  PTS/O2,T2,TPhase,RPhase,RawTemp/NO3/pH/FSig,BbSig,TSig/Ocr: 999.7dbars 3.8600C 34.3947PSU / 37.4uM 3.853C 56.969 8.221 661.983 / 43.7uM / -0.884960V /   54  114  572 / nan nan nan nan
(Sep 25 2025 19:01:41,   22264 sec) Sbe41cpStartCP()     Continuous profile started.
(Sep 25 2025 19:06:51,   22574 sec) AscentControlAgent() Bouyancy nudge to 77 (v=0.079dbar/sec).
(Sep 25 2025 19:06:52,   22575 sec) PistonMoveAbsWTO()    067->077 068 069 070 071 072 [30sec, 14.6Volts, 0.385Amps, CPT:1259sec]
(Sep 25 2025 19:08:09,   22652 sec) Profile()            Sample 3 initiated at 950.0dbars for bin 11 [950dbars].  PTS/O2,T2,TPhase,RPhase,RawTemp/NO3/pH/FSig,BbSig,TSig/Ocr: 949.9dbars 3.9067C 34.3496PSU / 25.7uM 3.901C 58.501 8.223 660.533 / 44.3uM / -0.887406V /   56  114  572 / nan nan nan nan
(Sep 25 2025 19:08:10,   22653 sec) PistonMoveAbsWTO()    072->077 073 074 075 076 077 [24sec, 14.4Volts, 0.385Amps, CPT:1283sec]
(Sep 25 2025 19:15:57,   23120 sec) Profile()            Sample 4 initiated at 901.0dbars for bin 12 [900dbars].  PTS/O2,T2,TPhase,RPhase,RawTemp/NO3/pH/FSig,BbSig,TSig/Ocr: 900.9dbars 4.1197C 34.3153PSU / 29.8uM 4.114C 57.902 8.226 654.010 / 43.8uM / -0.886629V /   55  115  571 / nan nan nan nan
(Sep 25 2025 19:24:15,   23618 sec) Profile()            Sample 5 initiated at 851.5dbars for bin 13 [850dbars].  PTS/O2,T2,TPhase,RPhase,RawTemp/NO3/pH/FSig,BbSig,TSig/Ocr: 851.4dbars 4.2737C 34.2796PSU / 29.8uM 4.266C 57.860 8.227 649.337 / 43.7uM / -0.886415V /   55  114  571 / nan nan nan nan
(Sep 25 2025 19:32:19,   24102 sec) AscentControlAgent() Bouyancy nudge to 87 (v=0.072dbar/sec).
(Sep 25 2025 19:32:19,   24102 sec) PistonMoveAbsWTO()    077->087 078 079 080 081 082 [30sec, 14.6Volts, 0.349Amps, CPT:1313sec]
(Sep 25 2025 19:33:00,   24143 sec) PistonMoveAbsWTO()    082->087 083 084 085 086 087 [23sec, 14.5Volts, 0.345Amps, CPT:1336sec]
(Sep 25 2025 19:34:54,   24257 sec) Profile()            Sample 6 initiated at 801.2dbars for bin 14 [800dbars].  PTS/O2,T2,TPhase,RPhase,RawTemp/NO3/pH/FSig,BbSig,TSig/Ocr: 801.1dbars 4.4558C 34.2333PSU / 32.6uM 4.449C 57.437 8.231 643.733 / 43.3uM / -0.885765V /   54  116  571 / nan nan nan nan
(Sep 25 2025 19:44:07,   24810 sec) Profile()            Sample 7 initiated at 751.6dbars for bin 15 [750dbars].  PTS/O2,T2,TPhase,RPhase,RawTemp/NO3/pH/FSig,BbSig,TSig/Ocr: 751.5dbars 4.7229C 34.1736PSU / 40.8uM 4.714C 56.305 8.235 635.564 / 42.3uM / -0.884683V /   55  117  571 / nan nan nan nan
(Sep 25 2025 19:47:36,   25019 sec) AscentControlAgent() Bouyancy nudge to 97 (v=0.079dbar/sec).
(Sep 25 2025 19:47:36,   25019 sec) PistonMoveAbsWTO()    087->097 088 089 090 091 092 [30sec, 14.6Volts, 0.334Amps, CPT:1366sec]
(Sep 25 2025 19:48:17,   25060 sec) PistonMoveAbsWTO()    092->097 093 094 095 096 097 [23sec, 14.5Volts, 0.322Amps, CPT:1389sec]
(Sep 25 2025 19:53:29,   25372 sec) Profile()            Sample 8 initiated at 701.0dbars for bin 16 [700dbars].  PTS/O2,T2,TPhase,RPhase,RawTemp/NO3/pH/FSig,BbSig,TSig/Ocr: 700.9dbars 5.0997C 34.1186PSU / 57.5uM 5.096C 54.127 8.241 623.796 / 40.5uM / -0.882411V /   56  116  570 / nan nan nan nan
(Sep 25 2025 20:02:09,   25892 sec) Profile()            Sample 9 initiated at 651.6dbars for bin 17 [650dbars].  PTS/O2,T2,TPhase,RPhase,RawTemp/NO3/pH/FSig,BbSig,TSig/Ocr: 651.5dbars 5.5555C 34.0620PSU / 80.8uM 5.545C 51.378 8.250 609.854 / 38.2uM / -0.879842V /   54  116  570 / nan nan nan nan
(Sep 25 2025 20:11:55,   26478 sec) Profile()            Sample 10 initiated at 601.5dbars for bin 18 [600dbars].  PTS/O2,T2,TPhase,RPhase,RawTemp/NO3/pH/FSig,BbSig,TSig/Ocr: 601.4dbars 6.0461C 34.0149PSU / 108.8uM 6.033C 48.438 8.260 594.673 / 35.3uM / -0.876179V /   53  117  569 / nan nan nan nan
(Sep 25 2025 20:12:50,   26533 sec) AscentControlAgent() Bouyancy nudge to 107 (v=0.078dbar/sec).
(Sep 25 2025 20:12:50,   26533 sec) PistonMoveAbsWTO()    097->107 098 099 100 101 102 [30sec, 14.6Volts, 0.306Amps, CPT:1419sec]
(Sep 25 2025 20:13:31,   26574 sec) PistonMoveAbsWTO()    102->107 103 104 105 106 107 [23sec, 14.5Volts, 0.293Amps, CPT:1442sec]
(Sep 25 2025 20:21:50,   27073 sec) Profile()            Sample 11 initiated at 551.6dbars for bin 19 [550dbars].  PTS/O2,T2,TPhase,RPhase,RawTemp/NO3/pH/FSig,BbSig,TSig/Ocr: 551.5dbars 6.8923C 34.0083PSU / 144.4uM 6.883C 45.041 8.278 568.049 / 31.1uM / -0.871385V /   53  118  568 / nan nan nan nan
(Sep 25 2025 20:27:57,   27440 sec) AscentControlAgent() Bouyancy nudge to 117 (v=0.078dbar/sec).
(Sep 25 2025 20:27:57,   27440 sec) PistonMoveAbsWTO()    107->117 108 109 110 111 112 [30sec, 14.7Volts, 0.287Amps, CPT:1472sec]
(Sep 25 2025 20:28:38,   27481 sec) PistonMoveAbsWTO()    112->117 113 114 115 116 117 [23sec, 14.6Volts, 0.278Amps, CPT:1495sec]
(Sep 25 2025 20:31:39,   27662 sec) Profile()            Sample 12 initiated at 501.2dbars for bin 20 [500dbars].  PTS/O2,T2,TPhase,RPhase,RawTemp/NO3/pH/FSig,BbSig,TSig/Ocr: 501.1dbars 8.0306C 34.0116PSU / 189.0uM 8.024C 41.330 8.305 532.021 / 25.7uM / -0.865631V /   52  119  566 / nan nan nan nan
(Sep 25 2025 20:40:14,   28177 sec) Profile()            Sample 13 initiated at 451.2dbars for bin 21 [450dbars].  PTS/O2,T2,TPhase,RPhase,RawTemp/NO3/pH/FSig,BbSig,TSig/Ocr: 451.1dbars 9.1231C 34.0523PSU / 221.1uM 9.116C 38.851 8.324 497.206 / 21.0uM / -0.860858V /   51  120  565 / 0x8006a3c0 0x800026db 0x80089424 0x80000112
(Sep 25 2025 20:48:20,   28663 sec) AscentControlAgent() Bouyancy nudge to 127 (v=0.080dbar/sec).
(Sep 25 2025 20:48:20,   28663 sec) PistonMoveAbsWTO()    117->127 118 119 120 121 122 [30sec, 14.7Volts, 0.258Amps, CPT:1525sec]
(Sep 25 2025 20:49:01,   28704 sec) PistonMoveAbsWTO()    122->127 123 124 125 126 127 [22sec, 14.6Volts, 0.254Amps, CPT:1547sec]
(Sep 25 2025 20:50:15,   28778 sec) Profile()            Sample 14 initiated at 401.9dbars for bin 22 [400dbars].  PTS/O2,T2,TPhase,RPhase,RawTemp/NO3/pH/FSig,BbSig,TSig/Ocr: 401.8dbars 10.0983C 34.1039PSU / 238.8uM 10.103C 37.392 8.343 465.527 / 17.5uM / -0.857564V /   51  118  563 / 0x8006b15b 0x80002b5b 0x800885d2 0x7ffffbc0
(Sep 25 2025 20:53:18,   28961 sec) Profile()            Sample 15 initiated at 381.8dbars for bin 23 [380dbars].  PTS/O2,T2,TPhase,RPhase,RawTemp/NO3/pH/FSig,BbSig,TSig/Ocr: 381.7dbars 10.4953C 34.1303PSU / 243.6uM 10.490C 36.947 8.348 453.058 / 16.5uM / -0.856507V /   50  117  563 / 0x8006916d 0x8000249b 0x800882c9 0x7fffe62d
(Sep 25 2025 20:56:22,   29145 sec) Profile()            Sample 16 initiated at 361.7dbars for bin 24 [360dbars].  PTS/O2,T2,TPhase,RPhase,RawTemp/NO3/pH/FSig,BbSig,TSig/Ocr: 361.6dbars 10.9110C 34.1582PSU / 244.7uM 10.910C 36.679 8.356 439.496 / 15.6uM / -0.855550V /   50  118  562 / 0x8006b149 0x80001089 0x800881b6 0x7ffff15b
(Sep 25 2025 20:57:57,   29240 sec) Profile()            Sample 17 initiated at 351.5dbars for bin 25 [350dbars].  PTS/O2,T2,TPhase,RPhase,RawTemp/NO3/pH/FSig,BbSig,TSig/Ocr: 351.4dbars 11.1544C 34.1703PSU / 247.2uM 11.160C 36.427 8.366 431.374 / 15.0uM / -0.855066V /   50  117  562 / 0x80069e12 0x800005a4 0x80089ac9 0x7fffe4ed
(Sep 25 2025 20:59:33,   29336 sec) Profile()            Sample 18 initiated at 341.7dbars for bin 26 [340dbars].  PTS/O2,T2,TPhase,RPhase,RawTemp/NO3/pH/FSig,BbSig,TSig/Ocr: 341.6dbars 11.4178C 34.1855PSU / 248.3uM 11.415C 36.243 8.373 423.105 / 14.3uM / -0.854613V /   50  119  561 / 0x8006b512 0x80001212 0x80088ead 0x7fffe7c9
(Sep 25 2025 21:01:19,   29442 sec) Profile()            Sample 19 initiated at 331.3dbars for bin 27 [330dbars].  PTS/O2,T2,TPhase,RPhase,RawTemp/NO3/pH/FSig,BbSig,TSig/Ocr: 331.2dbars 11.6072C 34.1976PSU / 248.8uM 11.603C 36.119 8.382 417.003 / 14.0uM / -0.854313V /   50  119  561 / 0x80068f6d 0x8000019b 0x800882ad 0x7fffe324
(Sep 25 2025 21:03:05,   29548 sec) Profile()            Sample 20 initiated at 321.7dbars for bin 28 [320dbars].  PTS/O2,T2,TPhase,RPhase,RawTemp/NO3/pH/FSig,BbSig,TSig/Ocr: 321.6dbars 11.7115C 34.2046PSU / 249.4uM 11.714C 36.038 8.384 413.415 / 13.8uM / -0.853899V /   50  120  560 / 0x8006a536 0x7fffffc0 0x80087e49 0x7fffe664
(Sep 25 2025 21:05:14,   29677 sec) Profile()            Sample 21 initiated at 311.4dbars for bin 29 [310dbars].  PTS/O2,T2,TPhase,RPhase,RawTemp/NO3/pH/FSig,BbSig,TSig/Ocr: 311.3dbars 12.1376C 34.2370PSU / 249.1uM 12.137C 35.836 8.392 399.638 / 13.0uM / -0.853211V /   50  116  560 / 0x80069e76 0x80000524 0x8008a3b6 0x7fffdc24
(Sep 25 2025 21:07:33,   29816 sec) Profile()            Sample 22 initiated at 301.7dbars for bin 30 [300dbars].  PTS/O2,T2,TPhase,RPhase,RawTemp/NO3/pH/FSig,BbSig,TSig/Ocr: 301.6dbars 12.6102C 34.2698PSU / 249.2uM 12.605C 35.600 8.398 384.394 / 12.1uM / -0.852558V /   51  117  560 / 0x800690f6 0x7fffffed 0x80088f00 0x7fffdef6
(Sep 25 2025 21:08:40,   29883 sec) AscentControlAgent() Bouyancy nudge to 137 (v=0.069dbar/sec).
(Sep 25 2025 21:08:40,   29883 sec) PistonMoveAbsWTO()    127->137 128 129 130 131 132 [30sec, 14.7Volts, 0.229Amps, CPT:1577sec]
(Sep 25 2025 21:10:01,   29964 sec) Profile()            Sample 23 initiated at 291.9dbars for bin 31 [290dbars].  PTS/O2,T2,TPhase,RPhase,RawTemp/NO3/pH/FSig,BbSig,TSig/Ocr: 291.8dbars 12.9416C 34.2929PSU / 248.3uM 12.941C 35.476 8.404 373.415 / 11.4uM / -0.851936V /   50  117  559 / 0x80068f9b 0x7ffff19b 0x8008b15b 0x7fffe876
(Sep 25 2025 21:10:01,   29964 sec) PistonMoveAbsWTO()    132->137 133 134 135 136 137 [22sec, 14.6Volts, 0.221Amps, CPT:1599sec]
(Sep 25 2025 21:11:59,   30082 sec) Profile()            Sample 24 initiated at 281.3dbars for bin 32 [280dbars].  PTS/O2,T2,TPhase,RPhase,RawTemp/NO3/pH/FSig,BbSig,TSig/Ocr: 281.2dbars 13.5059C 34.3415PSU / 247.1uM 13.510C 35.251 8.409 354.803 / 10.4uM / -0.851180V /   50  119  558 / 0x80068f52 0x80000b1b 0x8008d140 0x7fffd8b6
(Sep 25 2025 21:13:34,   30177 sec) Profile()            Sample 25 initiated at 271.8dbars for bin 33 [270dbars].  PTS/O2,T2,TPhase,RPhase,RawTemp/NO3/pH/FSig,BbSig,TSig/Ocr: 271.7dbars 13.8717C 34.3602PSU / 250.4uM 13.877C 34.911 8.417 342.766 / 9.3uM / -0.850363V /   50  116  558 / 0x80067e5b 0x8000052d 0x8008c849 0x7fffccc9
(Sep 25 2025 21:15:10,   30273 sec) Profile()            Sample 26 initiated at 261.9dbars for bin 34 [260dbars].  PTS/O2,T2,TPhase,RPhase,RawTemp/NO3/pH/FSig,BbSig,TSig/Ocr: 261.8dbars 14.0895C 34.3773PSU / 252.2uM 14.093C 34.720 8.422 335.682 / 9.3uM / -0.850056V /   50  121  558 / 0x800683c0 0x80001b40 0x8008ffb6 0x7fffd45b
(Sep 25 2025 21:16:56,   30379 sec) Profile()            Sample 27 initiated at 250.9dbars for bin 35 [250dbars].  PTS/O2,T2,TPhase,RPhase,RawTemp/NO3/pH/FSig,BbSig,TSig/Ocr: 250.9dbars 14.5775C 34.4222PSU / 247.4uM 14.569C 34.722 8.427 320.066 / 7.9uM / -0.849018V /   50  118  557 / 0x80067752 0x80001cd2 0x80093c24 0x7fffbec0
(Sep 25 2025 21:18:31,   30474 sec) Profile()            Sample 28 initiated at 241.6dbars for bin 36 [240dbars].  PTS/O2,T2,TPhase,RPhase,RawTemp/NO3/pH/FSig,BbSig,TSig/Ocr: 241.5dbars 14.8088C 34.4349PSU / 255.6uM 14.800C 34.219 8.432 312.442 / 7.2uM / -0.848272V /   53  119  557 / 0x800681c0 0x80004b5b 0x8009cdd2 0x7fffc840
(Sep 25 2025 21:20:18,   30581 sec) Profile()            Sample 29 initiated at 231.6dbars for bin 37 [230dbars].  PTS/O2,T2,TPhase,RPhase,RawTemp/NO3/pH/FSig,BbSig,TSig/Ocr: 231.5dbars 15.0778C 34.4536PSU / 259.0uM 15.085C 33.922 8.437 303.086 / 6.3uM / -0.847627V /   55  121  556 / 0x80068664 0x800090c9 0x800a8224 0x7fffc380
(Sep 25 2025 21:22:26,   30709 sec) Profile()            Sample 30 initiated at 221.4dbars for bin 38 [220dbars].  PTS/O2,T2,TPhase,RPhase,RawTemp/NO3/pH/FSig,BbSig,TSig/Ocr: 221.3dbars 15.7478C 34.5108PSU / 260.7uM 15.740C 33.536 8.443 281.504 / 5.5uM / -0.846656V /   59  122  555 / 0x80067692 0x8000c076 0x800b0a76 0x7fffb3b6
(Sep 25 2025 21:23:55,   30798 sec) AscentControlAgent() Bouyancy nudge to 147 (v=0.078dbar/sec).
(Sep 25 2025 21:23:55,   30798 sec) PistonMoveAbsWTO()    137->147 138 139 140 141 142 [30sec, 14.8Volts, 0.204Amps, CPT:1629sec]
(Sep 25 2025 21:25:16,   30879 sec) Profile()            Sample 31 initiated at 209.1dbars for bin 39 [210dbars].  PTS/O2,T2,TPhase,RPhase,RawTemp/NO3/pH/FSig,BbSig,TSig/Ocr: 209.0dbars 16.0929C 34.5392PSU / 261.9uM 16.099C 33.312 8.449 269.683 / 4.8uM / -0.845992V /   58  125  554 / 0x80067980 0x80017409 0x800ca924 0x7fffb4c0
(Sep 25 2025 21:25:16,   30879 sec) PistonMoveAbsWTO()    143->147 144 145 146 147 [22sec, 14.7Volts, 0.205Amps, CPT:1651sec]
(Sep 25 2025 21:26:40,   30963 sec) Profile()            Sample 32 initiated at 201.8dbars for bin 40 [200dbars].  PTS/O2,T2,TPhase,RPhase,RawTemp/NO3/pH/FSig,BbSig,TSig/Ocr: 201.6dbars 16.4897C 34.5890PSU / 259.2uM 16.485C 33.256 8.454 256.958 / 4.5uM / -0.845666V /   59  123  554 / 0x80068ff6 0x8002119b 0x800dfa40 0x7fffb2db
(Sep 25 2025 21:28:26,   31069 sec) Profile()            Sample 33 initiated at 191.5dbars for bin 41 [190dbars].  PTS/O2,T2,TPhase,RPhase,RawTemp/NO3/pH/FSig,BbSig,TSig/Ocr: 191.4dbars 17.0010C 34.6554PSU / 254.5uM 16.992C 33.241 8.470 240.253 / 4.0uM / -0.845301V /   60  128  553 / 0x80066a5b 0x800370b6 0x8010c31b 0x7fffbe9b
(Sep 25 2025 21:30:13,   31176 sec) Profile()            Sample 34 initiated at 181.4dbars for bin 42 [180dbars].  PTS/O2,T2,TPhase,RPhase,RawTemp/NO3/pH/FSig,BbSig,TSig/Ocr: 181.3dbars 17.5465C 34.7356PSU / 246.8uM 17.532C 33.357 8.478 222.432 / 5.1uM / -0.845492V /   60  124  553 / 0x800670d2 0x8004b5ed 0x80132d12 0x7fffb509
(Sep 25 2025 21:31:59,   31282 sec) Profile()            Sample 35 initiated at 171.4dbars for bin 43 [170dbars].  PTS/O2,T2,TPhase,RPhase,RawTemp/NO3/pH/FSig,BbSig,TSig/Ocr: 171.3dbars 17.8510C 34.7823PSU / 240.1uM 17.849C 33.537 8.487 211.985 / 4.6uM / -0.845342V /   62  127  552 / 0x800691ed 0x8006baa4 0x8016495b 0x7fffac24
(Sep 25 2025 21:33:45,   31388 sec) Profile()            Sample 36 initiated at 161.4dbars for bin 44 [160dbars].  PTS/O2,T2,TPhase,RPhase,RawTemp/NO3/pH/FSig,BbSig,TSig/Ocr: 161.3dbars 18.0123C 34.8040PSU / 238.7uM 18.013C 33.533 8.492 206.565 / 4.7uM / -0.844994V /   63  134  551 / 0x8006b95b 0x800ac636 0x801d86d2 0x7fffbdd2
(Sep 25 2025 21:35:32,   31495 sec) Profile()            Sample 37 initiated at 151.6dbars for bin 45 [150dbars].  PTS/O2,T2,TPhase,RPhase,RawTemp/NO3/pH/FSig,BbSig,TSig/Ocr: 151.5dbars 18.2880C 34.8371PSU / 241.7uM 18.282C 33.258 8.493 197.692 / 4.1uM / -0.844159V /   65  127  551 / 0x8006e092 0x800fc489 0x802569f6 0x7fffb8f6
(Sep 25 2025 21:37:29,   31612 sec) Profile()            Sample 38 initiated at 141.8dbars for bin 46 [140dbars].  PTS/O2,T2,TPhase,RPhase,RawTemp/NO3/pH/FSig,BbSig,TSig/Ocr: 141.7dbars 18.9716C 34.9170PSU / 243.2uM 18.949C 32.890 8.489 175.719 / 3.7uM / -0.843330V /   80  135  550 / 0x80077d49 0x80182840 0x8031bc52 0x7fffeb1b
(Sep 25 2025 21:39:48,   31751 sec) Profile()            Sample 39 initiated at 131.8dbars for bin 47 [130dbars].  PTS/O2,T2,TPhase,RPhase,RawTemp/NO3/pH/FSig,BbSig,TSig/Ocr: 131.8dbars 19.4105C 34.9744PSU / 242.2uM 19.418C 32.727 8.499 160.277 / 3.3uM / -0.842465V /   88  141  550 / 0x8008bfc9 0x8025865b 0x804319e4 0x80001524
(Sep 25 2025 21:42:19,   31902 sec) Profile()            Sample 40 initiated at 121.8dbars for bin 48 [120dbars].  PTS/O2,T2,TPhase,RPhase,RawTemp/NO3/pH/FSig,BbSig,TSig/Ocr: 121.7dbars 19.7838C 35.0214PSU / 242.9uM 19.784C 32.532 8.506 148.232 / 2.8uM / -0.841915V /   99  146  549 / 0x800c9a24 0x8049181b 0x80709e89 0x8000bb9b
(Sep 25 2025 21:44:38,   32041 sec) Profile()            Sample 41 initiated at 111.5dbars for bin 49 [110dbars].  PTS/O2,T2,TPhase,RPhase,RawTemp/NO3/pH/FSig,BbSig,TSig/Ocr: 111.5dbars 20.3390C 35.0722PSU / 252.6uM 20.325C 31.841 8.511 130.434 / 1.8uM / -0.840267V /  120  141  548 / 0x801491b6 0x8080cd40 0x80af94b6 0x80021500
(Sep 25 2025 21:47:19,   32202 sec) Profile()            Sample 42 initiated at 101.8dbars for bin 50 [100dbars].  PTS/O2,T2,TPhase,RPhase,RawTemp/NO3/pH/FSig,BbSig,TSig/Ocr: 101.7dbars 20.7833C 35.1126PSU / 258.9uM 20.768C 31.372 8.518 115.869 / 1.9uM / -0.839247V /  121  142  547 / 0x80250bc9 0x80db5ab6 0x810554db 0x800462db
(Sep 25 2025 21:49:16,   32319 sec) Profile()            Sample 43 initiated at 96.7dbars for bin 51 [95dbars].  PTS/O2,T2,TPhase,RPhase,RawTemp/NO3/pH/FSig,BbSig,TSig/Ocr: 96.6dbars 20.9777C 35.1356PSU / 259.7uM 20.977C 31.248 8.518 109.029 / 2.0uM / -0.838978V /  124  144  547 / 0x803a25a4 0x81437980 0x81635f1b 0x8006cfed
(Sep 25 2025 21:51:14,   32437 sec) Profile()            Sample 44 initiated at 91.9dbars for bin 52 [90dbars].  PTS/O2,T2,TPhase,RPhase,RawTemp/NO3/pH/FSig,BbSig,TSig/Ocr: 91.8dbars 21.1894C 35.1517PSU / 262.3uM 21.186C 31.047 8.518 102.174 / 1.8uM / -0.838483V /   91  139  546 / 0x8039ac52 0x80f7bd2d 0x80f4749b 0x8004eb36
(Sep 25 2025 21:53:22,   32565 sec) Profile()            Sample 45 initiated at 86.9dbars for bin 53 [85dbars].  PTS/O2,T2,TPhase,RPhase,RawTemp/NO3/pH/FSig,BbSig,TSig/Ocr: 86.8dbars 21.4886C 35.1605PSU / 266.2uM 21.480C 30.755 8.519 92.543 / 2.0uM / -0.837843V /   77  141  546 / 0x8082691b 0x823cc549 0x822b2436 0x800ff21b
(Sep 25 2025 21:54:51,   32654 sec) AscentControlAgent() Bouyancy nudge to 152 (v=0.035dbar/sec).
(Sep 25 2025 21:54:52,   32655 sec) PistonMoveAbsWTO()    147->152 148 149 150 151 152 [25sec, 14.9Volts, 0.173Amps, CPT:1676sec]
(Sep 25 2025 21:56:18,   32741 sec) Profile()            Sample 46 initiated at 81.5dbars for bin 54 [80dbars].  PTS/O2,T2,TPhase,RPhase,RawTemp/NO3/pH/FSig,BbSig,TSig/Ocr: 81.5dbars 21.9574C 35.1764PSU / 271.9uM 21.949C 30.325 8.524 77.206 / 2.3uM / -0.837079V /   73  149  545 / 0x8091c236 0x822664d2 0x81fcda09 0x8010c9c0
(Sep 25 2025 21:58:04,   32847 sec) Profile()            Sample 47 initiated at 76.5dbars for bin 55 [75dbars].  PTS/O2,T2,TPhase,RPhase,RawTemp/NO3/pH/FSig,BbSig,TSig/Ocr: 76.5dbars 22.5116C 35.2031PSU / 273.7uM 22.463C 30.047 8.536 60.403 / 2.2uM / -0.836578V /   69  146  545 / 0x81131112 0x83ceb6db 0x8377ec40 0x80252b24
(Sep 25 2025 22:00:23,   32986 sec) Profile()            Sample 48 initiated at 71.7dbars for bin 56 [70dbars].  PTS/O2,T2,TPhase,RPhase,RawTemp/NO3/pH/FSig,BbSig,TSig/Ocr: 71.6dbars 22.9234C 35.2295PSU / 275.3uM 22.921C 29.797 8.543 45.485 / 2.6uM / -0.836034V /   67  146  544 / 0x817bfeed 0x84ae8236 0x8427dbc0 0x8036ceed
(Sep 25 2025 22:00:24,   32987 sec) AscentControlAgent() Bouyancy nudge to 157 (v=0.038dbar/sec).
(Sep 25 2025 22:00:25,   32988 sec) PistonMoveAbsWTO()    152->157 153 154 155 156 157 [24sec, 14.8Volts, 0.165Amps, CPT:1700sec]
(Sep 25 2025 22:02:56,   33139 sec) Profile()            Sample 49 initiated at 66.9dbars for bin 57 [65dbars].  PTS/O2,T2,TPhase,RPhase,RawTemp/NO3/pH/FSig,BbSig,TSig/Ocr: 66.8dbars 23.4827C 35.2616PSU / 278.2uM 23.468C 29.469 8.560 27.722 / 2.5uM / -0.835559V /   64  147  543 / 0x8207186d 0x85bcbae4 0x84ff76a4 0x804cbad2
(Sep 25 2025 22:05:31,   33294 sec) AscentControlAgent() Bouyancy nudge to 162 (v=0.024dbar/sec).
(Sep 25 2025 22:05:32,   33295 sec) PistonMoveAbsWTO()    157->162 158 159 160 161 162 [24sec, 15.0Volts, 0.176Amps, CPT:1724sec]
(Sep 25 2025 22:07:31,   33414 sec) Profile()            Sample 50 initiated at 62.0dbars for bin 58 [60dbars].  PTS/O2,T2,TPhase,RPhase,RawTemp/NO3/pH/FSig,BbSig,TSig/Ocr: 62.0dbars 24.4303C 35.2955PSU / 280.4uM 24.431C 29.012 8.562 -3.466 / 2.5uM / -0.834658V /   62  153  542 / 0x823650ad 0x853f1b40 0x845d6936 0x804d7b49
(Sep 25 2025 22:07:32,   33415 sec) PistonMoveAbsWTO()    161->162 162 [1sec, 14.9Volts, 0.197Amps, CPT:1725sec]
(Sep 25 2025 22:10:02,   33565 sec) Profile()            Sample 51 initiated at 57.0dbars for bin 59 [55dbars].  PTS/O2,T2,TPhase,RPhase,RawTemp/NO3/pH/FSig,BbSig,TSig/Ocr: 57.0dbars 25.8456C 35.3639PSU / 271.4uM 25.613C 28.918 8.571 -41.477 / 2.9uM / -0.833834V /   64  150  541 / 0x8364961b 0x8799102d 0x864cb9c9 0x808a1549
(Sep 25 2025 22:10:36,   33599 sec) AscentControlAgent() Bouyancy nudge to 167 (v=0.021dbar/sec).
(Sep 25 2025 22:10:37,   33600 sec) PistonMoveAbsWTO()    162->167 163 164 165 166 167 [24sec, 14.9Volts, 0.169Amps, CPT:1749sec]
(Sep 25 2025 22:15:37,   33900 sec) AscentControlAgent() Bouyancy nudge to 172 (v=0.006dbar/sec).
(Sep 25 2025 22:15:38,   33901 sec) PistonMoveAbsWTO()    167->172 168 169 170 171 172 [24sec, 15.0Volts, 0.169Amps, CPT:1773sec]
(Sep 25 2025 22:20:44,   34207 sec) Profile()            Sample 52 initiated at 51.9dbars for bin 60 [50dbars].  PTS/O2,T2,TPhase,RPhase,RawTemp/NO3/pH/FSig,BbSig,TSig/Ocr: 51.9dbars 27.0776C 35.4532PSU / 248.2uM 27.097C 29.330 8.593 -88.749 / 3.1uM / -0.831805V /   58  143  537 / 0x84b540db 0x8a099dad 0x8858a880 0x80e31fc0
(Sep 25 2025 22:20:45,   34208 sec) AscentControlAgent() Bouyancy nudge to 177 (v=0.012dbar/sec).
(Sep 25 2025 22:20:46,   34209 sec) PistonMoveAbsWTO()    172->177 173 174 175 176 177 [24sec, 15.0Volts, 0.169Amps, CPT:1797sec]
(Sep 25 2025 22:23:17,   34360 sec) Profile()            Sample 53 initiated at 46.8dbars for bin 61 [45dbars].  PTS/O2,T2,TPhase,RPhase,RawTemp/NO3/pH/FSig,BbSig,TSig/Ocr: 46.8dbars 27.1848C 35.4605PSU / 246.2uM 27.188C 29.383 8.594 -91.627 / 3.0uM / -0.831573V /   57  142  536 / 0x85d4c8d2 0x8bec049b 0x89fae4c0 0x814d0e6d
(Sep 25 2025 22:24:52,   34455 sec) Profile()            Sample 54 initiated at 41.8dbars for bin 62 [40dbars].  PTS/O2,T2,TPhase,RPhase,RawTemp/NO3/pH/FSig,BbSig,TSig/Ocr: 41.8dbars 27.1771C 35.4610PSU / 246.0uM 27.195C 29.390 8.591 -91.842 / 3.1uM / -0.831479V /   56  137  536 / 0x864f19c9 0x8c216a76 0x8a2f7e24 0x81aa6d76
(Sep 25 2025 22:26:16,   34539 sec) Profile()            Sample 55 initiated at 36.9dbars for bin 63 [35dbars].  PTS/O2,T2,TPhase,RPhase,RawTemp/NO3/pH/FSig,BbSig,TSig/Ocr: 36.9dbars 27.1896C 35.4622PSU / 245.8uM 27.206C 29.395 8.592 -92.207 / 3.0uM / -0.831384V /   55  141  536 / 0x86fd46f6 0x8cd9d4ed 0x8ae09b24 0x82315d64
(Sep 25 2025 22:27:41,   34624 sec) Profile()            Sample 56 initiated at 31.9dbars for bin 64 [30dbars].  PTS/O2,T2,TPhase,RPhase,RawTemp/NO3/pH/FSig,BbSig,TSig/Ocr: 31.8dbars 27.1910C 35.4620PSU / 245.6uM 27.208C 29.404 8.590 -92.267 / 3.1uM / -0.831284V /   55  146  536 / 0x85d3afad 0x89c2fd09 0x882d5900 0x82112d76
(Sep 25 2025 22:29:05,   34708 sec) Profile()            Sample 57 initiated at 26.2dbars for bin 65 [25dbars].  PTS/O2,T2,TPhase,RPhase,RawTemp/NO3/pH/FSig,BbSig,TSig/Ocr: 26.1dbars 27.1943C 35.4623PSU / 245.6uM 27.216C 29.398 8.588 -92.517 / 3.0uM / -0.830825V /   54  138  535 / 0x89e1e324 0x9078f752 0x8e39c4c0 0x84cac01b
(Sep 25 2025 22:30:07,   34770 sec) Profile()            Sample 58 initiated at 22.0dbars for bin 66 [20dbars].  PTS/O2,T2,TPhase,RPhase,RawTemp/NO3/pH/FSig,BbSig,TSig/Ocr: 21.9dbars 27.2001C 35.4620PSU / 245.3uM 27.219C 29.411 8.587 -92.627 / 3.1uM / -0.830771V /   54  138  535 / 0x8b5e3e40 0x923590ad 0x8fcd35db 0x86424000
(Sep 25 2025 22:31:31,   34854 sec) Profile()            Sample 59 initiated at 16.9dbars for bin 67 [15dbars].  PTS/O2,T2,TPhase,RPhase,RawTemp/NO3/pH/FSig,BbSig,TSig/Ocr: 16.9dbars 27.1990C 35.4620PSU / 245.7uM 27.222C 29.394 8.586 -92.720 / 3.1uM / -0.830474V /   54  139  535 / 0x8a60af64 0x8f7bbc89 0x8d739fd2 0x86f1c252
(Sep 25 2025 22:33:07,   34950 sec) Profile()            Sample 60 initiated at 11.9dbars for bin 68 [10dbars].  PTS/O2,T2,TPhase,RPhase,RawTemp/NO3/pH/FSig,BbSig,TSig/Ocr: 11.9dbars 27.2000C 35.4625PSU / 245.8uM 27.222C 29.387 8.586 -92.714 / 3.0uM / -0.830531V /   53  150  535 / 0x8debabc9 0x94a9bb6d 0x9256e680 0x8b2103d2
(Sep 25 2025 22:34:20,   35023 sec) Profile()            Sample 61 initiated at 7.9dbars for bin 69 [6dbars].  PTS/O2,T2,TPhase,RPhase,RawTemp/NO3/pH/FSig,BbSig,TSig/Ocr: 7.8dbars 27.2018C 35.4620PSU / 246.1uM 27.224C 29.376 8.584 -92.761 / 3.1uM / -0.830181V /   53  141  535 / 0x93d61e64 0x9d8a6776 0x9ac5395b 0x94087476
(Sep 25 2025 22:35:06,   35069 sec) SurfaceDetect()      SurfacePressure:-0.1dbars Pressure:4.0dbars PistonPosition:177
(Sep 25 2025 22:35:07,   35070 sec) Sbe41cpStopCP()      Continuous profile stopped.
(Sep 25 2025 22:35:10,   35073 sec) PistonMoveAbsWTO()    177->199 178 179 180 181 182 183 184 185 186 187 188 189 190 191 192 193 194 195 196 197 198 199 [108sec, 14.9Volts, 0.156Amps, CPT:1905sec]
(Sep 25 2025 22:37:03,   35186 sec) chat()               Expected string [S>] not received.
(Sep 25 2025 22:38:53,   35296 sec) Sbe41cpBinAverage()  Finished averaging 12818 samples in 105 seconds.
(Sep 25 2025 22:38:58,   35301 sec) Sbe41cpUploadCP_()   Sbe41cpSerNo[20478] NSample[12818] NBin[493]
(Sep 25 2025 22:39:29,   35332 sec) Sbe41cpUploadCP_()   Continuous profile uploaded [493 lines].
(Sep 25 2025 22:39:43,   35346 sec) MscErrorLog_()       No error records to log.
(Sep 25 2025 22:39:53,   35356 sec) MscErrorLog_()       No error records to log.

<EOT>
