(Jan 01 2026 15:55:32,  883766 sec) TelemetryInit()      Profile 28. (Apf11 FwRev: 061125)
(Jan 01 2026 15:55:32,  883766 sec) TelemetryInit()      Charge consumption model: OCV:15.2V Wake-Cycles:44146 Standby:99.9days Wake:31.2kC Sensors:3.1kC
(Jan 01 2026 16:00:47,  884081 sec) GetSurfaceObs()      P/O2,T2,TPhase,RPhase,RawTemp/FSig,BbSig,TSig: 0.4dbars / 250.6uM 23.072C 30.787 8.454 40.592 / 63,132,541
(Jan 01 2026 16:00:47,  884081 sec) GetSurfaceObs()      P/Ocr: 0.4dbars / 0x8005e59b 0x7fff09f6 0x8007ae36 0x7fff021b
(Jan 01 2026 16:01:20,  884114 sec) GetSurfaceObs()      P/O2,T2,TPhase,RPhase,RawTemp/FSig,BbSig,TSig: 0.1dbars / 255.4uM 22.951C 30.622 8.450 44.525 / 63,138,541
(Jan 01 2026 16:01:20,  884114 sec) GetSurfaceObs()      P/Ocr: 0.1dbars / 0x8005eaf6 0x7fff1449 0x80079d00 0x7ffefd80
(Jan 01 2026 16:01:53,  884147 sec) GetSurfaceObs()      P/O2,T2,TPhase,RPhase,RawTemp/FSig,BbSig,TSig: 0.2dbars / 254.7uM 23.095C 30.593 8.449 39.821 / 63,133,541
(Jan 01 2026 16:01:53,  884147 sec) GetSurfaceObs()      P/Ocr: 0.2dbars / 0x8005d6db 0x7fff029b 0x8007ad00 0x7ffefd6d
(Jan 01 2026 16:02:27,  884181 sec) GetSurfaceObs()      P/O2,T2,TPhase,RPhase,RawTemp/FSig,BbSig,TSig: 0.3dbars / 254.6uM 23.077C 30.605 8.450 40.431 / 63,133,541
(Jan 01 2026 16:02:27,  884181 sec) GetSurfaceObs()      P/Ocr: 0.3dbars / 0x8005daa4 0x7fff0964 0x8007b624 0x7fff07a4
(Jan 01 2026 16:06:07,  884401 sec) AirSystem()          Battery [215cnt, 15.1V]  Current [20cnt, 76.8mA]  Pneumometer [157cnt, 18.5psi]  Run-Time [105s]
(Jan 01 2026 16:06:20,  884414 sec) GetSurfaceObs()      P/O2,T2,TPhase,RPhase,RawTemp/FSig,BbSig,TSig: 0.2dbars / 257.2uM 22.163C 30.862 8.449 70.216 / 62,132,541
(Jan 01 2026 16:06:20,  884414 sec) GetSurfaceObs()      P/Ocr: 0.2dbars / 0x8005d6c0 0x7fff0b6d 0x8007bcc0 0x7fff0300
(Jan 01 2026 16:06:53,  884447 sec) GetSurfaceObs()      P/O2,T2,TPhase,RPhase,RawTemp/FSig,BbSig,TSig: -0.0dbars / 276.6uM 20.116C 30.895 8.443 137.290 / 63,132,541
(Jan 01 2026 16:06:53,  884447 sec) GetSurfaceObs()      P/Ocr: -0.0dbars / 0x8005cc89 0x7fff0d92 0x8007a809 0x7ffef7d2
(Jan 01 2026 16:07:27,  884481 sec) GetSurfaceObs()      P/O2,T2,TPhase,RPhase,RawTemp/FSig,BbSig,TSig: 0.0dbars / 270.4uM 20.550C 30.966 8.439 123.049 / 62,131,541
(Jan 01 2026 16:07:27,  884481 sec) GetSurfaceObs()      P/Ocr: 0.0dbars / 0x8005cb09 0x7ffef89b 0x8007b980 0x7fff0ac9
(Jan 01 2026 16:08:00,  884514 sec) GetSurfaceObs()      P/O2,T2,TPhase,RPhase,RawTemp/FSig,BbSig,TSig: -0.1dbars / 268.5uM 20.749C 30.963 8.435 116.499 / 61,132,541
(Jan 01 2026 16:08:00,  884514 sec) GetSurfaceObs()      P/Ocr: -0.1dbars / 0x8005cb52 0x7fff19d2 0x8007aa12 0x7fff0d92
(Jan 01 2026 16:08:33,  884547 sec) GetSurfaceObs()      P/O2,T2,TPhase,RPhase,RawTemp/FSig,BbSig,TSig: -0.1dbars / 262.5uM 21.709C 30.819 8.438 85.049 / 62,134,541
(Jan 01 2026 16:08:33,  884547 sec) GetSurfaceObs()      P/Ocr: -0.1dbars / 0x8005e62d 0x7fff1a92 0x8007b2c9 0x7fff0952
(Jan 01 2026 16:09:06,  884580 sec) GetSurfaceObs()      P/O2,T2,TPhase,RPhase,RawTemp/FSig,BbSig,TSig: -0.1dbars / 272.1uM 20.515C 30.909 8.436 124.179 / 62,132,541
(Jan 01 2026 16:09:06,  884580 sec) GetSurfaceObs()      P/Ocr: -0.1dbars / 0x8005e1c0 0x7fff2712 0x8007b200 0x7fff04db
(Jan 01 2026 16:09:39,  884613 sec) GetSurfaceObs()      P/O2,T2,TPhase,RPhase,RawTemp/FSig,BbSig,TSig: 0.1dbars / 270.2uM 20.787C 30.876 8.439 115.251 / 62,133,541
(Jan 01 2026 16:09:39,  884613 sec) GetSurfaceObs()      P/Ocr: 0.1dbars / 0x8005e049 0x7fff0c40 0x8007ac36 0x7fff14db
(Jan 01 2026 16:10:13,  884647 sec) GetSurfaceObs()      P/O2,T2,TPhase,RPhase,RawTemp/FSig,BbSig,TSig: 0.0dbars / 260.7uM 21.691C 30.905 8.435 85.647 / 62,135,541
(Jan 01 2026 16:10:13,  884647 sec) GetSurfaceObs()      P/Ocr: 0.0dbars / 0x8005d424 0x7fff2024 0x8007a7b6 0x7fff08ed
(Jan 01 2026 16:10:30,  884664 sec) AirSystem()          Battery [216cnt, 15.2V]  Current [18cnt, 70.7mA]  Pneumometer [159cnt, 18.7psi]  Run-Time [9s]
(Jan 01 2026 16:11:25,  884719 sec) GetSurfaceObs()      P/O2,T2,TPhase,RPhase,RawTemp/FSig,BbSig,TSig: -0.0dbars / 260.9uM 22.080C 30.737 8.437 72.913 / 62,135,541
(Jan 01 2026 16:11:25,  884719 sec) GetSurfaceObs()      P/Ocr: -0.0dbars / 0x8005c36d 0x7fff052d 0x8007c4d2 0x7fff14d2
(Jan 01 2026 16:11:28,  884722 sec) GpsServices()        GPS almanac is current.
(Jan 01 2026 16:11:28,  884722 sec) GpsServices()        Initiating GPS fix acquisition.
(Jan 01 2026 16:11:34,  884728 sec) gga()                $GPGGA,161140,2728.5016,N,15837.5249,W,0,00,,,M,,M,,*43
(Jan 01 2026 16:11:45,  884739 sec) gga()                $GPGGA,161200,2728.5016,N,15837.5249,W,0,00,,,M,,M,,*44
(Jan 01 2026 16:11:55,  884749 sec) gga()                $GPGGA,161210,2728.5016,N,15837.5249,W,0,00,,,M,,M,,*45
(Jan 01 2026 16:12:05,  884759 sec) gga()                $GPGGA,161220,2728.5016,N,15837.5249,W,0,00,,,M,,M,,*46
(Jan 01 2026 16:12:15,  884769 sec) gga()                $GPGGA,161230,2728.5016,N,15837.5249,W,0,00,,,M,,M,,*47
(Jan 01 2026 16:12:25,  884779 sec) gga()                $GPGGA,161240,2728.5016,N,15837.5249,W,0,00,,,M,,M,,*40
(Jan 01 2026 16:12:35,  884789 sec) gga()                $GPGGA,161250,2728.5016,N,15837.5249,W,0,00,,,M,,M,,*41
(Jan 01 2026 16:12:46,  884800 sec) gga()                $GPGGA,161300,2724.1498,N,15838.9552,W,1,08,1.2,3.9,M,-4.7,M,,*41
(Jan 01 2026 16:12:46,  884800 sec) GpsServices()        Profile 28 GPS fix obtained in 78 seconds.
(Jan 01 2026 16:12:46,  884800 sec) GpsServices()                   lon      lat mm/dd/yyyy hhmmss nsat
(Jan 01 2026 16:12:46,  884800 sec) GpsServices()        Fix: -158.6492  27.4025 01/01/2026 161300    8
(Jan 01 2026 16:12:56,  884810 sec) gga()                $GPGGA,161310,2724.1500,N,15838.9581,W,1,08,1.2,5.9,M,-4.7,M,,*48
(Jan 01 2026 16:13:05,  884819 sec) gga()                $GPGGA,161320,2724.1501,N,15838.9592,W,1,08,1.2,7.1,M,-4.7,M,,*42
(Jan 01 2026 16:13:05,  884819 sec) GpsServices()        APF11 RTC skew (-15s) OK.
(Jan 01 2026 16:13:05,  884819 sec) GpsServices()        GPS services complete.
(Jan 01 2026 16:13:33,  884847 sec) IrGeoLoc()           <x,y,z>=<-5272km,-2060km,2924km> lat=27.477 lon=-158.657 IrSysTime=0xf2c6c623
(Jan 01 2026 16:13:37,  884851 sec) CLogin()             Connecting to primary host.
(Jan 01 2026 16:13:58,  884872 sec) CLogin()             Connection 1 established in 21 seconds.
(Jan 01 2026 16:14:32,  884906 sec) expect()             Attempt to read prompt string [Last login:] failed.
(Jan 01 2026 16:14:32,  884906 sec) login()              Login failed.
(Jan 01 2026 16:15:02,  884936 sec) expect()             Attempt to read prompt string [login:] failed.
(Jan 01 2026 16:15:02,  884936 sec) login()              Login prompt not received.
(Jan 01 2026 16:15:16,  884950 sec) CLogin()             Connection 2 established in 99 seconds.
(Jan 01 2026 16:15:46,  884980 sec) expect()             Attempt to read prompt string [login:] failed.
(Jan 01 2026 16:15:46,  884980 sec) login()              Login prompt not received.
(Jan 01 2026 16:16:07,  885001 sec) login()              Login successful.
(Jan 01 2026 16:16:13,  885007 sec) CLogin()             Logged in to host.  [Login required 57 seconds]
(Jan 01 2026 16:16:17,  885011 sec) RxConfig()           Downloading "mission.cfg" from host.
(Jan 01 2026 16:16:36,  885030 sec) RxConfig()           Download successful: [bytes:50, sec:16.3, bps:3]
(Jan 01 2026 16:16:39,  885033 sec) WriteVitals_()       Writing vitals to "23808.028.msg".
(Jan 01 2026 16:16:48,  885042 sec) UpLoadFile()         Uploading "23808.028.log" to host.
(Jan 01 2026 16:19:57,  885231 sec) UpLoadFile()         Upload successful: [bytes:42033, sec:189.4, bps:222]
(Jan 01 2026 16:19:58,  885232 sec) fmove()              Moved: 23808.028.log -> archive/23808.028.log
(Jan 01 2026 16:20:02,  885236 sec) UpLoadFile()         Uploading "23808.028.msg" to host.
(Jan 01 2026 16:23:13,  885427 sec) UpLoadFile()         Upload successful: [bytes:43160, sec:191.0, bps:226]
(Jan 01 2026 16:23:14,  885428 sec) fmove()              Moved: 23808.028.msg -> archive/23808.028.msg
(Jan 01 2026 16:23:20,  885434 sec) UpLoadFile()         Uploading "23808.028.isus" to host.
(Jan 01 2026 16:25:16,  885550 sec) UpLoadFile()         Upload successful: [bytes:24792, sec:115.8, bps:214]
(Jan 01 2026 16:25:18,  885552 sec) fmove()              Moved: 23808.028.isus -> archive/23808.028.isus
(Jan 01 2026 16:25:24,  885558 sec) UpLoadFile()         Uploading "23808.028.dura" to host.
(Jan 01 2026 16:26:26,  885620 sec) UpLoadFile()         Upload successful: [bytes:12207, sec:62.1, bps:197]
(Jan 01 2026 16:26:27,  885621 sec) fmove()              Moved: 23808.028.dura -> archive/23808.028.dura
(Jan 01 2026 16:26:28,  885622 sec) UpLoad()             Files successfully uploaded: 4
(Jan 01 2026 16:26:28,  885622 sec) UpLoad()             Upload complete.
(Jan 01 2026 16:26:34,  885628 sec) logout()             Log-out successful.
(Jan 01 2026 16:26:35,  885629 sec) Telemetry()          Telemetry cycle complete: PrfId=28 ConnectionAttempts=2  Connections=2
(Jan 01 2026 16:26:35,  885629 sec) TelemetryTerminate() Parsing new mission configuration.
(Jan 01 2026 16:26:36,  885630 sec) configure()          Parsing configurators in "mission.cfg".
(Jan 01 2026 16:26:36,  885630 sec) configure()             TelemetryRetry(15)      [0x7BBC] [TelemetryRetry(15)].
(Jan 01 2026 16:26:37,  885631 sec) configure()             DownTime(14400) [CRC=0x9F62] [DownTime(14400)].
(Jan 01 2026 16:26:37,  885631 sec) configure()          Configuration CRCs and syntax OK.
(Jan 01 2026 16:26:37,  885631 sec) ConfigSupervisor()   Configuration accepted.
(Jan 01 2026 16:26:37,  885631 sec) TelemetryTerminate() Reconditioning the file system.
(Jan 01 2026 16:26:40,       0 sec) DescentInit()        Deep profile 29 initiated at mission-time 885634sec.
(Jan 01 2026 16:26:41,       1 sec) DescentInit()        Surface pressure: 0.1dbars.
(Jan 01 2026 16:26:41,       1 sec) DescentInit()        Charge consumption model: OCV:15.0V Wake-Cycles:44147 Standby:99.9days Wake:31.2kC Sleep:3.1kC
(Jan 01 2026 16:26:53,      13 sec) DescentInit()        Pneumatic humidity: 2902(60.6%) -> 2903(60.6%)
(Jan 01 2026 16:26:53,      13 sec) PistonMoveAbsWTO()    178->054 177 176 175 174 173 172 171 170 169 168 167 166 165 164 163 162 161 160 159 158 157 156 155 154 153 152 151 150 149 148 147 146 145 144 143 142 141 140 139 138 137 136 135 134 133 132 131 130 129 128 127 126 125 124 123 122 121 120 119 118 117 116 115 114 113 112 111 110 109 108 107 106 105 104 103 102 101 100 099 098 097 096 095 094 093 092 091 090 089 088 087 086 085 084 083 082 081 080 079 078 077 076 075 074 073 072 071 070 069 068 067 066 065 064 063 062 061 060 059 058 057 056 055 054 [610sec, 14.9Volts, 0.138Amps, CPT:610sec]
(Jan 01 2026 16:37:08,     628 sec) DescentInit()        Air solenoid open: Barometer [206cnt,  12.1psi]  Pneumometer [106cnt,  12.4psi]
(Jan 01 2026 16:37:18,     638 sec) Descent()            Pressure: 55.9
(Jan 01 2026 17:26:40,    3600 sec) Descent()            Pressure: 516.6
(Jan 01 2026 18:26:40,    7200 sec) Descent()            Pressure: 858.1
(Jan 01 2026 19:26:40,   10800 sec) Descent()            Pressure: 968.3
(Jan 01 2026 20:26:40,   14400 sec) Descent()            Pressure: 988.5
(Jan 01 2026 20:26:41,   14401 sec) ParkInit()           Charge consumption model: OCV:15.4V Wake-Cycles:44152 Standby:100.1days Wake:31.5kC Sensors:3.1kC
(Jan 02 2026 08:26:48,   57608 sec) Park()               ParkPOutOfBand[-3, 987.3 dbars]: retract piston.
(Jan 02 2026 08:26:48,   57608 sec) PistonMoveAbsWTO()    054->053 053 [6sec, 15.0Volts, 0.074Amps, CPT:616sec]
(Jan 03 2026 02:26:48,  122408 sec) Park()               ParkPOutOfBand[3, 1010.2 dbars]: extend piston.
(Jan 03 2026 02:26:48,  122408 sec) PistonMoveAbsWTO()    053->054 054 [2sec, 14.6Volts, 0.441Amps, CPT:618sec]
(Jan 09 2026 21:26:48,  709208 sec) Park()               ParkPOutOfBand[3, 1015.4 dbars]: extend piston.
(Jan 09 2026 21:26:48,  709208 sec) PistonMoveAbsWTO()    054->055 055 [6sec, 14.4Volts, 0.417Amps, CPT:624sec]
(Jan 10 2026 08:26:48,  748808 sec) Park()               ParkPOutOfBand[-3, 988.3 dbars]: retract piston.
(Jan 10 2026 08:26:48,  748808 sec) PistonMoveAbsWTO()    055->054 054 [2sec, 14.8Volts, 0.090Amps, CPT:626sec]
(Jan 10 2026 13:26:48,  766808 sec) Park()               ParkPOutOfBand[-3, 989.7 dbars]: retract piston.
(Jan 10 2026 13:26:48,  766808 sec) PistonMoveAbsWTO()    054->053 053 [6sec, 14.9Volts, 0.076Amps, CPT:632sec]
(Jan 10 2026 18:26:48,  784808 sec) Park()               ParkPOutOfBand[3, 1014.8 dbars]: extend piston.
(Jan 10 2026 18:26:48,  784808 sec) PistonMoveAbsWTO()    053->054 054 [2sec, 14.4Volts, 0.438Amps, CPT:634sec]
(Jan 11 2026 12:27:12,  849632 sec) CtdPower()           [  999.84,  3.8512, 34.4049]
(Jan 11 2026 12:27:12,  849632 sec) CtdPower()           CTD Power consumption [214VCnt 3ACnt]: 15.064Volts * 0.012Amps = 0.18Watts.
(Jan 11 2026 12:27:18,  849638 sec) ParkTerminate()      Piston Position:54 Vacuum:190 HumidityAd12:4094(inf%) Vq:217 Aq:2 Vsbe:214 Asbe:3 Vflbb:210 Aflbb:11 Vopt:208 Aopt:13 Vocr:212 Aocr:7 MuxTemp:3.884C MuxHumidity:7.4%
(Jan 11 2026 12:27:48,  849668 sec) ParkTerminate()      PTS/O2,T2,TPhase,RawTemp: 999.8dbars 3.8480C 34.4062PSU / 35.3uM 3.844C 57.237 7.923 662.262
(Jan 11 2026 12:27:48,  849668 sec) ParkTerminate()      FLBB FSig, BbSig, TSig: 54, 113, 572 / Ocr: nan nan nan nan
(Jan 11 2026 12:27:49,  849669 sec) GoDeepInit()         Charge consumption model: OCV:15.3V Wake-Cycles:44384 Standby:109.7days Wake:31.8kC Sensors:3.1kC
(Jan 11 2026 12:27:49,  849669 sec) GoDeepInit()         Moving piston.
(Jan 11 2026 12:27:49,  849669 sec) PistonMoveAbsWTO()    054->009 053 052 051 050 049 048 047 046 045 044 043 042 041 040 039 038 037 036 035 034 033 032 031 030 029 028 027 026 025 024 023 022 021 020 019 018 017 016 015 014 013 012 011 010 009 [219sec, 14.9Volts, 0.048Amps, CPT:853sec]
(Jan 11 2026 16:26:40,  864000 sec) ProfileInit()        Charge consumption model: OCV:15.3V Wake-Cycles:44432 Standby:109.9days Wake:31.8kC Sensors:3.1kC
(Jan 11 2026 16:26:40,  864000 sec) ProfileInit()        PrfId:029  Pressure:1649.5dbar  pTable[4]:1600dbar
(Jan 11 2026 16:26:42,  864002 sec) ProfileInit()        Muxer PPIs K{1,2} quiescent: 15.08V, 0.2mA, 3.0mW
(Jan 11 2026 16:26:46,  864006 sec) ProfileInit()        ISUS powered up.
(Jan 11 2026 16:26:49,  864009 sec) ProfileInit()        Muxer PPIs K{1,2} w/ ISUS awake: 14.86V, 60.0mA, 891.8mW
(Jan 11 2026 16:26:56,  864016 sec) MscErrorLog_()       No error records to log.
(Jan 11 2026 16:27:02,  864022 sec) ProfileInit()        DURA powered up.
(Jan 11 2026 16:27:06,  864026 sec) ProfileInit()        Muxer PPIs K{1,2} w/ DURA awake: 14.95V, 48.1mA, 719.2mW
(Jan 11 2026 16:27:12,  864032 sec) MscErrorLog_()       No error records to log.
(Jan 11 2026 16:27:17,  864037 sec) PistonMoveAbsWTO()    009->031 010 011 012 013 014 015 [30sec, 14.2Volts, 0.555Amps, CPT:883sec]
(Jan 11 2026 16:27:58,  864078 sec) PistonMoveAbsWTO()    015->031 016 017 018 019 020 [30sec, 14.1Volts, 0.548Amps, CPT:913sec]
(Jan 11 2026 16:28:39,  864119 sec) PistonMoveAbsWTO()    020->031 021 022 023 024 025 [30sec, 14.0Volts, 0.546Amps, CPT:943sec]
(Jan 11 2026 16:29:20,  864160 sec) PistonMoveAbsWTO()    025->031 026 027 028 029 030 [30sec, 14.0Volts, 0.549Amps, CPT:973sec]
(Jan 11 2026 16:30:01,  864201 sec) PistonMoveAbsWTO()    030->031 031 [3sec, 14.1Volts, 0.535Amps, CPT:976sec]
(Jan 11 2026 16:37:38,  864658 sec) Profile()            Sample 0 initiated at 1601.9dbars for bin 4 [1600dbars].  PTS/O2,T2,TPhase,RPhase,RawTemp/NO3/pH/FSig,BbSig,TSig/Ocr: 1599.9dbars 2.5759C 34.5682PSU / 76.8uM 2.571C 52.945 7.957 700.879 / 40.5uM / -0.884471V /   54  113  574 / nan nan nan nan
(Jan 11 2026 16:56:26,  865786 sec) Profile()            Sample 1 initiated at 1501.6dbars for bin 5 [1500dbars].  PTS/O2,T2,TPhase,RPhase,RawTemp/NO3/pH/FSig,BbSig,TSig/Ocr: 1500.0dbars 2.7903C 34.5503PSU / 71.2uM 2.785C 53.435 7.973 694.429 / 40.9uM / -0.884520V /   53  112  574 / nan nan nan nan
(Jan 11 2026 17:02:10,  866130 sec) AscentControlAgent() Bouyancy nudge to 41 (v=0.076dbar/sec).
(Jan 11 2026 17:02:10,  866130 sec) PistonMoveAbsWTO()    031->041 032 033 034 035 036 [30sec, 14.4Volts, 0.510Amps, CPT:1006sec]
(Jan 11 2026 17:02:51,  866171 sec) PistonMoveAbsWTO()    036->041 037 038 039 040 041 [25sec, 14.3Volts, 0.502Amps, CPT:1031sec]
(Jan 11 2026 17:15:05,  866905 sec) Profile()            Sample 2 initiated at 1401.9dbars for bin 6 [1400dbars].  PTS/O2,T2,TPhase,RPhase,RawTemp/NO3/pH/FSig,BbSig,TSig/Ocr: 1400.0dbars 2.9498C 34.5369PSU / 67.5uM 2.943C 53.760 7.975 689.637 / 41.1uM / -0.884276V /   54  112  573 / nan nan nan nan
(Jan 11 2026 17:27:48,  867668 sec) AscentControlAgent() Bouyancy nudge to 51 (v=0.079dbar/sec).
(Jan 11 2026 17:27:48,  867668 sec) PistonMoveAbsWTO()    041->051 042 043 044 045 046 [30sec, 14.5Volts, 0.470Amps, CPT:1061sec]
(Jan 11 2026 17:28:29,  867709 sec) PistonMoveAbsWTO()    046->051 047 048 049 050 051 [25sec, 14.3Volts, 0.473Amps, CPT:1086sec]
(Jan 11 2026 17:34:05,  868045 sec) Profile()            Sample 3 initiated at 1301.2dbars for bin 7 [1300dbars].  PTS/O2,T2,TPhase,RPhase,RawTemp/NO3/pH/FSig,BbSig,TSig/Ocr: 1299.0dbars 3.1948C 34.5117PSU / 60.1uM 3.188C 54.472 7.979 682.225 / 41.4uM / -0.884407V /   54  113  573 / nan nan nan nan
(Jan 11 2026 17:43:29,  868609 sec) PistonMoveAbsWTO()    050->051 051 [1sec, 14.6Volts, 0.496Amps, CPT:1087sec]
(Jan 11 2026 17:52:54,  869174 sec) Profile()            Sample 4 initiated at 1201.4dbars for bin 8 [1200dbars].  PTS/O2,T2,TPhase,RPhase,RawTemp/NO3/pH/FSig,BbSig,TSig/Ocr: 1199.8dbars 3.4492C 34.4817PSU / 52.7uM 3.442C 55.233 7.983 674.520 / 41.8uM / -0.884494V /   54  114  572 / nan nan nan nan
(Jan 11 2026 17:53:18,  869198 sec) AscentControlAgent() Bouyancy nudge to 61 (v=0.080dbar/sec).
(Jan 11 2026 17:53:18,  869198 sec) PistonMoveAbsWTO()    051->061 052 053 054 055 056 [30sec, 14.5Volts, 0.444Amps, CPT:1117sec]
(Jan 11 2026 17:53:59,  869239 sec) PistonMoveAbsWTO()    056->061 057 058 059 060 061 [23sec, 14.4Volts, 0.443Amps, CPT:1140sec]
(Jan 11 2026 18:01:22,  869682 sec) PistonMoveAbsWTO()    060->061 061 [1sec, 14.6Volts, 0.466Amps, CPT:1141sec]
(Jan 11 2026 18:11:32,  870292 sec) Profile()            Sample 5 initiated at 1101.5dbars for bin 9 [1100dbars].  PTS/O2,T2,TPhase,RPhase,RawTemp/NO3/pH/FSig,BbSig,TSig/Ocr: 1099.8dbars 3.6225C 34.4564PSU / 46.9uM 3.615C 55.860 7.986 669.242 / 42.1uM / -0.884379V /   53  114  572 / nan nan nan nan
(Jan 11 2026 18:18:55,  870735 sec) AscentControlAgent() Bouyancy nudge to 71 (v=0.076dbar/sec).
(Jan 11 2026 18:18:55,  870735 sec) PistonMoveAbsWTO()    061->071 062 063 064 065 066 [30sec, 14.6Volts, 0.412Amps, CPT:1171sec]
(Jan 11 2026 18:19:36,  870776 sec) PistonMoveAbsWTO()    066->071 067 068 069 070 071 [24sec, 14.4Volts, 0.406Amps, CPT:1195sec]
(Jan 11 2026 18:30:31,  871431 sec) Profile()            Sample 6 initiated at 1001.3dbars for bin 10 [1000dbars].  PTS/O2,T2,TPhase,RPhase,RawTemp/NO3/pH/FSig,BbSig,TSig/Ocr: 999.3dbars 3.8641C 34.4002PSU / 35.5uM 3.856C 57.215 7.988 661.905 / 42.5uM / -0.885099V /   54  112  572 / nan nan nan nan
(Jan 11 2026 18:33:52,  871632 sec) Sbe41cpStartCP()     Continuous profile started.
(Jan 11 2026 18:39:38,  871978 sec) Profile()            Sample 7 initiated at 951.8dbars for bin 11 [950dbars].  PTS/O2,T2,TPhase,RPhase,RawTemp/NO3/pH/FSig,BbSig,TSig/Ocr: 951.8dbars 3.9993C 34.3527PSU / 28.6uM 3.991C 58.081 7.993 657.756 / 42.8uM / -0.885915V /   56  114  572 / nan nan nan nan
(Jan 11 2026 18:44:48,  872288 sec) AscentControlAgent() Bouyancy nudge to 81 (v=0.071dbar/sec).
(Jan 11 2026 18:44:48,  872288 sec) PistonMoveAbsWTO()    071->081 072 073 074 075 076 [30sec, 14.5Volts, 0.384Amps, CPT:1225sec]
(Jan 11 2026 18:45:29,  872329 sec) PistonMoveAbsWTO()    076->081 077 078 079 080 081 [24sec, 14.4Volts, 0.379Amps, CPT:1249sec]
(Jan 11 2026 18:49:48,  872588 sec) Profile()            Sample 8 initiated at 901.8dbars for bin 12 [900dbars].  PTS/O2,T2,TPhase,RPhase,RawTemp/NO3/pH/FSig,BbSig,TSig/Ocr: 901.7dbars 4.1487C 34.3124PSU / 22.6uM 4.140C 58.875 7.996 653.207 / 42.8uM / -0.886285V /   56  115  571 / nan nan nan nan
(Jan 11 2026 18:58:18,  873098 sec) Profile()            Sample 9 initiated at 851.2dbars for bin 13 [850dbars].  PTS/O2,T2,TPhase,RPhase,RawTemp/NO3/pH/FSig,BbSig,TSig/Ocr: 851.1dbars 4.2693C 34.2719PSU / 20.4uM 4.261C 59.174 7.999 649.508 / 42.9uM / -0.885636V /   55  113  571 / nan nan nan nan
(Jan 11 2026 19:08:26,  873706 sec) Profile()            Sample 10 initiated at 801.6dbars for bin 14 [800dbars].  PTS/O2,T2,TPhase,RPhase,RawTemp/NO3/pH/FSig,BbSig,TSig/Ocr: 801.5dbars 4.4818C 34.2182PSU / 22.9uM 4.474C 58.768 8.004 642.953 / 42.4uM / -0.885255V /   55  114  571 / nan nan nan nan
(Jan 11 2026 19:10:16,  873816 sec) AscentControlAgent() Bouyancy nudge to 91 (v=0.067dbar/sec).
(Jan 11 2026 19:10:16,  873816 sec) PistonMoveAbsWTO()    081->091 082 083 084 085 086 [30sec, 14.5Volts, 0.356Amps, CPT:1279sec]
(Jan 11 2026 19:10:57,  873857 sec) PistonMoveAbsWTO()    086->091 087 088 089 090 091 [23sec, 14.4Volts, 0.347Amps, CPT:1302sec]
(Jan 11 2026 19:18:54,  874334 sec) Profile()            Sample 11 initiated at 751.7dbars for bin 15 [750dbars].  PTS/O2,T2,TPhase,RPhase,RawTemp/NO3/pH/FSig,BbSig,TSig/Ocr: 751.6dbars 4.9207C 34.1479PSU / 35.9uM 4.916C 56.878 8.017 629.354 / 40.8uM / -0.883709V /   54  115  571 / nan nan nan nan
(Jan 11 2026 19:28:51,  874931 sec) Profile()            Sample 12 initiated at 701.4dbars for bin 16 [700dbars].  PTS/O2,T2,TPhase,RPhase,RawTemp/NO3/pH/FSig,BbSig,TSig/Ocr: 701.3dbars 5.3025C 34.0988PSU / 50.2uM 5.291C 54.950 8.032 617.749 / 39.2uM / -0.881912V /   55  115  570 / nan nan nan nan
(Jan 11 2026 19:30:30,  875030 sec) AscentControlAgent() Bouyancy nudge to 101 (v=0.077dbar/sec).
(Jan 11 2026 19:30:30,  875030 sec) PistonMoveAbsWTO()    091->101 092 093 094 095 096 [30sec, 14.5Volts, 0.328Amps, CPT:1332sec]
(Jan 11 2026 19:31:11,  875071 sec) PistonMoveAbsWTO()    096->101 097 098 099 100 101 [22sec, 14.4Volts, 0.324Amps, CPT:1354sec]
(Jan 11 2026 19:38:24,  875504 sec) Profile()            Sample 13 initiated at 651.5dbars for bin 17 [650dbars].  PTS/O2,T2,TPhase,RPhase,RawTemp/NO3/pH/FSig,BbSig,TSig/Ocr: 651.4dbars 5.6465C 34.0559PSU / 72.1uM 5.637C 52.269 8.047 607.001 / 37.1uM / -0.879311V /   54  116  569 / nan nan nan nan
(Jan 11 2026 19:45:44,  875944 sec) AscentControlAgent() Bouyancy nudge to 111 (v=0.073dbar/sec).
(Jan 11 2026 19:45:44,  875944 sec) PistonMoveAbsWTO()    101->111 102 103 104 105 106 [30sec, 14.6Volts, 0.309Amps, CPT:1384sec]
(Jan 11 2026 19:46:25,  875985 sec) PistonMoveAbsWTO()    106->111 107 108 109 110 111 [22sec, 14.5Volts, 0.304Amps, CPT:1406sec]
(Jan 11 2026 19:48:52,  876132 sec) Profile()            Sample 14 initiated at 601.0dbars for bin 18 [600dbars].  PTS/O2,T2,TPhase,RPhase,RawTemp/NO3/pH/FSig,BbSig,TSig/Ocr: 600.9dbars 6.3238C 34.0176PSU / 103.5uM 6.315C 48.795 8.070 585.874 / 33.5uM / -0.875136V /   54  120  569 / nan nan nan nan
(Jan 11 2026 19:56:37,  876597 sec) Profile()            Sample 15 initiated at 550.8dbars for bin 19 [550dbars].  PTS/O2,T2,TPhase,RPhase,RawTemp/NO3/pH/FSig,BbSig,TSig/Ocr: 550.8dbars 6.8956C 34.0059PSU / 131.0uM 6.890C 46.109 8.090 567.819 / 30.3uM / -0.871345V /   53  120  568 / nan nan nan nan
(Jan 11 2026 20:05:46,  877146 sec) Profile()            Sample 16 initiated at 502.0dbars for bin 20 [500dbars].  PTS/O2,T2,TPhase,RPhase,RawTemp/NO3/pH/FSig,BbSig,TSig/Ocr: 501.9dbars 7.8634C 34.0086PSU / 171.5uM 7.853C 42.574 8.117 537.447 / 25.4uM / -0.865446V /   51  123  566 / nan nan nan nan
(Jan 11 2026 20:06:54,  877214 sec) AscentControlAgent() Bouyancy nudge to 121 (v=0.076dbar/sec).
(Jan 11 2026 20:06:54,  877214 sec) PistonMoveAbsWTO()    111->121 112 113 114 115 116 [30sec, 14.6Volts, 0.286Amps, CPT:1436sec]
(Jan 11 2026 20:07:35,  877255 sec) PistonMoveAbsWTO()    116->121 117 118 119 120 121 [23sec, 14.5Volts, 0.280Amps, CPT:1459sec]
(Jan 11 2026 20:15:04,  877704 sec) Profile()            Sample 17 initiated at 451.1dbars for bin 21 [450dbars].  PTS/O2,T2,TPhase,RPhase,RawTemp/NO3/pH/FSig,BbSig,TSig/Ocr: 451.0dbars 8.9170C 34.0372PSU / 211.0uM 8.909C 39.530 8.150 503.844 / 20.2uM / -0.859790V /   51  122  565 / 0x800663ad 0x80001580 0x80085709 0x7fffc6c9
(Jan 11 2026 20:24:12,  878252 sec) Profile()            Sample 18 initiated at 401.1dbars for bin 22 [400dbars].  PTS/O2,T2,TPhase,RPhase,RawTemp/NO3/pH/FSig,BbSig,TSig/Ocr: 401.1dbars 9.8762C 34.0871PSU / 233.1uM 9.877C 37.809 8.187 472.820 / 17.0uM / -0.856163V /   50  117  563 / 0x800647ed 0x8000082d 0x80086552 0x7fffb864
(Jan 11 2026 20:27:20,  878440 sec) AscentControlAgent() Bouyancy nudge to 131 (v=0.080dbar/sec).
(Jan 11 2026 20:27:20,  878440 sec) PistonMoveAbsWTO()    121->131 122 123 124 125 126 [30sec, 14.6Volts, 0.255Amps, CPT:1489sec]
(Jan 11 2026 20:28:41,  878521 sec) Profile()            Sample 19 initiated at 379.9dbars for bin 23 [380dbars].  PTS/O2,T2,TPhase,RPhase,RawTemp/NO3/pH/FSig,BbSig,TSig/Ocr: 379.8dbars 10.6148C 34.1329PSU / 238.6uM 10.604C 37.146 8.209 449.386 / 14.8uM / -0.854112V /   50  117  563 / 0x8006505b 0x800014ed 0x80085280 0x7fffa752
(Jan 11 2026 20:28:41,  878521 sec) PistonMoveAbsWTO()    126->131 127 128 129 130 131 [22sec, 14.6Volts, 0.248Amps, CPT:1511sec]
(Jan 11 2026 20:31:45,  878705 sec) Profile()            Sample 20 initiated at 361.5dbars for bin 24 [360dbars].  PTS/O2,T2,TPhase,RPhase,RawTemp/NO3/pH/FSig,BbSig,TSig/Ocr: 361.4dbars 11.2292C 34.1704PSU / 242.5uM 11.217C 36.632 8.229 429.530 / 13.4uM / -0.852732V /   50  116  562 / 0x80063f36 0x800000a4 0x80084049 0x7fffad1b
(Jan 11 2026 20:33:21,  878801 sec) Profile()            Sample 21 initiated at 351.7dbars for bin 25 [350dbars].  PTS/O2,T2,TPhase,RPhase,RawTemp/NO3/pH/FSig,BbSig,TSig/Ocr: 351.6dbars 11.4890C 34.1883PSU / 243.5uM 11.485C 36.445 8.237 420.831 / 12.7uM / -0.852088V /   50  117  561 / 0x80063fa4 0x7fffeda4 0x8008572d 0x7fffad36
(Jan 11 2026 20:34:56,  878896 sec) Profile()            Sample 22 initiated at 342.0dbars for bin 26 [340dbars].  PTS/O2,T2,TPhase,RPhase,RawTemp/NO3/pH/FSig,BbSig,TSig/Ocr: 341.9dbars 11.7257C 34.2056PSU / 243.7uM 11.731C 36.308 8.240 412.862 / 12.2uM / -0.851495V /   50  116  561 / 0x80065209 0x7fffff00 0x80085b2d 0x7fffb1b6
(Jan 11 2026 20:36:42,  879002 sec) Profile()            Sample 23 initiated at 331.4dbars for bin 27 [330dbars].  PTS/O2,T2,TPhase,RPhase,RawTemp/NO3/pH/FSig,BbSig,TSig/Ocr: 331.3dbars 12.0021C 34.2201PSU / 244.8uM 11.999C 36.119 8.246 404.148 / 11.7uM / -0.850900V /   50  115  560 / 0x80064400 0x7fffe8c9 0x8008609b 0x7fffa212
(Jan 11 2026 20:38:29,  879109 sec) Profile()            Sample 24 initiated at 321.1dbars for bin 28 [320dbars].  PTS/O2,T2,TPhase,RPhase,RawTemp/NO3/pH/FSig,BbSig,TSig/Ocr: 321.1dbars 12.3539C 34.2377PSU / 245.0uM 12.337C 35.940 8.252 393.128 / 10.9uM / -0.850198V /   50  116  560 / 0x80065380 0x7ffff3ed 0x80085852 0x7fff9740
(Jan 11 2026 20:40:15,  879215 sec) Profile()            Sample 25 initiated at 311.3dbars for bin 29 [310dbars].  PTS/O2,T2,TPhase,RPhase,RawTemp/NO3/pH/FSig,BbSig,TSig/Ocr: 311.2dbars 12.5080C 34.2511PSU / 246.0uM 12.514C 35.799 8.261 387.366 / 10.6uM / -0.849743V /   50  116  560 / 0x80063480 0x7fffeb5b 0x80085ec9 0x7fff9dc9
(Jan 11 2026 20:42:01,  879321 sec) Profile()            Sample 26 initiated at 301.8dbars for bin 30 [300dbars].  PTS/O2,T2,TPhase,RPhase,RawTemp/NO3/pH/FSig,BbSig,TSig/Ocr: 301.7dbars 12.8287C 34.2604PSU / 246.3uM 12.824C 35.634 8.266 377.233 / 9.8uM / -0.849187V /   50  115  559 / 0x8006421b 0x7fffe7db 0x8008761b 0x7fff9500
(Jan 11 2026 20:43:59,  879439 sec) Profile()            Sample 27 initiated at 292.0dbars for bin 31 [290dbars].  PTS/O2,T2,TPhase,RPhase,RawTemp/NO3/pH/FSig,BbSig,TSig/Ocr: 291.9dbars 13.1924C 34.2897PSU / 247.1uM 13.189C 35.410 8.274 365.293 / 9.0uM / -0.848442V /   50  117  559 / 0x80063992 0x7fffffad 0x800873f6 0x7fff8500
(Jan 11 2026 20:46:18,  879578 sec) Profile()            Sample 28 initiated at 281.7dbars for bin 32 [280dbars].  PTS/O2,T2,TPhase,RPhase,RawTemp/NO3/pH/FSig,BbSig,TSig/Ocr: 281.6dbars 13.7265C 34.3240PSU / 246.0uM 13.725C 35.199 8.286 347.741 / 7.8uM / -0.847519V /   50  116  558 / 0x800626ed 0x7fffe6b6 0x80089224 0x7fff8d92
(Jan 11 2026 20:47:47,  879667 sec) AscentControlAgent() Bouyancy nudge to 141 (v=0.072dbar/sec).
(Jan 11 2026 20:47:47,  879667 sec) PistonMoveAbsWTO()    131->141 132 133 134 135 136 [30sec, 14.7Volts, 0.232Amps, CPT:1541sec]
(Jan 11 2026 20:49:08,  879748 sec) Profile()            Sample 29 initiated at 270.1dbars for bin 33 [270dbars].  PTS/O2,T2,TPhase,RPhase,RawTemp/NO3/pH/FSig,BbSig,TSig/Ocr: 270.1dbars 14.1768C 34.3566PSU / 245.5uM 14.190C 34.997 8.298 332.508 / 6.9uM / -0.846731V /   50  125  557 / 0x80063864 0x7ffffb49 0x8008b164 0x7fff8a52
(Jan 11 2026 20:49:08,  879748 sec) PistonMoveAbsWTO()    136->141 137 138 139 140 141 [22sec, 14.6Volts, 0.229Amps, CPT:1563sec]
(Jan 11 2026 20:50:54,  879854 sec) Profile()            Sample 30 initiated at 261.4dbars for bin 34 [260dbars].  PTS/O2,T2,TPhase,RPhase,RawTemp/NO3/pH/FSig,BbSig,TSig/Ocr: 261.3dbars 14.6880C 34.3983PSU / 244.8uM 14.677C 34.797 8.302 316.485 / 6.2uM / -0.845917V /   50  114  557 / 0x800635f6 0x7fffec5b 0x8008d0ed 0x7fff7e64
(Jan 11 2026 20:52:40,  879960 sec) Profile()            Sample 31 initiated at 251.9dbars for bin 35 [250dbars].  PTS/O2,T2,TPhase,RPhase,RawTemp/NO3/pH/FSig,BbSig,TSig/Ocr: 251.8dbars 14.8927C 34.4257PSU / 247.1uM 14.893C 34.578 8.311 309.410 / 5.7uM / -0.845363V /   50  114  556 / 0x8006251b 0x80001d76 0x8008fcb6 0x7fff7aed
(Jan 11 2026 20:54:38,  880078 sec) Profile()            Sample 32 initiated at 241.7dbars for bin 36 [240dbars].  PTS/O2,T2,TPhase,RPhase,RawTemp/NO3/pH/FSig,BbSig,TSig/Ocr: 241.6dbars 15.2443C 34.4674PSU / 246.6uM 15.252C 34.434 8.316 297.579 / 5.2uM / -0.844573V /   50  115  556 / 0x80062680 0x80003f92 0x80094a5b 0x7fff74db
(Jan 11 2026 20:56:46,  880206 sec) Profile()            Sample 33 initiated at 231.5dbars for bin 37 [230dbars].  PTS/O2,T2,TPhase,RPhase,RawTemp/NO3/pH/FSig,BbSig,TSig/Ocr: 231.4dbars 15.8555C 34.5253PSU / 248.8uM 15.845C 34.041 8.335 278.045 / 4.3uM / -0.843539V /   52  117  555 / 0x80060bd2 0x800063e4 0x8009b309 0x7fff7edb
(Jan 11 2026 20:58:44,  880324 sec) Profile()            Sample 34 initiated at 221.6dbars for bin 38 [220dbars].  PTS/O2,T2,TPhase,RPhase,RawTemp/NO3/pH/FSig,BbSig,TSig/Ocr: 221.5dbars 16.1329C 34.5660PSU / 248.7uM 16.143C 33.909 8.348 268.237 / 3.8uM / -0.843098V /   53  117  554 / 0x80061589 0x8000b509 0x800a4b2d 0x7fff6780
(Jan 11 2026 21:00:41,  880441 sec) Profile()            Sample 35 initiated at 211.8dbars for bin 39 [210dbars].  PTS/O2,T2,TPhase,RPhase,RawTemp/NO3/pH/FSig,BbSig,TSig/Ocr: 211.7dbars 16.4102C 34.5836PSU / 248.4uM 16.405C 33.801 8.347 259.611 / 3.6uM / -0.842645V /   52  119  554 / 0x80061a76 0x80013309 0x800b2409 0x7fff7589
(Jan 11 2026 21:02:49,  880569 sec) Profile()            Sample 36 initiated at 201.3dbars for bin 40 [200dbars].  PTS/O2,T2,TPhase,RPhase,RawTemp/NO3/pH/FSig,BbSig,TSig/Ocr: 201.3dbars 16.9546C 34.6386PSU / 247.2uM 16.927C 33.616 8.359 242.399 / 2.9uM / -0.842007V /   54  117  553 / 0x80062b12 0x80020049 0x800c6be4 0x7fff69b6
(Jan 11 2026 21:05:09,  880709 sec) Profile()            Sample 37 initiated at 191.4dbars for bin 41 [190dbars].  PTS/O2,T2,TPhase,RPhase,RawTemp/NO3/pH/FSig,BbSig,TSig/Ocr: 191.3dbars 17.1085C 34.6672PSU / 246.4uM 17.114C 33.567 8.360 236.222 / 3.2uM / -0.841745V /   54  116  552 / 0x80062749 0x80030d92 0x800e2640 0x7fff7180
(Jan 11 2026 21:07:50,  880870 sec) Profile()            Sample 38 initiated at 181.9dbars for bin 42 [180dbars].  PTS/O2,T2,TPhase,RPhase,RawTemp/NO3/pH/FSig,BbSig,TSig/Ocr: 181.9dbars 17.5234C 34.7201PSU / 240.7uM 17.520C 33.658 8.371 222.829 / 3.0uM / -0.841572V /   53  119  552 / 0x800626b6 0x8004aa40 0x80105740 0x7fff6552
(Jan 11 2026 21:10:54,  881054 sec) Profile()            Sample 39 initiated at 171.8dbars for bin 43 [170dbars].  PTS/O2,T2,TPhase,RPhase,RawTemp/NO3/pH/FSig,BbSig,TSig/Ocr: 171.8dbars 17.9542C 34.7686PSU / 240.5uM 17.950C 33.469 8.371 208.641 / 2.4uM / -0.840739V /   55  115  551 / 0x80064764 0x80073f76 0x8013b4e4 0x7fff6ab6
(Jan 11 2026 21:14:09,  881249 sec) Profile()            Sample 40 initiated at 161.8dbars for bin 44 [160dbars].  PTS/O2,T2,TPhase,RPhase,RawTemp/NO3/pH/FSig,BbSig,TSig/Ocr: 161.8dbars 18.6709C 34.8472PSU / 244.2uM 18.653C 32.974 8.384 185.475 / 1.5uM / -0.839527V /   61  118  550 / 0x800694ad 0x800b2924 0x80189c49 0x7fff5be4
(Jan 11 2026 21:17:45,  881465 sec) Profile()            Sample 41 initiated at 152.0dbars for bin 45 [150dbars].  PTS/O2,T2,TPhase,RPhase,RawTemp/NO3/pH/FSig,BbSig,TSig/Ocr: 152.0dbars 19.3357C 34.9396PSU / 244.5uM 19.315C 32.663 8.397 163.654 / 1.2uM / -0.838548V /   66  123  549 / 0x800718c0 0x80115040 0x80200064 0x7fff66d2
(Jan 11 2026 21:22:49,  881769 sec) Profile()            Sample 42 initiated at 141.9dbars for bin 46 [140dbars].  PTS/O2,T2,TPhase,RPhase,RawTemp/NO3/pH/FSig,BbSig,TSig/Ocr: 141.9dbars 19.6831C 34.9764PSU / 246.7uM 19.681C 32.395 8.406 151.623 / 0.8uM / -0.837880V /   76  123  548 / 0x8008651b 0x801b9d00 0x802bc9c0 0x7fff7824
(Jan 11 2026 21:23:12,  881792 sec) AscentControlAgent() Bouyancy nudge to 151 (v=0.031dbar/sec).
(Jan 11 2026 21:23:13,  881793 sec) PistonMoveAbsWTO()    141->151 142 143 144 145 146 147 [30sec, 14.8Volts, 0.193Amps, CPT:1593sec]
(Jan 11 2026 21:23:55,  881835 sec) PistonMoveAbsWTO()    147->151 148 149 150 151 [20sec, 14.8Volts, 0.202Amps, CPT:1613sec]
(Jan 11 2026 21:26:24,  881984 sec) Profile()            Sample 43 initiated at 131.3dbars for bin 47 [130dbars].  PTS/O2,T2,TPhase,RPhase,RawTemp/NO3/pH/FSig,BbSig,TSig/Ocr: 131.2dbars 20.3717C 35.0653PSU / 248.9uM 20.375C 31.992 8.410 128.804 / 1.1uM / -0.836636V /   83  131  547 / 0x800bd41b 0x802ff112 0x8040b680 0x7fff8a9b
(Jan 11 2026 21:29:05,  882145 sec) Profile()            Sample 44 initiated at 121.7dbars for bin 48 [120dbars].  PTS/O2,T2,TPhase,RPhase,RawTemp/NO3/pH/FSig,BbSig,TSig/Ocr: 121.7dbars 21.8718C 35.2793PSU / 249.9uM 21.865C 31.314 8.437 79.948 / 1.8uM / -0.833698V /   81  131  547 / 0x8011f7f6 0x804ecf92 0x805f9b92 0x7fffe7b6
(Jan 11 2026 21:33:25,  882405 sec) Profile()            Sample 45 initiated at 111.9dbars for bin 49 [110dbars].  PTS/O2,T2,TPhase,RPhase,RawTemp/NO3/pH/FSig,BbSig,TSig/Ocr: 111.8dbars 22.8282C 35.4226PSU / 253.4uM 22.826C 30.762 8.462 48.593 / 0.7uM / -0.832339V /   66  133  545 / 0x8018b6e4 0x806de8e4 0x80806a24 0x800049c0
(Jan 11 2026 21:33:26,  882406 sec) AscentControlAgent() Bouyancy nudge to 156 (v=0.039dbar/sec).
(Jan 11 2026 21:33:27,  882407 sec) PistonMoveAbsWTO()    151->156 152 153 154 155 156 [24sec, 14.8Volts, 0.190Amps, CPT:1637sec]
(Jan 11 2026 21:36:21,  882581 sec) Profile()            Sample 46 initiated at 102.0dbars for bin 50 [100dbars].  PTS/O2,T2,TPhase,RPhase,RawTemp/NO3/pH/FSig,BbSig,TSig/Ocr: 101.9dbars 22.8382C 35.4250PSU / 254.1uM 22.840C 30.725 8.458 48.131 / 0.6uM / -0.832223V /   65  137  543 / 0x8025635b 0x80a2bff6 0x80b69da4 0x800162c0
(Jan 11 2026 21:37:34,  882654 sec) Profile()            Sample 47 initiated at 97.0dbars for bin 51 [95dbars].  PTS/O2,T2,TPhase,RPhase,RawTemp/NO3/pH/FSig,BbSig,TSig/Ocr: 96.9dbars 22.8367C 35.4246PSU / 254.2uM 22.839C 30.720 8.460 48.146 / 0.6uM / -0.832118V /   66  135  543 / 0x802e4752 0x80bf97b6 0x80d2ec1b 0x80024a52
(Jan 11 2026 21:38:58,  882738 sec) Profile()            Sample 48 initiated at 91.2dbars for bin 52 [90dbars].  PTS/O2,T2,TPhase,RPhase,RawTemp/NO3/pH/FSig,BbSig,TSig/Ocr: 91.2dbars 22.8364C 35.4242PSU / 254.4uM 22.839C 30.710 8.457 48.146 / 0.6uM / -0.832113V /   66  136  543 / 0x803c8ed2 0x80f34240 0x8107ccdb 0x80040c64
(Jan 11 2026 21:40:01,  882801 sec) Profile()            Sample 49 initiated at 86.9dbars for bin 53 [85dbars].  PTS/O2,T2,TPhase,RPhase,RawTemp/NO3/pH/FSig,BbSig,TSig/Ocr: 86.9dbars 22.8373C 35.4244PSU / 254.5uM 22.840C 30.704 8.455 48.134 / 0.7uM / -0.832009V /   64  134  543 / 0x80467c6d 0x8115796d 0x81261392 0x800524a4
(Jan 11 2026 21:41:25,  882885 sec) Profile()            Sample 50 initiated at 81.3dbars for bin 54 [80dbars].  PTS/O2,T2,TPhase,RPhase,RawTemp/NO3/pH/FSig,BbSig,TSig/Ocr: 81.2dbars 22.8359C 35.4244PSU / 254.7uM 22.839C 30.699 8.455 48.162 / 0.7uM / -0.831974V /   65  133  542 / 0x805d2880 0x8161c752 0x81744492 0x8008e0e4
(Jan 11 2026 21:42:38,  882958 sec) Profile()            Sample 51 initiated at 76.3dbars for bin 55 [75dbars].  PTS/O2,T2,TPhase,RPhase,RawTemp/NO3/pH/FSig,BbSig,TSig/Ocr: 76.2dbars 22.8371C 35.4256PSU / 254.8uM 22.841C 30.691 8.454 48.096 / 0.8uM / -0.831846V /   65  135  542 / 0x80790a00 0x81b4f676 0x81c38b09 0x800e2edb
(Jan 11 2026 21:43:51,  883031 sec) Profile()            Sample 52 initiated at 71.3dbars for bin 56 [70dbars].  PTS/O2,T2,TPhase,RPhase,RawTemp/NO3/pH/FSig,BbSig,TSig/Ocr: 71.2dbars 22.8416C 35.4258PSU / 255.0uM 22.845C 30.682 8.453 47.973 / 0.7uM / -0.831812V /   65  135  542 / 0x80995224 0x81fdeeb6 0x82057836 0x8014f180
(Jan 11 2026 21:44:54,  883094 sec) Profile()            Sample 53 initiated at 67.0dbars for bin 57 [65dbars].  PTS/O2,T2,TPhase,RPhase,RawTemp/NO3/pH/FSig,BbSig,TSig/Ocr: 66.9dbars 22.8448C 35.4259PSU / 255.1uM 22.849C 30.674 8.450 47.844 / 0.7uM / -0.831770V /   62  135  542 / 0x80bc69d2 0x826bd6db 0x827827e4 0x801dcac9
(Jan 11 2026 21:46:07,  883167 sec) Profile()            Sample 54 initiated at 62.0dbars for bin 58 [60dbars].  PTS/O2,T2,TPhase,RPhase,RawTemp/NO3/pH/FSig,BbSig,TSig/Ocr: 61.9dbars 22.8457C 35.4258PSU / 255.3uM 22.849C 30.667 8.452 47.825 / 0.6uM / -0.831619V /   62  137  542 / 0x80effd24 0x82d71bed 0x82cf25a4 0x802bdc12
(Jan 11 2026 21:47:31,  883251 sec) Profile()            Sample 55 initiated at 56.3dbars for bin 59 [55dbars].  PTS/O2,T2,TPhase,RPhase,RawTemp/NO3/pH/FSig,BbSig,TSig/Ocr: 56.2dbars 22.8460C 35.4257PSU / 255.4uM 22.851C 30.661 8.451 47.759 / 0.6uM / -0.831576V /   60  135  542 / 0x81256f52 0x834a85ad 0x833e8592 0x803d69a4
(Jan 11 2026 21:48:44,  883324 sec) Profile()            Sample 56 initiated at 51.3dbars for bin 60 [50dbars].  PTS/O2,T2,TPhase,RPhase,RawTemp/NO3/pH/FSig,BbSig,TSig/Ocr: 51.3dbars 22.8464C 35.4254PSU / 255.5uM 22.852C 30.655 8.450 47.744 / 0.7uM / -0.831510V /   59  135  542 / 0x8180102d 0x8416ca09 0x8407fcad 0x805fb21b
(Jan 11 2026 21:49:58,  883398 sec) Profile()            Sample 57 initiated at 46.3dbars for bin 61 [45dbars].  PTS/O2,T2,TPhase,RPhase,RawTemp/NO3/pH/FSig,BbSig,TSig/Ocr: 46.2dbars 22.8455C 35.4260PSU / 255.7uM 22.851C 30.650 8.450 47.764 / 0.7uM / -0.831305V /   58  136  542 / 0x81ec3bf6 0x85017e40 0x84e3b32d 0x8091ea12
(Jan 11 2026 21:51:11,  883471 sec) Profile()            Sample 58 initiated at 41.4dbars for bin 62 [40dbars].  PTS/O2,T2,TPhase,RPhase,RawTemp/NO3/pH/FSig,BbSig,TSig/Ocr: 41.3dbars 22.8454C 35.4254PSU / 255.8uM 22.853C 30.642 8.450 47.696 / 0.7uM / -0.831412V /   58  135  542 / 0x8255c552 0x856f3bf6 0x853161a4 0x80c7959b
(Jan 11 2026 21:52:24,  883544 sec) Profile()            Sample 59 initiated at 36.3dbars for bin 63 [35dbars].  PTS/O2,T2,TPhase,RPhase,RawTemp/NO3/pH/FSig,BbSig,TSig/Ocr: 36.3dbars 22.8458C 35.4253PSU / 256.0uM 22.855C 30.635 8.449 47.641 / 0.7uM / -0.831322V /   57  134  542 / 0x8335fbd2 0x87714e76 0x874b959b 0x816061ed
(Jan 11 2026 21:53:37,  883617 sec) Profile()            Sample 60 initiated at 31.6dbars for bin 64 [30dbars].  PTS/O2,T2,TPhase,RPhase,RawTemp/NO3/pH/FSig,BbSig,TSig/Ocr: 31.6dbars 22.8453C 35.4253PSU / 256.0uM 22.854C 30.634 8.448 47.676 / 0.7uM / -0.831145V /   57  142  542 / 0x83bb86a4 0x87ae86d2 0x874057c9 0x81b9d71b
(Jan 11 2026 21:55:02,  883702 sec) Profile()            Sample 61 initiated at 26.4dbars for bin 65 [25dbars].  PTS/O2,T2,TPhase,RPhase,RawTemp/NO3/pH/FSig,BbSig,TSig/Ocr: 26.4dbars 22.8458C 35.4258PSU / 256.2uM 22.858C 30.625 8.451 47.535 / 0.7uM / -0.830993V /   56  136  541 / 0x84a5ecb6 0x88cffa5b 0x884ea69b 0x828b5989
(Jan 11 2026 21:56:15,  883775 sec) Profile()            Sample 62 initiated at 21.9dbars for bin 66 [20dbars].  PTS/O2,T2,TPhase,RPhase,RawTemp/NO3/pH/FSig,BbSig,TSig/Ocr: 21.8dbars 22.8480C 35.4255PSU / 256.3uM 22.864C 30.616 8.449 47.356 / 0.6uM / -0.831118V /   55  139  542 / 0x8691a06d 0x8c8724a4 0x8c231e6d 0x84a22b6d
(Jan 11 2026 21:57:39,  883859 sec) Profile()            Sample 63 initiated at 16.8dbars for bin 67 [15dbars].  PTS/O2,T2,TPhase,RPhase,RawTemp/NO3/pH/FSig,BbSig,TSig/Ocr: 16.8dbars 22.8481C 35.4256PSU / 256.3uM 22.869C 30.614 8.449 47.191 / 0.6uM / -0.830986V /   56  134  542 / 0x87845164 0x8cc22352 0x8c1713a4 0x85f86692
(Jan 11 2026 21:59:03,  883943 sec) Profile()            Sample 64 initiated at 11.8dbars for bin 68 [10dbars].  PTS/O2,T2,TPhase,RPhase,RawTemp/NO3/pH/FSig,BbSig,TSig/Ocr: 11.8dbars 22.8517C 35.4254PSU / 256.5uM 22.875C 30.603 8.446 46.983 / 0.7uM / -0.830898V /   52  136  541 / 0x8a870f52 0x91821e2d 0x90af4164 0x8a77bbc9
(Jan 11 2026 22:00:06,  884006 sec) Profile()            Sample 65 initiated at 7.9dbars for bin 69 [6dbars].  PTS/O2,T2,TPhase,RPhase,RawTemp/NO3/pH/FSig,BbSig,TSig/Ocr: 7.9dbars 22.8709C 35.4259PSU / 256.5uM 22.891C 30.596 8.446 46.479 / 0.8uM / -0.830826V /   53  135  542 / 0x8bed4900 0x926b27a4 0x9164ea12 0x8d0293ed
(Jan 11 2026 22:00:53,  884053 sec) SurfaceDetect()      SurfacePressure:0.1dbars Pressure:4.0dbars PistonPosition:156
(Jan 11 2026 22:00:53,  884053 sec) Sbe41cpStopCP()      Continuous profile stopped.
(Jan 11 2026 22:00:56,  884056 sec) PistonMoveAbsWTO()    156->178 157 158 159 160 161 162 163 164 165 166 167 168 169 170 171 172 173 174 175 176 177 178 [107sec, 14.9Volts, 0.171Amps, CPT:1744sec]
(Jan 11 2026 22:02:49,  884169 sec) chat()               Expected string [S>] not received.
(Jan 11 2026 22:04:37,  884277 sec) Sbe41cpBinAverage()  Finished averaging 12433 samples in 103 seconds.
(Jan 11 2026 22:04:42,  884282 sec) Sbe41cpUploadCP_()   Sbe41cpSerNo[20478] NSample[12433] NBin[493]
(Jan 11 2026 22:05:13,  884313 sec) Sbe41cpUploadCP_()   Continuous profile uploaded [493 lines].
(Jan 11 2026 22:05:27,  884327 sec) MscErrorLog_()       No error records to log.
(Jan 11 2026 22:05:37,  884337 sec) MscErrorLog_()       No error records to log.

<EOT>
