(Nov 01 2025 01:33:45,  453974 sec) TelemetryInit()      Profile 22. (Apf11 FwRev: 061125)
(Nov 01 2025 01:33:45,  453974 sec) TelemetryInit()      Charge consumption model: OCV:15.3V Wake-Cycles:33526 Standby:39.0days Wake:23.5kC Sensors:2.5kC
(Nov 01 2025 01:39:00,  454289 sec) GetSurfaceObs()      P/O2,T2,TPhase,RPhase,RawTemp/FSig,BbSig,TSig: 0.2dbars / 245.2uM 26.736C 29.596 8.575 -77.292 / 52,135,536
(Nov 01 2025 01:39:00,  454289 sec) GetSurfaceObs()      P/Ocr: 0.2dbars / 0x89f5a2d2 0x9097fb49 0x8be788b6 0x8ac4f464
(Nov 01 2025 01:39:33,  454322 sec) GetSurfaceObs()      P/O2,T2,TPhase,RPhase,RawTemp/FSig,BbSig,TSig: 0.2dbars / 245.3uM 26.841C 29.553 8.552 -80.641 / 53,139,535
(Nov 01 2025 01:39:33,  454322 sec) GetSurfaceObs()      P/Ocr: 0.2dbars / 0x8b231e09 0x91dfa15b 0x912b1f49 0x93888b00
(Nov 01 2025 01:40:06,  454355 sec) GetSurfaceObs()      P/O2,T2,TPhase,RPhase,RawTemp/FSig,BbSig,TSig: 0.3dbars / 245.0uM 26.850C 29.563 8.560 -80.931 / 53,137,535
(Nov 01 2025 01:40:06,  454355 sec) GetSurfaceObs()      P/Ocr: 0.3dbars / 0x8ae2bded 0x908c0509 0x90fa67a4 0x942e3249
(Nov 01 2025 01:40:40,  454389 sec) GetSurfaceObs()      P/O2,T2,TPhase,RPhase,RawTemp/FSig,BbSig,TSig: 0.2dbars / 246.1uM 26.636C 29.592 8.548 -74.123 / 53,135,535
(Nov 01 2025 01:40:40,  454389 sec) GetSurfaceObs()      P/Ocr: 0.2dbars / 0x8ad0b489 0x8cadf35b 0x8be9df6d 0x8ffd9289
(Nov 01 2025 01:43:53,  454582 sec) AirSystem()          Battery [216cnt, 15.2V]  Current [20cnt, 78.7mA]  Pneumometer [155cnt, 18.2psi]  Run-Time [92s]
(Nov 01 2025 01:44:06,  454595 sec) GetSurfaceObs()      P/O2,T2,TPhase,RPhase,RawTemp/FSig,BbSig,TSig: -0.1dbars / 247.7uM 25.757C 29.854 8.570 -46.066 / 52,137,535
(Nov 01 2025 01:44:06,  454595 sec) GetSurfaceObs()      P/Ocr: -0.1dbars / 0x85247a49 0x85d11292 0x853b485b 0x84c04749
(Nov 01 2025 01:44:39,  454628 sec) GetSurfaceObs()      P/O2,T2,TPhase,RPhase,RawTemp/FSig,BbSig,TSig: -0.1dbars / 247.7uM 25.707C 29.873 8.548 -44.466 / 53,138,535
(Nov 01 2025 01:44:39,  454628 sec) GetSurfaceObs()      P/Ocr: -0.1dbars / 0x868d261b 0x8852fc1b 0x87cee69b 0x85eca1c9
(Nov 01 2025 01:45:12,  454661 sec) GetSurfaceObs()      P/O2,T2,TPhase,RPhase,RawTemp/FSig,BbSig,TSig: 0.0dbars / 248.4uM 25.726C 29.836 8.543 -45.081 / 52,136,535
(Nov 01 2025 01:45:12,  454661 sec) GetSurfaceObs()      P/Ocr: 0.0dbars / 0x8c6da312 0x92ad5112 0x93d5019b 0x95e018ad
(Nov 01 2025 01:45:45,  454694 sec) GetSurfaceObs()      P/O2,T2,TPhase,RPhase,RawTemp/FSig,BbSig,TSig: -0.0dbars / 250.8uM 25.566C 29.793 8.543 -39.971 / 53,136,535
(Nov 01 2025 01:45:45,  454694 sec) GetSurfaceObs()      P/Ocr: -0.0dbars / 0x8b87e464 0x921c74d2 0x91b31a49 0x9232dd12
(Nov 01 2025 01:46:18,  454727 sec) GetSurfaceObs()      P/O2,T2,TPhase,RPhase,RawTemp/FSig,BbSig,TSig: -0.0dbars / 252.1uM 25.608C 29.721 8.542 -41.303 / 52,138,535
(Nov 01 2025 01:46:18,  454727 sec) GetSurfaceObs()      P/Ocr: -0.0dbars / 0x8a0596ad 0x8dc9c45b 0x8d902f40 0x8dc2b0d2
(Nov 01 2025 01:46:52,  454761 sec) GetSurfaceObs()      P/O2,T2,TPhase,RPhase,RawTemp/FSig,BbSig,TSig: -0.1dbars / 253.2uM 25.580C 29.681 8.538 -40.411 / 53,142,535
(Nov 01 2025 01:46:52,  454761 sec) GetSurfaceObs()      P/Ocr: -0.1dbars / 0x87018136 0x88869952 0x874c8389 0x86a8b749
(Nov 01 2025 01:47:25,  454794 sec) GetSurfaceObs()      P/O2,T2,TPhase,RPhase,RawTemp/FSig,BbSig,TSig: -0.0dbars / 251.6uM 25.741C 29.692 8.535 -45.554 / 53,158,535
(Nov 01 2025 01:47:25,  454794 sec) GetSurfaceObs()      P/Ocr: -0.0dbars / 0x89750536 0x8d717a5b 0x8c8f139b 0x8c7e1076
(Nov 01 2025 01:47:58,  454827 sec) GetSurfaceObs()      P/O2,T2,TPhase,RPhase,RawTemp/FSig,BbSig,TSig: -0.1dbars / 251.8uM 25.766C 29.674 8.534 -46.373 / 52,136,535
(Nov 01 2025 01:47:58,  454827 sec) GetSurfaceObs()      P/Ocr: -0.1dbars / 0x866231e4 0x86bc0312 0x85427736 0x84f87112
(Nov 01 2025 01:48:15,  454844 sec) AirSystem()          Battery [216cnt, 15.2V]  Current [20cnt, 77.8mA]  Pneumometer [158cnt, 18.6psi]  Run-Time [9s]
(Nov 01 2025 01:48:56,  454885 sec) GetSurfaceObs()      P/O2,T2,TPhase,RPhase,RawTemp/FSig,BbSig,TSig: -0.0dbars / 249.0uM 26.057C 29.682 8.536 -55.671 / 53,136,535
(Nov 01 2025 01:48:56,  454885 sec) GetSurfaceObs()      P/Ocr: -0.0dbars / 0x8e469876 0x87f7e580 0x96514f5b 0x9c0598d2
(Nov 01 2025 01:48:59,  454888 sec) GpsServices()        GPS almanac is current.
(Nov 01 2025 01:48:59,  454888 sec) GpsServices()        Initiating GPS fix acquisition.
(Nov 01 2025 01:49:07,  454896 sec) gga()                $GPGGA,014910,2738.2557,N,15806.4388,W,0,00,,,M,,M,,*44
(Nov 01 2025 01:49:13,  454902 sec) gga()                $GPGGA,014920,2738.2557,N,15806.4388,W,0,00,,,M,,M,,*47
(Nov 01 2025 01:49:24,  454913 sec) gga()                $GPGGA,014930,2737.0159,N,15809.8635,W,1,07,1.3,9.6,M,-5.5,M,,*49
(Nov 01 2025 01:49:24,  454913 sec) GpsServices()        Profile 22 GPS fix obtained in 25 seconds.
(Nov 01 2025 01:49:24,  454913 sec) GpsServices()                   lon      lat mm/dd/yyyy hhmmss nsat
(Nov 01 2025 01:49:24,  454913 sec) GpsServices()        Fix: -158.1644  27.6169 11/01/2025 014930    7
(Nov 01 2025 01:49:33,  454922 sec) gga()                $GPGGA,014940,2737.0179,N,15809.8637,W,1,11,0.8,18.9,M,-5.5,M,,*7C
(Nov 01 2025 01:49:42,  454931 sec) gga()                $GPGGA,014950,2737.0174,N,15809.8642,W,1,11,0.8,18.8,M,-5.5,M,,*73
(Nov 01 2025 01:49:42,  454931 sec) GpsServices()        APF11 RTC skew (-8s) OK.
(Nov 01 2025 01:49:43,  454932 sec) GpsServices()        GPS services complete.
(Nov 01 2025 01:50:10,  454959 sec) IrGeoLoc()           <x,y,z>=<-5244km,-2108km,2940km> lat=27.640 lon=-158.101 IrSysTime=0xef895977
(Nov 01 2025 01:50:14,  454963 sec) CLogin()             Connecting to primary host.
(Nov 01 2025 01:50:44,  454993 sec) CLogin()             Connection 1 established in 30 seconds.
(Nov 01 2025 01:51:18,  455027 sec) expect()             Attempt to read prompt string [Last login:] failed.
(Nov 01 2025 01:51:18,  455027 sec) login()              Login failed.
(Nov 01 2025 01:51:30,  455039 sec) login()              Login successful.
(Nov 01 2025 01:51:34,  455043 sec) CLogin()             Logged in to host.  [Login required 50 seconds]
(Nov 01 2025 01:51:35,  455044 sec) RxConfig()           Downloading "mission.cfg" from host.
(Nov 01 2025 01:51:47,  455056 sec) RxConfig()           Download successful: [bytes:50, sec:9.8, bps:5]
(Nov 01 2025 01:51:51,  455060 sec) WriteVitals_()       Writing vitals to "23808.022.msg".
(Nov 01 2025 01:51:58,  455067 sec) UpLoadFile()         Uploading "23808.022.log" to host.
(Nov 01 2025 01:54:12,  455201 sec) UpLoadFile()         Upload successful: [bytes:41891, sec:134.1, bps:312]
(Nov 01 2025 01:54:14,  455203 sec) fmove()              Moved: 23808.022.log -> archive/23808.022.log
(Nov 01 2025 01:54:17,  455206 sec) UpLoadFile()         Uploading "23808.022.msg" to host.
(Nov 01 2025 01:56:05,  455314 sec) UpLoadFile()         Upload successful: [bytes:32238, sec:107.7, bps:299]
(Nov 01 2025 01:56:06,  455315 sec) fmove()              Moved: 23808.022.msg -> archive/23808.022.msg
(Nov 01 2025 01:56:10,  455319 sec) UpLoadFile()         Uploading "23808.022.isus" to host.
(Nov 01 2025 01:57:35,  455404 sec) UpLoadFile()         Upload successful: [bytes:24792, sec:85.0, bps:292]
(Nov 01 2025 01:57:36,  455405 sec) fmove()              Moved: 23808.022.isus -> archive/23808.022.isus
(Nov 01 2025 01:57:40,  455409 sec) UpLoadFile()         Uploading "23808.022.dura" to host.
(Nov 01 2025 01:58:30,  455459 sec) UpLoadFile()         Upload successful: [bytes:12211, sec:50.0, bps:244]
(Nov 01 2025 01:58:31,  455460 sec) fmove()              Moved: 23808.022.dura -> archive/23808.022.dura
(Nov 01 2025 01:58:32,  455461 sec) UpLoad()             Files successfully uploaded: 4
(Nov 01 2025 01:58:32,  455461 sec) UpLoad()             Upload complete.
(Nov 01 2025 01:58:36,  455465 sec) logout()             Log-out successful.
(Nov 01 2025 01:58:37,  455466 sec) Telemetry()          Telemetry cycle complete: PrfId=22 ConnectionAttempts=1  Connections=1
(Nov 01 2025 01:58:37,  455466 sec) TelemetryTerminate() Parsing new mission configuration.
(Nov 01 2025 01:58:38,  455467 sec) configure()          Parsing configurators in "mission.cfg".
(Nov 01 2025 01:58:38,  455467 sec) configure()             TelemetryRetry(15)      [0x7BBC] [TelemetryRetry(15)].
(Nov 01 2025 01:58:38,  455467 sec) configure()             DownTime(14400) [CRC=0x9F62] [DownTime(14400)].
(Nov 01 2025 01:58:39,  455468 sec) configure()          Configuration CRCs and syntax OK.
(Nov 01 2025 01:58:39,  455468 sec) ConfigSupervisor()   Configuration accepted.
(Nov 01 2025 01:58:39,  455468 sec) LogConfiguration()   Mission configuration for Apf11 FwRev 061125:
(Nov 01 2025 01:58:39,  455468 sec) LogConfiguration()      AscentTimeOut(540) [min]
(Nov 01 2025 01:58:39,  455468 sec) LogConfiguration()      AtDialCmd(AT+CBST=71,0,1;DT00881600005496) [primary]
(Nov 01 2025 01:58:39,  455468 sec) LogConfiguration()      AltDialCmd(ATDT0012066163256) [alternate]
(Nov 01 2025 01:58:39,  455468 sec) LogConfiguration()      BuoyancyNudge(10) [count]
(Nov 01 2025 01:58:39,  455468 sec) LogConfiguration()      BuoyancyNudgeInitial(22) [count]
(Nov 01 2025 01:58:39,  455468 sec) LogConfiguration()      CompensatorHyperRetraction(0) [count]
(Nov 01 2025 01:58:39,  455468 sec) LogConfiguration()      ConnectTimeOut(60) [sec]
(Nov 01 2025 01:58:39,  455468 sec) LogConfiguration()      CpActivationP(985) [dbar]
(Nov 01 2025 01:58:39,  455468 sec) LogConfiguration()      DeepProfileDescentTime(240) [min]
(Nov 01 2025 01:58:39,  455468 sec) LogConfiguration()      DeepProfilePistonPos(9) [count]
(Nov 01 2025 01:58:39,  455468 sec) LogConfiguration()      DeepProfilePressure(2025) [dbar]
(Nov 01 2025 01:58:39,  455468 sec) LogConfiguration()      DownTime(14400) [min]
(Nov 01 2025 01:58:39,  455468 sec) LogConfiguration()      DuraRefWarmUpHrs(255)
(Nov 01 2025 01:58:39,  455468 sec) LogConfiguration()      DuraInit(-1) [Enable<0, Disable=0, Enable&Init>0]
(Nov 01 2025 01:58:39,  455468 sec) LogConfiguration()      FatFsEnable(1)
(Nov 01 2025 01:58:39,  455468 sec) LogConfiguration()      FlbbMode(1)
(Nov 01 2025 01:58:39,  455468 sec) LogConfiguration()      FloatId(23808)
(Nov 01 2025 01:58:39,  455468 sec) LogConfiguration()      FullExtension(231) [count]
(Nov 01 2025 01:58:39,  455468 sec) LogConfiguration()      FullRetraction(9) [count]
(Nov 01 2025 01:58:39,  455468 sec) LogConfiguration()      IsusInit(-1) [Enable<0, Disable=0, Enable&Init>0]
(Nov 01 2025 01:58:39,  455468 sec) LogConfiguration()      MaxAirBladder(154) [count]
(Nov 01 2025 01:58:39,  455468 sec) LogConfiguration()      MaxLogKb(60) [KByte]
(Nov 01 2025 01:58:39,  455468 sec) LogConfiguration()      MissionPrelude(360) [min]
(Nov 01 2025 01:58:39,  455468 sec) LogConfiguration()      OcrInit(-500) [dbar]
(Nov 01 2025 01:58:39,  455468 sec) LogConfiguration()      OkVacuum(230) [count]
(Nov 01 2025 01:58:39,  455468 sec) LogConfiguration()      OptodeMode(1)
(Nov 01 2025 01:58:39,  455468 sec) LogConfiguration()      PActivationPistonPosition(16) [count]
(Nov 01 2025 01:58:39,  455468 sec) LogConfiguration()      ParkDescentTime(240) [min]
(Nov 01 2025 01:58:39,  455468 sec) LogConfiguration()      ParkPistonPos(53) [count]
(Nov 01 2025 01:58:39,  455468 sec) LogConfiguration()      ParkPressure(1000) [dbar]
(Nov 01 2025 01:58:39,  455468 sec) LogConfiguration()      PnPCycleLen(1)
(Nov 01 2025 01:58:39,  455468 sec) LogConfiguration()      Pwd(0xafb3)
(Nov 01 2025 01:58:39,  455468 sec) LogConfiguration()      TelemetryRetry(15) [min]
(Nov 01 2025 01:58:39,  455468 sec) LogConfiguration()      TimeOfDay(DISABLED) [min]
(Nov 01 2025 01:58:39,  455468 sec) LogConfiguration()      UpTime(660) [min]
(Nov 01 2025 01:58:39,  455468 sec) LogConfiguration()      User(f23808)
(Nov 01 2025 01:58:39,  455468 sec) LogConfiguration()      ZModemTimeOut(80) [sec]
(Nov 01 2025 01:58:39,  455468 sec) LogConfiguration()      Verbosity(2)
(Nov 01 2025 01:58:39,  455468 sec) LogConfiguration()      DebugBits(0x0002)
(Nov 01 2025 01:58:39,  455468 sec) TelemetryTerminate() Reconditioning the file system.
(Nov 01 2025 01:58:42,       0 sec) DescentInit()        Deep profile 23 initiated at mission-time 455471sec.
(Nov 01 2025 01:58:43,       1 sec) DescentInit()        Surface pressure: -0.1dbars.
(Nov 01 2025 01:58:43,       1 sec) DescentInit()        Charge consumption model: OCV:15.0V Wake-Cycles:33527 Standby:39.0days Wake:23.5kC Sleep:2.5kC
(Nov 01 2025 01:58:55,      13 sec) DescentInit()        Pneumatic humidity: 2895(60.4%) -> 2900(60.5%)
(Nov 01 2025 01:58:55,      13 sec) PistonMoveAbsWTO()    193->053 192 191 190 189 188 187 186 185 184 183 182 181 180 179 178 177 176 175 174 173 172 171 170 169 168 167 166 165 164 163 162 161 160 159 158 157 156 155 154 153 152 151 150 149 148 147 146 145 144 143 142 141 140 139 138 137 136 135 134 133 132 131 130 129 128 127 126 125 124 123 122 121 120 119 118 117 116 115 114 113 112 111 110 109 108 107 106 105 104 103 102 101 100 099 098 097 096 095 094 093 092 091 090 089 088 087 086 085 084 083 082 081 080 079 078 077 076 075 074 073 072 071 070 069 068 067 066 065 064 063 062 061 060 059 058 057 056 055 054 053 [684sec, 15.0Volts, 0.137Amps, CPT:684sec]
(Nov 01 2025 02:10:23,     701 sec) DescentInit()        Air solenoid open: Barometer [209cnt,  12.2psi]  Pneumometer [107cnt,  12.5psi]
(Nov 01 2025 02:10:33,     711 sec) Descent()            Pressure: 71.2
(Nov 01 2025 02:58:42,    3600 sec) Descent()            Pressure: 512.6
(Nov 01 2025 03:58:42,    7200 sec) Descent()            Pressure: 851.7
(Nov 01 2025 04:58:42,   10800 sec) Descent()            Pressure: 979.3
(Nov 01 2025 05:58:42,   14400 sec) Descent()            Pressure: 992.0
(Nov 01 2025 05:58:43,   14401 sec) ParkInit()           Charge consumption model: OCV:15.4V Wake-Cycles:33532 Standby:39.2days Wake:23.8kC Sensors:2.5kC
(Nov 10 2025 20:58:50,  846008 sec) Park()               ParkPOutOfBand[3, 1012.7 dbars]: extend piston.
(Nov 10 2025 20:58:50,  846008 sec) PistonMoveAbsWTO()    053->054 054 [2sec, 14.5Volts, 0.442Amps, CPT:686sec]
(Nov 10 2025 21:59:14,  849632 sec) CtdPower()           [ 1006.06,  3.9087, 34.3864]
(Nov 10 2025 21:59:14,  849632 sec) CtdPower()           CTD Power consumption [216VCnt 3ACnt]: 15.179Volts * 0.012Amps = 0.18Watts.
(Nov 10 2025 21:59:20,  849638 sec) ParkTerminate()      Piston Position:54 Vacuum:190 HumidityAd12:4094(inf%) Vq:218 Aq:2 Vsbe:216 Asbe:3 Vflbb:211 Aflbb:11 Vopt:209 Aopt:13 Vocr:212 Aocr:7 MuxTemp:3.924C MuxHumidity:7.0%
(Nov 10 2025 21:59:50,  849668 sec) ParkTerminate()      PTS/O2,T2,TPhase,RawTemp: 1006.0dbars 3.9063C 34.3877PSU / 33.6uM 3.902C 57.446 7.983 660.496
(Nov 10 2025 21:59:50,  849668 sec) ParkTerminate()      FLBB FSig, BbSig, TSig: 54, 112, 572 / Ocr: nan nan nan nan
(Nov 10 2025 21:59:51,  849669 sec) GoDeepInit()         Charge consumption model: OCV:15.3V Wake-Cycles:33764 Standby:48.8days Wake:24.1kC Sensors:2.5kC
(Nov 10 2025 21:59:51,  849669 sec) GoDeepInit()         Moving piston.
(Nov 10 2025 21:59:51,  849669 sec) PistonMoveAbsWTO()    054->009 053 052 051 050 049 048 047 046 045 044 043 042 041 040 039 038 037 036 035 034 033 032 031 030 029 028 027 026 025 024 023 022 021 020 019 018 017 016 015 014 013 012 011 010 009 [218sec, 15.0Volts, 0.055Amps, CPT:904sec]
(Nov 11 2025 01:58:42,  864000 sec) ProfileInit()        Charge consumption model: OCV:15.4V Wake-Cycles:33812 Standby:49.0days Wake:24.1kC Sensors:2.5kC
(Nov 11 2025 01:58:42,  864000 sec) ProfileInit()        PrfId:023  Pressure:1633.8dbar  pTable[4]:1600dbar
(Nov 11 2025 01:58:44,  864002 sec) ProfileInit()        Muxer PPIs K{1,2} quiescent: 15.20V, 0.0mA, 0.0mW
(Nov 11 2025 01:58:48,  864006 sec) ProfileInit()        ISUS powered up.
(Nov 11 2025 01:58:51,  864009 sec) ProfileInit()        Muxer PPIs K{1,2} w/ ISUS awake: 14.92V, 57.8mA, 862.4mW
(Nov 11 2025 01:58:58,  864016 sec) MscErrorLog_()       No error records to log.
(Nov 11 2025 01:59:04,  864022 sec) ProfileInit()        DURA powered up.
(Nov 11 2025 01:59:08,  864026 sec) ProfileInit()        Muxer PPIs K{1,2} w/ DURA awake: 15.00V, 47.1mA, 706.3mW
(Nov 11 2025 01:59:14,  864032 sec) MscErrorLog_()       No error records to log.
(Nov 11 2025 01:59:19,  864037 sec) PistonMoveAbsWTO()    009->031 010 011 012 013 014 015 [30sec, 14.4Volts, 0.549Amps, CPT:934sec]
(Nov 11 2025 02:00:00,  864078 sec) PistonMoveAbsWTO()    015->031 016 017 018 019 020 [30sec, 14.2Volts, 0.547Amps, CPT:964sec]
(Nov 11 2025 02:00:41,  864119 sec) PistonMoveAbsWTO()    020->031 021 022 023 024 025 [30sec, 14.1Volts, 0.538Amps, CPT:994sec]
(Nov 11 2025 02:01:22,  864160 sec) PistonMoveAbsWTO()    025->031 026 027 028 029 030 [30sec, 14.1Volts, 0.535Amps, CPT:1024sec]
(Nov 11 2025 02:02:03,  864201 sec) PistonMoveAbsWTO()    030->031 031 [2sec, 14.1Volts, 0.547Amps, CPT:1026sec]
(Nov 11 2025 02:05:58,  864436 sec) Profile()            Sample 0 initiated at 1602.0dbars for bin 4 [1600dbars].  PTS/O2,T2,TPhase,RPhase,RawTemp/NO3/pH/FSig,BbSig,TSig/Ocr: 1599.6dbars 2.5530C 34.5706PSU / 78.6uM 2.548C 52.776 8.005 701.583 / 40.9uM / -0.885270V /   54  111  574 / nan nan nan nan
(Nov 11 2025 02:22:44,  865442 sec) Profile()            Sample 1 initiated at 1502.0dbars for bin 5 [1500dbars].  PTS/O2,T2,TPhase,RPhase,RawTemp/NO3/pH/FSig,BbSig,TSig/Ocr: 1500.3dbars 2.7201C 34.5564PSU / 73.3uM 2.714C 53.250 8.019 696.565 / 41.2uM / -0.885216V /   54  112  574 / nan nan nan nan
(Nov 11 2025 02:29:12,  865830 sec) AscentControlAgent() Bouyancy nudge to 41 (v=0.073dbar/sec).
(Nov 11 2025 02:29:12,  865830 sec) PistonMoveAbsWTO()    031->041 032 033 034 035 036 [30sec, 14.5Volts, 0.505Amps, CPT:1056sec]
(Nov 11 2025 02:29:53,  865871 sec) PistonMoveAbsWTO()    036->041 037 038 039 040 041 [25sec, 14.3Volts, 0.506Amps, CPT:1081sec]
(Nov 11 2025 02:42:17,  866615 sec) Profile()            Sample 2 initiated at 1401.6dbars for bin 6 [1400dbars].  PTS/O2,T2,TPhase,RPhase,RawTemp/NO3/pH/FSig,BbSig,TSig/Ocr: 1399.8dbars 2.9343C 34.5375PSU / 67.5uM 2.927C 53.771 8.023 690.120 / 41.5uM / -0.885250V /   54  112  573 / nan nan nan nan
(Nov 11 2025 02:59:58,  867676 sec) AscentControlAgent() Bouyancy nudge to 51 (v=0.076dbar/sec).
(Nov 11 2025 02:59:58,  867676 sec) PistonMoveAbsWTO()    041->051 042 043 044 045 046 [30sec, 14.6Volts, 0.471Amps, CPT:1111sec]
(Nov 11 2025 03:00:39,  867717 sec) PistonMoveAbsWTO()    046->051 047 048 049 050 051 [25sec, 14.4Volts, 0.466Amps, CPT:1136sec]
(Nov 11 2025 03:02:13,  867811 sec) Profile()            Sample 3 initiated at 1302.0dbars for bin 7 [1300dbars].  PTS/O2,T2,TPhase,RPhase,RawTemp/NO3/pH/FSig,BbSig,TSig/Ocr: 1299.8dbars 3.1746C 34.5187PSU / 63.1uM 3.168C 54.150 8.025 682.839 / 41.7uM / -0.884957V /   54  114  573 / nan nan nan nan
(Nov 11 2025 03:19:22,  868840 sec) Profile()            Sample 4 initiated at 1201.7dbars for bin 8 [1200dbars].  PTS/O2,T2,TPhase,RPhase,RawTemp/NO3/pH/FSig,BbSig,TSig/Ocr: 1199.9dbars 3.3308C 34.5015PSU / 58.4uM 3.324C 54.616 8.030 678.084 / 41.9uM / -0.884738V /   55  115  573 / nan nan nan nan
(Nov 11 2025 03:25:28,  869206 sec) AscentControlAgent() Bouyancy nudge to 61 (v=0.077dbar/sec).
(Nov 11 2025 03:25:28,  869206 sec) PistonMoveAbsWTO()    051->061 052 053 054 055 056 [30sec, 14.5Volts, 0.433Amps, CPT:1166sec]
(Nov 11 2025 03:26:09,  869247 sec) PistonMoveAbsWTO()    056->061 057 058 059 060 061 [24sec, 14.4Volts, 0.435Amps, CPT:1190sec]
(Nov 11 2025 03:37:48,  869946 sec) Profile()            Sample 5 initiated at 1101.6dbars for bin 9 [1100dbars].  PTS/O2,T2,TPhase,RPhase,RawTemp/NO3/pH/FSig,BbSig,TSig/Ocr: 1099.7dbars 3.5325C 34.4771PSU / 52.4uM 3.525C 55.241 8.033 671.973 / 42.2uM / -0.884634V /   55  115  572 / nan nan nan nan
(Nov 11 2025 03:45:55,  870433 sec) AscentControlAgent() Bouyancy nudge to 71 (v=0.079dbar/sec).
(Nov 11 2025 03:45:55,  870433 sec) PistonMoveAbsWTO()    061->071 062 063 064 065 066 [30sec, 14.6Volts, 0.405Amps, CPT:1220sec]
(Nov 11 2025 03:46:36,  870474 sec) PistonMoveAbsWTO()    066->071 067 068 069 070 071 [23sec, 14.4Volts, 0.410Amps, CPT:1243sec]
(Nov 11 2025 03:56:13,  871051 sec) Profile()            Sample 6 initiated at 1001.8dbars for bin 10 [1000dbars].  PTS/O2,T2,TPhase,RPhase,RawTemp/NO3/pH/FSig,BbSig,TSig/Ocr: 999.8dbars 3.8306C 34.4253PSU / 42.0uM 3.822C 56.390 8.037 662.933 / 42.6uM / -0.884551V /   55  117  572 / nan nan nan nan
(Nov 11 2025 03:59:35,  871253 sec) Sbe41cpStartCP()     Continuous profile started.
(Nov 11 2025 04:04:48,  871566 sec) Profile()            Sample 7 initiated at 951.1dbars for bin 11 [950dbars].  PTS/O2,T2,TPhase,RPhase,RawTemp/NO3/pH/FSig,BbSig,TSig/Ocr: 951.1dbars 3.8898C 34.3868PSU / 34.5uM 3.882C 57.337 8.041 661.103 / 43.0uM / -0.885316V /   54  114  572 / nan nan nan nan
(Nov 11 2025 04:08:19,  871777 sec) PistonMoveAbsWTO()    070->071 071 [1sec, 14.6Volts, 0.415Amps, CPT:1244sec]
(Nov 11 2025 04:15:11,  872189 sec) Profile()            Sample 8 initiated at 901.9dbars for bin 12 [900dbars].  PTS/O2,T2,TPhase,RPhase,RawTemp/NO3/pH/FSig,BbSig,TSig/Ocr: 901.9dbars 4.0714C 34.3348PSU / 27.9uM 4.062C 58.164 8.043 655.590 / 43.2uM / -0.885744V /   56  114  571 / nan nan nan nan
(Nov 11 2025 04:16:28,  872266 sec) AscentControlAgent() Bouyancy nudge to 81 (v=0.067dbar/sec).
(Nov 11 2025 04:16:29,  872267 sec) PistonMoveAbsWTO()    071->081 072 073 074 075 076 [30sec, 14.5Volts, 0.374Amps, CPT:1274sec]
(Nov 11 2025 04:17:10,  872308 sec) PistonMoveAbsWTO()    076->081 077 078 079 080 081 [23sec, 14.4Volts, 0.365Amps, CPT:1297sec]
(Nov 11 2025 04:25:42,  872820 sec) Profile()            Sample 9 initiated at 851.3dbars for bin 13 [850dbars].  PTS/O2,T2,TPhase,RPhase,RawTemp/NO3/pH/FSig,BbSig,TSig/Ocr: 851.2dbars 4.2131C 34.2921PSU / 26.6uM 4.204C 58.308 8.049 651.250 / 42.9uM / -0.885414V /   55  116  571 / nan nan nan nan
(Nov 11 2025 04:35:50,  873428 sec) Profile()            Sample 10 initiated at 801.6dbars for bin 14 [800dbars].  PTS/O2,T2,TPhase,RPhase,RawTemp/NO3/pH/FSig,BbSig,TSig/Ocr: 801.5dbars 4.3527C 34.2447PSU / 27.1uM 4.345C 58.213 8.053 646.920 / 42.8uM / -0.885236V /   56  117  571 / nan nan nan nan
(Nov 11 2025 04:36:45,  873483 sec) AscentControlAgent() Bouyancy nudge to 91 (v=0.077dbar/sec).
(Nov 11 2025 04:36:45,  873483 sec) PistonMoveAbsWTO()    081->091 082 083 084 085 086 [30sec, 14.5Volts, 0.353Amps, CPT:1327sec]
(Nov 11 2025 04:37:27,  873525 sec) PistonMoveAbsWTO()    086->091 087 088 089 090 091 [23sec, 14.4Volts, 0.346Amps, CPT:1350sec]
(Nov 11 2025 04:45:24,  874002 sec) Profile()            Sample 11 initiated at 751.4dbars for bin 15 [750dbars].  PTS/O2,T2,TPhase,RPhase,RawTemp/NO3/pH/FSig,BbSig,TSig/Ocr: 751.3dbars 4.5771C 34.1880PSU / 32.0uM 4.568C 57.494 8.059 640.052 / 42.2uM / -0.884535V /   54  114  571 / nan nan nan nan
(Nov 11 2025 04:52:00,  874398 sec) AscentControlAgent() Bouyancy nudge to 101 (v=0.080dbar/sec).
(Nov 11 2025 04:52:00,  874398 sec) PistonMoveAbsWTO()    091->101 092 093 094 095 096 [30sec, 14.5Volts, 0.333Amps, CPT:1380sec]
(Nov 11 2025 04:52:41,  874439 sec) PistonMoveAbsWTO()    096->101 097 098 099 100 101 [22sec, 14.4Volts, 0.327Amps, CPT:1402sec]
(Nov 11 2025 04:55:19,  874597 sec) Profile()            Sample 12 initiated at 701.1dbars for bin 16 [700dbars].  PTS/O2,T2,TPhase,RPhase,RawTemp/NO3/pH/FSig,BbSig,TSig/Ocr: 701.0dbars 4.9408C 34.1221PSU / 43.6uM 4.933C 55.884 8.066 628.805 / 40.7uM / -0.883005V /   55  116  570 / nan nan nan nan
(Nov 11 2025 05:03:12,  875070 sec) PistonMoveAbsWTO()    100->101 101 [1sec, 14.6Volts, 0.359Amps, CPT:1403sec]
(Nov 11 2025 05:04:00,  875118 sec) Profile()            Sample 13 initiated at 651.3dbars for bin 17 [650dbars].  PTS/O2,T2,TPhase,RPhase,RawTemp/NO3/pH/FSig,BbSig,TSig/Ocr: 651.2dbars 5.4698C 34.0574PSU / 71.1uM 5.460C 52.450 8.083 612.503 / 37.9uM / -0.879968V /   54  116  570 / nan nan nan nan
(Nov 11 2025 05:13:24,  875682 sec) Profile()            Sample 14 initiated at 601.4dbars for bin 18 [600dbars].  PTS/O2,T2,TPhase,RPhase,RawTemp/NO3/pH/FSig,BbSig,TSig/Ocr: 601.3dbars 5.8519C 34.0388PSU / 83.6uM 5.844C 50.962 8.098 600.570 / 36.6uM / -0.878424V /   53  116  569 / nan nan nan nan
(Nov 11 2025 05:17:26,  875924 sec) AscentControlAgent() Bouyancy nudge to 111 (v=0.078dbar/sec).
(Nov 11 2025 05:17:26,  875924 sec) PistonMoveAbsWTO()    101->111 102 103 104 105 106 [30sec, 14.6Volts, 0.306Amps, CPT:1433sec]
(Nov 11 2025 05:18:07,  875965 sec) PistonMoveAbsWTO()    106->111 107 108 109 110 111 [22sec, 14.5Volts, 0.297Amps, CPT:1455sec]
(Nov 11 2025 05:23:18,  876276 sec) Profile()            Sample 15 initiated at 551.6dbars for bin 19 [550dbars].  PTS/O2,T2,TPhase,RPhase,RawTemp/NO3/pH/FSig,BbSig,TSig/Ocr: 551.5dbars 6.6809C 34.0093PSU / 116.1uM 6.670C 47.482 8.123 574.753 / 32.5uM / -0.873806V /   53  123  568 / nan nan nan nan
(Nov 11 2025 05:33:04,  876862 sec) Profile()            Sample 16 initiated at 501.4dbars for bin 20 [500dbars].  PTS/O2,T2,TPhase,RPhase,RawTemp/NO3/pH/FSig,BbSig,TSig/Ocr: 501.4dbars 7.4812C 34.0028PSU / 153.6uM 7.479C 44.046 8.152 549.279 / 28.0uM / -0.868732V /   52  118  567 / nan nan nan nan
(Nov 11 2025 05:38:14,  877172 sec) AscentControlAgent() Bouyancy nudge to 121 (v=0.079dbar/sec).
(Nov 11 2025 05:38:14,  877172 sec) PistonMoveAbsWTO()    111->121 112 113 114 115 116 [30sec, 14.6Volts, 0.278Amps, CPT:1485sec]
(Nov 11 2025 05:38:56,  877214 sec) PistonMoveAbsWTO()    116->121 117 118 119 120 121 [22sec, 14.5Volts, 0.270Amps, CPT:1507sec]
(Nov 11 2025 05:43:00,  877458 sec) Profile()            Sample 17 initiated at 451.5dbars for bin 21 [450dbars].  PTS/O2,T2,TPhase,RPhase,RawTemp/NO3/pH/FSig,BbSig,TSig/Ocr: 451.4dbars 8.2687C 34.0082PSU / 188.7uM 8.265C 41.222 8.173 524.353 / 24.0uM / -0.863860V /   52  118  566 / 0x80068612 0x80004fc0 0x80086d40 0x7fffdb64
(Nov 11 2025 05:53:14,  878072 sec) Profile()            Sample 18 initiated at 401.2dbars for bin 22 [400dbars].  PTS/O2,T2,TPhase,RPhase,RawTemp/NO3/pH/FSig,BbSig,TSig/Ocr: 401.1dbars 9.7016C 34.0609PSU / 228.2uM 9.700C 38.158 8.213 478.504 / 17.8uM / -0.857460V /   50  116  564 / 0x80067c36 0x80002b80 0x80085780 0x7fffb512
(Nov 11 2025 05:57:24,  878322 sec) Profile()            Sample 19 initiated at 381.4dbars for bin 23 [380dbars].  PTS/O2,T2,TPhase,RPhase,RawTemp/NO3/pH/FSig,BbSig,TSig/Ocr: 381.3dbars 10.4215C 34.1165PSU / 237.0uM 10.424C 37.322 8.230 455.187 / 15.7uM / -0.855201V /   50  116  563 / 0x800669d2 0x8000125b 0x80084f49 0x7fffb5ed
(Nov 11 2025 05:58:42,  878400 sec) AscentControlAgent() Bouyancy nudge to 131 (v=0.077dbar/sec).
(Nov 11 2025 05:58:42,  878400 sec) PistonMoveAbsWTO()    121->131 122 123 124 125 126 [30sec, 14.6Volts, 0.252Amps, CPT:1537sec]
(Nov 11 2025 05:59:23,  878441 sec) PistonMoveAbsWTO()    126->131 127 128 129 130 131 [22sec, 14.6Volts, 0.249Amps, CPT:1559sec]
(Nov 11 2025 06:01:21,  878559 sec) Profile()            Sample 20 initiated at 361.6dbars for bin 24 [360dbars].  PTS/O2,T2,TPhase,RPhase,RawTemp/NO3/pH/FSig,BbSig,TSig/Ocr: 361.5dbars 10.9170C 34.1414PSU / 243.0uM 10.917C 36.759 8.249 439.253 / 14.5uM / -0.853679V /   50  118  562 / 0x80066476 0x80001b00 0x80084900 0x7fffac1b
(Nov 11 2025 06:03:07,  878665 sec) Profile()            Sample 21 initiated at 351.3dbars for bin 25 [350dbars].  PTS/O2,T2,TPhase,RPhase,RawTemp/NO3/pH/FSig,BbSig,TSig/Ocr: 351.2dbars 11.2366C 34.1750PSU / 244.7uM 11.241C 36.509 8.262 428.774 / 13.8uM / -0.853083V /   50  118  562 / 0x80066bed 0x800030a4 0x80084536 0x7fffadd2
(Nov 11 2025 06:04:54,  878772 sec) Profile()            Sample 22 initiated at 341.5dbars for bin 26 [340dbars].  PTS/O2,T2,TPhase,RPhase,RawTemp/NO3/pH/FSig,BbSig,TSig/Ocr: 341.4dbars 11.2847C 34.1771PSU / 245.5uM 11.298C 36.437 8.268 426.922 / 13.6uM / -0.852719V /   50  117  561 / 0x8006696d 0x800011db 0x80084192 0x7fffaadb
(Nov 11 2025 06:06:51,  878889 sec) Profile()            Sample 23 initiated at 331.7dbars for bin 27 [330dbars].  PTS/O2,T2,TPhase,RPhase,RawTemp/NO3/pH/FSig,BbSig,TSig/Ocr: 331.6dbars 11.6549C 34.1870PSU / 246.1uM 11.652C 36.229 8.274 415.409 / 12.6uM / -0.852099V /   50  117  561 / 0x800669c9 0x80000952 0x80085089 0x7fffa3b6
(Nov 11 2025 06:08:59,  879017 sec) Profile()            Sample 24 initiated at 321.8dbars for bin 28 [320dbars].  PTS/O2,T2,TPhase,RPhase,RawTemp/NO3/pH/FSig,BbSig,TSig/Ocr: 321.7dbars 12.0404C 34.2196PSU / 246.3uM 12.050C 36.020 8.284 402.485 / 11.9uM / -0.851273V /   50  117  560 / 0x80065fd2 0x7fffeca4 0x800848ed 0x7fffa364
(Nov 11 2025 06:11:19,  879157 sec) Profile()            Sample 25 initiated at 311.5dbars for bin 29 [310dbars].  PTS/O2,T2,TPhase,RPhase,RawTemp/NO3/pH/FSig,BbSig,TSig/Ocr: 311.5dbars 12.3963C 34.2443PSU / 247.2uM 12.393C 35.804 8.293 391.290 / 11.2uM / -0.850566V /   50  116  560 / 0x80066480 0x800000a4 0x80083e40 0x7fffaf40
(Nov 11 2025 06:13:38,  879296 sec) Profile()            Sample 26 initiated at 301.2dbars for bin 30 [300dbars].  PTS/O2,T2,TPhase,RPhase,RawTemp/NO3/pH/FSig,BbSig,TSig/Ocr: 301.2dbars 12.6417C 34.2580PSU / 247.5uM 12.638C 35.664 8.295 383.315 / 10.7uM / -0.849999V /   50  116  559 / 0x8006641b 0x7ffff8d2 0x800831ed 0x7fff9824
(Nov 11 2025 06:14:01,  879319 sec) AscentControlAgent() Bouyancy nudge to 141 (v=0.074dbar/sec).
(Nov 11 2025 06:14:01,  879319 sec) PistonMoveAbsWTO()    131->141 132 133 134 135 136 [30sec, 14.6Volts, 0.232Amps, CPT:1589sec]
(Nov 11 2025 06:14:42,  879360 sec) PistonMoveAbsWTO()    136->141 137 138 139 140 141 [22sec, 14.6Volts, 0.236Amps, CPT:1611sec]
(Nov 11 2025 06:15:55,  879433 sec) Profile()            Sample 27 initiated at 290.3dbars for bin 31 [290dbars].  PTS/O2,T2,TPhase,RPhase,RawTemp/NO3/pH/FSig,BbSig,TSig/Ocr: 290.2dbars 12.9449C 34.2749PSU / 248.2uM 12.946C 35.477 8.301 373.233 / 10.0uM / -0.849379V /   50  118  559 / 0x800654ad 0x7ffff9e4 0x80084736 0x7fff9364
(Nov 11 2025 06:17:19,  879517 sec) Profile()            Sample 28 initiated at 281.7dbars for bin 32 [280dbars].  PTS/O2,T2,TPhase,RPhase,RawTemp/NO3/pH/FSig,BbSig,TSig/Ocr: 281.6dbars 13.2705C 34.2926PSU / 249.1uM 13.262C 35.278 8.303 362.916 / 9.1uM / -0.848616V /   50  118  558 / 0x80066300 0x7ffff6db 0x80084252 0x7fff9876
(Nov 11 2025 06:18:54,  879612 sec) Profile()            Sample 29 initiated at 271.9dbars for bin 33 [270dbars].  PTS/O2,T2,TPhase,RPhase,RawTemp/NO3/pH/FSig,BbSig,TSig/Ocr: 271.8dbars 13.4381C 34.3093PSU / 250.6uM 13.450C 35.113 8.310 356.755 / 8.7uM / -0.848248V /   50  116  558 / 0x80065209 0x7fffddb6 0x80083580 0x7fff8e52
(Nov 11 2025 06:20:41,  879719 sec) Profile()            Sample 30 initiated at 261.3dbars for bin 34 [260dbars].  PTS/O2,T2,TPhase,RPhase,RawTemp/NO3/pH/FSig,BbSig,TSig/Ocr: 261.2dbars 13.7319C 34.3284PSU / 251.2uM 13.731C 34.945 8.317 347.552 / 8.1uM / -0.847639V /   50  118  558 / 0x80064c76 0x7fffe364 0x800831e4 0x7fff8a00
(Nov 11 2025 06:22:27,  879825 sec) Profile()            Sample 31 initiated at 251.5dbars for bin 35 [250dbars].  PTS/O2,T2,TPhase,RPhase,RawTemp/NO3/pH/FSig,BbSig,TSig/Ocr: 251.4dbars 13.9472C 34.3464PSU / 250.8uM 13.949C 34.859 8.322 340.421 / 7.7uM / -0.847242V /   50  115  557 / 0x80064364 0x7ffff400 0x80083e64 0x7fff8652
(Nov 11 2025 06:24:24,  879942 sec) Profile()            Sample 32 initiated at 241.4dbars for bin 36 [240dbars].  PTS/O2,T2,TPhase,RPhase,RawTemp/NO3/pH/FSig,BbSig,TSig/Ocr: 241.3dbars 14.3370C 34.3774PSU / 249.5uM 14.324C 34.738 8.330 328.092 / 7.1uM / -0.846619V /   50  115  557 / 0x80064980 0x7ffff089 0x80082964 0x7fff8e64
(Nov 11 2025 06:26:22,  880060 sec) Profile()            Sample 33 initiated at 231.8dbars for bin 37 [230dbars].  PTS/O2,T2,TPhase,RPhase,RawTemp/NO3/pH/FSig,BbSig,TSig/Ocr: 231.7dbars 14.7021C 34.4133PSU / 248.0uM 14.715C 34.620 8.334 315.265 / 6.6uM / -0.845993V /   51  117  556 / 0x800656f6 0x7fffd7b6 0x80082576 0x7fff91c0
(Nov 11 2025 06:28:19,  880177 sec) Profile()            Sample 34 initiated at 221.9dbars for bin 38 [220dbars].  PTS/O2,T2,TPhase,RPhase,RawTemp/NO3/pH/FSig,BbSig,TSig/Ocr: 221.8dbars 15.0673C 34.4365PSU / 246.5uM 15.061C 34.527 8.342 303.884 / 5.9uM / -0.845561V /   50  117  556 / 0x80063a40 0x7fffdf92 0x80082f36 0x7fff81ad
(Nov 11 2025 06:30:17,  880295 sec) Profile()            Sample 35 initiated at 211.8dbars for bin 39 [210dbars].  PTS/O2,T2,TPhase,RPhase,RawTemp/NO3/pH/FSig,BbSig,TSig/Ocr: 211.7dbars 15.4297C 34.4675PSU / 244.9uM 15.433C 34.426 8.349 291.617 / 5.6uM / -0.844965V /   50  116  555 / 0x80065a12 0x7fffd1a4 0x80082cdb 0x7fff746d
(Nov 11 2025 06:32:14,  880412 sec) Profile()            Sample 36 initiated at 201.8dbars for bin 40 [200dbars].  PTS/O2,T2,TPhase,RPhase,RawTemp/NO3/pH/FSig,BbSig,TSig/Ocr: 201.7dbars 15.7362C 34.5002PSU / 244.4uM 15.746C 34.307 8.354 281.327 / 5.1uM / -0.844458V /   50  123  555 / 0x80062ee4 0x7fffd312 0x80083392 0x7fff7d40
(Nov 11 2025 06:34:22,  880540 sec) Profile()            Sample 37 initiated at 191.4dbars for bin 41 [190dbars].  PTS/O2,T2,TPhase,RPhase,RawTemp/NO3/pH/FSig,BbSig,TSig/Ocr: 191.4dbars 16.1874C 34.5503PSU / 243.5uM 16.186C 34.140 8.363 266.835 / 4.8uM / -0.843750V /   51  116  554 / 0x80064224 0x7fffca80 0x8008211b 0x7fff6d12
(Nov 11 2025 06:36:53,  880691 sec) Profile()            Sample 38 initiated at 181.4dbars for bin 42 [180dbars].  PTS/O2,T2,TPhase,RPhase,RawTemp/NO3/pH/FSig,BbSig,TSig/Ocr: 181.4dbars 16.8342C 34.6292PSU / 242.2uM 16.848C 33.894 8.383 244.998 / 4.1uM / -0.843001V /   53  115  553 / 0x800620b6 0x7fffb549 0x80081f1b 0x7fff6312
(Nov 11 2025 06:39:45,  880863 sec) Profile()            Sample 39 initiated at 171.5dbars for bin 43 [170dbars].  PTS/O2,T2,TPhase,RPhase,RawTemp/NO3/pH/FSig,BbSig,TSig/Ocr: 171.4dbars 17.3151C 34.6883PSU / 240.7uM 17.304C 33.758 8.387 229.965 / 3.6uM / -0.842463V /   54  118  553 / 0x80062092 0x7fffb380 0x80081149 0x7fff619b
(Nov 11 2025 06:42:49,  881047 sec) Profile()            Sample 40 initiated at 162.0dbars for bin 44 [160dbars].  PTS/O2,T2,TPhase,RPhase,RawTemp/NO3/pH/FSig,BbSig,TSig/Ocr: 161.9dbars 17.9954C 34.7767PSU / 239.2uM 17.976C 33.522 8.395 207.794 / 3.1uM / -0.841484V /   57  121  552 / 0x80062864 0x7fff9f9b 0x8007f712 0x7fff5d00
(Nov 11 2025 06:46:04,  881242 sec) Profile()            Sample 41 initiated at 151.6dbars for bin 45 [150dbars].  PTS/O2,T2,TPhase,RPhase,RawTemp/NO3/pH/FSig,BbSig,TSig/Ocr: 151.6dbars 18.8382C 34.8858PSU / 241.0uM 18.826C 33.050 8.411 179.785 / 1.9uM / -0.840085V /   64  121  551 / 0x80061840 0x7fffa0c9 0x8007f1e4 0x7fff5ead
(Nov 11 2025 06:49:29,  881447 sec) Profile()            Sample 42 initiated at 141.7dbars for bin 46 [140dbars].  PTS/O2,T2,TPhase,RPhase,RawTemp/NO3/pH/FSig,BbSig,TSig/Ocr: 141.7dbars 19.0714C 34.9103PSU / 243.7uM 19.063C 32.813 8.418 171.953 / 1.8uM / -0.839485V /   67  123  550 / 0x80061bdb 0x7fff8152 0x8007fa1b 0x7fff48c9
(Nov 11 2025 06:54:44,  881762 sec) Profile()            Sample 43 initiated at 131.8dbars for bin 47 [130dbars].  PTS/O2,T2,TPhase,RPhase,RawTemp/NO3/pH/FSig,BbSig,TSig/Ocr: 131.7dbars 19.5428C 34.9703PSU / 246.6uM 19.537C 32.463 8.426 156.345 / 1.2uM / -0.838629V /   74  124  548 / 0x80061ead 0x7fff7c92 0x8007de6d 0x7fff3b36
(Nov 11 2025 06:54:57,  881775 sec) AscentControlAgent() Bouyancy nudge to 151 (v=0.030dbar/sec).
(Nov 11 2025 06:54:57,  881775 sec) PistonMoveAbsWTO()    141->151 142 143 144 145 146 147 [30sec, 14.8Volts, 0.198Amps, CPT:1641sec]
(Nov 11 2025 06:55:38,  881816 sec) PistonMoveAbsWTO()    147->151 148 149 150 151 [20sec, 14.8Volts, 0.189Amps, CPT:1661sec]
(Nov 11 2025 06:57:55,  881953 sec) Profile()            Sample 44 initiated at 121.5dbars for bin 48 [120dbars].  PTS/O2,T2,TPhase,RPhase,RawTemp/NO3/pH/FSig,BbSig,TSig/Ocr: 121.4dbars 20.0252C 35.0348PSU / 249.0uM 20.013C 32.142 8.432 140.703 / 1.3uM / -0.837618V /   74  128  548 / 0x80060c36 0x7fff6cc0 0x8007d5f6 0x7fff4080
(Nov 11 2025 07:00:25,  882103 sec) Profile()            Sample 45 initiated at 111.8dbars for bin 49 [110dbars].  PTS/O2,T2,TPhase,RPhase,RawTemp/NO3/pH/FSig,BbSig,TSig/Ocr: 111.8dbars 20.6476C 35.1201PSU / 255.7uM 20.643C 31.567 8.444 119.980 / 0.9uM / -0.836303V /   79  127  547 / 0x80061da4 0x7fff6509 0x8007e69b 0x7fff3292
(Nov 11 2025 07:04:02,  882320 sec) Profile()            Sample 46 initiated at 101.7dbars for bin 50 [100dbars].  PTS/O2,T2,TPhase,RPhase,RawTemp/NO3/pH/FSig,BbSig,TSig/Ocr: 101.7dbars 21.4251C 35.2010PSU / 262.4uM 21.415C 30.948 8.453 94.660 / 1.5uM / -0.834821V /   90  128  546 / 0x80060d89 0x7fff72a4 0x8007e82d 0x7fff23ad
(Nov 11 2025 07:05:31,  882409 sec) AscentControlAgent() Bouyancy nudge to 156 (v=0.036dbar/sec).
(Nov 11 2025 07:05:32,  882410 sec) PistonMoveAbsWTO()    151->156 152 153 154 155 156 [25sec, 14.9Volts, 0.193Amps, CPT:1686sec]
(Nov 11 2025 07:06:47,  882485 sec) Profile()            Sample 47 initiated at 96.8dbars for bin 51 [95dbars].  PTS/O2,T2,TPhase,RPhase,RawTemp/NO3/pH/FSig,BbSig,TSig/Ocr: 96.7dbars 22.0000C 35.2725PSU / 265.0uM 21.997C 30.596 8.463 75.640 / 1.1uM / -0.834180V /   92  135  545 / 0x8005f5c0 0x7fff5940 0x8007cb40 0x7fff271b
(Nov 11 2025 07:08:00,  882558 sec) Profile()            Sample 48 initiated at 91.8dbars for bin 52 [90dbars].  PTS/O2,T2,TPhase,RPhase,RawTemp/NO3/pH/FSig,BbSig,TSig/Ocr: 91.8dbars 22.2433C 35.2981PSU / 265.8uM 22.247C 30.459 8.465 67.457 / 1.3uM / -0.833833V /   87  132  545 / 0x8005ed76 0x7fff6889 0x8007cfe4 0x7fff232d
(Nov 11 2025 07:09:13,  882631 sec) Profile()            Sample 49 initiated at 86.4dbars for bin 53 [85dbars].  PTS/O2,T2,TPhase,RPhase,RawTemp/NO3/pH/FSig,BbSig,TSig/Ocr: 86.3dbars 22.4734C 35.3148PSU / 267.6uM 22.462C 30.298 8.471 60.434 / 1.1uM / -0.833556V /   87  137  544 / 0x800602db 0x7fff5900 0x8007d0d2 0x7fff2212
(Nov 11 2025 07:10:15,  882693 sec) Profile()            Sample 50 initiated at 81.6dbars for bin 54 [80dbars].  PTS/O2,T2,TPhase,RPhase,RawTemp/NO3/pH/FSig,BbSig,TSig/Ocr: 81.6dbars 22.5159C 35.3202PSU / 268.9uM 22.512C 30.221 8.471 58.832 / 1.5uM / -0.833373V /   81  136  544 / 0x8005e8b6 0x7fff4609 0x8007b3c0 0x7fff2440
(Nov 11 2025 07:11:29,  882767 sec) Profile()            Sample 51 initiated at 76.5dbars for bin 55 [75dbars].  PTS/O2,T2,TPhase,RPhase,RawTemp/NO3/pH/FSig,BbSig,TSig/Ocr: 76.4dbars 23.4454C 35.3879PSU / 267.7uM 23.427C 29.905 8.480 29.045 / 1.8uM / -0.832571V /   84  144  544 / 0x8005f12d 0x7fff4a9b 0x8007d32d 0x7fff0f64
(Nov 11 2025 07:15:43,  883021 sec) AscentControlAgent() Bouyancy nudge to 161 (v=0.014dbar/sec).
(Nov 11 2025 07:15:44,  883022 sec) PistonMoveAbsWTO()    156->161 157 158 159 160 161 [24sec, 14.9Volts, 0.177Amps, CPT:1710sec]
(Nov 11 2025 07:17:20,  883118 sec) Profile()            Sample 52 initiated at 71.9dbars for bin 56 [70dbars].  PTS/O2,T2,TPhase,RPhase,RawTemp/NO3/pH/FSig,BbSig,TSig/Ocr: 71.9dbars 24.4751C 35.4227PSU / 260.7uM 24.456C 29.794 8.503 -4.279 / 2.3uM / -0.831461V /   72  151  542 / 0x8005e6db 0x7fff311b 0x8007bdf6 0x7ffefe36
(Nov 11 2025 07:20:50,  883328 sec) AscentControlAgent() Bouyancy nudge to 166 (v=0.003dbar/sec).
(Nov 11 2025 07:20:51,  883329 sec) PistonMoveAbsWTO()    161->166 162 163 164 165 166 [24sec, 14.9Volts, 0.178Amps, CPT:1734sec]
(Nov 11 2025 07:23:45,  883503 sec) Profile()            Sample 53 initiated at 66.7dbars for bin 57 [65dbars].  PTS/O2,T2,TPhase,RPhase,RawTemp/NO3/pH/FSig,BbSig,TSig/Ocr: 66.6dbars 25.2610C 35.5043PSU / 248.8uM 25.263C 29.998 8.514 -30.260 / 1.5uM / -0.830582V /   61  139  540 / 0x8005d452 0x7fff18b6 0x80079e6d 0x7ffefb36
(Nov 11 2025 07:25:20,  883598 sec) Profile()            Sample 54 initiated at 61.4dbars for bin 58 [60dbars].  PTS/O2,T2,TPhase,RPhase,RawTemp/NO3/pH/FSig,BbSig,TSig/Ocr: 61.4dbars 25.2587C 35.5048PSU / 248.8uM 25.263C 29.998 8.513 -30.250 / 1.7uM / -0.830607V /   62  141  539 / 0x8005d01b 0x7ffefb00 0x8007a600 0x7ffeed92
(Nov 11 2025 07:26:56,  883694 sec) Profile()            Sample 55 initiated at 57.0dbars for bin 59 [55dbars].  PTS/O2,T2,TPhase,RPhase,RawTemp/NO3/pH/FSig,BbSig,TSig/Ocr: 57.0dbars 25.2577C 35.5049PSU / 248.8uM 25.262C 29.996 8.508 -30.228 / 1.6uM / -0.830521V /   61  166  539 / 0x8005c8a4 0x7fff185b 0x8007a292 0x7ffef1c9
(Nov 11 2025 07:28:31,  883789 sec) Profile()            Sample 56 initiated at 51.6dbars for bin 60 [50dbars].  PTS/O2,T2,TPhase,RPhase,RawTemp/NO3/pH/FSig,BbSig,TSig/Ocr: 51.6dbars 25.2569C 35.5042PSU / 248.9uM 25.261C 29.994 8.508 -30.166 / 1.7uM / -0.830410V /   68  140  539 / 0x8005bbe4 0x7fff0fe4 0x800798c9 0x7ffefcb6
(Nov 11 2025 07:30:17,  883895 sec) Profile()            Sample 57 initiated at 47.0dbars for bin 61 [45dbars].  PTS/O2,T2,TPhase,RPhase,RawTemp/NO3/pH/FSig,BbSig,TSig/Ocr: 46.9dbars 25.2540C 35.5046PSU / 249.0uM 25.258C 29.992 8.507 -30.093 / 1.6uM / -0.830397V /   63  143  538 / 0x8005c549 0x7fff141b 0x80078d64 0x7ffeeaad
(Nov 11 2025 07:32:15,  884013 sec) Profile()            Sample 58 initiated at 41.8dbars for bin 62 [40dbars].  PTS/O2,T2,TPhase,RPhase,RawTemp/NO3/pH/FSig,BbSig,TSig/Ocr: 41.7dbars 25.2557C 35.5038PSU / 249.0uM 25.260C 29.989 8.508 -30.136 / 1.6uM / -0.830316V /   61  142  538 / 0x8005c8c9 0x7fff1624 0x80079424 0x7ffeebed
(Nov 11 2025 07:33:39,  884097 sec) Profile()            Sample 59 initiated at 36.9dbars for bin 63 [35dbars].  PTS/O2,T2,TPhase,RPhase,RawTemp/NO3/pH/FSig,BbSig,TSig/Ocr: 36.8dbars 25.2533C 35.5050PSU / 249.0uM 25.258C 29.989 8.506 -30.073 / 1.6uM / -0.830287V /   61  139  538 / 0x8005bd49 0x7fff1849 0x800798c9 0x7ffefa80
(Nov 11 2025 07:35:03,  884181 sec) Profile()            Sample 60 initiated at 31.7dbars for bin 64 [30dbars].  PTS/O2,T2,TPhase,RPhase,RawTemp/NO3/pH/FSig,BbSig,TSig/Ocr: 31.7dbars 25.2506C 35.5050PSU / 249.2uM 25.256C 29.981 8.505 -30.019 / 1.6uM / -0.830204V /   60  142  538 / 0x8005cc09 0x7ffefed2 0x800784b6 0x7ffefcad
(Nov 11 2025 07:36:27,  884265 sec) Profile()            Sample 61 initiated at 26.4dbars for bin 65 [25dbars].  PTS/O2,T2,TPhase,RPhase,RawTemp/NO3/pH/FSig,BbSig,TSig/Ocr: 26.4dbars 25.2511C 35.5050PSU / 249.3uM 25.256C 29.980 8.503 -30.011 / 1.6uM / -0.830165V /   60  140  538 / 0x8005d06d 0x7fff036d 0x80079412 0x7ffee609
(Nov 11 2025 07:37:52,  884350 sec) Profile()            Sample 62 initiated at 21.5dbars for bin 66 [20dbars].  PTS/O2,T2,TPhase,RPhase,RawTemp/NO3/pH/FSig,BbSig,TSig/Ocr: 21.5dbars 25.2443C 35.5049PSU / 249.3uM 25.249C 29.980 8.504 -29.791 / 1.6uM / -0.830040V /   61  141  538 / 0x8005b0ed 0x7fff116d 0x80078bed 0x7ffee676
(Nov 11 2025 07:39:49,  884467 sec) Profile()            Sample 63 initiated at 16.7dbars for bin 67 [15dbars].  PTS/O2,T2,TPhase,RPhase,RawTemp/NO3/pH/FSig,BbSig,TSig/Ocr: 16.6dbars 25.2417C 35.5055PSU / 249.1uM 25.248C 29.988 8.515 -29.776 / 1.5uM / -0.830006V /   61  141  538 / 0x8005bf24 0x7ffef8a4 0x80078c64 0x7ffeec52
(Nov 11 2025 07:41:29,  884567 sec) AscentControlAgent() Bouyancy nudge to 171 (v=0.039dbar/sec).
(Nov 11 2025 07:41:30,  884568 sec) PistonMoveAbsWTO()    166->171 167 168 169 [15sec, 15.0Volts, 0.157Amps, CPT:1749sec]
(Nov 11 2025 07:42:35,  884633 sec) Profile()            Sample 64 initiated at 11.4dbars for bin 68 [10dbars].  PTS/O2,T2,TPhase,RPhase,RawTemp/NO3/pH/FSig,BbSig,TSig/Ocr: 11.4dbars 25.2480C 35.5047PSU / 249.6uM 25.252C 29.967 8.506 -29.906 / 1.6uM / -0.829945V /   61  139  538 / 0x8005b2ad 0x7ffefd12 0x800794f6 0x7ffef724
(Nov 11 2025 07:42:36,  884634 sec) PistonMoveAbsWTO()    169->171 170 171 [10sec, 15.0Volts, 0.164Amps, CPT:1759sec]
(Nov 11 2025 07:44:20,  884738 sec) Profile()            Sample 65 initiated at 7.6dbars for bin 69 [6dbars].  PTS/O2,T2,TPhase,RPhase,RawTemp/NO3/pH/FSig,BbSig,TSig/Ocr: 7.7dbars 25.2475C 35.5049PSU / 249.6uM 25.252C 29.965 8.505 -29.892 / 1.7uM / -0.829934V /   59  150  538 / 0x8005bded 0x7fff049b 0x800788f6 0x7ffee5e4
(Nov 11 2025 07:45:06,  884784 sec) SurfaceDetect()      SurfacePressure:-0.1dbars Pressure:3.7dbars PistonPosition:171
(Nov 11 2025 07:45:07,  884785 sec) Sbe41cpStopCP()      Continuous profile stopped.
(Nov 11 2025 07:45:10,  884788 sec) PistonMoveAbsWTO()    171->193 172 173 174 175 176 177 178 179 180 181 182 183 184 185 186 187 188 189 190 191 192 193 [108sec, 14.9Volts, 0.149Amps, CPT:1867sec]
(Nov 11 2025 07:47:03,  884901 sec) chat()               Expected string [S>] not received.
(Nov 11 2025 07:48:57,  885015 sec) Sbe41cpBinAverage()  Finished averaging 13544 samples in 109 seconds.
(Nov 11 2025 07:49:02,  885020 sec) Sbe41cpUploadCP_()   Sbe41cpSerNo[20478] NSample[13544] NBin[493]
(Nov 11 2025 07:49:33,  885051 sec) Sbe41cpUploadCP_()   Continuous profile uploaded [493 lines].
(Nov 11 2025 07:49:47,  885065 sec) MscErrorLog_()       No error records to log.
(Nov 11 2025 07:49:57,  885075 sec) MscErrorLog_()       No error records to log.

<EOT>
