(Jun 05 2024 16:48:45,    5178 sec) SelfTest()           Executing self-test for ApfId 22205. [FwRev 122122]
(Jun 05 2024 16:48:46,    5179 sec) SelfTest()           Apf11 Family:0x36 Group:0x0000 SerNo:0x037764ad Crc:0x48 SeqNo:205
(Jun 05 2024 16:48:46,    5179 sec) SelfTest()           Passed: FatFs volume mounted. [ChaN/ELM Rev 86604]
(Jun 05 2024 16:48:46,    5179 sec) SelfTest()           Passed: FatFs volume: size(7438MB) sector-size(512B) block-size(512B)
(Jun 05 2024 16:48:50,    5183 sec) SelfTest()           Passed: FatFs volume reconditioned.
(Jun 05 2024 16:48:51,    5184 sec) PistonMoveAbsWTO()    231->227 230 229 228 227 [17sec, 14.9Volts, 0.168Amps, CPT:17sec]
(Jun 05 2024 16:49:09,    5202 sec) PistonMoveAbsWTO()    227->231 228 229 230 231 [17sec, 14.8Volts, 0.173Amps, CPT:34sec]
(Jun 05 2024 16:49:26,    5219 sec) SelfTest()           Passed: Timed piston movements from 231 to 227 counts and back.
(Jun 05 2024 16:49:26,    5219 sec) SelfTest()           Passed: Internal pressure [203, 11.9psi] less than threshold [237, 13.9psi].
(Jun 05 2024 16:49:28,    5221 sec) SelfTest()           Passed: Response received from RBR.
(Jun 05 2024 16:49:28,    5221 sec) SelfTest()           Passed: Rbr SerNo: 212804
(Jun 05 2024 16:49:28,    5221 sec) SelfTest()           Passed: RBR (SerNo 212804) FwRev accepted: [1.146]
(Jun 05 2024 16:49:28,    5221 sec) SelfTest()           Passed: RBR (SerNo 212804) FwType accepted: [104]
(Jun 05 2024 16:49:29,    5222 sec) SelfTest()           Passed: RBR (SerNo 212804) model accepted: [RBRargo3]
(Jun 05 2024 16:49:29,    5222 sec) SelfTest()           Passed: RBR (SerNo 212804) hardware revision accepted: [L/5659B/A]
(Jun 05 2024 16:49:30,    5223 sec) RbrConfig()          [Pass,err=1]: Establish RBR communication protocol.
(Jun 05 2024 16:49:31,    5224 sec) RbrConfig()          [Pass,err=1]: Initialize RBR default settings.
(Jun 05 2024 16:49:31,    5224 sec) RbrConfig()          [Pass,err=1]: Initialize memory format.
(Jun 05 2024 16:49:32,    5225 sec) RbrConfig()          [Pass,err=1]: Set atmospheric pressure to 10.1325 dbars.
(Jun 05 2024 16:49:37,    5230 sec) RbrConfig()          [Pass,err=1]: Enable all RBR data channels.
(Jun 05 2024 16:49:38,    5231 sec) RbrConfig()          [Pass,err=1]: Configure 1Hz continuous sampling.
(Jun 05 2024 16:49:38,    5231 sec) RbrConfig()          [Pass,err=1]: Disable streaming mode.
(Jun 05 2024 16:49:39,    5232 sec) RbrConfig()          [Pass,err=1]: Disable simulation mode.
(Jun 05 2024 16:49:39,    5232 sec) RbrConfig()          [Pass,err=1]: Disable threshold sampling.
(Jun 05 2024 16:49:40,    5233 sec) RbrConfig()          [Pass,err=1]: Disable twist-activation.
(Jun 05 2024 16:49:40,    5233 sec) RbrConfig()          [Pass,err=1]: Neuter time-based automatic activation/deactivation.
(Jun 05 2024 16:49:40,    5233 sec) RbrConfig()          RBR configuration successful.
(Jun 05 2024 16:49:40,    5233 sec) SelfTest()           Passed: RBR configuration was successful.
(Jun 05 2024 16:49:41,    5234 sec) SelfTest()           RBR internal energy model initialized.
(Jun 05 2024 16:49:41,    5234 sec) SelfTest()           RBR clock synchronized.
(Jun 05 2024 16:49:44,    5237 sec) SelfTest()           Passed: LBT model: 9523N
(Jun 05 2024 16:49:44,    5237 sec) SelfTest()           Passed: LBT firmware revision: DB20004
(Jun 05 2024 16:49:46,    5239 sec) IrModemConfigure()   Modem configured for fixed (19200) baud rate.
(Jun 05 2024 16:49:46,    5239 sec) IrModemConfigure()   Configuration saved to modem's NVRAM.
(Jun 05 2024 16:49:46,    5239 sec) IrModemConfigure()   Modem configuration successful.
(Jun 05 2024 16:49:46,    5239 sec) SelfTest()           Passed: LBT configuration was successful.
(Jun 05 2024 16:49:47,    5240 sec) SelfTest()           Passed: LBT IMEI: 300125061190220
(Jun 05 2024 16:49:53,    5246 sec) SelfTest()           Passed: SIM card ICCID: 8988169234005115944
(Jun 05 2024 16:49:54,    5247 sec) ConfigGarmin15()     Garmin GPS15 configuration initiated.
(Jun 05 2024 16:50:03,    5256 sec) ConfigGarmin15()     Garmin GPS15 successfully configured.
(Jun 05 2024 16:50:04,    5257 sec) PActivateInit()      Self-test passed.
(Jun 05 2024 16:50:04,    5257 sec) PActivateInit()      Pressure activation mode initiated. [itime=5257]
(Jun 05 2024 16:50:05,       0 sec) PistonMoveAbsWTO()    231->016 230 229 228 227 226 225 224 223 222 221 220 219 218 217 216 215 214 213 212 211 210 209 208 207 206 205 204 203 202 201 200 199 198 197 196 195 194 193 192 191 190 189 188 187 186 185 184 183 182 181 180 179 178 177 176 175 174 173 172 171 170 169 168 167 166 165 164 163 162 161 160 159 158 157 156 155 154 153 152 151 150 149 148 147 146 145 144 143 142 141 140 139 138 137 136 135 134 133 132 131 130 129 128 127 126 125 124 123 122 121 120 119 118 117 116 115 114 113 112 111 110 109 108 107 106 105 104 103 102 101 100 099 098 097 096 095 094 093 092 091 090 089 088 087 086 085 084 083 082 081 080 079 078 077 076 075 074 073 072 071 070 069 068 067 066 065 064 063 062 061 060 059 058 057 056 055 054 053 052 051 050 049 048 047 046 045 044 043 042 041 040 039 038 037 036 035 034 033 032 031 030 029 028 027 026 025 024 023 022 021 020 019 018 017 016 [1099sec, 14.7Volts, 0.150Amps, CPT:1133sec]
(Jun 05 2024 17:09:15,    1150 sec) Apf11Init()          Asynchronous wake-up detected (ie., wake-up not initiated by alarm signal).
(Jul 08 2024 22:50:11,       0 sec) PreludeInit()        Mission restarted. [pid=0, itime=2872806]
(Jul 08 2024 22:50:11,       0 sec) PistonMoveAbsWTO()    016->231 017 018 019 020 021 022 023 024 025 026 027 028 029 030 031 032 033 034 035 036 037 038 039 040 041 042 043 044 045 046 047 048 049 050 051 052 053 054 055 056 057 058 059 060 061 062 063 064 065 066 067 068 069 070 071 072 073 074 075 076 077 078 079 080 081 082 083 084 085 086 087 088 089 090 091 092 093 094 095 096 097 098 099 100 101 102 103 104 105 106 107 108 109 110 111 112 113 114 115 116 117 118 119 120 121 122 123 124 125 126 127 128 129 130 131 132 133 134 135 136 137 138 139 140 141 142 143 144 145 146 147 148 149 150 151 152 153 154 155 156 157 158 159 160 161 162 163 164 165 166 167 168 169 170 171 172 173 174 175 176 177 178 179 180 181 182 183 184 185 186 187 188 189 190 191 192 193 192 193 194 195 196 197 198 199 200 201 202 203 204 205 206 207 208 209 210 211 212 213 214 215 216 217 218 219 220 221 222 223 224 225 226 227 228 229 230 231 [1191sec, 14.1Volts, 0.368Amps, CPT:1191sec]
(Jul 08 2024 23:10:12,    1201 sec) Prelude()            Logging configuration and initiating telemetry.
(Jul 08 2024 23:10:12,    1201 sec) LogConfiguration()   Mission configuration for Apf11 FwRev 122122:
(Jul 08 2024 23:10:12,    1201 sec) LogConfiguration()      AscentTimeOut(540) [min]
(Jul 08 2024 23:10:12,    1201 sec) LogConfiguration()      AtDialCmd(AT+CBST=71,0,1;DT00881600005496) [primary]
(Jul 08 2024 23:10:12,    1201 sec) LogConfiguration()      AltDialCmd(ATDT0012066163256) [alternate]
(Jul 08 2024 23:10:12,    1201 sec) LogConfiguration()      BuoyancyNudge(10) [count]
(Jul 08 2024 23:10:12,    1201 sec) LogConfiguration()      BuoyancyNudgeInitial(22) [count]
(Jul 08 2024 23:10:12,    1201 sec) LogConfiguration()      CompensatorHyperRetraction(0) [count]
(Jul 08 2024 23:10:12,    1201 sec) LogConfiguration()      ConnectTimeOut(60) [sec]
(Jul 08 2024 23:10:12,    1201 sec) LogConfiguration()      CpActivationP(2005) [dbar]
(Jul 08 2024 23:10:12,    1201 sec) LogConfiguration()      DeepProfileDescentTime(240) [min]
(Jul 08 2024 23:10:12,    1201 sec) LogConfiguration()      DeepProfilePistonPos(16) [count]
(Jul 08 2024 23:10:12,    1201 sec) LogConfiguration()      DeepProfilePressure(2020) [dbar]
(Jul 08 2024 23:10:12,    1201 sec) LogConfiguration()      DownTime(14400) [min]
(Jul 08 2024 23:10:12,    1201 sec) LogConfiguration()      FatFsEnable(1)
(Jul 08 2024 23:10:12,    1201 sec) LogConfiguration()      FloatId(22205)
(Jul 08 2024 23:10:12,    1201 sec) LogConfiguration()      FullExtension(231) [count]
(Jul 08 2024 23:10:12,    1201 sec) LogConfiguration()      FullRetraction(9) [count]
(Jul 08 2024 23:10:12,    1201 sec) LogConfiguration()      MaxAirBladder(154) [count]
(Jul 08 2024 23:10:12,    1201 sec) LogConfiguration()      MaxLogKb(40) [KByte]
(Jul 08 2024 23:10:12,    1201 sec) LogConfiguration()      MissionPrelude(360) [min]
(Jul 08 2024 23:10:12,    1201 sec) LogConfiguration()      OkVacuum(237) [count]
(Jul 08 2024 23:10:12,    1201 sec) LogConfiguration()      PActivationPistonPosition(16) [count]
(Jul 08 2024 23:10:12,    1201 sec) LogConfiguration()      ParkDescentTime(240) [min]
(Jul 08 2024 23:10:12,    1201 sec) LogConfiguration()      ParkPistonPos(66) [count]
(Jul 08 2024 23:10:12,    1201 sec) LogConfiguration()      ParkPressure(1000) [dbar]
(Jul 08 2024 23:10:12,    1201 sec) LogConfiguration()      PnPCycleLen(1)
(Jul 08 2024 23:10:12,    1201 sec) LogConfiguration()      Pwd(0xafb3)
(Jul 08 2024 23:10:12,    1201 sec) LogConfiguration()      RbrConfig(2,2,4;200,2000) [dbar]
(Jul 08 2024 23:10:12,    1201 sec) LogConfiguration()      RbrHiResP(50) [dbar]
(Jul 08 2024 23:10:12,    1201 sec) LogConfiguration()      RbrSalProc(1)
(Jul 08 2024 23:10:12,    1201 sec) LogConfiguration()      TelemetryRetry(15) [min]
(Jul 08 2024 23:10:12,    1201 sec) LogConfiguration()      TimeOfDay(DISABLED) [min]
(Jul 08 2024 23:10:12,    1201 sec) LogConfiguration()      UpTime(660) [min]
(Jul 08 2024 23:10:12,    1201 sec) LogConfiguration()      User(f22205)
(Jul 08 2024 23:10:12,    1201 sec) LogConfiguration()      ZModemTimeOut(80) [sec]
(Jul 08 2024 23:10:12,    1201 sec) LogConfiguration()      Verbosity(2)
(Jul 08 2024 23:10:12,    1201 sec) LogConfiguration()      DebugBits(0x0002)

<EOT>
