(Oct 10 2024 06:17:00,  887988 sec) TelemetryInit()      Profile 10. (Apf11 FwRev: 122122)
(Oct 10 2024 06:17:01,  887989 sec) TelemetryInit()      Charge consumption model: OCV:15.2V wake-cycles:4570 standby:125.8days Q:8.9kC S:0.8kC
(Oct 10 2024 06:25:23,  888491 sec) AirSystem()          Battery [213cnt, 15.0V]  Current [23cnt, 91.1mA]  Pneumometer [157cnt, 18.5psi]  Run-Time [96s]
(Oct 10 2024 06:26:15,  888543 sec) GpsServices()        GPS almanac is current.
(Oct 10 2024 06:26:15,  888543 sec) GpsServices()        Initiating GPS fix acquisition.
(Oct 10 2024 06:26:18,  888546 sec) gga()                $GPGGA,062620,3935.0704,N,14455.8712,W,0,00,,,M,,M,,*4D
(Oct 10 2024 06:26:29,  888557 sec) gga()                $GPGGA,062630,3935.0704,N,14455.8712,W,0,00,,,M,,M,,*4C
(Oct 10 2024 06:26:38,  888566 sec) gga()                $GPGGA,062640,3935.0704,N,14455.8712,W,0,00,,,M,,M,,*4B
(Oct 10 2024 06:26:41,  888569 sec) gga()                $GPGGA,062650,3935.0704,N,14455.8712,W,0,00,,,M,,M,,*4A
(Oct 10 2024 06:26:51,  888579 sec) gga()                $GPGGA,062700,3935.0704,N,14455.8712,W,0,00,,,M,,M,,*4E
(Oct 10 2024 06:26:52,  888580 sec) gga()                $GPGGA,062700,3935.0704,N,14455.8712,W,0,00,,,M,,M,,*4E
(Oct 10 2024 06:27:01,  888589 sec) gga()                $GPGGA,062710,3935.0704,N,14455.8712,W,0,00,,,M,,M,,*4F
(Oct 10 2024 06:27:11,  888599 sec) gga()                $GPGGA,062720,3935.0704,N,14455.8712,W,0,00,,,M,,M,,*4C
(Oct 10 2024 06:27:21,  888609 sec) gga()                $GPGGA,062730,3935.0704,N,14455.8712,W,0,00,,,M,,M,,*4D
(Oct 10 2024 06:27:22,  888610 sec) gga()                $GPGGA,062730,3935.0704,N,14455.8712,W,0,00,,,M,,M,,*4D
(Oct 10 2024 06:27:31,  888619 sec) gga()                $GPGGA,062740,3935.0704,N,14455.8712,W,0,00,,,M,,M,,*4A
(Oct 10 2024 06:27:41,  888629 sec) gga()                $GPGGA,062750,3935.0704,N,14455.8712,W,0,00,,,M,,M,,*4B
(Oct 10 2024 06:27:51,  888639 sec) gga()                $GPGGA,062800,3935.0704,N,14455.8712,W,0,00,,,M,,M,,*41
(Oct 10 2024 06:27:52,  888640 sec) gga()                $GPGGA,062800,3935.0704,N,14455.8712,W,0,00,,,M,,M,,*41
(Oct 10 2024 06:28:01,  888649 sec) gga()                $GPGGA,062810,3935.0704,N,14455.8712,W,0,00,,,M,,M,,*40
(Oct 10 2024 06:28:11,  888659 sec) gga()                $GPGGA,062820,3935.0704,N,14455.8712,W,0,00,,,M,,M,,*43
(Oct 10 2024 06:28:31,  888679 sec) gga()                $GPGGA,062840,3935.0704,N,14455.8712,W,0,00,,,M,,M,,*45
(Oct 10 2024 06:28:41,  888689 sec) gga()                $GPGGA,062850,3935.0704,N,14455.8712,W,0,00,,,M,,M,,*44
(Oct 10 2024 06:28:51,  888699 sec) gga()                $GPGGA,062900,3935.0704,N,14455.8712,W,0,00,,,M,,M,,*40
(Oct 10 2024 06:29:01,  888709 sec) gga()                $GPGGA,062910,3935.0704,N,14455.8712,W,0,00,,,M,,M,,*41
(Oct 10 2024 06:29:11,  888719 sec) gga()                $GPGGA,062920,3935.0704,N,14455.8712,W,0,00,,,M,,M,,*42
(Oct 10 2024 06:29:22,  888730 sec) gga()                $GPGGA,062930,3935.3170,N,14455.1687,W,1,07,1.2,10.6,M,-28.3,M,,*49
(Oct 10 2024 06:29:22,  888730 sec) GpsServices()        Profile 10 GPS fix obtained in 187 seconds.
(Oct 10 2024 06:29:22,  888730 sec) GpsServices()                   lon      lat mm/dd/yyyy hhmmss nsat
(Oct 10 2024 06:29:22,  888730 sec) GpsServices()        Fix: -144.9195  39.5886 10/10/2024 062930    7
(Oct 10 2024 06:29:32,  888740 sec) gga()                $GPGGA,062940,3935.3158,N,14455.1660,W,1,07,1.2,7.6,M,-28.3,M,,*7B
(Oct 10 2024 06:29:41,  888749 sec) gga()                $GPGGA,062950,3935.3177,N,14455.1635,W,1,07,1.2,7.9,M,-28.3,M,,*78
(Oct 10 2024 06:29:41,  888749 sec) GpsServices()        APF11 RTC skew (-9s) OK.
(Oct 10 2024 06:29:41,  888749 sec) LogNmeaSentences()   0,083,34,11,34,141,32,12,60,313,44,15,05,202,24*74
(Oct 10 2024 06:29:42,  888750 sec) LogNmeaSentences()   $GPGSV,3,2,11,17,14,047,37,19,38,047,43,22,11,085,29,24,73,201,40*78
(Oct 10 2024 06:29:42,  888750 sec) LogNmeaSentences()   $GPGSV,3,3,11,25,23,288,45,29,08,226,35,32,13,314,40*4E
(Oct 10 2024 06:29:51,  888759 sec) LogNmeaSentences()   $GPRMC,063000,A,3935.3177,N,14455.1607,W,000.0,116.2,101024,014.3,E*6A
(Oct 10 2024 06:29:51,  888759 sec) LogNmeaSentences()   $GPGGA,063000,3935.3177,N,14455.1607,W,1,07,1.2,8.8,M,-28.3,M,,*7A
(Oct 10 2024 06:29:51,  888759 sec) LogNmeaSentences()   $GPGSA,A,3,06,11,12,,,19,,24,25,,32,,1.5,1.2,0.9*31
(Oct 10 2024 06:29:52,  888760 sec) LogNmeaSentences()   $GPGSV,3,1,11,06,40,083,42,11,34,141,42,12,60,313,44,15,05,202,24*72
(Oct 10 2024 06:29:52,  888760 sec) LogNmeaSentences()   $GPGSV,3,2,11,17,14,047,39,19,38,047,43,22,11,085,36,24,73,201,44*7C
(Oct 10 2024 06:29:52,  888760 sec) LogNmeaSentences()   $GPGSV,3,3,11,25,24,288,40,29,08,226,35,32,13,314,39*42
(Oct 10 2024 06:29:52,  888760 sec) LogNmeaSentences()   $PGRMT,GPS 15x-L software ver. 4.40,,,,,,,,*77
(Oct 10 2024 06:30:01,  888769 sec) LogNmeaSentences()   $GPRMC,063010,A,3935.3198,N,14455.1577,W,001.2,044.2,101024,014.3,E*6B
(Oct 10 2024 06:30:01,  888769 sec) LogNmeaSentences()   $GPGGA,063010,3935.3198,N,14455.1577,W,1,08,1.0,7.9,M,-28.3,M,,*7D
(Oct 10 2024 06:30:01,  888769 sec) LogNmeaSentences()   $GPGSA,A,3,06,11,12,,17,19,,24,25,,32,,1.3,1.0,0.9*33
(Oct 10 2024 06:30:02,  888770 sec) LogNmeaSentences()   $GPGSV,3,1,11,06,40,083,42,11,34,141,41,12,60,313,44,15,05,202,36*72
(Oct 10 2024 06:30:02,  888770 sec) LogNmeaSentences()   $GPGSV,3,2,11,17,14,047,39,19,38,047,42,22,11,085,35,24,73,201,43*79
(Oct 10 2024 06:30:02,  888770 sec) LogNmeaSentences()   $GPGSV,3,3,11,25,24,288,37,29,08,226,37,32,13,314,40*4E
(Oct 10 2024 06:30:11,  888779 sec) LogNmeaSentences()   $GPRMC,063020,A,3935.3211,N,14455.1551,W,000.0,123.0,101024,014.3,E*6F
(Oct 10 2024 06:30:11,  888779 sec) LogNmeaSentences()   $GPGGA,063020,3935.3211,N,14455.1551,W,1,08,1.0,6.0,M,-28.3,M,,*70
(Oct 10 2024 06:30:11,  888779 sec) LogNmeaSentences()   $GPGSA,A,3,06,11,12,,17,19,,24,25,,32,,1.3,1.0,0.9*33
(Oct 10 2024 06:30:12,  888780 sec) GpsServices()        GPS services complete.
(Oct 10 2024 06:30:46,  888814 sec) IrGeoLoc()           <x,y,z>=<-4024km,-2828km,4040km> lat=39.588 lon=-144.901 IrSysTime=0xd91db899
(Oct 10 2024 06:30:50,  888818 sec) CLogin()             Connecting to primary host.
(Oct 10 2024 06:31:52,  888880 sec) chat()               Expected string [CONNECT] not received.
(Oct 10 2024 06:31:52,  888880 sec) modem_connect()      Modem command [AT+CBST=71,0,1;DT00881600005496] failed.
(Oct 10 2024 06:31:52,  888880 sec) connect()            Connection attempt failed.
(Oct 10 2024 06:31:54,  888882 sec) Spi1CsPulse()        Chip-select pulse failed for SPI1 device 4.
(Oct 10 2024 06:32:54,  888942 sec) chat()               Expected string [CONNECT] not received.
(Oct 10 2024 06:32:54,  888942 sec) modem_connect()      Modem command [AT+CBST=71,0,1;DT00881600005496] failed.
(Oct 10 2024 06:32:54,  888942 sec) connect()            Connection attempt failed.
(Oct 10 2024 06:32:54,  888942 sec) CLogin()             Attempt to connect to primary host failed after 2 tries.  Connecting to alternate host.
(Oct 10 2024 06:33:14,  888962 sec) CLogin()             Connection 1 established in 144 seconds.
(Oct 10 2024 06:33:41,  888989 sec) login()              Login successful.
(Oct 10 2024 06:33:51,  888999 sec) CLogin()             Logged in to host.  [Login required 37 seconds]
(Oct 10 2024 06:33:57,  889005 sec) RxConfig()           Downloading "mission.cfg" from host.
(Oct 10 2024 06:34:13,  889021 sec) RxConfig()           Download successful: [bytes:33, sec:13.7, bps:2]
(Oct 10 2024 06:34:17,  889025 sec) WriteVitals()        Writing vitals to "22205.010.msg".
(Oct 10 2024 06:34:27,  889035 sec) UpLoadFile()         Uploading "22205.010.log" to host.
(Oct 10 2024 06:36:55,  889183 sec) UpLoadFile()         Upload successful: [bytes:31646, sec:147.7, bps:214]
(Oct 10 2024 06:36:56,  889184 sec) fmove()              Moved: 22205.010.log -> archive/22205.010.log
(Oct 10 2024 06:37:01,  889189 sec) UpLoadFile()         Uploading "22205.010.msg" to host.
(Oct 10 2024 06:41:20,  889448 sec) UpLoadFile()         Upload successful: [bytes:58344, sec:258.2, bps:226]
(Oct 10 2024 06:41:21,  889449 sec) fmove()              Moved: 22205.010.msg -> archive/22205.010.msg
(Oct 10 2024 06:41:21,  889449 sec) UpLoad()             Files successfully uploaded: 2
(Oct 10 2024 06:41:21,  889449 sec) UpLoad()             Upload complete.
(Oct 10 2024 06:41:28,  889456 sec) logout()             Log-out successful.
(Oct 10 2024 06:41:29,  889457 sec) Telemetry()          Telemetry cycle complete: PrfId=10 ConnectionAttempts=3  Connections=1
(Oct 10 2024 06:41:29,  889457 sec) TelemetryTerminate() Parsing new mission configuration.
(Oct 10 2024 06:41:30,  889458 sec) configure()          Parsing configurators in "mission.cfg".
(Oct 10 2024 06:41:30,  889458 sec) configure()             TelemetryRetry(15)      [0x7BBC] [TelemetryRetry(15)].
(Oct 10 2024 06:41:30,  889458 sec) configure()          Configuration CRCs and syntax OK.
(Oct 10 2024 06:41:30,  889458 sec) ConfigSupervisor()   Configuration accepted.
(Oct 10 2024 06:41:31,  889459 sec) TelemetryTerminate() Reconditioning the file system.
(Oct 10 2024 06:41:34,       1 sec) DescentInit()        Deep profile 11 initiated at mission-time 889461sec.
(Oct 10 2024 06:41:35,       2 sec) DescentInit()        Surface pressure: 0.4dbars.
(Oct 10 2024 06:41:35,       2 sec) DescentInit()        Charge consumption model: OCV:14.7V wake-cycles:4571 standby:125.8days Q:8.9kC S:0.8kC
(Oct 10 2024 06:41:48,      15 sec) DescentInit()        Pneumatic humidity: 938(3.5%) -> 1017(5.8%)
(Oct 10 2024 06:41:48,      15 sec) PistonMoveAbsWTO()    219->072 218 217 216 215 214 213 212 211 210 209 208 207 206 205 204 203 202 201 200 199 198 197 196 195 194 193 192 191 190 189 188 187 186 185 184 183 182 181 180 179 178 177 176 175 174 173 172 171 170 169 168 167 166 165 164 163 162 161 160 159 158 157 156 155 154 153 152 151 150 149 148 147 146 145 144 143 142 141 140 139 138 137 136 135 134 133 132 131 130 129 128 127 126 125 124 123 122 121 120 119 118 117 116 115 114 113 112 111 110 109 108 107 106 105 104 103 102 101 100 099 098 097 096 095 094 093 092 091 090 089 088 087 086 085 084 083 082 081 080 079 078 077 076 075 074 073 072 [760sec, 14.7Volts, 0.153Amps, CPT:760sec]
(Oct 10 2024 06:54:28,     775 sec) DescentInit()        Air solenoid open: Barometer [203cnt,  11.9psi]  Pneumometer [103cnt,  12.1psi]
(Oct 10 2024 06:54:38,     785 sec) Descent()            Pressure: 60.9
(Oct 10 2024 07:41:33,    3600 sec) Descent()            Pressure: 443.5
(Oct 10 2024 08:41:33,    7200 sec) Descent()            Pressure: 773.1
(Oct 10 2024 09:41:33,   10800 sec) Descent()            Pressure: 947.7
(Oct 10 2024 10:41:33,   14400 sec) Descent()            Pressure: 983.9
(Oct 10 2024 10:41:34,   14401 sec) ParkInit()           Charge consumption model: OCV:15.5V wake-cycles:4576 standby:126.0days Q:9.2kC S:0.8kC
(Oct 10 2024 12:41:38,   21605 sec) Park()               ParkPOutOfBand[-3, 982.1 dbars]: retract piston.
(Oct 10 2024 12:41:38,   21605 sec) PistonMoveAbsWTO()    072->071 071 [6sec, 15.2Volts, 0.115Amps, CPT:766sec]
(Oct 12 2024 10:41:38,  187205 sec) Park()               ParkPOutOfBand[3, 1015.2 dbars]: extend piston.
(Oct 12 2024 10:41:38,  187205 sec) PistonMoveAbsWTO()    071->072 072 [3sec, 14.8Volts, 0.447Amps, CPT:769sec]
(Oct 16 2024 14:41:38,  547205 sec) Park()               ParkPOutOfBand[3, 1011.8 dbars]: extend piston.
(Oct 16 2024 14:41:38,  547205 sec) PistonMoveAbsWTO()    072->073 073 [6sec, 14.8Volts, 0.442Amps, CPT:775sec]
(Oct 16 2024 22:41:38,  576005 sec) Park()               ParkPOutOfBand[-3, 988.5 dbars]: retract piston.
(Oct 16 2024 22:41:38,  576005 sec) PistonMoveAbsWTO()    073->072 072 [3sec, 15.1Volts, 0.120Amps, CPT:778sec]
(Oct 20 2024 02:41:33,  849600 sec) CtdPower()           [ 2024-10-20 02:41:36.000, 1001.3582, 3.2366, 34.3672]
(Oct 20 2024 02:41:33,  849600 sec) CtdPower()           CTD Power consumption [218VCnt 1ACnt]: 15.302Volts * 0.002Amps = 0.04Watts.
(Oct 20 2024 02:41:43,  849610 sec) ParkTerminate()      Piston Position:72 Vacuum:192 HumidityAd12:945(3.7%) Vq:218 Aq:2 Vrbr:218 Arbr:1
(Oct 20 2024 02:41:47,  849614 sec) ParkTerminate()      PTSCt: 1001.4dbars 3.2364C 34.3676PSU 3.17932S/m 3.2451C
(Oct 20 2024 02:41:47,  849614 sec) GoDeepInit()         Charge consumption model: OCV:15.4V wake-cycles:4808 standby:135.7days Q:9.2kC S:0.8kC
(Oct 20 2024 02:41:47,  849614 sec) GoDeepInit()         Moving piston.
(Oct 20 2024 02:41:47,  849614 sec) PistonMoveAbsWTO()    072->016 071 070 069 068 067 066 065 064 063 062 061 060 059 058 057 056 055 054 053 052 051 050 049 048 047 046 045 044 043 042 041 040 039 038 037 036 035 034 033 032 031 030 029 028 027 026 025 024 023 022 021 020 019 018 017 016 [283sec, 14.8Volts, 0.079Amps, CPT:1061sec]
(Oct 20 2024 06:01:34,  861601 sec) GoDeep()             Sequence point detected at 2021.7dbar.
(Oct 20 2024 06:01:34,  861601 sec) ProfileInit()        Charge consumption model: OCV:15.4V wake-cycles:4847 standby:135.8days Q:9.3kC S:0.8kC
(Oct 20 2024 06:01:35,  861602 sec) ProfileInit()        PrfId:011  Pressure:2021.8dbar  pTable[0]:2000dbar RbrVitals:[15.2V,4901J]
(Oct 20 2024 06:01:46,  861613 sec) PistonMoveAbsWTO()    016->038 017 018 019 020 021 [30sec, 14.5Volts, 0.638Amps, CPT:1091sec]
(Oct 20 2024 06:02:27,  861654 sec) PistonMoveAbsWTO()    022->038 023 024 025 026 [30sec, 14.3Volts, 0.666Amps, CPT:1121sec]
(Oct 20 2024 06:03:08,  861695 sec) PistonMoveAbsWTO()    026->038 027 028 029 030 031 032 [30sec, 14.1Volts, 0.637Amps, CPT:1151sec]
(Oct 20 2024 06:03:49,  861736 sec) PistonMoveAbsWTO()    032->038 033 034 035 036 [30sec, 14.0Volts, 0.642Amps, CPT:1181sec]
(Oct 20 2024 06:04:30,  861777 sec) PistonMoveAbsWTO()    036->038 037 038 [7sec, 14.0Volts, 0.626Amps, CPT:1188sec]
(Oct 20 2024 06:10:37,  862144 sec) Profile()            Sample 0 initiated at 1967.9dbars for bin 0 [2000dbars].  PTSCt: 1967.8dbars 2.0133C 34.6311PSU 3.13437S/m 2.0021C
(Oct 20 2024 06:15:41,  862448 sec) Profile()            Sample 1 initiated at 1933.4dbars for bin 1 [1950dbars].  PTSCt: 1933.3dbars 2.0390C 34.6268PSU 3.13487S/m 2.0242C
(Oct 20 2024 06:20:45,  862752 sec) Profile()            Sample 2 initiated at 1900.6dbars for bin 2 [1900dbars].  PTSCt: 1900.5dbars 2.0750C 34.6209PSU 3.13619S/m 2.0547C
(Oct 20 2024 06:30:52,  863359 sec) Profile()            Sample 3 initiated at 1839.4dbars for bin 3 [1850dbars].  PTSCt: 1839.3dbars 2.1234C 34.6120PSU 3.13720S/m 2.1155C
(Oct 20 2024 06:40:59,  863966 sec) Profile()            Sample 4 initiated at 1784.8dbars for bin 4 [1800dbars].  PTSCt: 1784.8dbars 2.1676C 34.6034PSU 3.13814S/m 2.1569C
(Oct 20 2024 06:51:06,  864573 sec) Profile()            Sample 5 initiated at 1737.0dbars for bin 5 [1750dbars].  PTSCt: 1737.0dbars 2.2021C 34.5958PSU 3.13857S/m 2.1982C
(Oct 20 2024 06:51:06,  864573 sec) AscentControlAgent() Bouyancy nudge to 48 (v=0.075dbar/sec).
(Oct 20 2024 06:51:07,  864574 sec) PistonMoveAbsWTO()    038->048 039 040 041 042 043 [30sec, 14.5Volts, 0.584Amps, CPT:1218sec]
(Oct 20 2024 06:51:48,  864615 sec) PistonMoveAbsWTO()    043->048 044 045 046 047 048 [26sec, 14.3Volts, 0.581Amps, CPT:1244sec]
(Oct 20 2024 06:57:19,  864946 sec) Profile()            Sample 6 initiated at 1697.6dbars for bin 6 [1700dbars].  PTSCt: 1697.5dbars 2.2318C 34.5895PSU 3.13903S/m 2.2203C
(Oct 20 2024 07:07:26,  865553 sec) Profile()            Sample 7 initiated at 1638.2dbars for bin 7 [1650dbars].  PTSCt: 1638.1dbars 2.3001C 34.5755PSU 3.14140S/m 2.2808C
(Oct 20 2024 07:17:33,  866160 sec) Profile()            Sample 8 initiated at 1587.4dbars for bin 8 [1600dbars].  PTSCt: 1587.3dbars 2.3606C 34.5632PSU 3.14357S/m 2.3468C
(Oct 20 2024 07:22:35,  866462 sec) AscentControlAgent() Bouyancy nudge to 58 (v=0.076dbar/sec).
(Oct 20 2024 07:22:36,  866463 sec) PistonMoveAbsWTO()    048->058 049 050 051 052 053 [30sec, 14.5Volts, 0.545Amps, CPT:1274sec]
(Oct 20 2024 07:23:17,  866504 sec) PistonMoveAbsWTO()    053->058 054 055 056 057 058 [26sec, 14.3Volts, 0.534Amps, CPT:1300sec]
(Oct 20 2024 07:28:47,  866834 sec) Profile()            Sample 9 initiated at 1523.7dbars for bin 9 [1550dbars].  PTSCt: 1523.6dbars 2.4356C 34.5484PSU 3.14626S/m 2.4126C
(Oct 20 2024 07:33:52,  867139 sec) Profile()            Sample 10 initiated at 1491.1dbars for bin 10 [1500dbars].  PTSCt: 1491.1dbars 2.4833C 34.5425PSU 3.14859S/m 2.4619C
(Oct 20 2024 07:43:59,  867746 sec) Profile()            Sample 11 initiated at 1435.5dbars for bin 11 [1450dbars].  PTSCt: 1435.5dbars 2.5547C 34.5265PSU 3.15119S/m 2.5412C
(Oct 20 2024 07:49:01,  868048 sec) AscentControlAgent() Bouyancy nudge to 68 (v=0.076dbar/sec).
(Oct 20 2024 07:49:02,  868049 sec) PistonMoveAbsWTO()    058->068 059 060 061 062 063 [30sec, 14.5Volts, 0.512Amps, CPT:1330sec]
(Oct 20 2024 07:49:43,  868090 sec) PistonMoveAbsWTO()    063->068 064 065 066 067 068 [26sec, 14.3Volts, 0.520Amps, CPT:1356sec]
(Oct 20 2024 07:55:13,  868420 sec) Profile()            Sample 12 initiated at 1374.3dbars for bin 12 [1400dbars].  PTSCt: 1374.2dbars 2.6369C 34.5109PSU 3.15453S/m 2.6121C
(Oct 20 2024 08:00:18,  868725 sec) Profile()            Sample 13 initiated at 1342.3dbars for bin 13 [1350dbars].  PTSCt: 1342.2dbars 2.6836C 34.5007PSU 3.15643S/m 2.6612C
(Oct 20 2024 08:10:25,  869332 sec) Profile()            Sample 14 initiated at 1285.5dbars for bin 14 [1300dbars].  PTSCt: 1285.4dbars 2.7563C 34.4825PSU 3.15889S/m 2.7401C
(Oct 20 2024 08:20:32,  869939 sec) Profile()            Sample 15 initiated at 1237.7dbars for bin 15 [1250dbars].  PTSCt: 1237.7dbars 2.8320C 34.4636PSU 3.16194S/m 2.8080C
(Oct 20 2024 08:20:32,  869939 sec) AscentControlAgent() Bouyancy nudge to 78 (v=0.075dbar/sec).
(Oct 20 2024 08:20:33,  869940 sec) PistonMoveAbsWTO()    068->078 069 070 071 072 073 [30sec, 14.5Volts, 0.493Amps, CPT:1386sec]
(Oct 20 2024 08:21:14,  869981 sec) PistonMoveAbsWTO()    073->078 074 075 076 077 078 [24sec, 14.3Volts, 0.475Amps, CPT:1410sec]
(Oct 20 2024 08:26:43,  870310 sec) Profile()            Sample 16 initiated at 1199.7dbars for bin 16 [1200dbars].  PTSCt: 1199.6dbars 2.8968C 34.4490PSU 3.16479S/m 2.8730C
(Oct 20 2024 08:36:50,  870917 sec) Profile()            Sample 17 initiated at 1135.8dbars for bin 17 [1150dbars].  PTSCt: 1135.7dbars 2.9854C 34.4235PSU 3.16772S/m 2.9623C
(Oct 20 2024 08:46:57,  871524 sec) Profile()            Sample 18 initiated at 1076.0dbars for bin 18 [1100dbars].  PTSCt: 1075.9dbars 3.0734C 34.4020PSU 3.17109S/m 3.0568C
(Oct 20 2024 08:52:02,  871829 sec) Profile()            Sample 19 initiated at 1049.3dbars for bin 19 [1050dbars].  PTSCt: 1049.2dbars 3.1127C 34.3906PSU 3.17245S/m 3.0891C
(Oct 20 2024 08:57:04,  872131 sec) AscentControlAgent() Bouyancy nudge to 88 (v=0.078dbar/sec).
(Oct 20 2024 08:57:05,  872132 sec) PistonMoveAbsWTO()    078->088 079 080 081 082 083 [30sec, 14.6Volts, 0.435Amps, CPT:1440sec]
(Oct 20 2024 08:57:46,  872173 sec) PistonMoveAbsWTO()    083->088 084 085 086 087 088 [24sec, 14.4Volts, 0.440Amps, CPT:1464sec]
(Oct 20 2024 09:03:15,  872502 sec) Profile()            Sample 20 initiated at 986.5dbars for bin 20 [1000dbars].  PTSCt: 986.4dbars 3.2560C 34.3584PSU 3.17962S/m 3.2236C
(Oct 20 2024 09:13:22,  873109 sec) Profile()            Sample 21 initiated at 930.2dbars for bin 21 [950dbars].  PTSCt: 930.2dbars 3.3656C 34.3321PSU 3.18462S/m 3.3415C
(Oct 20 2024 09:23:29,  873716 sec) Profile()            Sample 22 initiated at 881.5dbars for bin 22 [900dbars].  PTSCt: 881.5dbars 3.5009C 34.3020PSU 3.19186S/m 3.4671C
(Oct 20 2024 09:23:29,  873716 sec) AscentControlAgent() Bouyancy nudge to 98 (v=0.080dbar/sec).
(Oct 20 2024 09:23:30,  873717 sec) PistonMoveAbsWTO()    088->098 089 090 091 092 093 [30sec, 14.6Volts, 0.401Amps, CPT:1494sec]
(Oct 20 2024 09:24:11,  873758 sec) PistonMoveAbsWTO()    093->098 094 095 096 097 098 [24sec, 14.5Volts, 0.399Amps, CPT:1518sec]
(Oct 20 2024 09:29:40,  874087 sec) Profile()            Sample 23 initiated at 840.5dbars for bin 23 [850dbars].  PTSCt: 840.4dbars 3.6145C 34.2797PSU 3.19819S/m 3.5764C
(Oct 20 2024 09:39:47,  874694 sec) Profile()            Sample 24 initiated at 779.7dbars for bin 24 [800dbars].  PTSCt: 779.6dbars 3.7894C 34.2399PSU 3.20755S/m 3.7543C
(Oct 20 2024 09:49:54,  875301 sec) Profile()            Sample 25 initiated at 732.6dbars for bin 25 [750dbars].  PTSCt: 732.5dbars 3.9596C 34.2001PSU 3.21709S/m 3.9182C
(Oct 20 2024 09:49:54,  875301 sec) AscentControlAgent() Bouyancy nudge to 108 (v=0.073dbar/sec).
(Oct 20 2024 09:49:55,  875302 sec) PistonMoveAbsWTO()    098->108 099 100 101 102 103 [30sec, 14.6Volts, 0.370Amps, CPT:1548sec]
(Oct 20 2024 09:50:36,  875343 sec) PistonMoveAbsWTO()    103->108 104 105 106 107 108 [22sec, 14.5Volts, 0.368Amps, CPT:1570sec]
(Oct 20 2024 09:56:02,  875669 sec) Profile()            Sample 26 initiated at 694.9dbars for bin 26 [700dbars].  PTSCt: 694.8dbars 4.1250C 34.1624PSU 3.22679S/m 4.0473C
(Oct 20 2024 10:06:09,  876276 sec) Profile()            Sample 27 initiated at 632.9dbars for bin 27 [650dbars].  PTSCt: 632.8dbars 4.3759C 34.1008PSU 3.24090S/m 4.2991C
(Oct 20 2024 10:16:16,  876883 sec) Profile()            Sample 28 initiated at 583.3dbars for bin 28 [600dbars].  PTSCt: 583.2dbars 4.5778C 34.0563PSU 3.25269S/m 4.5181C
(Oct 20 2024 10:16:16,  876883 sec) AscentControlAgent() Bouyancy nudge to 118 (v=0.077dbar/sec).
(Oct 20 2024 10:16:17,  876884 sec) PistonMoveAbsWTO()    108->118 109 110 111 112 113 [30sec, 14.7Volts, 0.333Amps, CPT:1600sec]
(Oct 20 2024 10:16:58,  876925 sec) PistonMoveAbsWTO()    113->118 114 115 116 117 118 [22sec, 14.6Volts, 0.333Amps, CPT:1622sec]
(Oct 20 2024 10:22:24,  877251 sec) Profile()            Sample 29 initiated at 544.1dbars for bin 29 [550dbars].  PTSCt: 544.0dbars 4.7294C 34.0292PSU 3.26200S/m 4.6402C
(Oct 20 2024 10:32:31,  877858 sec) Profile()            Sample 30 initiated at 482.3dbars for bin 30 [500dbars].  PTSCt: 482.2dbars 5.0366C 33.9930PSU 3.28327S/m 4.9475C
(Oct 20 2024 10:42:38,  878465 sec) Profile()            Sample 31 initiated at 432.5dbars for bin 31 [450dbars].  PTSCt: 432.4dbars 5.5594C 33.9558PSU 3.32408S/m 5.4286C
(Oct 20 2024 10:42:38,  878465 sec) AscentControlAgent() Bouyancy nudge to 128 (v=0.078dbar/sec).
(Oct 20 2024 10:42:39,  878466 sec) PistonMoveAbsWTO()    118->128 119 120 121 122 123 [30sec, 14.7Volts, 0.303Amps, CPT:1652sec]
(Oct 20 2024 10:43:20,  878507 sec) PistonMoveAbsWTO()    123->128 124 125 126 127 128 [21sec, 14.6Volts, 0.295Amps, CPT:1673sec]
(Oct 20 2024 10:48:45,  878832 sec) Profile()            Sample 32 initiated at 395.2dbars for bin 32 [400dbars].  PTSCt: 395.1dbars 6.1908C 33.9405PSU 3.37722S/m 5.9395C
(Oct 20 2024 10:53:50,  879137 sec) Profile()            Sample 33 initiated at 366.4dbars for bin 33 [380dbars].  PTSCt: 366.3dbars 6.7504C 33.9356PSU 3.42553S/m 6.4444C
(Oct 20 2024 10:58:55,  879442 sec) Profile()            Sample 34 initiated at 340.2dbars for bin 34 [360dbars].  PTSCt: 340.1dbars 7.2877C 33.9554PSU 3.47446S/m 7.0269C
(Oct 20 2024 11:04:00,  879747 sec) Profile()            Sample 35 initiated at 314.7dbars for bin 35 [350dbars].  PTSCt: 314.6dbars 7.6720C 33.9755PSU 3.50988S/m 7.4904C
(Oct 20 2024 11:09:05,  880052 sec) Profile()            Sample 36 initiated at 290.6dbars for bin 36 [340dbars].  PTSCt: 290.5dbars 8.0731C 33.9834PSU 3.54589S/m 7.8602C
(Oct 20 2024 11:09:05,  880052 sec) AscentControlAgent() Bouyancy nudge to 138 (v=0.079dbar/sec).
(Oct 20 2024 11:09:06,  880053 sec) PistonMoveAbsWTO()    128->138 129 130 131 132 133 [30sec, 14.8Volts, 0.269Amps, CPT:1703sec]
(Oct 20 2024 11:09:50,  880097 sec) Profile()            Sample 37 initiated at 287.0dbars for bin 37 [330dbars].  PTSCt: 287.0dbars 8.1351C 33.9886PSU 3.55185S/m 7.9276C
(Oct 20 2024 11:09:50,  880097 sec) PistonMoveAbsWTO()    133->138 134 135 136 137 138 [21sec, 14.7Volts, 0.264Amps, CPT:1724sec]
(Oct 20 2024 11:15:16,  880423 sec) Profile()            Sample 38 initiated at 251.8dbars for bin 38 [320dbars].  PTSCt: 251.7dbars 8.8285C 34.0273PSU 3.61717S/m 8.5080C
(Oct 20 2024 11:20:21,  880728 sec) Profile()            Sample 39 initiated at 221.2dbars for bin 39 [310dbars].  PTSCt: 221.1dbars 9.3643C 34.0561PSU 3.66772S/m 9.0790C
(Oct 20 2024 11:25:26,  881033 sec) Profile()            Sample 40 initiated at 192.1dbars for bin 40 [300dbars].  PTSCt: 192.0dbars 9.9265C 34.0777PSU 3.72037S/m 9.6431C
(Oct 20 2024 11:30:31,  881338 sec) Profile()            Sample 41 initiated at 166.2dbars for bin 41 [290dbars].  PTSCt: 166.2dbars 10.2736C 34.0336PSU 3.74701S/m 10.1365C
(Oct 20 2024 11:35:36,  881643 sec) Profile()            Sample 42 initiated at 144.1dbars for bin 42 [280dbars].  PTSCt: 144.1dbars 10.5579C 33.8718PSU 3.75630S/m 10.3814C
(Oct 20 2024 11:35:36,  881643 sec) AscentControlAgent() Bouyancy nudge to 148 (v=0.072dbar/sec).
(Oct 20 2024 11:35:37,  881644 sec) PistonMoveAbsWTO()    138->148 139 140 141 142 143 144 [30sec, 14.8Volts, 0.241Amps, CPT:1754sec]
(Oct 20 2024 11:36:21,  881688 sec) Profile()            Sample 43 initiated at 141.3dbars for bin 43 [270dbars].  PTSCt: 141.2dbars 10.5962C 33.8684PSU 3.75937S/m 10.4316C
(Oct 20 2024 11:36:21,  881688 sec) PistonMoveAbsWTO()    144->148 145 146 147 148 [21sec, 14.8Volts, 0.231Amps, CPT:1775sec]
(Oct 20 2024 11:41:46,  882013 sec) Profile()            Sample 44 initiated at 113.0dbars for bin 44 [260dbars].  PTSCt: 112.9dbars 10.5644C 33.6498PSU 3.73343S/m 10.4749C
(Oct 20 2024 11:46:51,  882318 sec) Profile()            Sample 45 initiated at 88.2dbars for bin 45 [250dbars].  PTSCt: 88.1dbars 10.4475C 33.5133PSU 3.70805S/m 10.5159C
(Oct 20 2024 11:51:56,  882623 sec) Profile()            Sample 46 initiated at 72.0dbars for bin 46 [240dbars].  PTSCt: 71.9dbars 11.0563C 33.4357PSU 3.75536S/m 10.7113C
(Oct 20 2024 11:51:56,  882623 sec) AscentControlAgent() Bouyancy nudge to 158 (v=0.053dbar/sec).
(Oct 20 2024 11:51:57,  882624 sec) PistonMoveAbsWTO()    148->158 149 150 151 152 153 154 [30sec, 14.9Volts, 0.221Amps, CPT:1805sec]
(Oct 20 2024 11:52:41,  882668 sec) Profile()            Sample 47 initiated at 69.6dbars for bin 47 [230dbars].  PTSCt: 69.5dbars 11.1373C 33.4355PSU 3.76267S/m 10.8110C
(Oct 20 2024 11:52:41,  882668 sec) PistonMoveAbsWTO()    154->158 155 156 157 158 [21sec, 14.8Volts, 0.224Amps, CPT:1826sec]
(Oct 20 2024 11:58:06,  882993 sec) Profile()            Sample 48 initiated at 47.8dbars for bin 48 [220dbars].  PTSCt: 47.8dbars 13.6983C 33.3782PSU 3.99307S/m 12.7542C
(Oct 20 2024 11:58:06,  882993 sec) AscentControlAgent() Bouyancy nudge to 168 (v=0.065dbar/sec).
(Oct 20 2024 11:58:07,  882994 sec) PistonMoveAbsWTO()    158->168 159 160 161 162 163 164 [30sec, 14.8Volts, 0.210Amps, CPT:1856sec]
(Oct 20 2024 11:58:51,  883038 sec) Profile()            Sample 49 initiated at 46.2dbars for bin 49 [210dbars].  PTSCt: 46.2dbars 13.9388C 33.3760PSU 4.01527S/m 13.0260C
(Oct 20 2024 11:58:51,  883038 sec) PistonMoveAbsWTO()    164->168 165 166 167 168 [20sec, 14.7Volts, 0.214Amps, CPT:1876sec]
(Oct 20 2024 11:59:25,  883072 sec) Profile()            Sample 50 initiated at 44.1dbars for bin 50 [200dbars].  PTSCt: 44.0dbars 14.2012C 33.3972PSU 4.04207S/m 13.2383C
(Oct 20 2024 11:59:39,  883086 sec) Profile()            Sample 51 initiated at 43.0dbars for bin 51 [190dbars].  PTSCt: 42.9dbars 14.3971C 33.3837PSU 4.05896S/m 13.3225C
(Oct 20 2024 11:59:53,  883100 sec) Profile()            Sample 52 initiated at 41.8dbars for bin 52 [180dbars].  PTSCt: 41.8dbars 14.6622C 33.6194PSU 4.10965S/m 13.4410C
(Oct 20 2024 12:00:07,  883114 sec) Profile()            Sample 53 initiated at 40.8dbars for bin 53 [170dbars].  PTSCt: 40.7dbars 16.4624C 33.2739PSU 4.24184S/m 13.6195C
(Oct 20 2024 12:00:21,  883128 sec) Profile()            Sample 54 initiated at 39.9dbars for bin 54 [160dbars].  PTSCt: 39.8dbars 17.0306C 33.3913PSU 4.30948S/m 13.9256C
(Oct 20 2024 12:00:35,  883142 sec) Profile()            Sample 55 initiated at 39.4dbars for bin 55 [150dbars].  PTSCt: 39.4dbars 17.3420C 33.1585PSU 4.31223S/m 14.2470C
(Oct 20 2024 12:00:49,  883156 sec) Profile()            Sample 56 initiated at 39.3dbars for bin 56 [140dbars].  PTSCt: 39.3dbars 17.3431C 33.0879PSU 4.30412S/m 14.5223C
(Oct 20 2024 12:01:03,  883170 sec) Profile()            Sample 57 initiated at 39.3dbars for bin 57 [130dbars].  PTSCt: 39.3dbars 17.3265C 33.0591PSU 4.29919S/m 14.7353C
(Oct 20 2024 12:01:17,  883184 sec) Profile()            Sample 58 initiated at 39.5dbars for bin 58 [120dbars].  PTSCt: 39.5dbars 17.2977C 33.0120PSU 4.29099S/m 14.9391C
(Oct 20 2024 12:01:31,  883198 sec) Profile()            Sample 59 initiated at 39.7dbars for bin 59 [110dbars].  PTSCt: 39.8dbars 17.2896C 33.0784PSU 4.29794S/m 15.1067C
(Oct 20 2024 12:01:45,  883212 sec) Profile()            Sample 60 initiated at 39.9dbars for bin 60 [100dbars].  PTSCt: 39.9dbars 17.2757C 33.0759PSU 4.29634S/m 15.2675C
(Oct 20 2024 12:01:59,  883226 sec) Profile()            Sample 61 initiated at 40.0dbars for bin 61 [90dbars].  PTSCt: 40.0dbars 17.2729C 33.0693PSU 4.29532S/m 15.4217C
(Oct 20 2024 12:02:13,  883240 sec) Profile()            Sample 62 initiated at 40.0dbars for bin 62 [80dbars].  PTSCt: 39.9dbars 17.2914C 33.0842PSU 4.29880S/m 15.5485C
(Oct 20 2024 12:02:27,  883254 sec) Profile()            Sample 63 initiated at 39.9dbars for bin 63 [70dbars].  PTSCt: 39.9dbars 17.3046C 33.1345PSU 4.30590S/m 15.6792C
(Oct 20 2024 12:02:41,  883268 sec) Profile()            Sample 64 initiated at 39.7dbars for bin 64 [60dbars].  PTSCt: 39.7dbars 17.2929C 33.1987PSU 4.31224S/m 15.8054C
(Oct 20 2024 12:02:55,  883282 sec) Profile()            Sample 65 initiated at 39.6dbars for bin 65 [50dbars].  PTSCt: 39.6dbars 17.3042C 33.2054PSU 4.31409S/m 15.9170C
(Oct 20 2024 12:03:09,  883296 sec) Profile()            Sample 66 initiated at 39.4dbars for bin 66 [40dbars].  PTSCt: 39.4dbars 17.3101C 33.1882PSU 4.31265S/m 16.0181C
(Oct 20 2024 12:03:09,  883296 sec) AscentControlAgent() Bouyancy nudge to 178 (v=0.027dbar/sec).
(Oct 20 2024 12:03:10,  883297 sec) PistonMoveAbsWTO()    168->178 169 170 171 172 173 174 [30sec, 14.7Volts, 0.214Amps, CPT:1906sec]
(Oct 20 2024 12:03:51,  883338 sec) PistonMoveAbsWTO()    174->178 175 176 177 178 [20sec, 14.7Volts, 0.214Amps, CPT:1926sec]
(Oct 20 2024 12:08:16,  883603 sec) Profile()            Sample 67 initiated at 30.8dbars for bin 67 [30dbars].  PTSCt: 30.7dbars 18.5159C 33.2720PSU 4.43774S/m 18.0461C
(Oct 20 2024 12:08:16,  883603 sec) AscentControlAgent() Bouyancy nudge to 188 (v=0.029dbar/sec).
(Oct 20 2024 12:08:16,  883603 sec) PistonMoveAbsWTO()    178->188 179 180 181 182 183 [30sec, 14.7Volts, 0.214Amps, CPT:1956sec]
(Oct 20 2024 12:08:57,  883644 sec) PistonMoveAbsWTO()    183->188 184 185 186 187 188 [22sec, 14.7Volts, 0.200Amps, CPT:1978sec]
(Oct 20 2024 12:10:12,  883719 sec) Profile()            Sample 68 initiated at 20.9dbars for bin 68 [20dbars].  PTSCt: 20.8dbars 18.5236C 33.2803PSU 4.43904S/m 18.2953C
(Oct 20 2024 12:11:46,  883813 sec) Profile()            Sample 69 initiated at 10.7dbars for bin 69 [10dbars].  PTSCt: 10.7dbars 18.5256C 33.2810PSU 4.43889S/m 18.3947C
(Oct 20 2024 12:12:33,  883860 sec) Profile()            Sample 70 initiated at 6.1dbars for bin 70 [6dbars].  PTSCt: 6.0dbars 18.5258C 33.2805PSU 4.43864S/m 18.4285C
(Oct 20 2024 12:12:55,  883882 sec) SurfaceDetect()      SurfacePressure:0.4dbars Pressure:4.0dbars PistonPosition:188
(Oct 20 2024 12:19:30,  884277 sec) StsSurfaceDetect()   STS surface detected at 395 sec: P[0.5,0.4].
(Oct 20 2024 12:19:30,  884277 sec) PistonMoveAbsWTO()    188->210 189 190 191 192 193 194 195 196 197 198 199 200 201 202 203 204 205 206 207 208 209 210 [112sec, 14.6Volts, 0.205Amps, CPT:2090sec]
(Oct 20 2024 12:21:48,  884415 sec) RbrProcessTimeSeries Assimilating dynamically corrected salinity profile.
(Oct 20 2024 12:30:35,  884942 sec) BinAveAssimilate()   Bin 11 full: P:0.5739dbar, T:18.4905C, S:33.2830PSU
(Oct 20 2024 12:30:39,  884946 sec) ProfileTerminate()   Assimilated 24678 samples in 554 seconds. [44.5 samples/sec]
(Oct 20 2024 12:30:44,  884951 sec) ProfileTerminate()   RbrVitals:[15.0V,5272J]

<EOT>
