(Nov 30 2024 14:50:57,  885048 sec) TelemetryInit()      Profile 15. (Apf11 FwRev: 122122)
(Nov 30 2024 14:50:57,  885048 sec) TelemetryInit()      Charge consumption model: OCV:15.1V wake-cycles:6584 standby:176.9days Q:12.6kC S:1.2kC
(Nov 30 2024 14:59:33,  885564 sec) AirSystem()          Battery [212cnt, 14.9V]  Current [22cnt, 86.1mA]  Pneumometer [157cnt, 18.5psi]  Run-Time [102s]
(Nov 30 2024 15:00:03,  885594 sec) GpsServices()        GPS almanac is current.
(Nov 30 2024 15:00:03,  885594 sec) GpsServices()        Initiating GPS fix acquisition.
(Nov 30 2024 15:00:06,  885597 sec) gga()                $GPGGA,150010,3937.4506,N,14437.6987,W,0,00,,,M,,M,,*46
(Nov 30 2024 15:00:20,  885611 sec) gga()                $GPGGA,150030,3937.4506,N,14437.6987,W,0,00,,,M,,M,,*44
(Nov 30 2024 15:00:20,  885611 sec) gga()                $GPGGA,150030,3937.4506,N,14437.6987,W,0,00,,,M,,M,,*44
(Nov 30 2024 15:00:30,  885621 sec) gga()                $GPGGA,150040,3937.4506,N,14437.6987,W,0,00,,,M,,M,,*43
(Nov 30 2024 15:00:40,  885631 sec) gga()                $GPGGA,150050,3937.4506,N,14437.6987,W,0,00,,,M,,M,,*42
(Nov 30 2024 15:00:50,  885641 sec) gga()                $GPGGA,150100,3937.4506,N,14437.6987,W,0,00,,,M,,M,,*46
(Nov 30 2024 15:01:00,  885651 sec) gga()                $GPGGA,150110,3937.4506,N,14437.6987,W,0,00,,,M,,M,,*47
(Nov 30 2024 15:01:21,  885672 sec) gga()                $GPGGA,150130,3938.8286,N,14433.9234,W,1,07,1.2,-5.8,M,-28.8,M,,*55
(Nov 30 2024 15:01:21,  885672 sec) GpsServices()        Profile 15 GPS fix obtained in 78 seconds.
(Nov 30 2024 15:01:21,  885672 sec) GpsServices()                   lon      lat mm/dd/yyyy hhmmss nsat
(Nov 30 2024 15:01:21,  885672 sec) GpsServices()        Fix: -144.5654  39.6471 11/30/2024 150130    7
(Nov 30 2024 15:01:31,  885682 sec) gga()                $GPGGA,150140,3938.8305,N,14433.9235,W,1,07,1.2,-6.8,M,-28.8,M,,*5A
(Nov 30 2024 15:01:40,  885691 sec) gga()                $GPGGA,150150,3938.8314,N,14433.9237,W,1,07,1.2,-5.5,M,-28.8,M,,*57
(Nov 30 2024 15:01:40,  885691 sec) GpsServices()        APF11 RTC skew (-10s) OK.
(Nov 30 2024 15:01:40,  885691 sec) GpsServices()        GPS services complete.
(Nov 30 2024 15:02:07,  885718 sec) IrGeoLoc()           <x,y,z>=<-4008km,-2844km,4044km> lat=39.638 lon=-144.641 IrSysTime=0xdc0e8378
(Nov 30 2024 15:02:11,  885722 sec) CLogin()             Connecting to primary host.
(Nov 30 2024 15:03:14,  885785 sec) chat()               Expected string [CONNECT] not received.
(Nov 30 2024 15:03:14,  885785 sec) modem_connect()      Modem command [AT+CBST=71,0,1;DT00881600005496] failed.
(Nov 30 2024 15:03:14,  885785 sec) connect()            Connection attempt failed.
(Nov 30 2024 15:03:26,  885797 sec) CLogin()             Connection 1 established in 75 seconds.
(Nov 30 2024 15:03:45,  885816 sec) login()              Login successful.
(Nov 30 2024 15:03:49,  885820 sec) CLogin()             Logged in to host.  [Login required 23 seconds]
(Nov 30 2024 15:03:53,  885824 sec) RxConfig()           Downloading "mission.cfg" from host.
(Nov 30 2024 15:04:09,  885840 sec) RxConfig()           Download successful: [bytes:33, sec:13.2, bps:3]
(Nov 30 2024 15:04:12,  885843 sec) WriteVitals()        Writing vitals to "22205.015.msg".
(Nov 30 2024 15:04:23,  885854 sec) UpLoadFile()         Uploading "22205.015.log" to host.
(Nov 30 2024 15:06:14,  885965 sec) UpLoadFile()         Upload successful: [bytes:28490, sec:111.3, bps:256]
(Nov 30 2024 15:06:15,  885966 sec) fmove()              Moved: 22205.015.log -> archive/22205.015.log
(Nov 30 2024 15:06:18,  885969 sec) UpLoadFile()         Uploading "22205.015.msg" to host.
(Nov 30 2024 15:09:39,  886170 sec) UpLoadFile()         Upload successful: [bytes:57073, sec:201.1, bps:284]
(Nov 30 2024 15:09:40,  886171 sec) fmove()              Moved: 22205.015.msg -> archive/22205.015.msg
(Nov 30 2024 15:09:41,  886172 sec) UpLoad()             Files successfully uploaded: 2
(Nov 30 2024 15:09:41,  886172 sec) UpLoad()             Upload complete.
(Nov 30 2024 15:09:48,  886179 sec) chat()               Expected string [logout] not received.
(Nov 30 2024 15:09:48,  886179 sec) logout()             Attempt to log-out failed.
(Nov 30 2024 15:09:48,  886179 sec) logout()             No carrier detected.
(Nov 30 2024 15:09:48,  886179 sec) Telemetry()          Telemetry cycle complete: PrfId=15 ConnectionAttempts=2  Connections=1
(Nov 30 2024 15:09:48,  886179 sec) TelemetryTerminate() Parsing new mission configuration.
(Nov 30 2024 15:09:49,  886180 sec) configure()          Parsing configurators in "mission.cfg".
(Nov 30 2024 15:09:49,  886180 sec) configure()             TelemetryRetry(15)      [0x7BBC] [TelemetryRetry(15)].
(Nov 30 2024 15:09:49,  886180 sec) configure()          Configuration CRCs and syntax OK.
(Nov 30 2024 15:09:49,  886180 sec) ConfigSupervisor()   Configuration accepted.
(Nov 30 2024 15:09:49,  886180 sec) TelemetryTerminate() Reconditioning the file system.
(Nov 30 2024 15:09:53,       1 sec) DescentInit()        Deep profile 16 initiated at mission-time 886183sec.
(Nov 30 2024 15:09:54,       2 sec) DescentInit()        Surface pressure: -0.0dbars.
(Nov 30 2024 15:09:54,       2 sec) DescentInit()        Charge consumption model: OCV:14.6V wake-cycles:6585 standby:176.9days Q:12.6kC S:1.2kC
(Nov 30 2024 15:10:07,      15 sec) DescentInit()        Pneumatic humidity: 949(3.8%) -> 1033(6.2%)
(Nov 30 2024 15:10:07,      15 sec) PistonMoveAbsWTO()    200->072 199 198 197 196 195 194 193 192 191 190 189 188 187 186 185 184 183 182 181 180 179 178 177 176 175 174 173 172 171 170 169 168 167 166 165 164 163 162 161 160 159 158 157 156 155 154 153 152 151 150 149 148 147 146 145 144 143 142 141 140 139 138 137 136 135 134 133 132 131 130 129 128 127 126 125 124 123 122 121 120 119 118 117 116 115 114 113 112 111 110 109 108 107 106 105 104 103 102 101 100 099 098 097 096 095 094 093 092 091 090 089 088 087 086 085 084 083 082 081 080 079 078 077 076 075 074 073 072 [669sec, 14.5Volts, 0.163Amps, CPT:669sec]
(Nov 30 2024 15:21:16,     684 sec) DescentInit()        Air solenoid open: Barometer [201cnt,  11.8psi]  Pneumometer [102cnt,  11.9psi]
(Nov 30 2024 15:21:26,     694 sec) Descent()            Pressure: 47.3
(Nov 30 2024 16:09:52,    3600 sec) Descent()            Pressure: 459.0
(Nov 30 2024 17:09:52,    7200 sec) Descent()            Pressure: 796.5
(Nov 30 2024 18:09:52,   10800 sec) Descent()            Pressure: 955.2
(Nov 30 2024 19:09:52,   14400 sec) Descent()            Pressure: 984.4
(Nov 30 2024 19:09:53,   14401 sec) ParkInit()           Charge consumption model: OCV:15.5V wake-cycles:6590 standby:177.0days Q:12.9kC S:1.2kC
(Nov 30 2024 21:09:57,   21605 sec) Park()               ParkPOutOfBand[-3, 987.7 dbars]: retract piston.
(Nov 30 2024 21:09:57,   21605 sec) PistonMoveAbsWTO()    072->071 071 [6sec, 15.2Volts, 0.101Amps, CPT:675sec]
(Dec 01 2024 08:09:57,   61205 sec) Park()               ParkPOutOfBand[3, 1012.6 dbars]: extend piston.
(Dec 01 2024 08:09:57,   61205 sec) PistonMoveAbsWTO()    071->072 072 [3sec, 14.9Volts, 0.445Amps, CPT:678sec]
(Dec 03 2024 04:09:57,  219605 sec) Park()               ParkPOutOfBand[3, 1012.8 dbars]: extend piston.
(Dec 03 2024 04:09:57,  219605 sec) PistonMoveAbsWTO()    072->073 073 [5sec, 14.8Volts, 0.448Amps, CPT:683sec]
(Dec 10 2024 11:09:52,  849600 sec) CtdPower()           [ 2024-12-10 11:09:55.000, 994.4446, 3.2907, 34.3528]
(Dec 10 2024 11:09:52,  849600 sec) CtdPower()           CTD Power consumption [217VCnt 1ACnt]: 15.245Volts * 0.002Amps = 0.04Watts.
(Dec 10 2024 11:10:02,  849610 sec) ParkTerminate()      Piston Position:73 Vacuum:192 HumidityAd12:947(3.7%) Vq:218 Aq:2 Vrbr:217 Arbr:1
(Dec 10 2024 11:10:06,  849614 sec) ParkTerminate()      PTSCt: 994.4dbars 3.2908C 34.3532PSU 3.18258S/m 3.3013C
(Dec 10 2024 11:10:06,  849614 sec) GoDeepInit()         Charge consumption model: OCV:15.3V wake-cycles:6822 standby:186.7days Q:12.9kC S:1.2kC
(Dec 10 2024 11:10:06,  849614 sec) GoDeepInit()         Moving piston.
(Dec 10 2024 11:10:06,  849614 sec) PistonMoveAbsWTO()    073->017 072 071 070 069 068 067 066 065 064 063 062 061 060 059 058 057 056 055 054 053 052 051 050 049 048 047 046 045 044 043 042 041 040 039 038 037 036 035 034 033 032 031 030 029 028 027 026 025 024 023 022 021 020 019 018 017 [281sec, 14.8Volts, 0.088Amps, CPT:964sec]
(Dec 10 2024 15:09:52,  864000 sec) ProfileInit()        Charge consumption model: OCV:15.4V wake-cycles:6869 standby:186.8days Q:12.9kC S:1.2kC
(Dec 10 2024 15:09:53,  864001 sec) ProfileInit()        PrfId:016  Pressure:2016.1dbar  pTable[0]:2000dbar RbrVitals:[15.2V,7187J]
(Dec 10 2024 15:09:55,  864003 sec) PistonMoveAbsWTO()    018->040 017 018 019 020 021 022 023 [30sec, 14.4Volts, 0.658Amps, CPT:994sec]
(Dec 10 2024 15:10:36,  864044 sec) PistonMoveAbsWTO()    022->040 023 024 025 026 027 [30sec, 14.2Volts, 0.671Amps, CPT:1024sec]
(Dec 10 2024 15:11:17,  864085 sec) PistonMoveAbsWTO()    027->040 028 029 030 031 032 033 [30sec, 14.0Volts, 0.649Amps, CPT:1054sec]
(Dec 10 2024 15:11:58,  864126 sec) PistonMoveAbsWTO()    033->040 034 035 036 037 [30sec, 13.9Volts, 0.646Amps, CPT:1084sec]
(Dec 10 2024 15:12:39,  864167 sec) PistonMoveAbsWTO()    037->040 038 039 040 [12sec, 13.9Volts, 0.644Amps, CPT:1096sec]
(Dec 10 2024 15:18:08,  864496 sec) Profile()            Sample 0 initiated at 1966.1dbars for bin 0 [2000dbars].  PTSCt: 1966.0dbars 1.9898C 34.6368PSU 3.13273S/m 1.9744C
(Dec 10 2024 15:23:12,  864800 sec) Profile()            Sample 1 initiated at 1930.3dbars for bin 1 [1950dbars].  PTSCt: 1930.2dbars 2.0108C 34.6339PSU 3.13286S/m 1.9965C
(Dec 10 2024 15:28:16,  865104 sec) Profile()            Sample 2 initiated at 1896.6dbars for bin 2 [1900dbars].  PTSCt: 1896.6dbars 2.0292C 34.6305PSU 3.13283S/m 2.0104C
(Dec 10 2024 15:38:23,  865711 sec) Profile()            Sample 3 initiated at 1834.7dbars for bin 3 [1850dbars].  PTSCt: 1834.6dbars 2.1146C 34.6166PSU 3.13663S/m 2.0823C
(Dec 10 2024 15:48:30,  866318 sec) Profile()            Sample 4 initiated at 1778.4dbars for bin 4 [1800dbars].  PTSCt: 1778.3dbars 2.1562C 34.6089PSU 3.13732S/m 2.1431C
(Dec 10 2024 15:58:37,  866925 sec) Profile()            Sample 5 initiated at 1728.9dbars for bin 5 [1750dbars].  PTSCt: 1728.9dbars 2.2020C 34.5995PSU 3.13853S/m 2.1872C
(Dec 10 2024 15:58:38,  866926 sec) AscentControlAgent() Bouyancy nudge to 50 (v=0.079dbar/sec).
(Dec 10 2024 15:58:38,  866926 sec) PistonMoveAbsWTO()    040->050 041 042 043 044 045 [30sec, 14.4Volts, 0.601Amps, CPT:1126sec]
(Dec 10 2024 15:59:19,  866967 sec) PistonMoveAbsWTO()    045->050 046 047 048 049 050 [27sec, 14.2Volts, 0.581Amps, CPT:1153sec]
(Dec 10 2024 16:04:50,  867298 sec) Profile()            Sample 6 initiated at 1690.3dbars for bin 6 [1700dbars].  PTSCt: 1690.2dbars 2.2535C 34.5885PSU 3.14053S/m 2.2285C
(Dec 10 2024 16:14:57,  867905 sec) Profile()            Sample 7 initiated at 1628.5dbars for bin 7 [1650dbars].  PTSCt: 1628.4dbars 2.3250C 34.5739PSU 3.14304S/m 2.3083C
(Dec 10 2024 16:20:02,  868210 sec) Profile()            Sample 8 initiated at 1598.0dbars for bin 8 [1600dbars].  PTSCt: 1597.9dbars 2.3496C 34.5690PSU 3.14353S/m 2.3358C
(Dec 10 2024 16:30:09,  868817 sec) Profile()            Sample 9 initiated at 1542.4dbars for bin 9 [1550dbars].  PTSCt: 1542.4dbars 2.4092C 34.5570PSU 3.14545S/m 2.3879C
(Dec 10 2024 16:40:16,  869424 sec) Profile()            Sample 10 initiated at 1495.8dbars for bin 10 [1500dbars].  PTSCt: 1495.8dbars 2.4679C 34.5450PSU 3.14764S/m 2.4509C
(Dec 10 2024 16:40:17,  869425 sec) AscentControlAgent() Bouyancy nudge to 60 (v=0.073dbar/sec).
(Dec 10 2024 16:40:17,  869425 sec) PistonMoveAbsWTO()    050->060 051 052 053 054 055 [30sec, 14.5Volts, 0.529Amps, CPT:1183sec]
(Dec 10 2024 16:40:58,  869466 sec) PistonMoveAbsWTO()    055->060 056 057 058 059 060 [27sec, 14.3Volts, 0.541Amps, CPT:1210sec]
(Dec 10 2024 16:51:31,  870099 sec) Profile()            Sample 11 initiated at 1425.9dbars for bin 11 [1450dbars].  PTSCt: 1425.8dbars 2.5562C 34.5279PSU 3.15103S/m 2.5275C
(Dec 10 2024 16:56:36,  870404 sec) Profile()            Sample 12 initiated at 1396.3dbars for bin 12 [1400dbars].  PTSCt: 1396.3dbars 2.5979C 34.5193PSU 3.15274S/m 2.5712C
(Dec 10 2024 17:06:43,  871011 sec) Profile()            Sample 13 initiated at 1343.2dbars for bin 13 [1350dbars].  PTSCt: 1343.2dbars 2.6563C 34.5047PSU 3.15441S/m 2.6339C
(Dec 10 2024 17:11:46,  871314 sec) AscentControlAgent() Bouyancy nudge to 70 (v=0.073dbar/sec).
(Dec 10 2024 17:11:46,  871314 sec) PistonMoveAbsWTO()    060->070 061 062 063 064 065 [30sec, 14.5Volts, 0.497Amps, CPT:1240sec]
(Dec 10 2024 17:12:27,  871355 sec) PistonMoveAbsWTO()    065->070 066 067 068 069 070 [26sec, 14.3Volts, 0.493Amps, CPT:1266sec]
(Dec 10 2024 17:17:57,  871685 sec) Profile()            Sample 14 initiated at 1283.7dbars for bin 14 [1300dbars].  PTSCt: 1283.6dbars 2.7392C 34.4846PSU 3.15750S/m 2.7183C
(Dec 10 2024 17:28:04,  872292 sec) Profile()            Sample 15 initiated at 1229.3dbars for bin 15 [1250dbars].  PTSCt: 1229.2dbars 2.8232C 34.4653PSU 3.16095S/m 2.7944C
(Dec 10 2024 17:33:07,  872595 sec) AscentControlAgent() Bouyancy nudge to 80 (v=0.077dbar/sec).
(Dec 10 2024 17:33:07,  872595 sec) PistonMoveAbsWTO()    070->080 071 072 073 074 075 [30sec, 14.5Volts, 0.470Amps, CPT:1296sec]
(Dec 10 2024 17:33:48,  872636 sec) PistonMoveAbsWTO()    075->080 076 077 078 079 080 [26sec, 14.3Volts, 0.479Amps, CPT:1322sec]
(Dec 10 2024 17:39:18,  872966 sec) Profile()            Sample 16 initiated at 1166.3dbars for bin 16 [1200dbars].  PTSCt: 1166.2dbars 2.9097C 34.4408PSU 3.16382S/m 2.8784C
(Dec 10 2024 17:44:23,  873271 sec) Profile()            Sample 17 initiated at 1133.3dbars for bin 17 [1150dbars].  PTSCt: 1133.2dbars 2.9673C 34.4261PSU 3.16624S/m 2.9353C
(Dec 10 2024 17:54:30,  873878 sec) Profile()            Sample 18 initiated at 1071.3dbars for bin 18 [1100dbars].  PTSCt: 1071.3dbars 3.0895C 34.3954PSU 3.17175S/m 3.0595C
(Dec 10 2024 17:59:35,  874183 sec) Profile()            Sample 19 initiated at 1042.8dbars for bin 19 [1050dbars].  PTSCt: 1042.7dbars 3.1566C 34.3848PSU 3.17553S/m 3.1187C
(Dec 10 2024 18:09:42,  874790 sec) Profile()            Sample 20 initiated at 994.7dbars for bin 20 [1000dbars].  PTSCt: 994.7dbars 3.2618C 34.3608PSU 3.18069S/m 3.2263C
(Dec 10 2024 18:09:43,  874791 sec) AscentControlAgent() Bouyancy nudge to 90 (v=0.074dbar/sec).
(Dec 10 2024 18:09:43,  874791 sec) PistonMoveAbsWTO()    080->090 081 082 083 084 085 [30sec, 14.6Volts, 0.438Amps, CPT:1352sec]
(Dec 10 2024 18:10:24,  874832 sec) PistonMoveAbsWTO()    085->090 086 087 088 089 090 [24sec, 14.4Volts, 0.433Amps, CPT:1376sec]
(Dec 10 2024 18:20:54,  875462 sec) Profile()            Sample 21 initiated at 925.5dbars for bin 21 [950dbars].  PTSCt: 925.4dbars 3.4291C 34.3216PSU 3.18910S/m 3.3924C
(Dec 10 2024 18:25:59,  875767 sec) Profile()            Sample 22 initiated at 895.2dbars for bin 22 [900dbars].  PTSCt: 895.1dbars 3.5025C 34.3067PSU 3.19299S/m 3.4645C
(Dec 10 2024 18:36:06,  876374 sec) Profile()            Sample 23 initiated at 842.9dbars for bin 23 [850dbars].  PTSCt: 842.9dbars 3.6595C 34.2730PSU 3.20167S/m 3.6137C
(Dec 10 2024 18:36:07,  876375 sec) AscentControlAgent() Bouyancy nudge to 100 (v=0.080dbar/sec).
(Dec 10 2024 18:36:07,  876375 sec) PistonMoveAbsWTO()    090->100 091 092 093 094 095 [30sec, 14.6Volts, 0.389Amps, CPT:1406sec]
(Dec 10 2024 18:36:48,  876416 sec) PistonMoveAbsWTO()    095->100 096 097 098 099 100 [23sec, 14.5Volts, 0.398Amps, CPT:1429sec]
(Dec 10 2024 18:47:18,  877046 sec) Profile()            Sample 24 initiated at 776.2dbars for bin 24 [800dbars].  PTSCt: 776.1dbars 3.8937C 34.2214PSU 3.21499S/m 3.8416C
(Dec 10 2024 18:52:23,  877351 sec) Profile()            Sample 25 initiated at 749.6dbars for bin 25 [750dbars].  PTSCt: 749.5dbars 3.9782C 34.2022PSU 3.21964S/m 3.9262C
(Dec 10 2024 19:02:30,  877958 sec) Profile()            Sample 26 initiated at 699.7dbars for bin 26 [700dbars].  PTSCt: 699.6dbars 4.1574C 34.1543PSU 3.22916S/m 4.1052C
(Dec 10 2024 19:07:33,  878261 sec) AscentControlAgent() Bouyancy nudge to 110 (v=0.075dbar/sec).
(Dec 10 2024 19:07:33,  878261 sec) PistonMoveAbsWTO()    100->110 101 102 103 104 105 [30sec, 14.7Volts, 0.353Amps, CPT:1459sec]
(Dec 10 2024 19:08:14,  878302 sec) PistonMoveAbsWTO()    105->110 106 107 108 109 110 [23sec, 14.5Volts, 0.352Amps, CPT:1482sec]
(Dec 10 2024 19:13:42,  878630 sec) Profile()            Sample 27 initiated at 638.5dbars for bin 27 [650dbars].  PTSCt: 638.4dbars 4.3677C 34.1041PSU 3.24070S/m 4.3017C
(Dec 10 2024 19:23:49,  879237 sec) Profile()            Sample 28 initiated at 581.2dbars for bin 28 [600dbars].  PTSCt: 581.2dbars 4.6037C 34.0487PSU 3.25423S/m 4.5389C
(Dec 10 2024 19:28:52,  879540 sec) AscentControlAgent() Bouyancy nudge to 120 (v=0.075dbar/sec).
(Dec 10 2024 19:28:52,  879540 sec) PistonMoveAbsWTO()    110->120 111 112 113 114 115 [30sec, 14.6Volts, 0.331Amps, CPT:1512sec]
(Dec 10 2024 19:29:33,  879581 sec) PistonMoveAbsWTO()    115->120 116 117 118 119 120 [23sec, 14.5Volts, 0.335Amps, CPT:1535sec]
(Dec 10 2024 19:35:01,  879909 sec) Profile()            Sample 29 initiated at 522.4dbars for bin 29 [550dbars].  PTSCt: 522.3dbars 4.9273C 33.9804PSU 3.27428S/m 4.8212C
(Dec 10 2024 19:40:06,  880214 sec) Profile()            Sample 30 initiated at 493.9dbars for bin 30 [500dbars].  PTSCt: 493.8dbars 5.1736C 33.9616PSU 3.29313S/m 5.0452C
(Dec 10 2024 19:50:13,  880821 sec) Profile()            Sample 31 initiated at 440.7dbars for bin 31 [450dbars].  PTSCt: 440.6dbars 5.8388C 33.9352PSU 3.34741S/m 5.6468C
(Dec 10 2024 19:55:16,  881124 sec) AscentControlAgent() Bouyancy nudge to 130 (v=0.078dbar/sec).
(Dec 10 2024 19:55:16,  881124 sec) PistonMoveAbsWTO()    120->130 121 122 123 124 125 [30sec, 14.7Volts, 0.304Amps, CPT:1565sec]
(Dec 10 2024 19:55:57,  881165 sec) PistonMoveAbsWTO()    125->130 126 127 128 129 130 [23sec, 14.6Volts, 0.297Amps, CPT:1588sec]
(Dec 10 2024 20:01:24,  881492 sec) Profile()            Sample 32 initiated at 381.8dbars for bin 32 [400dbars].  PTSCt: 381.7dbars 6.6854C 33.9457PSU 3.42130S/m 6.4891C
(Dec 10 2024 20:06:29,  881797 sec) Profile()            Sample 33 initiated at 351.0dbars for bin 33 [380dbars].  PTSCt: 350.9dbars 7.0283C 33.9513PSU 3.45121S/m 6.8377C
(Dec 10 2024 20:11:34,  882102 sec) Profile()            Sample 34 initiated at 320.7dbars for bin 34 [360dbars].  PTSCt: 320.6dbars 7.5349C 33.9685PSU 3.49710S/m 7.3056C
(Dec 10 2024 20:16:39,  882407 sec) Profile()            Sample 35 initiated at 291.9dbars for bin 35 [350dbars].  PTSCt: 291.8dbars 8.0398C 33.9900PSU 3.54355S/m 7.8266C
(Dec 10 2024 20:21:44,  882712 sec) Profile()            Sample 36 initiated at 266.5dbars for bin 36 [340dbars].  PTSCt: 266.4dbars 8.4777C 34.0069PSU 3.58385S/m 8.2629C
(Dec 10 2024 20:26:49,  883017 sec) Profile()            Sample 37 initiated at 243.9dbars for bin 37 [330dbars].  PTSCt: 243.8dbars 8.9776C 34.0319PSU 3.63091S/m 8.7164C
(Dec 10 2024 20:26:50,  883018 sec) AscentControlAgent() Bouyancy nudge to 140 (v=0.074dbar/sec).
(Dec 10 2024 20:26:50,  883018 sec) PistonMoveAbsWTO()    130->140 131 132 133 134 135 [30sec, 14.8Volts, 0.268Amps, CPT:1618sec]
(Dec 10 2024 20:27:34,  883062 sec) Profile()            Sample 38 initiated at 240.4dbars for bin 38 [320dbars].  PTSCt: 240.3dbars 9.0946C 34.0389PSU 3.64215S/m 8.7920C
(Dec 10 2024 20:27:34,  883062 sec) PistonMoveAbsWTO()    136->140 137 138 139 140 [21sec, 14.7Volts, 0.269Amps, CPT:1639sec]
(Dec 10 2024 20:32:59,  883387 sec) Profile()            Sample 39 initiated at 204.9dbars for bin 39 [310dbars].  PTSCt: 204.8dbars 9.7892C 34.0864PSU 3.70910S/m 9.4690C
(Dec 10 2024 20:38:04,  883692 sec) Profile()            Sample 40 initiated at 174.4dbars for bin 40 [300dbars].  PTSCt: 174.3dbars 10.1992C 34.0727PSU 3.74433S/m 10.0010C
(Dec 10 2024 20:43:09,  883997 sec) Profile()            Sample 41 initiated at 147.5dbars for bin 41 [290dbars].  PTSCt: 147.5dbars 10.5458C 33.9190PSU 3.76003S/m 10.3631C
(Dec 10 2024 20:43:24,  884012 sec) Profile()            Sample 42 initiated at 146.4dbars for bin 42 [280dbars].  PTSCt: 146.4dbars 10.5553C 33.9015PSU 3.75911S/m 10.3837C
(Dec 10 2024 20:48:28,  884316 sec) Profile()            Sample 43 initiated at 126.3dbars for bin 43 [270dbars].  PTSCt: 126.2dbars 10.4823C 33.7430PSU 3.73573S/m 10.4247C
(Dec 10 2024 20:48:29,  884317 sec) AscentControlAgent() Bouyancy nudge to 150 (v=0.066dbar/sec).
(Dec 10 2024 20:48:29,  884317 sec) PistonMoveAbsWTO()    140->150 141 142 143 144 145 146 [30sec, 14.8Volts, 0.248Amps, CPT:1669sec]
(Dec 10 2024 20:49:13,  884361 sec) Profile()            Sample 44 initiated at 123.6dbars for bin 44 [260dbars].  PTSCt: 123.5dbars 10.4924C 33.7386PSU 3.73611S/m 10.4430C
(Dec 10 2024 20:49:13,  884361 sec) PistonMoveAbsWTO()    146->150 147 148 149 150 [21sec, 14.7Volts, 0.240Amps, CPT:1690sec]
(Dec 10 2024 20:54:38,  884686 sec) Profile()            Sample 45 initiated at 95.2dbars for bin 45 [250dbars].  PTSCt: 95.1dbars 10.5948C 33.6547PSU 3.73593S/m 10.5090C
(Dec 10 2024 20:59:43,  884991 sec) Profile()            Sample 46 initiated at 73.9dbars for bin 46 [240dbars].  PTSCt: 73.8dbars 11.1089C 33.5250PSU 3.76928S/m 10.7906C
(Dec 10 2024 20:59:44,  884992 sec) AscentControlAgent() Bouyancy nudge to 160 (v=0.069dbar/sec).
(Dec 10 2024 20:59:44,  884992 sec) PistonMoveAbsWTO()    150->160 151 152 153 154 155 [30sec, 14.8Volts, 0.233Amps, CPT:1720sec]
(Dec 10 2024 21:00:28,  885036 sec) Profile()            Sample 47 initiated at 71.0dbars for bin 47 [230dbars].  PTSCt: 70.9dbars 11.8179C 33.5202PSU 3.83408S/m 10.9511C
(Dec 10 2024 21:00:28,  885036 sec) PistonMoveAbsWTO()    155->160 156 157 158 159 160 [22sec, 14.7Volts, 0.230Amps, CPT:1742sec]
(Dec 10 2024 21:05:54,  885362 sec) Profile()            Sample 48 initiated at 62.1dbars for bin 48 [220dbars].  PTSCt: 62.1dbars 14.6354C 33.2449PSU 4.06699S/m 13.9042C
(Dec 10 2024 21:05:55,  885363 sec) AscentControlAgent() Bouyancy nudge to 170 (v=0.031dbar/sec).
(Dec 10 2024 21:05:55,  885363 sec) PistonMoveAbsWTO()    160->170 161 162 163 164 165 [30sec, 14.7Volts, 0.229Amps, CPT:1772sec]
(Dec 10 2024 21:06:39,  885407 sec) Profile()            Sample 49 initiated at 61.1dbars for bin 49 [210dbars].  PTSCt: 61.1dbars 14.6358C 33.2857PSU 4.07146S/m 14.0791C
(Dec 10 2024 21:06:39,  885407 sec) PistonMoveAbsWTO()    165->170 166 167 168 169 170 [22sec, 14.7Volts, 0.226Amps, CPT:1794sec]
(Dec 10 2024 21:12:05,  885733 sec) Profile()            Sample 50 initiated at 34.3dbars for bin 50 [200dbars].  PTSCt: 34.2dbars 14.6335C 33.3009PSU 4.07175S/m 14.5666C
(Dec 10 2024 21:12:06,  885734 sec) AscentControlAgent() Bouyancy nudge to 180 (v=0.076dbar/sec).
(Dec 10 2024 21:12:06,  885734 sec) PistonMoveAbsWTO()    170->180 171 172 173 174 175 [30sec, 14.7Volts, 0.215Amps, CPT:1824sec]
(Dec 10 2024 21:12:50,  885778 sec) Profile()            Sample 51 initiated at 29.8dbars for bin 51 [190dbars].  PTSCt: 29.7dbars 14.6329C 33.3010PSU 4.07151S/m 14.5814C
(Dec 10 2024 21:12:50,  885778 sec) PistonMoveAbsWTO()    175->180 176 177 178 179 180 [23sec, 14.7Volts, 0.216Amps, CPT:1847sec]
(Dec 10 2024 21:13:27,  885815 sec) Profile()            Sample 52 initiated at 25.6dbars for bin 52 [180dbars].  PTSCt: 25.5dbars 14.6323C 33.3010PSU 4.07127S/m 14.5899C
(Dec 10 2024 21:13:41,  885829 sec) Profile()            Sample 53 initiated at 23.9dbars for bin 53 [170dbars].  PTSCt: 23.8dbars 14.6321C 33.3012PSU 4.07120S/m 14.5941C
(Dec 10 2024 21:13:55,  885843 sec) Profile()            Sample 54 initiated at 22.2dbars for bin 54 [160dbars].  PTSCt: 22.1dbars 14.6319C 33.3012PSU 4.07111S/m 14.5983C
(Dec 10 2024 21:14:09,  885857 sec) Profile()            Sample 55 initiated at 20.5dbars for bin 55 [150dbars].  PTSCt: 20.4dbars 14.6317C 33.3012PSU 4.07103S/m 14.5962C
(Dec 10 2024 21:14:23,  885871 sec) Profile()            Sample 56 initiated at 18.8dbars for bin 56 [140dbars].  PTSCt: 18.6dbars 14.6314C 33.3013PSU 4.07093S/m 14.6004C
(Dec 10 2024 21:14:37,  885885 sec) Profile()            Sample 57 initiated at 17.0dbars for bin 57 [130dbars].  PTSCt: 16.9dbars 14.6312C 33.3013PSU 4.07084S/m 14.5983C
(Dec 10 2024 21:14:51,  885899 sec) Profile()            Sample 58 initiated at 15.3dbars for bin 58 [120dbars].  PTSCt: 15.2dbars 14.6309C 33.3013PSU 4.07073S/m 14.6025C
(Dec 10 2024 21:15:05,  885913 sec) Profile()            Sample 59 initiated at 13.6dbars for bin 59 [110dbars].  PTSCt: 13.5dbars 14.6310C 33.3012PSU 4.07065S/m 14.6088C
(Dec 10 2024 21:15:19,  885927 sec) Profile()            Sample 60 initiated at 11.9dbars for bin 60 [100dbars].  PTSCt: 11.8dbars 14.6308C 33.3006PSU 4.07050S/m 14.6109C
(Dec 10 2024 21:15:33,  885941 sec) Profile()            Sample 61 initiated at 10.3dbars for bin 61 [90dbars].  PTSCt: 10.2dbars 14.6306C 33.3010PSU 4.07045S/m 14.6109C
(Dec 10 2024 21:15:47,  885955 sec) Profile()            Sample 62 initiated at 8.6dbars for bin 62 [80dbars].  PTSCt: 8.5dbars 14.6305C 33.3008PSU 4.07035S/m 14.6131C
(Dec 10 2024 21:16:01,  885969 sec) Profile()            Sample 63 initiated at 7.0dbars for bin 63 [70dbars].  PTSCt: 6.9dbars 14.6302C 33.3008PSU 4.07026S/m 14.6088C
(Dec 10 2024 21:16:15,  885983 sec) Profile()            Sample 64 initiated at 5.4dbars for bin 64 [60dbars].  PTSCt: 5.3dbars 14.6302C 33.3004PSU 4.07014S/m 14.6152C
(Dec 10 2024 21:16:27,  885995 sec) SurfaceDetect()      SurfacePressure:-0.0dbars Pressure:3.8dbars PistonPosition:180
(Dec 10 2024 21:23:01,  886389 sec) StsSurfaceDetect()   STS surface detected at 394 sec: P[0.1,0.2].
(Dec 10 2024 21:23:01,  886389 sec) PistonMoveAbsWTO()    180->202 181 182 183 184 185 186 187 188 189 190 191 192 193 194 195 196 197 198 199 200 201 202 [111sec, 14.6Volts, 0.208Amps, CPT:1958sec]
(Dec 10 2024 21:25:19,  886527 sec) RbrProcessTimeSeries Assimilating dynamically corrected salinity profile.
(Dec 10 2024 21:33:59,  887047 sec) BinAveAssimilate()   Bin 11 full: P:0.1536dbar, T:14.6246C, S:33.2579PSU
(Dec 10 2024 21:34:03,  887051 sec) ProfileTerminate()   Assimilated 24415 samples in 548 seconds. [44.6 samples/sec]
(Dec 10 2024 21:34:08,  887056 sec) ProfileTerminate()   RbrVitals:[15.0V,7553J]

<EOT>
