(Jul 01 2025 14:32:55,  884207 sec) TelemetryInit()      Profile 22. (Apf11 FwRev: 121123)
(Jul 01 2025 14:32:55,  884207 sec) TelemetryInit()      Charge consumption model: OCV:15.1V Wake-Cycles:27901 Standby:248.2days Wake:13.7kC Sensors:2.7kC
(Jul 01 2025 14:43:09,  884821 sec) AirSystem()          Battery [211cnt, 14.9V]  Current [21cnt, 80.8mA]  Pneumometer [156cnt, 18.3psi]  Run-Time [148s]
(Jul 01 2025 14:43:39,  884851 sec) GpsServices()        GPS almanac is current.
(Jul 01 2025 14:43:39,  884851 sec) GpsServices()        Initiating GPS fix acquisition.
(Jul 01 2025 14:43:43,  884855 sec) gga()                $GPGGA,144350,4629.0843,S,10339.0634,W,0,00,,,M,,M,,*5A
(Jul 01 2025 14:43:59,  884871 sec) gga()                $GPGGA,144410,4629.0843,S,10339.0634,W,0,00,,,M,,M,,*59
(Jul 01 2025 14:44:09,  884881 sec) gga()                $GPGGA,144420,4629.0843,S,10339.0634,W,0,00,,,M,,M,,*5A
(Jul 01 2025 14:44:19,  884891 sec) gga()                $GPGGA,144430,4629.0843,S,10339.0634,W,0,00,,,M,,M,,*5B
(Jul 01 2025 14:44:29,  884901 sec) gga()                $GPGGA,144440,4629.0843,S,10339.0634,W,0,00,,,M,,M,,*5C
(Jul 01 2025 14:44:50,  884922 sec) gga()                $GPGGA,144500,4625.6620,S,10402.5967,W,1,09,1.0,-1.8,M,-8.5,M,,*78
(Jul 01 2025 14:44:50,  884922 sec) GpsServices()        Profile 22 GPS fix obtained in 71 seconds.
(Jul 01 2025 14:44:50,  884922 sec) GpsServices()                   lon      lat mm/dd/yyyy hhmmss nsat
(Jul 01 2025 14:44:50,  884922 sec) GpsServices()        Fix: -104.0433 -46.4277 07/01/2025 144500    9
(Jul 01 2025 14:45:00,  884932 sec) gga()                $GPGGA,144510,4625.6603,S,10402.5956,W,1,09,1.0,-0.2,M,-8.5,M,,*71
(Jul 01 2025 14:45:09,  884941 sec) gga()                $GPGGA,144520,4625.6606,S,10402.5956,W,1,09,1.0,0.2,M,-8.5,M,,*5A
(Jul 01 2025 14:45:09,  884941 sec) GpsServices()        APF11 RTC skew (-11s) OK.
(Jul 01 2025 14:45:09,  884941 sec) GpsServices()        GPS services complete.
(Jul 01 2025 14:45:36,  884968 sec) IrGeoLoc()           <x,y,z>=<-1032km,-4272km,-4600km> lat=-46.498 lon=-103.581 IrSysTime=0xe83ea211
(Jul 01 2025 14:45:40,  884972 sec) CLogin()             Connecting to primary host.
(Jul 01 2025 14:45:51,  884983 sec) CLogin()             Connection 1 established in 11 seconds.
(Jul 01 2025 14:46:05,  884997 sec) login()              Login successful.
(Jul 01 2025 14:46:19,  885011 sec) CLogin()             Logged in to host.  [Login required 28 seconds]
(Jul 01 2025 14:46:23,  885015 sec) RxConfig()           Downloading "mission.cfg" from host.
(Jul 01 2025 14:46:39,  885031 sec) RxConfig()           Download successful: [bytes:49, sec:14.7, bps:3]
(Jul 01 2025 14:46:43,  885035 sec) WriteVitals_()       Writing vitals to "23031.022.msg".
(Jul 01 2025 14:46:48,  885040 sec) UpLoadFile()         Uploading "23031.022.log" to host.
(Jul 01 2025 14:47:57,  885109 sec) UpLoadFile()         Upload successful: [bytes:16666, sec:69.3, bps:241]
(Jul 01 2025 14:47:58,  885110 sec) fmove()              Moved: 23031.022.log -> archive/23031.022.log
(Jul 01 2025 14:48:02,  885114 sec) UpLoadFile()         Uploading "23031.022.msg" to host.
(Jul 01 2025 14:49:43,  885215 sec) UpLoadFile()         Upload successful: [bytes:26517, sec:101.4, bps:262]
(Jul 01 2025 14:49:44,  885216 sec) fmove()              Moved: 23031.022.msg -> archive/23031.022.msg
(Jul 01 2025 14:49:45,  885217 sec) UpLoad()             Files successfully uploaded: 2
(Jul 01 2025 14:49:45,  885217 sec) UpLoad()             Upload complete.
(Jul 01 2025 14:49:55,  885227 sec) chat()               Expected string [logout] not received.
(Jul 01 2025 14:49:55,  885227 sec) logout()             Attempt to log-out failed.
(Jul 01 2025 14:49:55,  885227 sec) logout()             No carrier detected.
(Jul 01 2025 14:49:55,  885227 sec) Telemetry()          Telemetry cycle complete: PrfId=22 ConnectionAttempts=1  Connections=1
(Jul 01 2025 14:49:55,  885227 sec) TelemetryTerminate() Parsing new mission configuration.
(Jul 01 2025 14:49:56,  885228 sec) configure()          Parsing configurators in "mission.cfg".
(Jul 01 2025 14:49:56,  885228 sec) configure()             TelemetryRetry(15)      [0x7BBC] [TelemetryRetry(15)].
(Jul 01 2025 14:49:56,  885228 sec) configure()             DownTime(14400) [CRC=0x9F62] [DownTime(14400)].
(Jul 01 2025 14:49:56,  885228 sec) configure()          Configuration CRCs and syntax OK.
(Jul 01 2025 14:49:57,  885229 sec) ConfigSupervisor()   Configuration accepted.
(Jul 01 2025 14:49:57,  885229 sec) TelemetryTerminate() Reconditioning the file system.
(Jul 01 2025 14:49:59,       0 sec) DescentInit()        Deep profile 23 initiated at mission-time 885231sec.
(Jul 01 2025 14:50:00,       1 sec) DescentInit()        Surface pressure: -0.5dbars.
(Jul 01 2025 14:50:00,       1 sec) DescentInit()        Charge consumption model: OCV:14.8V Wake-Cycles:27902 Standby:248.2days Wake:13.7kC Sleep:2.7kC
(Jul 01 2025 14:50:12,      13 sec) DescentInit()        Pneumatic humidity: 1048(6.7%) -> 1111(8.5%)
(Jul 01 2025 14:50:12,      13 sec) PistonMoveAbsWTO()    169->075 168 167 166 165 164 163 162 161 160 159 158 157 156 155 154 153 152 151 150 149 148 147 146 145 144 143 142 141 140 139 138 137 136 135 134 133 132 131 130 129 128 127 128 127 126 125 124 123 122 121 120 121 120 119 118 117 116 115 114 113 112 111 110 109 108 107 106 105 104 103 102 101 102 101 100 099 098 097 096 095 094 093 092 091 090 089 088 087 086 085 084 083 082 081 080 079 078 077 076 075 [486sec, 14.6Volts, 0.154Amps, CPT:486sec]
(Jul 01 2025 14:58:21,     502 sec) DescentInit()        Air solenoid open: Barometer [192cnt,  11.2psi]  Pneumometer [ 99cnt,  11.6psi]
(Jul 01 2025 14:58:31,     512 sec) Descent()            Pressure: 0.2
(Jul 01 2025 15:49:59,    3600 sec) Descent()            Pressure: 378.7
(Jul 01 2025 16:49:59,    7200 sec) Descent()            Pressure: 741.9
(Jul 01 2025 17:49:59,   10800 sec) Descent()            Pressure: 948.3
(Jul 01 2025 18:49:59,   14400 sec) Descent()            Pressure: 993.4
(Jul 01 2025 18:49:59,   14400 sec) ParkInit()           Charge consumption model: OCV:15.4V Wake-Cycles:27907 Standby:248.3days Wake:13.9kC Sensors:2.7kC
(Jul 11 2025 10:50:21,  849622 sec) CtdPower()           [ 1000.90,  4.3480, 34.2752]
(Jul 11 2025 10:50:21,  849622 sec) CtdPower()           CTD Power consumption [212VCnt 3ACnt]: 14.880Volts * 0.013Amps = 0.20Watts.
(Jul 11 2025 10:50:31,  849632 sec) ParkTerminate()      Piston Position:75 Vacuum:190 HumidityAd12:1048(6.7%) Vq:216 Aq:2 Vsbe:212 Asbe:3
(Jul 11 2025 10:50:53,  849654 sec) ParkTerminate()      PTS: 1000.8dbars 4.3471C 34.2760PSU
(Jul 11 2025 10:50:53,  849654 sec) GoDeepInit()         Charge consumption model: OCV:15.1V Wake-Cycles:28139 Standby:258.0days Wake:13.9kC Sensors:2.7kC
(Jul 11 2025 10:50:53,  849654 sec) GoDeepInit()         Moving piston.
(Jul 11 2025 10:50:53,  849654 sec) PistonMoveAbsWTO()    075->016 074 073 072 071 070 069 068 067 066 065 064 063 062 061 060 059 058 057 056 055 054 053 052 051 050 049 048 047 046 045 044 043 042 041 040 039 038 037 036 035 034 033 032 031 030 029 028 027 026 025 024 023 022 021 020 019 018 017 016 [296sec, 14.9Volts, 0.054Amps, CPT:782sec]
(Jul 11 2025 14:49:59,  864000 sec) ProfileInit()        Charge consumption model: OCV:15.2V Wake-Cycles:28186 Standby:258.1days Wake:13.9kC Sensors:2.7kC
(Jul 11 2025 14:49:59,  864000 sec) ProfileInit()        PrfId:023  Pressure:2008.4dbar  pTable[0]:2000dbar
(Jul 11 2025 14:50:01,  864002 sec) PistonMoveAbsWTO()    016->038 017 018 019 020 021 [30sec, 14.3Volts, 0.625Amps, CPT:812sec]
(Jul 11 2025 14:50:42,  864043 sec) PistonMoveAbsWTO()    021->038 022 023 024 025 026 [30sec, 14.1Volts, 0.627Amps, CPT:842sec]
(Jul 11 2025 14:51:23,  864084 sec) PistonMoveAbsWTO()    026->038 027 028 029 030 031 [30sec, 14.0Volts, 0.605Amps, CPT:872sec]
(Jul 11 2025 14:52:04,  864125 sec) PistonMoveAbsWTO()    031->038 032 033 034 035 036 [30sec, 14.0Volts, 0.624Amps, CPT:902sec]
(Jul 11 2025 14:53:07,  864188 sec) Profile()            Sample 0 initiated at 1997.4dbars for bin 0 [2000dbars].  PTS: 1994.7dbars 2.3317C 34.6402PSU
(Jul 11 2025 14:53:07,  864188 sec) PistonMoveAbsWTO()    036->038 037 038 [8sec, 14.1Volts, 0.613Amps, CPT:910sec]
(Jul 11 2025 14:59:18,  864559 sec) Profile()            Sample 1 initiated at 1950.6dbars for bin 1 [1950dbars].  PTS: 1947.9dbars 2.3764C 34.6278PSU
(Jul 11 2025 15:06:27,  864988 sec) Profile()            Sample 2 initiated at 1899.9dbars for bin 2 [1900dbars].  PTS: 1897.5dbars 2.4254C 34.6152PSU
(Jul 11 2025 15:14:09,  865450 sec) Profile()            Sample 3 initiated at 1850.3dbars for bin 3 [1850dbars].  PTS: 1848.1dbars 2.4665C 34.6042PSU
(Jul 11 2025 15:22:35,  865956 sec) Profile()            Sample 4 initiated at 1800.6dbars for bin 4 [1800dbars].  PTS: 1798.5dbars 2.5084C 34.5901PSU
(Jul 11 2025 15:32:18,  866539 sec) Profile()            Sample 5 initiated at 1750.6dbars for bin 5 [1750dbars].  PTS: 1748.9dbars 2.5522C 34.5764PSU
(Jul 11 2025 15:35:47,  866748 sec) AscentControlAgent() Bouyancy nudge to 48 (v=0.075dbar/sec).
(Jul 11 2025 15:35:48,  866749 sec) PistonMoveAbsWTO()    038->048 039 040 041 042 043 [30sec, 14.4Volts, 0.556Amps, CPT:940sec]
(Jul 11 2025 15:36:29,  866790 sec) PistonMoveAbsWTO()    043->048 044 045 046 047 048 [26sec, 14.3Volts, 0.549Amps, CPT:966sec]
(Jul 11 2025 15:41:31,  867092 sec) Profile()            Sample 6 initiated at 1700.7dbars for bin 6 [1700dbars].  PTS: 1698.4dbars 2.6120C 34.5598PSU
(Jul 11 2025 15:49:02,  867543 sec) PistonMoveAbsWTO()    047->048 048 [1sec, 14.5Volts, 0.592Amps, CPT:967sec]
(Jul 11 2025 15:49:58,  867599 sec) Profile()            Sample 7 initiated at 1650.7dbars for bin 7 [1650dbars].  PTS: 1648.8dbars 2.6586C 34.5462PSU
(Jul 11 2025 15:59:41,  868182 sec) Profile()            Sample 8 initiated at 1600.7dbars for bin 8 [1600dbars].  PTS: 1599.0dbars 2.7292C 34.5252PSU
(Jul 11 2025 16:06:28,  868589 sec) AscentControlAgent() Bouyancy nudge to 58 (v=0.076dbar/sec).
(Jul 11 2025 16:06:29,  868590 sec) PistonMoveAbsWTO()    048->058 049 050 051 052 053 [30sec, 14.5Volts, 0.524Amps, CPT:997sec]
(Jul 11 2025 16:07:10,  868631 sec) PistonMoveAbsWTO()    053->058 054 055 056 057 058 [26sec, 14.3Volts, 0.519Amps, CPT:1023sec]
(Jul 11 2025 16:09:37,  868778 sec) Profile()            Sample 9 initiated at 1549.9dbars for bin 9 [1550dbars].  PTS: 1547.6dbars 2.8077C 34.5021PSU
(Jul 11 2025 16:17:30,  869251 sec) Profile()            Sample 10 initiated at 1500.2dbars for bin 10 [1500dbars].  PTS: 1498.2dbars 2.8797C 34.4813PSU
(Jul 11 2025 16:26:40,  869801 sec) Profile()            Sample 11 initiated at 1450.6dbars for bin 11 [1450dbars].  PTS: 1448.9dbars 2.9529C 34.4596PSU
(Jul 11 2025 16:32:10,  870131 sec) AscentControlAgent() Bouyancy nudge to 68 (v=0.080dbar/sec).
(Jul 11 2025 16:32:11,  870132 sec) PistonMoveAbsWTO()    058->068 059 060 061 062 063 [30sec, 14.5Volts, 0.481Amps, CPT:1053sec]
(Jul 11 2025 16:32:52,  870173 sec) PistonMoveAbsWTO()    063->068 064 065 066 067 068 [26sec, 14.4Volts, 0.490Amps, CPT:1079sec]
(Jul 11 2025 16:36:03,  870364 sec) Profile()            Sample 12 initiated at 1400.3dbars for bin 12 [1400dbars].  PTS: 1397.9dbars 3.0370C 34.4361PSU
(Jul 11 2025 16:43:56,  870837 sec) Profile()            Sample 13 initiated at 1350.6dbars for bin 13 [1350dbars].  PTS: 1348.5dbars 3.1266C 34.4124PSU
(Jul 11 2025 16:52:55,  871376 sec) Profile()            Sample 14 initiated at 1300.9dbars for bin 14 [1300dbars].  PTS: 1299.1dbars 3.2575C 34.3856PSU
(Jul 11 2025 17:02:50,  871971 sec) Profile()            Sample 15 initiated at 1250.8dbars for bin 15 [1250dbars].  PTS: 1249.1dbars 3.3860C 34.3666PSU
(Jul 11 2025 17:08:20,  872301 sec) AscentControlAgent() Bouyancy nudge to 78 (v=0.073dbar/sec).
(Jul 11 2025 17:08:21,  872302 sec) PistonMoveAbsWTO()    068->078 069 070 071 072 073 [30sec, 14.6Volts, 0.437Amps, CPT:1109sec]
(Jul 11 2025 17:09:02,  872343 sec) PistonMoveAbsWTO()    073->078 074 075 076 077 078 [24sec, 14.5Volts, 0.437Amps, CPT:1133sec]
(Jul 11 2025 17:12:34,  872555 sec) Profile()            Sample 16 initiated at 1201.0dbars for bin 16 [1200dbars].  PTS: 1198.7dbars 3.5628C 34.3417PSU
(Jul 11 2025 17:21:00,  873061 sec) Profile()            Sample 17 initiated at 1150.6dbars for bin 17 [1150dbars].  PTS: 1148.7dbars 3.7694C 34.3180PSU
(Jul 11 2025 17:21:22,  873083 sec) PistonMoveAbsWTO()    078->078 [0sec, 0.0Volts, 0.000Amps, CPT:1133sec]
(Jul 11 2025 17:30:54,  873655 sec) Profile()            Sample 18 initiated at 1100.6dbars for bin 18 [1100dbars].  PTS: 1099.0dbars 3.9193C 34.3047PSU
(Jul 11 2025 17:34:01,  873842 sec) AscentControlAgent() Bouyancy nudge to 88 (v=0.076dbar/sec).
(Jul 11 2025 17:34:02,  873843 sec) PistonMoveAbsWTO()    078->088 079 080 081 082 083 [30sec, 14.6Volts, 0.406Amps, CPT:1163sec]
(Jul 11 2025 17:34:43,  873884 sec) PistonMoveAbsWTO()    083->088 084 085 086 087 088 [24sec, 14.5Volts, 0.405Amps, CPT:1187sec]
(Jul 11 2025 17:39:54,  874195 sec) Profile()            Sample 19 initiated at 1050.6dbars for bin 19 [1050dbars].  PTS: 1048.4dbars 4.1879C 34.2847PSU
(Jul 11 2025 17:48:20,  874701 sec) Profile()            Sample 20 initiated at 1000.0dbars for bin 20 [1000dbars].  PTS: 998.0dbars 4.4330C 34.2741PSU
(Jul 11 2025 17:52:02,  874923 sec) Sbe41cpStartCP()     Continuous profile started.
(Jul 11 2025 18:07:08,  875829 sec) AscentControlAgent() Bouyancy nudge to 98 (v=0.076dbar/sec).
(Jul 11 2025 18:07:08,  875829 sec) PistonMoveAbsWTO()    088->098 089 090 091 092 093 [30sec, 14.5Volts, 0.366Amps, CPT:1217sec]
(Jul 11 2025 18:07:49,  875870 sec) PistonMoveAbsWTO()    093->098 094 095 096 097 098 [25sec, 14.4Volts, 0.360Amps, CPT:1242sec]
(Jul 11 2025 18:33:24,  877405 sec) AscentControlAgent() Bouyancy nudge to 108 (v=0.074dbar/sec).
(Jul 11 2025 18:33:24,  877405 sec) PistonMoveAbsWTO()    098->108 099 100 101 102 103 [30sec, 14.6Volts, 0.337Amps, CPT:1272sec]
(Jul 11 2025 18:34:05,  877446 sec) PistonMoveAbsWTO()    103->108 104 105 106 107 108 [25sec, 14.5Volts, 0.330Amps, CPT:1297sec]
(Jul 11 2025 19:09:44,  879585 sec) AscentControlAgent() Bouyancy nudge to 118 (v=0.079dbar/sec).
(Jul 11 2025 19:09:44,  879585 sec) PistonMoveAbsWTO()    108->118 109 110 111 112 113 [30sec, 14.6Volts, 0.293Amps, CPT:1327sec]
(Jul 11 2025 19:10:25,  879626 sec) PistonMoveAbsWTO()    113->118 114 115 116 117 118 [24sec, 14.5Volts, 0.294Amps, CPT:1351sec]
(Jul 11 2025 19:51:05,  882066 sec) AscentControlAgent() Bouyancy nudge to 128 (v=0.072dbar/sec).
(Jul 11 2025 19:51:05,  882066 sec) PistonMoveAbsWTO()    118->128 119 120 121 122 123 [30sec, 14.7Volts, 0.238Amps, CPT:1381sec]
(Jul 11 2025 19:51:46,  882107 sec) PistonMoveAbsWTO()    123->128 124 125 126 127 128 [23sec, 14.6Volts, 0.237Amps, CPT:1404sec]
(Jul 11 2025 20:17:19,  883640 sec) AscentControlAgent() Bouyancy nudge to 138 (v=0.077dbar/sec).
(Jul 11 2025 20:17:19,  883640 sec) PistonMoveAbsWTO()    128->138 129 130 131 132 133 [30sec, 14.7Volts, 0.205Amps, CPT:1434sec]
(Jul 11 2025 20:18:00,  883681 sec) PistonMoveAbsWTO()    133->138 134 135 136 137 138 [22sec, 14.7Volts, 0.208Amps, CPT:1456sec]
(Jul 11 2025 20:28:26,  884307 sec) AscentControlAgent() Bouyancy nudge to 148 (v=0.067dbar/sec).
(Jul 11 2025 20:28:26,  884307 sec) PistonMoveAbsWTO()    138->148 139 140 141 142 143 [30sec, 14.7Volts, 0.188Amps, CPT:1486sec]
(Jul 11 2025 20:29:07,  884348 sec) PistonMoveAbsWTO()    143->148 144 145 146 147 148 [22sec, 14.7Volts, 0.192Amps, CPT:1508sec]
(Jul 11 2025 20:49:44,  885585 sec) AscentControlAgent() Bouyancy nudge to 158 (v=0.074dbar/sec).
(Jul 11 2025 20:49:44,  885585 sec) PistonMoveAbsWTO()    148->158 149 150 151 [15sec, 14.8Volts, 0.177Amps, CPT:1523sec]
(Jul 11 2025 20:50:10,  885611 sec) PistonMoveAbsWTO()    151->158 152 153 154 [15sec, 14.8Volts, 0.169Amps, CPT:1538sec]
(Jul 11 2025 20:50:36,  885637 sec) PistonMoveAbsWTO()    154->158 155 156 [15sec, 14.7Volts, 0.177Amps, CPT:1553sec]
(Jul 11 2025 20:51:02,  885663 sec) PistonMoveAbsWTO()    157->158 158 [5sec, 14.8Volts, 0.172Amps, CPT:1558sec]
(Jul 11 2025 20:54:49,  885890 sec) AscentControlAgent() Bouyancy nudge to 168 (v=0.015dbar/sec).
(Jul 11 2025 20:54:49,  885890 sec) PistonMoveAbsWTO()    158->168 159 160 [15sec, 14.8Volts, 0.168Amps, CPT:1573sec]
(Jul 11 2025 20:55:15,  885916 sec) PistonMoveAbsWTO()    160->168 161 162 163 [15sec, 14.7Volts, 0.166Amps, CPT:1588sec]
(Jul 11 2025 20:55:41,  885942 sec) PistonMoveAbsWTO()    163->168 164 165 166 [15sec, 14.7Volts, 0.165Amps, CPT:1603sec]
(Jul 11 2025 20:56:07,  885968 sec) PistonMoveAbsWTO()    166->168 167 168 [7sec, 14.7Volts, 0.171Amps, CPT:1610sec]
(Jul 11 2025 20:57:45,  886066 sec) SurfaceDetect()      SurfacePressure:-0.5dbars Pressure:3.0dbars PistonPosition:168
(Jul 11 2025 20:57:45,  886066 sec) Sbe41cpStopCP()      Continuous profile stopped.
(Jul 11 2025 20:57:48,  886069 sec) PistonMoveAbsWTO()    168->190 169 170 171 172 173 174 175 176 177 178 179 180 181 182 183 184 185 186 187 188 189 190 [112sec, 14.7Volts, 0.163Amps, CPT:1722sec]
(Jul 11 2025 20:59:46,  886187 sec) chat()               Expected string [S>] not received.
(Jul 11 2025 21:01:28,  886289 sec) Sbe41cpBinAverage()  Finished averaging 11166 samples in 97 seconds.
(Jul 11 2025 21:01:33,  886294 sec) Sbe41cpUploadCP_()   Sbe41cpSerNo[18560] NSample[11166] NBin[493]
(Jul 11 2025 21:02:04,  886325 sec) Sbe41cpUploadCP_()   Continuous profile uploaded [493 lines].

<EOT>
