(Dec 12 2025 17:36:51,  883889 sec) TelemetryInit()      Profile 38. (Apf11 FwRev: 121123)
(Dec 12 2025 17:36:51,  883889 sec) TelemetryInit()      Charge consumption model: OCV:15.1V Wake-Cycles:48107 Standby:411.3days Wake:23.0kC Sensors:4.8kC
(Dec 12 2025 17:47:07,  884505 sec) AirSystem()          Battery [212cnt, 14.9V]  Current [18cnt, 71.9mA]  Pneumometer [157cnt, 18.5psi]  Run-Time [149s]
(Dec 12 2025 17:47:30,  884528 sec) GpsServices()        GPS almanac is current.
(Dec 12 2025 17:47:30,  884528 sec) GpsServices()        Initiating GPS fix acquisition.
(Dec 12 2025 17:47:35,  884533 sec) gga()                $GPGGA,174750,4427.9571,S,10028.8237,W,0,00,,,M,,M,,*58
(Dec 12 2025 17:47:51,  884549 sec) gga()                $GPGGA,174810,4427.9571,S,10028.8237,W,0,00,,,M,,M,,*53
(Dec 12 2025 17:48:01,  884559 sec) gga()                $GPGGA,174820,4427.9571,S,10028.8237,W,0,00,,,M,,M,,*50
(Dec 12 2025 17:48:11,  884569 sec) gga()                $GPGGA,174830,4427.9571,S,10028.8237,W,0,00,,,M,,M,,*51
(Dec 12 2025 17:48:11,  884569 sec) gga()                $GPGGA,174830,4427.9571,S,10028.8237,W,0,00,,,M,,M,,*51
(Dec 12 2025 17:48:21,  884579 sec) gga()                $GPGGA,174840,4427.9571,S,10028.8237,W,0,00,,,M,,M,,*56
(Dec 12 2025 17:48:31,  884589 sec) gga()                $GPGGA,174850,4427.9571,S,10028.8237,W,0,00,,,M,,M,,*57
(Dec 12 2025 17:48:42,  884600 sec) gga()                $GPGGA,174900,4427.6761,S,09958.8084,W,1,08,1.1,10.5,M,-7.4,M,,*6E
(Dec 12 2025 17:48:42,  884600 sec) GpsServices()        Profile 38 GPS fix obtained in 72 seconds.
(Dec 12 2025 17:48:42,  884600 sec) GpsServices()                   lon      lat mm/dd/yyyy hhmmss nsat
(Dec 12 2025 17:48:42,  884600 sec) GpsServices()        Fix:  -99.9801 -44.4613 12/12/2025 174900    8
(Dec 12 2025 17:48:51,  884609 sec) gga()                $GPGGA,174910,4427.6738,S,09958.8080,W,1,08,1.1,10.1,M,-7.4,M,,*63
(Dec 12 2025 17:49:01,  884619 sec) gga()                $GPGGA,174920,4427.6724,S,09958.8080,W,1,08,1.1,10.3,M,-7.4,M,,*6F
(Dec 12 2025 17:49:01,  884619 sec) GpsServices()        APF11 RTC skew (-19s) OK.
(Dec 12 2025 17:49:01,  884619 sec) GpsServices()        GPS services complete.
(Dec 12 2025 17:49:35,  884653 sec) IrGeoLoc()           <x,y,z>=<-824km,-4484km,-4440km> lat=-44.434 lon=-100.413 IrSysTime=0xf1a2e43f
(Dec 12 2025 17:49:39,  884657 sec) CLogin()             Connecting to primary host.
(Dec 12 2025 17:49:48,  884666 sec) CLogin()             Connection 1 established in 9 seconds.
(Dec 12 2025 17:49:55,  884673 sec) login()              Login successful.
(Dec 12 2025 17:49:58,  884676 sec) CLogin()             Logged in to host.  [Login required 10 seconds]
(Dec 12 2025 17:50:00,  884678 sec) RxConfig()           Downloading "mission.cfg" from host.
(Dec 12 2025 17:50:11,  884689 sec) RxConfig()           Download successful: [bytes:49, sec:9.7, bps:5]
(Dec 12 2025 17:50:15,  884693 sec) WriteVitals_()       Writing vitals to "23031.038.msg".
(Dec 12 2025 17:50:20,  884698 sec) UpLoadFile()         Uploading "23031.038.log" to host.
(Dec 12 2025 17:51:28,  884766 sec) UpLoadFile()         Upload successful: [bytes:17252, sec:67.4, bps:256]
(Dec 12 2025 17:51:29,  884767 sec) fmove()              Moved: 23031.038.log -> archive/23031.038.log
(Dec 12 2025 17:51:32,  884770 sec) UpLoadFile()         Uploading "23031.038.msg" to host.
(Dec 12 2025 17:53:00,  884858 sec) UpLoadFile()         Upload successful: [bytes:26516, sec:88.0, bps:301]
(Dec 12 2025 17:53:01,  884859 sec) fmove()              Moved: 23031.038.msg -> archive/23031.038.msg
(Dec 12 2025 17:53:02,  884860 sec) UpLoad()             Files successfully uploaded: 2
(Dec 12 2025 17:53:02,  884860 sec) UpLoad()             Upload complete.
(Dec 12 2025 17:53:09,  884867 sec) chat()               Expected string [logout] not received.
(Dec 12 2025 17:53:09,  884867 sec) logout()             Attempt to log-out failed.
(Dec 12 2025 17:53:09,  884867 sec) logout()             No carrier detected.
(Dec 12 2025 17:53:09,  884867 sec) Telemetry()          Telemetry cycle complete: PrfId=38 ConnectionAttempts=1  Connections=1
(Dec 12 2025 17:53:09,  884867 sec) TelemetryTerminate() Parsing new mission configuration.
(Dec 12 2025 17:53:10,  884868 sec) configure()          Parsing configurators in "mission.cfg".
(Dec 12 2025 17:53:10,  884868 sec) configure()             TelemetryRetry(15)      [0x7BBC] [TelemetryRetry(15)].
(Dec 12 2025 17:53:10,  884868 sec) configure()             DownTime(14400) [CRC=0x9F62] [DownTime(14400)].
(Dec 12 2025 17:53:10,  884868 sec) configure()          Configuration CRCs and syntax OK.
(Dec 12 2025 17:53:11,  884869 sec) ConfigSupervisor()   Configuration accepted.
(Dec 12 2025 17:53:11,  884869 sec) TelemetryTerminate() Reconditioning the file system.
(Dec 12 2025 17:53:13,       0 sec) DescentInit()        Deep profile 39 initiated at mission-time 884871sec.
(Dec 12 2025 17:53:14,       1 sec) DescentInit()        Surface pressure: -0.3dbars.
(Dec 12 2025 17:53:14,       1 sec) DescentInit()        Charge consumption model: OCV:14.8V Wake-Cycles:48108 Standby:411.3days Wake:23.0kC Sleep:4.8kC
(Dec 12 2025 17:53:26,      13 sec) DescentInit()        Pneumatic humidity: 1060(7.0%) -> 1105(8.3%)
(Dec 12 2025 17:53:26,      13 sec) PistonMoveAbsWTO()    179->075 178 177 176 175 174 173 172 171 170 169 168 167 166 165 164 163 162 161 160 159 158 157 156 155 154 153 152 151 150 149 148 147 146 145 144 143 142 141 140 139 138 137 136 135 134 133 132 131 130 129 128 127 128 127 126 125 124 123 122 121 120 119 118 117 116 115 114 113 112 111 110 109 108 107 106 105 104 103 102 101 100 099 098 097 096 095 094 093 092 091 090 089 088 087 086 085 084 083 082 081 080 079 078 077 076 075 [536sec, 14.7Volts, 0.144Amps, CPT:536sec]
(Dec 12 2025 18:02:25,     552 sec) DescentInit()        Air solenoid open: Barometer [194cnt,  11.4psi]  Pneumometer [100cnt,  11.7psi]
(Dec 12 2025 18:02:35,     562 sec) Descent()            Pressure: 23.6
(Dec 12 2025 18:53:13,    3600 sec) Descent()            Pressure: 436.8
(Dec 12 2025 19:53:13,    7200 sec) Descent()            Pressure: 771.6
(Dec 12 2025 20:53:13,   10800 sec) Descent()            Pressure: 965.0
(Dec 12 2025 21:53:13,   14400 sec) Descent()            Pressure: 998.2
(Dec 12 2025 21:53:13,   14400 sec) ParkInit()           Charge consumption model: OCV:15.3V Wake-Cycles:48113 Standby:411.5days Wake:23.2kC Sensors:4.8kC
(Dec 22 2025 13:53:35,  849622 sec) CtdPower()           [  999.27,  4.2176, 34.2877]
(Dec 22 2025 13:53:35,  849622 sec) CtdPower()           CTD Power consumption [208VCnt 3ACnt]: 14.643Volts * 0.014Amps = 0.20Watts.
(Dec 22 2025 13:53:45,  849632 sec) ParkTerminate()      Piston Position:75 Vacuum:190 HumidityAd12:1064(7.1%) Vq:213 Aq:2 Vsbe:208 Asbe:3
(Dec 22 2025 13:54:07,  849654 sec) ParkTerminate()      PTS: 999.4dbars 4.2115C 34.2911PSU
(Dec 22 2025 13:54:07,  849654 sec) GoDeepInit()         Charge consumption model: OCV:15.0V Wake-Cycles:48345 Standby:421.1days Wake:23.2kC Sensors:4.8kC
(Dec 22 2025 13:54:07,  849654 sec) GoDeepInit()         Moving piston.
(Dec 22 2025 13:54:07,  849654 sec) PistonMoveAbsWTO()    075->016 074 073 072 071 070 069 068 067 066 065 064 063 062 061 060 059 058 057 056 055 054 053 052 051 050 049 048 047 046 045 044 043 042 041 040 039 038 037 036 035 034 033 032 031 030 029 028 027 026 025 024 023 022 021 020 019 018 017 016 [297sec, 14.9Volts, 0.055Amps, CPT:833sec]
(Dec 22 2025 17:53:13,  864000 sec) ProfileInit()        Charge consumption model: OCV:15.1V Wake-Cycles:48392 Standby:421.3days Wake:23.2kC Sensors:4.8kC
(Dec 22 2025 17:53:13,  864000 sec) ProfileInit()        PrfId:039  Pressure:2016.4dbar  pTable[0]:2000dbar
(Dec 22 2025 17:53:15,  864002 sec) PistonMoveAbsWTO()    016->038 017 018 019 020 021 [30sec, 14.0Volts, 0.629Amps, CPT:863sec]
(Dec 22 2025 17:53:56,  864043 sec) PistonMoveAbsWTO()    021->038 022 023 024 025 026 [30sec, 13.9Volts, 0.626Amps, CPT:893sec]
(Dec 22 2025 17:54:37,  864084 sec) PistonMoveAbsWTO()    026->038 027 028 029 030 031 [30sec, 13.9Volts, 0.624Amps, CPT:923sec]
(Dec 22 2025 17:55:18,  864125 sec) PistonMoveAbsWTO()    031->038 032 033 034 035 036 [30sec, 13.9Volts, 0.625Amps, CPT:953sec]
(Dec 22 2025 17:55:59,  864166 sec) PistonMoveAbsWTO()    036->038 037 038 [9sec, 13.9Volts, 0.605Amps, CPT:962sec]
(Dec 22 2025 17:57:03,  864230 sec) Profile()            Sample 0 initiated at 1999.6dbars for bin 0 [2000dbars].  PTS: 1996.8dbars 2.3159C 34.6308PSU
(Dec 22 2025 18:00:32,  864439 sec) PistonMoveAbsWTO()    037->038 038 [1sec, 14.1Volts, 0.624Amps, CPT:963sec]
(Dec 22 2025 18:03:29,  864616 sec) Profile()            Sample 1 initiated at 1950.5dbars for bin 1 [1950dbars].  PTS: 1947.9dbars 2.3631C 34.6181PSU
(Dec 22 2025 18:10:38,  865045 sec) Profile()            Sample 2 initiated at 1900.7dbars for bin 2 [1900dbars].  PTS: 1898.4dbars 2.4041C 34.6085PSU
(Dec 22 2025 18:18:42,  865529 sec) Profile()            Sample 3 initiated at 1850.3dbars for bin 3 [1850dbars].  PTS: 1848.2dbars 2.4491C 34.5980PSU
(Dec 22 2025 18:27:42,  866069 sec) Profile()            Sample 4 initiated at 1800.6dbars for bin 4 [1800dbars].  PTS: 1798.7dbars 2.4977C 34.5867PSU
(Dec 22 2025 18:34:07,  866454 sec) AscentControlAgent() Bouyancy nudge to 48 (v=0.078dbar/sec).
(Dec 22 2025 18:34:08,  866455 sec) PistonMoveAbsWTO()    038->048 039 040 041 042 043 [30sec, 14.3Volts, 0.559Amps, CPT:993sec]
(Dec 22 2025 18:34:49,  866496 sec) PistonMoveAbsWTO()    043->048 044 045 046 047 048 [27sec, 14.2Volts, 0.550Amps, CPT:1020sec]
(Dec 22 2025 18:37:28,  866655 sec) Profile()            Sample 5 initiated at 1749.9dbars for bin 5 [1750dbars].  PTS: 1747.5dbars 2.5705C 34.5714PSU
(Dec 22 2025 18:45:10,  867117 sec) Profile()            Sample 6 initiated at 1700.1dbars for bin 6 [1700dbars].  PTS: 1698.0dbars 2.6353C 34.5583PSU
(Dec 22 2025 18:53:36,  867623 sec) Profile()            Sample 7 initiated at 1650.9dbars for bin 7 [1650dbars].  PTS: 1649.0dbars 2.6982C 34.5462PSU
(Dec 22 2025 19:03:19,  868206 sec) Profile()            Sample 8 initiated at 1600.5dbars for bin 8 [1600dbars].  PTS: 1598.8dbars 2.7717C 34.5323PSU
(Dec 22 2025 19:09:55,  868602 sec) AscentControlAgent() Bouyancy nudge to 58 (v=0.075dbar/sec).
(Dec 22 2025 19:09:56,  868603 sec) PistonMoveAbsWTO()    048->058 049 050 051 052 053 [30sec, 14.4Volts, 0.509Amps, CPT:1050sec]
(Dec 22 2025 19:10:37,  868644 sec) PistonMoveAbsWTO()    053->058 054 055 056 057 058 [26sec, 14.3Volts, 0.524Amps, CPT:1076sec]
(Dec 22 2025 19:13:16,  868803 sec) Profile()            Sample 9 initiated at 1549.9dbars for bin 9 [1550dbars].  PTS: 1547.5dbars 2.8552C 34.5160PSU
(Dec 22 2025 19:20:47,  869254 sec) Profile()            Sample 10 initiated at 1500.3dbars for bin 10 [1500dbars].  PTS: 1498.2dbars 2.9298C 34.5006PSU
(Dec 22 2025 19:29:46,  869793 sec) Profile()            Sample 11 initiated at 1450.8dbars for bin 11 [1450dbars].  PTS: 1449.2dbars 2.9994C 34.4846PSU
(Dec 22 2025 19:35:27,  870134 sec) AscentControlAgent() Bouyancy nudge to 68 (v=0.077dbar/sec).
(Dec 22 2025 19:35:28,  870135 sec) PistonMoveAbsWTO()    058->068 059 060 061 062 063 [30sec, 14.4Volts, 0.489Amps, CPT:1106sec]
(Dec 22 2025 19:36:09,  870176 sec) PistonMoveAbsWTO()    063->068 064 065 066 067 068 [26sec, 14.3Volts, 0.479Amps, CPT:1132sec]
(Dec 22 2025 19:39:20,  870367 sec) Profile()            Sample 12 initiated at 1400.8dbars for bin 12 [1400dbars].  PTS: 1398.4dbars 3.0930C 34.4630PSU
(Dec 22 2025 19:46:51,  870818 sec) Profile()            Sample 13 initiated at 1350.1dbars for bin 13 [1350dbars].  PTS: 1347.8dbars 3.1786C 34.4425PSU
(Dec 22 2025 19:54:55,  871302 sec) Profile()            Sample 14 initiated at 1300.7dbars for bin 14 [1300dbars].  PTS: 1298.7dbars 3.2385C 34.4184PSU
(Dec 22 2025 20:04:38,  871885 sec) Profile()            Sample 15 initiated at 1250.9dbars for bin 15 [1250dbars].  PTS: 1249.3dbars 3.3439C 34.3941PSU
(Dec 22 2025 20:06:17,  871984 sec) AscentControlAgent() Bouyancy nudge to 78 (v=0.077dbar/sec).
(Dec 22 2025 20:06:18,  871985 sec) PistonMoveAbsWTO()    068->078 069 070 071 072 073 [30sec, 14.5Volts, 0.441Amps, CPT:1162sec]
(Dec 22 2025 20:06:59,  872026 sec) PistonMoveAbsWTO()    073->078 074 075 076 077 078 [25sec, 14.4Volts, 0.438Amps, CPT:1187sec]
(Dec 22 2025 20:13:05,  872392 sec) Profile()            Sample 16 initiated at 1200.2dbars for bin 16 [1200dbars].  PTS: 1198.0dbars 3.4792C 34.3662PSU
(Dec 22 2025 20:20:03,  872810 sec) PistonMoveAbsWTO()    077->078 078 [1sec, 14.4Volts, 0.450Amps, CPT:1188sec]
(Dec 22 2025 20:21:10,  872877 sec) Profile()            Sample 17 initiated at 1151.0dbars for bin 17 [1150dbars].  PTS: 1149.0dbars 3.6296C 34.3429PSU
(Dec 22 2025 20:30:53,  873460 sec) Profile()            Sample 18 initiated at 1100.8dbars for bin 18 [1100dbars].  PTS: 1099.2dbars 3.8184C 34.3228PSU
(Dec 22 2025 20:31:59,  873526 sec) AscentControlAgent() Bouyancy nudge to 88 (v=0.079dbar/sec).
(Dec 22 2025 20:32:00,  873527 sec) PistonMoveAbsWTO()    078->088 079 080 081 082 083 [30sec, 14.6Volts, 0.407Amps, CPT:1218sec]
(Dec 22 2025 20:32:41,  873568 sec) PistonMoveAbsWTO()    083->088 084 085 086 087 088 [24sec, 14.4Volts, 0.410Amps, CPT:1242sec]
(Dec 22 2025 20:39:09,  873956 sec) Profile()            Sample 19 initiated at 1049.8dbars for bin 19 [1050dbars].  PTS: 1047.6dbars 4.0279C 34.3033PSU
(Dec 22 2025 20:47:24,  874451 sec) Profile()            Sample 20 initiated at 1001.0dbars for bin 20 [1000dbars].  PTS: 999.0dbars 4.2388C 34.2875PSU
(Dec 22 2025 20:51:18,  874685 sec) Sbe41cpStartCP()     Continuous profile started.
(Dec 22 2025 21:01:20,  875287 sec) AscentControlAgent() Bouyancy nudge to 98 (v=0.074dbar/sec).
(Dec 22 2025 21:01:20,  875287 sec) PistonMoveAbsWTO()    088->098 089 090 091 092 093 [30sec, 14.5Volts, 0.374Amps, CPT:1272sec]
(Dec 22 2025 21:02:01,  875328 sec) PistonMoveAbsWTO()    093->098 094 095 096 097 098 [26sec, 14.4Volts, 0.362Amps, CPT:1298sec]
(Dec 22 2025 21:27:32,  876859 sec) AscentControlAgent() Bouyancy nudge to 108 (v=0.078dbar/sec).
(Dec 22 2025 21:27:32,  876859 sec) PistonMoveAbsWTO()    098->108 099 100 101 102 103 [30sec, 14.5Volts, 0.333Amps, CPT:1328sec]
(Dec 22 2025 21:28:13,  876900 sec) PistonMoveAbsWTO()    103->108 104 105 106 107 108 [25sec, 14.4Volts, 0.337Amps, CPT:1353sec]
(Dec 22 2025 22:08:46,  879333 sec) AscentControlAgent() Bouyancy nudge to 118 (v=0.078dbar/sec).
(Dec 22 2025 22:08:46,  879333 sec) PistonMoveAbsWTO()    108->118 109 110 111 112 113 [30sec, 14.6Volts, 0.284Amps, CPT:1383sec]
(Dec 22 2025 22:09:27,  879374 sec) PistonMoveAbsWTO()    113->118 114 115 116 117 118 [24sec, 14.5Volts, 0.282Amps, CPT:1407sec]
(Dec 22 2025 22:39:57,  881204 sec) AscentControlAgent() Bouyancy nudge to 128 (v=0.076dbar/sec).
(Dec 22 2025 22:39:57,  881204 sec) PistonMoveAbsWTO()    118->128 119 120 121 122 123 [30sec, 14.7Volts, 0.245Amps, CPT:1437sec]
(Dec 22 2025 22:40:38,  881245 sec) PistonMoveAbsWTO()    123->128 124 125 126 127 128 [22sec, 14.6Volts, 0.241Amps, CPT:1459sec]
(Dec 22 2025 23:01:05,  882472 sec) PistonMoveAbsWTO()    128->128 [1sec, 0.0Volts, 0.000Amps, CPT:1460sec]
(Dec 22 2025 23:11:08,  883075 sec) AscentControlAgent() Bouyancy nudge to 138 (v=0.069dbar/sec).
(Dec 22 2025 23:11:08,  883075 sec) PistonMoveAbsWTO()    128->138 129 130 131 132 133 [30sec, 14.7Volts, 0.210Amps, CPT:1490sec]
(Dec 22 2025 23:11:49,  883116 sec) PistonMoveAbsWTO()    133->138 134 135 136 137 138 [22sec, 14.7Volts, 0.208Amps, CPT:1512sec]
(Dec 22 2025 23:27:14,  884041 sec) AscentControlAgent() Bouyancy nudge to 148 (v=0.079dbar/sec).
(Dec 22 2025 23:27:14,  884041 sec) PistonMoveAbsWTO()    138->148 139 140 141 142 143 [30sec, 14.7Volts, 0.186Amps, CPT:1542sec]
(Dec 22 2025 23:27:55,  884082 sec) PistonMoveAbsWTO()    143->148 144 145 146 147 148 [22sec, 14.7Volts, 0.185Amps, CPT:1564sec]
(Dec 22 2025 23:43:20,  885007 sec) AscentControlAgent() Bouyancy nudge to 158 (v=0.063dbar/sec).
(Dec 22 2025 23:43:20,  885007 sec) PistonMoveAbsWTO()    148->158 149 150 151 152 153 [30sec, 14.7Volts, 0.172Amps, CPT:1594sec]
(Dec 22 2025 23:44:00,  885047 sec) PistonMoveAbsWTO()    154->158 155 156 157 158 [22sec, 14.7Volts, 0.166Amps, CPT:1616sec]
(Dec 22 2025 23:48:14,  885301 sec) SurfaceDetect()      SurfacePressure:-0.3dbars Pressure:3.4dbars PistonPosition:158
(Dec 22 2025 23:48:14,  885301 sec) Sbe41cpStopCP()      Continuous profile stopped.
(Dec 22 2025 23:48:18,  885305 sec) PistonMoveAbsWTO()    158->180 159 160 161 162 163 164 165 166 167 168 169 170 171 172 173 174 175 176 177 178 179 180 [112sec, 14.7Volts, 0.164Amps, CPT:1728sec]
(Dec 22 2025 23:50:15,  885422 sec) chat()               Expected string [S>] not received.
(Dec 22 2025 23:51:55,  885522 sec) Sbe41cpBinAverage()  Finished averaging 10639 samples in 95 seconds.
(Dec 22 2025 23:52:00,  885527 sec) Sbe41cpUploadCP_()   Sbe41cpSerNo[18560] NSample[10639] NBin[493]
(Dec 22 2025 23:52:31,  885558 sec) Sbe41cpUploadCP_()   Continuous profile uploaded [493 lines].

<EOT>
