(Oct 12 2025 04:30:53,  883177 sec) TelemetryInit()      Profile 32. (Apf11 FwRev: 121123)
(Oct 12 2025 04:30:53,  883177 sec) TelemetryInit()      Charge consumption model: OCV:15.1V Wake-Cycles:40531 Standby:350.1days Wake:19.5kC Sensors:4.0kC
(Oct 12 2025 04:40:56,  883780 sec) AirSystem()          Battery [211cnt, 14.9V]  Current [21cnt, 83.3mA]  Pneumometer [156cnt, 18.3psi]  Run-Time [143s]
(Oct 12 2025 04:41:20,  883804 sec) GpsServices()        GPS almanac is current.
(Oct 12 2025 04:41:20,  883804 sec) GpsServices()        Initiating GPS fix acquisition.
(Oct 12 2025 04:41:28,  883812 sec) gga()                $GPGGA,044140,4438.4048,S,10158.6183,W,0,00,,,M,,M,,*55
(Oct 12 2025 04:41:38,  883822 sec) gga()                $GPGGA,044150,4438.4048,S,10158.6183,W,0,00,,,M,,M,,*54
(Oct 12 2025 04:41:44,  883828 sec) gga()                $GPGGA,044200,4438.4048,S,10158.6183,W,0,00,,,M,,M,,*52
(Oct 12 2025 04:41:45,  883829 sec) gga()                $GPGGA,044200,4438.4048,S,10158.6183,W,0,00,,,M,,M,,*52
(Oct 12 2025 04:41:54,  883838 sec) gga()                $GPGGA,044210,4438.4048,S,10158.6183,W,0,00,,,M,,M,,*53
(Oct 12 2025 04:42:04,  883848 sec) gga()                $GPGGA,044220,4438.4048,S,10158.6183,W,0,00,,,M,,M,,*50
(Oct 12 2025 04:42:15,  883859 sec) gga()                $GPGGA,044230,4423.8178,S,10157.1693,W,1,10,0.9,5.2,M,-8.0,M,,*5E
(Oct 12 2025 04:42:15,  883859 sec) GpsServices()        Profile 32 GPS fix obtained in 55 seconds.
(Oct 12 2025 04:42:15,  883859 sec) GpsServices()                   lon      lat mm/dd/yyyy hhmmss nsat
(Oct 12 2025 04:42:15,  883859 sec) GpsServices()        Fix: -101.9528 -44.3970 10/12/2025 044230   10
(Oct 12 2025 04:42:25,  883869 sec) gga()                $GPGGA,044240,4423.8160,S,10157.1657,W,1,10,0.9,6.5,M,-8.0,M,,*5C
(Oct 12 2025 04:42:34,  883878 sec) gga()                $GPGGA,044250,4423.8157,S,10157.1653,W,1,10,0.9,9.7,M,-8.0,M,,*50
(Oct 12 2025 04:42:34,  883878 sec) GpsServices()        APF11 RTC skew (-16s) OK.
(Oct 12 2025 04:42:34,  883878 sec) GpsServices()        GPS services complete.
(Oct 12 2025 04:43:16,  883920 sec) IrGeoLoc()           <x,y,z>=<-944km,-4444km,-4456km> lat=-44.637 lon=-101.993 IrSysTime=0xee1d786e
(Oct 12 2025 04:43:19,  883923 sec) CLogin()             Connecting to primary host.
(Oct 12 2025 04:43:34,  883938 sec) CLogin()             Connection 1 established in 15 seconds.
(Oct 12 2025 04:43:41,  883945 sec) login()              Login successful.
(Oct 12 2025 04:43:45,  883949 sec) CLogin()             Logged in to host.  [Login required 11 seconds]
(Oct 12 2025 04:43:47,  883951 sec) RxConfig()           Downloading "mission.cfg" from host.
(Oct 12 2025 04:43:59,  883963 sec) RxConfig()           Download successful: [bytes:49, sec:10.1, bps:5]
(Oct 12 2025 04:44:03,  883967 sec) WriteVitals_()       Writing vitals to "23031.032.msg".
(Oct 12 2025 04:44:10,  883974 sec) UpLoadFile()         Uploading "23031.032.log" to host.
(Oct 12 2025 04:45:35,  884059 sec) UpLoadFile()         Upload successful: [bytes:17478, sec:84.7, bps:206]
(Oct 12 2025 04:45:36,  884060 sec) fmove()              Moved: 23031.032.log -> archive/23031.032.log
(Oct 12 2025 04:45:39,  884063 sec) UpLoadFile()         Uploading "23031.032.msg" to host.
(Oct 12 2025 04:47:22,  884166 sec) UpLoadFile()         Upload successful: [bytes:26517, sec:103.4, bps:257]
(Oct 12 2025 04:47:24,  884168 sec) fmove()              Moved: 23031.032.msg -> archive/23031.032.msg
(Oct 12 2025 04:47:25,  884169 sec) UpLoad()             Files successfully uploaded: 2
(Oct 12 2025 04:47:25,  884169 sec) UpLoad()             Upload complete.
(Oct 12 2025 04:47:32,  884176 sec) chat()               Expected string [logout] not received.
(Oct 12 2025 04:47:32,  884176 sec) logout()             Attempt to log-out failed.
(Oct 12 2025 04:47:32,  884176 sec) logout()             No carrier detected.
(Oct 12 2025 04:47:32,  884176 sec) Telemetry()          Telemetry cycle complete: PrfId=32 ConnectionAttempts=1  Connections=1
(Oct 12 2025 04:47:32,  884176 sec) TelemetryTerminate() Parsing new mission configuration.
(Oct 12 2025 04:47:33,  884177 sec) configure()          Parsing configurators in "mission.cfg".
(Oct 12 2025 04:47:33,  884177 sec) configure()             TelemetryRetry(15)      [0x7BBC] [TelemetryRetry(15)].
(Oct 12 2025 04:47:33,  884177 sec) configure()             DownTime(14400) [CRC=0x9F62] [DownTime(14400)].
(Oct 12 2025 04:47:33,  884177 sec) configure()          Configuration CRCs and syntax OK.
(Oct 12 2025 04:47:34,  884178 sec) ConfigSupervisor()   Configuration accepted.
(Oct 12 2025 04:47:34,  884178 sec) TelemetryTerminate() Reconditioning the file system.
(Oct 12 2025 04:47:36,       0 sec) DescentInit()        Deep profile 33 initiated at mission-time 884180sec.
(Oct 12 2025 04:47:37,       1 sec) DescentInit()        Surface pressure: -0.5dbars.
(Oct 12 2025 04:47:37,       1 sec) DescentInit()        Charge consumption model: OCV:14.8V Wake-Cycles:40532 Standby:350.1days Wake:19.5kC Sleep:4.0kC
(Oct 12 2025 04:47:49,      13 sec) DescentInit()        Pneumatic humidity: 1054(6.8%) -> 1094(8.0%)
(Oct 12 2025 04:47:49,      13 sec) PistonMoveAbsWTO()    169->075 168 167 166 165 164 163 162 161 160 159 158 157 156 155 154 153 152 151 150 149 148 147 146 145 144 143 142 141 140 139 138 137 136 135 134 133 132 131 130 129 128 127 126 125 124 123 122 121 122 121 120 119 118 119 118 117 116 117 116 115 114 113 112 111 110 109 108 107 106 105 104 105 104 103 102 101 100 099 098 097 096 095 094 093 092 091 090 089 088 087 086 085 084 083 082 081 080 079 078 077 076 075 [486sec, 14.6Volts, 0.142Amps, CPT:486sec]
(Oct 12 2025 04:55:58,     502 sec) DescentInit()        Air solenoid open: Barometer [191cnt,  11.2psi]  Pneumometer [ 99cnt,  11.6psi]
(Oct 12 2025 04:56:08,     512 sec) Descent()            Pressure: -0.0
(Oct 12 2025 05:47:36,    3600 sec) Descent()            Pressure: 387.0
(Oct 12 2025 06:47:36,    7200 sec) Descent()            Pressure: 749.5
(Oct 12 2025 07:47:36,   10800 sec) Descent()            Pressure: 949.0
(Oct 12 2025 08:47:36,   14400 sec) Descent()            Pressure: 993.7
(Oct 12 2025 08:47:36,   14400 sec) ParkInit()           Charge consumption model: OCV:15.4V Wake-Cycles:40537 Standby:350.3days Wake:19.7kC Sensors:4.0kC
(Oct 22 2025 00:47:58,  849622 sec) CtdPower()           [ 1007.66,  4.2958, 34.2813]
(Oct 22 2025 00:47:58,  849622 sec) CtdPower()           CTD Power consumption [209VCnt 3ACnt]: 14.708Volts * 0.013Amps = 0.20Watts.
(Oct 22 2025 00:48:08,  849632 sec) ParkTerminate()      Piston Position:75 Vacuum:190 HumidityAd12:1056(6.9%) Vq:214 Aq:2 Vsbe:209 Asbe:3
(Oct 22 2025 00:48:30,  849654 sec) ParkTerminate()      PTS: 1007.6dbars 4.2943C 34.2828PSU
(Oct 22 2025 00:48:30,  849654 sec) GoDeepInit()         Charge consumption model: OCV:15.0V Wake-Cycles:40769 Standby:360.0days Wake:19.7kC Sensors:4.0kC
(Oct 22 2025 00:48:30,  849654 sec) GoDeepInit()         Moving piston.
(Oct 22 2025 00:48:30,  849654 sec) PistonMoveAbsWTO()    075->016 074 073 072 071 070 069 068 067 066 065 064 063 062 061 060 059 058 057 056 055 054 053 052 051 050 049 048 047 046 045 044 043 042 041 040 039 038 037 036 035 034 033 032 031 030 029 028 027 026 025 024 023 022 021 020 019 018 017 016 [295sec, 14.9Volts, 0.054Amps, CPT:781sec]
(Oct 22 2025 04:47:36,  864000 sec) ProfileInit()        Charge consumption model: OCV:15.1V Wake-Cycles:40816 Standby:360.1days Wake:19.7kC Sensors:4.0kC
(Oct 22 2025 04:47:36,  864000 sec) ProfileInit()        PrfId:033  Pressure:2011.6dbar  pTable[0]:2000dbar
(Oct 22 2025 04:47:38,  864002 sec) PistonMoveAbsWTO()    016->038 017 018 019 020 021 [30sec, 14.2Volts, 0.626Amps, CPT:811sec]
(Oct 22 2025 04:48:19,  864043 sec) PistonMoveAbsWTO()    021->038 022 023 024 025 026 [30sec, 14.0Volts, 0.628Amps, CPT:841sec]
(Oct 22 2025 04:49:00,  864084 sec) PistonMoveAbsWTO()    026->038 027 028 029 030 031 [30sec, 14.0Volts, 0.611Amps, CPT:871sec]
(Oct 22 2025 04:49:41,  864125 sec) PistonMoveAbsWTO()    031->038 032 033 034 035 036 [30sec, 13.9Volts, 0.624Amps, CPT:901sec]
(Oct 22 2025 04:50:44,  864188 sec) Profile()            Sample 0 initiated at 2000.0dbars for bin 0 [2000dbars].  PTS: 1997.3dbars 2.2827C 34.6365PSU
(Oct 22 2025 04:50:44,  864188 sec) PistonMoveAbsWTO()    036->038 037 038 [8sec, 14.0Volts, 0.611Amps, CPT:909sec]
(Oct 22 2025 04:57:06,  864570 sec) Profile()            Sample 1 initiated at 1950.7dbars for bin 1 [1950dbars].  PTS: 1947.9dbars 2.3255C 34.6268PSU
(Oct 22 2025 05:03:53,  864977 sec) Profile()            Sample 2 initiated at 1901.0dbars for bin 2 [1900dbars].  PTS: 1898.4dbars 2.3757C 34.6166PSU
(Oct 22 2025 05:11:24,  865428 sec) Profile()            Sample 3 initiated at 1850.8dbars for bin 3 [1850dbars].  PTS: 1848.6dbars 2.4286C 34.6075PSU
(Oct 22 2025 05:20:12,  865956 sec) Profile()            Sample 4 initiated at 1800.9dbars for bin 4 [1800dbars].  PTS: 1799.0dbars 2.4669C 34.5952PSU
(Oct 22 2025 05:28:16,  866440 sec) AscentControlAgent() Bouyancy nudge to 48 (v=0.078dbar/sec).
(Oct 22 2025 05:28:17,  866441 sec) PistonMoveAbsWTO()    038->048 039 040 041 042 043 [30sec, 14.4Volts, 0.557Amps, CPT:939sec]
(Oct 22 2025 05:28:58,  866482 sec) PistonMoveAbsWTO()    043->048 044 045 046 047 048 [27sec, 14.2Volts, 0.586Amps, CPT:966sec]
(Oct 22 2025 05:30:20,  866564 sec) Profile()            Sample 5 initiated at 1750.5dbars for bin 5 [1750dbars].  PTS: 1748.1dbars 2.5278C 34.5832PSU
(Oct 22 2025 05:38:02,  867026 sec) Profile()            Sample 6 initiated at 1700.0dbars for bin 6 [1700dbars].  PTS: 1697.8dbars 2.6019C 34.5634PSU
(Oct 22 2025 05:45:55,  867499 sec) Profile()            Sample 7 initiated at 1650.8dbars for bin 7 [1650dbars].  PTS: 1648.7dbars 2.6529C 34.5484PSU
(Oct 22 2025 05:55:05,  868049 sec) Profile()            Sample 8 initiated at 1600.3dbars for bin 8 [1600dbars].  PTS: 1598.6dbars 2.7121C 34.5314PSU
(Oct 22 2025 05:58:56,  868280 sec) AscentControlAgent() Bouyancy nudge to 58 (v=0.078dbar/sec).
(Oct 22 2025 05:58:57,  868281 sec) PistonMoveAbsWTO()    048->058 049 050 051 052 053 [30sec, 14.4Volts, 0.517Amps, CPT:996sec]
(Oct 22 2025 05:59:38,  868322 sec) PistonMoveAbsWTO()    053->058 054 055 056 057 058 [26sec, 14.3Volts, 0.523Amps, CPT:1022sec]
(Oct 22 2025 06:04:07,  868591 sec) Profile()            Sample 9 initiated at 1550.6dbars for bin 9 [1550dbars].  PTS: 1548.3dbars 2.7801C 34.5091PSU
(Oct 22 2025 06:12:23,  869087 sec) Profile()            Sample 10 initiated at 1500.6dbars for bin 10 [1500dbars].  PTS: 1498.6dbars 2.8658C 34.4932PSU
(Oct 22 2025 06:22:06,  869670 sec) Profile()            Sample 11 initiated at 1450.2dbars for bin 11 [1450dbars].  PTS: 1448.5dbars 2.9457C 34.4721PSU
(Oct 22 2025 06:24:40,  869824 sec) AscentControlAgent() Bouyancy nudge to 68 (v=0.079dbar/sec).
(Oct 22 2025 06:24:41,  869825 sec) PistonMoveAbsWTO()    058->068 059 060 061 062 063 [30sec, 14.5Volts, 0.484Amps, CPT:1052sec]
(Oct 22 2025 06:25:22,  869866 sec) PistonMoveAbsWTO()    063->068 064 065 066 067 068 [26sec, 14.3Volts, 0.485Amps, CPT:1078sec]
(Oct 22 2025 06:30:34,  870178 sec) Profile()            Sample 12 initiated at 1400.7dbars for bin 12 [1400dbars].  PTS: 1398.3dbars 3.0437C 34.4496PSU
(Oct 22 2025 06:38:27,  870651 sec) Profile()            Sample 13 initiated at 1350.9dbars for bin 13 [1350dbars].  PTS: 1348.7dbars 3.1622C 34.4235PSU
(Oct 22 2025 06:47:04,  871168 sec) Profile()            Sample 14 initiated at 1300.3dbars for bin 14 [1300dbars].  PTS: 1298.3dbars 3.2560C 34.4004PSU
(Oct 22 2025 06:56:47,  871751 sec) Profile()            Sample 15 initiated at 1250.5dbars for bin 15 [1250dbars].  PTS: 1248.9dbars 3.3696C 34.3762PSU
(Oct 22 2025 07:00:38,  871982 sec) AscentControlAgent() Bouyancy nudge to 78 (v=0.073dbar/sec).
(Oct 22 2025 07:00:39,  871983 sec) PistonMoveAbsWTO()    068->078 069 070 071 072 073 [30sec, 14.6Volts, 0.442Amps, CPT:1108sec]
(Oct 22 2025 07:01:20,  872024 sec) PistonMoveAbsWTO()    073->078 074 075 076 077 078 [25sec, 14.4Volts, 0.440Amps, CPT:1133sec]
(Oct 22 2025 07:06:20,  872324 sec) Profile()            Sample 16 initiated at 1199.9dbars for bin 16 [1200dbars].  PTS: 1197.7dbars 3.5420C 34.3542PSU
(Oct 22 2025 07:14:46,  872830 sec) Profile()            Sample 17 initiated at 1150.9dbars for bin 17 [1150dbars].  PTS: 1149.0dbars 3.6456C 34.3353PSU
(Oct 22 2025 07:24:29,  873413 sec) Profile()            Sample 18 initiated at 1100.9dbars for bin 18 [1100dbars].  PTS: 1099.2dbars 3.8496C 34.3228PSU
(Oct 22 2025 07:26:19,  873523 sec) AscentControlAgent() Bouyancy nudge to 88 (v=0.080dbar/sec).
(Oct 22 2025 07:26:20,  873524 sec) PistonMoveAbsWTO()    078->088 079 080 081 082 083 [30sec, 14.6Volts, 0.405Amps, CPT:1163sec]
(Oct 22 2025 07:27:01,  873565 sec) PistonMoveAbsWTO()    083->088 084 085 086 087 088 [24sec, 14.5Volts, 0.406Amps, CPT:1187sec]
(Oct 22 2025 07:32:45,  873909 sec) Profile()            Sample 19 initiated at 1050.1dbars for bin 19 [1050dbars].  PTS: 1047.8dbars 4.0485C 34.3050PSU
(Oct 22 2025 07:40:49,  874393 sec) Profile()            Sample 20 initiated at 1000.6dbars for bin 20 [1000dbars].  PTS: 998.6dbars 4.2521C 34.2881PSU
(Oct 22 2025 07:44:42,  874626 sec) Sbe41cpStartCP()     Continuous profile started.
(Oct 22 2025 07:54:45,  875229 sec) AscentControlAgent() Bouyancy nudge to 98 (v=0.079dbar/sec).
(Oct 22 2025 07:54:46,  875230 sec) PistonMoveAbsWTO()    088->098 089 090 091 092 093 [30sec, 14.5Volts, 0.372Amps, CPT:1217sec]
(Oct 22 2025 07:55:27,  875271 sec) PistonMoveAbsWTO()    093->098 094 095 096 097 098 [24sec, 14.4Volts, 0.365Amps, CPT:1241sec]
(Oct 22 2025 08:26:13,  877117 sec) AscentControlAgent() Bouyancy nudge to 108 (v=0.077dbar/sec).
(Oct 22 2025 08:26:14,  877118 sec) PistonMoveAbsWTO()    098->108 099 100 101 102 103 [30sec, 14.5Volts, 0.335Amps, CPT:1271sec]
(Oct 22 2025 08:26:55,  877159 sec) PistonMoveAbsWTO()    103->108 104 105 106 107 108 [24sec, 14.5Volts, 0.332Amps, CPT:1295sec]
(Oct 22 2025 09:02:31,  879295 sec) AscentControlAgent() Bouyancy nudge to 118 (v=0.075dbar/sec).
(Oct 22 2025 09:02:31,  879295 sec) PistonMoveAbsWTO()    108->118 109 110 111 112 113 [30sec, 14.6Volts, 0.289Amps, CPT:1325sec]
(Oct 22 2025 09:03:12,  879336 sec) PistonMoveAbsWTO()    113->118 114 115 116 117 118 [24sec, 14.5Volts, 0.286Amps, CPT:1349sec]
(Oct 22 2025 09:38:44,  881468 sec) AscentControlAgent() Bouyancy nudge to 128 (v=0.076dbar/sec).
(Oct 22 2025 09:38:44,  881468 sec) PistonMoveAbsWTO()    118->128 119 120 121 122 123 [30sec, 14.7Volts, 0.244Amps, CPT:1379sec]
(Oct 22 2025 09:39:25,  881509 sec) PistonMoveAbsWTO()    123->128 124 125 126 127 128 [23sec, 14.6Volts, 0.241Amps, CPT:1402sec]
(Oct 22 2025 10:04:53,  883037 sec) AscentControlAgent() Bouyancy nudge to 138 (v=0.080dbar/sec).
(Oct 22 2025 10:04:53,  883037 sec) PistonMoveAbsWTO()    128->138 129 130 131 132 133 [30sec, 14.7Volts, 0.209Amps, CPT:1432sec]
(Oct 22 2025 10:05:34,  883078 sec) PistonMoveAbsWTO()    133->138 134 135 136 137 138 [22sec, 14.7Volts, 0.215Amps, CPT:1454sec]
(Oct 22 2025 10:20:59,  884003 sec) PistonMoveAbsWTO()    138->138 [1sec, 0.0Volts, 0.000Amps, CPT:1455sec]
(Oct 22 2025 10:31:13,  884617 sec) AscentControlAgent() Bouyancy nudge to 148 (v=0.068dbar/sec).
(Oct 22 2025 10:31:13,  884617 sec) PistonMoveAbsWTO()    138->148 139 140 141 142 143 [30sec, 14.8Volts, 0.177Amps, CPT:1485sec]
(Oct 22 2025 10:31:55,  884659 sec) PistonMoveAbsWTO()    143->148 144 145 146 147 148 [21sec, 14.7Volts, 0.177Amps, CPT:1506sec]
(Oct 22 2025 10:41:59,  885263 sec) SurfaceDetect()      SurfacePressure:-0.5dbars Pressure:2.6dbars PistonPosition:148
(Oct 22 2025 10:41:59,  885263 sec) Sbe41cpStopCP()      Continuous profile stopped.
(Oct 22 2025 10:42:03,  885267 sec) PistonMoveAbsWTO()    148->170 149 150 151 152 153 154 153 154 155 156 157 158 159 160 161 162 163 164 165 166 167 168 169 170 [112sec, 14.7Volts, 0.156Amps, CPT:1618sec]
(Oct 22 2025 10:44:00,  885384 sec) chat()               Expected string [S>] not received.
(Oct 22 2025 10:45:40,  885484 sec) Sbe41cpBinAverage()  Finished averaging 10660 samples in 95 seconds.
(Oct 22 2025 10:45:45,  885489 sec) Sbe41cpUploadCP_()   Sbe41cpSerNo[18560] NSample[10660] NBin[493]
(Oct 22 2025 10:46:16,  885520 sec) Sbe41cpUploadCP_()   Continuous profile uploaded [493 lines].

<EOT>
