(Jun 11 2025 02:28:12,  883284 sec) TelemetryInit()      Profile 20. (Apf11 FwRev: 121123)
(Jun 11 2025 02:28:12,  883284 sec) TelemetryInit()      Charge consumption model: OCV:15.1V Wake-Cycles:25395 Standby:227.8days Wake:12.6kC Sensors:2.4kC
(Jun 11 2025 02:38:28,  883900 sec) AirSystem()          Battery [211cnt, 14.9V]  Current [21cnt, 82.1mA]  Pneumometer [157cnt, 18.5psi]  Run-Time [149s]
(Jun 11 2025 02:38:58,  883930 sec) GpsServices()        GPS almanac is current.
(Jun 11 2025 02:38:58,  883930 sec) GpsServices()        Initiating GPS fix acquisition.
(Jun 11 2025 02:39:03,  883935 sec) gga()                $GPGGA,023910,4631.4437,S,10308.0764,W,0,00,,,M,,M,,*50
(Jun 11 2025 02:39:10,  883942 sec) gga()                $GPGGA,023920,4631.4437,S,10308.0764,W,0,00,,,M,,M,,*53
(Jun 11 2025 02:39:20,  883952 sec) gga()                $GPGGA,023930,4631.4437,S,10308.0764,W,0,00,,,M,,M,,*52
(Jun 11 2025 02:39:20,  883952 sec) gga()                $GPGGA,023930,4631.4437,S,10308.0764,W,0,00,,,M,,M,,*52
(Jun 11 2025 02:39:30,  883962 sec) gga()                $GPGGA,023940,4631.4437,S,10308.0764,W,0,00,,,M,,M,,*55
(Jun 11 2025 02:39:51,  883983 sec) gga()                $GPGGA,024000,4633.4277,S,10319.7197,W,1,09,0.9,-2.7,M,-8.3,M,,*73
(Jun 11 2025 02:39:51,  883983 sec) GpsServices()        Profile 20 GPS fix obtained in 53 seconds.
(Jun 11 2025 02:39:51,  883983 sec) GpsServices()                   lon      lat mm/dd/yyyy hhmmss nsat
(Jun 11 2025 02:39:51,  883983 sec) GpsServices()        Fix: -103.3287 -46.5571 06/11/2025 024000    9
(Jun 11 2025 02:40:01,  883993 sec) gga()                $GPGGA,024010,4633.4268,S,10319.7187,W,1,09,0.9,-1.9,M,-8.3,M,,*70
(Jun 11 2025 02:40:10,  884002 sec) gga()                $GPGGA,024020,4633.4278,S,10319.7219,W,1,09,0.9,-2.4,M,-8.3,M,,*78
(Jun 11 2025 02:40:10,  884002 sec) GpsServices()        APF11 RTC skew (-10s) OK.
(Jun 11 2025 02:40:10,  884002 sec) GpsServices()        GPS services complete.
(Jun 11 2025 02:40:38,  884030 sec) IrGeoLoc()           <x,y,z>=<-996km,-4276km,-4604km> lat=-46.552 lon=-103.112 IrSysTime=0xe71271e7
(Jun 11 2025 02:40:41,  884033 sec) CLogin()             Connecting to primary host.
(Jun 11 2025 02:40:52,  884044 sec) CLogin()             Connection 1 established in 11 seconds.
(Jun 11 2025 02:40:57,  884049 sec) login()              Login successful.
(Jun 11 2025 02:41:11,  884063 sec) CLogin()             Logged in to host.  [Login required 19 seconds]
(Jun 11 2025 02:41:13,  884065 sec) RxConfig()           Downloading "mission.cfg" from host.
(Jun 11 2025 02:41:32,  884084 sec) RxConfig()           Download successful: [bytes:49, sec:17.5, bps:3]
(Jun 11 2025 02:41:36,  884088 sec) WriteVitals_()       Writing vitals to "23031.020.msg".
(Jun 11 2025 02:41:41,  884093 sec) UpLoadFile()         Uploading "23031.020.log" to host.
(Jun 11 2025 02:43:08,  884180 sec) UpLoadFile()         Upload successful: [bytes:17886, sec:87.1, bps:205]
(Jun 11 2025 02:43:09,  884181 sec) fmove()              Moved: 23031.020.log -> archive/23031.020.log
(Jun 11 2025 02:43:13,  884185 sec) UpLoadFile()         Uploading "23031.020.msg" to host.
(Jun 11 2025 02:44:53,  884285 sec) UpLoadFile()         Upload successful: [bytes:26530, sec:100.7, bps:263]
(Jun 11 2025 02:44:54,  884286 sec) fmove()              Moved: 23031.020.msg -> archive/23031.020.msg
(Jun 11 2025 02:44:55,  884287 sec) UpLoad()             Files successfully uploaded: 2
(Jun 11 2025 02:44:55,  884287 sec) UpLoad()             Upload complete.
(Jun 11 2025 02:45:02,  884294 sec) chat()               Expected string [logout] not received.
(Jun 11 2025 02:45:02,  884294 sec) logout()             Attempt to log-out failed.
(Jun 11 2025 02:45:02,  884294 sec) logout()             No carrier detected.
(Jun 11 2025 02:45:02,  884294 sec) Telemetry()          Telemetry cycle complete: PrfId=20 ConnectionAttempts=1  Connections=1
(Jun 11 2025 02:45:02,  884294 sec) TelemetryTerminate() Parsing new mission configuration.
(Jun 11 2025 02:45:03,  884295 sec) configure()          Parsing configurators in "mission.cfg".
(Jun 11 2025 02:45:03,  884295 sec) configure()             TelemetryRetry(15)      [0x7BBC] [TelemetryRetry(15)].
(Jun 11 2025 02:45:03,  884295 sec) configure()             DownTime(14400) [CRC=0x9F62] [DownTime(14400)].
(Jun 11 2025 02:45:03,  884295 sec) configure()          Configuration CRCs and syntax OK.
(Jun 11 2025 02:45:04,  884296 sec) ConfigSupervisor()   Configuration accepted.
(Jun 11 2025 02:45:04,  884296 sec) TelemetryTerminate() Reconditioning the file system.
(Jun 11 2025 02:45:06,       0 sec) DescentInit()        Deep profile 21 initiated at mission-time 884298sec.
(Jun 11 2025 02:45:07,       1 sec) DescentInit()        Surface pressure: -0.3dbars.
(Jun 11 2025 02:45:07,       1 sec) DescentInit()        Charge consumption model: OCV:14.7V Wake-Cycles:25396 Standby:227.8days Wake:12.6kC Sleep:2.4kC
(Jun 11 2025 02:45:19,      13 sec) DescentInit()        Pneumatic humidity: 1046(6.6%) -> 1081(7.6%)
(Jun 11 2025 02:45:19,      13 sec) PistonMoveAbsWTO()    179->075 178 177 176 175 176 175 174 173 172 171 170 169 168 167 166 167 166 165 164 163 162 161 160 159 158 157 156 155 154 153 152 151 150 149 148 147 146 145 144 143 142 141 140 139 138 137 136 135 134 133 132 131 130 129 128 127 126 125 124 123 122 121 120 119 118 117 116 115 114 113 112 111 110 109 108 107 106 105 104 103 104 103 102 101 100 099 098 097 096 095 094 093 092 091 090 089 088 087 086 085 084 083 082 081 080 079 078 077 076 075 [537sec, 14.7Volts, 0.150Amps, CPT:537sec]
(Jun 11 2025 02:54:19,     553 sec) DescentInit()        Air solenoid open: Barometer [193cnt,  11.3psi]  Pneumometer [ 99cnt,  11.6psi]
(Jun 11 2025 02:54:29,     563 sec) Descent()            Pressure: 12.4
(Jun 11 2025 03:45:06,    3600 sec) Descent()            Pressure: 425.0
(Jun 11 2025 04:45:06,    7200 sec) Descent()            Pressure: 783.5
(Jun 11 2025 05:45:06,   10800 sec) Descent()            Pressure: 960.7
(Jun 11 2025 06:45:06,   14400 sec) Descent()            Pressure: 994.0
(Jun 11 2025 06:45:06,   14400 sec) ParkInit()           Charge consumption model: OCV:15.4V Wake-Cycles:25401 Standby:227.9days Wake:12.8kC Sensors:2.4kC
(Jun 20 2025 22:45:28,  849622 sec) CtdPower()           [ 1003.43,  4.3051, 34.2775]
(Jun 20 2025 22:45:28,  849622 sec) CtdPower()           CTD Power consumption [212VCnt 3ACnt]: 14.919Volts * 0.014Amps = 0.20Watts.
(Jun 20 2025 22:45:38,  849632 sec) ParkTerminate()      Piston Position:75 Vacuum:190 HumidityAd12:1052(6.8%) Vq:216 Aq:2 Vsbe:212 Asbe:3
(Jun 20 2025 22:46:00,  849654 sec) ParkTerminate()      PTS: 1003.4dbars 4.3050C 34.2773PSU
(Jun 20 2025 22:46:00,  849654 sec) GoDeepInit()         Charge consumption model: OCV:15.2V Wake-Cycles:25633 Standby:237.6days Wake:12.8kC Sensors:2.4kC
(Jun 20 2025 22:46:00,  849654 sec) GoDeepInit()         Moving piston.
(Jun 20 2025 22:46:00,  849654 sec) PistonMoveAbsWTO()    075->016 074 073 072 071 070 069 068 067 066 065 064 063 062 061 060 059 058 057 056 055 054 053 052 051 050 049 048 047 046 045 044 043 042 041 040 039 038 037 036 035 034 033 032 031 030 029 028 027 026 025 024 023 022 021 020 019 018 017 016 [294sec, 15.0Volts, 0.063Amps, CPT:831sec]
(Jun 21 2025 02:45:06,  864000 sec) ProfileInit()        Charge consumption model: OCV:15.2V Wake-Cycles:25680 Standby:237.7days Wake:12.8kC Sensors:2.4kC
(Jun 21 2025 02:45:06,  864000 sec) ProfileInit()        PrfId:021  Pressure:2004.3dbar  pTable[0]:2000dbar
(Jun 21 2025 02:45:08,  864002 sec) PistonMoveAbsWTO()    016->038 017 018 019 020 021 [30sec, 14.3Volts, 0.626Amps, CPT:861sec]
(Jun 21 2025 02:45:49,  864043 sec) PistonMoveAbsWTO()    021->038 022 023 024 025 026 [30sec, 14.1Volts, 0.647Amps, CPT:891sec]
(Jun 21 2025 02:46:30,  864084 sec) PistonMoveAbsWTO()    026->038 027 028 029 030 031 [30sec, 14.0Volts, 0.624Amps, CPT:921sec]
(Jun 21 2025 02:47:33,  864147 sec) Profile()            Sample 0 initiated at 1997.8dbars for bin 0 [2000dbars].  PTS: 1995.4dbars 2.3360C 34.6415PSU
(Jun 21 2025 02:47:33,  864147 sec) PistonMoveAbsWTO()    031->038 032 033 034 035 036 [30sec, 14.0Volts, 0.613Amps, CPT:951sec]
(Jun 21 2025 02:48:14,  864188 sec) PistonMoveAbsWTO()    036->038 037 038 [7sec, 14.1Volts, 0.620Amps, CPT:958sec]
(Jun 21 2025 02:53:51,  864525 sec) Profile()            Sample 1 initiated at 1950.9dbars for bin 1 [1950dbars].  PTS: 1948.2dbars 2.3702C 34.6320PSU
(Jun 21 2025 03:01:00,  864954 sec) Profile()            Sample 2 initiated at 1899.9dbars for bin 2 [1900dbars].  PTS: 1897.4dbars 2.4070C 34.6213PSU
(Jun 21 2025 03:08:31,  865405 sec) Profile()            Sample 3 initiated at 1850.0dbars for bin 3 [1850dbars].  PTS: 1847.7dbars 2.4471C 34.6085PSU
(Jun 21 2025 03:16:57,  865911 sec) Profile()            Sample 4 initiated at 1800.2dbars for bin 4 [1800dbars].  PTS: 1798.2dbars 2.4932C 34.5951PSU
(Jun 21 2025 03:25:56,  866450 sec) AscentControlAgent() Bouyancy nudge to 48 (v=0.075dbar/sec).
(Jun 21 2025 03:25:57,  866451 sec) PistonMoveAbsWTO()    038->048 039 040 041 042 043 [30sec, 14.4Volts, 0.557Amps, CPT:988sec]
(Jun 21 2025 03:26:38,  866492 sec) PistonMoveAbsWTO()    043->048 044 045 046 047 048 [27sec, 14.3Volts, 0.555Amps, CPT:1015sec]
(Jun 21 2025 03:27:38,  866552 sec) Profile()            Sample 5 initiated at 1748.2dbars for bin 5 [1750dbars].  PTS: 1745.9dbars 2.5532C 34.5772PSU
(Jun 21 2025 03:35:09,  867003 sec) Profile()            Sample 6 initiated at 1699.9dbars for bin 6 [1700dbars].  PTS: 1697.7dbars 2.6084C 34.5607PSU
(Jun 21 2025 03:43:24,  867498 sec) Profile()            Sample 7 initiated at 1650.3dbars for bin 7 [1650dbars].  PTS: 1648.3dbars 2.6692C 34.5421PSU
(Jun 21 2025 03:52:45,  868059 sec) Profile()            Sample 8 initiated at 1600.2dbars for bin 8 [1600dbars].  PTS: 1598.5dbars 2.7349C 34.5234PSU
(Jun 21 2025 03:56:36,  868290 sec) AscentControlAgent() Bouyancy nudge to 58 (v=0.079dbar/sec).
(Jun 21 2025 03:56:37,  868291 sec) PistonMoveAbsWTO()    048->058 049 050 051 052 053 [30sec, 14.5Volts, 0.517Amps, CPT:1045sec]
(Jun 21 2025 03:57:18,  868332 sec) PistonMoveAbsWTO()    053->058 054 055 056 057 058 [26sec, 14.3Volts, 0.519Amps, CPT:1071sec]
(Jun 21 2025 04:01:35,  868589 sec) Profile()            Sample 9 initiated at 1549.9dbars for bin 9 [1550dbars].  PTS: 1547.6dbars 2.7884C 34.5065PSU
(Jun 21 2025 04:04:31,  868765 sec) PistonMoveAbsWTO()    057->058 058 [1sec, 14.5Volts, 0.546Amps, CPT:1072sec]
(Jun 21 2025 04:09:07,  869041 sec) Profile()            Sample 10 initiated at 1500.4dbars for bin 10 [1500dbars].  PTS: 1498.1dbars 2.8609C 34.4844PSU
(Jun 21 2025 04:17:11,  869525 sec) Profile()            Sample 11 initiated at 1450.8dbars for bin 11 [1450dbars].  PTS: 1448.8dbars 2.9233C 34.4659PSU
(Jun 21 2025 04:26:55,  870109 sec) Profile()            Sample 12 initiated at 1400.5dbars for bin 12 [1400dbars].  PTS: 1399.0dbars 2.9882C 34.4473PSU
(Jun 21 2025 04:27:28,  870142 sec) AscentControlAgent() Bouyancy nudge to 68 (v=0.080dbar/sec).
(Jun 21 2025 04:27:29,  870143 sec) PistonMoveAbsWTO()    058->068 059 060 061 062 063 [30sec, 14.6Volts, 0.481Amps, CPT:1102sec]
(Jun 21 2025 04:28:10,  870184 sec) PistonMoveAbsWTO()    063->068 064 065 066 067 068 [25sec, 14.4Volts, 0.476Amps, CPT:1127sec]
(Jun 21 2025 04:35:11,  870605 sec) Profile()            Sample 13 initiated at 1350.7dbars for bin 13 [1350dbars].  PTS: 1348.5dbars 3.0980C 34.4205PSU
(Jun 21 2025 04:43:59,  871133 sec) Profile()            Sample 14 initiated at 1300.8dbars for bin 14 [1300dbars].  PTS: 1298.9dbars 3.2301C 34.3931PSU
(Jun 21 2025 04:53:31,  871705 sec) Profile()            Sample 15 initiated at 1250.6dbars for bin 15 [1250dbars].  PTS: 1248.9dbars 3.3454C 34.3703PSU
(Jun 21 2025 04:58:40,  872014 sec) AscentControlAgent() Bouyancy nudge to 78 (v=0.079dbar/sec).
(Jun 21 2025 04:58:41,  872015 sec) PistonMoveAbsWTO()    068->078 069 070 071 072 073 [30sec, 14.6Volts, 0.446Amps, CPT:1157sec]
(Jun 21 2025 04:59:22,  872056 sec) PistonMoveAbsWTO()    073->078 074 075 076 077 078 [25sec, 14.5Volts, 0.437Amps, CPT:1182sec]
(Jun 21 2025 05:02:43,  872257 sec) Profile()            Sample 16 initiated at 1200.9dbars for bin 16 [1200dbars].  PTS: 1198.7dbars 3.4884C 34.3499PSU
(Jun 21 2025 05:11:09,  872763 sec) Profile()            Sample 17 initiated at 1150.0dbars for bin 17 [1150dbars].  PTS: 1148.1dbars 3.6893C 34.3250PSU
(Jun 21 2025 05:21:03,  873357 sec) Profile()            Sample 18 initiated at 1100.8dbars for bin 18 [1100dbars].  PTS: 1099.2dbars 3.8900C 34.3074PSU
(Jun 21 2025 05:24:21,  873555 sec) AscentControlAgent() Bouyancy nudge to 88 (v=0.073dbar/sec).
(Jun 21 2025 05:24:22,  873556 sec) PistonMoveAbsWTO()    078->088 079 080 081 082 083 [30sec, 14.6Volts, 0.414Amps, CPT:1212sec]
(Jun 21 2025 05:25:03,  873597 sec) PistonMoveAbsWTO()    083->088 084 085 086 087 088 [24sec, 14.5Volts, 0.413Amps, CPT:1236sec]
(Jun 21 2025 05:30:13,  873907 sec) Profile()            Sample 19 initiated at 1050.0dbars for bin 19 [1050dbars].  PTS: 1047.7dbars 4.1361C 34.2883PSU
(Jun 21 2025 05:37:55,  874369 sec) Profile()            Sample 20 initiated at 1000.8dbars for bin 20 [1000dbars].  PTS: 998.6dbars 4.3539C 34.2744PSU
(Jun 21 2025 05:41:37,  874591 sec) Sbe41cpStartCP()     Continuous profile started.
(Jun 21 2025 05:56:42,  875496 sec) AscentControlAgent() Bouyancy nudge to 98 (v=0.070dbar/sec).
(Jun 21 2025 05:56:43,  875497 sec) PistonMoveAbsWTO()    088->098 089 090 091 092 093 [30sec, 14.5Volts, 0.369Amps, CPT:1266sec]
(Jun 21 2025 05:57:24,  875538 sec) PistonMoveAbsWTO()    093->098 094 095 096 097 098 [24sec, 14.4Volts, 0.358Amps, CPT:1290sec]
(Jun 21 2025 06:28:00,  877374 sec) AscentControlAgent() Bouyancy nudge to 108 (v=0.077dbar/sec).
(Jun 21 2025 06:28:01,  877375 sec) PistonMoveAbsWTO()    098->108 099 100 101 102 103 [30sec, 14.6Volts, 0.330Amps, CPT:1320sec]
(Jun 21 2025 06:28:42,  877416 sec) PistonMoveAbsWTO()    103->108 104 105 106 107 108 [23sec, 14.5Volts, 0.326Amps, CPT:1343sec]
(Jun 21 2025 06:54:14,  878948 sec) AscentControlAgent() Bouyancy nudge to 118 (v=0.078dbar/sec).
(Jun 21 2025 06:54:15,  878949 sec) PistonMoveAbsWTO()    107->118 108 109 110 111 112 113 [30sec, 14.6Volts, 0.301Amps, CPT:1373sec]
(Jun 21 2025 06:54:56,  878990 sec) PistonMoveAbsWTO()    113->118 114 115 116 117 118 [23sec, 14.5Volts, 0.297Amps, CPT:1396sec]
(Jun 21 2025 07:40:36,  881730 sec) AscentControlAgent() Bouyancy nudge to 128 (v=0.072dbar/sec).
(Jun 21 2025 07:40:37,  881731 sec) PistonMoveAbsWTO()    118->128 119 120 121 122 123 [30sec, 14.7Volts, 0.238Amps, CPT:1426sec]
(Jun 21 2025 07:41:18,  881772 sec) PistonMoveAbsWTO()    123->128 124 125 126 127 128 [22sec, 14.6Volts, 0.234Amps, CPT:1448sec]
(Jun 21 2025 08:01:47,  883001 sec) AscentControlAgent() Bouyancy nudge to 138 (v=0.078dbar/sec).
(Jun 21 2025 08:01:48,  883002 sec) PistonMoveAbsWTO()    128->138 129 130 131 132 133 [30sec, 14.7Volts, 0.212Amps, CPT:1478sec]
(Jun 21 2025 08:02:29,  883043 sec) PistonMoveAbsWTO()    134->138 135 136 137 138 [21sec, 14.7Volts, 0.209Amps, CPT:1499sec]
(Jun 21 2025 08:17:55,  883969 sec) AscentControlAgent() Bouyancy nudge to 148 (v=0.079dbar/sec).
(Jun 21 2025 08:17:56,  883970 sec) PistonMoveAbsWTO()    138->148 139 140 141 142 143 [30sec, 14.8Volts, 0.188Amps, CPT:1529sec]
(Jun 21 2025 08:18:37,  884011 sec) PistonMoveAbsWTO()    144->148 145 146 147 148 [21sec, 14.7Volts, 0.190Amps, CPT:1550sec]
(Jun 21 2025 08:35:16,  885010 sec) SurfaceDetect()      SurfacePressure:-0.3dbars Pressure:3.3dbars PistonPosition:148
(Jun 21 2025 08:35:17,  885011 sec) Sbe41cpStopCP()      Continuous profile stopped.
(Jun 21 2025 08:35:20,  885014 sec) PistonMoveAbsWTO()    148->170 149 150 151 152 153 154 155 156 157 158 159 160 161 162 163 162 163 164 165 166 167 168 169 170 [111sec, 14.7Volts, 0.160Amps, CPT:1661sec]
(Jun 21 2025 08:37:17,  885131 sec) chat()               Expected string [S>] not received.
(Jun 21 2025 08:38:56,  885230 sec) Sbe41cpBinAverage()  Finished averaging 10443 samples in 94 seconds.
(Jun 21 2025 08:39:01,  885235 sec) Sbe41cpUploadCP_()   Sbe41cpSerNo[18560] NSample[10443] NBin[493]
(Jun 21 2025 08:39:32,  885266 sec) Sbe41cpUploadCP_()   Continuous profile uploaded [493 lines].

<EOT>
