(May 31 2025 20:49:30,  885248 sec) TelemetryInit()      Profile 19. (Apf11 FwRev: 121123)
(May 31 2025 20:49:30,  885248 sec) TelemetryInit()      Charge consumption model: OCV:15.1V Wake-Cycles:24138 Standby:217.6days Wake:12.1kC Sensors:2.3kC
(May 31 2025 20:59:29,  885847 sec) AirSystem()          Battery [212cnt, 14.9V]  Current [19cnt, 75.8mA]  Pneumometer [156cnt, 18.3psi]  Run-Time [141s]
(May 31 2025 20:59:52,  885870 sec) GpsServices()        GPS almanac is current.
(May 31 2025 20:59:52,  885870 sec) GpsServices()        Initiating GPS fix acquisition.
(May 31 2025 20:59:55,  885873 sec) gga()                $GPGGA,210000,4631.0944,S,10303.6358,W,0,00,,,M,,M,,*51
(May 31 2025 21:00:10,  885888 sec) gga()                $GPGGA,210020,4631.0944,S,10303.6358,W,0,00,,,M,,M,,*53
(May 31 2025 21:00:20,  885898 sec) gga()                $GPGGA,210030,4631.0944,S,10303.6358,W,0,00,,,M,,M,,*52
(May 31 2025 21:00:30,  885908 sec) gga()                $GPGGA,210040,4631.0944,S,10303.6358,W,0,00,,,M,,M,,*55
(May 31 2025 21:00:40,  885918 sec) gga()                $GPGGA,210050,4631.0944,S,10303.6358,W,0,00,,,M,,M,,*54
(May 31 2025 21:00:50,  885928 sec) gga()                $GPGGA,210100,4631.0944,S,10303.6358,W,0,00,,,M,,M,,*50
(May 31 2025 21:00:51,  885929 sec) gga()                $GPGGA,210100,4631.0944,S,10303.6358,W,0,00,,,M,,M,,*50
(May 31 2025 21:01:00,  885938 sec) gga()                $GPGGA,210110,4631.0944,S,10303.6358,W,0,00,,,M,,M,,*51
(May 31 2025 21:01:10,  885948 sec) gga()                $GPGGA,210120,4631.0944,S,10303.6358,W,0,00,,,M,,M,,*52
(May 31 2025 21:01:21,  885959 sec) gga()                $GPGGA,210130,4631.4445,S,10308.0771,W,1,09,0.9,0.5,M,-8.3,M,,*55
(May 31 2025 21:01:21,  885959 sec) GpsServices()        Profile 19 GPS fix obtained in 89 seconds.
(May 31 2025 21:01:21,  885959 sec) GpsServices()                   lon      lat mm/dd/yyyy hhmmss nsat
(May 31 2025 21:01:21,  885959 sec) GpsServices()        Fix: -103.1346 -46.5241 05/31/2025 210130    9
(May 31 2025 21:01:31,  885969 sec) gga()                $GPGGA,210140,4631.4460,S,10308.0768,W,1,09,0.9,0.8,M,-8.3,M,,*50
(May 31 2025 21:01:40,  885978 sec) gga()                $GPGGA,210150,4631.4473,S,10308.0775,W,1,09,0.9,5.1,M,-8.3,M,,*53
(May 31 2025 21:01:40,  885978 sec) GpsServices()        APF11 RTC skew (-10s) OK.
(May 31 2025 21:01:40,  885978 sec) GpsServices()        GPS services complete.
(May 31 2025 21:02:08,  886006 sec) IrGeoLoc()           <x,y,z>=<-988km,-4280km,-4604km> lat=-46.538 lon=-102.999 IrSysTime=0xe67c2ec5
(May 31 2025 21:02:12,  886010 sec) CLogin()             Connecting to primary host.
(May 31 2025 21:02:25,  886023 sec) CLogin()             Connection 1 established in 13 seconds.
(May 31 2025 21:02:55,  886053 sec) expect()             Attempt to read prompt string [login:] failed.
(May 31 2025 21:02:55,  886053 sec) login()              Login prompt not received.
(May 31 2025 21:03:07,  886065 sec) login()              Login successful.
(May 31 2025 21:03:13,  886071 sec) CLogin()             Logged in to host.  [Login required 48 seconds]
(May 31 2025 21:03:17,  886075 sec) RxConfig()           Downloading "mission.cfg" from host.
(May 31 2025 21:03:31,  886089 sec) RxConfig()           Download successful: [bytes:49, sec:12.3, bps:4]
(May 31 2025 21:03:35,  886093 sec) WriteVitals_()       Writing vitals to "23031.019.msg".
(May 31 2025 21:03:43,  886101 sec) UpLoadFile()         Uploading "23031.019.log" to host.
(May 31 2025 21:04:42,  886160 sec) UpLoadFile()         Upload successful: [bytes:17177, sec:59.4, bps:289]
(May 31 2025 21:04:43,  886161 sec) fmove()              Moved: 23031.019.log -> archive/23031.019.log
(May 31 2025 21:04:46,  886164 sec) UpLoadFile()         Uploading "23031.019.msg" to host.
(May 31 2025 21:06:35,  886273 sec) UpLoadFile()         Upload successful: [bytes:26515, sec:108.3, bps:245]
(May 31 2025 21:06:36,  886274 sec) fmove()              Moved: 23031.019.msg -> archive/23031.019.msg
(May 31 2025 21:06:37,  886275 sec) UpLoad()             Files successfully uploaded: 2
(May 31 2025 21:06:37,  886275 sec) UpLoad()             Upload complete.
(May 31 2025 21:06:44,  886282 sec) chat()               Expected string [logout] not received.
(May 31 2025 21:06:44,  886282 sec) logout()             Attempt to log-out failed.
(May 31 2025 21:06:44,  886282 sec) logout()             No carrier detected.
(May 31 2025 21:06:44,  886282 sec) Telemetry()          Telemetry cycle complete: PrfId=19 ConnectionAttempts=1  Connections=1
(May 31 2025 21:06:44,  886282 sec) TelemetryTerminate() Parsing new mission configuration.
(May 31 2025 21:06:45,  886283 sec) configure()          Parsing configurators in "mission.cfg".
(May 31 2025 21:06:45,  886283 sec) configure()             TelemetryRetry(15)      [0x7BBC] [TelemetryRetry(15)].
(May 31 2025 21:06:45,  886283 sec) configure()             DownTime(14400) [CRC=0x9F62] [DownTime(14400)].
(May 31 2025 21:06:45,  886283 sec) configure()          Configuration CRCs and syntax OK.
(May 31 2025 21:06:46,  886284 sec) ConfigSupervisor()   Configuration accepted.
(May 31 2025 21:06:46,  886284 sec) TelemetryTerminate() Reconditioning the file system.
(May 31 2025 21:06:48,       0 sec) DescentInit()        Deep profile 20 initiated at mission-time 886286sec.
(May 31 2025 21:06:49,       1 sec) DescentInit()        Surface pressure: -0.4dbars.
(May 31 2025 21:06:49,       1 sec) DescentInit()        Charge consumption model: OCV:14.8V Wake-Cycles:24139 Standby:217.6days Wake:12.1kC Sleep:2.3kC
(May 31 2025 21:07:01,      13 sec) DescentInit()        Pneumatic humidity: 1044(6.5%) -> 1086(7.8%)
(May 31 2025 21:07:01,      13 sec) PistonMoveAbsWTO()    170->075 169 168 167 166 165 164 163 162 161 160 159 158 157 156 155 154 153 152 151 150 149 148 147 146 145 144 143 142 141 140 139 138 137 136 135 134 133 132 131 130 129 128 127 126 125 124 123 122 123 122 121 120 119 118 117 116 115 114 113 112 111 110 109 108 107 106 105 104 103 102 101 100 099 098 097 096 095 094 093 092 091 090 089 088 087 086 085 084 083 082 081 080 079 078 077 076 075 [491sec, 14.6Volts, 0.147Amps, CPT:491sec]
(May 31 2025 21:15:15,     507 sec) DescentInit()        Air solenoid open: Barometer [193cnt,  11.3psi]  Pneumometer [ 99cnt,  11.6psi]
(May 31 2025 21:15:25,     517 sec) Descent()            Pressure: 7.5
(May 31 2025 22:06:48,    3600 sec) Descent()            Pressure: 430.6
(May 31 2025 23:06:48,    7200 sec) Descent()            Pressure: 786.8
(Jun 01 2025 00:06:48,   10800 sec) Descent()            Pressure: 966.4
(Jun 01 2025 01:06:48,   14400 sec) Descent()            Pressure: 993.2
(Jun 01 2025 01:06:48,   14400 sec) ParkInit()           Charge consumption model: OCV:15.4V Wake-Cycles:24144 Standby:217.7days Wake:12.3kC Sensors:2.3kC
(Jun 10 2025 17:07:10,  849622 sec) CtdPower()           [  998.12,  4.2302, 34.2836]
(Jun 10 2025 17:07:10,  849622 sec) CtdPower()           CTD Power consumption [213VCnt 4ACnt]: 14.946Volts * 0.014Amps = 0.21Watts.
(Jun 10 2025 17:07:20,  849632 sec) ParkTerminate()      Piston Position:75 Vacuum:190 HumidityAd12:1050(6.7%) Vq:216 Aq:2 Vsbe:213 Asbe:4
(Jun 10 2025 17:07:42,  849654 sec) ParkTerminate()      PTS: 998.2dbars 4.2325C 34.2813PSU
(Jun 10 2025 17:07:42,  849654 sec) GoDeepInit()         Charge consumption model: OCV:15.2V Wake-Cycles:24376 Standby:227.4days Wake:12.3kC Sensors:2.3kC
(Jun 10 2025 17:07:42,  849654 sec) GoDeepInit()         Moving piston.
(Jun 10 2025 17:07:42,  849654 sec) PistonMoveAbsWTO()    075->015 074 073 072 071 070 069 068 067 066 065 064 063 062 061 060 059 058 057 056 055 054 053 052 051 050 049 048 047 046 045 044 043 042 041 040 039 038 037 036 035 034 033 032 031 030 029 028 027 026 025 024 023 022 021 020 019 018 017 016 015 [299sec, 15.0Volts, 0.063Amps, CPT:790sec]
(Jun 10 2025 20:26:48,  861600 sec) GoDeep()             Sequence point detected at 2021.6dbar.
(Jun 10 2025 20:26:48,  861600 sec) ProfileInit()        Charge consumption model: OCV:15.2V Wake-Cycles:24415 Standby:227.5days Wake:12.3kC Sensors:2.3kC
(Jun 10 2025 20:26:49,  861601 sec) ProfileInit()        PrfId:020  Pressure:2021.6dbar  pTable[0]:2000dbar
(Jun 10 2025 20:27:00,  861612 sec) PistonMoveAbsWTO()    015->037 016 017 018 019 020 [30sec, 14.3Volts, 0.641Amps, CPT:820sec]
(Jun 10 2025 20:27:41,  861653 sec) PistonMoveAbsWTO()    020->037 021 022 023 024 025 [30sec, 14.1Volts, 0.624Amps, CPT:850sec]
(Jun 10 2025 20:28:22,  861694 sec) PistonMoveAbsWTO()    025->037 026 027 028 029 030 [30sec, 14.0Volts, 0.617Amps, CPT:880sec]
(Jun 10 2025 20:29:03,  861735 sec) PistonMoveAbsWTO()    031->037 032 033 034 035 036 [30sec, 14.0Volts, 0.621Amps, CPT:910sec]
(Jun 10 2025 20:29:44,  861776 sec) PistonMoveAbsWTO()    036->037 037 [6sec, 14.0Volts, 0.622Amps, CPT:916sec]
(Jun 10 2025 20:31:29,  861881 sec) Profile()            Sample 0 initiated at 2000.7dbars for bin 0 [2000dbars].  PTS: 1998.0dbars 2.3318C 34.6423PSU
(Jun 10 2025 20:31:40,  861892 sec) PistonMoveAbsWTO()    036->037 037 [1sec, 14.2Volts, 0.629Amps, CPT:917sec]
(Jun 10 2025 20:38:17,  862289 sec) Profile()            Sample 1 initiated at 1950.7dbars for bin 1 [1950dbars].  PTS: 1948.1dbars 2.3640C 34.6320PSU
(Jun 10 2025 20:45:37,  862729 sec) Profile()            Sample 2 initiated at 1900.2dbars for bin 2 [1900dbars].  PTS: 1897.9dbars 2.4102C 34.6213PSU
(Jun 10 2025 20:53:41,  863213 sec) Profile()            Sample 3 initiated at 1850.3dbars for bin 3 [1850dbars].  PTS: 1848.2dbars 2.4627C 34.6080PSU
(Jun 10 2025 21:02:51,  863763 sec) Profile()            Sample 4 initiated at 1800.2dbars for bin 4 [1800dbars].  PTS: 1798.4dbars 2.5096C 34.5924PSU
(Jun 10 2025 21:13:19,  864391 sec) Profile()            Sample 5 initiated at 1750.2dbars for bin 5 [1750dbars].  PTS: 1748.6dbars 2.5561C 34.5774PSU
(Jun 10 2025 21:13:20,  864392 sec) AscentControlAgent() Bouyancy nudge to 47 (v=0.077dbar/sec).
(Jun 10 2025 21:13:20,  864392 sec) PistonMoveAbsWTO()    037->047 038 039 040 041 042 [30sec, 14.5Volts, 0.555Amps, CPT:947sec]
(Jun 10 2025 21:14:01,  864433 sec) PistonMoveAbsWTO()    042->047 043 044 045 046 047 [27sec, 14.3Volts, 0.562Amps, CPT:974sec]
(Jun 10 2025 21:20:53,  864845 sec) Profile()            Sample 6 initiated at 1700.4dbars for bin 6 [1700dbars].  PTS: 1698.0dbars 2.6053C 34.5620PSU
(Jun 10 2025 21:28:35,  865307 sec) Profile()            Sample 7 initiated at 1650.8dbars for bin 7 [1650dbars].  PTS: 1648.7dbars 2.6492C 34.5494PSU
(Jun 10 2025 21:37:57,  865869 sec) Profile()            Sample 8 initiated at 1600.1dbars for bin 8 [1600dbars].  PTS: 1598.4dbars 2.7196C 34.5296PSU
(Jun 10 2025 21:44:00,  866232 sec) AscentControlAgent() Bouyancy nudge to 57 (v=0.075dbar/sec).
(Jun 10 2025 21:44:01,  866233 sec) PistonMoveAbsWTO()    047->057 048 049 050 051 052 [30sec, 14.5Volts, 0.520Amps, CPT:1004sec]
(Jun 10 2025 21:44:42,  866274 sec) PistonMoveAbsWTO()    052->057 053 054 055 056 057 [26sec, 14.3Volts, 0.527Amps, CPT:1030sec]
(Jun 10 2025 21:45:30,  866322 sec) PistonMoveAbsWTO()    056->057 057 [1sec, 14.4Volts, 0.539Amps, CPT:1031sec]
(Jun 10 2025 21:47:43,  866455 sec) Profile()            Sample 9 initiated at 1549.9dbars for bin 9 [1550dbars].  PTS: 1547.6dbars 2.7678C 34.5105PSU
(Jun 10 2025 21:55:25,  866917 sec) Profile()            Sample 10 initiated at 1500.9dbars for bin 10 [1500dbars].  PTS: 1498.8dbars 2.8562C 34.4908PSU
(Jun 10 2025 22:04:02,  867434 sec) Profile()            Sample 11 initiated at 1450.4dbars for bin 11 [1450dbars].  PTS: 1448.5dbars 2.9033C 34.4732PSU
(Jun 10 2025 22:14:29,  868061 sec) Profile()            Sample 12 initiated at 1400.8dbars for bin 12 [1400dbars].  PTS: 1399.4dbars 2.9926C 34.4480PSU
(Jun 10 2025 22:14:40,  868072 sec) AscentControlAgent() Bouyancy nudge to 67 (v=0.073dbar/sec).
(Jun 10 2025 22:14:41,  868073 sec) PistonMoveAbsWTO()    057->067 058 059 060 061 062 [30sec, 14.6Volts, 0.475Amps, CPT:1061sec]
(Jun 10 2025 22:15:22,  868114 sec) PistonMoveAbsWTO()    062->067 063 064 065 066 067 [24sec, 14.4Volts, 0.474Amps, CPT:1085sec]
(Jun 10 2025 22:18:54,  868326 sec) PistonMoveAbsWTO()    067->067 [0sec, 0.0Volts, 0.000Amps, CPT:1085sec]
(Jun 10 2025 22:23:07,  868579 sec) Profile()            Sample 13 initiated at 1350.7dbars for bin 13 [1350dbars].  PTS: 1348.6dbars 3.0914C 34.4233PSU
(Jun 10 2025 22:24:24,  868656 sec) PistonMoveAbsWTO()    067->067 [0sec, 0.0Volts, 0.000Amps, CPT:1085sec]
(Jun 10 2025 22:32:39,  869151 sec) Profile()            Sample 14 initiated at 1300.2dbars for bin 14 [1300dbars].  PTS: 1298.5dbars 3.2063C 34.3988PSU
(Jun 10 2025 22:40:21,  869613 sec) AscentControlAgent() Bouyancy nudge to 77 (v=0.073dbar/sec).
(Jun 10 2025 22:40:22,  869614 sec) PistonMoveAbsWTO()    067->077 068 069 070 071 072 [30sec, 14.6Volts, 0.451Amps, CPT:1115sec]
(Jun 10 2025 22:41:03,  869655 sec) PistonMoveAbsWTO()    072->077 073 074 075 076 077 [26sec, 14.4Volts, 0.449Amps, CPT:1141sec]
(Jun 10 2025 22:42:57,  869769 sec) Profile()            Sample 15 initiated at 1250.6dbars for bin 15 [1250dbars].  PTS: 1248.3dbars 3.3491C 34.3723PSU
(Jun 10 2025 22:50:50,  870242 sec) Profile()            Sample 16 initiated at 1200.3dbars for bin 16 [1200dbars].  PTS: 1198.2dbars 3.4851C 34.3507PSU
(Jun 10 2025 22:59:17,  870749 sec) Profile()            Sample 17 initiated at 1150.3dbars for bin 17 [1150dbars].  PTS: 1148.3dbars 3.6480C 34.3305PSU
(Jun 10 2025 23:08:38,  871310 sec) Profile()            Sample 18 initiated at 1100.2dbars for bin 18 [1100dbars].  PTS: 1098.5dbars 3.8479C 34.3104PSU
(Jun 10 2025 23:11:23,  871475 sec) AscentControlAgent() Bouyancy nudge to 87 (v=0.079dbar/sec).
(Jun 10 2025 23:11:24,  871476 sec) PistonMoveAbsWTO()    077->087 078 079 080 081 082 [30sec, 14.7Volts, 0.408Amps, CPT:1171sec]
(Jun 10 2025 23:12:05,  871517 sec) PistonMoveAbsWTO()    082->087 083 084 085 086 087 [24sec, 14.5Volts, 0.411Amps, CPT:1195sec]
(Jun 10 2025 23:17:15,  871827 sec) Profile()            Sample 19 initiated at 1050.7dbars for bin 19 [1050dbars].  PTS: 1048.4dbars 4.0402C 34.2945PSU
(Jun 10 2025 23:25:41,  872333 sec) Profile()            Sample 20 initiated at 1000.3dbars for bin 20 [1000dbars].  PTS: 998.3dbars 4.2506C 34.2808PSU
(Jun 10 2025 23:29:34,  872566 sec) Sbe41cpStartCP()     Continuous profile started.
(Jun 10 2025 23:44:40,  873472 sec) AscentControlAgent() Bouyancy nudge to 97 (v=0.072dbar/sec).
(Jun 10 2025 23:44:40,  873472 sec) PistonMoveAbsWTO()    087->097 088 089 090 091 092 [30sec, 14.5Volts, 0.370Amps, CPT:1225sec]
(Jun 10 2025 23:45:21,  873513 sec) PistonMoveAbsWTO()    092->097 093 094 095 096 097 [25sec, 14.4Volts, 0.377Amps, CPT:1250sec]
(Jun 11 2025 00:10:56,  875048 sec) AscentControlAgent() Bouyancy nudge to 107 (v=0.078dbar/sec).
(Jun 11 2025 00:10:56,  875048 sec) PistonMoveAbsWTO()    097->107 098 099 100 101 102 [30sec, 14.6Volts, 0.345Amps, CPT:1280sec]
(Jun 11 2025 00:11:37,  875089 sec) PistonMoveAbsWTO()    102->107 103 104 105 106 107 [25sec, 14.5Volts, 0.335Amps, CPT:1305sec]
(Jun 11 2025 00:42:15,  876927 sec) AscentControlAgent() Bouyancy nudge to 117 (v=0.077dbar/sec).
(Jun 11 2025 00:42:15,  876927 sec) PistonMoveAbsWTO()    107->117 108 109 110 111 112 [30sec, 14.6Volts, 0.303Amps, CPT:1335sec]
(Jun 11 2025 00:42:56,  876968 sec) PistonMoveAbsWTO()    112->117 113 114 115 116 117 [23sec, 14.5Volts, 0.299Amps, CPT:1358sec]
(Jun 11 2025 01:13:32,  878804 sec) AscentControlAgent() Bouyancy nudge to 127 (v=0.078dbar/sec).
(Jun 11 2025 01:13:32,  878804 sec) PistonMoveAbsWTO()    117->127 118 119 120 121 122 [30sec, 14.7Volts, 0.256Amps, CPT:1388sec]
(Jun 11 2025 01:14:13,  878845 sec) PistonMoveAbsWTO()    122->127 123 124 125 126 127 [23sec, 14.6Volts, 0.251Amps, CPT:1411sec]
(Jun 11 2025 01:49:50,  880982 sec) AscentControlAgent() Bouyancy nudge to 137 (v=0.075dbar/sec).
(Jun 11 2025 01:49:50,  880982 sec) PistonMoveAbsWTO()    127->137 128 129 130 131 132 [30sec, 14.7Volts, 0.207Amps, CPT:1441sec]
(Jun 11 2025 01:50:31,  881023 sec) PistonMoveAbsWTO()    132->137 133 134 135 136 137 [22sec, 14.7Volts, 0.210Amps, CPT:1463sec]
(Jun 11 2025 02:05:59,  881951 sec) AscentControlAgent() Bouyancy nudge to 147 (v=0.076dbar/sec).
(Jun 11 2025 02:05:59,  881951 sec) PistonMoveAbsWTO()    137->147 138 139 140 141 142 [30sec, 14.7Volts, 0.193Amps, CPT:1493sec]
(Jun 11 2025 02:06:40,  881992 sec) PistonMoveAbsWTO()    142->147 143 144 145 146 147 [23sec, 14.7Volts, 0.187Amps, CPT:1516sec]
(Jun 11 2025 02:22:16,  882928 sec) AscentControlAgent() Bouyancy nudge to 157 (v=0.080dbar/sec).
(Jun 11 2025 02:22:16,  882928 sec) PistonMoveAbsWTO()    147->157 148 149 150 [15sec, 14.8Volts, 0.171Amps, CPT:1531sec]
(Jun 11 2025 02:22:42,  882954 sec) PistonMoveAbsWTO()    150->157 151 152 153 [15sec, 14.8Volts, 0.177Amps, CPT:1546sec]
(Jun 11 2025 02:23:08,  882980 sec) PistonMoveAbsWTO()    153->157 154 155 156 [15sec, 14.7Volts, 0.177Amps, CPT:1561sec]
(Jun 11 2025 02:23:34,  883006 sec) PistonMoveAbsWTO()    156->157 157 [5sec, 14.7Volts, 0.179Amps, CPT:1566sec]
(Jun 11 2025 02:23:53,  883025 sec) SurfaceDetect()      SurfacePressure:-0.4dbars Pressure:3.0dbars PistonPosition:157
(Jun 11 2025 02:23:53,  883025 sec) Sbe41cpStopCP()      Continuous profile stopped.
(Jun 11 2025 02:23:56,  883028 sec) PistonMoveAbsWTO()    157->179 158 159 160 161 162 163 164 165 166 167 168 169 170 171 172 173 174 175 176 177 178 179 [113sec, 14.7Volts, 0.166Amps, CPT:1679sec]
(Jun 11 2025 02:25:54,  883146 sec) chat()               Expected string [S>] not received.
(Jun 11 2025 02:27:33,  883245 sec) Sbe41cpBinAverage()  Finished averaging 10482 samples in 94 seconds.
(Jun 11 2025 02:27:38,  883250 sec) Sbe41cpUploadCP_()   Sbe41cpSerNo[18560] NSample[10482] NBin[493]
(Jun 11 2025 02:28:09,  883281 sec) Sbe41cpUploadCP_()   Continuous profile uploaded [493 lines].

<EOT>
