(May 21 2025 14:18:59,  883419 sec) TelemetryInit()      Profile 18. (Apf11 FwRev: 121123)
(May 21 2025 14:18:59,  883419 sec) TelemetryInit()      Charge consumption model: OCV:15.1V Wake-Cycles:22901 Standby:207.4days Wake:11.5kC Sensors:2.1kC
(May 21 2025 14:24:16,  883736 sec) AirSystem()          Battery [214cnt, 15.0V]  Current [21cnt, 81.7mA]  Pneumometer [198cnt, 23.3psi]  Run-Time [9s]
(May 21 2025 14:26:18,  883858 sec) Telemetry()          SkySearch failed - adding buoyancy to reach the surface.
(May 21 2025 14:26:18,  883858 sec) PistonMoveAbsWTO()    179->201 180 181 182 183 184 185 186 187 188 189 190 191 192 193 194 195 196 197 198 199 200 201 [113sec, 14.7Volts, 0.168Amps, CPT:1834sec]
(May 21 2025 14:48:05,  885165 sec) AirSystem()          Battery [212cnt, 14.9V]  Current [21cnt, 83.1mA]  Pneumometer [156cnt, 18.3psi]  Run-Time [135s]
(May 21 2025 14:48:43,  885203 sec) GpsServices()        GPS almanac is current.
(May 21 2025 14:48:43,  885203 sec) GpsServices()        Initiating GPS fix acquisition.
(May 21 2025 14:48:45,  885205 sec) gga()                $GPGGA,144850,4636.9999,S,10256.6223,W,0,00,,,M,,M,,*5C
(May 21 2025 14:48:55,  885215 sec) gga()                $GPGGA,144900,4636.9999,S,10256.6223,W,0,00,,,M,,M,,*58
(May 21 2025 14:49:11,  885231 sec) gga()                $GPGGA,144920,4636.9999,S,10256.6223,W,0,00,,,M,,M,,*5A
(May 21 2025 14:49:21,  885241 sec) gga()                $GPGGA,144930,4636.9999,S,10256.6223,W,0,00,,,M,,M,,*5B
(May 21 2025 14:49:22,  885242 sec) gga()                $GPGGA,144930,4636.9999,S,10256.6223,W,0,00,,,M,,M,,*5B
(May 21 2025 14:49:31,  885251 sec) gga()                $GPGGA,144940,4636.9999,S,10256.6223,W,0,00,,,M,,M,,*5C
(May 21 2025 14:49:41,  885261 sec) gga()                $GPGGA,144950,4636.9999,S,10256.6223,W,0,00,,,M,,M,,*5D
(May 21 2025 14:49:52,  885272 sec) gga()                $GPGGA,145000,4631.0944,S,10303.6358,W,1,08,1.1,-12.0,M,-8.3,M,,*4D
(May 21 2025 14:49:52,  885272 sec) GpsServices()        Profile 18 GPS fix obtained in 69 seconds.
(May 21 2025 14:49:52,  885272 sec) GpsServices()                   lon      lat mm/dd/yyyy hhmmss nsat
(May 21 2025 14:49:52,  885272 sec) GpsServices()        Fix: -103.0606 -46.5182 05/21/2025 145000    8
(May 21 2025 14:50:02,  885282 sec) gga()                $GPGGA,145010,4631.0955,S,10303.6321,W,1,08,1.1,-8.5,M,-8.3,M,,*7C
(May 21 2025 14:50:11,  885291 sec) gga()                $GPGGA,145020,4631.0958,S,10303.6322,W,1,08,1.1,-7.6,M,-8.3,M,,*7D
(May 21 2025 14:50:11,  885291 sec) GpsServices()        APF11 RTC skew (-9s) OK.
(May 21 2025 14:50:11,  885291 sec) GpsServices()        GPS services complete.
(May 21 2025 14:50:46,  885326 sec) IrGeoLoc()           <x,y,z>=<-984km,-4276km,-4612km> lat=-46.619 lon=-102.959 IrSysTime=0xe5e60946
(May 21 2025 14:50:49,  885329 sec) CLogin()             Connecting to primary host.
(May 21 2025 14:50:58,  885338 sec) CLogin()             Connection 1 established in 9 seconds.
(May 21 2025 14:51:12,  885352 sec) login()              Login successful.
(May 21 2025 14:51:17,  885357 sec) CLogin()             Logged in to host.  [Login required 19 seconds]
(May 21 2025 14:51:23,  885363 sec) RxConfig()           Downloading "mission.cfg" from host.
(May 21 2025 14:51:37,  885377 sec) RxConfig()           Download successful: [bytes:49, sec:11.8, bps:4]
(May 21 2025 14:51:41,  885381 sec) WriteVitals_()       Writing vitals to "23031.018.msg".
(May 21 2025 14:51:46,  885386 sec) UpLoadFile()         Uploading "23031.018.log" to host.
(May 21 2025 14:53:06,  885466 sec) UpLoadFile()         Upload successful: [bytes:19880, sec:79.7, bps:249]
(May 21 2025 14:53:07,  885467 sec) fmove()              Moved: 23031.018.log -> archive/23031.018.log
(May 21 2025 14:53:12,  885472 sec) UpLoadFile()         Uploading "23031.018.msg" to host.
(May 21 2025 14:55:09,  885589 sec) UpLoadFile()         Upload successful: [bytes:26529, sec:117.2, bps:226]
(May 21 2025 14:55:11,  885591 sec) fmove()              Moved: 23031.018.msg -> archive/23031.018.msg
(May 21 2025 14:55:11,  885591 sec) UpLoad()             Files successfully uploaded: 2
(May 21 2025 14:55:11,  885591 sec) UpLoad()             Upload complete.
(May 21 2025 14:55:18,  885598 sec) chat()               Expected string [logout] not received.
(May 21 2025 14:55:18,  885598 sec) logout()             Attempt to log-out failed.
(May 21 2025 14:55:18,  885598 sec) logout()             No carrier detected.
(May 21 2025 14:55:18,  885598 sec) Telemetry()          Telemetry cycle complete: PrfId=18 ConnectionAttempts=1  Connections=1
(May 21 2025 14:55:18,  885598 sec) TelemetryTerminate() Parsing new mission configuration.
(May 21 2025 14:55:19,  885599 sec) configure()          Parsing configurators in "mission.cfg".
(May 21 2025 14:55:19,  885599 sec) configure()             TelemetryRetry(15)      [0x7BBC] [TelemetryRetry(15)].
(May 21 2025 14:55:19,  885599 sec) configure()             DownTime(14400) [CRC=0x9F62] [DownTime(14400)].
(May 21 2025 14:55:19,  885599 sec) configure()          Configuration CRCs and syntax OK.
(May 21 2025 14:55:20,  885600 sec) ConfigSupervisor()   Configuration accepted.
(May 21 2025 14:55:20,  885600 sec) TelemetryTerminate() Reconditioning the file system.
(May 21 2025 14:55:22,       0 sec) DescentInit()        Deep profile 19 initiated at mission-time 885602sec.
(May 21 2025 14:55:23,       1 sec) DescentInit()        Surface pressure: -0.5dbars.
(May 21 2025 14:55:23,       1 sec) DescentInit()        Charge consumption model: OCV:14.8V Wake-Cycles:22903 Standby:207.4days Wake:11.5kC Sleep:2.1kC
(May 21 2025 14:55:35,      13 sec) DescentInit()        Pneumatic humidity: 1033(6.2%) -> 1074(7.4%)
(May 21 2025 14:55:35,      13 sec) PistonMoveAbsWTO()    201->075 200 199 198 197 196 195 194 193 192 191 190 189 188 187 186 185 184 183 182 181 180 179 178 177 176 175 174 173 172 171 170 169 168 167 166 165 164 163 162 161 160 159 158 157 156 155 154 153 152 151 150 149 148 147 146 145 144 143 142 141 140 139 138 137 136 135 134 133 132 131 130 131 130 129 128 127 126 125 124 123 122 121 120 119 118 117 116 115 114 113 112 111 110 109 108 107 106 105 104 103 102 101 100 099 098 097 096 095 094 093 092 091 090 089 088 087 086 085 084 083 082 081 080 079 078 077 076 075 [649sec, 14.7Volts, 0.140Amps, CPT:649sec]
(May 21 2025 15:06:27,     665 sec) DescentInit()        Air solenoid open: Barometer [193cnt,  11.3psi]  Pneumometer [100cnt,  11.7psi]
(May 21 2025 15:06:37,     675 sec) Descent()            Pressure: 26.7
(May 21 2025 15:55:22,    3600 sec) Descent()            Pressure: 412.7
(May 21 2025 16:55:22,    7200 sec) Descent()            Pressure: 761.8
(May 21 2025 17:55:22,   10800 sec) Descent()            Pressure: 955.3
(May 21 2025 18:55:22,   14400 sec) Descent()            Pressure: 991.0
(May 21 2025 18:55:22,   14400 sec) ParkInit()           Charge consumption model: OCV:15.4V Wake-Cycles:22908 Standby:207.5days Wake:11.7kC Sensors:2.1kC
(May 31 2025 10:55:44,  849622 sec) CtdPower()           [  995.96,  4.1799, 34.2854]
(May 31 2025 10:55:44,  849622 sec) CtdPower()           CTD Power consumption [213VCnt 3ACnt]: 14.963Volts * 0.013Amps = 0.20Watts.
(May 31 2025 10:55:54,  849632 sec) ParkTerminate()      Piston Position:75 Vacuum:190 HumidityAd12:1046(6.6%) Vq:216 Aq:2 Vsbe:213 Asbe:3
(May 31 2025 10:56:16,  849654 sec) ParkTerminate()      PTS: 996.0dbars 4.1787C 34.2862PSU
(May 31 2025 10:56:16,  849654 sec) GoDeepInit()         Charge consumption model: OCV:15.2V Wake-Cycles:23140 Standby:217.2days Wake:11.7kC Sensors:2.1kC
(May 31 2025 10:56:16,  849654 sec) GoDeepInit()         Moving piston.
(May 31 2025 10:56:16,  849654 sec) PistonMoveAbsWTO()    075->016 074 073 072 071 070 069 068 067 066 065 064 063 062 061 060 059 058 057 056 055 054 053 052 051 050 049 048 047 046 045 044 043 042 041 040 039 038 037 036 035 034 033 032 031 030 029 028 027 026 025 024 023 022 021 020 019 018 017 016 [295sec, 14.9Volts, 0.059Amps, CPT:944sec]
(May 31 2025 14:55:22,  864000 sec) ProfileInit()        Charge consumption model: OCV:15.3V Wake-Cycles:23187 Standby:217.4days Wake:11.8kC Sensors:2.1kC
(May 31 2025 14:55:22,  864000 sec) ProfileInit()        PrfId:019  Pressure:2006.7dbar  pTable[0]:2000dbar
(May 31 2025 14:55:24,  864002 sec) PistonMoveAbsWTO()    016->038 017 018 019 020 021 [30sec, 14.3Volts, 0.636Amps, CPT:974sec]
(May 31 2025 14:56:05,  864043 sec) PistonMoveAbsWTO()    021->038 022 023 024 025 026 [30sec, 14.1Volts, 0.621Amps, CPT:1004sec]
(May 31 2025 14:56:46,  864084 sec) PistonMoveAbsWTO()    026->038 027 028 029 030 031 [30sec, 14.0Volts, 0.619Amps, CPT:1034sec]
(May 31 2025 14:57:49,  864147 sec) Profile()            Sample 0 initiated at 2000.4dbars for bin 0 [2000dbars].  PTS: 1998.1dbars 2.3307C 34.6451PSU
(May 31 2025 14:57:49,  864147 sec) PistonMoveAbsWTO()    031->038 032 033 034 035 036 [30sec, 14.1Volts, 0.615Amps, CPT:1064sec]
(May 31 2025 14:58:30,  864188 sec) PistonMoveAbsWTO()    036->038 037 038 [8sec, 14.1Volts, 0.622Amps, CPT:1072sec]
(May 31 2025 15:02:29,  864427 sec) PistonMoveAbsWTO()    037->038 038 [1sec, 14.4Volts, 0.646Amps, CPT:1073sec]
(May 31 2025 15:04:31,  864549 sec) Profile()            Sample 1 initiated at 1950.9dbars for bin 1 [1950dbars].  PTS: 1948.3dbars 2.3724C 34.6351PSU
(May 31 2025 15:11:40,  864978 sec) Profile()            Sample 2 initiated at 1900.9dbars for bin 2 [1900dbars].  PTS: 1898.4dbars 2.4073C 34.6245PSU
(May 31 2025 15:19:44,  865462 sec) Profile()            Sample 3 initiated at 1850.0dbars for bin 3 [1850dbars].  PTS: 1847.9dbars 2.4531C 34.6112PSU
(May 31 2025 15:28:43,  866001 sec) Profile()            Sample 4 initiated at 1800.1dbars for bin 4 [1800dbars].  PTS: 1798.2dbars 2.4913C 34.5988PSU
(May 31 2025 15:38:26,  866584 sec) Profile()            Sample 5 initiated at 1750.7dbars for bin 5 [1750dbars].  PTS: 1749.0dbars 2.5371C 34.5837PSU
(May 31 2025 15:41:11,  866749 sec) AscentControlAgent() Bouyancy nudge to 48 (v=0.080dbar/sec).
(May 31 2025 15:41:12,  866750 sec) PistonMoveAbsWTO()    038->048 039 040 041 042 043 [30sec, 14.5Volts, 0.544Amps, CPT:1103sec]
(May 31 2025 15:41:53,  866791 sec) PistonMoveAbsWTO()    043->048 044 045 046 047 048 [26sec, 14.3Volts, 0.554Amps, CPT:1129sec]
(May 31 2025 15:46:44,  867082 sec) Profile()            Sample 6 initiated at 1700.7dbars for bin 6 [1700dbars].  PTS: 1698.2dbars 2.5859C 34.5678PSU
(May 31 2025 15:54:15,  867533 sec) Profile()            Sample 7 initiated at 1650.2dbars for bin 7 [1650dbars].  PTS: 1648.0dbars 2.6377C 34.5503PSU
(May 31 2025 16:03:03,  868061 sec) Profile()            Sample 8 initiated at 1600.7dbars for bin 8 [1600dbars].  PTS: 1599.0dbars 2.6959C 34.5339PSU
(May 31 2025 16:06:43,  868281 sec) AscentControlAgent() Bouyancy nudge to 58 (v=0.080dbar/sec).
(May 31 2025 16:06:44,  868282 sec) PistonMoveAbsWTO()    048->058 049 050 051 052 053 [30sec, 14.5Volts, 0.524Amps, CPT:1159sec]
(May 31 2025 16:07:25,  868323 sec) PistonMoveAbsWTO()    053->058 054 055 056 057 058 [26sec, 14.3Volts, 0.526Amps, CPT:1185sec]
(May 31 2025 16:12:05,  868603 sec) Profile()            Sample 9 initiated at 1549.9dbars for bin 9 [1550dbars].  PTS: 1547.7dbars 2.7665C 34.5166PSU
(May 31 2025 16:20:10,  869088 sec) Profile()            Sample 10 initiated at 1500.6dbars for bin 10 [1500dbars].  PTS: 1498.5dbars 2.8178C 34.4922PSU
(May 31 2025 16:29:20,  869638 sec) Profile()            Sample 11 initiated at 1450.3dbars for bin 11 [1450dbars].  PTS: 1448.5dbars 2.8828C 34.4776PSU
(May 31 2025 16:37:46,  870144 sec) AscentControlAgent() Bouyancy nudge to 68 (v=0.075dbar/sec).
(May 31 2025 16:37:47,  870145 sec) PistonMoveAbsWTO()    058->068 059 060 061 062 063 [30sec, 14.6Volts, 0.487Amps, CPT:1215sec]
(May 31 2025 16:38:28,  870186 sec) PistonMoveAbsWTO()    063->068 064 065 066 067 068 [25sec, 14.4Volts, 0.478Amps, CPT:1240sec]
(May 31 2025 16:39:37,  870255 sec) Profile()            Sample 12 initiated at 1401.0dbars for bin 12 [1400dbars].  PTS: 1398.6dbars 2.9741C 34.4505PSU
(May 31 2025 16:47:19,  870717 sec) Profile()            Sample 13 initiated at 1350.5dbars for bin 13 [1350dbars].  PTS: 1348.3dbars 3.0663C 34.4277PSU
(May 31 2025 16:55:45,  871223 sec) Profile()            Sample 14 initiated at 1300.9dbars for bin 14 [1300dbars].  PTS: 1299.0dbars 3.1748C 34.4042PSU
(May 31 2025 17:05:39,  871817 sec) Profile()            Sample 15 initiated at 1250.4dbars for bin 15 [1250dbars].  PTS: 1248.8dbars 3.3030C 34.3803PSU
(May 31 2025 17:08:35,  871993 sec) AscentControlAgent() Bouyancy nudge to 78 (v=0.075dbar/sec).
(May 31 2025 17:08:36,  871994 sec) PistonMoveAbsWTO()    068->078 069 070 071 072 073 [30sec, 14.6Volts, 0.445Amps, CPT:1270sec]
(May 31 2025 17:09:17,  872035 sec) PistonMoveAbsWTO()    073->078 074 075 076 077 078 [25sec, 14.5Volts, 0.442Amps, CPT:1295sec]
(May 31 2025 17:14:39,  872357 sec) Profile()            Sample 16 initiated at 1200.2dbars for bin 16 [1200dbars].  PTS: 1197.9dbars 3.4629C 34.3547PSU
(May 31 2025 17:22:54,  872852 sec) Profile()            Sample 17 initiated at 1150.2dbars for bin 17 [1150dbars].  PTS: 1148.1dbars 3.6261C 34.3306PSU
(May 31 2025 17:32:26,  873424 sec) Profile()            Sample 18 initiated at 1100.4dbars for bin 18 [1100dbars].  PTS: 1098.8dbars 3.8001C 34.3148PSU
(May 31 2025 17:34:16,  873534 sec) AscentControlAgent() Bouyancy nudge to 88 (v=0.078dbar/sec).
(May 31 2025 17:34:17,  873535 sec) PistonMoveAbsWTO()    078->088 079 080 081 082 083 [30sec, 14.6Volts, 0.412Amps, CPT:1325sec]
(May 31 2025 17:34:58,  873576 sec) PistonMoveAbsWTO()    083->088 084 085 086 087 088 [24sec, 14.5Volts, 0.410Amps, CPT:1349sec]
(May 31 2025 17:41:04,  873942 sec) Profile()            Sample 19 initiated at 1050.4dbars for bin 19 [1050dbars].  PTS: 1048.2dbars 3.9871C 34.2971PSU
(May 31 2025 17:49:30,  874448 sec) Profile()            Sample 20 initiated at 1000.5dbars for bin 20 [1000dbars].  PTS: 998.5dbars 4.2514C 34.2800PSU
(May 31 2025 17:53:23,  874681 sec) Sbe41cpStartCP()     Continuous profile started.
(May 31 2025 18:08:26,  875584 sec) AscentControlAgent() Bouyancy nudge to 98 (v=0.073dbar/sec).
(May 31 2025 18:08:26,  875584 sec) PistonMoveAbsWTO()    088->098 089 090 091 092 093 [30sec, 14.5Volts, 0.371Amps, CPT:1379sec]
(May 31 2025 18:09:06,  875624 sec) PistonMoveAbsWTO()    093->098 094 095 096 097 098 [25sec, 14.5Volts, 0.362Amps, CPT:1404sec]
(May 31 2025 18:19:33,  876251 sec) PistonMoveAbsWTO()    098->098 [0sec, 0.0Volts, 0.000Amps, CPT:1404sec]
(May 31 2025 18:29:36,  876854 sec) AscentControlAgent() Bouyancy nudge to 108 (v=0.079dbar/sec).
(May 31 2025 18:29:36,  876854 sec) PistonMoveAbsWTO()    098->108 099 100 101 102 103 [30sec, 14.6Volts, 0.346Amps, CPT:1434sec]
(May 31 2025 18:30:16,  876894 sec) PistonMoveAbsWTO()    103->108 104 105 106 107 108 [25sec, 14.5Volts, 0.339Amps, CPT:1459sec]
(May 31 2025 19:10:49,  879327 sec) AscentControlAgent() Bouyancy nudge to 118 (v=0.080dbar/sec).
(May 31 2025 19:10:49,  879327 sec) PistonMoveAbsWTO()    108->118 109 110 111 112 113 [30sec, 14.6Volts, 0.289Amps, CPT:1489sec]
(May 31 2025 19:11:29,  879367 sec) PistonMoveAbsWTO()    113->118 114 115 116 117 118 [24sec, 14.6Volts, 0.288Amps, CPT:1513sec]
(May 31 2025 19:42:00,  881198 sec) AscentControlAgent() Bouyancy nudge to 128 (v=0.080dbar/sec).
(May 31 2025 19:42:00,  881198 sec) PistonMoveAbsWTO()    118->128 119 120 121 122 123 [30sec, 14.7Volts, 0.245Amps, CPT:1543sec]
(May 31 2025 19:42:40,  881238 sec) PistonMoveAbsWTO()    123->128 124 125 126 127 128 [23sec, 14.6Volts, 0.241Amps, CPT:1566sec]
(May 31 2025 20:13:09,  883067 sec) AscentControlAgent() Bouyancy nudge to 138 (v=0.079dbar/sec).
(May 31 2025 20:13:09,  883067 sec) PistonMoveAbsWTO()    128->138 129 130 131 132 133 [30sec, 14.7Volts, 0.207Amps, CPT:1596sec]
(May 31 2025 20:13:49,  883107 sec) PistonMoveAbsWTO()    133->138 134 135 136 137 138 [22sec, 14.7Volts, 0.205Amps, CPT:1618sec]
(May 31 2025 20:29:15,  884033 sec) AscentControlAgent() Bouyancy nudge to 148 (v=0.073dbar/sec).
(May 31 2025 20:29:15,  884033 sec) PistonMoveAbsWTO()    138->148 139 140 141 142 143 [30sec, 14.8Volts, 0.182Amps, CPT:1648sec]
(May 31 2025 20:29:55,  884073 sec) PistonMoveAbsWTO()    143->148 144 145 146 147 148 [22sec, 14.7Volts, 0.188Amps, CPT:1670sec]
(May 31 2025 20:45:12,  884990 sec) SurfaceDetect()      SurfacePressure:-0.5dbars Pressure:3.3dbars PistonPosition:148
(May 31 2025 20:45:12,  884990 sec) Sbe41cpStopCP()      Continuous profile stopped.
(May 31 2025 20:45:16,  884994 sec) PistonMoveAbsWTO()    148->170 149 150 151 152 153 154 155 156 157 158 159 160 161 162 163 164 165 166 167 168 169 170 [112sec, 14.7Volts, 0.160Amps, CPT:1782sec]
(May 31 2025 20:47:13,  885111 sec) chat()               Expected string [S>] not received.
(May 31 2025 20:48:51,  885209 sec) Sbe41cpBinAverage()  Finished averaging 10332 samples in 93 seconds.
(May 31 2025 20:48:56,  885214 sec) Sbe41cpUploadCP_()   Sbe41cpSerNo[18560] NSample[10332] NBin[493]
(May 31 2025 20:49:27,  885245 sec) Sbe41cpUploadCP_()   Continuous profile uploaded [493 lines].

<EOT>
