(Sep 21 2025 16:19:31,  883792 sec) TelemetryInit()      Profile 30. (Apf11 FwRev: 121123)
(Sep 21 2025 16:19:31,  883792 sec) TelemetryInit()      Charge consumption model: OCV:15.1V Wake-Cycles:38022 Standby:329.7days Wake:18.3kC Sensors:3.7kC
(Sep 21 2025 16:24:48,  884109 sec) AirSystem()          Battery [213cnt, 15.0V]  Current [21cnt, 80.8mA]  Pneumometer [198cnt, 23.3psi]  Run-Time [9s]
(Sep 21 2025 16:25:19,  884140 sec) GpsServices()        GPS almanac is current.
(Sep 21 2025 16:25:19,  884140 sec) GpsServices()        Initiating GPS fix acquisition.
(Sep 21 2025 16:25:29,  884150 sec) gga()                $GPGGA,162540,4524.4022,S,10218.7930,W,0,00,,,M,,M,,*52
(Sep 21 2025 16:25:39,  884160 sec) gga()                $GPGGA,162550,4524.4022,S,10218.7930,W,0,00,,,M,,M,,*53
(Sep 21 2025 16:25:49,  884170 sec) gga()                $GPGGA,162600,4524.4022,S,10218.7930,W,0,00,,,M,,M,,*55
(Sep 21 2025 16:25:59,  884180 sec) gga()                $GPGGA,162610,4524.4022,S,10218.7930,W,0,00,,,M,,M,,*54
(Sep 21 2025 16:26:09,  884190 sec) gga()                $GPGGA,162620,4524.4022,S,10218.7930,W,0,00,,,M,,M,,*57
(Sep 21 2025 16:26:19,  884200 sec) gga()                $GPGGA,162630,4524.4022,S,10218.7930,W,0,00,,,M,,M,,*56
(Sep 21 2025 16:26:35,  884216 sec) gga()                $GPGGA,162650,4524.4022,S,10218.7930,W,0,00,,,M,,M,,*50
(Sep 21 2025 16:26:45,  884226 sec) gga()                $GPGGA,162700,4524.4022,S,10218.7930,W,0,00,,,M,,M,,*54
(Sep 21 2025 16:26:55,  884236 sec) gga()                $GPGGA,162710,4524.4022,S,10218.7930,W,0,00,,,M,,M,,*55
(Sep 21 2025 16:27:05,  884246 sec) gga()                $GPGGA,162720,4524.4022,S,10218.7930,W,0,00,,,M,,M,,*56
(Sep 21 2025 16:27:15,  884256 sec) gga()                $GPGGA,162730,4524.4022,S,10218.7930,W,0,00,,,M,,M,,*57
(Sep 21 2025 16:27:35,  884276 sec) gga()                $GPGGA,162750,4524.4022,S,10218.7930,W,0,00,,,M,,M,,*51
(Sep 21 2025 16:27:45,  884286 sec) gga()                $GPGGA,162800,4524.4022,S,10218.7930,W,0,00,,,M,,M,,*5B
(Sep 21 2025 16:27:55,  884296 sec) gga()                $GPGGA,162810,4524.4022,S,10218.7930,W,0,00,,,M,,M,,*5A
(Sep 21 2025 16:28:05,  884306 sec) gga()                $GPGGA,162820,4524.4022,S,10218.7930,W,0,00,,,M,,M,,*59
(Sep 21 2025 16:28:15,  884316 sec) gga()                $GPGGA,162830,4524.4022,S,10218.7930,W,0,00,,,M,,M,,*58
(Sep 21 2025 16:28:25,  884326 sec) gga()                $GPGGA,162840,4524.4022,S,10218.7930,W,0,00,,,M,,M,,*5F
(Sep 21 2025 16:28:35,  884336 sec) gga()                $GPGGA,162850,4524.4022,S,10218.7930,W,0,00,,,M,,M,,*5E
(Sep 21 2025 16:28:45,  884346 sec) gga()                $GPGGA,162900,4524.4022,S,10218.7930,W,0,00,,,M,,M,,*5A
(Sep 21 2025 16:28:55,  884356 sec) gga()                $GPGGA,162910,4524.4022,S,10218.7930,W,0,00,,,M,,M,,*5B
(Sep 21 2025 16:29:05,  884366 sec) gga()                $GPGGA,162920,4524.4022,S,10218.7930,W,0,00,,,M,,M,,*58
(Sep 21 2025 16:29:15,  884376 sec) gga()                $GPGGA,162930,4524.4022,S,10218.7930,W,0,00,,,M,,M,,*59
(Sep 21 2025 16:29:25,  884386 sec) gga()                $GPGGA,162940,4524.4022,S,10218.7930,W,0,00,,,M,,M,,*5E
(Sep 21 2025 16:29:45,  884406 sec) gga()                $GPGGA,163000,4524.4022,S,10218.7930,W,0,00,,,M,,M,,*52
(Sep 21 2025 16:29:46,  884407 sec) gga()                $GPGGA,163000,4524.4022,S,10218.7930,W,0,00,,,M,,M,,*52
(Sep 21 2025 16:29:55,  884416 sec) gga()                $GPGGA,163010,4524.4022,S,10218.7930,W,0,00,,,M,,M,,*53
(Sep 21 2025 16:30:05,  884426 sec) gga()                $GPGGA,163020,4524.4022,S,10218.7930,W,0,00,,,M,,M,,*50
(Sep 21 2025 16:30:15,  884436 sec) gga()                $GPGGA,163030,4524.4022,S,10218.7930,W,0,00,,,M,,M,,*51
(Sep 21 2025 16:30:19,  884440 sec) GpsServices()        GPS fix not acquired after 300s; power-cycling the GPS.
(Sep 21 2025 16:30:25,  884446 sec) gga()                $GPGGA,163040,4524.4022,S,10218.7930,W,0,00,,,M,,M,,*56
(Sep 21 2025 16:30:35,  884456 sec) gga()                $GPGGA,163050,4524.4022,S,10218.7930,W,0,00,,,M,,M,,*57
(Sep 21 2025 16:30:45,  884466 sec) gga()                $GPGGA,163100,4524.4022,S,10218.7930,W,0,00,,,M,,M,,*53
(Sep 21 2025 16:30:55,  884476 sec) gga()                $GPGGA,163110,4524.4022,S,10218.7930,W,0,00,,,M,,M,,*52
(Sep 21 2025 16:31:05,  884486 sec) gga()                $GPGGA,163120,4524.4022,S,10218.7930,W,0,00,,,M,,M,,*51
(Sep 21 2025 16:31:15,  884496 sec) gga()                $GPGGA,163130,4524.4022,S,10218.7930,W,0,00,,,M,,M,,*50
(Sep 21 2025 16:31:25,  884506 sec) gga()                $GPGGA,163140,4524.4022,S,10218.7930,W,0,00,,,M,,M,,*57
(Sep 21 2025 16:31:35,  884516 sec) gga()                $GPGGA,163150,4524.4022,S,10218.7930,W,0,00,,,M,,M,,*56
(Sep 21 2025 16:31:45,  884526 sec) gga()                $GPGGA,163200,4524.4022,S,10218.7930,W,0,00,,,M,,M,,*50
(Sep 21 2025 16:31:55,  884536 sec) gga()                $GPGGA,163210,4524.4022,S,10218.7930,W,0,00,,,M,,M,,*51
(Sep 21 2025 16:32:05,  884546 sec) gga()                $GPGGA,163220,4524.4022,S,10218.7930,W,0,00,,,M,,M,,*52
(Sep 21 2025 16:32:15,  884556 sec) gga()                $GPGGA,163230,4524.4022,S,10218.7930,W,0,00,,,M,,M,,*53
(Sep 21 2025 16:32:35,  884576 sec) gga()                $GPGGA,163250,4524.4022,S,10218.7930,W,0,00,,,M,,M,,*55
(Sep 21 2025 16:32:45,  884586 sec) gga()                $GPGGA,163300,4524.4022,S,10218.7930,W,0,00,,,M,,M,,*51
(Sep 21 2025 16:32:55,  884596 sec) gga()                $GPGGA,163310,4524.4022,S,10218.7930,W,0,00,,,M,,M,,*50
(Sep 21 2025 16:33:05,  884606 sec) gga()                $GPGGA,163320,4524.4022,S,10218.7930,W,0,00,,,M,,M,,*53
(Sep 21 2025 16:33:15,  884616 sec) gga()                $GPGGA,163330,4524.4022,S,10218.7930,W,0,00,,,M,,M,,*52
(Sep 21 2025 16:33:25,  884626 sec) gga()                $GPGGA,163340,4524.4022,S,10218.7930,W,0,00,,,M,,M,,*55
(Sep 21 2025 16:33:35,  884636 sec) gga()                $GPGGA,163350,4524.4022,S,10218.7930,W,0,00,,,M,,M,,*54
(Sep 21 2025 16:33:45,  884646 sec) gga()                $GPGGA,163400,4524.4022,S,10218.7930,W,0,00,,,M,,M,,*56
(Sep 21 2025 16:33:46,  884647 sec) gga()                $GPGGA,163400,4524.4022,S,10218.7930,W,0,00,,,M,,M,,*56
(Sep 21 2025 16:33:55,  884656 sec) gga()                $GPGGA,163410,4524.4022,S,10218.7930,W,0,00,,,M,,M,,*57
(Sep 21 2025 16:34:05,  884666 sec) gga()                $GPGGA,163420,4524.4022,S,10218.7930,W,0,00,,,M,,M,,*54
(Sep 21 2025 16:34:15,  884676 sec) gga()                $GPGGA,163430,4524.4022,S,10218.7930,W,0,00,,,M,,M,,*55
(Sep 21 2025 16:34:16,  884677 sec) gga()                $GPGGA,163430,4524.4022,S,10218.7930,W,0,00,,,M,,M,,*55
(Sep 21 2025 16:34:25,  884686 sec) gga()                $GPGGA,163440,4524.4022,S,10218.7930,W,0,00,,,M,,M,,*52
(Sep 21 2025 16:34:45,  884706 sec) gga()                $GPGGA,163500,4524.4022,S,10218.7930,W,0,00,,,M,,M,,*57
(Sep 21 2025 16:34:55,  884716 sec) gga()                $GPGGA,163510,4524.4022,S,10218.7930,W,0,00,,,M,,M,,*56
(Sep 21 2025 16:35:05,  884726 sec) gga()                $GPGGA,163520,4524.4022,S,10218.7930,W,0,00,,,M,,M,,*55
(Sep 21 2025 16:35:15,  884736 sec) gga()                $GPGGA,163530,4524.4022,S,10218.7930,W,0,00,,,M,,M,,*54
(Sep 21 2025 16:35:16,  884737 sec) gga()                $GPGGA,163530,4524.4022,S,10218.7930,W,0,00,,,M,,M,,*54
(Sep 21 2025 16:35:22,  884743 sec) GpsServices()        GPS fix-acquisition failed after 300s.  Apf11 RTC skew check by-passed.
(Sep 21 2025 16:35:25,  884746 sec) LogNmeaSentences()   $GPRMC,163540,V,4524.4022,S,10218.7930,W,,,210925,025.3,E*66
(Sep 21 2025 16:35:25,  884746 sec) LogNmeaSentences()   $GPGGA,163540,4524.4022,S,10218.7930,W,0,00,,,M,,M,,*53
(Sep 21 2025 16:35:25,  884746 sec) LogNmeaSentences()   $GPGSA,A,1,,,,,,,,,,,,,,,*1E
(Sep 21 2025 16:35:25,  884746 sec) LogNmeaSentences()   $GPGSV,3,1,12,04,19,236,27,05,05,118,30,16,24,254,30,18,00,000,39*7F
(Sep 21 2025 16:35:25,  884746 sec) LogNmeaSentences()   $GPGSV,3,2,12,25,18,079,34,26,62,239,38,28,51,001,37,29,00,000,40*7B
(Sep 21 2025 16:35:25,  884746 sec) LogNmeaSentences()   $GPGSV,3,3,12,31,70,296,38,09,02,203,00,21,01,148,00,27,11,304,00*7E
(Sep 21 2025 16:35:35,  884756 sec) LogNmeaSentences()   $GPRMC,163550,V,4524.4022,S,10218.7930,W,,,210925,025.3,E*67
(Sep 21 2025 16:35:35,  884756 sec) LogNmeaSentences()   $GPGGA,163550,4524.4022,S,10218.7930,W,0,00,,,M,,M,,*52
(Sep 21 2025 16:35:35,  884756 sec) LogNmeaSentences()   $GPGSA,A,1,,,,,,,,,,,,,,,*1E
(Sep 21 2025 16:35:35,  884756 sec) LogNmeaSentences()   $GPGSV,3,1,12,04,19,236,19,18,00,000,20,25,18,079,19,28,51,001,20*75
(Sep 21 2025 16:35:35,  884756 sec) LogNmeaSentences()   $GPGSV,3,2,12,29,00,000,20,31,70,296,21,05,05,118,00,09,02,203,00*7B
(Sep 21 2025 16:35:35,  884756 sec) LogNmeaSentences()   $GPGSV,3,3,12,16,24,254,00,21,01,148,00,26,62,239,00,27,11,304,00*7D
(Sep 21 2025 16:35:45,  884766 sec) LogNmeaSentences()   $GPRMC,163600,V,4524.4022,S,10218.7930,W,,,210925,025.3,E*61
(Sep 21 2025 16:35:45,  884766 sec) LogNmeaSentences()   $GPGGA,163600,4524.4022,S,10218.7930,W,0,00,,,M,,M,,*54
(Sep 21 2025 16:35:45,  884766 sec) LogNmeaSentences()   $GPGSA,A,1,,,,,,,,,,,,,,,*1E
(Sep 21 2025 16:35:45,  884766 sec) LogNmeaSentences()   $GPGSV,3,1,12,04,19,236,23,05,05,118,21,16,24,254,24,18,00,000,24*72
(Sep 21 2025 16:35:45,  884766 sec) LogNmeaSentences()   $GPGSV,3,2,12,25,18,079,22,26,62,239,25,27,11,304,22,28,51,001,24*7F
(Sep 21 2025 16:35:45,  884766 sec) LogNmeaSentences()   $GPGSV,3,3,12,29,00,000,25,31,70,296,25,09,02,203,00,21,01,148,00*7C
(Sep 21 2025 16:35:45,  884766 sec) LogNmeaSentences()   $PGRMT,GPS 15x-L software ver. 4.50,,,,,,,,*76
(Sep 21 2025 16:35:55,  884776 sec) LogNmeaSentences()   $GPRMC,163610,V,4524.4022,S,10218.7930,W,,,210925,025.3,E*60
(Sep 21 2025 16:35:55,  884776 sec) GpsServices()        GPS services complete.
(Sep 21 2025 16:36:29,  884810 sec) IrGeoLoc()           <x,y,z>=<-960km,-4380km,-4520km> lat=-45.421 lon=-102.362 IrSysTime=0xecf0f53b
(Sep 21 2025 16:36:33,  884814 sec) CLogin()             Connecting to primary host.
(Sep 21 2025 16:37:13,  884854 sec) CLogin()             Connection 1 established in 40 seconds.
(Sep 21 2025 16:37:43,  884884 sec) expect()             Attempt to read prompt string [login:] failed.
(Sep 21 2025 16:37:43,  884884 sec) login()              Login prompt not received.
(Sep 21 2025 16:37:46,  884887 sec) login()              No carrier detected.
(Sep 21 2025 16:38:49,  884950 sec) chat()               Expected string [CONNECT] not received.
(Sep 21 2025 16:38:49,  884950 sec) modem_connect()      Modem command [AT+CBST=71,0,1;DT00881600005496] failed.
(Sep 21 2025 16:38:49,  884950 sec) connect()            Connection attempt failed.
(Sep 21 2025 16:38:49,  884950 sec) CLogin()             Attempt to connect to primary host failed after 2 tries.  Connecting to alternate host.
(Sep 21 2025 16:39:25,  884986 sec) CLogin()             Connection 2 established in 172 seconds.
(Sep 21 2025 16:40:10,  885031 sec) expect()             Attempt to read prompt string [Last login:] failed.
(Sep 21 2025 16:40:10,  885031 sec) login()              Login failed.
(Sep 21 2025 16:40:45,  885066 sec) expect()             Attempt to read prompt string [Last login:] failed.
(Sep 21 2025 16:40:45,  885066 sec) login()              Login failed.
(Sep 21 2025 16:41:47,  885128 sec) chat()               Expected string [CONNECT] not received.
(Sep 21 2025 16:41:47,  885128 sec) modem_connect()      Modem command [ATDT0012066163256] failed.
(Sep 21 2025 16:41:47,  885128 sec) connect()            Connection attempt failed.
(Sep 21 2025 16:41:47,  885128 sec) CLogin()             Attempt to connect to primary and alternate hosts failed - aborting.
(Sep 21 2025 16:41:47,  885128 sec) DownLoadMissionCfg() Connect/login failed.  Mission configuration not downloaded from remote host.
(Sep 21 2025 16:41:55,  885136 sec) CLogin()             Connecting to primary host.
(Sep 21 2025 16:42:19,  885160 sec) CLogin()             Connection 3 established in 24 seconds.
(Sep 21 2025 16:42:49,  885190 sec) expect()             Attempt to read prompt string [login:] failed.
(Sep 21 2025 16:42:49,  885190 sec) login()              Login prompt not received.
(Sep 21 2025 16:43:15,  885216 sec) login()              Login successful.
(Sep 21 2025 16:43:20,  885221 sec) chat()               Expected string [cmd>] not received.
(Sep 21 2025 16:43:20,  885221 sec) login()              Attempt to set the command prompt failed.
(Sep 21 2025 16:43:25,  885226 sec) chat()               Expected string [cmd>] not received.
(Sep 21 2025 16:43:25,  885226 sec) login()              Attempt to set the command prompt failed.
(Sep 21 2025 16:43:30,  885231 sec) chat()               Expected string [cmd>] not received.
(Sep 21 2025 16:43:30,  885231 sec) login()              Attempt to set the command prompt failed.
(Sep 21 2025 16:43:53,  885254 sec) CLogin()             Logged in to host.  [Login required 94 seconds]
(Sep 21 2025 16:44:04,  885265 sec) RxConfig()           Downloading "mission.cfg" from host.
(Sep 21 2025 16:44:42,  885303 sec) RxConfig()           Download successful: [bytes:49, sec:36.1, bps:1]
(Sep 21 2025 16:44:46,  885307 sec) WriteVitals_()       Writing vitals to "23031.030.msg".
(Sep 21 2025 16:44:56,  885317 sec) UpLoadFile()         Uploading "23031.030.log" to host.
(Sep 21 2025 16:46:25,  885406 sec) sendline()           No carrier, aborting ZMODEM transfer.
(Sep 21 2025 16:46:26,  885407 sec) UpLoadFile()         Upload failed.
(Sep 21 2025 16:46:30,  885411 sec) CLogin()             Connecting to primary host.
(Sep 21 2025 16:47:33,  885474 sec) chat()               Expected string [CONNECT] not received.
(Sep 21 2025 16:47:33,  885474 sec) modem_connect()      Modem command [AT+CBST=71,0,1;DT00881600005496] failed.
(Sep 21 2025 16:47:33,  885474 sec) connect()            Connection attempt failed.
(Sep 21 2025 16:47:57,  885498 sec) CLogin()             Connection 4 established in 87 seconds.
(Sep 21 2025 16:48:33,  885534 sec) expect()             Attempt to read prompt string [Last login:] failed.
(Sep 21 2025 16:48:33,  885534 sec) login()              Login failed.
(Sep 21 2025 16:48:58,  885559 sec) login()              Login successful.
(Sep 21 2025 16:49:03,  885564 sec) chat()               Expected string [cmd>] not received.
(Sep 21 2025 16:49:03,  885564 sec) login()              Attempt to set the command prompt failed.
(Sep 21 2025 16:49:08,  885569 sec) chat()               Expected string [cmd>] not received.
(Sep 21 2025 16:49:08,  885569 sec) login()              Attempt to set the command prompt failed.
(Sep 21 2025 16:49:21,  885582 sec) CLogin()             Logged in to host.  [Login required 84 seconds]
(Sep 21 2025 16:49:23,  885584 sec) UpLoadFile()         Uploading "23031.030.log" to host.
(Sep 21 2025 16:50:49,  885670 sec) UpLoadFile()         Upload successful: [bytes:11011, sec:85.7, bps:129]
(Sep 21 2025 16:50:50,  885671 sec) fmove()              Moved: 23031.030.log -> archive/23031.030.log
(Sep 21 2025 16:51:00,  885681 sec) UpLoadFile()         Uploading "23031.030.msg" to host.
(Sep 21 2025 16:54:05,  885866 sec) UpLoadFile()         Upload successful: [bytes:26430, sec:185.2, bps:143]
(Sep 21 2025 16:54:06,  885867 sec) fmove()              Moved: 23031.030.msg -> archive/23031.030.msg
(Sep 21 2025 16:54:07,  885868 sec) UpLoad()             Files successfully uploaded: 2
(Sep 21 2025 16:54:07,  885868 sec) UpLoad()             Upload complete.
(Sep 21 2025 16:54:16,  885877 sec) chat()               Expected string [logout] not received.
(Sep 21 2025 16:54:16,  885877 sec) logout()             Attempt to log-out failed.
(Sep 21 2025 16:54:16,  885877 sec) logout()             No carrier detected.
(Sep 21 2025 16:54:16,  885877 sec) Telemetry()          Telemetry cycle complete: PrfId=30 ConnectionAttempts=7  Connections=4
(Sep 21 2025 16:54:16,  885877 sec) TelemetryTerminate() Parsing new mission configuration.
(Sep 21 2025 16:54:17,  885878 sec) configure()          Parsing configurators in "mission.cfg".
(Sep 21 2025 16:54:17,  885878 sec) configure()             TelemetryRetry(15)      [0x7BBC] [TelemetryRetry(15)].
(Sep 21 2025 16:54:17,  885878 sec) configure()             DownTime(14400) [CRC=0x9F62] [DownTime(14400)].
(Sep 21 2025 16:54:17,  885878 sec) configure()          Configuration CRCs and syntax OK.
(Sep 21 2025 16:54:18,  885879 sec) ConfigSupervisor()   Configuration accepted.
(Sep 21 2025 16:54:18,  885879 sec) TelemetryTerminate() Reconditioning the file system.
(Sep 21 2025 16:54:20,       0 sec) DescentInit()        Deep profile 31 initiated at mission-time 885881sec.
(Sep 21 2025 16:54:21,       1 sec) DescentInit()        Surface pressure: -0.3dbars.
(Sep 21 2025 16:54:21,       1 sec) DescentInit()        Charge consumption model: OCV:14.7V Wake-Cycles:38023 Standby:329.7days Wake:18.3kC Sleep:3.7kC
(Sep 21 2025 16:54:33,      13 sec) DescentInit()        Pneumatic humidity: 1025(6.0%) -> 1019(5.8%)
(Sep 21 2025 16:54:33,      13 sec) PistonMoveAbsWTO()    169->075 168 167 166 165 164 163 162 161 160 159 158 157 156 155 154 153 152 151 150 149 148 147 146 145 144 143 142 141 140 139 138 137 136 135 134 133 132 131 130 129 128 127 126 125 124 123 122 121 120 119 118 117 116 115 114 113 112 111 110 109 108 107 106 105 104 103 102 101 100 099 098 097 096 095 094 093 092 091 090 089 088 087 086 085 084 083 082 081 080 079 078 077 076 075 [486sec, 14.6Volts, 0.143Amps, CPT:486sec]
(Sep 21 2025 17:02:42,     502 sec) DescentInit()        Air solenoid open: Barometer [193cnt,  11.3psi]  Pneumometer [100cnt,  11.7psi]
(Sep 21 2025 17:02:52,     512 sec) Descent()            Pressure: 26.7
(Sep 21 2025 17:54:20,    3600 sec) Descent()            Pressure: 439.1
(Sep 21 2025 18:54:20,    7200 sec) Descent()            Pressure: 789.9
(Sep 21 2025 19:54:20,   10800 sec) Descent()            Pressure: 963.5
(Sep 21 2025 20:54:20,   14400 sec) Descent()            Pressure: 995.8
(Sep 21 2025 20:54:20,   14400 sec) ParkInit()           Charge consumption model: OCV:15.4V Wake-Cycles:38028 Standby:329.9days Wake:18.6kC Sensors:3.7kC
(Oct 01 2025 12:54:42,  849622 sec) CtdPower()           [ 1001.55,  4.1801, 34.2869]
(Oct 01 2025 12:54:42,  849622 sec) CtdPower()           CTD Power consumption [210VCnt 4ACnt]: 14.744Volts * 0.014Amps = 0.20Watts.
(Oct 01 2025 12:54:52,  849632 sec) ParkTerminate()      Piston Position:75 Vacuum:190 HumidityAd12:1063(7.1%) Vq:214 Aq:2 Vsbe:210 Asbe:4
(Oct 01 2025 12:55:14,  849654 sec) ParkTerminate()      PTS: 1001.5dbars 4.1803C 34.2874PSU
(Oct 01 2025 12:55:14,  849654 sec) GoDeepInit()         Charge consumption model: OCV:15.1V Wake-Cycles:38260 Standby:339.6days Wake:18.6kC Sensors:3.7kC
(Oct 01 2025 12:55:14,  849654 sec) GoDeepInit()         Moving piston.
(Oct 01 2025 12:55:14,  849654 sec) PistonMoveAbsWTO()    075->016 074 073 072 071 070 069 068 067 066 065 064 063 062 061 060 059 058 057 056 055 054 053 052 051 050 049 048 047 046 045 044 043 042 041 040 039 038 037 036 035 034 033 032 031 030 029 028 027 026 025 024 023 022 021 020 019 018 017 016 [295sec, 14.9Volts, 0.063Amps, CPT:781sec]
(Oct 01 2025 16:54:20,  864000 sec) ProfileInit()        Charge consumption model: OCV:15.1V Wake-Cycles:38307 Standby:339.7days Wake:18.6kC Sensors:3.7kC
(Oct 01 2025 16:54:20,  864000 sec) ProfileInit()        PrfId:031  Pressure:2009.6dbar  pTable[0]:2000dbar
(Oct 01 2025 16:54:22,  864002 sec) PistonMoveAbsWTO()    016->038 017 018 019 020 021 [30sec, 14.2Volts, 0.625Amps, CPT:811sec]
(Oct 01 2025 16:55:03,  864043 sec) PistonMoveAbsWTO()    021->038 022 023 024 025 026 [30sec, 14.1Volts, 0.629Amps, CPT:841sec]
(Oct 01 2025 16:55:44,  864084 sec) PistonMoveAbsWTO()    026->038 027 028 029 030 031 [30sec, 14.0Volts, 0.611Amps, CPT:871sec]
(Oct 01 2025 16:56:25,  864125 sec) PistonMoveAbsWTO()    031->038 032 033 034 035 036 [30sec, 13.9Volts, 0.602Amps, CPT:901sec]
(Oct 01 2025 16:57:28,  864188 sec) Profile()            Sample 0 initiated at 1998.3dbars for bin 0 [2000dbars].  PTS: 1995.6dbars 2.2933C 34.6411PSU
(Oct 01 2025 16:57:28,  864188 sec) PistonMoveAbsWTO()    036->038 037 038 [8sec, 14.1Volts, 0.620Amps, CPT:909sec]
(Oct 01 2025 17:03:39,  864559 sec) Profile()            Sample 1 initiated at 1950.9dbars for bin 1 [1950dbars].  PTS: 1948.2dbars 2.3365C 34.6329PSU
(Oct 01 2025 17:10:37,  864977 sec) Profile()            Sample 2 initiated at 1900.8dbars for bin 2 [1900dbars].  PTS: 1898.3dbars 2.3696C 34.6233PSU
(Oct 01 2025 17:18:30,  865450 sec) Profile()            Sample 3 initiated at 1850.0dbars for bin 3 [1850dbars].  PTS: 1847.9dbars 2.4201C 34.6114PSU
(Oct 01 2025 17:27:18,  865978 sec) Profile()            Sample 4 initiated at 1800.9dbars for bin 4 [1800dbars].  PTS: 1799.1dbars 2.4622C 34.5999PSU
(Oct 01 2025 17:35:00,  866440 sec) AscentControlAgent() Bouyancy nudge to 48 (v=0.077dbar/sec).
(Oct 01 2025 17:35:01,  866441 sec) PistonMoveAbsWTO()    038->048 039 040 041 042 043 [30sec, 14.4Volts, 0.567Amps, CPT:939sec]
(Oct 01 2025 17:35:42,  866482 sec) PistonMoveAbsWTO()    043->048 044 045 046 047 048 [27sec, 14.2Volts, 0.550Amps, CPT:966sec]
(Oct 01 2025 17:37:26,  866586 sec) Profile()            Sample 5 initiated at 1750.9dbars for bin 5 [1750dbars].  PTS: 1748.5dbars 2.5217C 34.5832PSU
(Oct 01 2025 17:45:08,  867048 sec) Profile()            Sample 6 initiated at 1701.0dbars for bin 6 [1700dbars].  PTS: 1698.8dbars 2.5810C 34.5688PSU
(Oct 01 2025 17:53:35,  867555 sec) Profile()            Sample 7 initiated at 1650.6dbars for bin 7 [1650dbars].  PTS: 1648.7dbars 2.6488C 34.5524PSU
(Oct 01 2025 18:02:56,  868116 sec) Profile()            Sample 8 initiated at 1600.8dbars for bin 8 [1600dbars].  PTS: 1599.1dbars 2.7051C 34.5399PSU
(Oct 01 2025 18:05:41,  868281 sec) AscentControlAgent() Bouyancy nudge to 58 (v=0.079dbar/sec).
(Oct 01 2025 18:05:42,  868282 sec) PistonMoveAbsWTO()    048->058 049 050 051 052 053 [30sec, 14.5Volts, 0.528Amps, CPT:996sec]
(Oct 01 2025 18:06:23,  868323 sec) PistonMoveAbsWTO()    053->058 054 055 056 057 058 [26sec, 14.3Volts, 0.515Amps, CPT:1022sec]
(Oct 01 2025 18:11:47,  868647 sec) Profile()            Sample 9 initiated at 1550.3dbars for bin 9 [1550dbars].  PTS: 1548.1dbars 2.7886C 34.5175PSU
(Oct 01 2025 18:20:02,  869142 sec) Profile()            Sample 10 initiated at 1500.0dbars for bin 10 [1500dbars].  PTS: 1498.0dbars 2.8587C 34.4967PSU
(Oct 01 2025 18:29:01,  869681 sec) Profile()            Sample 11 initiated at 1450.4dbars for bin 11 [1450dbars].  PTS: 1448.6dbars 2.9310C 34.4758PSU
(Oct 01 2025 18:39:17,  870297 sec) Profile()            Sample 12 initiated at 1400.5dbars for bin 12 [1400dbars].  PTS: 1398.9dbars 3.0070C 34.4551PSU
(Oct 01 2025 18:41:29,  870429 sec) AscentControlAgent() Bouyancy nudge to 68 (v=0.074dbar/sec).
(Oct 01 2025 18:41:30,  870430 sec) PistonMoveAbsWTO()    058->068 059 060 061 062 063 [30sec, 14.5Volts, 0.477Amps, CPT:1052sec]
(Oct 01 2025 18:42:11,  870471 sec) PistonMoveAbsWTO()    063->068 064 065 066 067 068 [25sec, 14.4Volts, 0.477Amps, CPT:1077sec]
(Oct 01 2025 18:48:06,  870826 sec) Profile()            Sample 13 initiated at 1351.0dbars for bin 13 [1350dbars].  PTS: 1348.8dbars 3.0947C 34.4360PSU
(Oct 01 2025 18:55:26,  871266 sec) PistonMoveAbsWTO()    068->068 [0sec, 0.0Volts, 0.000Amps, CPT:1077sec]
(Oct 01 2025 18:57:05,  871365 sec) Profile()            Sample 14 initiated at 1300.3dbars for bin 14 [1300dbars].  PTS: 1298.5dbars 3.2124C 34.4129PSU
(Oct 01 2025 19:07:33,  871993 sec) Profile()            Sample 15 initiated at 1250.2dbars for bin 15 [1250dbars].  PTS: 1248.7dbars 3.3484C 34.3855PSU
(Oct 01 2025 19:07:34,  871994 sec) AscentControlAgent() Bouyancy nudge to 78 (v=0.077dbar/sec).
(Oct 01 2025 19:07:34,  871994 sec) PistonMoveAbsWTO()    068->078 069 070 071 072 073 [30sec, 14.6Volts, 0.447Amps, CPT:1107sec]
(Oct 01 2025 19:08:15,  872035 sec) PistonMoveAbsWTO()    073->078 074 075 076 077 078 [26sec, 14.4Volts, 0.444Amps, CPT:1133sec]
(Oct 01 2025 19:15:06,  872446 sec) Profile()            Sample 16 initiated at 1200.7dbars for bin 16 [1200dbars].  PTS: 1198.3dbars 3.4630C 34.3595PSU
(Oct 01 2025 19:22:59,  872919 sec) Profile()            Sample 17 initiated at 1150.5dbars for bin 17 [1150dbars].  PTS: 1148.4dbars 3.6489C 34.3408PSU
(Oct 01 2025 19:23:11,  872931 sec) PistonMoveAbsWTO()    078->078 [0sec, 0.0Volts, 0.000Amps, CPT:1133sec]
(Oct 01 2025 19:25:12,  873052 sec) PistonMoveAbsWTO()    078->078 [0sec, 0.0Volts, 0.000Amps, CPT:1133sec]
(Oct 01 2025 19:27:13,  873173 sec) PistonMoveAbsWTO()    077->078 078 [1sec, 14.6Volts, 0.447Amps, CPT:1134sec]
(Oct 01 2025 19:32:22,  873482 sec) Profile()            Sample 18 initiated at 1100.9dbars for bin 18 [1100dbars].  PTS: 1099.2dbars 3.7800C 34.3182PSU
(Oct 01 2025 19:38:25,  873845 sec) AscentControlAgent() Bouyancy nudge to 88 (v=0.074dbar/sec).
(Oct 01 2025 19:38:26,  873846 sec) PistonMoveAbsWTO()    078->088 079 080 081 082 083 [30sec, 14.6Volts, 0.406Amps, CPT:1164sec]
(Oct 01 2025 19:39:07,  873887 sec) PistonMoveAbsWTO()    083->088 084 085 086 087 088 [24sec, 14.5Volts, 0.403Amps, CPT:1188sec]
(Oct 01 2025 19:42:16,  874076 sec) Profile()            Sample 19 initiated at 1050.0dbars for bin 19 [1050dbars].  PTS: 1047.5dbars 4.0511C 34.2951PSU
(Oct 01 2025 19:49:58,  874538 sec) Profile()            Sample 20 initiated at 1000.1dbars for bin 20 [1000dbars].  PTS: 998.0dbars 4.2646C 34.2825PSU
(Oct 01 2025 19:53:29,  874749 sec) Sbe41cpStartCP()     Continuous profile started.
(Oct 01 2025 20:08:32,  875652 sec) AscentControlAgent() Bouyancy nudge to 98 (v=0.072dbar/sec).
(Oct 01 2025 20:08:32,  875652 sec) PistonMoveAbsWTO()    088->098 089 090 091 092 093 [30sec, 14.5Volts, 0.365Amps, CPT:1218sec]
(Oct 01 2025 20:09:12,  875692 sec) PistonMoveAbsWTO()    093->098 094 095 096 097 098 [26sec, 14.4Volts, 0.360Amps, CPT:1244sec]
(Oct 01 2025 20:39:44,  877524 sec) AscentControlAgent() Bouyancy nudge to 108 (v=0.075dbar/sec).
(Oct 01 2025 20:39:44,  877524 sec) PistonMoveAbsWTO()    098->108 099 100 101 102 103 [30sec, 14.6Volts, 0.331Amps, CPT:1274sec]
(Oct 01 2025 20:40:24,  877564 sec) PistonMoveAbsWTO()    103->108 104 105 106 107 108 [24sec, 14.5Volts, 0.324Amps, CPT:1298sec]
(Oct 01 2025 21:00:53,  878793 sec) PistonMoveAbsWTO()    107->108 108 [1sec, 14.6Volts, 0.333Amps, CPT:1299sec]
(Oct 01 2025 21:10:56,  879396 sec) AscentControlAgent() Bouyancy nudge to 118 (v=0.077dbar/sec).
(Oct 01 2025 21:10:56,  879396 sec) PistonMoveAbsWTO()    108->118 109 110 111 112 113 [30sec, 14.6Volts, 0.292Amps, CPT:1329sec]
(Oct 01 2025 21:11:36,  879436 sec) PistonMoveAbsWTO()    113->118 114 115 116 117 118 [24sec, 14.5Volts, 0.290Amps, CPT:1353sec]
(Oct 01 2025 21:47:07,  881567 sec) AscentControlAgent() Bouyancy nudge to 128 (v=0.069dbar/sec).
(Oct 01 2025 21:47:07,  881567 sec) PistonMoveAbsWTO()    118->128 119 120 121 122 123 [30sec, 14.7Volts, 0.246Amps, CPT:1383sec]
(Oct 01 2025 21:47:47,  881607 sec) PistonMoveAbsWTO()    123->128 124 125 126 127 128 [23sec, 14.6Volts, 0.237Amps, CPT:1406sec]
(Oct 01 2025 22:18:17,  883437 sec) AscentControlAgent() Bouyancy nudge to 138 (v=0.078dbar/sec).
(Oct 01 2025 22:18:17,  883437 sec) PistonMoveAbsWTO()    128->138 129 130 131 132 133 [30sec, 14.7Volts, 0.202Amps, CPT:1436sec]
(Oct 01 2025 22:18:58,  883478 sec) PistonMoveAbsWTO()    133->138 134 135 136 137 138 [22sec, 14.7Volts, 0.206Amps, CPT:1458sec]
(Oct 01 2025 22:29:24,  884104 sec) AscentControlAgent() Bouyancy nudge to 148 (v=0.079dbar/sec).
(Oct 01 2025 22:29:24,  884104 sec) PistonMoveAbsWTO()    138->148 139 140 141 142 143 [30sec, 14.7Volts, 0.194Amps, CPT:1488sec]
(Oct 01 2025 22:30:05,  884145 sec) PistonMoveAbsWTO()    143->148 144 145 146 147 148 [22sec, 14.7Volts, 0.192Amps, CPT:1510sec]
(Oct 01 2025 22:48:43,  885263 sec) SurfaceDetect()      SurfacePressure:-0.3dbars Pressure:3.3dbars PistonPosition:148
(Oct 01 2025 22:48:43,  885263 sec) Sbe41cpStopCP()      Continuous profile stopped.
(Oct 01 2025 22:48:46,  885266 sec) PistonMoveAbsWTO()    148->170 149 150 151 152 153 154 155 156 157 158 159 160 161 162 163 164 165 166 167 168 169 170 [113sec, 14.7Volts, 0.163Amps, CPT:1623sec]
(Oct 01 2025 22:50:44,  885384 sec) chat()               Expected string [S>] not received.
(Oct 01 2025 22:52:23,  885483 sec) Sbe41cpBinAverage()  Finished averaging 10537 samples in 94 seconds.
(Oct 01 2025 22:52:28,  885488 sec) Sbe41cpUploadCP_()   Sbe41cpSerNo[18560] NSample[10537] NBin[493]
(Oct 01 2025 22:52:59,  885519 sec) Sbe41cpUploadCP_()   Continuous profile uploaded [493 lines].

<EOT>
