(Jul 22 2025 02:51:52,  883989 sec) TelemetryInit()      Profile 24. (Apf11 FwRev: 121123)
(Jul 22 2025 02:51:52,  883989 sec) TelemetryInit()      Charge consumption model: OCV:15.1V Wake-Cycles:30440 Standby:268.6days Wake:14.8kC Sensors:2.9kC
(Jul 22 2025 02:57:09,  884306 sec) AirSystem()          Battery [213cnt, 15.0V]  Current [21cnt, 80.9mA]  Pneumometer [197cnt, 23.1psi]  Run-Time [9s]
(Jul 22 2025 02:58:01,  884358 sec) GpsServices()        GPS almanac is current.
(Jul 22 2025 02:58:01,  884358 sec) GpsServices()        Initiating GPS fix acquisition.
(Jul 22 2025 02:58:12,  884369 sec) gga()                $GPGGA,025820,4618.4908,S,10424.4448,W,0,00,,,M,,M,,*5E
(Jul 22 2025 02:58:22,  884379 sec) gga()                $GPGGA,025830,4618.4908,S,10424.4448,W,0,00,,,M,,M,,*5F
(Jul 22 2025 02:58:38,  884395 sec) gga()                $GPGGA,025850,4618.4908,S,10424.4448,W,0,00,,,M,,M,,*59
(Jul 22 2025 02:58:48,  884405 sec) gga()                $GPGGA,025900,4618.4908,S,10424.4448,W,0,00,,,M,,M,,*5D
(Jul 22 2025 02:58:49,  884406 sec) gga()                $GPGGA,025900,4618.4908,S,10424.4448,W,0,00,,,M,,M,,*5D
(Jul 22 2025 02:58:58,  884415 sec) gga()                $GPGGA,025910,4618.4908,S,10424.4448,W,0,00,,,M,,M,,*5C
(Jul 22 2025 02:59:08,  884425 sec) gga()                $GPGGA,025920,4618.4908,S,10424.4448,W,0,00,,,M,,M,,*5F
(Jul 22 2025 02:59:18,  884435 sec) gga()                $GPGGA,025930,4618.4908,S,10424.4448,W,0,00,,,M,,M,,*5E
(Jul 22 2025 02:59:28,  884445 sec) gga()                $GPGGA,025940,4618.4908,S,10424.4448,W,0,00,,,M,,M,,*59
(Jul 22 2025 02:59:38,  884455 sec) gga()                $GPGGA,025950,4618.4908,S,10424.4448,W,0,00,,,M,,M,,*58
(Jul 22 2025 02:59:48,  884465 sec) gga()                $GPGGA,030000,4618.4908,S,10424.4448,W,0,00,,,M,,M,,*50
(Jul 22 2025 02:59:58,  884475 sec) gga()                $GPGGA,030010,4618.4908,S,10424.4448,W,0,00,,,M,,M,,*51
(Jul 22 2025 03:00:18,  884495 sec) gga()                $GPGGA,030030,4618.4908,S,10424.4448,W,0,00,,,M,,M,,*53
(Jul 22 2025 03:00:18,  884495 sec) gga()                $GPGGA,030030,4618.4908,S,10424.4448,W,0,00,,,M,,M,,*53
(Jul 22 2025 03:00:28,  884505 sec) gga()                $GPGGA,030040,4618.4908,S,10424.4448,W,0,00,,,M,,M,,*54
(Jul 22 2025 03:00:38,  884515 sec) gga()                $GPGGA,030050,4618.4908,S,10424.4448,W,0,00,,,M,,M,,*55
(Jul 22 2025 03:00:48,  884525 sec) gga()                $GPGGA,030100,4618.4908,S,10424.4448,W,0,00,,,M,,M,,*51
(Jul 22 2025 03:00:49,  884526 sec) gga()                $GPGGA,030100,4618.4908,S,10424.4448,W,0,00,,,M,,M,,*51
(Jul 22 2025 03:00:58,  884535 sec) gga()                $GPGGA,030110,4618.4908,S,10424.4448,W,0,00,,,M,,M,,*50
(Jul 22 2025 03:01:08,  884545 sec) gga()                $GPGGA,030120,4618.4908,S,10424.4448,W,0,00,,,M,,M,,*53
(Jul 22 2025 03:01:18,  884555 sec) gga()                $GPGGA,030130,4618.4908,S,10424.4448,W,0,00,,,M,,M,,*52
(Jul 22 2025 03:01:28,  884565 sec) gga()                $GPGGA,030140,4618.4908,S,10424.4448,W,0,00,,,M,,M,,*55
(Jul 22 2025 03:01:38,  884575 sec) gga()                $GPGGA,030150,4618.4908,S,10424.4448,W,0,00,,,M,,M,,*54
(Jul 22 2025 03:01:48,  884585 sec) gga()                $GPGGA,030200,4618.4908,S,10424.4448,W,0,00,,,M,,M,,*52
(Jul 22 2025 03:01:58,  884595 sec) gga()                $GPGGA,030210,4618.4908,S,10424.4448,W,0,00,,,M,,M,,*53
(Jul 22 2025 03:02:08,  884605 sec) gga()                $GPGGA,030220,4618.4908,S,10424.4448,W,0,00,,,M,,M,,*50
(Jul 22 2025 03:02:28,  884625 sec) gga()                $GPGGA,030240,4618.4908,S,10424.4448,W,0,00,,,M,,M,,*56
(Jul 22 2025 03:02:38,  884635 sec) gga()                $GPGGA,030250,4618.4908,S,10424.4448,W,0,00,,,M,,M,,*57
(Jul 22 2025 03:02:48,  884645 sec) gga()                $GPGGA,030300,4618.4908,S,10424.4448,W,0,00,,,M,,M,,*53
(Jul 22 2025 03:02:49,  884646 sec) gga()                $GPGGA,030300,4618.4908,S,10424.4448,W,0,00,,,M,,M,,*53
(Jul 22 2025 03:02:58,  884655 sec) gga()                $GPGGA,030310,4618.4908,S,10424.4448,W,0,00,,,M,,M,,*52
(Jul 22 2025 03:03:01,  884658 sec) GpsServices()        GPS fix not acquired after 300s; power-cycling the GPS.
(Jul 22 2025 03:03:08,  884665 sec) gga()                $GPGGA,030320,4618.4908,S,10424.4448,W,0,00,,,M,,M,,*51
(Jul 22 2025 03:03:18,  884675 sec) gga()                $GPGGA,030330,4618.4908,S,10424.4448,W,0,00,,,M,,M,,*50
(Jul 22 2025 03:03:28,  884685 sec) gga()                $GPGGA,030340,4618.4908,S,10424.4448,W,0,00,,,M,,M,,*57
(Jul 22 2025 03:03:38,  884695 sec) gga()                $GPGGA,030350,4618.4908,S,10424.4448,W,0,00,,,M,,M,,*56
(Jul 22 2025 03:03:48,  884705 sec) gga()                $GPGGA,030400,4618.4908,S,10424.4448,W,0,00,,,M,,M,,*54
(Jul 22 2025 03:03:49,  884706 sec) gga()                $GPGGA,030400,4618.4908,S,10424.4448,W,0,00,,,M,,M,,*54
(Jul 22 2025 03:03:58,  884715 sec) gga()                $GPGGA,030410,4618.4908,S,10424.4448,W,0,00,,,M,,M,,*55
(Jul 22 2025 03:04:08,  884725 sec) gga()                $GPGGA,030420,4618.4908,S,10424.4448,W,0,00,,,M,,M,,*56
(Jul 22 2025 03:04:18,  884735 sec) gga()                $GPGGA,030430,4618.4908,S,10424.4448,W,0,00,,,M,,M,,*57
(Jul 22 2025 03:04:18,  884735 sec) gga()                $GPGGA,030430,4618.4908,S,10424.4448,W,0,00,,,M,,M,,*57
(Jul 22 2025 03:04:28,  884745 sec) gga()                $GPGGA,030440,4618.4908,S,10424.4448,W,0,00,,,M,,M,,*50
(Jul 22 2025 03:04:38,  884755 sec) gga()                $GPGGA,030450,4618.4908,S,10424.4448,W,0,00,,,M,,M,,*51
(Jul 22 2025 03:04:48,  884765 sec) gga()                $GPGGA,030500,4618.4908,S,10424.4448,W,0,00,,,M,,M,,*55
(Jul 22 2025 03:04:49,  884766 sec) gga()                $GPGGA,030500,4618.4908,S,10424.4448,W,0,00,,,M,,M,,*55
(Jul 22 2025 03:04:58,  884775 sec) gga()                $GPGGA,030510,4618.4908,S,10424.4448,W,0,00,,,M,,M,,*54
(Jul 22 2025 03:05:18,  884795 sec) gga()                $GPGGA,030530,4618.4908,S,10424.4448,W,0,00,,,M,,M,,*56
(Jul 22 2025 03:05:28,  884805 sec) gga()                $GPGGA,030540,4618.4908,S,10424.4448,W,0,00,,,M,,M,,*51
(Jul 22 2025 03:05:38,  884815 sec) gga()                $GPGGA,030550,4618.4908,S,10424.4448,W,0,00,,,M,,M,,*50
(Jul 22 2025 03:05:48,  884825 sec) gga()                $GPGGA,030600,4618.4908,S,10424.4448,W,0,00,,,M,,M,,*56
(Jul 22 2025 03:05:49,  884826 sec) gga()                $GPGGA,030600,4618.4908,S,10424.4448,W,0,00,,,M,,M,,*56
(Jul 22 2025 03:05:58,  884835 sec) gga()                $GPGGA,030610,4618.4908,S,10424.4448,W,0,00,,,M,,M,,*57
(Jul 22 2025 03:06:08,  884845 sec) gga()                $GPGGA,030620,4618.4908,S,10424.4448,W,0,00,,,M,,M,,*54
(Jul 22 2025 03:06:18,  884855 sec) gga()                $GPGGA,030630,4618.4908,S,10424.4448,W,0,00,,,M,,M,,*55
(Jul 22 2025 03:06:19,  884856 sec) gga()                $GPGGA,030630,4618.4908,S,10424.4448,W,0,00,,,M,,M,,*55
(Jul 22 2025 03:06:28,  884865 sec) gga()                $GPGGA,030640,4618.4908,S,10424.4448,W,0,00,,,M,,M,,*52
(Jul 22 2025 03:06:38,  884875 sec) gga()                $GPGGA,030650,4618.4908,S,10424.4448,W,0,00,,,M,,M,,*53
(Jul 22 2025 03:06:48,  884885 sec) gga()                $GPGGA,030700,4618.4908,S,10424.4448,W,0,00,,,M,,M,,*57
(Jul 22 2025 03:06:49,  884886 sec) gga()                $GPGGA,030700,4618.4908,S,10424.4448,W,0,00,,,M,,M,,*57
(Jul 22 2025 03:06:58,  884895 sec) gga()                $GPGGA,030710,4618.4908,S,10424.4448,W,0,00,,,M,,M,,*56
(Jul 22 2025 03:07:08,  884905 sec) gga()                $GPGGA,030720,4618.4908,S,10424.4448,W,0,00,,,M,,M,,*55
(Jul 22 2025 03:07:19,  884916 sec) gga()                $GPGGA,030730,4618.4908,S,10424.4448,W,0,00,,,M,,M,,*54
(Jul 22 2025 03:07:28,  884925 sec) gga()                $GPGGA,030740,4618.4908,S,10424.4448,W,0,00,,,M,,M,,*53
(Jul 22 2025 03:07:38,  884935 sec) gga()                $GPGGA,030750,4618.4908,S,10424.4448,W,0,00,,,M,,M,,*52
(Jul 22 2025 03:07:48,  884945 sec) gga()                $GPGGA,030800,4618.4908,S,10424.4448,W,0,00,,,M,,M,,*58
(Jul 22 2025 03:07:49,  884946 sec) gga()                $GPGGA,030800,4618.4908,S,10424.4448,W,0,00,,,M,,M,,*58
(Jul 22 2025 03:07:58,  884955 sec) gga()                $GPGGA,030810,4618.4908,S,10424.4448,W,0,00,,,M,,M,,*59
(Jul 22 2025 03:08:04,  884961 sec) GpsServices()        GPS fix-acquisition failed after 300s.  Apf11 RTC skew check by-passed.
(Jul 22 2025 03:08:08,  884965 sec) LogNmeaSentences()   $GPRMC,030820,V,4618.4908,S,10424.4448,W,,,220725,026.2,E*60
(Jul 22 2025 03:08:08,  884965 sec) LogNmeaSentences()   $GPGGA,030820,4618.4908,S,10424.4448,W,0,00,,,M,,M,,*5A
(Jul 22 2025 03:08:08,  884965 sec) LogNmeaSentences()   $GPGSA,A,1,,,,,,,,,,,,,,,*1E
(Jul 22 2025 03:08:08,  884965 sec) LogNmeaSentences()   $GPGSV,3,1,10,01,71,252,43,02,72,134,43,03,43,341,40,08,00,000,41*72
(Jul 22 2025 03:08:08,  884965 sec) LogNmeaSentences()   $GPGSV,3,2,10,10,09,138,33,14,35,249,41,17,19,235,42,22,25,230,39*72
(Jul 22 2025 03:08:08,  884965 sec) LogNmeaSentences()   $GPGSV,3,3,10,27,15,049,36,32,23,116,43*70
(Jul 22 2025 03:08:18,  884975 sec) LogNmeaSentences()   $GPRMC,030830,V,4618.4908,S,10424.4448,W,,,220725,026.2,E*61
(Jul 22 2025 03:08:18,  884975 sec) LogNmeaSentences()   $GPGGA,030830,4618.4908,S,10424.4448,W,0,00,,,M,,M,,*5B
(Jul 22 2025 03:08:18,  884975 sec) LogNmeaSentences()   $GPGSA,A,1,,,,,,,,,,,,,,,*1E
(Jul 22 2025 03:08:18,  884975 sec) LogNmeaSentences()   $GPGSV,3,1,10,01,71,252,42,02,72,134,43,03,43,341,41,08,00,000,42*71
(Jul 22 2025 03:08:18,  884975 sec) LogNmeaSentences()   $GPGSV,3,2,10,10,09,138,34,14,35,249,40,17,19,235,38,22,25,230,38*78
(Jul 22 2025 03:08:18,  884975 sec) LogNmeaSentences()   $GPGSV,3,3,10,27,15,049,37,32,23,116,41*73
(Jul 22 2025 03:08:28,  884985 sec) LogNmeaSentences()   $GPRMC,030840,V,4618.4908,S,10424.4448,W,,,220725,026.2,E*66
(Jul 22 2025 03:08:28,  884985 sec) LogNmeaSentences()   $GPGGA,030840,4618.4908,S,10424.4448,W,0,00,,,M,,M,,*5C
(Jul 22 2025 03:08:28,  884985 sec) LogNmeaSentences()   $GPGSA,A,1,,,,,,,,,,,,,,,*1E
(Jul 22 2025 03:08:28,  884985 sec) LogNmeaSentences()   $GPGSV,3,1,10,01,71,252,43,02,72,134,43,03,43,341,43,08,00,000,42*72
(Jul 22 2025 03:08:28,  884985 sec) LogNmeaSentences()   $GPGSV,3,2,10,10,09,138,32,14,35,249,42,17,19,235,39,22,25,230,40*72
(Jul 22 2025 03:08:28,  884985 sec) LogNmeaSentences()   $GPGSV,3,3,10,27,15,049,34,32,23,116,40*71
(Jul 22 2025 03:08:38,  884995 sec) LogNmeaSentences()   $GPRMC,030850,V,4618.4908,S,10424.4448,W,,,220725,026.2,E*67
(Jul 22 2025 03:08:38,  884995 sec) LogNmeaSentences()   $GPGGA,030850,4618.4908,S,10424.4448,W,0,00,,,M,,M,,*5D
(Jul 22 2025 03:08:38,  884995 sec) LogNmeaSentences()   $GPGSA,A,1,,,,,,,,,,,,,,,*1E
(Jul 22 2025 03:08:38,  884995 sec) LogNmeaSentences()   $GPGSV,3,1,10,01,71,252,42,02,72,134,43,03,43,341,42,08,00,000,42*72
(Jul 22 2025 03:08:38,  884995 sec) LogNmeaSentences()   $GPGSV,3,2,10,10,09,138,29,14,35,249,40,17,19,235,36,22,25,230,36*74
(Jul 22 2025 03:08:38,  884995 sec) LogNmeaSentences()   $GPGSV,3,3,10,27,15,049,34,32,23,116,39*7F
(Jul 22 2025 03:08:48,  885005 sec) LogNmeaSentences()   $GPRMC,030900,V,4618.4908,S,10424.4448,W,,,220725,026.2,E*63
(Jul 22 2025 03:08:48,  885005 sec) LogNmeaSentences()   $GPGGA,030900,4618.4908,S,10424.4448,W,0,00,,,M,,M,,*59
(Jul 22 2025 03:08:48,  885005 sec) LogNmeaSentences()   $GPGSA,A,1,,,,,,,,,,,,,,,*1E
(Jul 22 2025 03:08:48,  885005 sec) LogNmeaSentences()   $GPGSV,3,1,10,01,71,252,42,02,72,134,42,03,43,341,41,08,00,000,41*73
(Jul 22 2025 03:08:48,  885005 sec) LogNmeaSentences()   $GPGSV,3,2,10,10,08,138,32,14,35,249,39,17,19,235,36,22,25,230,38*7F
(Jul 22 2025 03:08:48,  885005 sec) LogNmeaSentences()   $GPGSV,3,3,10,27,15,049,36,32,23,116,38*7C
(Jul 22 2025 03:08:48,  885005 sec) LogNmeaSentences()   $PGRMT,GPS 15x-L software ver. 4.50,,,,,,,,*76
(Jul 22 2025 03:08:48,  885005 sec) GpsServices()        GPS services complete.
(Jul 22 2025 03:09:23,  885040 sec) IrGeoLoc()           <x,y,z>=<-1096km,-4272km,-4588km> lat=-46.323 lon=-104.389 IrSysTime=0xe96b273d
(Jul 22 2025 03:09:27,  885044 sec) CLogin()             Connecting to primary host.
(Jul 22 2025 03:09:50,  885067 sec) CLogin()             Connection 1 established in 23 seconds.
(Jul 22 2025 03:10:20,  885097 sec) expect()             Attempt to read prompt string [login:] failed.
(Jul 22 2025 03:10:20,  885097 sec) login()              Login prompt not received.
(Jul 22 2025 03:11:00,  885137 sec) expect()             Attempt to read prompt string [Last login:] failed.
(Jul 22 2025 03:11:00,  885137 sec) login()              Login failed.
(Jul 22 2025 03:11:05,  885142 sec) chat()               Expected string [OK] not received.
(Jul 22 2025 03:11:16,  885153 sec) chat()               Expected string [OK] not received.
(Jul 22 2025 03:12:35,  885232 sec) chat()               Expected string [CONNECT] not received.
(Jul 22 2025 03:12:35,  885232 sec) modem_connect()      Modem command [AT+CBST=71,0,1;DT00881600005496] failed.
(Jul 22 2025 03:12:35,  885232 sec) connect()            Connection attempt failed.
(Jul 22 2025 03:12:35,  885232 sec) CLogin()             Attempt to connect to primary host failed after 2 tries.  Connecting to alternate host.
(Jul 22 2025 03:13:07,  885264 sec) CLogin()             Connection 2 established in 220 seconds.
(Jul 22 2025 03:13:34,  885291 sec) login()              Login successful.
(Jul 22 2025 03:13:39,  885296 sec) chat()               Expected string [cmd>] not received.
(Jul 22 2025 03:13:39,  885296 sec) login()              Attempt to set the command prompt failed.
(Jul 22 2025 03:13:43,  885300 sec) CLogin()             Logged in to host.  [Login required 36 seconds]
(Jul 22 2025 03:13:44,  885301 sec) RxConfig()           Downloading "mission.cfg" from host.
(Jul 22 2025 03:14:18,  885335 sec) RxConfig()           Download successful: [bytes:49, sec:31.5, bps:2]
(Jul 22 2025 03:14:22,  885339 sec) WriteVitals_()       Writing vitals to "23031.024.msg".
(Jul 22 2025 03:14:35,  885352 sec) UpLoadFile()         Uploading "23031.024.log" to host.
(Jul 22 2025 03:16:34,  885471 sec) readline()           No carrier, aborting ZMODEM transfer.
(Jul 22 2025 03:16:38,  885475 sec) sendline()           No carrier, aborting ZMODEM transfer.
(Jul 22 2025 03:16:38,  885475 sec) UpLoadFile()         Upload failed.
(Jul 22 2025 03:16:43,  885480 sec) CLogin()             Connecting to primary host.
(Jul 22 2025 03:17:09,  885506 sec) CLogin()             Connection 3 established in 26 seconds.
(Jul 22 2025 03:17:43,  885540 sec) expect()             Attempt to read prompt string [Last login:] failed.
(Jul 22 2025 03:17:43,  885540 sec) login()              Login failed.
(Jul 22 2025 03:18:14,  885571 sec) login()              Login successful.
(Jul 22 2025 03:18:26,  885583 sec) CLogin()             Logged in to host.  [Login required 77 seconds]
(Jul 22 2025 03:18:36,  885593 sec) UpLoadFile()         Uploading "23031.024.log" to host.
(Jul 22 2025 03:21:02,  885739 sec) UpLoadFile()         Upload successful: [bytes:16804, sec:146.6, bps:115]
(Jul 22 2025 03:21:03,  885740 sec) fmove()              Moved: 23031.024.log -> archive/23031.024.log
(Jul 22 2025 03:21:17,  885754 sec) UpLoadFile()         Uploading "23031.024.msg" to host.
(Jul 22 2025 03:24:25,  885942 sec) UpLoadFile()         Upload successful: [bytes:26431, sec:188.2, bps:140]
(Jul 22 2025 03:24:26,  885943 sec) fmove()              Moved: 23031.024.msg -> archive/23031.024.msg
(Jul 22 2025 03:24:27,  885944 sec) UpLoad()             Files successfully uploaded: 2
(Jul 22 2025 03:24:27,  885944 sec) UpLoad()             Upload complete.
(Jul 22 2025 03:24:34,  885951 sec) chat()               Expected string [cmd>] not received.
(Jul 22 2025 03:24:34,  885951 sec) logout()             Can't get command prompt.
(Jul 22 2025 03:24:39,  885956 sec) chat()               Expected string [logout] not received.
(Jul 22 2025 03:24:39,  885956 sec) logout()             Attempt to log-out failed.
(Jul 22 2025 03:24:39,  885956 sec) logout()             No carrier detected.
(Jul 22 2025 03:24:39,  885956 sec) Telemetry()          Telemetry cycle complete: PrfId=24 ConnectionAttempts=4  Connections=3
(Jul 22 2025 03:24:39,  885956 sec) TelemetryTerminate() Parsing new mission configuration.
(Jul 22 2025 03:24:40,  885957 sec) configure()          Parsing configurators in "mission.cfg".
(Jul 22 2025 03:24:40,  885957 sec) configure()             TelemetryRetry(15)      [0x7BBC] [TelemetryRetry(15)].
(Jul 22 2025 03:24:40,  885957 sec) configure()             DownTime(14400) [CRC=0x9F62] [DownTime(14400)].
(Jul 22 2025 03:24:41,  885958 sec) configure()          Configuration CRCs and syntax OK.
(Jul 22 2025 03:24:41,  885958 sec) ConfigSupervisor()   Configuration accepted.
(Jul 22 2025 03:24:41,  885958 sec) TelemetryTerminate() Reconditioning the file system.
(Jul 22 2025 03:24:43,       0 sec) DescentInit()        Deep profile 25 initiated at mission-time 885960sec.
(Jul 22 2025 03:24:44,       1 sec) DescentInit()        Surface pressure: -0.2dbars.
(Jul 22 2025 03:24:44,       1 sec) DescentInit()        Charge consumption model: OCV:14.7V Wake-Cycles:30441 Standby:268.6days Wake:14.8kC Sleep:2.9kC
(Jul 22 2025 03:24:56,      13 sec) DescentInit()        Pneumatic humidity: 1022(5.9%) -> 1023(5.9%)
(Jul 22 2025 03:24:56,      13 sec) PistonMoveAbsWTO()    169->075 168 167 166 165 164 163 162 161 160 159 158 157 156 155 154 153 152 151 150 149 148 147 146 145 144 143 142 141 140 139 138 137 136 135 134 133 132 131 130 129 128 127 126 125 124 123 122 121 120 119 118 117 116 115 114 113 112 111 110 109 108 107 106 105 104 103 102 101 100 099 098 097 096 095 094 093 092 091 090 089 088 087 086 085 084 083 082 081 080 079 078 077 076 075 [485sec, 14.7Volts, 0.143Amps, CPT:485sec]
(Jul 22 2025 03:33:05,     502 sec) DescentInit()        Air solenoid open: Barometer [193cnt,  11.3psi]  Pneumometer [100cnt,  11.7psi]
(Jul 22 2025 03:33:15,     512 sec) Descent()            Pressure: 28.1
(Jul 22 2025 04:24:43,    3600 sec) Descent()            Pressure: 447.9
(Jul 22 2025 05:24:43,    7200 sec) Descent()            Pressure: 780.9
(Jul 22 2025 06:24:43,   10800 sec) Descent()            Pressure: 963.7
(Jul 22 2025 07:24:43,   14400 sec) Descent()            Pressure: 1001.3
(Jul 22 2025 07:24:43,   14400 sec) ParkInit()           Charge consumption model: OCV:15.4V Wake-Cycles:30446 Standby:268.7days Wake:15.1kC Sensors:2.9kC
(Jul 31 2025 23:25:05,  849622 sec) CtdPower()           [ 1005.53,  4.4303, 34.2805]
(Jul 31 2025 23:25:05,  849622 sec) CtdPower()           CTD Power consumption [211VCnt 3ACnt]: 14.858Volts * 0.014Amps = 0.20Watts.
(Jul 31 2025 23:25:15,  849632 sec) ParkTerminate()      Piston Position:75 Vacuum:190 HumidityAd12:1049(6.7%) Vq:215 Aq:2 Vsbe:211 Asbe:3
(Jul 31 2025 23:25:37,  849654 sec) ParkTerminate()      PTS: 1005.5dbars 4.4289C 34.2808PSU
(Jul 31 2025 23:25:37,  849654 sec) GoDeepInit()         Charge consumption model: OCV:15.1V Wake-Cycles:30678 Standby:278.4days Wake:15.1kC Sensors:2.9kC
(Jul 31 2025 23:25:37,  849654 sec) GoDeepInit()         Moving piston.
(Jul 31 2025 23:25:37,  849654 sec) PistonMoveAbsWTO()    075->016 074 073 072 071 070 069 068 067 066 065 064 063 062 061 060 059 058 057 056 055 054 053 052 051 050 049 048 047 046 045 044 043 042 041 040 039 038 037 036 035 034 033 032 031 030 029 028 027 026 025 024 023 022 021 020 019 018 017 016 [295sec, 14.9Volts, 0.054Amps, CPT:780sec]
(Aug 01 2025 03:24:43,  864000 sec) ProfileInit()        Charge consumption model: OCV:15.2V Wake-Cycles:30725 Standby:278.5days Wake:15.1kC Sensors:2.9kC
(Aug 01 2025 03:24:43,  864000 sec) ProfileInit()        PrfId:025  Pressure:2010.1dbar  pTable[0]:2000dbar
(Aug 01 2025 03:24:45,  864002 sec) PistonMoveAbsWTO()    016->038 017 018 019 020 021 [30sec, 14.3Volts, 0.624Amps, CPT:810sec]
(Aug 01 2025 03:25:26,  864043 sec) PistonMoveAbsWTO()    021->038 022 023 024 025 026 [30sec, 14.1Volts, 0.612Amps, CPT:840sec]
(Aug 01 2025 03:26:07,  864084 sec) PistonMoveAbsWTO()    026->038 027 028 029 030 031 [30sec, 14.0Volts, 0.614Amps, CPT:870sec]
(Aug 01 2025 03:26:48,  864125 sec) PistonMoveAbsWTO()    031->038 032 033 034 035 036 [30sec, 14.0Volts, 0.628Amps, CPT:900sec]
(Aug 01 2025 03:27:51,  864188 sec) Profile()            Sample 0 initiated at 1998.8dbars for bin 0 [2000dbars].  PTS: 1996.1dbars 2.3589C 34.6384PSU
(Aug 01 2025 03:27:51,  864188 sec) PistonMoveAbsWTO()    036->038 037 038 [8sec, 14.1Volts, 0.609Amps, CPT:908sec]
(Aug 01 2025 03:34:13,  864570 sec) Profile()            Sample 1 initiated at 1949.8dbars for bin 1 [1950dbars].  PTS: 1947.1dbars 2.4067C 34.6264PSU
(Aug 01 2025 03:41:00,  864977 sec) Profile()            Sample 2 initiated at 1900.1dbars for bin 2 [1900dbars].  PTS: 1897.6dbars 2.4375C 34.6166PSU
(Aug 01 2025 03:48:31,  865428 sec) Profile()            Sample 3 initiated at 1849.9dbars for bin 3 [1850dbars].  PTS: 1847.7dbars 2.4769C 34.6043PSU
(Aug 01 2025 03:56:46,  865923 sec) Profile()            Sample 4 initiated at 1801.0dbars for bin 4 [1800dbars].  PTS: 1799.0dbars 2.5185C 34.5914PSU
(Aug 01 2025 04:05:23,  866440 sec) AscentControlAgent() Bouyancy nudge to 48 (v=0.078dbar/sec).
(Aug 01 2025 04:05:24,  866441 sec) PistonMoveAbsWTO()    038->048 039 040 041 042 043 [30sec, 14.5Volts, 0.548Amps, CPT:938sec]
(Aug 01 2025 04:06:05,  866482 sec) PistonMoveAbsWTO()    043->048 044 045 046 047 048 [26sec, 14.3Volts, 0.560Amps, CPT:964sec]
(Aug 01 2025 04:07:05,  866542 sec) Profile()            Sample 5 initiated at 1749.9dbars for bin 5 [1750dbars].  PTS: 1747.5dbars 2.5827C 34.5715PSU
(Aug 01 2025 04:14:47,  867004 sec) Profile()            Sample 6 initiated at 1701.0dbars for bin 6 [1700dbars].  PTS: 1698.9dbars 2.6321C 34.5544PSU
(Aug 01 2025 04:23:13,  867510 sec) Profile()            Sample 7 initiated at 1650.6dbars for bin 7 [1650dbars].  PTS: 1648.5dbars 2.6954C 34.5353PSU
(Aug 01 2025 04:32:23,  868060 sec) Profile()            Sample 8 initiated at 1600.3dbars for bin 8 [1600dbars].  PTS: 1598.6dbars 2.7455C 34.5209PSU
(Aug 01 2025 04:41:11,  868588 sec) AscentControlAgent() Bouyancy nudge to 58 (v=0.073dbar/sec).
(Aug 01 2025 04:41:12,  868589 sec) PistonMoveAbsWTO()    048->058 049 050 051 052 053 [30sec, 14.5Volts, 0.509Amps, CPT:994sec]
(Aug 01 2025 04:41:53,  868630 sec) PistonMoveAbsWTO()    053->058 054 055 056 057 058 [26sec, 14.4Volts, 0.514Amps, CPT:1020sec]
(Aug 01 2025 04:43:03,  868700 sec) Profile()            Sample 9 initiated at 1550.1dbars for bin 9 [1550dbars].  PTS: 1547.7dbars 2.8063C 34.5030PSU
(Aug 01 2025 04:49:50,  869107 sec) PistonMoveAbsWTO()    058->058 [0sec, 0.0Volts, 0.000Amps, CPT:1020sec]
(Aug 01 2025 04:50:56,  869173 sec) Profile()            Sample 10 initiated at 1499.9dbars for bin 10 [1500dbars].  PTS: 1497.9dbars 2.8814C 34.4810PSU
(Aug 01 2025 04:52:02,  869239 sec) PistonMoveAbsWTO()    057->058 058 [1sec, 14.6Volts, 0.552Amps, CPT:1021sec]
(Aug 01 2025 04:59:34,  869691 sec) Profile()            Sample 11 initiated at 1450.7dbars for bin 11 [1450dbars].  PTS: 1448.9dbars 2.9454C 34.4613PSU
(Aug 01 2025 05:09:50,  870307 sec) Profile()            Sample 12 initiated at 1400.4dbars for bin 12 [1400dbars].  PTS: 1398.9dbars 3.0265C 34.4397PSU
(Aug 01 2025 05:12:02,  870439 sec) AscentControlAgent() Bouyancy nudge to 68 (v=0.071dbar/sec).
(Aug 01 2025 05:12:03,  870440 sec) PistonMoveAbsWTO()    058->068 059 060 061 062 063 [30sec, 14.6Volts, 0.481Amps, CPT:1051sec]
(Aug 01 2025 05:12:44,  870481 sec) PistonMoveAbsWTO()    063->068 064 065 066 067 068 [25sec, 14.4Volts, 0.478Amps, CPT:1076sec]
(Aug 01 2025 05:18:50,  870847 sec) Profile()            Sample 13 initiated at 1350.3dbars for bin 13 [1350dbars].  PTS: 1348.1dbars 3.1395C 34.4132PSU
(Aug 01 2025 05:27:38,  871375 sec) Profile()            Sample 14 initiated at 1300.8dbars for bin 14 [1300dbars].  PTS: 1299.0dbars 3.2666C 34.3867PSU
(Aug 01 2025 05:38:17,  872014 sec) Profile()            Sample 15 initiated at 1250.2dbars for bin 15 [1250dbars].  PTS: 1248.7dbars 3.4448C 34.3575PSU
(Aug 01 2025 05:38:18,  872015 sec) AscentControlAgent() Bouyancy nudge to 78 (v=0.075dbar/sec).
(Aug 01 2025 05:38:18,  872015 sec) PistonMoveAbsWTO()    068->078 069 070 071 072 073 [30sec, 14.6Volts, 0.451Amps, CPT:1106sec]
(Aug 01 2025 05:38:59,  872056 sec) PistonMoveAbsWTO()    073->078 074 075 076 077 078 [25sec, 14.4Volts, 0.447Amps, CPT:1131sec]
(Aug 01 2025 05:46:00,  872477 sec) Profile()            Sample 16 initiated at 1200.9dbars for bin 16 [1200dbars].  PTS: 1198.5dbars 3.6146C 34.3353PSU
(Aug 01 2025 05:46:22,  872499 sec) PistonMoveAbsWTO()    078->078 [0sec, 0.0Volts, 0.000Amps, CPT:1131sec]
(Aug 01 2025 05:47:06,  872543 sec) PistonMoveAbsWTO()    077->078 078 [1sec, 14.6Volts, 0.463Amps, CPT:1132sec]
(Aug 01 2025 05:54:05,  872962 sec) Profile()            Sample 17 initiated at 1150.1dbars for bin 17 [1150dbars].  PTS: 1148.1dbars 3.8060C 34.3163PSU
(Aug 01 2025 06:03:49,  873546 sec) Profile()            Sample 18 initiated at 1100.5dbars for bin 18 [1100dbars].  PTS: 1099.0dbars 3.9871C 34.3015PSU
(Aug 01 2025 06:04:22,  873579 sec) AscentControlAgent() Bouyancy nudge to 88 (v=0.077dbar/sec).
(Aug 01 2025 06:04:23,  873580 sec) PistonMoveAbsWTO()    078->088 079 080 081 082 083 [30sec, 14.6Volts, 0.417Amps, CPT:1162sec]
(Aug 01 2025 06:05:04,  873621 sec) PistonMoveAbsWTO()    083->088 084 085 086 087 088 [24sec, 14.5Volts, 0.412Amps, CPT:1186sec]
(Aug 01 2025 06:12:15,  874052 sec) Profile()            Sample 19 initiated at 1050.5dbars for bin 19 [1050dbars].  PTS: 1048.3dbars 4.1908C 34.2846PSU
(Aug 01 2025 06:20:41,  874558 sec) Profile()            Sample 20 initiated at 1000.3dbars for bin 20 [1000dbars].  PTS: 998.4dbars 4.5220C 34.2828PSU
(Aug 01 2025 06:24:34,  874791 sec) Sbe41cpStartCP()     Continuous profile started.
(Aug 01 2025 06:34:36,  875393 sec) AscentControlAgent() Bouyancy nudge to 98 (v=0.080dbar/sec).
(Aug 01 2025 06:34:36,  875393 sec) PistonMoveAbsWTO()    088->098 089 090 091 092 093 [30sec, 14.5Volts, 0.371Amps, CPT:1216sec]
(Aug 01 2025 06:35:17,  875434 sec) PistonMoveAbsWTO()    093->098 094 095 096 097 098 [25sec, 14.4Volts, 0.370Amps, CPT:1241sec]
(Aug 01 2025 07:00:47,  876964 sec) AscentControlAgent() Bouyancy nudge to 108 (v=0.079dbar/sec).
(Aug 01 2025 07:00:47,  876964 sec) PistonMoveAbsWTO()    098->108 099 100 101 102 103 [30sec, 14.6Volts, 0.341Amps, CPT:1271sec]
(Aug 01 2025 07:01:27,  877004 sec) PistonMoveAbsWTO()    103->108 104 105 106 107 108 [25sec, 14.5Volts, 0.333Amps, CPT:1296sec]
(Aug 01 2025 07:36:59,  879136 sec) AscentControlAgent() Bouyancy nudge to 118 (v=0.079dbar/sec).
(Aug 01 2025 07:36:59,  879136 sec) PistonMoveAbsWTO()    108->118 109 110 111 112 113 [30sec, 14.6Volts, 0.294Amps, CPT:1326sec]
(Aug 01 2025 07:37:39,  879176 sec) PistonMoveAbsWTO()    113->118 114 115 116 117 118 [24sec, 14.6Volts, 0.291Amps, CPT:1350sec]
(Aug 01 2025 07:53:06,  880103 sec) PistonMoveAbsWTO()    117->118 118 [1sec, 14.6Volts, 0.303Amps, CPT:1351sec]
(Aug 01 2025 08:13:11,  881308 sec) AscentControlAgent() Bouyancy nudge to 128 (v=0.076dbar/sec).
(Aug 01 2025 08:13:11,  881308 sec) PistonMoveAbsWTO()    118->128 119 120 121 122 123 [30sec, 14.7Volts, 0.243Amps, CPT:1381sec]
(Aug 01 2025 08:13:51,  881348 sec) PistonMoveAbsWTO()    123->128 124 125 126 127 128 [23sec, 14.6Volts, 0.246Amps, CPT:1404sec]
(Aug 01 2025 08:44:20,  883177 sec) AscentControlAgent() Bouyancy nudge to 138 (v=0.079dbar/sec).
(Aug 01 2025 08:44:20,  883177 sec) PistonMoveAbsWTO()    128->138 129 130 131 132 133 [30sec, 14.8Volts, 0.206Amps, CPT:1434sec]
(Aug 01 2025 08:45:00,  883217 sec) PistonMoveAbsWTO()    133->138 134 135 136 137 138 [22sec, 14.7Volts, 0.203Amps, CPT:1456sec]
(Aug 01 2025 08:55:24,  883841 sec) PistonMoveAbsWTO()    137->138 138 [1sec, 14.8Volts, 0.221Amps, CPT:1457sec]
(Aug 01 2025 09:00:26,  884143 sec) AscentControlAgent() Bouyancy nudge to 148 (v=0.074dbar/sec).
(Aug 01 2025 09:00:26,  884143 sec) PistonMoveAbsWTO()    138->148 139 140 141 142 143 [30sec, 14.8Volts, 0.184Amps, CPT:1487sec]
(Aug 01 2025 09:01:06,  884183 sec) PistonMoveAbsWTO()    143->148 144 145 146 147 148 [22sec, 14.7Volts, 0.188Amps, CPT:1509sec]
(Aug 01 2025 09:16:22,  885099 sec) SurfaceDetect()      SurfacePressure:-0.2dbars Pressure:3.2dbars PistonPosition:148
(Aug 01 2025 09:16:22,  885099 sec) Sbe41cpStopCP()      Continuous profile stopped.
(Aug 01 2025 09:16:26,  885103 sec) PistonMoveAbsWTO()    148->170 149 150 151 152 153 154 155 156 157 158 159 160 161 162 163 164 165 166 167 168 169 170 [112sec, 14.7Volts, 0.157Amps, CPT:1621sec]
(Aug 01 2025 09:18:23,  885220 sec) chat()               Expected string [S>] not received.
(Aug 01 2025 09:20:01,  885318 sec) Sbe41cpBinAverage()  Finished averaging 10331 samples in 93 seconds.
(Aug 01 2025 09:20:06,  885323 sec) Sbe41cpUploadCP_()   Sbe41cpSerNo[18560] NSample[10331] NBin[493]
(Aug 01 2025 09:20:37,  885354 sec) Sbe41cpUploadCP_()   Continuous profile uploaded [493 lines].

<EOT>
