(Oct 25 2024 02:02:41,    1900 sec) SelfTest()           Executing self-test for ApfId 23031. [FwRev 121123]
(Oct 25 2024 02:02:41,    1900 sec) SelfTest()           Apf11 Family:0x36 Group:0x0000 SerNo:0x037a6587 Crc:0x61 SeqNo:031
(Oct 25 2024 02:02:41,    1900 sec) SelfTest()           Passed: FatFs volume mounted. [ChaN/ELM Rev 86604]
(Oct 25 2024 02:02:42,    1901 sec) SelfTest()           Passed: FatFs volume: size(7454MB) sector-size(512B) block-size(512B)
(Oct 25 2024 02:02:44,    1903 sec) SelfTest()           Passed: FatFs volume reconditioned.
(Oct 25 2024 02:02:44,    1903 sec) PistonMoveAbsWTO()    231->227 230 229 228 227 [17sec, 14.8Volts, 0.142Amps, CPT:17sec]
(Oct 25 2024 02:03:02,    1921 sec) PistonMoveAbsWTO()    227->231 228 229 230 231 [17sec, 14.8Volts, 0.168Amps, CPT:34sec]
(Oct 25 2024 02:03:19,    1938 sec) SelfTest()           Passed: Timed piston movements from 231 to 227 counts and back.
(Oct 25 2024 02:03:19,    1938 sec) SelfTest()           Passed: Internal pressure [198, 11.6psi] less than threshold [237, 13.9psi].
(Oct 25 2024 02:03:20,    1939 sec) SelfTest()           Passed: Response received from SBE41cp.
(Oct 25 2024 02:03:27,    1946 sec) SelfTest()           Passed: Sbe41cp SerNo: 18560
(Oct 25 2024 02:03:38,    1957 sec) SelfTest()           Passed: SBE41cp (SerNo 18560) FwRev accepted: [7.2.5]
(Oct 25 2024 02:03:38,    1957 sec) SelfTest()           Passed: SBE41cp (SerNo 18560) firmware build-date accepted: [Oct 14 2015 20:03:56]
(Oct 25 2024 02:03:38,    1957 sec) SelfTest()           Passed: SBE41cp (SerNo 18560) firmware variant accepted: [CP UW]
(Oct 25 2024 02:03:46,    1965 sec) Sbe41cpConfig()      Configuration successful.
(Oct 25 2024 02:03:54,    1973 sec) Sbe41cpTsWait()      Configuration successful.
(Oct 25 2024 02:03:58,    1977 sec) SelfTest()           Passed: SBE41cp configuration was successful.
(Oct 25 2024 02:04:16,    1995 sec) Sbe41cpPOffSet()     Configuration successful: POffset(0.0).
(Oct 25 2024 02:04:16,    1995 sec) SelfTest()           Passed: SBE41cp pressure-offset initialized to zero.
(Oct 25 2024 02:04:24,    2003 sec) Sbe41cpLogCal()      SBE 41CP V 7.2.5  SERIAL NO. 18560
(Oct 25 2024 02:04:24,    2003 sec) Sbe41cpLogCal()      temperature: 29-Dec-22
(Oct 25 2024 02:04:24,    2003 sec) Sbe41cpLogCal()          TA0 = -9.391240e-04
(Oct 25 2024 02:04:24,    2003 sec) Sbe41cpLogCal()          TA1 = 3.056126e-04
(Oct 25 2024 02:04:24,    2003 sec) Sbe41cpLogCal()          TA2 = -4.475787e-06
(Oct 25 2024 02:04:24,    2003 sec) Sbe41cpLogCal()          TA3 = 1.671725e-07
(Oct 25 2024 02:04:24,    2003 sec) Sbe41cpLogCal()      conductivity: 29-Dec-22
(Oct 25 2024 02:04:24,    2003 sec) Sbe41cpLogCal()          G = -1.013652e+00
(Oct 25 2024 02:04:24,    2003 sec) Sbe41cpLogCal()          H = 1.486220e-01
(Oct 25 2024 02:04:24,    2003 sec) Sbe41cpLogCal()          I = -4.390743e-04
(Oct 25 2024 02:04:25,    2004 sec) Sbe41cpLogCal()          J = 5.284845e-05
(Oct 25 2024 02:04:25,    2004 sec) Sbe41cpLogCal()          CTCOR = 3.250000e-06
(Oct 25 2024 02:04:25,    2004 sec) Sbe41cpLogCal()          CPCOR = -9.570000e-08
(Oct 25 2024 02:04:25,    2004 sec) Sbe41cpLogCal()          WBOTC = 1.272862e-07
(Oct 25 2024 02:04:25,    2004 sec) Sbe41cpLogCal()      pressure S/N = 12318208, range = 2900 psia:  26-Dec-22
(Oct 25 2024 02:04:25,    2004 sec) Sbe41cpLogCal()          PA0 = -1.045418e+00
(Oct 25 2024 02:04:25,    2004 sec) Sbe41cpLogCal()          PA1 = 3.919555e-04
(Oct 25 2024 02:04:25,    2004 sec) Sbe41cpLogCal()          PA2 = -2.849857e-13
(Oct 25 2024 02:04:25,    2004 sec) Sbe41cpLogCal()          PTCA0 = 8.763744e+03
(Oct 25 2024 02:04:26,    2005 sec) Sbe41cpLogCal()          PTCA1 = -8.965882e+01
(Oct 25 2024 02:04:26,    2005 sec) Sbe41cpLogCal()          PTCA2 = -1.960013e+00
(Oct 25 2024 02:04:26,    2005 sec) Sbe41cpLogCal()          PTCB0 = 3.175177e+05
(Oct 25 2024 02:04:26,    2005 sec) Sbe41cpLogCal()          PTCB1 = -5.198754e+00
(Oct 25 2024 02:04:26,    2005 sec) Sbe41cpLogCal()          PTCB2 = 3.307191e-01
(Oct 25 2024 02:04:26,    2005 sec) Sbe41cpLogCal()          PTHA0 = 2.819071e+02
(Oct 25 2024 02:04:26,    2005 sec) Sbe41cpLogCal()          PTHA1 = -6.207649e-05
(Oct 25 2024 02:04:26,    2005 sec) Sbe41cpLogCal()          PTHA2 = -6.414937e-13
(Oct 25 2024 02:04:26,    2005 sec) Sbe41cpLogCal()          POFFSET = 0.000000e+00
(Oct 25 2024 02:04:36,    2015 sec) SelfTest()           Passed: LBT model: 9523N
(Oct 25 2024 02:04:36,    2015 sec) SelfTest()           Passed: LBT firmware revision: DB20004
(Oct 25 2024 02:04:38,    2017 sec) IrModemConfigure()   Modem configured for fixed (19200) baud rate.
(Oct 25 2024 02:04:38,    2017 sec) IrModemConfigure()   Configuration saved to modem's NVRAM.
(Oct 25 2024 02:04:38,    2017 sec) IrModemConfigure()   Modem configuration successful.
(Oct 25 2024 02:04:38,    2017 sec) SelfTest()           Passed: LBT configuration was successful.
(Oct 25 2024 02:04:39,    2018 sec) SelfTest()           Passed: LBT IMEI: 300125062553320
(Oct 25 2024 02:04:45,    2024 sec) SelfTest()           Passed: SIM card ICCID: 8988169234005977699
(Oct 25 2024 02:04:46,    2025 sec) ConfigGarmin15()     Garmin GPS15 configuration initiated.
(Oct 25 2024 02:04:55,    2034 sec) ConfigGarmin15()     Garmin GPS15 successfully configured.
(Oct 25 2024 02:04:56,    2035 sec) PActivateInit()      Self-test passed.
(Oct 25 2024 02:04:56,    2035 sec) PActivateInit()      Pressure activation mode initiated. [itime=2035]
(Oct 25 2024 02:04:56,       0 sec) PistonMoveAbsWTO()    231->016 230 229 228 227 226 225 224 223 222 221 220 219 218 217 216 215 214 213 212 211 210 209 208 207 206 205 204 203 202 201 200 199 198 197 196 195 194 193 192 191 190 189 188 187 186 185 184 183 182 181 180 179 178 177 176 175 174 173 172 171 170 169 168 167 166 165 164 163 162 161 160 159 158 157 156 155 154 153 152 151 150 149 148 147 146 145 144 143 142 141 140 139 138 137 136 135 134 133 132 131 130 129 128 127 126 125 124 123 122 121 120 119 118 117 116 115 114 113 112 111 110 109 108 107 106 105 104 103 102 101 100 099 098 097 096 095 094 093 092 091 090 089 088 087 086 085 084 083 082 081 080 079 078 077 076 075 074 073 072 071 070 069 068 067 066 065 064 063 062 061 060 059 058 057 056 055 054 053 052 051 050 049 048 047 046 045 044 043 042 041 040 039 038 037 036 035 034 033 032 031 030 029 028 027 026 025 024 023 022 021 020 019 018 017 016 [1080sec, 14.8Volts, 0.139Amps, CPT:1114sec]
(Oct 25 2024 02:55:49,    3053 sec) Apf11Init()          Asynchronous wake-up detected (ie., wake-up not initiated by alarm signal).
(Nov 27 2024 09:50:02,       0 sec) PreludeInit()        Mission restarted. [pid=0, itime=2879106]
(Nov 27 2024 09:50:02,       0 sec) PistonMoveAbsWTO()    016->231 017 018 019 020 021 022 023 024 025 026 027 028 029 030 031 032 033 034 035 036 037 038 039 040 041 042 043 044 045 046 047 048 049 050 051 052 053 054 055 056 057 058 059 060 061 062 063 064 065 066 067 068 069 070 071 072 073 074 075 076 077 078 079 080 081 082 083 084 085 086 087 088 089 090 091 092 093 094 095 096 097 098 099 100 101 102 103 104 105 106 107 108 109 110 111 112 113 114 115 116 117 118 119 120 121 122 123 124 125 126 127 128 129 130 131 132 133 134 135 136 137 138 139 140 141 142 143 144 145 146 147 148 149 150 151 152 153 154 155 156 157 158 159 160 161 162 163 164 165 166 167 168 169 170 171 172 173 174 175 176 177 178 179 180 181 182 183 184 185 186 187 188 189 190 191 192 193 194 195 196 197 198 199 200 201 202 203 204 205 206 207 208 209 210 211 212 213 214 215 216 217 218 219 220 221 222 223 224 225 226 227 228 229 230 231 [1132sec, 14.5Volts, 0.199Amps, CPT:1132sec]
(Nov 27 2024 10:09:04,    1142 sec) Prelude()            Logging configuration and initiating telemetry.
(Nov 27 2024 10:09:04,    1142 sec) LogConfiguration()   Mission configuration for Apf11 FwRev 121123:
(Nov 27 2024 10:09:04,    1142 sec) LogConfiguration()      AscentTimeOut(500) [min]
(Nov 27 2024 10:09:04,    1142 sec) LogConfiguration()      AtDialCmd(AT+CBST=71,0,1;DT00881600005496) [primary]
(Nov 27 2024 10:09:04,    1142 sec) LogConfiguration()      AltDialCmd(ATDT0012066163256) [alternate]
(Nov 27 2024 10:09:04,    1142 sec) LogConfiguration()      BuoyancyNudge(10) [count]
(Nov 27 2024 10:09:04,    1142 sec) LogConfiguration()      BuoyancyNudgeInitial(22) [count]
(Nov 27 2024 10:09:04,    1142 sec) LogConfiguration()      CompensatorHyperRetraction(0) [count]
(Nov 27 2024 10:09:04,    1142 sec) LogConfiguration()      ConnectTimeOut(60) [sec]
(Nov 27 2024 10:09:04,    1142 sec) LogConfiguration()      CpActivationP(985) [dbar]
(Nov 27 2024 10:09:04,    1142 sec) LogConfiguration()      DeepProfileDescentTime(240) [min]
(Nov 27 2024 10:09:04,    1142 sec) LogConfiguration()      DeepProfilePistonPos(16) [count]
(Nov 27 2024 10:09:04,    1142 sec) LogConfiguration()      DeepProfilePressure(2020) [dbar]
(Nov 27 2024 10:09:04,    1142 sec) LogConfiguration()      DownTime(14400) [min]
(Nov 27 2024 10:09:04,    1142 sec) LogConfiguration()      FatFsEnable(1)
(Nov 27 2024 10:09:04,    1142 sec) LogConfiguration()      FloatId(23031)
(Nov 27 2024 10:09:04,    1142 sec) LogConfiguration()      FullExtension(231) [count]
(Nov 27 2024 10:09:04,    1142 sec) LogConfiguration()      FullRetraction(9) [count]
(Nov 27 2024 10:09:04,    1142 sec) LogConfiguration()      MaxAirBladder(154) [count]
(Nov 27 2024 10:09:04,    1142 sec) LogConfiguration()      MaxLogKb(50) [KByte]
(Nov 27 2024 10:09:04,    1142 sec) LogConfiguration()      MissionPrelude(360) [min]
(Nov 27 2024 10:09:04,    1142 sec) LogConfiguration()      OkVacuum(237) [count]
(Nov 27 2024 10:09:04,    1142 sec) LogConfiguration()      PActivationPistonPosition(16) [count]
(Nov 27 2024 10:09:04,    1142 sec) LogConfiguration()      ParkDescentTime(240) [min]
(Nov 27 2024 10:09:04,    1142 sec) LogConfiguration()      ParkPistonPos(66) [count]
(Nov 27 2024 10:09:04,    1142 sec) LogConfiguration()      ParkPressure(1000) [dbar]
(Nov 27 2024 10:09:04,    1142 sec) LogConfiguration()      PnPCycleLen(1)
(Nov 27 2024 10:09:04,    1142 sec) LogConfiguration()      Pwd(0xafb3)
(Nov 27 2024 10:09:04,    1142 sec) LogConfiguration()      TelemetryRetry(15) [min]
(Nov 27 2024 10:09:04,    1142 sec) LogConfiguration()      TimeOfDay(DISABLED) [min]
(Nov 27 2024 10:09:04,    1142 sec) LogConfiguration()      UpTime(660) [min]
(Nov 27 2024 10:09:04,    1142 sec) LogConfiguration()      User(f23031)
(Nov 27 2024 10:09:04,    1142 sec) LogConfiguration()      ZModemTimeOut(80) [sec]
(Nov 27 2024 10:09:04,    1142 sec) LogConfiguration()      Verbosity(2)
(Nov 27 2024 10:09:04,    1142 sec) LogConfiguration()      DebugBits(0x0002)

<EOT>
