(Dec 02 2025 11:47:03,  885521 sec) TelemetryInit()      Profile 37. (Apf11 FwRev: 121123)
(Dec 02 2025 11:47:03,  885521 sec) TelemetryInit()      Charge consumption model: OCV:15.1V Wake-Cycles:46821 Standby:401.1days Wake:22.4kC Sensors:4.6kC
(Dec 02 2025 11:57:03,  886121 sec) AirSystem()          Battery [211cnt, 14.9V]  Current [21cnt, 80.4mA]  Pneumometer [156cnt, 18.3psi]  Run-Time [142s]
(Dec 02 2025 11:57:55,  886173 sec) GpsServices()        GPS almanac is current.
(Dec 02 2025 11:57:55,  886173 sec) GpsServices()        Initiating GPS fix acquisition.
(Dec 02 2025 11:57:58,  886176 sec) gga()                $GPGGA,115810,4425.9118,S,10051.9620,W,0,00,,,M,,M,,*50
(Dec 02 2025 11:58:11,  886189 sec) gga()                $GPGGA,115830,4425.9118,S,10051.9620,W,0,00,,,M,,M,,*52
(Dec 02 2025 11:58:21,  886199 sec) gga()                $GPGGA,115840,4425.9118,S,10051.9620,W,0,00,,,M,,M,,*55
(Dec 02 2025 11:58:31,  886209 sec) gga()                $GPGGA,115850,4425.9118,S,10051.9620,W,0,00,,,M,,M,,*54
(Dec 02 2025 11:58:41,  886219 sec) gga()                $GPGGA,115900,4425.9118,S,10051.9620,W,0,00,,,M,,M,,*50
(Dec 02 2025 11:58:43,  886221 sec) gga()                $GPGGA,115900,4427.9571,S,10028.8237,W,6,10,0.9,14.5,M,-7.6,M,,*68
(Dec 02 2025 11:58:52,  886230 sec) gga()                $GPGGA,115910,4427.9572,S,10028.8225,W,1,10,0.9,13.5,M,-7.6,M,,*69
(Dec 02 2025 11:58:52,  886230 sec) GpsServices()        Profile 37 GPS fix obtained in 57 seconds.
(Dec 02 2025 11:58:52,  886230 sec) GpsServices()                   lon      lat mm/dd/yyyy hhmmss nsat
(Dec 02 2025 11:58:52,  886230 sec) GpsServices()        Fix: -100.4804 -44.4660 12/02/2025 115910   10
(Dec 02 2025 11:59:02,  886240 sec) gga()                $GPGGA,115920,4427.9574,S,10028.8215,W,1,10,0.9,13.7,M,-7.6,M,,*6D
(Dec 02 2025 11:59:11,  886249 sec) gga()                $GPGGA,115930,4427.9587,S,10028.8199,W,1,10,0.9,12.9,M,-7.6,M,,*68
(Dec 02 2025 11:59:11,  886249 sec) GpsServices()        APF11 RTC skew (-19s) OK.
(Dec 02 2025 11:59:11,  886249 sec) GpsServices()        GPS services complete.
(Dec 02 2025 11:59:46,  886284 sec) IrGeoLoc()           <x,y,z>=<-856km,-4480km,-4440km> lat=-44.421 lon=-100.817 IrSysTime=0xf10c9714
(Dec 02 2025 11:59:49,  886287 sec) CLogin()             Connecting to primary host.
(Dec 02 2025 12:00:09,  886307 sec) CLogin()             Connection 1 established in 20 seconds.
(Dec 02 2025 12:00:24,  886322 sec) login()              Login successful.
(Dec 02 2025 12:00:29,  886327 sec) chat()               Expected string [cmd>] not received.
(Dec 02 2025 12:00:29,  886327 sec) login()              Attempt to set the command prompt failed.
(Dec 02 2025 12:00:34,  886332 sec) chat()               Expected string [cmd>] not received.
(Dec 02 2025 12:00:34,  886332 sec) login()              Attempt to set the command prompt failed.
(Dec 02 2025 12:00:43,  886341 sec) CLogin()             Logged in to host.  [Login required 34 seconds]
(Dec 02 2025 12:00:44,  886342 sec) RxConfig()           Downloading "mission.cfg" from host.
(Dec 02 2025 12:00:59,  886357 sec) RxConfig()           Download successful: [bytes:49, sec:12.6, bps:4]
(Dec 02 2025 12:01:03,  886361 sec) WriteVitals_()       Writing vitals to "23031.037.msg".
(Dec 02 2025 12:01:10,  886368 sec) UpLoadFile()         Uploading "23031.037.log" to host.
(Dec 02 2025 12:03:21,  886499 sec) UpLoadFile()         Upload successful: [bytes:35271, sec:130.7, bps:270]
(Dec 02 2025 12:03:22,  886500 sec) fmove()              Moved: 23031.037.log -> archive/23031.037.log
(Dec 02 2025 12:03:28,  886506 sec) UpLoadFile()         Uploading "23031.037.msg" to host.
(Dec 02 2025 12:05:08,  886606 sec) UpLoadFile()         Upload successful: [bytes:26516, sec:100.8, bps:263]
(Dec 02 2025 12:05:09,  886607 sec) fmove()              Moved: 23031.037.msg -> archive/23031.037.msg
(Dec 02 2025 12:05:10,  886608 sec) UpLoad()             Files successfully uploaded: 2
(Dec 02 2025 12:05:10,  886608 sec) UpLoad()             Upload complete.
(Dec 02 2025 12:05:18,  886616 sec) chat()               Expected string [logout] not received.
(Dec 02 2025 12:05:18,  886616 sec) logout()             Attempt to log-out failed.
(Dec 02 2025 12:05:18,  886616 sec) logout()             No carrier detected.
(Dec 02 2025 12:05:18,  886616 sec) Telemetry()          Telemetry cycle complete: PrfId=37 ConnectionAttempts=1  Connections=1
(Dec 02 2025 12:05:18,  886616 sec) TelemetryTerminate() Parsing new mission configuration.
(Dec 02 2025 12:05:19,  886617 sec) configure()          Parsing configurators in "mission.cfg".
(Dec 02 2025 12:05:19,  886617 sec) configure()             TelemetryRetry(15)      [0x7BBC] [TelemetryRetry(15)].
(Dec 02 2025 12:05:19,  886617 sec) configure()             DownTime(14400) [CRC=0x9F62] [DownTime(14400)].
(Dec 02 2025 12:05:19,  886617 sec) configure()          Configuration CRCs and syntax OK.
(Dec 02 2025 12:05:20,  886618 sec) ConfigSupervisor()   Configuration accepted.
(Dec 02 2025 12:05:20,  886618 sec) TelemetryTerminate() Reconditioning the file system.
(Dec 02 2025 12:05:22,       0 sec) DescentInit()        Deep profile 38 initiated at mission-time 886620sec.
(Dec 02 2025 12:05:23,       1 sec) DescentInit()        Surface pressure: -0.5dbars.
(Dec 02 2025 12:05:23,       1 sec) DescentInit()        Charge consumption model: OCV:14.7V Wake-Cycles:46822 Standby:401.1days Wake:22.4kC Sleep:4.6kC
(Dec 02 2025 12:05:35,      13 sec) DescentInit()        Pneumatic humidity: 1049(6.7%) -> 1139(9.3%)
(Dec 02 2025 12:05:35,      13 sec) PistonMoveAbsWTO()    180->075 179 178 177 176 175 174 173 172 171 170 169 168 167 166 165 164 163 162 161 160 159 158 157 156 155 154 153 152 151 150 149 148 147 146 145 144 143 142 141 140 139 138 137 136 135 134 133 132 131 130 129 128 127 126 125 124 123 122 121 120 119 118 117 116 115 114 113 112 111 112 111 110 109 108 107 106 105 104 103 102 101 100 099 098 097 096 095 094 093 092 091 090 089 088 087 086 085 084 083 082 081 080 079 078 077 076 075 [542sec, 14.7Volts, 0.144Amps, CPT:542sec]
(Dec 02 2025 12:14:40,     558 sec) DescentInit()        Air solenoid open: Barometer [193cnt,  11.3psi]  Pneumometer [100cnt,  11.7psi]
(Dec 02 2025 12:14:50,     568 sec) Descent()            Pressure: 0.1
(Dec 02 2025 13:05:22,    3600 sec) Descent()            Pressure: 404.6
(Dec 02 2025 14:05:22,    7200 sec) Descent()            Pressure: 754.9
(Dec 02 2025 15:05:22,   10800 sec) Descent()            Pressure: 953.9
(Dec 02 2025 16:05:22,   14400 sec) Descent()            Pressure: 993.7
(Dec 02 2025 16:05:22,   14400 sec) ParkInit()           Charge consumption model: OCV:15.3V Wake-Cycles:46827 Standby:401.3days Wake:22.6kC Sensors:4.6kC
(Dec 12 2025 08:05:44,  849622 sec) CtdPower()           [ 1004.20,  4.2552, 34.2905]
(Dec 12 2025 08:05:44,  849622 sec) CtdPower()           CTD Power consumption [208VCnt 4ACnt]: 14.656Volts * 0.014Amps = 0.20Watts.
(Dec 12 2025 08:05:54,  849632 sec) ParkTerminate()      Piston Position:75 Vacuum:190 HumidityAd12:1056(6.9%) Vq:213 Aq:2 Vsbe:208 Asbe:4
(Dec 12 2025 08:06:16,  849654 sec) ParkTerminate()      PTS: 1004.2dbars 4.2553C 34.2889PSU
(Dec 12 2025 08:06:16,  849654 sec) GoDeepInit()         Charge consumption model: OCV:15.0V Wake-Cycles:47059 Standby:410.9days Wake:22.6kC Sensors:4.6kC
(Dec 12 2025 08:06:16,  849654 sec) GoDeepInit()         Moving piston.
(Dec 12 2025 08:06:16,  849654 sec) PistonMoveAbsWTO()    075->015 074 073 072 071 070 069 068 067 066 065 064 063 062 061 060 059 058 057 056 055 054 053 052 051 050 049 048 047 046 045 044 043 042 041 040 039 038 037 036 035 034 033 032 031 030 029 028 027 026 025 024 023 022 021 020 019 018 017 016 015 [300sec, 14.9Volts, 0.054Amps, CPT:842sec]
(Dec 12 2025 11:30:22,  861900 sec) GoDeep()             Sequence point detected at 2023.0dbar.
(Dec 12 2025 11:30:22,  861900 sec) ProfileInit()        Charge consumption model: OCV:15.1V Wake-Cycles:47099 Standby:411.1days Wake:22.7kC Sensors:4.6kC
(Dec 12 2025 11:30:23,  861901 sec) ProfileInit()        PrfId:038  Pressure:2023.0dbar  pTable[0]:2000dbar
(Dec 12 2025 11:30:34,  861912 sec) PistonMoveAbsWTO()    015->037 016 017 018 019 020 [30sec, 14.1Volts, 0.639Amps, CPT:872sec]
(Dec 12 2025 11:31:15,  861953 sec) PistonMoveAbsWTO()    020->037 021 022 023 024 025 [30sec, 14.0Volts, 0.623Amps, CPT:902sec]
(Dec 12 2025 11:31:56,  861994 sec) PistonMoveAbsWTO()    025->037 026 027 028 029 030 [30sec, 13.9Volts, 0.620Amps, CPT:932sec]
(Dec 12 2025 11:32:37,  862035 sec) PistonMoveAbsWTO()    030->037 031 032 033 034 035 [30sec, 13.9Volts, 0.630Amps, CPT:962sec]
(Dec 12 2025 11:33:18,  862076 sec) PistonMoveAbsWTO()    035->037 036 037 [8sec, 13.9Volts, 0.621Amps, CPT:970sec]
(Dec 12 2025 11:35:27,  862205 sec) Profile()            Sample 0 initiated at 2000.6dbars for bin 0 [2000dbars].  PTS: 1998.0dbars 2.2896C 34.6335PSU
(Dec 12 2025 11:42:36,  862634 sec) Profile()            Sample 1 initiated at 1950.1dbars for bin 1 [1950dbars].  PTS: 1947.6dbars 2.3354C 34.6225PSU
(Dec 12 2025 11:50:18,  863096 sec) Profile()            Sample 2 initiated at 1900.2dbars for bin 2 [1900dbars].  PTS: 1897.9dbars 2.3879C 34.6113PSU
(Dec 12 2025 11:58:33,  863591 sec) Profile()            Sample 3 initiated at 1850.2dbars for bin 3 [1850dbars].  PTS: 1848.2dbars 2.4466C 34.5991PSU
(Dec 12 2025 12:07:32,  864130 sec) Profile()            Sample 4 initiated at 1800.7dbars for bin 4 [1800dbars].  PTS: 1798.8dbars 2.4982C 34.5866PSU
(Dec 12 2025 12:16:20,  864658 sec) AscentControlAgent() Bouyancy nudge to 47 (v=0.076dbar/sec).
(Dec 12 2025 12:16:21,  864659 sec) PistonMoveAbsWTO()    037->047 038 039 040 041 042 [30sec, 14.4Volts, 0.553Amps, CPT:1000sec]
(Dec 12 2025 12:17:02,  864700 sec) PistonMoveAbsWTO()    042->047 043 044 045 046 047 [27sec, 14.2Volts, 0.564Amps, CPT:1027sec]
(Dec 12 2025 12:18:02,  864760 sec) Profile()            Sample 5 initiated at 1749.7dbars for bin 5 [1750dbars].  PTS: 1747.2dbars 2.5607C 34.5732PSU
(Dec 12 2025 12:25:33,  865211 sec) Profile()            Sample 6 initiated at 1700.1dbars for bin 6 [1700dbars].  PTS: 1698.0dbars 2.6209C 34.5613PSU
(Dec 12 2025 12:34:21,  865739 sec) Profile()            Sample 7 initiated at 1650.9dbars for bin 7 [1650dbars].  PTS: 1649.2dbars 2.6944C 34.5464PSU
(Dec 12 2025 12:41:52,  866190 sec) AscentControlAgent() Bouyancy nudge to 57 (v=0.078dbar/sec).
(Dec 12 2025 12:41:53,  866191 sec) PistonMoveAbsWTO()    047->057 048 049 050 051 052 [30sec, 14.4Volts, 0.533Amps, CPT:1057sec]
(Dec 12 2025 12:42:34,  866232 sec) PistonMoveAbsWTO()    052->057 053 054 055 056 057 [26sec, 14.2Volts, 0.520Amps, CPT:1083sec]
(Dec 12 2025 12:44:18,  866336 sec) Profile()            Sample 8 initiated at 1600.5dbars for bin 8 [1600dbars].  PTS: 1598.1dbars 2.7729C 34.5320PSU
(Dec 12 2025 12:51:49,  866787 sec) Profile()            Sample 9 initiated at 1550.9dbars for bin 9 [1550dbars].  PTS: 1548.6dbars 2.8787C 34.5132PSU
(Dec 12 2025 12:59:53,  867271 sec) Profile()            Sample 10 initiated at 1500.5dbars for bin 10 [1500dbars].  PTS: 1498.4dbars 2.9421C 34.4950PSU
(Dec 12 2025 13:08:41,  867799 sec) Profile()            Sample 11 initiated at 1450.4dbars for bin 11 [1450dbars].  PTS: 1448.7dbars 3.0077C 34.4793PSU
(Dec 12 2025 13:17:40,  868338 sec) AscentControlAgent() Bouyancy nudge to 67 (v=0.071dbar/sec).
(Dec 12 2025 13:17:41,  868339 sec) PistonMoveAbsWTO()    057->067 058 059 060 061 062 [30sec, 14.5Volts, 0.494Amps, CPT:1113sec]
(Dec 12 2025 13:18:22,  868380 sec) PistonMoveAbsWTO()    062->067 063 064 065 066 067 [26sec, 14.3Volts, 0.486Amps, CPT:1139sec]
(Dec 12 2025 13:19:32,  868450 sec) Profile()            Sample 12 initiated at 1400.2dbars for bin 12 [1400dbars].  PTS: 1398.0dbars 3.0724C 34.4622PSU
(Dec 12 2025 13:27:47,  868945 sec) Profile()            Sample 13 initiated at 1350.2dbars for bin 13 [1350dbars].  PTS: 1348.2dbars 3.1391C 34.4300PSU
(Dec 12 2025 13:37:08,  869506 sec) Profile()            Sample 14 initiated at 1300.4dbars for bin 14 [1300dbars].  PTS: 1298.7dbars 3.2281C 34.4059PSU
(Dec 12 2025 13:47:57,  870155 sec) Profile()            Sample 15 initiated at 1250.4dbars for bin 15 [1250dbars].  PTS: 1248.9dbars 3.3423C 34.3867PSU
(Dec 12 2025 13:48:30,  870188 sec) AscentControlAgent() Bouyancy nudge to 77 (v=0.071dbar/sec).
(Dec 12 2025 13:48:31,  870189 sec) PistonMoveAbsWTO()    067->077 068 069 070 071 072 [30sec, 14.5Volts, 0.451Amps, CPT:1169sec]
(Dec 12 2025 13:49:12,  870230 sec) PistonMoveAbsWTO()    072->077 073 074 075 076 077 [25sec, 14.4Volts, 0.447Amps, CPT:1194sec]
(Dec 12 2025 13:56:24,  870662 sec) Profile()            Sample 16 initiated at 1200.6dbars for bin 16 [1200dbars].  PTS: 1198.4dbars 3.4597C 34.3670PSU
(Dec 12 2025 14:04:50,  871168 sec) Profile()            Sample 17 initiated at 1150.9dbars for bin 17 [1150dbars].  PTS: 1148.9dbars 3.6123C 34.3448PSU
(Dec 12 2025 14:14:11,  871729 sec) AscentControlAgent() Bouyancy nudge to 87 (v=0.076dbar/sec).
(Dec 12 2025 14:14:12,  871730 sec) PistonMoveAbsWTO()    077->087 078 079 080 081 082 [30sec, 14.6Volts, 0.405Amps, CPT:1224sec]
(Dec 12 2025 14:15:15,  871793 sec) Profile()            Sample 18 initiated at 1100.3dbars for bin 18 [1100dbars].  PTS: 1098.4dbars 3.8408C 34.3212PSU
(Dec 12 2025 14:15:15,  871793 sec) PistonMoveAbsWTO()    082->087 083 084 085 086 087 [25sec, 14.4Volts, 0.414Amps, CPT:1249sec]
(Dec 12 2025 14:23:22,  872280 sec) Profile()            Sample 19 initiated at 1050.4dbars for bin 19 [1050dbars].  PTS: 1048.3dbars 4.0386C 34.3041PSU
(Dec 12 2025 14:32:10,  872808 sec) Profile()            Sample 20 initiated at 1000.6dbars for bin 20 [1000dbars].  PTS: 998.7dbars 4.2650C 34.2908PSU
(Dec 12 2025 14:36:14,  873052 sec) Sbe41cpStartCP()     Continuous profile started.
(Dec 12 2025 14:46:18,  873656 sec) AscentControlAgent() Bouyancy nudge to 97 (v=0.072dbar/sec).
(Dec 12 2025 14:46:18,  873656 sec) PistonMoveAbsWTO()    087->097 088 089 090 091 092 [30sec, 14.5Volts, 0.369Amps, CPT:1279sec]
(Dec 12 2025 14:47:00,  873698 sec) PistonMoveAbsWTO()    092->097 093 094 095 096 097 [25sec, 14.4Volts, 0.365Amps, CPT:1304sec]
(Dec 12 2025 15:17:36,  875534 sec) AscentControlAgent() Bouyancy nudge to 107 (v=0.076dbar/sec).
(Dec 12 2025 15:17:37,  875535 sec) PistonMoveAbsWTO()    097->107 098 099 100 101 102 [30sec, 14.5Volts, 0.329Amps, CPT:1334sec]
(Dec 12 2025 15:18:18,  875576 sec) PistonMoveAbsWTO()    102->107 103 104 105 106 107 [24sec, 14.5Volts, 0.332Amps, CPT:1358sec]
(Dec 12 2025 15:43:51,  877109 sec) AscentControlAgent() Bouyancy nudge to 117 (v=0.080dbar/sec).
(Dec 12 2025 15:43:52,  877110 sec) PistonMoveAbsWTO()    107->117 108 109 110 111 112 [30sec, 14.6Volts, 0.297Amps, CPT:1388sec]
(Dec 12 2025 15:44:33,  877151 sec) PistonMoveAbsWTO()    112->117 113 114 115 116 117 [23sec, 14.5Volts, 0.294Amps, CPT:1411sec]
(Dec 12 2025 16:20:10,  879288 sec) AscentControlAgent() Bouyancy nudge to 127 (v=0.079dbar/sec).
(Dec 12 2025 16:20:11,  879289 sec) PistonMoveAbsWTO()    117->127 118 119 120 121 122 [30sec, 14.6Volts, 0.251Amps, CPT:1441sec]
(Dec 12 2025 16:20:52,  879330 sec) PistonMoveAbsWTO()    122->127 123 124 125 126 127 [23sec, 14.6Volts, 0.250Amps, CPT:1464sec]
(Dec 12 2025 16:56:28,  881466 sec) AscentControlAgent() Bouyancy nudge to 137 (v=0.071dbar/sec).
(Dec 12 2025 16:56:29,  881467 sec) PistonMoveAbsWTO()    127->137 128 129 130 131 132 [30sec, 14.7Volts, 0.205Amps, CPT:1494sec]
(Dec 12 2025 16:57:10,  881508 sec) PistonMoveAbsWTO()    133->137 134 135 136 137 [21sec, 14.7Volts, 0.210Amps, CPT:1515sec]
(Dec 12 2025 17:12:37,  882435 sec) AscentControlAgent() Bouyancy nudge to 147 (v=0.069dbar/sec).
(Dec 12 2025 17:12:38,  882436 sec) PistonMoveAbsWTO()    137->147 138 139 140 141 142 [30sec, 14.7Volts, 0.185Amps, CPT:1545sec]
(Dec 12 2025 17:13:19,  882477 sec) PistonMoveAbsWTO()    142->147 143 144 145 146 147 [21sec, 14.7Volts, 0.191Amps, CPT:1566sec]
(Dec 12 2025 17:28:53,  883411 sec) AscentControlAgent() Bouyancy nudge to 157 (v=0.066dbar/sec).
(Dec 12 2025 17:28:54,  883412 sec) PistonMoveAbsWTO()    147->157 148 149 150 151 152 153 [30sec, 14.8Volts, 0.171Amps, CPT:1596sec]
(Dec 12 2025 17:29:35,  883453 sec) PistonMoveAbsWTO()    153->157 154 155 156 [15sec, 14.7Volts, 0.169Amps, CPT:1611sec]
(Dec 12 2025 17:30:01,  883479 sec) PistonMoveAbsWTO()    156->157 157 [5sec, 14.7Volts, 0.183Amps, CPT:1616sec]
(Dec 12 2025 17:32:30,  883628 sec) SurfaceDetect()      SurfacePressure:-0.5dbars Pressure:3.6dbars PistonPosition:157
(Dec 12 2025 17:32:31,  883629 sec) Sbe41cpStopCP()      Continuous profile stopped.
(Dec 12 2025 17:32:34,  883632 sec) PistonMoveAbsWTO()    157->179 158 159 160 161 162 163 164 165 166 167 168 169 170 171 172 173 174 175 176 177 178 179 [113sec, 14.7Volts, 0.164Amps, CPT:1729sec]
(Dec 12 2025 17:34:32,  883750 sec) chat()               Expected string [S>] not received.
(Dec 12 2025 17:36:12,  883850 sec) Sbe41cpBinAverage()  Finished averaging 10600 samples in 95 seconds.
(Dec 12 2025 17:36:17,  883855 sec) Sbe41cpUploadCP_()   Sbe41cpSerNo[18560] NSample[10600] NBin[493]
(Dec 12 2025 17:36:48,  883886 sec) Sbe41cpUploadCP_()   Continuous profile uploaded [493 lines].

<EOT>
