(Dec 22 2025 23:52:34,  885561 sec) TelemetryInit()      Profile 39. (Apf11 FwRev: 121123)
(Dec 22 2025 23:52:34,  885561 sec) TelemetryInit()      Charge consumption model: OCV:15.1V Wake-Cycles:49368 Standby:421.5days Wake:23.5kC Sensors:4.9kC
(Dec 23 2025 00:02:12,  886139 sec) AirSystem()          Battery [212cnt, 14.9V]  Current [19cnt, 75.3mA]  Pneumometer [156cnt, 18.3psi]  Run-Time [131s]
(Dec 23 2025 00:02:42,  886169 sec) GpsServices()        GPS almanac is current.
(Dec 23 2025 00:02:42,  886169 sec) GpsServices()        Initiating GPS fix acquisition.
(Dec 23 2025 00:02:45,  886172 sec) gga()                $GPGGA,000300,4427.6735,S,09958.8084,W,0,00,,,M,,M,,*5A
(Dec 23 2025 00:03:00,  886187 sec) gga()                $GPGGA,000320,4427.6735,S,09958.8084,W,0,00,,,M,,M,,*58
(Dec 23 2025 00:03:10,  886197 sec) gga()                $GPGGA,000330,4427.6735,S,09958.8084,W,0,00,,,M,,M,,*59
(Dec 23 2025 00:03:12,  886199 sec) gga()                $GPGGA,000330,4424.3196,S,09939.8734,W,6,11,0.9,10.9,M,-7.3,M,,*6B
(Dec 23 2025 00:03:21,  886208 sec) gga()                $GPGGA,000340,4424.3198,S,09939.8729,W,1,11,0.9,3.5,M,-7.3,M,,*57
(Dec 23 2025 00:03:21,  886208 sec) GpsServices()        Profile 39 GPS fix obtained in 39 seconds.
(Dec 23 2025 00:03:21,  886208 sec) GpsServices()                   lon      lat mm/dd/yyyy hhmmss nsat
(Dec 23 2025 00:03:21,  886208 sec) GpsServices()        Fix:  -99.6646 -44.4053 12/23/2025 000340   11
(Dec 23 2025 00:03:31,  886218 sec) gga()                $GPGGA,000350,4424.3196,S,09939.8728,W,1,11,0.9,2.8,M,-7.3,M,,*55
(Dec 23 2025 00:03:40,  886227 sec) gga()                $GPGGA,000400,4424.3206,S,09939.8724,W,1,11,0.9,2.2,M,-7.3,M,,*5B
(Dec 23 2025 00:03:40,  886227 sec) GpsServices()        APF11 RTC skew (-20s) OK.
(Dec 23 2025 00:03:40,  886227 sec) GpsServices()        GPS services complete.
(Dec 23 2025 00:04:29,  886276 sec) IrGeoLoc()           <x,y,z>=<-788km,-4488km,-4444km> lat=-44.475 lon=-99.958 IrSysTime=0xf238eef4
(Dec 23 2025 00:04:33,  886280 sec) CLogin()             Connecting to primary host.
(Dec 23 2025 00:04:45,  886292 sec) CLogin()             Connection 1 established in 12 seconds.
(Dec 23 2025 00:05:15,  886322 sec) expect()             Attempt to read prompt string [login:] failed.
(Dec 23 2025 00:05:15,  886322 sec) login()              Login prompt not received.
(Dec 23 2025 00:05:24,  886331 sec) login()              Login successful.
(Dec 23 2025 00:05:30,  886337 sec) CLogin()             Logged in to host.  [Login required 45 seconds]
(Dec 23 2025 00:05:32,  886339 sec) RxConfig()           Downloading "mission.cfg" from host.
(Dec 23 2025 00:05:47,  886354 sec) RxConfig()           Download successful: [bytes:49, sec:13.0, bps:4]
(Dec 23 2025 00:05:51,  886358 sec) WriteVitals_()       Writing vitals to "23031.039.msg".
(Dec 23 2025 00:05:56,  886363 sec) UpLoadFile()         Uploading "23031.039.log" to host.
(Dec 23 2025 00:07:25,  886452 sec) UpLoadFile()         Upload successful: [bytes:17083, sec:89.0, bps:192]
(Dec 23 2025 00:07:26,  886453 sec) fmove()              Moved: 23031.039.log -> archive/23031.039.log
(Dec 23 2025 00:07:29,  886456 sec) UpLoadFile()         Uploading "23031.039.msg" to host.
(Dec 23 2025 00:09:00,  886547 sec) UpLoadFile()         Upload successful: [bytes:26516, sec:90.5, bps:293]
(Dec 23 2025 00:09:01,  886548 sec) fmove()              Moved: 23031.039.msg -> archive/23031.039.msg
(Dec 23 2025 00:09:02,  886549 sec) UpLoad()             Files successfully uploaded: 2
(Dec 23 2025 00:09:02,  886549 sec) UpLoad()             Upload complete.
(Dec 23 2025 00:09:09,  886556 sec) chat()               Expected string [logout] not received.
(Dec 23 2025 00:09:09,  886556 sec) logout()             Attempt to log-out failed.
(Dec 23 2025 00:09:09,  886556 sec) logout()             No carrier detected.
(Dec 23 2025 00:09:09,  886556 sec) Telemetry()          Telemetry cycle complete: PrfId=39 ConnectionAttempts=1  Connections=1
(Dec 23 2025 00:09:09,  886556 sec) TelemetryTerminate() Parsing new mission configuration.
(Dec 23 2025 00:09:10,  886557 sec) configure()          Parsing configurators in "mission.cfg".
(Dec 23 2025 00:09:10,  886557 sec) configure()             TelemetryRetry(15)      [0x7BBC] [TelemetryRetry(15)].
(Dec 23 2025 00:09:10,  886557 sec) configure()             DownTime(14400) [CRC=0x9F62] [DownTime(14400)].
(Dec 23 2025 00:09:10,  886557 sec) configure()          Configuration CRCs and syntax OK.
(Dec 23 2025 00:09:11,  886558 sec) ConfigSupervisor()   Configuration accepted.
(Dec 23 2025 00:09:11,  886558 sec) TelemetryTerminate() Reconditioning the file system.
(Dec 23 2025 00:09:13,       0 sec) DescentInit()        Deep profile 40 initiated at mission-time 886560sec.
(Dec 23 2025 00:09:14,       1 sec) DescentInit()        Surface pressure: -0.5dbars.
(Dec 23 2025 00:09:14,       1 sec) DescentInit()        Charge consumption model: OCV:14.8V Wake-Cycles:49369 Standby:421.5days Wake:23.5kC Sleep:4.9kC
(Dec 23 2025 00:09:26,      13 sec) DescentInit()        Pneumatic humidity: 1061(7.0%) -> 1132(9.1%)
(Dec 23 2025 00:09:26,      13 sec) PistonMoveAbsWTO()    180->075 179 178 177 176 175 174 173 172 171 170 169 168 167 166 165 164 163 162 161 160 159 158 157 156 155 154 153 152 151 150 149 148 147 146 145 144 143 142 141 140 139 138 137 136 135 134 133 132 131 130 129 128 127 126 125 124 123 122 121 120 119 118 117 116 115 114 113 112 111 110 109 108 107 106 105 104 103 102 101 100 099 098 097 096 095 094 093 092 091 090 089 088 087 086 085 084 083 082 081 080 079 078 077 076 075 [541sec, 14.7Volts, 0.140Amps, CPT:541sec]
(Dec 23 2025 00:18:30,     557 sec) DescentInit()        Air solenoid open: Barometer [194cnt,  11.4psi]  Pneumometer [100cnt,  11.7psi]
(Dec 23 2025 00:18:40,     567 sec) Descent()            Pressure: -0.1
(Dec 23 2025 01:09:13,    3600 sec) Descent()            Pressure: 377.3
(Dec 23 2025 02:09:13,    7200 sec) Descent()            Pressure: 745.6
(Dec 23 2025 03:09:13,   10800 sec) Descent()            Pressure: 948.1
(Dec 23 2025 04:09:13,   14400 sec) Descent()            Pressure: 995.3
(Dec 23 2025 04:09:13,   14400 sec) ParkInit()           Charge consumption model: OCV:15.3V Wake-Cycles:49374 Standby:421.7days Wake:23.7kC Sensors:4.9kC
(Jan 01 2026 20:09:35,  849622 sec) CtdPower()           [  999.92,  4.1935, 34.2933]
(Jan 01 2026 20:09:35,  849622 sec) CtdPower()           CTD Power consumption [208VCnt 3ACnt]: 14.634Volts * 0.014Amps = 0.20Watts.
(Jan 01 2026 20:09:45,  849632 sec) ParkTerminate()      Piston Position:75 Vacuum:190 HumidityAd12:1063(7.1%) Vq:213 Aq:2 Vsbe:208 Asbe:3
(Jan 01 2026 20:10:07,  849654 sec) ParkTerminate()      PTS: 999.8dbars 4.1936C 34.2938PSU
(Jan 01 2026 20:10:07,  849654 sec) GoDeepInit()         Charge consumption model: OCV:15.0V Wake-Cycles:49606 Standby:431.3days Wake:23.7kC Sensors:4.9kC
(Jan 01 2026 20:10:07,  849654 sec) GoDeepInit()         Moving piston.
(Jan 01 2026 20:10:07,  849654 sec) PistonMoveAbsWTO()    075->015 074 073 072 071 070 069 068 067 066 065 064 063 062 061 060 059 058 057 056 055 054 053 052 051 050 049 048 047 046 045 044 043 042 041 040 039 038 037 036 035 034 033 032 031 030 029 028 027 026 025 024 023 022 021 020 019 018 017 016 015 [302sec, 14.9Volts, 0.059Amps, CPT:843sec]
(Jan 01 2026 23:19:13,  861000 sec) GoDeep()             Sequence point detected at 2021.1dbar.
(Jan 01 2026 23:19:13,  861000 sec) ProfileInit()        Charge consumption model: OCV:15.0V Wake-Cycles:49643 Standby:431.5days Wake:23.7kC Sensors:4.9kC
(Jan 01 2026 23:19:14,  861001 sec) ProfileInit()        PrfId:040  Pressure:2021.2dbar  pTable[0]:2000dbar
(Jan 01 2026 23:19:25,  861012 sec) PistonMoveAbsWTO()    015->037 016 017 018 019 020 [30sec, 14.1Volts, 0.607Amps, CPT:873sec]
(Jan 01 2026 23:20:06,  861053 sec) PistonMoveAbsWTO()    020->037 021 022 023 024 025 [30sec, 13.9Volts, 0.615Amps, CPT:903sec]
(Jan 01 2026 23:20:47,  861094 sec) PistonMoveAbsWTO()    025->037 026 027 028 029 030 [30sec, 13.9Volts, 0.614Amps, CPT:933sec]
(Jan 01 2026 23:21:28,  861135 sec) PistonMoveAbsWTO()    030->037 031 032 033 034 035 [30sec, 13.9Volts, 0.619Amps, CPT:963sec]
(Jan 01 2026 23:22:09,  861176 sec) PistonMoveAbsWTO()    035->037 036 037 [8sec, 13.9Volts, 0.614Amps, CPT:971sec]
(Jan 01 2026 23:23:35,  861262 sec) PistonMoveAbsWTO()    036->037 037 [1sec, 14.1Volts, 0.654Amps, CPT:972sec]
(Jan 01 2026 23:24:09,  861296 sec) Profile()            Sample 0 initiated at 2000.3dbars for bin 0 [2000dbars].  PTS: 1997.6dbars 2.3108C 34.6300PSU
(Jan 01 2026 23:31:07,  861714 sec) Profile()            Sample 1 initiated at 1949.9dbars for bin 1 [1950dbars].  PTS: 1947.4dbars 2.3530C 34.6197PSU
(Jan 01 2026 23:38:27,  862154 sec) Profile()            Sample 2 initiated at 1900.2dbars for bin 2 [1900dbars].  PTS: 1897.9dbars 2.4031C 34.6083PSU
(Jan 01 2026 23:46:42,  862649 sec) Profile()            Sample 3 initiated at 1850.1dbars for bin 3 [1850dbars].  PTS: 1848.1dbars 2.4431C 34.5992PSU
(Jan 01 2026 23:55:52,  863199 sec) Profile()            Sample 4 initiated at 1800.3dbars for bin 4 [1800dbars].  PTS: 1798.5dbars 2.4881C 34.5888PSU
(Jan 01 2026 23:59:54,  863441 sec) AscentControlAgent() Bouyancy nudge to 47 (v=0.079dbar/sec).
(Jan 01 2026 23:59:55,  863442 sec) PistonMoveAbsWTO()    037->047 038 039 040 041 042 [30sec, 14.3Volts, 0.566Amps, CPT:1002sec]
(Jan 02 2026 00:00:36,  863483 sec) PistonMoveAbsWTO()    042->047 043 044 045 046 047 [28sec, 14.2Volts, 0.574Amps, CPT:1030sec]
(Jan 02 2026 00:04:55,  863742 sec) Profile()            Sample 5 initiated at 1749.8dbars for bin 5 [1750dbars].  PTS: 1747.5dbars 2.5557C 34.5740PSU
(Jan 02 2026 00:12:27,  864194 sec) Profile()            Sample 6 initiated at 1700.5dbars for bin 6 [1700dbars].  PTS: 1698.2dbars 2.6338C 34.5590PSU
(Jan 02 2026 00:20:42,  864689 sec) Profile()            Sample 7 initiated at 1650.6dbars for bin 7 [1650dbars].  PTS: 1648.6dbars 2.6966C 34.5462PSU
(Jan 02 2026 00:30:15,  865262 sec) Profile()            Sample 8 initiated at 1600.8dbars for bin 8 [1600dbars].  PTS: 1599.2dbars 2.7648C 34.5341PSU
(Jan 02 2026 00:36:07,  865614 sec) AscentControlAgent() Bouyancy nudge to 57 (v=0.073dbar/sec).
(Jan 02 2026 00:36:08,  865615 sec) PistonMoveAbsWTO()    047->057 048 049 050 051 052 [30sec, 14.4Volts, 0.511Amps, CPT:1060sec]
(Jan 02 2026 00:36:49,  865656 sec) PistonMoveAbsWTO()    052->057 053 054 055 056 057 [26sec, 14.3Volts, 0.526Amps, CPT:1086sec]
(Jan 02 2026 00:40:11,  865858 sec) Profile()            Sample 9 initiated at 1550.6dbars for bin 9 [1550dbars].  PTS: 1548.3dbars 2.8437C 34.5166PSU
(Jan 02 2026 00:48:26,  866353 sec) Profile()            Sample 10 initiated at 1500.5dbars for bin 10 [1500dbars].  PTS: 1498.5dbars 2.9127C 34.5043PSU
(Jan 02 2026 00:57:47,  866914 sec) Profile()            Sample 11 initiated at 1450.5dbars for bin 11 [1450dbars].  PTS: 1448.8dbars 3.0051C 34.4878PSU
(Jan 02 2026 01:06:57,  867464 sec) AscentControlAgent() Bouyancy nudge to 67 (v=0.072dbar/sec).
(Jan 02 2026 01:06:58,  867465 sec) PistonMoveAbsWTO()    057->067 058 059 060 061 062 [30sec, 14.5Volts, 0.487Amps, CPT:1116sec]
(Jan 02 2026 01:07:39,  867506 sec) PistonMoveAbsWTO()    062->067 063 064 065 066 067 [26sec, 14.3Volts, 0.489Amps, CPT:1142sec]
(Jan 02 2026 01:08:38,  867565 sec) Profile()            Sample 12 initiated at 1400.4dbars for bin 12 [1400dbars].  PTS: 1398.2dbars 3.0844C 34.4662PSU
(Jan 02 2026 01:16:31,  868038 sec) Profile()            Sample 13 initiated at 1350.5dbars for bin 13 [1350dbars].  PTS: 1348.4dbars 3.1659C 34.4460PSU
(Jan 02 2026 01:25:30,  868577 sec) Profile()            Sample 14 initiated at 1300.9dbars for bin 14 [1300dbars].  PTS: 1299.1dbars 3.2570C 34.4213PSU
(Jan 02 2026 01:32:39,  869006 sec) AscentControlAgent() Bouyancy nudge to 77 (v=0.079dbar/sec).
(Jan 02 2026 01:32:40,  869007 sec) PistonMoveAbsWTO()    067->077 068 069 070 071 072 [30sec, 14.5Volts, 0.449Amps, CPT:1172sec]
(Jan 02 2026 01:33:21,  869048 sec) PistonMoveAbsWTO()    072->077 073 074 075 076 077 [26sec, 14.4Volts, 0.442Amps, CPT:1198sec]
(Jan 02 2026 01:35:15,  869162 sec) Profile()            Sample 15 initiated at 1250.9dbars for bin 15 [1250dbars].  PTS: 1248.5dbars 3.3089C 34.3961PSU
(Jan 02 2026 01:42:46,  869613 sec) Profile()            Sample 16 initiated at 1200.1dbars for bin 16 [1200dbars].  PTS: 1197.9dbars 3.4499C 34.3705PSU
(Jan 02 2026 01:51:12,  870119 sec) Profile()            Sample 17 initiated at 1150.8dbars for bin 17 [1150dbars].  PTS: 1148.9dbars 3.6008C 34.3483PSU
(Jan 02 2026 01:58:21,  870548 sec) AscentControlAgent() Bouyancy nudge to 87 (v=0.078dbar/sec).
(Jan 02 2026 01:58:22,  870549 sec) PistonMoveAbsWTO()    077->087 078 079 080 081 082 [30sec, 14.6Volts, 0.409Amps, CPT:1228sec]
(Jan 02 2026 01:59:03,  870590 sec) PistonMoveAbsWTO()    082->087 083 084 085 086 087 [24sec, 14.4Volts, 0.409Amps, CPT:1252sec]
(Jan 02 2026 02:01:06,  870713 sec) Profile()            Sample 18 initiated at 1100.2dbars for bin 18 [1100dbars].  PTS: 1097.8dbars 3.8072C 34.3233PSU
(Jan 02 2026 02:07:42,  871109 sec) PistonMoveAbsWTO()    086->087 087 [1sec, 14.5Volts, 0.429Amps, CPT:1253sec]
(Jan 02 2026 02:08:49,  871176 sec) Profile()            Sample 19 initiated at 1050.8dbars for bin 19 [1050dbars].  PTS: 1048.6dbars 3.9961C 34.3073PSU
(Jan 02 2026 02:17:38,  871705 sec) Profile()            Sample 20 initiated at 1001.0dbars for bin 20 [1000dbars].  PTS: 999.1dbars 4.2244C 34.2889PSU
(Jan 02 2026 02:21:42,  871949 sec) Sbe41cpStartCP()     Continuous profile started.
(Jan 02 2026 02:31:46,  872553 sec) AscentControlAgent() Bouyancy nudge to 97 (v=0.073dbar/sec).
(Jan 02 2026 02:31:46,  872553 sec) PistonMoveAbsWTO()    087->097 088 089 090 091 092 [30sec, 14.5Volts, 0.375Amps, CPT:1283sec]
(Jan 02 2026 02:32:27,  872594 sec) PistonMoveAbsWTO()    092->097 093 094 095 096 097 [25sec, 14.4Volts, 0.372Amps, CPT:1308sec]
(Jan 02 2026 03:03:05,  874432 sec) AscentControlAgent() Bouyancy nudge to 107 (v=0.074dbar/sec).
(Jan 02 2026 03:03:05,  874432 sec) PistonMoveAbsWTO()    097->107 098 099 100 101 102 [30sec, 14.5Volts, 0.329Amps, CPT:1338sec]
(Jan 02 2026 03:03:46,  874473 sec) PistonMoveAbsWTO()    102->107 103 104 105 106 107 [25sec, 14.4Volts, 0.326Amps, CPT:1363sec]
(Jan 02 2026 03:34:23,  876310 sec) AscentControlAgent() Bouyancy nudge to 117 (v=0.075dbar/sec).
(Jan 02 2026 03:34:23,  876310 sec) PistonMoveAbsWTO()    107->117 108 109 110 111 112 [30sec, 14.6Volts, 0.294Amps, CPT:1393sec]
(Jan 02 2026 03:35:04,  876351 sec) PistonMoveAbsWTO()    112->117 113 114 115 116 117 [24sec, 14.5Volts, 0.291Amps, CPT:1417sec]
(Jan 02 2026 04:10:42,  878489 sec) AscentControlAgent() Bouyancy nudge to 127 (v=0.078dbar/sec).
(Jan 02 2026 04:10:42,  878489 sec) PistonMoveAbsWTO()    117->127 118 119 120 121 122 [30sec, 14.6Volts, 0.251Amps, CPT:1447sec]
(Jan 02 2026 04:11:23,  878530 sec) PistonMoveAbsWTO()    122->127 123 124 125 126 127 [23sec, 14.6Volts, 0.245Amps, CPT:1470sec]
(Jan 02 2026 04:41:59,  880366 sec) AscentControlAgent() Bouyancy nudge to 137 (v=0.069dbar/sec).
(Jan 02 2026 04:41:59,  880366 sec) PistonMoveAbsWTO()    127->137 128 129 130 131 132 [30sec, 14.7Volts, 0.205Amps, CPT:1500sec]
(Jan 02 2026 04:42:40,  880407 sec) PistonMoveAbsWTO()    132->137 133 134 135 136 137 [23sec, 14.7Volts, 0.198Amps, CPT:1523sec]
(Jan 02 2026 04:58:09,  881336 sec) AscentControlAgent() Bouyancy nudge to 147 (v=0.076dbar/sec).
(Jan 02 2026 04:58:09,  881336 sec) PistonMoveAbsWTO()    137->147 138 139 140 141 142 [30sec, 14.7Volts, 0.189Amps, CPT:1553sec]
(Jan 02 2026 04:58:50,  881377 sec) PistonMoveAbsWTO()    142->147 143 144 145 146 147 [22sec, 14.7Volts, 0.185Amps, CPT:1575sec]
(Jan 02 2026 05:14:18,  882305 sec) AscentControlAgent() Bouyancy nudge to 157 (v=0.062dbar/sec).
(Jan 02 2026 05:14:18,  882305 sec) PistonMoveAbsWTO()    147->157 148 149 150 151 152 153 [30sec, 14.7Volts, 0.175Amps, CPT:1605sec]
(Jan 02 2026 05:14:59,  882346 sec) PistonMoveAbsWTO()    153->157 154 155 156 157 [21sec, 14.7Volts, 0.172Amps, CPT:1626sec]
(Jan 02 2026 05:19:23,  882610 sec) AscentControlAgent() Bouyancy nudge to 167 (v=0.066dbar/sec).
(Jan 02 2026 05:19:23,  882610 sec) PistonMoveAbsWTO()    157->167 158 159 [15sec, 14.7Volts, 0.168Amps, CPT:1641sec]
(Jan 02 2026 05:19:49,  882636 sec) PistonMoveAbsWTO()    159->167 160 161 162 [15sec, 14.7Volts, 0.165Amps, CPT:1656sec]
(Jan 02 2026 05:20:15,  882662 sec) PistonMoveAbsWTO()    162->167 163 164 165 [15sec, 14.7Volts, 0.162Amps, CPT:1671sec]
(Jan 02 2026 05:20:41,  882688 sec) PistonMoveAbsWTO()    165->167 166 167 [7sec, 14.7Volts, 0.168Amps, CPT:1678sec]
(Jan 02 2026 05:21:23,  882730 sec) SurfaceDetect()      SurfacePressure:-0.5dbars Pressure:3.0dbars PistonPosition:167
(Jan 02 2026 05:21:23,  882730 sec) Sbe41cpStopCP()      Continuous profile stopped.
(Jan 02 2026 05:21:26,  882733 sec) PistonMoveAbsWTO()    167->189 168 169 170 171 172 173 174 175 176 177 178 179 180 181 182 183 184 185 186 187 188 189 [114sec, 14.7Volts, 0.160Amps, CPT:1792sec]
(Jan 02 2026 05:23:25,  882852 sec) chat()               Expected string [S>] not received.
(Jan 02 2026 05:25:06,  882953 sec) Sbe41cpBinAverage()  Finished averaging 10804 samples in 96 seconds.
(Jan 02 2026 05:25:11,  882958 sec) Sbe41cpUploadCP_()   Sbe41cpSerNo[18560] NSample[10804] NBin[493]
(Jan 02 2026 05:25:42,  882989 sec) Sbe41cpUploadCP_()   Continuous profile uploaded [493 lines].

<EOT>
