(Aug 21 2025 21:43:12,  885677 sec) TelemetryInit()      Profile 27. (Apf11 FwRev: 121123)
(Aug 21 2025 21:43:12,  885677 sec) TelemetryInit()      Charge consumption model: OCV:15.1V Wake-Cycles:34235 Standby:299.1days Wake:16.6kC Sensors:3.3kC
(Aug 21 2025 21:48:29,  885994 sec) AirSystem()          Battery [213cnt, 15.0V]  Current [21cnt, 82.0mA]  Pneumometer [197cnt, 23.1psi]  Run-Time [9s]
(Aug 21 2025 21:49:07,  886032 sec) GpsServices()        GPS almanac is current.
(Aug 21 2025 21:49:07,  886032 sec) GpsServices()        Initiating GPS fix acquisition.
(Aug 21 2025 21:49:10,  886035 sec) gga()                $GPGGA,214920,4538.5315,S,10352.3967,W,0,00,,,M,,M,,*58
(Aug 21 2025 21:49:20,  886045 sec) gga()                $GPGGA,214930,4538.5315,S,10352.3967,W,0,00,,,M,,M,,*59
(Aug 21 2025 21:49:30,  886055 sec) gga()                $GPGGA,214940,4538.5315,S,10352.3967,W,0,00,,,M,,M,,*5E
(Aug 21 2025 21:49:40,  886065 sec) gga()                $GPGGA,214950,4538.5315,S,10352.3967,W,0,00,,,M,,M,,*5F
(Aug 21 2025 21:49:50,  886075 sec) gga()                $GPGGA,215000,4538.5315,S,10352.3967,W,0,00,,,M,,M,,*52
(Aug 21 2025 21:50:00,  886085 sec) gga()                $GPGGA,215010,4538.5315,S,10352.3967,W,0,00,,,M,,M,,*53
(Aug 21 2025 21:50:10,  886095 sec) gga()                $GPGGA,215020,4538.5315,S,10352.3967,W,0,00,,,M,,M,,*50
(Aug 21 2025 21:50:20,  886105 sec) gga()                $GPGGA,215030,4538.5315,S,10352.3967,W,0,00,,,M,,M,,*51
(Aug 21 2025 21:50:30,  886115 sec) gga()                $GPGGA,215040,4538.5315,S,10352.3967,W,0,00,,,M,,M,,*56
(Aug 21 2025 21:50:40,  886125 sec) gga()                $GPGGA,215050,4538.5315,S,10352.3967,W,0,00,,,M,,M,,*57
(Aug 21 2025 21:50:41,  886126 sec) gga()                $GPGGA,215050,4538.5315,S,10352.3967,W,0,00,,,M,,M,,*57
(Aug 21 2025 21:50:46,  886131 sec) gga()                $GPGGA,215100,4538.5315,S,10352.3967,W,0,00,,,M,,M,,*53
(Aug 21 2025 21:50:47,  886132 sec) gga()                $GPGGA,215100,4538.5315,S,10352.3967,W,0,00,,,M,,M,,*53
(Aug 21 2025 21:50:57,  886142 sec) gga()                $GPGGA,215110,4538.5315,S,10352.3967,W,0,00,,,M,,M,,*52
(Aug 21 2025 21:51:06,  886151 sec) gga()                $GPGGA,215120,4538.5315,S,10352.3967,W,0,00,,,M,,M,,*51
(Aug 21 2025 21:51:17,  886162 sec) gga()                $GPGGA,215130,4538.5315,S,10352.3967,W,0,00,,,M,,M,,*50
(Aug 21 2025 21:51:26,  886171 sec) gga()                $GPGGA,215140,4538.5315,S,10352.3967,W,0,00,,,M,,M,,*57
(Aug 21 2025 21:51:36,  886181 sec) gga()                $GPGGA,215150,4538.5315,S,10352.3967,W,0,00,,,M,,M,,*56
(Aug 21 2025 21:51:46,  886191 sec) gga()                $GPGGA,215200,4538.5315,S,10352.3967,W,0,00,,,M,,M,,*50
(Aug 21 2025 21:51:47,  886192 sec) gga()                $GPGGA,215200,4538.5315,S,10352.3967,W,0,00,,,M,,M,,*50
(Aug 21 2025 21:51:57,  886202 sec) gga()                $GPGGA,215210,4538.5315,S,10352.3967,W,0,00,,,M,,M,,*51
(Aug 21 2025 21:52:07,  886212 sec) gga()                $GPGGA,215220,4538.5315,S,10352.3967,W,0,00,,,M,,M,,*52
(Aug 21 2025 21:52:16,  886221 sec) gga()                $GPGGA,215230,4538.5315,S,10352.3967,W,0,00,,,M,,M,,*53
(Aug 21 2025 21:52:17,  886222 sec) gga()                $GPGGA,215230,4538.5315,S,10352.3967,W,0,00,,,M,,M,,*53
(Aug 21 2025 21:52:27,  886232 sec) gga()                $GPGGA,215240,4538.5315,S,10352.3967,W,0,00,,,M,,M,,*54
(Aug 21 2025 21:52:37,  886242 sec) gga()                $GPGGA,215250,4538.5315,S,10352.3967,W,0,00,,,M,,M,,*55
(Aug 21 2025 21:52:47,  886252 sec) gga()                $GPGGA,215300,4538.5315,S,10352.3967,W,0,00,,,M,,M,,*51
(Aug 21 2025 21:52:57,  886262 sec) gga()                $GPGGA,215310,4538.5315,S,10352.3967,W,0,00,,,M,,M,,*50
(Aug 21 2025 21:53:07,  886272 sec) gga()                $GPGGA,215320,4538.5315,S,10352.3967,W,0,00,,,M,,M,,*53
(Aug 21 2025 21:53:26,  886291 sec) gga()                $GPGGA,215340,4538.5315,S,10352.3967,W,0,00,,,M,,M,,*55
(Aug 21 2025 21:53:36,  886301 sec) gga()                $GPGGA,215350,4538.5315,S,10352.3967,W,0,00,,,M,,M,,*54
(Aug 21 2025 21:53:46,  886311 sec) gga()                $GPGGA,215400,4538.5315,S,10352.3967,W,0,00,,,M,,M,,*56
(Aug 21 2025 21:53:56,  886321 sec) gga()                $GPGGA,215410,4538.5315,S,10352.3967,W,0,00,,,M,,M,,*57
(Aug 21 2025 21:54:06,  886331 sec) gga()                $GPGGA,215420,4538.5315,S,10352.3967,W,0,00,,,M,,M,,*54
(Aug 21 2025 21:54:07,  886332 sec) GpsServices()        GPS fix not acquired after 300s; power-cycling the GPS.
(Aug 21 2025 21:54:17,  886342 sec) gga()                $GPGGA,215430,4538.5315,S,10352.3967,W,0,00,,,M,,M,,*55
(Aug 21 2025 21:54:27,  886352 sec) gga()                $GPGGA,215440,4538.5315,S,10352.3967,W,0,00,,,M,,M,,*52
(Aug 21 2025 21:54:37,  886362 sec) gga()                $GPGGA,215450,4538.5315,S,10352.3967,W,0,00,,,M,,M,,*53
(Aug 21 2025 21:54:47,  886372 sec) gga()                $GPGGA,215500,4538.5315,S,10352.3967,W,0,00,,,M,,M,,*57
(Aug 21 2025 21:54:57,  886382 sec) gga()                $GPGGA,215510,4538.5315,S,10352.3967,W,0,00,,,M,,M,,*56
(Aug 21 2025 21:55:07,  886392 sec) gga()                $GPGGA,215520,4538.5315,S,10352.3967,W,0,00,,,M,,M,,*55
(Aug 21 2025 21:55:17,  886402 sec) gga()                $GPGGA,215530,4538.5315,S,10352.3967,W,0,00,,,M,,M,,*54
(Aug 21 2025 21:55:27,  886412 sec) gga()                $GPGGA,215540,4538.5315,S,10352.3967,W,0,00,,,M,,M,,*53
(Aug 21 2025 21:55:37,  886422 sec) gga()                $GPGGA,215550,4538.5315,S,10352.3967,W,0,00,,,M,,M,,*52
(Aug 21 2025 21:55:46,  886431 sec) gga()                $GPGGA,215600,4538.5315,S,10352.3967,W,0,00,,,M,,M,,*54
(Aug 21 2025 21:55:47,  886432 sec) gga()                $GPGGA,215600,4538.5315,S,10352.3967,W,0,00,,,M,,M,,*54
(Aug 21 2025 21:55:56,  886441 sec) gga()                $GPGGA,215610,4538.5315,S,10352.3967,W,0,00,,,M,,M,,*55
(Aug 21 2025 21:56:07,  886452 sec) gga()                $GPGGA,215620,4538.5315,S,10352.3967,W,0,00,,,M,,M,,*56
(Aug 21 2025 21:56:17,  886462 sec) gga()                $GPGGA,215630,4538.5315,S,10352.3967,W,0,00,,,M,,M,,*57
(Aug 21 2025 21:56:26,  886471 sec) gga()                $GPGGA,215640,4538.5315,S,10352.3967,W,0,00,,,M,,M,,*50
(Aug 21 2025 21:56:36,  886481 sec) gga()                $GPGGA,215650,4538.5315,S,10352.3967,W,0,00,,,M,,M,,*51
(Aug 21 2025 21:56:46,  886491 sec) gga()                $GPGGA,215700,4538.5315,S,10352.3967,W,0,00,,,M,,M,,*55
(Aug 21 2025 21:56:56,  886501 sec) gga()                $GPGGA,215710,4538.5315,S,10352.3967,W,0,00,,,M,,M,,*54
(Aug 21 2025 21:57:06,  886511 sec) gga()                $GPGGA,215720,4538.5315,S,10352.3967,W,0,00,,,M,,M,,*57
(Aug 21 2025 21:57:16,  886521 sec) gga()                $GPGGA,215730,4538.5315,S,10352.3967,W,0,00,,,M,,M,,*56
(Aug 21 2025 21:57:17,  886522 sec) gga()                $GPGGA,215730,4538.5315,S,10352.3967,W,0,00,,,M,,M,,*56
(Aug 21 2025 21:57:26,  886531 sec) gga()                $GPGGA,215740,4538.5315,S,10352.3967,W,0,00,,,M,,M,,*51
(Aug 21 2025 21:57:37,  886542 sec) gga()                $GPGGA,215750,4538.5315,S,10352.3967,W,0,00,,,M,,M,,*50
(Aug 21 2025 21:57:46,  886551 sec) gga()                $GPGGA,215800,4538.5315,S,10352.3967,W,0,00,,,M,,M,,*5A
(Aug 21 2025 21:57:47,  886552 sec) gga()                $GPGGA,215800,4538.5315,S,10352.3967,W,0,00,,,M,,M,,*5A
(Aug 21 2025 21:57:57,  886562 sec) gga()                $GPGGA,215810,4538.5315,S,10352.3967,W,0,00,,,M,,M,,*5B
(Aug 21 2025 21:58:07,  886572 sec) gga()                $GPGGA,215820,4538.5315,S,10352.3967,W,0,00,,,M,,M,,*58
(Aug 21 2025 21:58:16,  886581 sec) gga()                $GPGGA,215830,4538.5315,S,10352.3967,W,0,00,,,M,,M,,*59
(Aug 21 2025 21:58:26,  886591 sec) gga()                $GPGGA,215840,4538.5315,S,10352.3967,W,0,00,,,M,,M,,*5E
(Aug 21 2025 21:58:36,  886601 sec) gga()                $GPGGA,215850,4538.5315,S,10352.3967,W,0,00,,,M,,M,,*5F
(Aug 21 2025 21:58:46,  886611 sec) gga()                $GPGGA,215900,4538.5315,S,10352.3967,W,0,00,,,M,,M,,*5B
(Aug 21 2025 21:58:47,  886612 sec) gga()                $GPGGA,215900,4538.5315,S,10352.3967,W,0,00,,,M,,M,,*5B
(Aug 21 2025 21:58:56,  886621 sec) gga()                $GPGGA,215910,4538.5315,S,10352.3967,W,0,00,,,M,,M,,*5A
(Aug 21 2025 21:59:06,  886631 sec) gga()                $GPGGA,215920,4538.5315,S,10352.3967,W,0,00,,,M,,M,,*59
(Aug 21 2025 21:59:10,  886635 sec) GpsServices()        GPS fix-acquisition failed after 300s.  Apf11 RTC skew check by-passed.
(Aug 21 2025 21:59:16,  886641 sec) LogNmeaSentences()   $GPRMC,215930,V,4538.5315,S,10352.3967,W,,,210825,025.7,E*68
(Aug 21 2025 21:59:16,  886641 sec) LogNmeaSentences()   $GPGGA,215930,4538.5315,S,10352.3967,W,0,00,,,M,,M,,*58
(Aug 21 2025 21:59:16,  886641 sec) LogNmeaSentences()   $GPGSA,A,1,,,,,,,,,,,,,,,*1E
(Aug 21 2025 21:59:17,  886642 sec) LogNmeaSentences()   $GPGSV,3,1,09,02,25,312,28,07,00,000,28,08,00,000,29,10,37,062,31*70
(Aug 21 2025 21:59:17,  886642 sec) LogNmeaSentences()   $GPGSV,3,2,09,16,67,023,30,23,32,117,29,26,26,028,29,27,78,184,31*7D
(Aug 21 2025 21:59:17,  886642 sec) LogNmeaSentences()   $GPGSV,3,3,09,30,08,215,24*4B
(Aug 21 2025 21:59:17,  886642 sec) LogNmeaSentences()   $GPRMC,215930,V,4538.5315,S,10352.3967,W,,,210825,025.7,E*68
(Aug 21 2025 21:59:17,  886642 sec) LogNmeaSentences()   $GPGGA,215930,4538.5315,S,10352.3967,W,0,00,,,M,,M,,*58
(Aug 21 2025 21:59:17,  886642 sec) LogNmeaSentences()   $GPGSA,A,1,,,,,,,,,,,,,,,*1E
(Aug 21 2025 21:59:17,  886642 sec) LogNmeaSentences()   $GPGSV,3,1,09,02,25,312,37,07,00,000,37,08,00,000,40,10,37,062,40*79
(Aug 21 2025 21:59:17,  886642 sec) LogNmeaSentences()   $GPGSV,3,2,09,16,67,023,39,23,32,117,36,26,26,028,35,27,78,184,40*71
(Aug 21 2025 21:59:17,  886642 sec) LogNmeaSentences()   $GPGSV,3,3,09,30,08,215,25*4A
(Aug 21 2025 21:59:26,  886651 sec) LogNmeaSentences()   $GPRMC,215940,V,4538.5315,S,10352.3967,W,,,210825,025.7,E*6F
(Aug 21 2025 21:59:27,  886652 sec) LogNmeaSentences()   $GPGGA,215940,4538.5315,S,10352.3967,W,0,00,,,M,,M,,*5F
(Aug 21 2025 21:59:27,  886652 sec) LogNmeaSentences()   $GPGSA,A,1,,,,,,,,,,,,,,,*1E
(Aug 21 2025 21:59:27,  886652 sec) LogNmeaSentences()   $GPGSV,2,1,07,26,26,028,18,02,26,312,00,10,37,062,00,16,67,023,00*7E
(Aug 21 2025 21:59:27,  886652 sec) LogNmeaSentences()   $GPGSV,2,2,07,23,32,117,00,27,78,184,00,30,08,215,00*43
(Aug 21 2025 21:59:36,  886661 sec) LogNmeaSentences()   $GPRMC,215950,V,4538.5315,S,10352.3967,W,,,210825,025.7,E*6E
(Aug 21 2025 21:59:37,  886662 sec) LogNmeaSentences()   $GPGGA,215950,4538.5315,S,10352.3967,W,0,00,,,M,,M,,*5E
(Aug 21 2025 21:59:37,  886662 sec) LogNmeaSentences()   $GPGSA,A,1,,,,,,,,,,,,,,,*1E
(Aug 21 2025 21:59:37,  886662 sec) LogNmeaSentences()   $GPGSV,3,1,09,02,26,312,20,07,00,000,24,08,00,000,25,10,37,062,31*7B
(Aug 21 2025 21:59:37,  886662 sec) LogNmeaSentences()   $GPGSV,3,2,09,16,67,023,27,26,26,028,25,27,78,184,29,23,32,117,00*75
(Aug 21 2025 21:59:37,  886662 sec) LogNmeaSentences()   $GPGSV,3,3,09,30,08,215,00*4D
(Aug 21 2025 21:59:46,  886671 sec) LogNmeaSentences()   $GPRMC,220000,V,4538.5315,S,10352.3967,W,,,210825,025.7,E*64
(Aug 21 2025 21:59:46,  886671 sec) LogNmeaSentences()   $GPGGA,220000,4538.5315,S,10352.3967,W,0,00,,,M,,M,,*54
(Aug 21 2025 21:59:46,  886671 sec) LogNmeaSentences()   $GPGSA,A,1,,,,,,,,,,,,,,,*1E
(Aug 21 2025 21:59:47,  886672 sec) LogNmeaSentences()   $GPGSV,2,1,07,02,26,312,00,10,37,062,00,16,67,023,00,23,32,117,00*7A
(Aug 21 2025 21:59:47,  886672 sec) LogNmeaSentences()   $GPGSV,2,2,07,26,26,028,00,27,78,184,00,30,08,215,00*4E
(Aug 21 2025 21:59:47,  886672 sec) LogNmeaSentences()   $PGRMT,GPS 15x-L software ver. 4.50,,,,,,,,*76
(Aug 21 2025 21:59:47,  886672 sec) GpsServices()        GPS services complete.
(Aug 21 2025 22:01:49,  886794 sec) Telemetry()          Iridium modem registration failed.
(Aug 21 2025 22:22:13,  888018 sec) AirSystem()          Battery [212cnt, 14.9V]  Current [20cnt, 79.8mA]  Pneumometer [156cnt, 18.3psi]  Run-Time [148s]
(Aug 21 2025 22:22:43,  888048 sec) GpsServices()        GPS almanac is current.
(Aug 21 2025 22:22:43,  888048 sec) GpsServices()        Initiating GPS fix acquisition.
(Aug 21 2025 22:22:47,  888052 sec) gga()                $GPGGA,222300,4538.5315,S,10352.3967,W,0,00,,,M,,M,,*55
(Aug 21 2025 22:22:57,  888062 sec) gga()                $GPGGA,222310,4538.5315,S,10352.3967,W,0,00,,,M,,M,,*54
(Aug 21 2025 22:23:06,  888071 sec) gga()                $GPGGA,222320,4538.5315,S,10352.3967,W,0,00,,,M,,M,,*57
(Aug 21 2025 22:23:18,  888083 sec) gga()                $GPGGA,222330,4539.0813,S,10313.0004,W,1,08,1.1,-13.7,M,-8.3,M,,*4C
(Aug 21 2025 22:23:18,  888083 sec) GpsServices()        Profile 27 GPS fix obtained in 35 seconds.
(Aug 21 2025 22:23:18,  888083 sec) GpsServices()                   lon      lat mm/dd/yyyy hhmmss nsat
(Aug 21 2025 22:23:18,  888083 sec) GpsServices()        Fix: -103.2167 -45.6514 08/21/2025 222330    8
(Aug 21 2025 22:23:27,  888092 sec) gga()                $GPGGA,222340,4539.0807,S,10312.9995,W,1,08,1.1,-13.9,M,-8.3,M,,*49
(Aug 21 2025 22:23:36,  888101 sec) gga()                $GPGGA,222350,4539.0796,S,10312.9989,W,1,08,1.1,-10.2,M,-8.3,M,,*4A
(Aug 21 2025 22:23:37,  888102 sec) GpsServices()        APF11 RTC skew (-13s) OK.
(Aug 21 2025 22:23:37,  888102 sec) GpsServices()        GPS services complete.
(Aug 21 2025 22:24:04,  888129 sec) IrGeoLoc()           <x,y,z>=<-1092km,-4324km,-4540km> lat=-45.703 lon=-104.173 IrSysTime=0xeb2dd4e1
(Aug 21 2025 22:24:08,  888133 sec) CLogin()             Connecting to primary host.
(Aug 21 2025 22:24:20,  888145 sec) CLogin()             Connection 1 established in 12 seconds.
(Aug 21 2025 22:24:50,  888175 sec) expect()             Attempt to read prompt string [login:] failed.
(Aug 21 2025 22:24:50,  888175 sec) login()              Login prompt not received.
(Aug 21 2025 22:25:17,  888202 sec) login()              Login successful.
(Aug 21 2025 22:25:22,  888207 sec) chat()               Expected string [cmd>] not received.
(Aug 21 2025 22:25:22,  888207 sec) login()              Attempt to set the command prompt failed.
(Aug 21 2025 22:25:33,  888218 sec) CLogin()             Logged in to host.  [Login required 73 seconds]
(Aug 21 2025 22:25:36,  888221 sec) RxConfig()           Downloading "mission.cfg" from host.
(Aug 21 2025 22:26:00,  888245 sec) RxConfig()           Download successful: [bytes:49, sec:21.8, bps:2]
(Aug 21 2025 22:26:04,  888249 sec) WriteVitals_()       Writing vitals to "23031.027.msg".
(Aug 21 2025 22:26:14,  888259 sec) UpLoadFile()         Uploading "23031.027.log" to host.
(Aug 21 2025 22:27:59,  888364 sec) UpLoadFile()         Upload successful: [bytes:16662, sec:105.8, bps:158]
(Aug 21 2025 22:28:00,  888365 sec) fmove()              Moved: 23031.027.log -> archive/23031.027.log
(Aug 21 2025 22:28:04,  888369 sec) UpLoadFile()         Uploading "23031.027.msg" to host.
(Aug 21 2025 22:29:45,  888470 sec) UpLoadFile()         Upload successful: [bytes:26562, sec:101.8, bps:261]
(Aug 21 2025 22:29:47,  888472 sec) fmove()              Moved: 23031.027.msg -> archive/23031.027.msg
(Aug 21 2025 22:29:47,  888472 sec) UpLoad()             Files successfully uploaded: 2
(Aug 21 2025 22:29:47,  888472 sec) UpLoad()             Upload complete.
(Aug 21 2025 22:29:55,  888480 sec) chat()               Expected string [logout] not received.
(Aug 21 2025 22:29:55,  888480 sec) logout()             Attempt to log-out failed.
(Aug 21 2025 22:29:55,  888480 sec) logout()             No carrier detected.
(Aug 21 2025 22:29:55,  888480 sec) Telemetry()          Telemetry cycle complete: PrfId=27 ConnectionAttempts=1  Connections=1
(Aug 21 2025 22:29:55,  888480 sec) TelemetryTerminate() Parsing new mission configuration.
(Aug 21 2025 22:29:56,  888481 sec) configure()          Parsing configurators in "mission.cfg".
(Aug 21 2025 22:29:56,  888481 sec) configure()             TelemetryRetry(15)      [0x7BBC] [TelemetryRetry(15)].
(Aug 21 2025 22:29:56,  888481 sec) configure()             DownTime(14400) [CRC=0x9F62] [DownTime(14400)].
(Aug 21 2025 22:29:56,  888481 sec) configure()          Configuration CRCs and syntax OK.
(Aug 21 2025 22:29:57,  888482 sec) ConfigSupervisor()   Configuration accepted.
(Aug 21 2025 22:29:57,  888482 sec) TelemetryTerminate() Reconditioning the file system.
(Aug 21 2025 22:29:59,       0 sec) DescentInit()        Deep profile 28 initiated at mission-time 888484sec.
(Aug 21 2025 22:30:00,       1 sec) DescentInit()        Surface pressure: -0.1dbars.
(Aug 21 2025 22:30:00,       1 sec) DescentInit()        Charge consumption model: OCV:14.8V Wake-Cycles:34237 Standby:299.2days Wake:16.6kC Sleep:3.3kC
(Aug 21 2025 22:30:12,      13 sec) DescentInit()        Pneumatic humidity: 1040(6.4%) -> 1113(8.5%)
(Aug 21 2025 22:30:12,      13 sec) PistonMoveAbsWTO()    170->075 169 168 167 166 165 164 163 162 161 160 159 158 157 156 155 154 153 152 151 150 149 148 147 148 147 146 145 144 143 142 141 140 139 138 137 136 135 134 133 132 131 130 129 128 127 126 125 124 123 122 121 120 119 118 117 116 115 114 113 112 111 110 109 110 109 108 107 106 105 104 103 102 101 100 099 098 097 096 095 094 093 092 091 090 089 088 087 086 085 084 083 082 081 080 079 078 077 076 075 [491sec, 14.6Volts, 0.142Amps, CPT:491sec]
(Aug 21 2025 22:38:26,     507 sec) DescentInit()        Air solenoid open: Barometer [193cnt,  11.3psi]  Pneumometer [ 99cnt,  11.6psi]
(Aug 21 2025 22:38:36,     517 sec) Descent()            Pressure: 14.8
(Aug 21 2025 23:29:59,    3600 sec) Descent()            Pressure: 423.2
(Aug 22 2025 00:29:59,    7200 sec) Descent()            Pressure: 764.8
(Aug 22 2025 01:29:59,   10800 sec) Descent()            Pressure: 958.0
(Aug 22 2025 02:29:59,   14400 sec) Descent()            Pressure: 995.3
(Aug 22 2025 02:29:59,   14400 sec) ParkInit()           Charge consumption model: OCV:15.4V Wake-Cycles:34242 Standby:299.3days Wake:16.8kC Sensors:3.3kC
(Aug 31 2025 18:30:21,  849622 sec) CtdPower()           [ 1004.66,  4.2824, 34.2823]
(Aug 31 2025 18:30:21,  849622 sec) CtdPower()           CTD Power consumption [210VCnt 4ACnt]: 14.779Volts * 0.014Amps = 0.20Watts.
(Aug 31 2025 18:30:31,  849632 sec) ParkTerminate()      Piston Position:75 Vacuum:190 HumidityAd12:1056(6.9%) Vq:215 Aq:2 Vsbe:210 Asbe:4
(Aug 31 2025 18:30:53,  849654 sec) ParkTerminate()      PTS: 1004.6dbars 4.2834C 34.2818PSU
(Aug 31 2025 18:30:53,  849654 sec) GoDeepInit()         Charge consumption model: OCV:15.1V Wake-Cycles:34474 Standby:309.0days Wake:16.8kC Sensors:3.3kC
(Aug 31 2025 18:30:53,  849654 sec) GoDeepInit()         Moving piston.
(Aug 31 2025 18:30:53,  849654 sec) PistonMoveAbsWTO()    075->015 074 073 072 071 070 069 068 067 066 065 064 063 062 061 060 059 058 057 056 055 054 053 052 051 050 049 048 047 046 045 044 043 042 041 040 039 038 037 036 035 034 033 032 031 030 029 028 027 026 025 024 023 022 021 020 019 018 017 016 015 [300sec, 14.9Volts, 0.063Amps, CPT:791sec]
(Aug 31 2025 21:54:59,  861900 sec) GoDeep()             Sequence point detected at 2022.9dbar.
(Aug 31 2025 21:54:59,  861900 sec) ProfileInit()        Charge consumption model: OCV:15.2V Wake-Cycles:34514 Standby:309.1days Wake:16.9kC Sensors:3.3kC
(Aug 31 2025 21:55:00,  861901 sec) ProfileInit()        PrfId:028  Pressure:2022.9dbar  pTable[0]:2000dbar
(Aug 31 2025 21:55:11,  861912 sec) PistonMoveAbsWTO()    015->037 016 017 018 019 020 [30sec, 14.2Volts, 0.622Amps, CPT:821sec]
(Aug 31 2025 21:55:52,  861953 sec) PistonMoveAbsWTO()    020->037 021 022 023 024 025 [30sec, 14.1Volts, 0.623Amps, CPT:851sec]
(Aug 31 2025 21:56:33,  861994 sec) PistonMoveAbsWTO()    025->037 026 027 028 029 030 [30sec, 14.0Volts, 0.625Amps, CPT:881sec]
(Aug 31 2025 21:57:14,  862035 sec) PistonMoveAbsWTO()    030->037 031 032 033 034 035 [30sec, 14.0Volts, 0.617Amps, CPT:911sec]
(Aug 31 2025 21:57:55,  862076 sec) PistonMoveAbsWTO()    036->037 037 [6sec, 14.0Volts, 0.597Amps, CPT:917sec]
(Aug 31 2025 21:59:52,  862193 sec) Profile()            Sample 0 initiated at 2000.3dbars for bin 0 [2000dbars].  PTS: 1997.5dbars 2.3101C 34.6427PSU
(Aug 31 2025 22:06:28,  862589 sec) Profile()            Sample 1 initiated at 1950.5dbars for bin 1 [1950dbars].  PTS: 1947.9dbars 2.3562C 34.6357PSU
(Aug 31 2025 22:13:26,  863007 sec) Profile()            Sample 2 initiated at 1900.9dbars for bin 2 [1900dbars].  PTS: 1898.5dbars 2.4074C 34.6239PSU
(Aug 31 2025 22:21:08,  863469 sec) Profile()            Sample 3 initiated at 1850.0dbars for bin 3 [1850dbars].  PTS: 1847.7dbars 2.4372C 34.6137PSU
(Aug 31 2025 22:29:45,  863986 sec) Profile()            Sample 4 initiated at 1800.8dbars for bin 4 [1800dbars].  PTS: 1798.9dbars 2.4853C 34.5992PSU
(Aug 31 2025 22:35:48,  864349 sec) AscentControlAgent() Bouyancy nudge to 47 (v=0.079dbar/sec).
(Aug 31 2025 22:35:49,  864350 sec) PistonMoveAbsWTO()    037->047 038 039 040 041 042 [30sec, 14.4Volts, 0.578Amps, CPT:947sec]
(Aug 31 2025 22:36:30,  864391 sec) PistonMoveAbsWTO()    042->047 043 044 045 046 047 [27sec, 14.2Volts, 0.560Amps, CPT:974sec]
(Aug 31 2025 22:39:20,  864561 sec) Profile()            Sample 5 initiated at 1750.5dbars for bin 5 [1750dbars].  PTS: 1748.1dbars 2.5375C 34.5835PSU
(Aug 31 2025 22:47:13,  865034 sec) Profile()            Sample 6 initiated at 1701.0dbars for bin 6 [1700dbars].  PTS: 1698.9dbars 2.5919C 34.5667PSU
(Aug 31 2025 22:56:23,  865584 sec) Profile()            Sample 7 initiated at 1650.9dbars for bin 7 [1650dbars].  PTS: 1649.2dbars 2.6440C 34.5504PSU
(Aug 31 2025 23:06:40,  866201 sec) AscentControlAgent() Bouyancy nudge to 57 (v=0.074dbar/sec).
(Aug 31 2025 23:06:41,  866202 sec) PistonMoveAbsWTO()    047->057 048 049 050 051 052 [30sec, 14.5Volts, 0.528Amps, CPT:1004sec]
(Aug 31 2025 23:07:44,  866265 sec) Profile()            Sample 8 initiated at 1597.8dbars for bin 8 [1600dbars].  PTS: 1595.9dbars 2.7171C 34.5281PSU
(Aug 31 2025 23:07:44,  866265 sec) PistonMoveAbsWTO()    052->057 053 054 055 056 057 [27sec, 14.3Volts, 0.512Amps, CPT:1031sec]
(Aug 31 2025 23:14:58,  866699 sec) Profile()            Sample 9 initiated at 1550.9dbars for bin 9 [1550dbars].  PTS: 1548.7dbars 2.7979C 34.5072PSU
(Aug 31 2025 23:23:24,  867205 sec) Profile()            Sample 10 initiated at 1500.5dbars for bin 10 [1500dbars].  PTS: 1498.5dbars 2.8773C 34.4883PSU
(Aug 31 2025 23:32:45,  867766 sec) Profile()            Sample 11 initiated at 1450.3dbars for bin 11 [1450dbars].  PTS: 1448.6dbars 2.9580C 34.4708PSU
(Aug 31 2025 23:42:28,  868349 sec) AscentControlAgent() Bouyancy nudge to 67 (v=0.073dbar/sec).
(Aug 31 2025 23:42:29,  868350 sec) PistonMoveAbsWTO()    057->067 058 059 060 061 062 [30sec, 14.5Volts, 0.474Amps, CPT:1061sec]
(Aug 31 2025 23:43:32,  868413 sec) Profile()            Sample 12 initiated at 1400.8dbars for bin 12 [1400dbars].  PTS: 1398.9dbars 3.0441C 34.4477PSU
(Aug 31 2025 23:43:32,  868413 sec) PistonMoveAbsWTO()    062->067 063 064 065 066 067 [25sec, 14.4Volts, 0.474Amps, CPT:1086sec]
(Aug 31 2025 23:51:28,  868889 sec) Profile()            Sample 13 initiated at 1349.9dbars for bin 13 [1350dbars].  PTS: 1347.6dbars 3.1027C 34.4192PSU
(Aug 31 2025 23:59:54,  869395 sec) Profile()            Sample 14 initiated at 1300.3dbars for bin 14 [1300dbars].  PTS: 1298.4dbars 3.1988C 34.3990PSU
(Sep 01 2025 00:08:09,  869890 sec) AscentControlAgent() Bouyancy nudge to 77 (v=0.076dbar/sec).
(Sep 01 2025 00:08:10,  869891 sec) PistonMoveAbsWTO()    067->077 068 069 070 071 072 [30sec, 14.6Volts, 0.446Amps, CPT:1116sec]
(Sep 01 2025 00:08:51,  869932 sec) PistonMoveAbsWTO()    072->077 073 074 075 076 077 [25sec, 14.4Volts, 0.443Amps, CPT:1141sec]
(Sep 01 2025 00:10:11,  870012 sec) Profile()            Sample 15 initiated at 1249.9dbars for bin 15 [1250dbars].  PTS: 1247.6dbars 3.3332C 34.3745PSU
(Sep 01 2025 00:18:04,  870485 sec) Profile()            Sample 16 initiated at 1200.6dbars for bin 16 [1200dbars].  PTS: 1198.5dbars 3.4748C 34.3525PSU
(Sep 01 2025 00:27:03,  871024 sec) Profile()            Sample 17 initiated at 1151.0dbars for bin 17 [1150dbars].  PTS: 1149.2dbars 3.6801C 34.3268PSU
(Sep 01 2025 00:37:41,  871662 sec) Profile()            Sample 18 initiated at 1100.6dbars for bin 18 [1100dbars].  PTS: 1099.1dbars 3.8564C 34.3110PSU
(Sep 01 2025 00:38:58,  871739 sec) AscentControlAgent() Bouyancy nudge to 87 (v=0.073dbar/sec).
(Sep 01 2025 00:38:59,  871740 sec) PistonMoveAbsWTO()    077->087 078 079 080 081 082 [30sec, 14.6Volts, 0.410Amps, CPT:1171sec]
(Sep 01 2025 00:39:40,  871781 sec) PistonMoveAbsWTO()    082->087 083 084 085 086 087 [24sec, 14.5Volts, 0.405Amps, CPT:1195sec]
(Sep 01 2025 00:41:32,  871893 sec) PistonMoveAbsWTO()    087->087 [0sec, 0.0Volts, 0.000Amps, CPT:1195sec]
(Sep 01 2025 00:43:22,  872003 sec) PistonMoveAbsWTO()    086->087 087 [1sec, 14.6Volts, 0.434Amps, CPT:1196sec]
(Sep 01 2025 00:46:08,  872169 sec) Profile()            Sample 19 initiated at 1050.6dbars for bin 19 [1050dbars].  PTS: 1048.4dbars 4.0736C 34.2930PSU
(Sep 01 2025 00:54:45,  872686 sec) Profile()            Sample 20 initiated at 1000.3dbars for bin 20 [1000dbars].  PTS: 998.3dbars 4.2932C 34.2813PSU
(Sep 01 2025 00:58:39,  872920 sec) Sbe41cpStartCP()     Continuous profile started.
(Sep 01 2025 01:08:41,  873522 sec) AscentControlAgent() Bouyancy nudge to 97 (v=0.077dbar/sec).
(Sep 01 2025 01:08:41,  873522 sec) PistonMoveAbsWTO()    087->097 088 089 090 091 092 [30sec, 14.5Volts, 0.380Amps, CPT:1226sec]
(Sep 01 2025 01:09:21,  873562 sec) PistonMoveAbsWTO()    092->097 093 094 095 096 097 [25sec, 14.4Volts, 0.372Amps, CPT:1251sec]
(Sep 01 2025 01:34:51,  875092 sec) AscentControlAgent() Bouyancy nudge to 107 (v=0.075dbar/sec).
(Sep 01 2025 01:34:51,  875092 sec) PistonMoveAbsWTO()    097->107 098 099 100 101 102 [30sec, 14.6Volts, 0.340Amps, CPT:1281sec]
(Sep 01 2025 01:35:31,  875132 sec) PistonMoveAbsWTO()    102->107 103 104 105 106 107 [25sec, 14.5Volts, 0.348Amps, CPT:1306sec]
(Sep 01 2025 02:06:02,  876963 sec) AscentControlAgent() Bouyancy nudge to 117 (v=0.079dbar/sec).
(Sep 01 2025 02:06:02,  876963 sec) PistonMoveAbsWTO()    107->117 108 109 110 111 112 [30sec, 14.6Volts, 0.301Amps, CPT:1336sec]
(Sep 01 2025 02:06:42,  877003 sec) PistonMoveAbsWTO()    112->117 113 114 115 116 117 [24sec, 14.5Volts, 0.296Amps, CPT:1360sec]
(Sep 01 2025 02:42:13,  879134 sec) AscentControlAgent() Bouyancy nudge to 127 (v=0.075dbar/sec).
(Sep 01 2025 02:42:13,  879134 sec) PistonMoveAbsWTO()    117->127 118 119 120 121 122 [30sec, 14.7Volts, 0.250Amps, CPT:1390sec]
(Sep 01 2025 02:42:53,  879174 sec) PistonMoveAbsWTO()    122->127 123 124 125 126 127 [24sec, 14.6Volts, 0.251Amps, CPT:1414sec]
(Sep 01 2025 03:18:24,  881305 sec) AscentControlAgent() Bouyancy nudge to 137 (v=0.070dbar/sec).
(Sep 01 2025 03:18:24,  881305 sec) PistonMoveAbsWTO()    127->137 128 129 130 131 132 [30sec, 14.7Volts, 0.211Amps, CPT:1444sec]
(Sep 01 2025 03:19:04,  881345 sec) PistonMoveAbsWTO()    132->137 133 134 135 136 137 [22sec, 14.7Volts, 0.209Amps, CPT:1466sec]
(Sep 01 2025 03:34:30,  882271 sec) AscentControlAgent() Bouyancy nudge to 147 (v=0.070dbar/sec).
(Sep 01 2025 03:34:30,  882271 sec) PistonMoveAbsWTO()    137->147 138 139 140 141 142 [30sec, 14.8Volts, 0.187Amps, CPT:1496sec]
(Sep 01 2025 03:35:10,  882311 sec) PistonMoveAbsWTO()    142->147 143 144 145 146 147 [22sec, 14.7Volts, 0.188Amps, CPT:1518sec]
(Sep 01 2025 03:53:28,  883409 sec) SurfaceDetect()      SurfacePressure:-0.1dbars Pressure:3.5dbars PistonPosition:147
(Sep 01 2025 03:53:28,  883409 sec) Sbe41cpStopCP()      Continuous profile stopped.
(Sep 01 2025 03:53:32,  883413 sec) PistonMoveAbsWTO()    147->169 148 149 150 151 152 153 154 155 156 157 158 159 160 161 162 163 164 165 166 167 168 169 [110sec, 14.7Volts, 0.172Amps, CPT:1628sec]
(Sep 01 2025 03:55:27,  883528 sec) chat()               Expected string [S>] not received.
(Sep 01 2025 03:57:06,  883627 sec) Sbe41cpBinAverage()  Finished averaging 10512 samples in 94 seconds.
(Sep 01 2025 03:57:11,  883632 sec) Sbe41cpUploadCP_()   Sbe41cpSerNo[18560] NSample[10512] NBin[493]
(Sep 01 2025 03:57:42,  883663 sec) Sbe41cpUploadCP_()   Continuous profile uploaded [493 lines].

<EOT>
