(Nov 22 2025 04:43:18,  883893 sec) TelemetryInit()      Profile 36. (Apf11 FwRev: 121123)
(Nov 22 2025 04:43:18,  883893 sec) TelemetryInit()      Charge consumption model: OCV:15.1V Wake-Cycles:45570 Standby:390.9days Wake:21.7kC Sensors:4.5kC
(Nov 22 2025 04:48:34,  884209 sec) AirSystem()          Battery [213cnt, 15.0V]  Current [20cnt, 78.8mA]  Pneumometer [198cnt, 23.3psi]  Run-Time [9s]
(Nov 22 2025 04:50:22,  884317 sec) GpsServices()        GPS almanac is current.
(Nov 22 2025 04:50:22,  884317 sec) GpsServices()        Initiating GPS fix acquisition.
(Nov 22 2025 04:50:26,  884321 sec) gga()                $GPGGA,045040,4422.9408,S,10118.2255,W,0,00,,,M,,M,,*5B
(Nov 22 2025 04:50:36,  884331 sec) gga()                $GPGGA,045050,4422.9408,S,10118.2255,W,0,00,,,M,,M,,*5A
(Nov 22 2025 04:50:42,  884337 sec) gga()                $GPGGA,045100,4422.9408,S,10118.2255,W,0,00,,,M,,M,,*5E
(Nov 22 2025 04:50:43,  884338 sec) gga()                $GPGGA,045100,4422.9408,S,10118.2255,W,0,00,,,M,,M,,*5E
(Nov 22 2025 04:50:52,  884347 sec) gga()                $GPGGA,045110,4422.9408,S,10118.2255,W,0,00,,,M,,M,,*5F
(Nov 22 2025 04:51:02,  884357 sec) gga()                $GPGGA,045120,4422.9408,S,10118.2255,W,0,00,,,M,,M,,*5C
(Nov 22 2025 04:51:12,  884367 sec) gga()                $GPGGA,045130,4422.9408,S,10118.2255,W,0,00,,,M,,M,,*5D
(Nov 22 2025 04:51:13,  884368 sec) gga()                $GPGGA,045130,4422.9408,S,10118.2255,W,0,00,,,M,,M,,*5D
(Nov 22 2025 04:51:22,  884377 sec) gga()                $GPGGA,045140,4422.9408,S,10118.2255,W,0,00,,,M,,M,,*5A
(Nov 22 2025 04:51:32,  884387 sec) gga()                $GPGGA,045150,4422.9408,S,10118.2255,W,0,00,,,M,,M,,*5B
(Nov 22 2025 04:51:42,  884397 sec) gga()                $GPGGA,045200,4422.9408,S,10118.2255,W,0,00,,,M,,M,,*5D
(Nov 22 2025 04:51:43,  884398 sec) gga()                $GPGGA,045200,4422.9408,S,10118.2255,W,0,00,,,M,,M,,*5D
(Nov 22 2025 04:51:52,  884407 sec) gga()                $GPGGA,045210,4422.9408,S,10118.2255,W,0,00,,,M,,M,,*5C
(Nov 22 2025 04:52:02,  884417 sec) gga()                $GPGGA,045220,4422.9408,S,10118.2255,W,0,00,,,M,,M,,*5F
(Nov 22 2025 04:52:12,  884427 sec) gga()                $GPGGA,045230,4422.9408,S,10118.2255,W,0,00,,,M,,M,,*5E
(Nov 22 2025 04:52:22,  884437 sec) gga()                $GPGGA,045240,4422.9408,S,10118.2255,W,0,00,,,M,,M,,*59
(Nov 22 2025 04:52:42,  884457 sec) gga()                $GPGGA,045300,4422.9408,S,10118.2255,W,0,00,,,M,,M,,*5C
(Nov 22 2025 04:52:52,  884467 sec) gga()                $GPGGA,045310,4422.9408,S,10118.2255,W,0,00,,,M,,M,,*5D
(Nov 22 2025 04:53:02,  884477 sec) gga()                $GPGGA,045320,4422.9408,S,10118.2255,W,0,00,,,M,,M,,*5E
(Nov 22 2025 04:53:12,  884487 sec) gga()                $GPGGA,045330,4422.9408,S,10118.2255,W,0,00,,,M,,M,,*5F
(Nov 22 2025 04:53:22,  884497 sec) gga()                $GPGGA,045340,4422.9408,S,10118.2255,W,0,00,,,M,,M,,*58
(Nov 22 2025 04:53:32,  884507 sec) gga()                $GPGGA,045350,4422.9408,S,10118.2255,W,0,00,,,M,,M,,*59
(Nov 22 2025 04:53:42,  884517 sec) gga()                $GPGGA,045400,4422.9408,S,10118.2255,W,0,00,,,M,,M,,*5B
(Nov 22 2025 04:53:43,  884518 sec) gga()                $GPGGA,045400,4422.9408,S,10118.2255,W,0,00,,,M,,M,,*5B
(Nov 22 2025 04:53:52,  884527 sec) gga()                $GPGGA,045410,4422.9408,S,10118.2255,W,0,00,,,M,,M,,*5A
(Nov 22 2025 04:54:02,  884537 sec) gga()                $GPGGA,045420,4422.9408,S,10118.2255,W,0,00,,,M,,M,,*59
(Nov 22 2025 04:54:12,  884547 sec) gga()                $GPGGA,045430,4422.9408,S,10118.2255,W,0,00,,,M,,M,,*58
(Nov 22 2025 04:54:22,  884557 sec) gga()                $GPGGA,045440,4422.9408,S,10118.2255,W,0,00,,,M,,M,,*5F
(Nov 22 2025 04:54:32,  884567 sec) gga()                $GPGGA,045450,4422.9408,S,10118.2255,W,0,00,,,M,,M,,*5E
(Nov 22 2025 04:54:43,  884578 sec) gga()                $GPGGA,045500,4422.9408,S,10118.2255,W,0,00,,,M,,M,,*5A
(Nov 22 2025 04:54:52,  884587 sec) gga()                $GPGGA,045510,4422.9408,S,10118.2255,W,0,00,,,M,,M,,*5B
(Nov 22 2025 04:55:02,  884597 sec) gga()                $GPGGA,045520,4422.9408,S,10118.2255,W,0,00,,,M,,M,,*58
(Nov 22 2025 04:55:12,  884607 sec) gga()                $GPGGA,045530,4422.9408,S,10118.2255,W,0,00,,,M,,M,,*59
(Nov 22 2025 04:55:22,  884617 sec) GpsServices()        GPS fix not acquired after 300s; power-cycling the GPS.
(Nov 22 2025 04:55:32,  884627 sec) gga()                $GPGGA,045550,4422.9408,S,10118.2255,W,0,00,,,M,,M,,*5F
(Nov 22 2025 04:55:42,  884637 sec) gga()                $GPGGA,045600,4422.9408,S,10118.2255,W,0,00,,,M,,M,,*59
(Nov 22 2025 04:55:52,  884647 sec) gga()                $GPGGA,045610,4422.9408,S,10118.2255,W,0,00,,,M,,M,,*58
(Nov 22 2025 04:56:02,  884657 sec) gga()                $GPGGA,045620,4422.9408,S,10118.2255,W,0,00,,,M,,M,,*5B
(Nov 22 2025 04:56:12,  884667 sec) gga()                $GPGGA,045630,4422.9408,S,10118.2255,W,0,00,,,M,,M,,*5A
(Nov 22 2025 04:56:13,  884668 sec) gga()                $GPGGA,045630,4422.9408,S,10118.2255,W,0,00,,,M,,M,,*5A
(Nov 22 2025 04:56:22,  884677 sec) gga()                $GPGGA,045640,4422.9408,S,10118.2255,W,0,00,,,M,,M,,*5D
(Nov 22 2025 04:56:32,  884687 sec) gga()                $GPGGA,045650,4422.9408,S,10118.2255,W,0,00,,,M,,M,,*5C
(Nov 22 2025 04:56:42,  884697 sec) gga()                $GPGGA,045700,4422.9408,S,10118.2255,W,0,00,,,M,,M,,*58
(Nov 22 2025 04:56:43,  884698 sec) gga()                $GPGGA,045700,4422.9408,S,10118.2255,W,0,00,,,M,,M,,*58
(Nov 22 2025 04:56:52,  884707 sec) gga()                $GPGGA,045710,4422.9408,S,10118.2255,W,0,00,,,M,,M,,*59
(Nov 22 2025 04:57:02,  884717 sec) gga()                $GPGGA,045720,4422.9408,S,10118.2255,W,0,00,,,M,,M,,*5A
(Nov 22 2025 04:57:12,  884727 sec) gga()                $GPGGA,045730,4422.9408,S,10118.2255,W,0,00,,,M,,M,,*5B
(Nov 22 2025 04:57:22,  884737 sec) gga()                $GPGGA,045740,4422.9408,S,10118.2255,W,0,00,,,M,,M,,*5C
(Nov 22 2025 04:57:42,  884757 sec) gga()                $GPGGA,045800,4422.9408,S,10118.2255,W,0,00,,,M,,M,,*57
(Nov 22 2025 04:57:52,  884767 sec) gga()                $GPGGA,045810,4422.9408,S,10118.2255,W,0,00,,,M,,M,,*56
(Nov 22 2025 04:58:02,  884777 sec) gga()                $GPGGA,045820,4422.9408,S,10118.2255,W,0,00,,,M,,M,,*55
(Nov 22 2025 04:58:12,  884787 sec) gga()                $GPGGA,045830,4422.9408,S,10118.2255,W,0,00,,,M,,M,,*54
(Nov 22 2025 04:58:22,  884797 sec) gga()                $GPGGA,045840,4422.9408,S,10118.2255,W,0,00,,,M,,M,,*53
(Nov 22 2025 04:58:32,  884807 sec) gga()                $GPGGA,045850,4422.9408,S,10118.2255,W,0,00,,,M,,M,,*52
(Nov 22 2025 04:58:42,  884817 sec) gga()                $GPGGA,045900,4422.9408,S,10118.2255,W,0,00,,,M,,M,,*56
(Nov 22 2025 04:58:43,  884818 sec) gga()                $GPGGA,045900,4422.9408,S,10118.2255,W,0,00,,,M,,M,,*56
(Nov 22 2025 04:58:52,  884827 sec) gga()                $GPGGA,045910,4422.9408,S,10118.2255,W,0,00,,,M,,M,,*57
(Nov 22 2025 04:59:02,  884837 sec) gga()                $GPGGA,045920,4422.9408,S,10118.2255,W,0,00,,,M,,M,,*54
(Nov 22 2025 04:59:12,  884847 sec) gga()                $GPGGA,045930,4422.9408,S,10118.2255,W,0,00,,,M,,M,,*55
(Nov 22 2025 04:59:22,  884857 sec) gga()                $GPGGA,045940,4422.9408,S,10118.2255,W,0,00,,,M,,M,,*52
(Nov 22 2025 04:59:32,  884867 sec) gga()                $GPGGA,045950,4422.9408,S,10118.2255,W,0,00,,,M,,M,,*53
(Nov 22 2025 04:59:52,  884887 sec) gga()                $GPGGA,050010,4422.9408,S,10118.2255,W,0,00,,,M,,M,,*5A
(Nov 22 2025 05:00:02,  884897 sec) gga()                $GPGGA,050020,4422.9408,S,10118.2255,W,0,00,,,M,,M,,*59
(Nov 22 2025 05:00:12,  884907 sec) gga()                $GPGGA,050030,4422.9408,S,10118.2255,W,0,00,,,M,,M,,*58
(Nov 22 2025 05:00:22,  884917 sec) gga()                $GPGGA,050040,4422.9408,S,10118.2255,W,0,00,,,M,,M,,*5F
(Nov 22 2025 05:00:25,  884920 sec) GpsServices()        GPS fix-acquisition failed after 300s.  Apf11 RTC skew check by-passed.
(Nov 22 2025 05:00:31,  884926 sec) LogNmeaSentences()   $GPRMC,050050,V,4422.9408,S,10118.2255,W,,,221125,024.5,E*66
(Nov 22 2025 05:00:32,  884927 sec) LogNmeaSentences()   $GPGGA,050050,4422.9408,S,10118.2255,W,0,00,,,M,,M,,*5E
(Nov 22 2025 05:00:32,  884927 sec) LogNmeaSentences()   $GPGSA,A,1,,,,,,,,,,,,,,,*1E
(Nov 22 2025 05:00:32,  884927 sec) LogNmeaSentences()   $GPGSV,3,1,12,05,35,000,41,12,04,348,37,13,65,104,42,14,37,120,41*77
(Nov 22 2025 05:00:32,  884927 sec) LogNmeaSentences()   $GPGSV,3,2,12,15,78,223,45,18,15,269,41,21,09,020,37,22,48,096,40*7C
(Nov 22 2025 05:00:32,  884927 sec) LogNmeaSentences()   $GPGSV,3,3,12,23,34,231,41,24,47,284,43,30,07,117,24,17,04,078,00*7D
(Nov 22 2025 05:00:42,  884937 sec) LogNmeaSentences()   $GPRMC,050100,V,4422.9408,S,10118.2255,W,,,221125,024.5,E*62
(Nov 22 2025 05:00:42,  884937 sec) LogNmeaSentences()   $GPGGA,050100,4422.9408,S,10118.2255,W,0,00,,,M,,M,,*5A
(Nov 22 2025 05:00:42,  884937 sec) LogNmeaSentences()   $GPGSA,A,1,,,,,,,,,,,,,,,*1E
(Nov 22 2025 05:00:42,  884937 sec) LogNmeaSentences()   $GPGSV,3,1,12,13,65,104,28,14,37,120,30,15,78,223,28,18,15,269,23*74
(Nov 22 2025 05:00:42,  884937 sec) LogNmeaSentences()   $GPGSV,3,2,12,22,48,096,30,05,35,000,00,12,04,348,00,17,04,078,00*7D
(Nov 22 2025 05:00:42,  884937 sec) LogNmeaSentences()   $GPGSV,3,3,12,20,04,012,00,21,09,020,00,23,34,231,00,24,47,284,00*7A
(Nov 22 2025 05:00:42,  884937 sec) LogNmeaSentences()   $PGRMT,GPS 15x-L software ver. 4.50,,,,,,,,*76
(Nov 22 2025 05:00:51,  884946 sec) LogNmeaSentences()   $GPRMC,050110,V,4422.9408,S,10118.2255,W,,,221125,024.5,E*63
(Nov 22 2025 05:00:52,  884947 sec) LogNmeaSentences()   $GPGGA,050110,4422.9408,S,10118.2255,W,0,00,,,M,,M,,*5B
(Nov 22 2025 05:00:52,  884947 sec) LogNmeaSentences()   $GPGSA,A,1,,,,,,,,,,,,,,,*1E
(Nov 22 2025 05:00:52,  884947 sec) LogNmeaSentences()   $GPGSV,3,1,12,22,48,096,17,30,07,117,16,05,34,000,00,12,04,348,00*73
(Nov 22 2025 05:00:52,  884947 sec) LogNmeaSentences()   $GPGSV,3,2,12,13,65,104,00,14,37,120,00,15,78,223,00,17,04,078,00*78
(Nov 22 2025 05:00:52,  884947 sec) LogNmeaSentences()   $GPGSV,3,3,12,18,15,269,00,20,04,012,00,21,09,020,00,23,34,231,00*71
(Nov 22 2025 05:01:02,  884957 sec) LogNmeaSentences()   $GPRMC,050120,V,4422.9408,S,10118.2255,W,,,221125,024.5,E*60
(Nov 22 2025 05:01:02,  884957 sec) GpsServices()        GPS services complete.
(Nov 22 2025 05:01:51,  885006 sec) IrGeoLoc()           <x,y,z>=<-892km,-4476km,-4436km> lat=-44.377 lon=-101.271 IrSysTime=0xf0761043
(Nov 22 2025 05:01:54,  885009 sec) CLogin()             Connecting to primary host.
(Nov 22 2025 05:02:13,  885028 sec) CLogin()             Connection 1 established in 19 seconds.
(Nov 22 2025 05:02:43,  885058 sec) expect()             Attempt to read prompt string [login:] failed.
(Nov 22 2025 05:02:43,  885058 sec) login()              Login prompt not received.
(Nov 22 2025 05:03:16,  885091 sec) login()              Login successful.
(Nov 22 2025 05:03:21,  885096 sec) chat()               Expected string [cmd>] not received.
(Nov 22 2025 05:03:21,  885096 sec) login()              Attempt to set the command prompt failed.
(Nov 22 2025 05:03:26,  885101 sec) chat()               Expected string [cmd>] not received.
(Nov 22 2025 05:03:26,  885101 sec) login()              Attempt to set the command prompt failed.
(Nov 22 2025 05:03:31,  885106 sec) chat()               Expected string [cmd>] not received.
(Nov 22 2025 05:03:31,  885106 sec) login()              Attempt to set the command prompt failed.
(Nov 22 2025 05:04:02,  885137 sec) CLogin()             Logged in to host.  [Login required 109 seconds]
(Nov 22 2025 05:04:32,  885167 sec) chat()               Expected string [sz mission.cfg] not received.
(Nov 22 2025 05:04:32,  885167 sec) RxConfig()           Failed attempt to execute "sz mission.cfg" on the host.
(Nov 22 2025 05:04:48,  885183 sec) RxConfig()           Downloading "mission.cfg" from host.
(Nov 22 2025 05:05:29,  885224 sec) readline()           No carrier, aborting ZMODEM transfer.
(Nov 22 2025 05:05:32,  885227 sec) sendline()           No carrier, aborting ZMODEM transfer.
(Nov 22 2025 05:05:33,  885228 sec) RxConfig()           Download failed.
(Nov 22 2025 05:05:33,  885228 sec) DownLoadMissionCfg() Keeping previous version of "mission.cfg".
(Nov 22 2025 05:05:37,  885232 sec) CLogin()             Connecting to primary host.
(Nov 22 2025 05:06:39,  885294 sec) chat()               Expected string [CONNECT] not received.
(Nov 22 2025 05:06:39,  885294 sec) modem_connect()      Modem command [AT+CBST=71,0,1;DT00881600005496] failed.
(Nov 22 2025 05:06:39,  885294 sec) connect()            Connection attempt failed.
(Nov 22 2025 05:07:08,  885323 sec) CLogin()             Connection 2 established in 91 seconds.
(Nov 22 2025 05:07:38,  885353 sec) expect()             Attempt to read prompt string [login:] failed.
(Nov 22 2025 05:07:38,  885353 sec) login()              Login prompt not received.
(Nov 22 2025 05:07:41,  885356 sec) login()              No carrier detected.
(Nov 22 2025 05:07:41,  885356 sec) CLogin()             Attempt to connect to primary host failed after 2 tries.  Connecting to alternate host.
(Nov 22 2025 05:08:44,  885419 sec) chat()               Expected string [CONNECT] not received.
(Nov 22 2025 05:08:44,  885419 sec) modem_connect()      Modem command [ATDT0012066163256] failed.
(Nov 22 2025 05:08:44,  885419 sec) connect()            Connection attempt failed.
(Nov 22 2025 05:09:14,  885449 sec) CLogin()             Connection 3 established in 217 seconds.
(Nov 22 2025 05:10:02,  885497 sec) expect()             Attempt to read prompt string [Last login:] failed.
(Nov 22 2025 05:10:02,  885497 sec) login()              Login failed.
(Nov 22 2025 05:10:44,  885539 sec) expect()             Attempt to read prompt string [Last login:] failed.
(Nov 22 2025 05:10:44,  885539 sec) login()              Login failed.
(Nov 22 2025 05:10:44,  885539 sec) CLogin()             Attempt to connect to primary and alternate hosts failed - aborting.
(Nov 22 2025 05:10:44,  885539 sec) DownLoadMissionCfg() Connect/login failed.  Mission configuration not downloaded from remote host.
(Nov 22 2025 05:10:44,  885539 sec) DownLoadMissionCfg() Aborting download: Retry limit [2] exceeded.
(Nov 22 2025 05:10:44,  885539 sec) WriteVitals_()       Writing vitals to "23031.036.msg".
(Nov 22 2025 05:10:50,  885545 sec) CLogin()             Connecting to primary host.
(Nov 22 2025 05:11:52,  885607 sec) chat()               Expected string [CONNECT] not received.
(Nov 22 2025 05:11:52,  885607 sec) modem_connect()      Modem command [AT+CBST=71,0,1;DT00881600005496] failed.
(Nov 22 2025 05:11:52,  885607 sec) connect()            Connection attempt failed.
(Nov 22 2025 05:12:16,  885631 sec) CLogin()             Connection 4 established in 86 seconds.
(Nov 22 2025 05:12:47,  885662 sec) expect()             Attempt to read prompt string [Last login:] failed.
(Nov 22 2025 05:12:47,  885662 sec) login()              Login failed.
(Nov 22 2025 05:13:17,  885692 sec) expect()             Attempt to read prompt string [login:] failed.
(Nov 22 2025 05:13:17,  885692 sec) login()              Login prompt not received.
(Nov 22 2025 05:13:17,  885692 sec) CLogin()             Attempt to connect to primary host failed after 2 tries.  Connecting to alternate host.
(Nov 22 2025 05:14:19,  885754 sec) chat()               Expected string [CONNECT] not received.
(Nov 22 2025 05:14:19,  885754 sec) modem_connect()      Modem command [ATDT0012066163256] failed.
(Nov 22 2025 05:14:19,  885754 sec) connect()            Connection attempt failed.
(Nov 22 2025 05:15:21,  885816 sec) chat()               Expected string [CONNECT] not received.
(Nov 22 2025 05:15:21,  885816 sec) modem_connect()      Modem command [ATDT0012066163256] failed.
(Nov 22 2025 05:15:21,  885816 sec) connect()            Connection attempt failed.
(Nov 22 2025 05:15:21,  885816 sec) CLogin()             Attempt to connect to primary and alternate hosts failed - aborting.
(Nov 22 2025 05:15:25,  885820 sec) CLogin()             Connecting to primary host.
(Nov 22 2025 05:16:28,  885883 sec) chat()               Expected string [CONNECT] not received.
(Nov 22 2025 05:16:28,  885883 sec) modem_connect()      Modem command [AT+CBST=71,0,1;DT00881600005496] failed.
(Nov 22 2025 05:16:28,  885883 sec) connect()            Connection attempt failed.
(Nov 22 2025 05:17:30,  885945 sec) chat()               Expected string [CONNECT] not received.
(Nov 22 2025 05:17:30,  885945 sec) modem_connect()      Modem command [AT+CBST=71,0,1;DT00881600005496] failed.
(Nov 22 2025 05:17:30,  885945 sec) connect()            Connection attempt failed.
(Nov 22 2025 05:17:30,  885945 sec) CLogin()             Attempt to connect to primary host failed after 2 tries.  Connecting to alternate host.
(Nov 22 2025 05:17:32,  885947 sec) Spi1CsPulse()        Chip-select pulse failed for SPI1 device 4.
(Nov 22 2025 05:17:46,  885961 sec) CLogin()             Connection 5 established in 141 seconds.
(Nov 22 2025 05:18:40,  886015 sec) expect()             Attempt to read prompt string [Last login:] failed.
(Nov 22 2025 05:18:40,  886015 sec) login()              Login failed.
(Nov 22 2025 05:19:10,  886045 sec) expect()             Attempt to read prompt string [login:] failed.
(Nov 22 2025 05:19:10,  886045 sec) login()              Login prompt not received.
(Nov 22 2025 05:19:44,  886079 sec) CLogin()             Connection 6 established in 259 seconds.
(Nov 22 2025 05:20:34,  886129 sec) expect()             Attempt to read prompt string [Last login:] failed.
(Nov 22 2025 05:20:34,  886129 sec) login()              Login failed.
(Nov 22 2025 05:21:04,  886159 sec) expect()             Attempt to read prompt string [login:] failed.
(Nov 22 2025 05:21:04,  886159 sec) login()              Login prompt not received.
(Nov 22 2025 05:21:04,  886159 sec) CLogin()             Attempt to connect to primary and alternate hosts failed - aborting.
(Nov 22 2025 05:21:04,  886159 sec) UpLoad()             Files successfully uploaded: 0
(Nov 22 2025 05:21:04,  886159 sec) UpLoad()             Aborting upload: Retry limit [2] exceeded. Upload incomplete.
(Nov 22 2025 05:21:04,  886159 sec) logout()             No carrier detected.
(Nov 22 2025 05:21:04,  886159 sec) Telemetry()          Telemetry cycle complete: PrfId=36 ConnectionAttempts=13  Connections=6
(Nov 22 2025 05:40:50,  887345 sec) AirSystem()          Battery [212cnt, 14.9V]  Current [19cnt, 75.3mA]  Pneumometer [155cnt, 18.2psi]  Run-Time [131s]
(Nov 22 2025 05:41:20,  887375 sec) GpsServices()        GPS almanac is current.
(Nov 22 2025 05:41:20,  887375 sec) GpsServices()        Initiating GPS fix acquisition.
(Nov 22 2025 05:41:23,  887378 sec) gga()                $GPGGA,054140,4422.9408,S,10118.2255,W,0,00,,,M,,M,,*5A
(Nov 22 2025 05:41:33,  887388 sec) gga()                $GPGGA,054150,4422.9408,S,10118.2255,W,0,00,,,M,,M,,*5B
(Nov 22 2025 05:41:42,  887397 sec) gga()                $GPGGA,054200,4422.9408,S,10118.2255,W,0,00,,,M,,M,,*5D
(Nov 22 2025 05:41:52,  887407 sec) gga()                $GPGGA,054210,4422.9408,S,10118.2255,W,0,00,,,M,,M,,*5C
(Nov 22 2025 05:42:02,  887417 sec) gga()                $GPGGA,054220,4422.9408,S,10118.2255,W,0,00,,,M,,M,,*5F
(Nov 22 2025 05:42:13,  887428 sec) gga()                $GPGGA,054230,4425.9131,S,10051.9649,W,1,10,0.8,4.2,M,-7.7,M,,*55
(Nov 22 2025 05:42:13,  887428 sec) GpsServices()        Profile 36 GPS fix obtained in 53 seconds.
(Nov 22 2025 05:42:13,  887428 sec) GpsServices()                   lon      lat mm/dd/yyyy hhmmss nsat
(Nov 22 2025 05:42:13,  887428 sec) GpsServices()        Fix: -100.8661 -44.4319 11/22/2025 054230   10
(Nov 22 2025 05:42:23,  887438 sec) gga()                $GPGGA,054240,4425.9110,S,10051.9620,W,1,10,0.8,8.4,M,-7.7,M,,*54
(Nov 22 2025 05:42:32,  887447 sec) gga()                $GPGGA,054250,4425.9102,S,10051.9596,W,1,10,0.8,7.7,M,-7.7,M,,*54
(Nov 22 2025 05:42:32,  887447 sec) GpsServices()        APF11 RTC skew (-18s) OK.
(Nov 22 2025 05:42:32,  887447 sec) GpsServices()        GPS services complete.
(Nov 22 2025 05:43:00,  887475 sec) IrGeoLoc()           <x,y,z>=<-856km,-4476km,-4440km> lat=-44.446 lon=-100.827 IrSysTime=0xf10c54be
(Nov 22 2025 05:43:03,  887478 sec) CLogin()             Connecting to primary host.
(Nov 22 2025 05:43:36,  887511 sec) CLogin()             Connection 7 established in 33 seconds.
(Nov 22 2025 05:44:15,  887550 sec) expect()             Attempt to read prompt string [Last login:] failed.
(Nov 22 2025 05:44:15,  887550 sec) login()              Login failed.
(Nov 22 2025 05:44:45,  887580 sec) expect()             Attempt to read prompt string [login:] failed.
(Nov 22 2025 05:44:45,  887580 sec) login()              Login prompt not received.
(Nov 22 2025 05:44:56,  887591 sec) CLogin()             Connection 8 established in 113 seconds.
(Nov 22 2025 05:45:00,  887595 sec) login()              Login successful.
(Nov 22 2025 05:45:03,  887598 sec) CLogin()             Logged in to host.  [Login required 7 seconds]
(Nov 22 2025 05:45:04,  887599 sec) RxConfig()           Downloading "mission.cfg" from host.
(Nov 22 2025 05:45:13,  887608 sec) RxConfig()           Download successful: [bytes:49, sec:7.1, bps:7]
(Nov 22 2025 05:45:17,  887612 sec) WriteVitals_()       Writing vitals to "23031.036.msg".
(Nov 22 2025 05:45:22,  887617 sec) UpLoadFile()         Uploading "23031.036.log" to host.
(Nov 22 2025 05:46:25,  887680 sec) UpLoadFile()         Upload successful: [bytes:17237, sec:62.7, bps:275]
(Nov 22 2025 05:46:26,  887681 sec) fmove()              Moved: 23031.036.log -> archive/23031.036.log
(Nov 22 2025 05:46:29,  887684 sec) UpLoadFile()         Uploading "23031.036.msg" to host.
(Nov 22 2025 05:48:09,  887784 sec) UpLoadFile()         Upload successful: [bytes:28065, sec:99.9, bps:281]
(Nov 22 2025 05:48:10,  887785 sec) fmove()              Moved: 23031.036.msg -> archive/23031.036.msg
(Nov 22 2025 05:48:11,  887786 sec) UpLoad()             Files successfully uploaded: 2
(Nov 22 2025 05:48:11,  887786 sec) UpLoad()             Upload complete.
(Nov 22 2025 05:48:18,  887793 sec) chat()               Expected string [logout] not received.
(Nov 22 2025 05:48:18,  887793 sec) logout()             Attempt to log-out failed.
(Nov 22 2025 05:48:18,  887793 sec) logout()             No carrier detected.
(Nov 22 2025 05:48:18,  887793 sec) Telemetry()          Telemetry cycle complete: PrfId=36 ConnectionAttempts=15  Connections=8
(Nov 22 2025 05:48:18,  887793 sec) TelemetryTerminate() Parsing new mission configuration.
(Nov 22 2025 05:48:19,  887794 sec) configure()          Parsing configurators in "mission.cfg".
(Nov 22 2025 05:48:19,  887794 sec) configure()             TelemetryRetry(15)      [0x7BBC] [TelemetryRetry(15)].
(Nov 22 2025 05:48:19,  887794 sec) configure()             DownTime(14400) [CRC=0x9F62] [DownTime(14400)].
(Nov 22 2025 05:48:19,  887794 sec) configure()          Configuration CRCs and syntax OK.
(Nov 22 2025 05:48:20,  887795 sec) ConfigSupervisor()   Configuration accepted.
(Nov 22 2025 05:48:20,  887795 sec) TelemetryTerminate() Reconditioning the file system.
(Nov 22 2025 05:48:22,       0 sec) DescentInit()        Deep profile 37 initiated at mission-time 887797sec.
(Nov 22 2025 05:48:23,       1 sec) DescentInit()        Surface pressure: -0.2dbars.
(Nov 22 2025 05:48:23,       1 sec) DescentInit()        Charge consumption model: OCV:14.8V Wake-Cycles:45572 Standby:390.9days Wake:21.9kC Sleep:4.5kC
(Nov 22 2025 05:48:35,      13 sec) DescentInit()        Pneumatic humidity: 1043(6.5%) -> 1084(7.7%)
(Nov 22 2025 05:48:35,      13 sec) PistonMoveAbsWTO()    179->075 178 177 176 175 174 173 172 171 170 169 168 167 166 165 164 163 162 161 160 159 158 157 156 155 154 153 152 151 152 151 150 149 148 147 146 145 144 143 142 141 140 139 138 137 136 135 134 133 132 131 130 129 128 127 126 125 124 123 122 121 120 119 118 117 116 115 116 115 114 113 112 111 110 109 108 107 106 105 104 103 102 101 100 099 098 097 096 095 094 093 092 091 090 089 088 087 086 085 084 083 082 081 080 079 078 077 076 075 [535sec, 14.7Volts, 0.141Amps, CPT:535sec]
(Nov 22 2025 05:57:33,     551 sec) DescentInit()        Air solenoid open: Barometer [194cnt,  11.4psi]  Pneumometer [100cnt,  11.8psi]
(Nov 22 2025 05:57:43,     561 sec) Descent()            Pressure: 13.2
(Nov 22 2025 06:48:22,    3600 sec) Descent()            Pressure: 423.5
(Nov 22 2025 07:48:22,    7200 sec) Descent()            Pressure: 776.4
(Nov 22 2025 08:48:22,   10800 sec) Descent()            Pressure: 956.8
(Nov 22 2025 09:48:22,   14400 sec) Descent()            Pressure: 994.8
(Nov 22 2025 09:48:22,   14400 sec) ParkInit()           Charge consumption model: OCV:15.3V Wake-Cycles:45577 Standby:391.1days Wake:22.1kC Sensors:4.5kC
(Dec 02 2025 01:48:44,  849622 sec) CtdPower()           [ 1006.41,  4.2660, 34.2866]
(Dec 02 2025 01:48:44,  849622 sec) CtdPower()           CTD Power consumption [209VCnt 3ACnt]: 14.660Volts * 0.013Amps = 0.20Watts.
(Dec 02 2025 01:48:54,  849632 sec) ParkTerminate()      Piston Position:75 Vacuum:190 HumidityAd12:1053(6.8%) Vq:213 Aq:2 Vsbe:209 Asbe:3
(Dec 02 2025 01:49:16,  849654 sec) ParkTerminate()      PTS: 1006.5dbars 4.2674C 34.2859PSU
(Dec 02 2025 01:49:16,  849654 sec) GoDeepInit()         Charge consumption model: OCV:15.0V Wake-Cycles:45809 Standby:400.7days Wake:22.1kC Sensors:4.5kC
(Dec 02 2025 01:49:16,  849654 sec) GoDeepInit()         Moving piston.
(Dec 02 2025 01:49:16,  849654 sec) PistonMoveAbsWTO()    075->016 074 073 072 071 070 069 068 067 066 065 064 063 062 061 060 059 058 057 056 055 054 053 052 051 050 049 048 047 046 045 044 043 042 041 040 039 038 037 036 035 034 033 032 031 030 029 028 027 026 025 024 023 022 021 020 019 018 017 016 [296sec, 14.9Volts, 0.055Amps, CPT:831sec]
(Dec 02 2025 05:48:22,  864000 sec) ProfileInit()        Charge consumption model: OCV:15.1V Wake-Cycles:45856 Standby:400.9days Wake:22.1kC Sensors:4.5kC
(Dec 02 2025 05:48:22,  864000 sec) ProfileInit()        PrfId:037  Pressure:2015.4dbar  pTable[0]:2000dbar
(Dec 02 2025 05:48:24,  864002 sec) PistonMoveAbsWTO()    016->038 017 018 019 020 021 [30sec, 14.1Volts, 0.640Amps, CPT:861sec]
(Dec 02 2025 05:49:05,  864043 sec) PistonMoveAbsWTO()    021->038 022 023 024 025 026 [30sec, 14.0Volts, 0.626Amps, CPT:891sec]
(Dec 02 2025 05:49:46,  864084 sec) PistonMoveAbsWTO()    026->038 027 028 029 030 031 [30sec, 13.9Volts, 0.632Amps, CPT:921sec]
(Dec 02 2025 05:50:27,  864125 sec) PistonMoveAbsWTO()    031->038 032 033 034 035 036 [30sec, 13.9Volts, 0.619Amps, CPT:951sec]
(Dec 02 2025 05:51:08,  864166 sec) PistonMoveAbsWTO()    036->038 037 038 [9sec, 13.9Volts, 0.623Amps, CPT:960sec]
(Dec 02 2025 05:52:01,  864219 sec) Profile()            Sample 0 initiated at 2000.4dbars for bin 0 [2000dbars].  PTS: 1997.5dbars 2.3164C 34.6291PSU
(Dec 02 2025 05:58:37,  864615 sec) Profile()            Sample 1 initiated at 1949.7dbars for bin 1 [1950dbars].  PTS: 1947.0dbars 2.3461C 34.6223PSU
(Dec 02 2025 06:05:24,  865022 sec) Profile()            Sample 2 initiated at 1900.5dbars for bin 2 [1900dbars].  PTS: 1898.0dbars 2.3789C 34.6145PSU
(Dec 02 2025 06:12:55,  865473 sec) Profile()            Sample 3 initiated at 1850.6dbars for bin 3 [1850dbars].  PTS: 1848.3dbars 2.4273C 34.6031PSU
(Dec 02 2025 06:21:32,  865990 sec) Profile()            Sample 4 initiated at 1800.9dbars for bin 4 [1800dbars].  PTS: 1799.0dbars 2.4858C 34.5896PSU
(Dec 02 2025 06:29:03,  866441 sec) AscentControlAgent() Bouyancy nudge to 48 (v=0.078dbar/sec).
(Dec 02 2025 06:29:04,  866442 sec) PistonMoveAbsWTO()    038->048 039 040 041 042 043 [30sec, 14.3Volts, 0.563Amps, CPT:990sec]
(Dec 02 2025 06:29:45,  866483 sec) PistonMoveAbsWTO()    043->048 044 045 046 047 048 [27sec, 14.2Volts, 0.551Amps, CPT:1017sec]
(Dec 02 2025 06:31:29,  866587 sec) Profile()            Sample 5 initiated at 1750.9dbars for bin 5 [1750dbars].  PTS: 1748.5dbars 2.5563C 34.5743PSU
(Dec 02 2025 06:39:11,  867049 sec) Profile()            Sample 6 initiated at 1700.8dbars for bin 6 [1700dbars].  PTS: 1698.7dbars 2.6258C 34.5608PSU
(Dec 02 2025 06:47:49,  867567 sec) Profile()            Sample 7 initiated at 1650.3dbars for bin 7 [1650dbars].  PTS: 1648.4dbars 2.7036C 34.5451PSU
(Dec 02 2025 06:57:32,  868150 sec) Profile()            Sample 8 initiated at 1600.4dbars for bin 8 [1600dbars].  PTS: 1598.8dbars 2.7795C 34.5301PSU
(Dec 02 2025 06:59:44,  868282 sec) AscentControlAgent() Bouyancy nudge to 58 (v=0.079dbar/sec).
(Dec 02 2025 06:59:45,  868283 sec) PistonMoveAbsWTO()    048->058 049 050 051 052 053 [30sec, 14.4Volts, 0.532Amps, CPT:1047sec]
(Dec 02 2025 07:00:26,  868324 sec) PistonMoveAbsWTO()    053->058 054 055 056 057 058 [27sec, 14.2Volts, 0.512Amps, CPT:1074sec]
(Dec 02 2025 07:05:50,  868648 sec) Profile()            Sample 9 initiated at 1551.0dbars for bin 9 [1550dbars].  PTS: 1548.7dbars 2.8582C 34.5146PSU
(Dec 02 2025 07:13:43,  869121 sec) Profile()            Sample 10 initiated at 1500.9dbars for bin 10 [1500dbars].  PTS: 1498.8dbars 2.9275C 34.5002PSU
(Dec 02 2025 07:22:42,  869660 sec) Profile()            Sample 11 initiated at 1450.4dbars for bin 11 [1450dbars].  PTS: 1448.6dbars 2.9747C 34.4833PSU
(Dec 02 2025 07:30:24,  870122 sec) AscentControlAgent() Bouyancy nudge to 68 (v=0.079dbar/sec).
(Dec 02 2025 07:30:25,  870123 sec) PistonMoveAbsWTO()    058->068 059 060 061 062 063 [30sec, 14.5Volts, 0.477Amps, CPT:1104sec]
(Dec 02 2025 07:31:06,  870164 sec) PistonMoveAbsWTO()    063->068 064 065 066 067 068 [25sec, 14.3Volts, 0.468Amps, CPT:1129sec]
(Dec 02 2025 07:32:37,  870255 sec) Profile()            Sample 12 initiated at 1400.1dbars for bin 12 [1400dbars].  PTS: 1397.7dbars 3.0662C 34.4571PSU
(Dec 02 2025 07:40:19,  870717 sec) Profile()            Sample 13 initiated at 1350.1dbars for bin 13 [1350dbars].  PTS: 1348.0dbars 3.1378C 34.4308PSU
(Dec 02 2025 07:49:07,  871245 sec) Profile()            Sample 14 initiated at 1300.3dbars for bin 14 [1300dbars].  PTS: 1298.5dbars 3.2233C 34.4092PSU
(Dec 02 2025 07:59:01,  871839 sec) Profile()            Sample 15 initiated at 1250.3dbars for bin 15 [1250dbars].  PTS: 1248.7dbars 3.3485C 34.3858PSU
(Dec 02 2025 08:01:13,  871971 sec) AscentControlAgent() Bouyancy nudge to 78 (v=0.079dbar/sec).
(Dec 02 2025 08:01:14,  871972 sec) PistonMoveAbsWTO()    068->078 069 070 071 072 073 [30sec, 14.5Volts, 0.443Amps, CPT:1159sec]
(Dec 02 2025 08:01:55,  872013 sec) PistonMoveAbsWTO()    073->078 074 075 076 077 078 [26sec, 14.4Volts, 0.441Amps, CPT:1185sec]
(Dec 02 2025 08:07:07,  872325 sec) Profile()            Sample 16 initiated at 1201.0dbars for bin 16 [1200dbars].  PTS: 1198.5dbars 3.4705C 34.3679PSU
(Dec 02 2025 08:14:49,  872787 sec) Profile()            Sample 17 initiated at 1150.8dbars for bin 17 [1150dbars].  PTS: 1148.7dbars 3.6095C 34.3458PSU
(Dec 02 2025 08:24:21,  873359 sec) Profile()            Sample 18 initiated at 1100.5dbars for bin 18 [1100dbars].  PTS: 1098.9dbars 3.8204C 34.3242PSU
(Dec 02 2025 08:26:55,  873513 sec) AscentControlAgent() Bouyancy nudge to 88 (v=0.075dbar/sec).
(Dec 02 2025 08:26:56,  873514 sec) PistonMoveAbsWTO()    078->088 079 080 081 082 083 [30sec, 14.6Volts, 0.398Amps, CPT:1215sec]
(Dec 02 2025 08:27:37,  873555 sec) PistonMoveAbsWTO()    083->088 084 085 086 087 088 [24sec, 14.5Volts, 0.414Amps, CPT:1239sec]
(Dec 02 2025 08:33:10,  873888 sec) Profile()            Sample 19 initiated at 1051.0dbars for bin 19 [1050dbars].  PTS: 1048.8dbars 4.0539C 34.2989PSU
(Dec 02 2025 08:41:47,  874405 sec) Profile()            Sample 20 initiated at 1000.2dbars for bin 20 [1000dbars].  PTS: 998.3dbars 4.2435C 34.2863PSU
(Dec 02 2025 08:45:40,  874638 sec) Sbe41cpStartCP()     Continuous profile started.
(Dec 02 2025 08:55:43,  875241 sec) AscentControlAgent() Bouyancy nudge to 98 (v=0.075dbar/sec).
(Dec 02 2025 08:55:43,  875241 sec) PistonMoveAbsWTO()    088->098 089 090 091 092 093 [30sec, 14.5Volts, 0.370Amps, CPT:1269sec]
(Dec 02 2025 08:56:23,  875281 sec) PistonMoveAbsWTO()    093->098 094 095 096 097 098 [26sec, 14.4Volts, 0.376Amps, CPT:1295sec]
(Dec 02 2025 09:27:00,  877118 sec) AscentControlAgent() Bouyancy nudge to 108 (v=0.079dbar/sec).
(Dec 02 2025 09:27:00,  877118 sec) PistonMoveAbsWTO()    098->108 099 100 101 102 103 [30sec, 14.5Volts, 0.335Amps, CPT:1325sec]
(Dec 02 2025 09:27:41,  877159 sec) PistonMoveAbsWTO()    103->108 104 105 106 107 108 [25sec, 14.5Volts, 0.329Amps, CPT:1350sec]
(Dec 02 2025 09:58:18,  878996 sec) AscentControlAgent() Bouyancy nudge to 118 (v=0.077dbar/sec).
(Dec 02 2025 09:58:18,  878996 sec) PistonMoveAbsWTO()    108->118 109 110 111 112 113 [30sec, 14.6Volts, 0.292Amps, CPT:1380sec]
(Dec 02 2025 09:58:59,  879037 sec) PistonMoveAbsWTO()    113->118 114 115 116 117 118 [24sec, 14.5Volts, 0.292Amps, CPT:1404sec]
(Dec 02 2025 10:34:37,  881175 sec) AscentControlAgent() Bouyancy nudge to 128 (v=0.075dbar/sec).
(Dec 02 2025 10:34:37,  881175 sec) PistonMoveAbsWTO()    118->128 119 120 121 122 123 [30sec, 14.7Volts, 0.248Amps, CPT:1434sec]
(Dec 02 2025 10:35:18,  881216 sec) PistonMoveAbsWTO()    123->128 124 125 126 127 128 [23sec, 14.6Volts, 0.247Amps, CPT:1457sec]
(Dec 02 2025 11:10:55,  883353 sec) AscentControlAgent() Bouyancy nudge to 138 (v=0.064dbar/sec).
(Dec 02 2025 11:10:55,  883353 sec) PistonMoveAbsWTO()    128->138 129 130 131 132 133 [30sec, 14.7Volts, 0.201Amps, CPT:1487sec]
(Dec 02 2025 11:11:36,  883394 sec) PistonMoveAbsWTO()    133->138 134 135 136 137 138 [22sec, 14.7Volts, 0.196Amps, CPT:1509sec]
(Dec 02 2025 11:27:05,  884323 sec) AscentControlAgent() Bouyancy nudge to 148 (v=0.072dbar/sec).
(Dec 02 2025 11:27:05,  884323 sec) PistonMoveAbsWTO()    138->148 139 140 141 142 143 [30sec, 14.7Volts, 0.183Amps, CPT:1539sec]
(Dec 02 2025 11:27:46,  884364 sec) PistonMoveAbsWTO()    143->148 144 145 146 147 148 [22sec, 14.7Volts, 0.180Amps, CPT:1561sec]
(Dec 02 2025 11:38:20,  884998 sec) AscentControlAgent() Bouyancy nudge to 158 (v=0.076dbar/sec).
(Dec 02 2025 11:38:20,  884998 sec) PistonMoveAbsWTO()    148->158 149 150 151 152 153 154 [30sec, 14.7Volts, 0.173Amps, CPT:1591sec]
(Dec 02 2025 11:39:01,  885039 sec) PistonMoveAbsWTO()    154->158 155 156 157 158 [21sec, 14.7Volts, 0.169Amps, CPT:1612sec]
(Dec 02 2025 11:42:42,  885260 sec) SurfaceDetect()      SurfacePressure:-0.2dbars Pressure:3.1dbars PistonPosition:158
(Dec 02 2025 11:42:42,  885260 sec) Sbe41cpStopCP()      Continuous profile stopped.
(Dec 02 2025 11:42:45,  885263 sec) PistonMoveAbsWTO()    158->180 159 160 161 162 163 164 165 166 167 168 169 170 171 172 173 174 175 176 177 178 179 180 [113sec, 14.7Volts, 0.166Amps, CPT:1725sec]
(Dec 02 2025 11:44:43,  885381 sec) chat()               Expected string [S>] not received.
(Dec 02 2025 11:46:23,  885481 sec) Sbe41cpBinAverage()  Finished averaging 10645 samples in 95 seconds.
(Dec 02 2025 11:46:28,  885486 sec) Sbe41cpUploadCP_()   Sbe41cpSerNo[18560] NSample[10645] NBin[493]
(Dec 02 2025 11:46:59,  885517 sec) Sbe41cpUploadCP_()   Continuous profile uploaded [493 lines].

<EOT>
