(Jun 21 2025 08:39:35,  885269 sec) TelemetryInit()      Profile 21. (Apf11 FwRev: 121123)
(Jun 21 2025 08:39:35,  885269 sec) TelemetryInit()      Charge consumption model: OCV:15.1V Wake-Cycles:26628 Standby:238.0days Wake:13.2kC Sensors:2.5kC
(Jun 21 2025 08:49:42,  885876 sec) AirSystem()          Battery [211cnt, 14.9V]  Current [20cnt, 78.9mA]  Pneumometer [156cnt, 18.3psi]  Run-Time [145s]
(Jun 21 2025 08:50:13,  885907 sec) GpsServices()        GPS almanac is current.
(Jun 21 2025 08:50:13,  885907 sec) GpsServices()        Initiating GPS fix acquisition.
(Jun 21 2025 08:50:23,  885917 sec) gga()                $GPGGA,085030,4633.4270,S,10319.7195,W,0,00,,,M,,M,,*5F
(Jun 21 2025 08:50:29,  885923 sec) gga()                $GPGGA,085040,4633.4270,S,10319.7195,W,0,00,,,M,,M,,*58
(Jun 21 2025 08:50:39,  885933 sec) gga()                $GPGGA,085050,4633.4270,S,10319.7195,W,0,00,,,M,,M,,*59
(Jun 21 2025 08:50:49,  885943 sec) gga()                $GPGGA,085100,4633.4270,S,10319.7195,W,0,00,,,M,,M,,*5D
(Jun 21 2025 08:50:50,  885944 sec) gga()                $GPGGA,085100,4633.4270,S,10319.7195,W,0,00,,,M,,M,,*5D
(Jun 21 2025 08:51:00,  885954 sec) gga()                $GPGGA,085110,4629.0828,S,10339.0609,W,1,04,1.9,-10.3,M,-8.4,M,,*4E
(Jun 21 2025 08:51:00,  885954 sec) GpsServices()        Profile 21 GPS fix obtained in 47 seconds.
(Jun 21 2025 08:51:00,  885954 sec) GpsServices()                   lon      lat mm/dd/yyyy hhmmss nsat
(Jun 21 2025 08:51:00,  885954 sec) GpsServices()        Fix: -103.6510 -46.4847 06/21/2025 085110    4
(Jun 21 2025 08:51:10,  885964 sec) gga()                $GPGGA,085120,4629.0834,S,10339.0618,W,1,09,0.9,-7.1,M,-8.4,M,,*78
(Jun 21 2025 08:51:19,  885973 sec) gga()                $GPGGA,085130,4629.0840,S,10339.0614,W,1,09,0.9,-9.4,M,-8.4,M,,*7D
(Jun 21 2025 08:51:19,  885973 sec) GpsServices()        APF11 RTC skew (-11s) OK.
(Jun 21 2025 08:51:19,  885973 sec) GpsServices()        GPS services complete.
(Jun 21 2025 08:51:47,  886001 sec) IrGeoLoc()           <x,y,z>=<-1012km,-4272km,-4608km> lat=-46.578 lon=-103.327 IrSysTime=0xe7a85f6d
(Jun 21 2025 08:51:50,  886004 sec) CLogin()             Connecting to primary host.
(Jun 21 2025 08:52:01,  886015 sec) CLogin()             Connection 1 established in 11 seconds.
(Jun 21 2025 08:52:07,  886021 sec) login()              Login successful.
(Jun 21 2025 08:52:12,  886026 sec) chat()               Expected string [cmd>] not received.
(Jun 21 2025 08:52:12,  886026 sec) login()              Attempt to set the command prompt failed.
(Jun 21 2025 08:52:21,  886035 sec) CLogin()             Logged in to host.  [Login required 20 seconds]
(Jun 21 2025 08:52:25,  886039 sec) RxConfig()           Downloading "mission.cfg" from host.
(Jun 21 2025 08:52:39,  886053 sec) RxConfig()           Download successful: [bytes:49, sec:12.2, bps:4]
(Jun 21 2025 08:52:43,  886057 sec) WriteVitals_()       Writing vitals to "23031.021.msg".
(Jun 21 2025 08:52:50,  886064 sec) UpLoadFile()         Uploading "23031.021.log" to host.
(Jun 21 2025 08:54:07,  886141 sec) UpLoadFile()         Upload successful: [bytes:16307, sec:77.3, bps:211]
(Jun 21 2025 08:54:08,  886142 sec) fmove()              Moved: 23031.021.log -> archive/23031.021.log
(Jun 21 2025 08:54:12,  886146 sec) UpLoadFile()         Uploading "23031.021.msg" to host.
(Jun 21 2025 08:55:55,  886249 sec) UpLoadFile()         Upload successful: [bytes:26516, sec:103.2, bps:257]
(Jun 21 2025 08:55:56,  886250 sec) fmove()              Moved: 23031.021.msg -> archive/23031.021.msg
(Jun 21 2025 08:55:57,  886251 sec) UpLoad()             Files successfully uploaded: 2
(Jun 21 2025 08:55:57,  886251 sec) UpLoad()             Upload complete.
(Jun 21 2025 08:56:04,  886258 sec) chat()               Expected string [logout] not received.
(Jun 21 2025 08:56:04,  886258 sec) logout()             Attempt to log-out failed.
(Jun 21 2025 08:56:04,  886258 sec) logout()             No carrier detected.
(Jun 21 2025 08:56:04,  886258 sec) Telemetry()          Telemetry cycle complete: PrfId=21 ConnectionAttempts=1  Connections=1
(Jun 21 2025 08:56:04,  886258 sec) TelemetryTerminate() Parsing new mission configuration.
(Jun 21 2025 08:56:05,  886259 sec) configure()          Parsing configurators in "mission.cfg".
(Jun 21 2025 08:56:05,  886259 sec) configure()             TelemetryRetry(15)      [0x7BBC] [TelemetryRetry(15)].
(Jun 21 2025 08:56:05,  886259 sec) configure()             DownTime(14400) [CRC=0x9F62] [DownTime(14400)].
(Jun 21 2025 08:56:05,  886259 sec) configure()          Configuration CRCs and syntax OK.
(Jun 21 2025 08:56:06,  886260 sec) ConfigSupervisor()   Configuration accepted.
(Jun 21 2025 08:56:06,  886260 sec) TelemetryTerminate() Reconditioning the file system.
(Jun 21 2025 08:56:08,       0 sec) DescentInit()        Deep profile 22 initiated at mission-time 886262sec.
(Jun 21 2025 08:56:09,       1 sec) DescentInit()        Surface pressure: -0.3dbars.
(Jun 21 2025 08:56:09,       1 sec) DescentInit()        Charge consumption model: OCV:14.8V Wake-Cycles:26629 Standby:238.0days Wake:13.2kC Sleep:2.5kC
(Jun 21 2025 08:56:21,      13 sec) DescentInit()        Pneumatic humidity: 1054(6.8%) -> 1091(7.9%)
(Jun 21 2025 08:56:21,      13 sec) PistonMoveAbsWTO()    170->075 169 168 167 166 165 164 163 162 161 160 159 158 159 158 157 156 155 154 153 152 151 150 149 148 147 146 145 144 143 142 141 140 139 138 137 136 135 134 135 134 133 132 131 130 129 128 127 126 127 126 125 124 123 122 121 120 119 118 117 116 115 114 113 112 111 110 109 108 107 106 105 104 103 102 101 100 099 098 097 096 095 094 093 092 091 090 089 088 087 086 085 084 083 082 081 080 079 078 077 076 075 [491sec, 14.6Volts, 0.144Amps, CPT:491sec]
(Jun 21 2025 09:04:35,     507 sec) DescentInit()        Air solenoid open: Barometer [193cnt,  11.3psi]  Pneumometer [100cnt,  11.7psi]
(Jun 21 2025 09:04:45,     517 sec) Descent()            Pressure: 9.9
(Jun 21 2025 09:56:08,    3600 sec) Descent()            Pressure: 428.2
(Jun 21 2025 10:56:08,    7200 sec) Descent()            Pressure: 785.4
(Jun 21 2025 11:56:08,   10800 sec) Descent()            Pressure: 961.8
(Jun 21 2025 12:56:08,   14400 sec) Descent()            Pressure: 996.2
(Jun 21 2025 12:56:08,   14400 sec) ParkInit()           Charge consumption model: OCV:15.4V Wake-Cycles:26634 Standby:238.1days Wake:13.4kC Sensors:2.5kC
(Jul 01 2025 04:56:30,  849622 sec) CtdPower()           [ 1004.97,  4.3264, 34.2764]
(Jul 01 2025 04:56:30,  849622 sec) CtdPower()           CTD Power consumption [212VCnt 3ACnt]: 14.902Volts * 0.014Amps = 0.20Watts.
(Jul 01 2025 04:56:40,  849632 sec) ParkTerminate()      Piston Position:75 Vacuum:190 HumidityAd12:1057(6.9%) Vq:216 Aq:2 Vsbe:212 Asbe:3
(Jul 01 2025 04:57:02,  849654 sec) ParkTerminate()      PTS: 1004.9dbars 4.3267C 34.2763PSU
(Jul 01 2025 04:57:02,  849654 sec) GoDeepInit()         Charge consumption model: OCV:15.2V Wake-Cycles:26866 Standby:247.8days Wake:13.4kC Sensors:2.5kC
(Jul 01 2025 04:57:02,  849654 sec) GoDeepInit()         Moving piston.
(Jul 01 2025 04:57:02,  849654 sec) PistonMoveAbsWTO()    075->015 074 073 072 071 070 069 068 067 066 065 064 063 062 061 060 059 058 057 056 055 054 053 052 051 050 049 048 047 046 045 044 043 042 041 040 039 038 037 036 035 034 033 032 031 030 029 028 027 026 025 024 023 022 021 020 019 018 017 016 015 [300sec, 14.9Volts, 0.058Amps, CPT:791sec]
(Jul 01 2025 08:31:08,  862500 sec) GoDeep()             Sequence point detected at 2022.9dbar.
(Jul 01 2025 08:31:08,  862500 sec) ProfileInit()        Charge consumption model: OCV:15.2V Wake-Cycles:26908 Standby:247.9days Wake:13.4kC Sensors:2.5kC
(Jul 01 2025 08:31:09,  862501 sec) ProfileInit()        PrfId:022  Pressure:2022.8dbar  pTable[0]:2000dbar
(Jul 01 2025 08:31:20,  862512 sec) PistonMoveAbsWTO()    015->037 016 017 018 019 020 [30sec, 14.2Volts, 0.626Amps, CPT:821sec]
(Jul 01 2025 08:32:01,  862553 sec) PistonMoveAbsWTO()    020->037 021 022 023 024 025 [30sec, 14.1Volts, 0.630Amps, CPT:851sec]
(Jul 01 2025 08:32:42,  862594 sec) PistonMoveAbsWTO()    025->037 026 027 028 029 030 [30sec, 14.0Volts, 0.658Amps, CPT:881sec]
(Jul 01 2025 08:33:23,  862635 sec) PistonMoveAbsWTO()    030->037 031 032 033 034 035 [30sec, 14.0Volts, 0.614Amps, CPT:911sec]
(Jul 01 2025 08:34:04,  862676 sec) PistonMoveAbsWTO()    035->037 036 037 [6sec, 14.0Volts, 0.618Amps, CPT:917sec]
(Jul 01 2025 08:36:12,  862804 sec) Profile()            Sample 0 initiated at 1999.9dbars for bin 0 [2000dbars].  PTS: 1997.2dbars 2.3183C 34.6431PSU
(Jul 01 2025 08:43:10,  863222 sec) Profile()            Sample 1 initiated at 1950.2dbars for bin 1 [1950dbars].  PTS: 1947.8dbars 2.3672C 34.6326PSU
(Jul 01 2025 08:45:55,  863387 sec) PistonMoveAbsWTO()    037->037 [0sec, 0.0Volts, 0.000Amps, CPT:917sec]
(Jul 01 2025 08:50:52,  863684 sec) Profile()            Sample 2 initiated at 1900.5dbars for bin 2 [1900dbars].  PTS: 1898.3dbars 2.4087C 34.6213PSU
(Jul 01 2025 08:51:14,  863706 sec) PistonMoveAbsWTO()    036->037 037 [1sec, 14.4Volts, 0.631Amps, CPT:918sec]
(Jul 01 2025 08:59:30,  864202 sec) Profile()            Sample 3 initiated at 1850.3dbars for bin 3 [1850dbars].  PTS: 1848.3dbars 2.4609C 34.6052PSU
(Jul 01 2025 09:08:51,  864763 sec) Profile()            Sample 4 initiated at 1800.9dbars for bin 4 [1800dbars].  PTS: 1799.2dbars 2.5036C 34.5919PSU
(Jul 01 2025 09:17:06,  865258 sec) AscentControlAgent() Bouyancy nudge to 47 (v=0.075dbar/sec).
(Jul 01 2025 09:17:07,  865259 sec) PistonMoveAbsWTO()    037->047 038 039 040 041 042 [30sec, 14.4Volts, 0.572Amps, CPT:948sec]
(Jul 01 2025 09:17:48,  865300 sec) PistonMoveAbsWTO()    042->047 043 044 045 046 047 [26sec, 14.3Volts, 0.564Amps, CPT:974sec]
(Jul 01 2025 09:19:21,  865393 sec) Profile()            Sample 5 initiated at 1750.2dbars for bin 5 [1750dbars].  PTS: 1747.8dbars 2.5633C 34.5746PSU
(Jul 01 2025 09:27:03,  865855 sec) Profile()            Sample 6 initiated at 1700.0dbars for bin 6 [1700dbars].  PTS: 1697.8dbars 2.6234C 34.5566PSU
(Jul 01 2025 09:35:29,  866361 sec) Profile()            Sample 7 initiated at 1650.3dbars for bin 7 [1650dbars].  PTS: 1648.4dbars 2.6812C 34.5388PSU
(Jul 01 2025 09:45:12,  866944 sec) Profile()            Sample 8 initiated at 1600.9dbars for bin 8 [1600dbars].  PTS: 1599.3dbars 2.7468C 34.5185PSU
(Jul 01 2025 09:47:46,  867098 sec) AscentControlAgent() Bouyancy nudge to 57 (v=0.078dbar/sec).
(Jul 01 2025 09:47:47,  867099 sec) PistonMoveAbsWTO()    047->057 048 049 050 051 052 [30sec, 14.5Volts, 0.519Amps, CPT:1004sec]
(Jul 01 2025 09:48:28,  867140 sec) PistonMoveAbsWTO()    052->057 053 054 055 056 057 [26sec, 14.3Volts, 0.516Amps, CPT:1030sec]
(Jul 01 2025 09:53:52,  867464 sec) Profile()            Sample 9 initiated at 1550.2dbars for bin 9 [1550dbars].  PTS: 1547.9dbars 2.8047C 34.4988PSU
(Jul 01 2025 10:01:56,  867948 sec) Profile()            Sample 10 initiated at 1500.8dbars for bin 10 [1500dbars].  PTS: 1498.8dbars 2.8694C 34.4793PSU
(Jul 01 2025 10:11:39,  868531 sec) Profile()            Sample 11 initiated at 1450.2dbars for bin 11 [1450dbars].  PTS: 1448.6dbars 2.9365C 34.4598PSU
(Jul 01 2025 10:18:26,  868938 sec) AscentControlAgent() Bouyancy nudge to 67 (v=0.072dbar/sec).
(Jul 01 2025 10:18:27,  868939 sec) PistonMoveAbsWTO()    057->067 058 059 060 061 062 [30sec, 14.6Volts, 0.478Amps, CPT:1060sec]
(Jul 01 2025 10:19:08,  868980 sec) PistonMoveAbsWTO()    062->067 063 064 065 066 067 [25sec, 14.4Volts, 0.491Amps, CPT:1085sec]
(Jul 01 2025 10:21:45,  869137 sec) Profile()            Sample 12 initiated at 1400.5dbars for bin 12 [1400dbars].  PTS: 1398.2dbars 3.0240C 34.4369PSU
(Jul 01 2025 10:29:49,  869621 sec) Profile()            Sample 13 initiated at 1349.9dbars for bin 13 [1350dbars].  PTS: 1347.8dbars 3.1319C 34.4122PSU
(Jul 01 2025 10:38:26,  870138 sec) Profile()            Sample 14 initiated at 1300.4dbars for bin 14 [1300dbars].  PTS: 1298.6dbars 3.2347C 34.3915PSU
(Jul 01 2025 10:44:07,  870479 sec) AscentControlAgent() Bouyancy nudge to 77 (v=0.079dbar/sec).
(Jul 01 2025 10:44:08,  870480 sec) PistonMoveAbsWTO()    067->077 068 069 070 071 072 [30sec, 14.6Volts, 0.455Amps, CPT:1115sec]
(Jul 01 2025 10:44:49,  870521 sec) PistonMoveAbsWTO()    072->077 073 074 075 076 077 [25sec, 14.4Volts, 0.446Amps, CPT:1140sec]
(Jul 01 2025 10:47:48,  870700 sec) Profile()            Sample 15 initiated at 1250.3dbars for bin 15 [1250dbars].  PTS: 1247.9dbars 3.3544C 34.3691PSU
(Jul 01 2025 10:55:30,  871162 sec) Profile()            Sample 16 initiated at 1201.0dbars for bin 16 [1200dbars].  PTS: 1198.8dbars 3.5023C 34.3477PSU
(Jul 01 2025 11:04:40,  871712 sec) Profile()            Sample 17 initiated at 1150.6dbars for bin 17 [1150dbars].  PTS: 1148.8dbars 3.6930C 34.3257PSU
(Jul 01 2025 11:14:46,  872318 sec) Profile()            Sample 18 initiated at 1100.7dbars for bin 18 [1100dbars].  PTS: 1099.1dbars 3.8948C 34.3063PSU
(Jul 01 2025 11:20:05,  872637 sec) AscentControlAgent() Bouyancy nudge to 87 (v=0.074dbar/sec).
(Jul 01 2025 11:20:06,  872638 sec) PistonMoveAbsWTO()    077->087 078 079 080 081 082 [30sec, 14.7Volts, 0.405Amps, CPT:1170sec]
(Jul 01 2025 11:20:47,  872679 sec) PistonMoveAbsWTO()    082->087 083 084 085 086 087 [24sec, 14.5Volts, 0.413Amps, CPT:1194sec]
(Jul 01 2025 11:24:29,  872901 sec) Profile()            Sample 19 initiated at 1050.3dbars for bin 19 [1050dbars].  PTS: 1048.0dbars 4.0951C 34.2915PSU
(Jul 01 2025 11:32:44,  873396 sec) Profile()            Sample 20 initiated at 1000.4dbars for bin 20 [1000dbars].  PTS: 998.4dbars 4.3135C 34.2768PSU
(Jul 01 2025 11:36:37,  873629 sec) Sbe41cpStartCP()     Continuous profile started.
(Jul 01 2025 11:41:39,  873931 sec) AscentControlAgent() Bouyancy nudge to 97 (v=0.079dbar/sec).
(Jul 01 2025 11:41:39,  873931 sec) PistonMoveAbsWTO()    087->097 088 089 090 091 092 [30sec, 14.6Volts, 0.378Amps, CPT:1224sec]
(Jul 01 2025 11:42:20,  873972 sec) PistonMoveAbsWTO()    092->097 093 094 095 096 097 [25sec, 14.4Volts, 0.376Amps, CPT:1249sec]
(Jul 01 2025 12:12:51,  875803 sec) AscentControlAgent() Bouyancy nudge to 107 (v=0.079dbar/sec).
(Jul 01 2025 12:12:51,  875803 sec) PistonMoveAbsWTO()    097->107 098 099 100 101 102 [30sec, 14.6Volts, 0.341Amps, CPT:1279sec]
(Jul 01 2025 12:13:31,  875843 sec) PistonMoveAbsWTO()    102->107 103 104 105 106 107 [25sec, 14.5Volts, 0.339Amps, CPT:1304sec]
(Jul 01 2025 12:49:03,  877975 sec) AscentControlAgent() Bouyancy nudge to 117 (v=0.076dbar/sec).
(Jul 01 2025 12:49:03,  877975 sec) PistonMoveAbsWTO()    107->117 108 109 110 111 112 [30sec, 14.6Volts, 0.292Amps, CPT:1334sec]
(Jul 01 2025 12:49:43,  878015 sec) PistonMoveAbsWTO()    112->117 113 114 115 116 117 [24sec, 14.6Volts, 0.288Amps, CPT:1358sec]
(Jul 01 2025 13:20:13,  879845 sec) AscentControlAgent() Bouyancy nudge to 127 (v=0.077dbar/sec).
(Jul 01 2025 13:20:13,  879845 sec) PistonMoveAbsWTO()    117->127 118 119 120 121 122 [30sec, 14.7Volts, 0.249Amps, CPT:1388sec]
(Jul 01 2025 13:20:53,  879885 sec) PistonMoveAbsWTO()    122->127 123 124 125 126 127 [24sec, 14.6Volts, 0.252Amps, CPT:1412sec]
(Jul 01 2025 13:51:23,  881715 sec) AscentControlAgent() Bouyancy nudge to 137 (v=0.075dbar/sec).
(Jul 01 2025 13:51:23,  881715 sec) PistonMoveAbsWTO()    127->137 128 129 130 131 132 [30sec, 14.7Volts, 0.217Amps, CPT:1442sec]
(Jul 01 2025 13:52:03,  881755 sec) PistonMoveAbsWTO()    132->137 133 134 135 136 137 [23sec, 14.7Volts, 0.210Amps, CPT:1465sec]
(Jul 01 2025 14:07:29,  882681 sec) AscentControlAgent() Bouyancy nudge to 147 (v=0.076dbar/sec).
(Jul 01 2025 14:07:29,  882681 sec) PistonMoveAbsWTO()    137->147 138 139 140 141 142 [30sec, 14.7Volts, 0.189Amps, CPT:1495sec]
(Jul 01 2025 14:08:09,  882721 sec) PistonMoveAbsWTO()    142->147 143 144 145 146 147 [23sec, 14.7Volts, 0.195Amps, CPT:1518sec]
(Jul 01 2025 14:28:37,  883949 sec) SurfaceDetect()      SurfacePressure:-0.3dbars Pressure:3.2dbars PistonPosition:147
(Jul 01 2025 14:28:37,  883949 sec) Sbe41cpStopCP()      Continuous profile stopped.
(Jul 01 2025 14:28:41,  883953 sec) PistonMoveAbsWTO()    147->169 148 149 150 151 152 153 154 155 156 157 158 159 160 161 162 163 164 165 166 167 168 169 [112sec, 14.7Volts, 0.170Amps, CPT:1630sec]
(Jul 01 2025 14:30:38,  884070 sec) chat()               Expected string [S>] not received.
(Jul 01 2025 14:32:16,  884168 sec) Sbe41cpBinAverage()  Finished averaging 10343 samples in 93 seconds.
(Jul 01 2025 14:32:21,  884173 sec) Sbe41cpUploadCP_()   Sbe41cpSerNo[18560] NSample[10343] NBin[493]
(Jul 01 2025 14:32:52,  884204 sec) Sbe41cpUploadCP_()   Continuous profile uploaded [493 lines].

<EOT>
