(Aug 11 2025 15:24:58,  883760 sec) TelemetryInit()      Profile 26. (Apf11 FwRev: 121123)
(Aug 11 2025 15:24:58,  883760 sec) TelemetryInit()      Charge consumption model: OCV:15.1V Wake-Cycles:32965 Standby:288.9days Wake:16.1kC Sensors:3.2kC
(Aug 11 2025 15:35:14,  884376 sec) AirSystem()          Battery [211cnt, 14.9V]  Current [21cnt, 83.1mA]  Pneumometer [156cnt, 18.3psi]  Run-Time [149s]
(Aug 11 2025 15:35:38,  884400 sec) GpsServices()        GPS almanac is current.
(Aug 11 2025 15:35:38,  884400 sec) GpsServices()        Initiating GPS fix acquisition.
(Aug 11 2025 15:35:42,  884404 sec) gga()                $GPGGA,153550,4550.9951,S,10422.0988,W,0,00,,,M,,M,,*59
(Aug 11 2025 15:35:57,  884419 sec) gga()                $GPGGA,153610,4550.9951,S,10422.0988,W,0,00,,,M,,M,,*5E
(Aug 11 2025 15:36:07,  884429 sec) gga()                $GPGGA,153620,4550.9951,S,10422.0988,W,0,00,,,M,,M,,*5D
(Aug 11 2025 15:36:17,  884439 sec) gga()                $GPGGA,153630,4550.9951,S,10422.0988,W,0,00,,,M,,M,,*5C
(Aug 11 2025 15:36:18,  884440 sec) gga()                $GPGGA,153630,4550.9951,S,10422.0988,W,0,00,,,M,,M,,*5C
(Aug 11 2025 15:36:27,  884449 sec) gga()                $GPGGA,153640,4550.9951,S,10422.0988,W,0,00,,,M,,M,,*5B
(Aug 11 2025 15:36:37,  884459 sec) gga()                $GPGGA,153650,4550.9951,S,10422.0988,W,0,00,,,M,,M,,*5A
(Aug 11 2025 15:36:48,  884470 sec) gga()                $GPGGA,153700,4538.5315,S,10352.3967,W,1,07,1.0,-5.0,M,-8.5,M,,*75
(Aug 11 2025 15:36:48,  884470 sec) GpsServices()        Profile 26 GPS fix obtained in 70 seconds.
(Aug 11 2025 15:36:48,  884470 sec) GpsServices()                   lon      lat mm/dd/yyyy hhmmss nsat
(Aug 11 2025 15:36:48,  884470 sec) GpsServices()        Fix: -103.8733 -45.6422 08/11/2025 153700    7
(Aug 11 2025 15:36:58,  884480 sec) gga()                $GPGGA,153710,4538.5318,S,10352.3940,W,1,07,1.0,-7.4,M,-8.5,M,,*7A
(Aug 11 2025 15:37:07,  884489 sec) gga()                $GPGGA,153720,4538.5295,S,10352.3930,W,1,07,1.0,-5.6,M,-8.5,M,,*7A
(Aug 11 2025 15:37:07,  884489 sec) GpsServices()        APF11 RTC skew (-13s) OK.
(Aug 11 2025 15:37:07,  884489 sec) GpsServices()        GPS services complete.
(Aug 11 2025 15:37:35,  884517 sec) IrGeoLoc()           <x,y,z>=<-1108km,-4308km,-4552km> lat=-45.852 lon=-104.424 IrSysTime=0xea97d66a
(Aug 11 2025 15:37:38,  884520 sec) CLogin()             Connecting to primary host.
(Aug 11 2025 15:37:55,  884537 sec) CLogin()             Connection 1 established in 17 seconds.
(Aug 11 2025 15:38:25,  884567 sec) expect()             Attempt to read prompt string [login:] failed.
(Aug 11 2025 15:38:25,  884567 sec) login()              Login prompt not received.
(Aug 11 2025 15:38:35,  884577 sec) login()              Login successful.
(Aug 11 2025 15:38:41,  884583 sec) CLogin()             Logged in to host.  [Login required 46 seconds]
(Aug 11 2025 15:38:45,  884587 sec) RxConfig()           Downloading "mission.cfg" from host.
(Aug 11 2025 15:39:00,  884602 sec) RxConfig()           Download successful: [bytes:49, sec:13.3, bps:4]
(Aug 11 2025 15:39:04,  884606 sec) WriteVitals_()       Writing vitals to "23031.026.msg".
(Aug 11 2025 15:39:12,  884614 sec) UpLoadFile()         Uploading "23031.026.log" to host.
(Aug 11 2025 15:40:09,  884671 sec) UpLoadFile()         Upload successful: [bytes:17290, sec:56.9, bps:304]
(Aug 11 2025 15:40:10,  884672 sec) fmove()              Moved: 23031.026.log -> archive/23031.026.log
(Aug 11 2025 15:40:13,  884675 sec) UpLoadFile()         Uploading "23031.026.msg" to host.
(Aug 11 2025 15:41:42,  884764 sec) UpLoadFile()         Upload successful: [bytes:26517, sec:88.9, bps:298]
(Aug 11 2025 15:41:43,  884765 sec) fmove()              Moved: 23031.026.msg -> archive/23031.026.msg
(Aug 11 2025 15:41:44,  884766 sec) UpLoad()             Files successfully uploaded: 2
(Aug 11 2025 15:41:44,  884766 sec) UpLoad()             Upload complete.
(Aug 11 2025 15:41:51,  884773 sec) chat()               Expected string [logout] not received.
(Aug 11 2025 15:41:51,  884773 sec) logout()             Attempt to log-out failed.
(Aug 11 2025 15:41:51,  884773 sec) logout()             No carrier detected.
(Aug 11 2025 15:41:51,  884773 sec) Telemetry()          Telemetry cycle complete: PrfId=26 ConnectionAttempts=1  Connections=1
(Aug 11 2025 15:41:51,  884773 sec) TelemetryTerminate() Parsing new mission configuration.
(Aug 11 2025 15:41:52,  884774 sec) configure()          Parsing configurators in "mission.cfg".
(Aug 11 2025 15:41:52,  884774 sec) configure()             TelemetryRetry(15)      [0x7BBC] [TelemetryRetry(15)].
(Aug 11 2025 15:41:52,  884774 sec) configure()             DownTime(14400) [CRC=0x9F62] [DownTime(14400)].
(Aug 11 2025 15:41:52,  884774 sec) configure()          Configuration CRCs and syntax OK.
(Aug 11 2025 15:41:53,  884775 sec) ConfigSupervisor()   Configuration accepted.
(Aug 11 2025 15:41:53,  884775 sec) TelemetryTerminate() Reconditioning the file system.
(Aug 11 2025 15:41:55,       0 sec) DescentInit()        Deep profile 27 initiated at mission-time 884777sec.
(Aug 11 2025 15:41:56,       1 sec) DescentInit()        Surface pressure: -0.3dbars.
(Aug 11 2025 15:41:56,       1 sec) DescentInit()        Charge consumption model: OCV:14.8V Wake-Cycles:32966 Standby:288.9days Wake:16.1kC Sleep:3.2kC
(Aug 11 2025 15:42:08,      13 sec) DescentInit()        Pneumatic humidity: 1045(6.6%) -> 1091(7.9%)
(Aug 11 2025 15:42:08,      13 sec) PistonMoveAbsWTO()    169->075 168 167 166 165 164 163 162 161 160 159 158 157 156 155 154 153 152 151 150 149 148 147 148 147 146 145 144 143 142 141 140 139 138 137 136 135 134 133 132 131 130 129 128 127 126 125 124 123 122 121 120 119 118 117 118 117 116 115 114 113 112 111 110 109 108 107 106 105 104 103 102 101 100 099 098 097 096 095 094 093 092 091 090 089 088 087 086 085 084 083 082 081 080 079 078 077 076 075 [486sec, 14.6Volts, 0.146Amps, CPT:486sec]
(Aug 11 2025 15:50:17,     502 sec) DescentInit()        Air solenoid open: Barometer [191cnt,  11.2psi]  Pneumometer [ 98cnt,  11.5psi]
(Aug 11 2025 15:50:27,     512 sec) Descent()            Pressure: -0.1
(Aug 11 2025 16:41:55,    3600 sec) Descent()            Pressure: 253.8
(Aug 11 2025 17:41:55,    7200 sec) Descent()            Pressure: 659.5
(Aug 11 2025 18:41:55,   10800 sec) Descent()            Pressure: 914.3
(Aug 11 2025 19:41:55,   14400 sec) Descent()            Pressure: 999.5
(Aug 11 2025 19:41:55,   14400 sec) ParkInit()           Charge consumption model: OCV:15.4V Wake-Cycles:32971 Standby:289.1days Wake:16.3kC Sensors:3.2kC
(Aug 21 2025 11:42:17,  849622 sec) CtdPower()           [ 1006.76,  4.3442, 34.2813]
(Aug 21 2025 11:42:17,  849622 sec) CtdPower()           CTD Power consumption [211VCnt 4ACnt]: 14.810Volts * 0.014Amps = 0.21Watts.
(Aug 21 2025 11:42:27,  849632 sec) ParkTerminate()      Piston Position:75 Vacuum:190 HumidityAd12:1053(6.8%) Vq:215 Aq:2 Vsbe:211 Asbe:4
(Aug 21 2025 11:42:49,  849654 sec) ParkTerminate()      PTS: 1006.8dbars 4.3442C 34.2813PSU
(Aug 21 2025 11:42:49,  849654 sec) GoDeepInit()         Charge consumption model: OCV:15.1V Wake-Cycles:33203 Standby:298.8days Wake:16.3kC Sensors:3.2kC
(Aug 21 2025 11:42:49,  849654 sec) GoDeepInit()         Moving piston.
(Aug 21 2025 11:42:49,  849654 sec) PistonMoveAbsWTO()    075->016 074 073 072 071 070 069 068 067 066 065 064 063 062 061 060 059 058 057 056 055 054 053 052 051 050 049 048 047 046 045 044 043 042 041 040 039 038 037 036 035 034 033 032 031 030 029 028 027 026 025 024 023 022 021 020 019 018 017 016 [294sec, 14.9Volts, 0.061Amps, CPT:780sec]
(Aug 21 2025 15:41:55,  864000 sec) ProfileInit()        Charge consumption model: OCV:15.2V Wake-Cycles:33250 Standby:298.9days Wake:16.3kC Sensors:3.2kC
(Aug 21 2025 15:41:55,  864000 sec) ProfileInit()        PrfId:027  Pressure:2010.0dbar  pTable[0]:2000dbar
(Aug 21 2025 15:41:57,  864002 sec) PistonMoveAbsWTO()    016->038 017 018 019 020 021 [30sec, 14.2Volts, 0.623Amps, CPT:810sec]
(Aug 21 2025 15:42:38,  864043 sec) PistonMoveAbsWTO()    021->038 022 023 024 025 026 [30sec, 14.1Volts, 0.631Amps, CPT:840sec]
(Aug 21 2025 15:43:19,  864084 sec) PistonMoveAbsWTO()    026->038 027 028 029 030 031 [30sec, 14.0Volts, 0.620Amps, CPT:870sec]
(Aug 21 2025 15:44:00,  864125 sec) PistonMoveAbsWTO()    031->038 032 033 034 035 036 [30sec, 14.0Volts, 0.627Amps, CPT:900sec]
(Aug 21 2025 15:45:03,  864188 sec) Profile()            Sample 0 initiated at 1998.9dbars for bin 0 [2000dbars].  PTS: 1996.3dbars 2.3269C 34.6417PSU
(Aug 21 2025 15:45:03,  864188 sec) PistonMoveAbsWTO()    036->038 037 038 [7sec, 14.1Volts, 0.618Amps, CPT:907sec]
(Aug 21 2025 15:51:35,  864580 sec) Profile()            Sample 1 initiated at 1950.4dbars for bin 1 [1950dbars].  PTS: 1947.8dbars 2.3696C 34.6312PSU
(Aug 21 2025 15:58:55,  865020 sec) Profile()            Sample 2 initiated at 1900.7dbars for bin 2 [1900dbars].  PTS: 1898.3dbars 2.4219C 34.6193PSU
(Aug 21 2025 16:06:48,  865493 sec) Profile()            Sample 3 initiated at 1850.8dbars for bin 3 [1850dbars].  PTS: 1848.6dbars 2.4615C 34.6073PSU
(Aug 21 2025 16:15:25,  866010 sec) Profile()            Sample 4 initiated at 1800.3dbars for bin 4 [1800dbars].  PTS: 1798.4dbars 2.5062C 34.5940PSU
(Aug 21 2025 16:24:57,  866582 sec) Profile()            Sample 5 initiated at 1750.4dbars for bin 5 [1750dbars].  PTS: 1748.7dbars 2.5530C 34.5787PSU
(Aug 21 2025 16:33:01,  867066 sec) AscentControlAgent() Bouyancy nudge to 48 (v=0.070dbar/sec).
(Aug 21 2025 16:33:02,  867067 sec) PistonMoveAbsWTO()    038->048 039 040 041 042 043 [30sec, 14.5Volts, 0.554Amps, CPT:937sec]
(Aug 21 2025 16:33:43,  867108 sec) PistonMoveAbsWTO()    043->048 044 045 046 047 048 [26sec, 14.3Volts, 0.557Amps, CPT:963sec]
(Aug 21 2025 16:35:38,  867223 sec) Profile()            Sample 6 initiated at 1700.7dbars for bin 6 [1700dbars].  PTS: 1698.5dbars 2.6102C 34.5608PSU
(Aug 21 2025 16:43:53,  867718 sec) Profile()            Sample 7 initiated at 1650.9dbars for bin 7 [1650dbars].  PTS: 1648.9dbars 2.6732C 34.5416PSU
(Aug 21 2025 16:47:22,  867927 sec) PistonMoveAbsWTO()    047->048 048 [1sec, 14.5Volts, 0.561Amps, CPT:964sec]
(Aug 21 2025 16:53:15,  868280 sec) Profile()            Sample 8 initiated at 1600.5dbars for bin 8 [1600dbars].  PTS: 1598.7dbars 2.7420C 34.5222PSU
(Aug 21 2025 17:03:53,  868918 sec) Profile()            Sample 9 initiated at 1550.7dbars for bin 9 [1550dbars].  PTS: 1549.2dbars 2.8023C 34.5035PSU
(Aug 21 2025 17:03:54,  868919 sec) AscentControlAgent() Bouyancy nudge to 58 (v=0.075dbar/sec).
(Aug 21 2025 17:03:54,  868919 sec) PistonMoveAbsWTO()    048->058 049 050 051 052 053 [30sec, 14.5Volts, 0.517Amps, CPT:994sec]
(Aug 21 2025 17:04:35,  868960 sec) PistonMoveAbsWTO()    053->058 054 055 056 057 058 [26sec, 14.3Volts, 0.513Amps, CPT:1020sec]
(Aug 21 2025 17:11:49,  869394 sec) Profile()            Sample 10 initiated at 1500.9dbars for bin 10 [1500dbars].  PTS: 1498.7dbars 2.8666C 34.4819PSU
(Aug 21 2025 17:20:37,  869922 sec) Profile()            Sample 11 initiated at 1450.7dbars for bin 11 [1450dbars].  PTS: 1448.9dbars 2.9513C 34.4578PSU
(Aug 21 2025 17:29:25,  870450 sec) AscentControlAgent() Bouyancy nudge to 68 (v=0.074dbar/sec).
(Aug 21 2025 17:29:26,  870451 sec) PistonMoveAbsWTO()    058->068 059 060 061 062 063 [30sec, 14.5Volts, 0.482Amps, CPT:1050sec]
(Aug 21 2025 17:30:07,  870492 sec) PistonMoveAbsWTO()    063->068 064 065 066 067 068 [26sec, 14.4Volts, 0.475Amps, CPT:1076sec]
(Aug 21 2025 17:31:06,  870551 sec) Profile()            Sample 12 initiated at 1401.0dbars for bin 12 [1400dbars].  PTS: 1398.7dbars 3.0648C 34.4315PSU
(Aug 21 2025 17:39:10,  871035 sec) Profile()            Sample 13 initiated at 1350.7dbars for bin 13 [1350dbars].  PTS: 1348.6dbars 3.1714C 34.4071PSU
(Aug 21 2025 17:47:58,  871563 sec) Profile()            Sample 14 initiated at 1300.1dbars for bin 14 [1300dbars].  PTS: 1298.2dbars 3.2552C 34.3897PSU
(Aug 21 2025 17:57:19,  872124 sec) Profile()            Sample 15 initiated at 1250.3dbars for bin 15 [1250dbars].  PTS: 1248.6dbars 3.3718C 34.3678PSU
(Aug 21 2025 18:00:15,  872300 sec) AscentControlAgent() Bouyancy nudge to 78 (v=0.078dbar/sec).
(Aug 21 2025 18:00:16,  872301 sec) PistonMoveAbsWTO()    068->078 069 070 071 072 073 [30sec, 14.6Volts, 0.443Amps, CPT:1106sec]
(Aug 21 2025 18:00:57,  872342 sec) PistonMoveAbsWTO()    073->078 074 075 076 077 078 [24sec, 14.5Volts, 0.437Amps, CPT:1130sec]
(Aug 21 2025 18:06:19,  872664 sec) Profile()            Sample 16 initiated at 1200.0dbars for bin 16 [1200dbars].  PTS: 1197.9dbars 3.4806C 34.3511PSU
(Aug 21 2025 18:15:18,  873203 sec) Profile()            Sample 17 initiated at 1150.7dbars for bin 17 [1150dbars].  PTS: 1148.9dbars 3.6931C 34.3268PSU
(Aug 21 2025 18:25:56,  873841 sec) Profile()            Sample 18 initiated at 1100.5dbars for bin 18 [1100dbars].  PTS: 1098.9dbars 3.9114C 34.3048PSU
(Aug 21 2025 18:25:57,  873842 sec) AscentControlAgent() Bouyancy nudge to 88 (v=0.076dbar/sec).
(Aug 21 2025 18:25:57,  873842 sec) PistonMoveAbsWTO()    078->088 079 080 081 082 083 [30sec, 14.6Volts, 0.407Amps, CPT:1160sec]
(Aug 21 2025 18:26:38,  873883 sec) PistonMoveAbsWTO()    083->088 084 085 086 087 088 [25sec, 14.5Volts, 0.409Amps, CPT:1185sec]
(Aug 21 2025 18:33:39,  874304 sec) Profile()            Sample 19 initiated at 1050.5dbars for bin 19 [1050dbars].  PTS: 1048.2dbars 4.1006C 34.2903PSU
(Aug 21 2025 18:41:54,  874799 sec) Profile()            Sample 20 initiated at 1001.0dbars for bin 20 [1000dbars].  PTS: 999.1dbars 4.3586C 34.2751PSU
(Aug 21 2025 18:45:58,  875043 sec) Sbe41cpStartCP()     Continuous profile started.
(Aug 21 2025 18:56:01,  875646 sec) AscentControlAgent() Bouyancy nudge to 98 (v=0.080dbar/sec).
(Aug 21 2025 18:56:02,  875647 sec) PistonMoveAbsWTO()    088->098 089 090 091 092 093 [30sec, 14.5Volts, 0.374Amps, CPT:1215sec]
(Aug 21 2025 18:56:43,  875688 sec) PistonMoveAbsWTO()    093->098 094 095 096 097 098 [24sec, 14.4Volts, 0.365Amps, CPT:1239sec]
(Aug 21 2025 19:27:18,  877523 sec) AscentControlAgent() Bouyancy nudge to 108 (v=0.075dbar/sec).
(Aug 21 2025 19:27:19,  877524 sec) PistonMoveAbsWTO()    098->108 099 100 101 102 103 [30sec, 14.6Volts, 0.335Amps, CPT:1269sec]
(Aug 21 2025 19:28:00,  877565 sec) PistonMoveAbsWTO()    103->108 104 105 106 107 108 [24sec, 14.5Volts, 0.328Amps, CPT:1293sec]
(Aug 21 2025 19:58:35,  879400 sec) AscentControlAgent() Bouyancy nudge to 118 (v=0.077dbar/sec).
(Aug 21 2025 19:58:36,  879401 sec) PistonMoveAbsWTO()    108->118 109 110 111 112 113 [30sec, 14.6Volts, 0.294Amps, CPT:1323sec]
(Aug 21 2025 19:59:17,  879442 sec) PistonMoveAbsWTO()    113->118 114 115 116 117 118 [23sec, 14.6Volts, 0.292Amps, CPT:1346sec]
(Aug 21 2025 20:24:49,  880974 sec) AscentControlAgent() Bouyancy nudge to 128 (v=0.042dbar/sec).
(Aug 21 2025 20:24:50,  880975 sec) PistonMoveAbsWTO()    118->128 119 120 121 122 123 [30sec, 14.7Volts, 0.253Amps, CPT:1376sec]
(Aug 21 2025 20:25:31,  881016 sec) PistonMoveAbsWTO()    123->128 124 125 126 127 128 [22sec, 14.6Volts, 0.261Amps, CPT:1398sec]
(Aug 21 2025 21:06:08,  883453 sec) AscentControlAgent() Bouyancy nudge to 138 (v=0.077dbar/sec).
(Aug 21 2025 21:06:09,  883454 sec) PistonMoveAbsWTO()    128->138 129 130 131 132 133 [30sec, 14.7Volts, 0.204Amps, CPT:1428sec]
(Aug 21 2025 21:06:50,  883495 sec) PistonMoveAbsWTO()    133->138 134 135 136 137 138 [21sec, 14.7Volts, 0.202Amps, CPT:1449sec]
(Aug 21 2025 21:27:18,  884723 sec) AscentControlAgent() Bouyancy nudge to 148 (v=0.074dbar/sec).
(Aug 21 2025 21:27:19,  884724 sec) PistonMoveAbsWTO()    138->148 139 140 141 142 143 [30sec, 14.8Volts, 0.184Amps, CPT:1479sec]
(Aug 21 2025 21:28:00,  884765 sec) PistonMoveAbsWTO()    144->148 145 146 147 148 [21sec, 14.7Volts, 0.181Amps, CPT:1500sec]
(Aug 21 2025 21:38:53,  885418 sec) SurfaceDetect()      SurfacePressure:-0.3dbars Pressure:3.8dbars PistonPosition:148
(Aug 21 2025 21:38:54,  885419 sec) Sbe41cpStopCP()      Continuous profile stopped.
(Aug 21 2025 21:38:57,  885422 sec) PistonMoveAbsWTO()    148->170 149 150 151 152 153 154 155 156 157 158 159 160 161 162 163 164 165 166 167 168 169 170 [112sec, 14.7Volts, 0.164Amps, CPT:1612sec]
(Aug 21 2025 21:40:54,  885539 sec) chat()               Expected string [S>] not received.
(Aug 21 2025 21:42:33,  885638 sec) Sbe41cpBinAverage()  Finished averaging 10399 samples in 94 seconds.
(Aug 21 2025 21:42:38,  885643 sec) Sbe41cpUploadCP_()   Sbe41cpSerNo[18560] NSample[10399] NBin[493]
(Aug 21 2025 21:43:09,  885674 sec) Sbe41cpUploadCP_()   Continuous profile uploaded [493 lines].

<EOT>
