(Apr 24 2026 05:44:01,  884248 sec) TelemetryInit()      Profile 3. (Apf11 FwRev: 070325)
(Apr 24 2026 05:44:01,  884248 sec) TelemetryInit()      Charge consumption model: OCV:15.2V Wake-Cycles:5123 Standby:31.1days Wake:4.9kC Sensors:0.3kC
(Apr 24 2026 05:49:17,  884564 sec) GetSurfaceObs()      P/O2,T83,Phase,RawTemp/FSig,BbSig,TSig: 0.2dbars / 6.257mL/L 18.217C 17.724 0.680 / 53,52,106
(Apr 24 2026 05:49:49,  884596 sec) GetSurfaceObs()      P/O2,T83,Phase,RawTemp/FSig,BbSig,TSig: 0.2dbars / 6.248mL/L 18.221C 17.734 0.680 / 55,55,105
(Apr 24 2026 05:50:22,  884629 sec) GetSurfaceObs()      P/O2,T83,Phase,RawTemp/FSig,BbSig,TSig: 0.3dbars / 6.249mL/L 18.220C 17.732 0.680 / 54,50,106
(Apr 24 2026 05:50:54,  884661 sec) GetSurfaceObs()      P/O2,T83,Phase,RawTemp/FSig,BbSig,TSig: 0.2dbars / 6.247mL/L 18.219C 17.735 0.680 / 53,52,105
(Apr 24 2026 05:54:31,  884878 sec) AirSystem()          Battery [214cnt, 15.0V]  Current [23cnt, 91.0mA]  Pneumometer [155cnt, 18.2psi]  Run-Time [103s]
(Apr 24 2026 05:54:43,  884890 sec) GetSurfaceObs()      P/O2,T83,Phase,RawTemp/FSig,BbSig,TSig: -0.0dbars / 6.380mL/L 17.161C 17.848 0.703 / 53,49,109
(Apr 24 2026 05:55:15,  884922 sec) GetSurfaceObs()      P/O2,T83,Phase,RawTemp/FSig,BbSig,TSig: -0.0dbars / 6.385mL/L 17.129C 17.851 0.704 / 52,52,104
(Apr 24 2026 05:55:48,  884955 sec) GetSurfaceObs()      P/O2,T83,Phase,RawTemp/FSig,BbSig,TSig: -0.0dbars / 6.382mL/L 17.091C 17.863 0.705 / 53,51,107
(Apr 24 2026 05:56:20,  884987 sec) GetSurfaceObs()      P/O2,T83,Phase,RawTemp/FSig,BbSig,TSig: 0.0dbars / 6.406mL/L 16.959C 17.870 0.708 / 53,51,107
(Apr 24 2026 05:56:53,  885020 sec) GetSurfaceObs()      P/O2,T83,Phase,RawTemp/FSig,BbSig,TSig: 0.1dbars / 6.341mL/L 17.249C 17.871 0.701 / 68,51,106
(Apr 24 2026 05:57:25,  885052 sec) GetSurfaceObs()      P/O2,T83,Phase,RawTemp/FSig,BbSig,TSig: 0.1dbars / 6.419mL/L 16.955C 17.857 0.708 / 55,51,110
(Apr 24 2026 05:57:58,  885085 sec) GetSurfaceObs()      P/O2,T83,Phase,RawTemp/FSig,BbSig,TSig: -0.0dbars / 6.421mL/L 16.913C 17.865 0.709 / 55,51,106
(Apr 24 2026 05:58:30,  885117 sec) GetSurfaceObs()      P/O2,T83,Phase,RawTemp/FSig,BbSig,TSig: -0.0dbars / 6.459mL/L 16.753C 17.863 0.712 / 55,51,106
(Apr 24 2026 05:58:50,  885137 sec) AirSystem()          Battery [215cnt, 15.1V]  Current [24cnt, 93.1mA]  Pneumometer [158cnt, 18.6psi]  Run-Time [9s]
(Apr 24 2026 05:59:31,  885178 sec) GetSurfaceObs()      P/O2,T83,Phase,RawTemp/FSig,BbSig,TSig: -0.0dbars / 6.468mL/L 16.605C 17.891 0.715 / 54,50,105
(Apr 24 2026 05:59:34,  885181 sec) GpsServices()        GPS almanac is current.
(Apr 24 2026 05:59:34,  885181 sec) GpsServices()        Initiating GPS fix acquisition.
(Apr 24 2026 05:59:42,  885189 sec) gga()                $GPGGA,055950,3126.1400,N,13026.8640,W,0,00,,,M,,M,,*4C
(Apr 24 2026 05:59:50,  885197 sec) gga()                $GPGGA,060010,3126.1400,N,13026.8640,W,0,00,,,M,,M,,*47
(Apr 24 2026 06:00:00,  885207 sec) gga()                $GPGGA,060020,3126.1400,N,13026.8640,W,0,00,,,M,,M,,*44
(Apr 24 2026 06:00:10,  885217 sec) gga()                $GPGGA,060030,3126.1400,N,13026.8640,W,0,00,,,M,,M,,*45
(Apr 24 2026 06:00:11,  885218 sec) gga()                $GPGGA,060030,3119.3839,N,13039.6757,W,1,11,0.7,6.9,M,-40.8,M,,*7C
(Apr 24 2026 06:00:11,  885218 sec) GpsServices()        Profile 3 GPS fix obtained in 37 seconds.
(Apr 24 2026 06:00:12,  885219 sec) GpsServices()                   lon      lat mm/dd/yyyy hhmmss nsat
(Apr 24 2026 06:00:12,  885219 sec) GpsServices()        Fix: -130.6613  31.3231 04/24/2026 060030   11
(Apr 24 2026 06:00:21,  885228 sec) gga()                $GPGGA,060040,3119.3846,N,13039.6777,W,1,11,0.7,4.4,M,-40.8,M,,*7E
(Apr 24 2026 06:00:30,  885237 sec) gga()                $GPGGA,060050,3119.3856,N,13039.6795,W,1,11,0.7,4.1,M,-40.8,M,,*77
(Apr 24 2026 06:00:30,  885237 sec) GpsServices()        APF11 RTC skew (-20s) OK.
(Apr 24 2026 06:00:30,  885237 sec) GpsServices()        GPS services complete.
(Apr 24 2026 06:00:58,  885265 sec) IrGeoLoc()           <x,y,z>=<-3532km,-4144km,3304km> lat=31.420 lon=-130.441 IrSysTime=0x1837d5ff
(Apr 24 2026 06:01:01,  885268 sec) CLogin()             Connecting to primary host.
(Apr 24 2026 06:01:13,  885280 sec) CLogin()             Connection 1 established in 12 seconds.
(Apr 24 2026 06:01:24,  885291 sec) login()              Login successful.
(Apr 24 2026 06:01:31,  885298 sec) CLogin()             Logged in to host.  [Login required 18 seconds]
(Apr 24 2026 06:01:35,  885302 sec) RxConfig()           Downloading "mission.cfg" from host.
(Apr 24 2026 06:01:47,  885314 sec) RxConfig()           Download successful: [bytes:33, sec:10.5, bps:3]
(Apr 24 2026 06:01:53,  885320 sec) WriteVitals_()       Writing vitals to "24583.003.msg".
(Apr 24 2026 06:01:59,  885326 sec) UpLoadFile()         Uploading "24583.003.log" to host.
(Apr 24 2026 06:04:15,  885462 sec) UpLoadFile()         Upload successful: [bytes:41941, sec:136.2, bps:308]
(Apr 24 2026 06:04:17,  885464 sec) fmove()              Moved: 24583.003.log -> archive/24583.003.log
(Apr 24 2026 06:04:28,  885475 sec) UpLoadFile()         Uploading "24583.003.msg" to host.
(Apr 24 2026 06:06:47,  885614 sec) UpLoadFile()         Upload successful: [bytes:41146, sec:139.0, bps:296]
(Apr 24 2026 06:06:48,  885615 sec) fmove()              Moved: 24583.003.msg -> archive/24583.003.msg
(Apr 24 2026 06:06:55,  885622 sec) UpLoadFile()         Uploading "24583.003.isus" to host.
(Apr 24 2026 06:08:26,  885713 sec) UpLoadFile()         Upload successful: [bytes:24675, sec:90.8, bps:272]
(Apr 24 2026 06:08:27,  885714 sec) fmove()              Moved: 24583.003.isus -> archive/24583.003.isus
(Apr 24 2026 06:08:31,  885718 sec) UpLoadFile()         Uploading "24583.003.dura" to host.
(Apr 24 2026 06:09:25,  885772 sec) UpLoadFile()         Upload successful: [bytes:12227, sec:53.8, bps:227]
(Apr 24 2026 06:09:26,  885773 sec) fmove()              Moved: 24583.003.dura -> archive/24583.003.dura
(Apr 24 2026 06:09:28,  885775 sec) UpLoad()             Files successfully uploaded: 4
(Apr 24 2026 06:09:28,  885775 sec) UpLoad()             Upload complete.
(Apr 24 2026 06:09:35,  885782 sec) chat()               Expected string [logout] not received.
(Apr 24 2026 06:09:35,  885782 sec) logout()             Attempt to log-out failed.
(Apr 24 2026 06:09:35,  885782 sec) logout()             No carrier detected.
(Apr 24 2026 06:09:35,  885782 sec) Telemetry()          Telemetry cycle complete: PrfId=3 ConnectionAttempts=1  Connections=1
(Apr 24 2026 06:09:35,  885782 sec) TelemetryTerminate() Parsing new mission configuration.
(Apr 24 2026 06:09:36,  885783 sec) configure()          Parsing configurators in "mission.cfg".
(Apr 24 2026 06:09:36,  885783 sec) configure()             TelemetryRetry(15)      [0x7BBC] [TelemetryRetry(15)].
(Apr 24 2026 06:09:37,  885784 sec) configure()          Configuration CRCs and syntax OK.
(Apr 24 2026 06:09:37,  885784 sec) ConfigSupervisor()   Configuration accepted.
(Apr 24 2026 06:09:37,  885784 sec) TelemetryTerminate() Reconditioning the file system.
(Apr 24 2026 06:09:40,       0 sec) DescentInit()        Deep profile 4 initiated at mission-time 885787sec.
(Apr 24 2026 06:09:41,       1 sec) DescentInit()        Surface pressure: -0.0dbars.
(Apr 24 2026 06:09:41,       1 sec) DescentInit()        Charge consumption model: OCV:14.9V Wake-Cycles:5124 Standby:31.1days Wake:4.9kC Sleep:0.3kC
(Apr 24 2026 06:09:53,      13 sec) DescentInit()        Pneumatic humidity: 1003(5.3%) -> 1131(9.1%)
(Apr 24 2026 06:09:54,      14 sec) PistonMoveAbsWTO()    168->040 167 166 165 164 163 162 161 160 159 158 157 156 155 154 153 152 151 150 149 148 147 146 145 144 143 142 141 140 139 138 137 136 135 134 133 132 131 130 129 128 127 126 125 124 123 122 121 120 119 118 117 116 115 114 113 112 111 110 109 108 107 106 105 104 103 102 101 100 099 098 097 096 095 094 093 092 091 090 089 088 087 086 085 084 083 082 081 080 079 078 077 076 075 074 073 072 071 070 069 068 067 066 065 064 063 062 061 060 059 058 057 056 055 054 053 052 051 050 049 048 047 046 045 044 043 042 041 040 [653sec, 14.9Volts, 0.129Amps, CPT:653sec]
(Apr 24 2026 06:20:52,     672 sec) DescentInit()        Air solenoid open: Barometer [203cnt,  11.9psi]  Pneumometer [101cnt,  11.9psi]
(Apr 24 2026 06:21:02,     682 sec) Descent()            Pressure: 54.7
(Apr 24 2026 07:09:40,    3600 sec) Descent()            Pressure: 455.5
(Apr 24 2026 08:09:40,    7200 sec) Descent()            Pressure: 769.7
(Apr 24 2026 09:09:40,   10800 sec) Descent()            Pressure: 930.2
(Apr 24 2026 10:09:40,   14400 sec) Descent()            Pressure: 965.5
(Apr 24 2026 10:09:41,   14401 sec) ParkInit()           Charge consumption model: OCV:15.5V Wake-Cycles:5129 Standby:31.2days Wake:5.2kC Sensors:0.3kC
(Apr 24 2026 12:09:47,   21607 sec) Park()               ParkPOutOfBand[-3, 973.9 dbars]: retract piston.
(Apr 24 2026 12:09:48,   21608 sec) PistonMoveAbsWTO()    040->039 039 [5sec, 15.3Volts, 0.085Amps, CPT:658sec]
(Apr 24 2026 22:09:47,   57607 sec) Park()               ParkPOutOfBand[3, 1010.4 dbars]: extend piston.
(Apr 24 2026 22:09:48,   57608 sec) PistonMoveAbsWTO()    039->040 040 [2sec, 14.9Volts, 0.403Amps, CPT:660sec]
(Apr 27 2026 07:09:47,  262807 sec) Park()               ParkPOutOfBand[3, 1010.5 dbars]: extend piston.
(Apr 27 2026 07:09:48,  262808 sec) PistonMoveAbsWTO()    040->041 041 [6sec, 14.9Volts, 0.390Amps, CPT:666sec]
(Apr 27 2026 11:09:47,  277207 sec) Park()               ParkPOutOfBand[-3, 988.5 dbars]: retract piston.
(Apr 27 2026 11:09:48,  277208 sec) PistonMoveAbsWTO()    041->040 040 [2sec, 15.2Volts, 0.085Amps, CPT:668sec]
(May 04 2026 02:10:12,  849632 sec) CtdPower()           [ 1007.77,  3.7912, 34.4595]
(May 04 2026 02:10:12,  849632 sec) CtdPower()           CTD Power consumption [218VCnt 3ACnt]: 15.324Volts * 0.012Amps = 0.19Watts.
(May 04 2026 02:10:19,  849639 sec) ParkTerminate()      Piston Position:40 Vacuum:192 HumidityAd12:1001(5.3%) Vq:220 Aq:2 Vsbe:218 Asbe:3 Vflbb:213 Aflbb:12 V83:216 A83:3 MuxTemp:3.833C MuxHumidity:4.0%
(May 04 2026 02:10:52,  849672 sec) ParkTerminate()      PTS/O2,T83,Phase,RawTemp: 1007.7dbars 3.7913C 34.4594PSU / 0.653mL/L 3.792C 37.452 1.060
(May 04 2026 02:10:52,  849672 sec) ParkTerminate()      FLBB FSig{}, BbSig, TSig: {53, 68} 82, 568
(May 04 2026 02:10:53,  849673 sec) GoDeepInit()         Charge consumption model: OCV:15.4V Wake-Cycles:5361 Standby:40.9days Wake:5.5kC Sensors:0.3kC
(May 04 2026 02:10:53,  849673 sec) GoDeepInit()         Moving piston.
(May 04 2026 02:10:53,  849673 sec) PistonMoveAbsWTO()    040->013 039 038 037 036 035 034 033 032 031 030 029 028 027 026 025 024 023 022 021 020 019 018 017 016 015 014 013 [140sec, 15.1Volts, 0.053Amps, CPT:808sec]
(May 04 2026 06:09:40,  864000 sec) ProfileInit()        Charge consumption model: OCV:15.5V Wake-Cycles:5409 Standby:41.0days Wake:5.5kC Sensors:0.3kC
(May 04 2026 06:09:40,  864000 sec) ProfileInit()        PrfId:004  Pressure:1694.1dbar  pTable[4]:1600dbar
(May 04 2026 06:09:42,  864002 sec) ProfileInit()        Muxer PPIs K{1,2} quiescent: 15.36V, 0.1mA, 1.5mW
(May 04 2026 06:09:46,  864006 sec) ProfileInit()        ISUS powered up.
(May 04 2026 06:09:49,  864009 sec) ProfileInit()        Muxer PPIs K{1,2} w/ ISUS awake: 15.09V, 48.5mA, 732.0mW
(May 04 2026 06:09:56,  864016 sec) MscErrorLog_()       No error records to log.
(May 04 2026 06:10:03,  864023 sec) ProfileInit()        DURA powered up.
(May 04 2026 06:10:06,  864026 sec) ProfileInit()        Muxer PPIs K{1,2} w/ DURA awake: 15.11V, 48.6mA, 734.2mW
(May 04 2026 06:10:12,  864032 sec) MscErrorLog_()       No error records to log.
(May 04 2026 06:10:17,  864037 sec) PistonMoveAbsWTO()    013->035 014 015 016 017 018 [30sec, 14.5Volts, 0.539Amps, CPT:838sec]
(May 04 2026 06:10:58,  864078 sec) PistonMoveAbsWTO()    018->035 019 020 021 022 023 [30sec, 14.3Volts, 0.540Amps, CPT:868sec]
(May 04 2026 06:11:39,  864119 sec) PistonMoveAbsWTO()    023->035 024 025 026 027 028 [30sec, 14.2Volts, 0.526Amps, CPT:898sec]
(May 04 2026 06:12:20,  864160 sec) PistonMoveAbsWTO()    028->035 029 030 031 032 033 [30sec, 14.2Volts, 0.536Amps, CPT:928sec]
(May 04 2026 06:13:01,  864201 sec) PistonMoveAbsWTO()    033->035 034 035 [12sec, 14.2Volts, 0.532Amps, CPT:940sec]
(May 04 2026 06:27:48,  865088 sec) Profile()            Sample 0 initiated at 1601.0dbars for bin 4 [1600dbars].  PTS/O2,T83,Phase,RawTemp/NO3/pH/FSig{},BbSig,TSig: 1598.9dbars 2.6361C 34.5693PSU / 1.402mL/L 2.631C 33.787 1.096 / 42.8uM / -0.856891V / {  52   60}   81  570
(May 04 2026 06:44:04,  866064 sec) Profile()            Sample 1 initiated at 1501.8dbars for bin 5 [1500dbars].  PTS/O2,T83,Phase,RawTemp/NO3/pH/FSig{},BbSig,TSig: 1499.7dbars 2.7886C 34.5577PSU / 1.304mL/L 2.784C 34.184 1.091 / 43.1uM / -0.856914V / {  54   61}   83  570
(May 04 2026 07:00:38,  867058 sec) AscentControlAgent() Bouyancy nudge to 45 (v=0.079dbar/sec).
(May 04 2026 07:00:38,  867058 sec) PistonMoveAbsWTO()    035->045 036 037 038 039 040 [30sec, 14.6Volts, 0.472Amps, CPT:970sec]
(May 04 2026 07:01:19,  867099 sec) PistonMoveAbsWTO()    040->045 041 042 043 044 045 [29sec, 14.4Volts, 0.462Amps, CPT:999sec]
(May 04 2026 07:02:59,  867199 sec) Profile()            Sample 2 initiated at 1401.6dbars for bin 6 [1400dbars].  PTS/O2,T83,Phase,RawTemp/NO3/pH/FSig{},BbSig,TSig: 1399.4dbars 2.9352C 34.5446PSU / 1.210mL/L 2.931C 34.587 1.087 / 43.4uM / -0.856793V / {  53   60}   84  570
(May 04 2026 07:19:37,  868197 sec) Profile()            Sample 3 initiated at 1300.9dbars for bin 7 [1300dbars].  PTS/O2,T83,Phase,RawTemp/NO3/pH/FSig{},BbSig,TSig: 1298.9dbars 3.1097C 34.5313PSU / 1.136mL/L 3.105C 34.898 1.081 / 43.6uM / -0.856172V / {  51   65}   85  569
(May 04 2026 07:38:06,  869306 sec) Profile()            Sample 4 initiated at 1201.2dbars for bin 8 [1200dbars].  PTS/O2,T83,Phase,RawTemp/NO3/pH/FSig{},BbSig,TSig: 1199.4dbars 3.2974C 34.5152PSU / 1.013mL/L 3.291C 35.482 1.075 / 44.0uM / -0.855842V / {  53   64}   84  569
(May 04 2026 07:46:45,  869825 sec) AscentControlAgent() Bouyancy nudge to 55 (v=0.079dbar/sec).
(May 04 2026 07:46:45,  869825 sec) PistonMoveAbsWTO()    045->055 046 047 048 049 050 [30sec, 14.7Volts, 0.410Amps, CPT:1029sec]
(May 04 2026 07:47:26,  869866 sec) PistonMoveAbsWTO()    050->055 051 052 053 054 055 [28sec, 14.5Volts, 0.414Amps, CPT:1057sec]
(May 04 2026 07:56:37,  870417 sec) Profile()            Sample 5 initiated at 1101.0dbars for bin 9 [1100dbars].  PTS/O2,T83,Phase,RawTemp/NO3/pH/FSig{},BbSig,TSig: 1098.9dbars 3.4951C 34.4854PSU / 0.806mL/L 3.489C 36.580 1.069 / 44.4uM / -0.855908V / {  53   68}   85  569
(May 04 2026 08:14:55,  871515 sec) Profile()            Sample 6 initiated at 1001.5dbars for bin 10 [1000dbars].  PTS/O2,T83,Phase,RawTemp/NO3/pH/FSig{},BbSig,TSig: 999.7dbars 3.8000C 34.4575PSU / 0.673mL/L 3.792C 37.324 1.060 / 44.5uM / -0.855743V / {  55   67}   84  568
(May 04 2026 08:18:37,  871737 sec) Sbe41cpStartCP()     Continuous profile started.
(May 04 2026 08:24:26,  872086 sec) Profile()            Sample 7 initiated at 951.8dbars for bin 11 [950dbars].  PTS/O2,T83,Phase,RawTemp/NO3/pH/FSig{},BbSig,TSig: 951.7dbars 3.9051C 34.4372PSU / 0.572mL/L 3.904C 37.955 1.056 / 44.8uM / -0.855952V / {  51   67}   84  568
(May 04 2026 08:35:01,  872721 sec) Profile()            Sample 8 initiated at 901.5dbars for bin 12 [900dbars].  PTS/O2,T83,Phase,RawTemp/NO3/pH/FSig{},BbSig,TSig: 901.4dbars 4.0255C 34.4207PSU / 0.520mL/L 4.025C 38.288 1.052 / 44.7uM / -0.855821V / {  55   68}   86  568
(May 04 2026 08:35:01,  872721 sec) AscentControlAgent() Bouyancy nudge to 65 (v=0.077dbar/sec).
(May 04 2026 08:35:02,  872722 sec) PistonMoveAbsWTO()    055->065 056 057 058 059 060 [30sec, 14.5Volts, 0.356Amps, CPT:1087sec]
(May 04 2026 08:35:43,  872763 sec) PistonMoveAbsWTO()    060->065 061 062 063 064 065 [25sec, 14.4Volts, 0.360Amps, CPT:1112sec]
(May 04 2026 08:43:35,  873235 sec) Profile()            Sample 9 initiated at 851.3dbars for bin 13 [850dbars].  PTS/O2,T83,Phase,RawTemp/NO3/pH/FSig{},BbSig,TSig: 851.2dbars 4.1409C 34.3924PSU / 0.445mL/L 4.141C 38.802 1.049 / 44.7uM / -0.856149V / {  54   70}   84  568
(May 04 2026 08:52:31,  873771 sec) Profile()            Sample 10 initiated at 801.5dbars for bin 14 [800dbars].  PTS/O2,T83,Phase,RawTemp/NO3/pH/FSig{},BbSig,TSig: 801.5dbars 4.3386C 34.3684PSU / 0.409mL/L 4.337C 39.030 1.043 / 44.5uM / -0.855986V / {  53   68}   86  568
(May 04 2026 09:00:36,  874256 sec) AscentControlAgent() Bouyancy nudge to 75 (v=0.076dbar/sec).
(May 04 2026 09:00:37,  874257 sec) PistonMoveAbsWTO()    065->075 066 067 068 069 070 [30sec, 14.6Volts, 0.325Amps, CPT:1142sec]
(May 04 2026 09:01:18,  874298 sec) PistonMoveAbsWTO()    070->075 071 072 073 074 075 [24sec, 14.5Volts, 0.320Amps, CPT:1166sec]
(May 04 2026 09:02:54,  874394 sec) Profile()            Sample 11 initiated at 751.3dbars for bin 15 [750dbars].  PTS/O2,T83,Phase,RawTemp/NO3/pH/FSig{},BbSig,TSig: 751.2dbars 4.4469C 34.3210PSU / 0.348mL/L 4.446C 39.479 1.039 / 44.4uM / -0.856586V / {  53   68}   88  567
(May 04 2026 09:10:53,  874873 sec) Profile()            Sample 12 initiated at 701.1dbars for bin 16 [700dbars].  PTS/O2,T83,Phase,RawTemp/NO3/pH/FSig{},BbSig,TSig: 700.9dbars 4.5761C 34.2738PSU / 0.359mL/L 4.574C 39.370 1.035 / 44.2uM / -0.856035V / {  53   70}   86  567
(May 04 2026 09:18:52,  875352 sec) Profile()            Sample 13 initiated at 650.9dbars for bin 17 [650dbars].  PTS/O2,T83,Phase,RawTemp/NO3/pH/FSig{},BbSig,TSig: 650.8dbars 4.7312C 34.2440PSU / 0.406mL/L 4.730C 38.981 1.031 / 44.0uM / -0.855646V / {  52   70}   86  567
(May 04 2026 09:27:24,  875864 sec) Profile()            Sample 14 initiated at 601.9dbars for bin 18 [600dbars].  PTS/O2,T83,Phase,RawTemp/NO3/pH/FSig{},BbSig,TSig: 601.8dbars 4.9140C 34.2123PSU / 0.478mL/L 4.913C 38.408 1.025 / 43.4uM / -0.855193V / {  54   69}   85  567
(May 04 2026 09:31:16,  876096 sec) AscentControlAgent() Bouyancy nudge to 85 (v=0.078dbar/sec).
(May 04 2026 09:31:16,  876096 sec) PistonMoveAbsWTO()    075->085 076 077 078 079 080 [30sec, 14.6Volts, 0.277Amps, CPT:1196sec]
(May 04 2026 09:31:57,  876137 sec) PistonMoveAbsWTO()    080->085 081 082 083 084 085 [25sec, 14.5Volts, 0.278Amps, CPT:1221sec]
(May 04 2026 09:37:13,  876453 sec) Profile()            Sample 15 initiated at 551.8dbars for bin 19 [550dbars].  PTS/O2,T83,Phase,RawTemp/NO3/pH/FSig{},BbSig,TSig: 551.7dbars 5.2171C 34.1450PSU / 0.694mL/L 5.214C 36.856 1.016 / 42.3uM / -0.854246V / {  54   69}   86  566
(May 04 2026 09:46:07,  876987 sec) Profile()            Sample 16 initiated at 501.1dbars for bin 20 [500dbars].  PTS/O2,T83,Phase,RawTemp/NO3/pH/FSig{},BbSig,TSig: 501.0dbars 5.5111C 34.0968PSU / 1.004mL/L 5.508C 34.935 1.007 / 40.9uM / -0.852799V / {  54   67}   86  566
(May 04 2026 09:55:01,  877521 sec) Profile()            Sample 17 initiated at 451.1dbars for bin 21 [450dbars].  PTS/O2,T83,Phase,RawTemp/NO3/pH/FSig{},BbSig,TSig: 451.0dbars 5.8927C 34.0511PSU / 1.419mL/L 5.889C 32.735 0.996 / 39.0uM / -0.850656V / {  53   65}   85  566
(May 04 2026 10:01:49,  877929 sec) AscentControlAgent() Bouyancy nudge to 95 (v=0.071dbar/sec).
(May 04 2026 10:01:49,  877929 sec) PistonMoveAbsWTO()    085->095 086 087 088 089 090 [30sec, 14.7Volts, 0.248Amps, CPT:1251sec]
(May 04 2026 10:02:30,  877970 sec) PistonMoveAbsWTO()    090->095 091 092 093 094 095 [24sec, 14.6Volts, 0.244Amps, CPT:1275sec]
(May 04 2026 10:05:33,  878153 sec) Profile()            Sample 18 initiated at 401.3dbars for bin 22 [400dbars].  PTS/O2,T83,Phase,RawTemp/NO3/pH/FSig{},BbSig,TSig: 401.2dbars 6.4179C 34.0155PSU / 1.877mL/L 6.411C 30.650 0.980 / 36.5uM / -0.847916V / {  52   65}   86  565
(May 04 2026 10:08:59,  878359 sec) Profile()            Sample 19 initiated at 381.0dbars for bin 23 [380dbars].  PTS/O2,T83,Phase,RawTemp/NO3/pH/FSig{},BbSig,TSig: 380.9dbars 6.6762C 34.0019PSU / 2.137mL/L 6.665C 29.615 0.973 / 35.1uM / -0.846284V / {  51   65}   88  565
(May 04 2026 10:12:25,  878565 sec) Profile()            Sample 20 initiated at 361.5dbars for bin 24 [360dbars].  PTS/O2,T83,Phase,RawTemp/NO3/pH/FSig{},BbSig,TSig: 361.5dbars 6.8332C 33.9740PSU / 2.527mL/L 6.835C 28.277 0.968 / 33.2uM / -0.843586V / {  52   63}   90  564
(May 04 2026 10:14:22,  878682 sec) Profile()            Sample 21 initiated at 351.1dbars for bin 25 [350dbars].  PTS/O2,T83,Phase,RawTemp/NO3/pH/FSig{},BbSig,TSig: 351.0dbars 6.9078C 33.9615PSU / 2.818mL/L 6.903C 27.397 0.966 / 32.4uM / -0.842544V / {  51   61}   86  564
(May 04 2026 10:16:19,  878799 sec) Profile()            Sample 22 initiated at 341.4dbars for bin 26 [340dbars].  PTS/O2,T83,Phase,RawTemp/NO3/pH/FSig{},BbSig,TSig: 341.3dbars 7.1146C 33.9666PSU / 2.953mL/L 7.103C 26.957 0.960 / 31.8uM / -0.842111V / {  50   59}   86  564
(May 04 2026 10:18:28,  878928 sec) Profile()            Sample 23 initiated at 331.2dbars for bin 27 [330dbars].  PTS/O2,T83,Phase,RawTemp/NO3/pH/FSig{},BbSig,TSig: 331.1dbars 7.1871C 33.9484PSU / 3.129mL/L 7.187C 26.465 0.957 / 30.8uM / -0.840408V / {  51   59}   85  564
(May 04 2026 10:20:36,  879056 sec) Profile()            Sample 24 initiated at 321.8dbars for bin 28 [320dbars].  PTS/O2,T83,Phase,RawTemp/NO3/pH/FSig{},BbSig,TSig: 321.7dbars 7.2846C 33.9405PSU / 3.478mL/L 7.280C 25.579 0.955 / 29.4uM / -0.838874V / {  50   60}   86  563
(May 04 2026 10:23:06,  879206 sec) Profile()            Sample 25 initiated at 311.3dbars for bin 29 [310dbars].  PTS/O2,T83,Phase,RawTemp/NO3/pH/FSig{},BbSig,TSig: 311.2dbars 7.4151C 33.9316PSU / 3.764mL/L 7.410C 24.891 0.951 / 28.2uM / -0.837269V / {  52   59}   85  563
(May 04 2026 10:23:07,  879207 sec) AscentControlAgent() Bouyancy nudge to 105 (v=0.072dbar/sec).
(May 04 2026 10:23:07,  879207 sec) PistonMoveAbsWTO()    095->105 096 097 098 099 100 [30sec, 14.6Volts, 0.218Amps, CPT:1305sec]
(May 04 2026 10:23:48,  879248 sec) PistonMoveAbsWTO()    100->105 101 102 103 104 105 [24sec, 14.6Volts, 0.219Amps, CPT:1329sec]
(May 04 2026 10:25:13,  879333 sec) Profile()            Sample 26 initiated at 301.3dbars for bin 30 [300dbars].  PTS/O2,T83,Phase,RawTemp/NO3/pH/FSig{},BbSig,TSig: 301.2dbars 7.7117C 33.9327PSU / 4.026mL/L 7.695C 24.247 0.943 / 26.9uM / -0.836284V / {  53   57}   88  563
(May 04 2026 10:26:59,  879439 sec) Profile()            Sample 27 initiated at 291.1dbars for bin 31 [290dbars].  PTS/O2,T83,Phase,RawTemp/NO3/pH/FSig{},BbSig,TSig: 291.0dbars 7.8390C 33.9358PSU / 4.179mL/L 7.832C 23.897 0.939 / 26.0uM / -0.834744V / {  52   57}   86  563
(May 04 2026 10:28:45,  879545 sec) Profile()            Sample 28 initiated at 281.1dbars for bin 32 [280dbars].  PTS/O2,T83,Phase,RawTemp/NO3/pH/FSig{},BbSig,TSig: 281.0dbars 8.1671C 33.9410PSU / 4.360mL/L 8.147C 23.446 0.930 / 25.6uM / -0.834700V / {  50   56}   86  563
(May 04 2026 10:30:31,  879651 sec) Profile()            Sample 29 initiated at 271.8dbars for bin 33 [270dbars].  PTS/O2,T83,Phase,RawTemp/NO3/pH/FSig{},BbSig,TSig: 271.7dbars 8.4459C 33.9386PSU / 4.230mL/L 8.430C 23.599 0.922 / 24.9uM / -0.833839V / {  51   56}   85  562
(May 04 2026 10:32:39,  879779 sec) Profile()            Sample 30 initiated at 261.2dbars for bin 34 [260dbars].  PTS/O2,T83,Phase,RawTemp/NO3/pH/FSig{},BbSig,TSig: 261.2dbars 8.7327C 33.9285PSU / 4.332mL/L 8.717C 23.312 0.914 / 23.6uM / -0.832942V / {  49   54}   86  562
(May 04 2026 10:34:48,  879908 sec) Profile()            Sample 31 initiated at 251.3dbars for bin 35 [250dbars].  PTS/O2,T83,Phase,RawTemp/NO3/pH/FSig{},BbSig,TSig: 251.2dbars 8.8627C 33.9154PSU / 4.459mL/L 8.854C 23.031 0.910 / 23.5uM / -0.832807V / {  50   53}   88  561
(May 04 2026 10:36:56,  880036 sec) Profile()            Sample 32 initiated at 241.7dbars for bin 36 [240dbars].  PTS/O2,T83,Phase,RawTemp/NO3/pH/FSig{},BbSig,TSig: 241.6dbars 9.0190C 33.8966PSU / 4.437mL/L 9.010C 23.022 0.906 / 22.9uM / -0.832358V / {  50   55}   89  561
(May 04 2026 10:39:14,  880174 sec) Profile()            Sample 33 initiated at 231.8dbars for bin 37 [230dbars].  PTS/O2,T83,Phase,RawTemp/NO3/pH/FSig{},BbSig,TSig: 231.7dbars 9.2724C 33.8840PSU / 4.559mL/L 9.256C 22.722 0.899 / 21.7uM / -0.831130V / {  50   52}   88  561
(May 04 2026 10:39:15,  880175 sec) AscentControlAgent() Bouyancy nudge to 115 (v=0.073dbar/sec).
(May 04 2026 10:39:15,  880175 sec) PistonMoveAbsWTO()    105->115 106 107 108 109 110 [30sec, 14.7Volts, 0.199Amps, CPT:1359sec]
(May 04 2026 10:39:56,  880216 sec) PistonMoveAbsWTO()    110->115 111 112 113 114 115 [24sec, 14.6Volts, 0.198Amps, CPT:1383sec]
(May 04 2026 10:41:32,  880312 sec) Profile()            Sample 34 initiated at 221.0dbars for bin 38 [220dbars].  PTS/O2,T83,Phase,RawTemp/NO3/pH/FSig{},BbSig,TSig: 220.9dbars 9.5669C 33.8457PSU / 4.793mL/L 9.557C 22.221 0.891 / 20.0uM / -0.829583V / {  49   50}   92  561
(May 04 2026 10:43:17,  880417 sec) Profile()            Sample 35 initiated at 211.3dbars for bin 39 [210dbars].  PTS/O2,T83,Phase,RawTemp/NO3/pH/FSig{},BbSig,TSig: 211.2dbars 9.6470C 33.8237PSU / 4.870mL/L 9.642C 22.067 0.889 / 19.9uM / -0.829458V / {  50   53}   90  560
(May 04 2026 10:45:14,  880534 sec) Profile()            Sample 36 initiated at 201.1dbars for bin 40 [200dbars].  PTS/O2,T83,Phase,RawTemp/NO3/pH/FSig{},BbSig,TSig: 201.0dbars 9.9305C 33.8075PSU / 4.961mL/L 9.913C 21.832 0.881 / 18.1uM / -0.827783V / {  50   52}   88  560
(May 04 2026 10:47:10,  880650 sec) Profile()            Sample 37 initiated at 191.8dbars for bin 41 [190dbars].  PTS/O2,T83,Phase,RawTemp/NO3/pH/FSig{},BbSig,TSig: 191.7dbars 10.1324C 33.7531PSU / 5.084mL/L 10.124C 21.569 0.875 / 17.5uM / -0.827398V / {  50   51}   89  560
(May 04 2026 10:49:28,  880788 sec) Profile()            Sample 38 initiated at 181.4dbars for bin 42 [180dbars].  PTS/O2,T83,Phase,RawTemp/NO3/pH/FSig{},BbSig,TSig: 181.3dbars 10.4898C 33.7031PSU / 5.220mL/L 10.477C 21.249 0.866 / 15.7uM / -0.826155V / {  51   55}   94  559
(May 04 2026 10:51:47,  880927 sec) Profile()            Sample 39 initiated at 171.9dbars for bin 43 [170dbars].  PTS/O2,T83,Phase,RawTemp/NO3/pH/FSig{},BbSig,TSig: 171.8dbars 10.8791C 33.6134PSU / 5.316mL/L 10.848C 20.991 0.856 / 13.4uM / -0.824459V / {  59   61}   95  559
(May 04 2026 10:55:11,  881131 sec) Profile()            Sample 40 initiated at 161.9dbars for bin 44 [160dbars].  PTS/O2,T83,Phase,RawTemp/NO3/pH/FSig{},BbSig,TSig: 161.8dbars 11.3106C 33.5031PSU / 5.385mL/L 11.292C 20.754 0.845 / 12.4uM / -0.823864V / {  68   81}  100  558
(May 04 2026 11:00:21,  881441 sec) AscentControlAgent() Bouyancy nudge to 125 (v=0.017dbar/sec).
(May 04 2026 11:00:21,  881441 sec) PistonMoveAbsWTO()    115->125 116 117 118 119 120 [30sec, 14.8Volts, 0.189Amps, CPT:1413sec]
(May 04 2026 11:01:02,  881482 sec) PistonMoveAbsWTO()    120->125 121 122 123 124 125 [22sec, 14.8Volts, 0.191Amps, CPT:1435sec]
(May 04 2026 11:02:48,  881588 sec) Profile()            Sample 41 initiated at 151.4dbars for bin 45 [150dbars].  PTS/O2,T83,Phase,RawTemp/NO3/pH/FSig{},BbSig,TSig: 151.4dbars 11.9874C 33.4779PSU / 5.613mL/L 11.977C 20.226 0.827 / 8.6uM / -0.820302V / {  78   87}   97  557
(May 04 2026 11:05:50,  881770 sec) Profile()            Sample 42 initiated at 141.8dbars for bin 46 [140dbars].  PTS/O2,T83,Phase,RawTemp/NO3/pH/FSig{},BbSig,TSig: 141.7dbars 13.2342C 33.5987PSU / 5.971mL/L 13.212C 19.393 0.796 / 4.9uM / -0.817235V / {  91  102}  104  556
(May 04 2026 11:09:59,  882019 sec) Profile()            Sample 43 initiated at 131.6dbars for bin 47 [130dbars].  PTS/O2,T83,Phase,RawTemp/NO3/pH/FSig{},BbSig,TSig: 131.6dbars 13.7444C 33.5918PSU / 6.071mL/L 13.704C 19.131 0.784 / 3.7uM / -0.816214V / {  95  112}  110  555
(May 04 2026 11:10:55,  882075 sec) AscentControlAgent() Bouyancy nudge to 135 (v=0.038dbar/sec).
(May 04 2026 11:10:55,  882075 sec) PistonMoveAbsWTO()    125->135 126 127 128 129 130 [30sec, 14.8Volts, 0.182Amps, CPT:1465sec]
(May 04 2026 11:11:36,  882116 sec) PistonMoveAbsWTO()    130->135 131 132 133 134 135 [23sec, 14.7Volts, 0.185Amps, CPT:1488sec]
(May 04 2026 11:13:33,  882233 sec) Profile()            Sample 44 initiated at 121.4dbars for bin 48 [120dbars].  PTS/O2,T83,Phase,RawTemp/NO3/pH/FSig{},BbSig,TSig: 121.3dbars 14.1947C 33.5759PSU / 6.206mL/L 14.215C 18.825 0.771 / 2.5uM / -0.814811V / { 108  130}  104  554
(May 04 2026 11:15:51,  882371 sec) Profile()            Sample 45 initiated at 111.8dbars for bin 49 [110dbars].  PTS/O2,T83,Phase,RawTemp/NO3/pH/FSig{},BbSig,TSig: 111.7dbars 14.0930C 33.4174PSU / 6.295mL/L 14.083C 18.754 0.774 / 2.2uM / -0.814812V / { 130  165}  122  554
(May 04 2026 11:18:43,  882543 sec) Profile()            Sample 46 initiated at 101.8dbars for bin 50 [100dbars].  PTS/O2,T83,Phase,RawTemp/NO3/pH/FSig{},BbSig,TSig: 101.8dbars 15.3376C 33.5054PSU / 6.332mL/L 15.222C 18.405 0.747 / 1.4uM / -0.812664V / { 149  193}  125  553
(May 04 2026 11:21:12,  882692 sec) Profile()            Sample 47 initiated at 96.7dbars for bin 51 [95dbars].  PTS/O2,T83,Phase,RawTemp/NO3/pH/FSig{},BbSig,TSig: 96.7dbars 15.8126C 33.5686PSU / 6.403mL/L 15.776C 18.177 0.734 / 1.2uM / -0.811696V / { 110  141}  120  553
(May 04 2026 11:26:21,  883001 sec) AscentControlAgent() Bouyancy nudge to 140 (v=0.012dbar/sec).
(May 04 2026 11:26:22,  883002 sec) PistonMoveAbsWTO()    135->140 136 137 138 139 140 [25sec, 14.9Volts, 0.181Amps, CPT:1513sec]
(May 04 2026 11:27:37,  883077 sec) Profile()            Sample 48 initiated at 91.2dbars for bin 52 [90dbars].  PTS/O2,T83,Phase,RawTemp/NO3/pH/FSig{},BbSig,TSig: 91.2dbars 16.3267C 33.6249PSU / 6.400mL/L 16.322C 18.039 0.722 / 1.5uM / -0.810693V / {  76   91}  118  551
(May 04 2026 11:29:00,  883160 sec) Profile()            Sample 49 initiated at 86.9dbars for bin 53 [85dbars].  PTS/O2,T83,Phase,RawTemp/NO3/pH/FSig{},BbSig,TSig: 86.8dbars 16.4708C 33.6048PSU / 6.404mL/L 16.455C 18.000 0.719 / 1.4uM / -0.810388V / {  71   86}  116  551
(May 04 2026 11:30:34,  883254 sec) Profile()            Sample 50 initiated at 81.8dbars for bin 54 [80dbars].  PTS/O2,T83,Phase,RawTemp/NO3/pH/FSig{},BbSig,TSig: 81.7dbars 16.4905C 33.5889PSU / 6.434mL/L 16.486C 17.959 0.718 / 1.5uM / -0.810214V / {  76   83}  111  550
(May 04 2026 11:32:20,  883360 sec) Profile()            Sample 51 initiated at 76.5dbars for bin 55 [75dbars].  PTS/O2,T83,Phase,RawTemp/NO3/pH/FSig{},BbSig,TSig: 76.5dbars 16.5724C 33.5859PSU / 6.446mL/L 16.566C 17.925 0.716 / 1.5uM / -0.809968V / {  71   76}  116  550
(May 04 2026 11:34:05,  883465 sec) Profile()            Sample 52 initiated at 72.0dbars for bin 56 [70dbars].  PTS/O2,T83,Phase,RawTemp/NO3/pH/FSig{},BbSig,TSig: 71.9dbars 16.5583C 33.5408PSU / 6.481mL/L 16.558C 17.888 0.717 / 1.5uM / -0.809916V / {  64   69}  115  549
(May 04 2026 11:36:34,  883614 sec) Profile()            Sample 53 initiated at 66.6dbars for bin 57 [65dbars].  PTS/O2,T83,Phase,RawTemp/NO3/pH/FSig{},BbSig,TSig: 66.6dbars 16.6003C 33.5239PSU / 6.484mL/L 16.599C 17.875 0.716 / 1.5uM / -0.809786V / {  62   62}  115  549
(May 04 2026 11:36:34,  883614 sec) AscentControlAgent() Bouyancy nudge to 145 (v=0.038dbar/sec).
(May 04 2026 11:36:35,  883615 sec) PistonMoveAbsWTO()    140->145 141 142 143 144 145 [25sec, 14.8Volts, 0.169Amps, CPT:1538sec]
(May 04 2026 11:38:34,  883734 sec) Profile()            Sample 54 initiated at 61.4dbars for bin 58 [60dbars].  PTS/O2,T83,Phase,RawTemp/NO3/pH/FSig{},BbSig,TSig: 61.4dbars 16.6671C 33.5231PSU / 6.491mL/L 16.658C 17.851 0.714 / 1.5uM / -0.809611V / {  60   61}  114  549
(May 04 2026 11:39:57,  883817 sec) Profile()            Sample 55 initiated at 56.6dbars for bin 59 [55dbars].  PTS/O2,T83,Phase,RawTemp/NO3/pH/FSig{},BbSig,TSig: 56.5dbars 16.8081C 33.5345PSU / 6.495mL/L 16.790C 17.814 0.711 / 1.5uM / -0.809415V / {  60   59}  117  549
(May 04 2026 11:41:31,  883911 sec) Profile()            Sample 56 initiated at 51.6dbars for bin 60 [50dbars].  PTS/O2,T83,Phase,RawTemp/NO3/pH/FSig{},BbSig,TSig: 51.6dbars 16.8466C 33.5063PSU / 6.493mL/L 16.842C 17.803 0.710 / 1.6uM / -0.809337V / {  59   59}  112  549
(May 04 2026 11:43:17,  884017 sec) Profile()            Sample 57 initiated at 46.7dbars for bin 61 [45dbars].  PTS/O2,T83,Phase,RawTemp/NO3/pH/FSig{},BbSig,TSig: 46.7dbars 17.0585C 33.5105PSU / 6.458mL/L 17.046C 17.790 0.706 / 1.6uM / -0.809144V / {  58   54}  120  548
(May 04 2026 11:45:13,  884133 sec) Profile()            Sample 58 initiated at 41.9dbars for bin 62 [40dbars].  PTS/O2,T83,Phase,RawTemp/NO3/pH/FSig{},BbSig,TSig: 41.9dbars 17.4638C 33.5302PSU / 6.394mL/L 17.439C 17.763 0.697 / 1.6uM / -0.809199V / {  56   55}  111  548
(May 04 2026 11:46:52,  884232 sec) AscentControlAgent() Bouyancy nudge to 150 (v=0.036dbar/sec).
(May 04 2026 11:46:53,  884233 sec) PistonMoveAbsWTO()    145->150 146 147 148 149 150 [26sec, 14.9Volts, 0.168Amps, CPT:1564sec]
(May 04 2026 11:48:09,  884309 sec) Profile()            Sample 59 initiated at 36.8dbars for bin 63 [35dbars].  PTS/O2,T83,Phase,RawTemp/NO3/pH/FSig{},BbSig,TSig: 36.7dbars 17.6653C 33.5511PSU / 6.328mL/L 17.659C 17.782 0.692 / 1.6uM / -0.808954V / {  52   51}  107  548
(May 04 2026 11:49:32,  884392 sec) Profile()            Sample 60 initiated at 32.0dbars for bin 64 [30dbars].  PTS/O2,T83,Phase,RawTemp/NO3/pH/FSig{},BbSig,TSig: 31.9dbars 17.6773C 33.5471PSU / 6.331mL/L 17.674C 17.775 0.692 / 1.6uM / -0.808781V / {  53   50}  122  548
(May 04 2026 11:50:55,  884475 sec) Profile()            Sample 61 initiated at 26.8dbars for bin 65 [25dbars].  PTS/O2,T83,Phase,RawTemp/NO3/pH/FSig{},BbSig,TSig: 26.8dbars 17.7279C 33.5393PSU / 6.319mL/L 17.721C 17.776 0.691 / 1.7uM / -0.808636V / {  53   52}  110  548
(May 04 2026 11:52:18,  884558 sec) Profile()            Sample 62 initiated at 21.8dbars for bin 66 [20dbars].  PTS/O2,T83,Phase,RawTemp/NO3/pH/FSig{},BbSig,TSig: 21.7dbars 17.7235C 33.5397PSU / 6.317mL/L 17.723C 17.778 0.691 / 1.6uM / -0.808437V / {  54   50}  109  547
(May 04 2026 11:53:42,  884642 sec) Profile()            Sample 63 initiated at 16.5dbars for bin 67 [15dbars].  PTS/O2,T83,Phase,RawTemp/NO3/pH/FSig{},BbSig,TSig: 16.4dbars 17.7181C 33.5389PSU / 6.319mL/L 17.720C 17.777 0.691 / 1.6uM / -0.808308V / {  53   50}  105  547
(May 04 2026 11:55:05,  884725 sec) Profile()            Sample 64 initiated at 11.9dbars for bin 68 [10dbars].  PTS/O2,T83,Phase,RawTemp/NO3/pH/FSig{},BbSig,TSig: 11.9dbars 17.7216C 33.5391PSU / 6.323mL/L 17.721C 17.772 0.691 / 1.7uM / -0.808176V / {  53   48}  106  547
(May 04 2026 11:56:28,  884808 sec) Profile()            Sample 65 initiated at 7.9dbars for bin 69 [6dbars].  PTS/O2,T83,Phase,RawTemp/NO3/pH/FSig{},BbSig,TSig: 7.9dbars 17.7165C 33.5402PSU / 6.327mL/L 17.716C 17.768 0.691 / 1.7uM / -0.808061V / {  53   50}  112  547
(May 04 2026 11:57:47,  884887 sec) SurfaceDetect()      SurfacePressure:-0.0dbars Pressure:3.8dbars PistonPosition:150
(May 04 2026 11:57:48,  884888 sec) Sbe41cpStopCP()      Continuous profile stopped.
(May 04 2026 11:57:51,  884891 sec) PistonMoveAbsWTO()    150->172 151 152 153 154 155 156 157 158 159 160 161 162 163 164 165 166 167 168 169 170 171 172 [113sec, 14.8Volts, 0.159Amps, CPT:1677sec]
(May 04 2026 11:59:49,  885009 sec) chat()               Expected string [S>] not received.
(May 04 2026 12:01:39,  885119 sec) Sbe41cpBinAverage()  Finished averaging 13163 samples in 105 seconds.
(May 04 2026 12:01:44,  885124 sec) Sbe41cpUploadCP_()   Sbe41cpSerNo[21418] NSample[13163] NBin[493]
(May 04 2026 12:02:15,  885155 sec) Sbe41cpUploadCP_()   Continuous profile uploaded [493 lines].
(May 04 2026 12:02:29,  885169 sec) MscErrorLog_()       No error records to log.
(May 04 2026 12:02:39,  885179 sec) MscErrorLog_()       No error records to log.

<EOT>
