(Apr 13 2026 23:17:12,  884208 sec) TelemetryInit()      Profile 2. (Apf11 FwRev: 070325)
(Apr 13 2026 23:17:12,  884208 sec) TelemetryInit()      Charge consumption model: OCV:15.2V Wake-Cycles:3352 Standby:20.9days Wake:3.7kC Sensors:0.2kC
(Apr 13 2026 23:22:28,  884524 sec) GetSurfaceObs()      P/O2,T83,Phase,RawTemp/FSig,BbSig,TSig: 0.4dbars / 6.283mL/L 18.214C 17.695 0.680 / 49,47,102
(Apr 13 2026 23:23:00,  884556 sec) GetSurfaceObs()      P/O2,T83,Phase,RawTemp/FSig,BbSig,TSig: 0.3dbars / 6.288mL/L 18.187C 17.696 0.681 / 47,43,99
(Apr 13 2026 23:23:33,  884589 sec) GetSurfaceObs()      P/O2,T83,Phase,RawTemp/FSig,BbSig,TSig: 0.2dbars / 6.278mL/L 18.214C 17.700 0.680 / 50,42,100
(Apr 13 2026 23:24:05,  884621 sec) GetSurfaceObs()      P/O2,T83,Phase,RawTemp/FSig,BbSig,TSig: 0.3dbars / 6.278mL/L 18.188C 17.708 0.681 / 47,44,100
(Apr 13 2026 23:27:48,  884844 sec) AirSystem()          Battery [214cnt, 15.0V]  Current [23cnt, 88.8mA]  Pneumometer [156cnt, 18.3psi]  Run-Time [106s]
(Apr 13 2026 23:28:00,  884856 sec) GetSurfaceObs()      P/O2,T83,Phase,RawTemp/FSig,BbSig,TSig: 0.0dbars / 6.313mL/L 17.642C 17.803 0.692 / 50,38,103
(Apr 13 2026 23:28:33,  884889 sec) GetSurfaceObs()      P/O2,T83,Phase,RawTemp/FSig,BbSig,TSig: 0.0dbars / 6.374mL/L 17.330C 17.813 0.699 / 49,24,100
(Apr 13 2026 23:29:05,  884921 sec) GetSurfaceObs()      P/O2,T83,Phase,RawTemp/FSig,BbSig,TSig: 0.1dbars / 6.348mL/L 17.443C 17.813 0.697 / 48,47,102
(Apr 13 2026 23:29:38,  884954 sec) GetSurfaceObs()      P/O2,T83,Phase,RawTemp/FSig,BbSig,TSig: 0.0dbars / 6.459mL/L 17.052C 17.787 0.705 / 49,42,101
(Apr 13 2026 23:30:10,  884986 sec) GetSurfaceObs()      P/O2,T83,Phase,RawTemp/FSig,BbSig,TSig: 0.1dbars / 6.405mL/L 17.213C 17.807 0.702 / 48,42,101
(Apr 13 2026 23:30:43,  885019 sec) GetSurfaceObs()      P/O2,T83,Phase,RawTemp/FSig,BbSig,TSig: 0.1dbars / 6.327mL/L 17.566C 17.807 0.694 / 50,46,100
(Apr 13 2026 23:31:15,  885051 sec) GetSurfaceObs()      P/O2,T83,Phase,RawTemp/FSig,BbSig,TSig: 0.1dbars / 6.315mL/L 17.650C 17.799 0.692 / 49,-32,101
(Apr 13 2026 23:31:48,  885084 sec) GetSurfaceObs()      P/O2,T83,Phase,RawTemp/FSig,BbSig,TSig: 0.0dbars / 6.276mL/L 18.050C 17.743 0.684 / 49,30,102
(Apr 13 2026 23:31:58,  885094 sec) AirSystem()          Air-bladder inflation by-passed. Pneumatic Pressure: [156cnt, 18.3psi].
(Apr 13 2026 23:32:31,  885127 sec) GetSurfaceObs()      P/O2,T83,Phase,RawTemp/FSig,BbSig,TSig: 0.2dbars / 6.262mL/L 17.856C 17.808 0.688 / 49,41,102
(Apr 13 2026 23:32:35,  885131 sec) GpsServices()        GPS almanac is current.
(Apr 13 2026 23:32:35,  885131 sec) GpsServices()        Initiating GPS fix acquisition.
(Apr 13 2026 23:32:42,  885138 sec) gga()                $GPGGA,233250,3132.2013,N,13014.6173,W,0,00,,,M,,M,,*4D
(Apr 13 2026 23:32:52,  885148 sec) gga()                $GPGGA,233300,3132.2013,N,13014.6173,W,0,00,,,M,,M,,*49
(Apr 13 2026 23:33:02,  885158 sec) gga()                $GPGGA,233320,3132.2013,N,13014.6173,W,0,00,,,M,,M,,*4B
(Apr 13 2026 23:33:11,  885167 sec) gga()                $GPGGA,233330,3132.2013,N,13014.6173,W,0,00,,,M,,M,,*4A
(Apr 13 2026 23:33:12,  885168 sec) gga()                $GPGGA,233330,3132.2013,N,13014.6173,W,0,00,,,M,,M,,*4A
(Apr 13 2026 23:33:22,  885178 sec) gga()                $GPGGA,233340,3132.2013,N,13014.6173,W,0,00,,,M,,M,,*4D
(Apr 13 2026 23:33:32,  885188 sec) gga()                $GPGGA,233350,3132.2013,N,13014.6173,W,0,00,,,M,,M,,*4C
(Apr 13 2026 23:33:43,  885199 sec) gga()                $GPGGA,233400,3126.1766,N,13026.6642,W,1,08,1.0,10.2,M,-41.0,M,,*44
(Apr 13 2026 23:33:43,  885199 sec) GpsServices()        Profile 2 GPS fix obtained in 68 seconds.
(Apr 13 2026 23:33:43,  885199 sec) GpsServices()                   lon      lat mm/dd/yyyy hhmmss nsat
(Apr 13 2026 23:33:43,  885199 sec) GpsServices()        Fix: -130.4444  31.4363 04/13/2026 233400    8
(Apr 13 2026 23:33:52,  885208 sec) gga()                $GPGGA,233410,3126.1760,N,13026.6655,W,1,11,0.8,9.7,M,-41.0,M,,*79
(Apr 13 2026 23:34:01,  885217 sec) gga()                $GPGGA,233420,3126.1763,N,13026.6666,W,1,11,0.8,12.0,M,-41.0,M,,*44
(Apr 13 2026 23:34:01,  885217 sec) GpsServices()        APF11 RTC skew (-19s) OK.
(Apr 13 2026 23:34:01,  885217 sec) GpsServices()        GPS services complete.
(Apr 13 2026 23:34:29,  885245 sec) IrGeoLoc()           <x,y,z>=<-3508km,-4156km,3312km> lat=31.511 lon=-130.167 IrSysTime=0x17a16cdb
(Apr 13 2026 23:34:33,  885249 sec) CLogin()             Connecting to primary host.
(Apr 13 2026 23:34:52,  885268 sec) CLogin()             Connection 1 established in 19 seconds.
(Apr 13 2026 23:35:22,  885298 sec) expect()             Attempt to read prompt string [login:] failed.
(Apr 13 2026 23:35:22,  885298 sec) login()              Login prompt not received.
(Apr 13 2026 23:35:38,  885314 sec) login()              Login successful.
(Apr 13 2026 23:35:46,  885322 sec) CLogin()             Logged in to host.  [Login required 54 seconds]
(Apr 13 2026 23:35:47,  885323 sec) RxConfig()           Downloading "mission.cfg" from host.
(Apr 13 2026 23:36:05,  885341 sec) RxConfig()           Download successful: [bytes:33, sec:15.5, bps:2]
(Apr 13 2026 23:36:11,  885347 sec) WriteVitals_()       Writing vitals to "24583.002.msg".
(Apr 13 2026 23:36:17,  885353 sec) UpLoadFile()         Uploading "24583.002.log" to host.
(Apr 13 2026 23:39:05,  885521 sec) UpLoadFile()         Upload successful: [bytes:47827, sec:168.3, bps:284]
(Apr 13 2026 23:39:06,  885522 sec) fmove()              Moved: 24583.002.log -> archive/24583.002.log
(Apr 13 2026 23:39:13,  885529 sec) UpLoadFile()         Uploading "24583.002.msg" to host.
(Apr 13 2026 23:41:51,  885687 sec) UpLoadFile()         Upload successful: [bytes:41131, sec:158.1, bps:260]
(Apr 13 2026 23:41:53,  885689 sec) fmove()              Moved: 24583.002.msg -> archive/24583.002.msg
(Apr 13 2026 23:42:02,  885698 sec) UpLoadFile()         Uploading "24583.002.isus" to host.
(Apr 13 2026 23:44:10,  885826 sec) sendline()           Blocking CTS signal, aborting ZMODEM transfer.
(Apr 13 2026 23:44:11,  885827 sec) UpLoadFile()         Upload failed.
(Apr 13 2026 23:44:57,  885873 sec) chat()               Expected string [rz] not received.
(Apr 13 2026 23:44:57,  885873 sec) UpLoadFile()         Failed attempt to execute "rz" on the host.
(Apr 13 2026 23:44:57,  885873 sec) UpLoad()             Files successfully uploaded: 2
(Apr 13 2026 23:44:57,  885873 sec) UpLoad()             Aborting upload: Retry limit [2] exceeded. Upload incomplete.
(Apr 13 2026 23:45:04,  885880 sec) chat()               Expected string [cmd>] not received.
(Apr 13 2026 23:45:04,  885880 sec) logout()             Can't get command prompt.
(Apr 13 2026 23:45:09,  885885 sec) chat()               Expected string [logout] not received.
(Apr 13 2026 23:45:09,  885885 sec) logout()             Attempt to log-out failed.
(Apr 13 2026 23:45:16,  885892 sec) chat()               Expected string [cmd>] not received.
(Apr 13 2026 23:45:16,  885892 sec) logout()             Can't get command prompt.
(Apr 13 2026 23:45:21,  885897 sec) chat()               Expected string [logout] not received.
(Apr 13 2026 23:45:21,  885897 sec) logout()             Attempt to log-out failed.
(Apr 13 2026 23:45:21,  885897 sec) logout()             No carrier detected.
(Apr 13 2026 23:45:21,  885897 sec) Telemetry()          Telemetry cycle complete: PrfId=2 ConnectionAttempts=1  Connections=1
(Apr 14 2026 00:00:37,  886813 sec) AirSystem()          Air-bladder inflation by-passed. Pneumatic Pressure: [155cnt, 18.2psi].
(Apr 14 2026 00:01:17,  886853 sec) GetSurfaceObs()      P/O2,T83,Phase,RawTemp/FSig,BbSig,TSig: 0.1dbars / 6.364mL/L 17.339C 17.821 0.699 / 49,43,102
(Apr 14 2026 00:01:19,  886855 sec) GpsServices()        GPS almanac is current.
(Apr 14 2026 00:01:19,  886855 sec) GpsServices()        Initiating GPS fix acquisition.
(Apr 14 2026 00:01:21,  886857 sec) gga()                $GPGGA,000140,3126.1766,N,13026.6642,W,0,00,,,M,,M,,*4A
(Apr 14 2026 00:01:32,  886868 sec) gga()                $GPGGA,000150,3126.1400,N,13026.8640,W,6,10,0.8,7.4,M,-41.0,M,,*7E
(Apr 14 2026 00:01:42,  886878 sec) gga()                $GPGGA,000200,3126.1401,N,13026.8656,W,1,10,0.8,9.2,M,-41.0,M,,*71
(Apr 14 2026 00:01:42,  886878 sec) GpsServices()        Profile 2 GPS fix obtained in 23 seconds.
(Apr 14 2026 00:01:42,  886878 sec) GpsServices()                   lon      lat mm/dd/yyyy hhmmss nsat
(Apr 14 2026 00:01:42,  886878 sec) GpsServices()        Fix: -130.4478  31.4357 04/14/2026 000200   10
(Apr 14 2026 00:01:52,  886888 sec) gga()                $GPGGA,000210,3126.1397,N,13026.8668,W,1,10,0.8,9.7,M,-41.0,M,,*70
(Apr 14 2026 00:02:01,  886897 sec) gga()                $GPGGA,000220,3126.1397,N,13026.8679,W,1,10,0.8,10.7,M,-41.0,M,,*4B
(Apr 14 2026 00:02:01,  886897 sec) GpsServices()        APF11 RTC skew (-19s) OK.
(Apr 14 2026 00:02:02,  886898 sec) GpsServices()        GPS services complete.
(Apr 14 2026 00:02:29,  886925 sec) IrGeoLoc()           <x,y,z>=<-3532km,-4144km,3304km> lat=31.420 lon=-130.441 IrSysTime=0x18378d52
(Apr 14 2026 00:02:33,  886929 sec) CLogin()             Connecting to primary host.
(Apr 14 2026 00:02:44,  886940 sec) CLogin()             Connection 2 established in 11 seconds.
(Apr 14 2026 00:03:21,  886977 sec) expect()             Attempt to read prompt string [Last login:] failed.
(Apr 14 2026 00:03:21,  886977 sec) login()              Login failed.
(Apr 14 2026 00:03:31,  886987 sec) login()              Login successful.
(Apr 14 2026 00:03:40,  886996 sec) CLogin()             Logged in to host.  [Login required 56 seconds]
(Apr 14 2026 00:03:44,  887000 sec) RxConfig()           Downloading "mission.cfg" from host.
(Apr 14 2026 00:03:54,  887010 sec) RxConfig()           Download successful: [bytes:33, sec:8.0, bps:4]
(Apr 14 2026 00:04:06,  887022 sec) UpLoadFile()         Uploading "24583.002.isus" to host.
(Apr 14 2026 00:05:04,  887080 sec) UpLoadFile()         Upload successful: [bytes:11327, sec:57.9, bps:196]
(Apr 14 2026 00:05:05,  887081 sec) fmove()              Moved: 24583.002.isus -> archive/24583.002.isus
(Apr 14 2026 00:05:12,  887088 sec) UpLoadFile()         Uploading "24583.002.dura" to host.
(Apr 14 2026 00:06:16,  887152 sec) UpLoadFile()         Upload successful: [bytes:12204, sec:64.0, bps:191]
(Apr 14 2026 00:06:17,  887153 sec) fmove()              Moved: 24583.002.dura -> archive/24583.002.dura
(Apr 14 2026 00:06:19,  887155 sec) UpLoad()             Files successfully uploaded: 2
(Apr 14 2026 00:06:19,  887155 sec) UpLoad()             Upload complete.
(Apr 14 2026 00:06:28,  887164 sec) chat()               Expected string [logout] not received.
(Apr 14 2026 00:06:28,  887164 sec) logout()             Attempt to log-out failed.
(Apr 14 2026 00:06:28,  887164 sec) logout()             No carrier detected.
(Apr 14 2026 00:06:28,  887164 sec) Telemetry()          Telemetry cycle complete: PrfId=2 ConnectionAttempts=2  Connections=2
(Apr 14 2026 00:06:28,  887164 sec) TelemetryTerminate() Parsing new mission configuration.
(Apr 14 2026 00:06:29,  887165 sec) configure()          Parsing configurators in "mission.cfg".
(Apr 14 2026 00:06:29,  887165 sec) configure()             TelemetryRetry(15)      [0x7BBC] [TelemetryRetry(15)].
(Apr 14 2026 00:06:30,  887166 sec) configure()          Configuration CRCs and syntax OK.
(Apr 14 2026 00:06:30,  887166 sec) ConfigSupervisor()   Configuration accepted.
(Apr 14 2026 00:06:30,  887166 sec) TelemetryTerminate() Reconditioning the file system.
(Apr 14 2026 00:06:33,       0 sec) DescentInit()        Deep profile 3 initiated at mission-time 887169sec.
(Apr 14 2026 00:06:34,       1 sec) DescentInit()        Surface pressure: 0.0dbars.
(Apr 14 2026 00:06:34,       1 sec) DescentInit()        Charge consumption model: OCV:15.0V Wake-Cycles:3354 Standby:20.9days Wake:3.9kC Sleep:0.2kC
(Apr 14 2026 00:06:46,      13 sec) DescentInit()        Pneumatic humidity: 1008(5.5%) -> 1119(8.7%)
(Apr 14 2026 00:06:47,      14 sec) PistonMoveAbsWTO()    164->039 163 162 161 160 159 158 157 158 157 156 155 154 153 152 151 150 149 148 147 146 145 144 143 142 141 140 139 138 137 136 135 134 133 132 131 130 129 128 127 126 125 126 125 124 123 122 121 120 119 118 117 118 117 116 115 114 113 112 111 110 109 108 107 106 105 104 103 102 101 100 099 098 097 096 095 094 093 092 091 090 089 088 087 086 085 084 083 082 081 080 079 078 077 076 075 074 073 072 071 070 069 068 067 066 065 064 063 062 061 060 059 058 057 056 055 054 053 052 051 050 049 048 047 046 045 044 043 042 041 040 039 [636sec, 14.9Volts, 0.137Amps, CPT:636sec]
(Apr 14 2026 00:17:27,     654 sec) DescentInit()        Air solenoid open: Barometer [204cnt,  11.9psi]  Pneumometer [102cnt,  11.9psi]
(Apr 14 2026 00:17:37,     664 sec) Descent()            Pressure: 49.9
(Apr 14 2026 01:06:33,    3600 sec) Descent()            Pressure: 455.0
(Apr 14 2026 02:06:33,    7200 sec) Descent()            Pressure: 771.6
(Apr 14 2026 03:06:33,   10800 sec) Descent()            Pressure: 935.8
(Apr 14 2026 04:06:33,   14400 sec) Descent()            Pressure: 973.0
(Apr 14 2026 04:06:34,   14401 sec) ParkInit()           Charge consumption model: OCV:15.5V Wake-Cycles:3359 Standby:21.1days Wake:4.1kC Sensors:0.2kC
(Apr 14 2026 06:06:40,   21607 sec) Park()               ParkPOutOfBand[-3, 976.4 dbars]: retract piston.
(Apr 14 2026 06:06:41,   21608 sec) PistonMoveAbsWTO()    039->038 038 [5sec, 15.3Volts, 0.083Amps, CPT:641sec]
(Apr 14 2026 16:06:40,   57607 sec) Park()               ParkPOutOfBand[3, 1010.8 dbars]: extend piston.
(Apr 14 2026 16:06:41,   57608 sec) PistonMoveAbsWTO()    038->039 039 [2sec, 14.9Volts, 0.402Amps, CPT:643sec]
(Apr 15 2026 13:06:40,  133207 sec) Park()               ParkPOutOfBand[3, 1013.6 dbars]: extend piston.
(Apr 15 2026 13:06:41,  133208 sec) PistonMoveAbsWTO()    039->040 040 [6sec, 14.9Volts, 0.387Amps, CPT:649sec]
(Apr 15 2026 18:06:40,  151207 sec) Park()               ParkPOutOfBand[-3, 984.7 dbars]: retract piston.
(Apr 15 2026 18:06:41,  151208 sec) PistonMoveAbsWTO()    040->039 039 [2sec, 15.2Volts, 0.084Amps, CPT:651sec]
(Apr 17 2026 03:06:40,  270007 sec) Park()               ParkPOutOfBand[3, 1012.3 dbars]: extend piston.
(Apr 17 2026 03:06:41,  270008 sec) PistonMoveAbsWTO()    039->040 040 [2sec, 14.9Volts, 0.402Amps, CPT:653sec]
(Apr 21 2026 23:06:40,  687607 sec) Park()               ParkPOutOfBand[3, 1012.2 dbars]: extend piston.
(Apr 21 2026 23:06:41,  687608 sec) PistonMoveAbsWTO()    040->041 041 [6sec, 14.8Volts, 0.392Amps, CPT:659sec]
(Apr 22 2026 02:06:40,  698407 sec) Park()               ParkPOutOfBand[-3, 983.8 dbars]: retract piston.
(Apr 22 2026 02:06:41,  698408 sec) PistonMoveAbsWTO()    041->040 040 [2sec, 15.1Volts, 0.085Amps, CPT:661sec]
(Apr 23 2026 20:07:05,  849632 sec) CtdPower()           [ 1001.69,  3.8374, 34.4528]
(Apr 23 2026 20:07:05,  849632 sec) CtdPower()           CTD Power consumption [218VCnt 3ACnt]: 15.341Volts * 0.012Amps = 0.18Watts.
(Apr 23 2026 20:07:12,  849639 sec) ParkTerminate()      Piston Position:40 Vacuum:192 HumidityAd12:1002(5.3%) Vq:220 Aq:2 Vsbe:218 Asbe:3 Vflbb:214 Aflbb:12 V83:216 A83:3 MuxTemp:3.894C MuxHumidity:4.0%
(Apr 23 2026 20:07:45,  849672 sec) ParkTerminate()      PTS/O2,T83,Phase,RawTemp: 1001.8dbars 3.8367C 34.4526PSU / 0.641mL/L 3.840C 37.518 1.058
(Apr 23 2026 20:07:45,  849672 sec) ParkTerminate()      FLBB FSig{}, BbSig, TSig: {55, 66} 91, 568
(Apr 23 2026 20:07:46,  849673 sec) GoDeepInit()         Charge consumption model: OCV:15.4V Wake-Cycles:3591 Standby:30.7days Wake:4.3kC Sensors:0.2kC
(Apr 23 2026 20:07:46,  849673 sec) GoDeepInit()         Moving piston.
(Apr 23 2026 20:07:46,  849673 sec) PistonMoveAbsWTO()    040->014 039 038 037 036 035 034 033 032 031 030 029 028 027 026 025 024 023 022 021 020 019 018 017 016 015 014 [135sec, 15.0Volts, 0.055Amps, CPT:796sec]
(Apr 24 2026 00:06:33,  864000 sec) ProfileInit()        Charge consumption model: OCV:15.5V Wake-Cycles:3639 Standby:30.9days Wake:4.3kC Sensors:0.2kC
(Apr 24 2026 00:06:33,  864000 sec) ProfileInit()        PrfId:003  Pressure:1659.4dbar  pTable[4]:1600dbar
(Apr 24 2026 00:06:35,  864002 sec) ProfileInit()        Muxer PPIs K{1,2} quiescent: 15.36V, 0.1mA, 1.5mW
(Apr 24 2026 00:06:39,  864006 sec) ProfileInit()        ISUS powered up.
(Apr 24 2026 00:06:42,  864009 sec) ProfileInit()        Muxer PPIs K{1,2} w/ ISUS awake: 15.12V, 48.8mA, 738.1mW
(Apr 24 2026 00:06:49,  864016 sec) MscErrorLog_()       No error records to log.
(Apr 24 2026 00:06:56,  864023 sec) ProfileInit()        DURA powered up.
(Apr 24 2026 00:07:00,  864027 sec) ProfileInit()        Muxer PPIs K{1,2} w/ DURA awake: 15.13V, 48.7mA, 736.7mW
(Apr 24 2026 00:07:05,  864032 sec) MscErrorLog_()       No error records to log.
(Apr 24 2026 00:07:11,  864038 sec) PistonMoveAbsWTO()    014->036 015 016 017 018 019 [30sec, 14.5Volts, 0.525Amps, CPT:826sec]
(Apr 24 2026 00:07:52,  864079 sec) PistonMoveAbsWTO()    019->036 020 021 022 023 024 [30sec, 14.3Volts, 0.532Amps, CPT:856sec]
(Apr 24 2026 00:08:33,  864120 sec) PistonMoveAbsWTO()    024->036 025 026 027 028 029 [30sec, 14.2Volts, 0.527Amps, CPT:886sec]
(Apr 24 2026 00:09:14,  864161 sec) PistonMoveAbsWTO()    029->036 030 031 032 033 034 [30sec, 14.1Volts, 0.512Amps, CPT:916sec]
(Apr 24 2026 00:09:55,  864202 sec) PistonMoveAbsWTO()    034->036 035 036 [10sec, 14.2Volts, 0.539Amps, CPT:926sec]
(Apr 24 2026 00:18:37,  864724 sec) Profile()            Sample 0 initiated at 1601.1dbars for bin 4 [1600dbars].  PTS/O2,T83,Phase,RawTemp/NO3/pH/FSig{},BbSig,TSig: 1598.9dbars 2.6628C 34.5673PSU / 1.383mL/L 2.659C 33.863 1.095 / 42.6uM / -0.857092V / {  51   59}   83  570
(Apr 24 2026 00:33:37,  865624 sec) Profile()            Sample 1 initiated at 1501.8dbars for bin 5 [1500dbars].  PTS/O2,T83,Phase,RawTemp/NO3/pH/FSig{},BbSig,TSig: 1499.4dbars 2.7987C 34.5559PSU / 1.303mL/L 2.795C 34.189 1.091 / 43.1uM / -0.857064V / {  53   63}   85  570
(Apr 24 2026 00:50:15,  866622 sec) Profile()            Sample 2 initiated at 1401.7dbars for bin 6 [1400dbars].  PTS/O2,T83,Phase,RawTemp/NO3/pH/FSig{},BbSig,TSig: 1399.9dbars 2.9537C 34.5428PSU / 1.209mL/L 2.948C 34.587 1.086 / 43.3uM / -0.856961V / {  53   63}   84  570
(Apr 24 2026 00:57:26,  867053 sec) AscentControlAgent() Bouyancy nudge to 46 (v=0.075dbar/sec).
(Apr 24 2026 00:57:26,  867053 sec) PistonMoveAbsWTO()    036->046 037 038 039 040 041 [30sec, 14.6Volts, 0.459Amps, CPT:956sec]
(Apr 24 2026 00:58:07,  867094 sec) PistonMoveAbsWTO()    041->046 042 043 044 045 046 [29sec, 14.4Volts, 0.448Amps, CPT:985sec]
(Apr 24 2026 01:09:21,  867768 sec) Profile()            Sample 3 initiated at 1301.6dbars for bin 7 [1300dbars].  PTS/O2,T83,Phase,RawTemp/NO3/pH/FSig{},BbSig,TSig: 1299.7dbars 3.1490C 34.5283PSU / 1.138mL/L 3.144C 34.878 1.080 / 43.5uM / -0.856416V / {  54   64}   84  570
(Apr 24 2026 01:28:55,  868942 sec) Profile()            Sample 4 initiated at 1201.1dbars for bin 8 [1200dbars].  PTS/O2,T83,Phase,RawTemp/NO3/pH/FSig{},BbSig,TSig: 1199.5dbars 3.3321C 34.5046PSU / 0.947mL/L 3.326C 35.827 1.074 / 44.1uM / -0.856562V / {  53   63}   83  569
(Apr 24 2026 01:34:05,  869252 sec) AscentControlAgent() Bouyancy nudge to 56 (v=0.080dbar/sec).
(Apr 24 2026 01:34:05,  869252 sec) PistonMoveAbsWTO()    046->056 047 048 049 050 051 [30sec, 14.7Volts, 0.415Amps, CPT:1015sec]
(Apr 24 2026 01:34:46,  869293 sec) PistonMoveAbsWTO()    051->056 052 053 054 055 056 [28sec, 14.5Volts, 0.407Amps, CPT:1043sec]
(Apr 24 2026 01:45:59,  869966 sec) Profile()            Sample 5 initiated at 1100.9dbars for bin 9 [1100dbars].  PTS/O2,T83,Phase,RawTemp/NO3/pH/FSig{},BbSig,TSig: 1098.6dbars 3.5173C 34.4822PSU / 0.791mL/L 3.511C 36.663 1.068 / 44.4uM / -0.856225V / {  55   67}   84  569
(Apr 24 2026 02:02:26,  870953 sec) Profile()            Sample 6 initiated at 1001.6dbars for bin 10 [1000dbars].  PTS/O2,T83,Phase,RawTemp/NO3/pH/FSig{},BbSig,TSig: 999.8dbars 3.7864C 34.4600PSU / 0.686mL/L 3.773C 37.242 1.060 / 44.5uM / -0.855752V / {  55   68}   86  569
(Apr 24 2026 02:06:09,  871176 sec) Sbe41cpStartCP()     Continuous profile started.
(Apr 24 2026 02:09:39,  871386 sec) AscentControlAgent() Bouyancy nudge to 66 (v=0.073dbar/sec).
(Apr 24 2026 02:09:39,  871386 sec) PistonMoveAbsWTO()    056->066 057 058 059 060 061 [30sec, 14.6Volts, 0.364Amps, CPT:1073sec]
(Apr 24 2026 02:10:20,  871427 sec) PistonMoveAbsWTO()    061->066 062 063 064 065 066 [25sec, 14.5Volts, 0.360Amps, CPT:1098sec]
(Apr 24 2026 02:12:40,  871567 sec) Profile()            Sample 7 initiated at 951.0dbars for bin 11 [950dbars].  PTS/O2,T83,Phase,RawTemp/NO3/pH/FSig{},BbSig,TSig: 950.9dbars 3.9333C 34.4376PSU / 0.585mL/L 3.932C 37.864 1.055 / 44.6uM / -0.855967V / {  53   67}   89  568
(Apr 24 2026 02:21:12,  872079 sec) Profile()            Sample 8 initiated at 900.9dbars for bin 12 [900dbars].  PTS/O2,T83,Phase,RawTemp/NO3/pH/FSig{},BbSig,TSig: 900.8dbars 4.0854C 34.4134PSU / 0.508mL/L 4.084C 38.361 1.050 / 44.5uM / -0.856090V / {  53   66}   84  568
(Apr 24 2026 02:29:13,  872560 sec) Profile()            Sample 9 initiated at 851.7dbars for bin 13 [850dbars].  PTS/O2,T83,Phase,RawTemp/NO3/pH/FSig{},BbSig,TSig: 851.5dbars 4.2094C 34.3943PSU / 0.464mL/L 4.208C 38.646 1.047 / 44.5uM / -0.856041V / {  54   68}   85  568
(Apr 24 2026 02:37:59,  873086 sec) Profile()            Sample 10 initiated at 801.6dbars for bin 14 [800dbars].  PTS/O2,T83,Phase,RawTemp/NO3/pH/FSig{},BbSig,TSig: 801.5dbars 4.3215C 34.3646PSU / 0.399mL/L 4.320C 39.106 1.043 / 44.5uM / -0.856229V / {  54   72}   84  568
(Apr 24 2026 02:45:22,  873529 sec) AscentControlAgent() Bouyancy nudge to 76 (v=0.078dbar/sec).
(Apr 24 2026 02:45:22,  873529 sec) PistonMoveAbsWTO()    066->076 067 068 069 070 071 [30sec, 14.6Volts, 0.309Amps, CPT:1128sec]
(Apr 24 2026 02:46:03,  873570 sec) PistonMoveAbsWTO()    071->076 072 073 074 075 076 [26sec, 14.5Volts, 0.317Amps, CPT:1154sec]
(Apr 24 2026 02:48:04,  873691 sec) Profile()            Sample 11 initiated at 751.1dbars for bin 15 [750dbars].  PTS/O2,T83,Phase,RawTemp/NO3/pH/FSig{},BbSig,TSig: 751.0dbars 4.3935C 34.3205PSU / 0.346mL/L 4.393C 39.503 1.041 / 44.4uM / -0.856130V / {  56   70}   83  567
(Apr 24 2026 02:56:16,  874183 sec) Profile()            Sample 12 initiated at 701.2dbars for bin 16 [700dbars].  PTS/O2,T83,Phase,RawTemp/NO3/pH/FSig{},BbSig,TSig: 701.1dbars 4.5489C 34.2812PSU / 0.355mL/L 4.548C 39.409 1.036 / 44.2uM / -0.856013V / {  54   69}   85  567
(Apr 24 2026 03:04:39,  874686 sec) Profile()            Sample 13 initiated at 651.2dbars for bin 17 [650dbars].  PTS/O2,T83,Phase,RawTemp/NO3/pH/FSig{},BbSig,TSig: 651.1dbars 4.7430C 34.2391PSU / 0.414mL/L 4.742C 38.917 1.030 / 43.8uM / -0.855674V / {  55   69}   88  567
(Apr 24 2026 03:14:41,  875288 sec) Profile()            Sample 14 initiated at 601.5dbars for bin 18 [600dbars].  PTS/O2,T83,Phase,RawTemp/NO3/pH/FSig{},BbSig,TSig: 601.4dbars 5.0392C 34.1962PSU / 0.526mL/L 5.037C 38.036 1.021 / 43.0uM / -0.855088V / {  55   69}   96  567
(Apr 24 2026 03:16:43,  875410 sec) AscentControlAgent() Bouyancy nudge to 86 (v=0.075dbar/sec).
(Apr 24 2026 03:16:43,  875410 sec) PistonMoveAbsWTO()    076->086 077 078 079 080 081 [30sec, 14.6Volts, 0.279Amps, CPT:1184sec]
(Apr 24 2026 03:17:24,  875451 sec) PistonMoveAbsWTO()    081->086 082 083 084 085 086 [25sec, 14.5Volts, 0.281Amps, CPT:1209sec]
(Apr 24 2026 03:23:37,  875824 sec) Profile()            Sample 15 initiated at 550.9dbars for bin 19 [550dbars].  PTS/O2,T83,Phase,RawTemp/NO3/pH/FSig{},BbSig,TSig: 550.8dbars 5.2722C 34.1402PSU / 0.742mL/L 5.269C 36.536 1.014 / 42.0uM / -0.854055V / {  53   68}   85  566
(Apr 24 2026 03:32:10,  876337 sec) Profile()            Sample 16 initiated at 501.7dbars for bin 20 [500dbars].  PTS/O2,T83,Phase,RawTemp/NO3/pH/FSig{},BbSig,TSig: 501.6dbars 5.5372C 34.0905PSU / 1.055mL/L 5.534C 34.646 1.006 / 40.7uM / -0.852481V / {  52   67}   87  566
(Apr 24 2026 03:37:19,  876646 sec) AscentControlAgent() Bouyancy nudge to 96 (v=0.076dbar/sec).
(Apr 24 2026 03:37:20,  876647 sec) PistonMoveAbsWTO()    086->096 087 088 089 090 091 [30sec, 14.7Volts, 0.256Amps, CPT:1239sec]
(Apr 24 2026 03:38:01,  876688 sec) PistonMoveAbsWTO()    091->096 092 093 094 095 096 [24sec, 14.6Volts, 0.259Amps, CPT:1263sec]
(Apr 24 2026 03:42:00,  876927 sec) Profile()            Sample 17 initiated at 451.8dbars for bin 21 [450dbars].  PTS/O2,T83,Phase,RawTemp/NO3/pH/FSig{},BbSig,TSig: 451.7dbars 6.0354C 34.0402PSU / 1.526mL/L 6.032C 32.210 0.991 / 38.3uM / -0.850124V / {  52   67}   88  565
(Apr 24 2026 03:50:01,  877408 sec) Profile()            Sample 18 initiated at 401.6dbars for bin 22 [400dbars].  PTS/O2,T83,Phase,RawTemp/NO3/pH/FSig{},BbSig,TSig: 401.5dbars 6.6647C 34.0012PSU / 2.141mL/L 6.654C 29.603 0.973 / 35.0uM / -0.846397V / {  52   63}   86  565
(Apr 24 2026 03:53:26,  877613 sec) Profile()            Sample 19 initiated at 381.8dbars for bin 23 [380dbars].  PTS/O2,T83,Phase,RawTemp/NO3/pH/FSig{},BbSig,TSig: 381.7dbars 6.9293C 33.9936PSU / 2.378mL/L 6.922C 28.717 0.965 / 33.7uM / -0.845001V / {  53   65}   89  564
(Apr 24 2026 03:57:23,  877850 sec) Profile()            Sample 20 initiated at 361.9dbars for bin 24 [360dbars].  PTS/O2,T83,Phase,RawTemp/NO3/pH/FSig{},BbSig,TSig: 361.8dbars 7.2567C 33.9758PSU / 2.767mL/L 7.246C 27.425 0.956 / 31.7uM / -0.842373V / {  50   59}   87  564
(Apr 24 2026 03:59:42,  877989 sec) Profile()            Sample 21 initiated at 351.2dbars for bin 25 [350dbars].  PTS/O2,T83,Phase,RawTemp/NO3/pH/FSig{},BbSig,TSig: 351.1dbars 7.2833C 33.9383PSU / 3.251mL/L 7.287C 26.122 0.954 / 29.4uM / -0.839208V / {  52   61}  122  563
(Apr 24 2026 04:01:49,  878116 sec) Profile()            Sample 22 initiated at 341.7dbars for bin 26 [340dbars].  PTS/O2,T83,Phase,RawTemp/NO3/pH/FSig{},BbSig,TSig: 341.6dbars 7.3721C 33.9335PSU / 3.709mL/L 7.370C 25.025 0.952 / 28.6uM / -0.838240V / {  52   59}   85  563
(Apr 24 2026 04:02:55,  878182 sec) AscentControlAgent() Bouyancy nudge to 106 (v=0.077dbar/sec).
(Apr 24 2026 04:02:56,  878183 sec) PistonMoveAbsWTO()    096->106 097 098 099 100 101 [30sec, 14.7Volts, 0.223Amps, CPT:1293sec]
(Apr 24 2026 04:04:16,  878263 sec) Profile()            Sample 23 initiated at 329.8dbars for bin 27 [330dbars].  PTS/O2,T83,Phase,RawTemp/NO3/pH/FSig{},BbSig,TSig: 329.7dbars 7.5552C 33.9280PSU / 3.994mL/L 7.548C 24.362 0.947 / 27.2uM / -0.836409V / {  51   56}   96  563
(Apr 24 2026 04:04:16,  878263 sec) PistonMoveAbsWTO()    101->106 102 103 104 105 106 [23sec, 14.6Volts, 0.223Amps, CPT:1316sec]
(Apr 24 2026 04:05:41,  878348 sec) Profile()            Sample 24 initiated at 321.1dbars for bin 28 [320dbars].  PTS/O2,T83,Phase,RawTemp/NO3/pH/FSig{},BbSig,TSig: 321.0dbars 7.6735C 33.9277PSU / 4.104mL/L 7.660C 24.101 0.944 / 26.3uM / -0.835535V / {  50   56}   88  563
(Apr 24 2026 04:07:04,  878431 sec) Profile()            Sample 25 initiated at 312.0dbars for bin 29 [310dbars].  PTS/O2,T83,Phase,RawTemp/NO3/pH/FSig{},BbSig,TSig: 311.9dbars 7.8813C 33.9330PSU / 4.290mL/L 7.869C 23.671 0.938 / 25.5uM / -0.834540V / {  51   55}   85  563
(Apr 24 2026 04:08:38,  878525 sec) Profile()            Sample 26 initiated at 301.8dbars for bin 30 [300dbars].  PTS/O2,T83,Phase,RawTemp/NO3/pH/FSig{},BbSig,TSig: 301.7dbars 8.0109C 33.9379PSU / 4.403mL/L 8.003C 23.414 0.934 / 24.6uM / -0.833562V / {  50   56}   86  563
(Apr 24 2026 04:10:13,  878620 sec) Profile()            Sample 27 initiated at 291.8dbars for bin 31 [290dbars].  PTS/O2,T83,Phase,RawTemp/NO3/pH/FSig{},BbSig,TSig: 291.7dbars 8.2264C 33.9420PSU / 4.568mL/L 8.217C 23.044 0.928 / 23.9uM / -0.832768V / {  51   53}   86  562
(Apr 24 2026 04:11:58,  878725 sec) Profile()            Sample 28 initiated at 281.3dbars for bin 32 [280dbars].  PTS/O2,T83,Phase,RawTemp/NO3/pH/FSig{},BbSig,TSig: 281.2dbars 8.4286C 33.9481PSU / 4.667mL/L 8.417C 22.804 0.922 / 23.2uM / -0.831872V / {  50   56}   88  562
(Apr 24 2026 04:13:43,  878830 sec) Profile()            Sample 29 initiated at 271.3dbars for bin 33 [270dbars].  PTS/O2,T83,Phase,RawTemp/NO3/pH/FSig{},BbSig,TSig: 271.2dbars 8.6081C 33.9488PSU / 4.754mL/L 8.601C 22.596 0.917 / 22.7uM / -0.831388V / {  50   54}   87  562
(Apr 24 2026 04:15:29,  878936 sec) Profile()            Sample 30 initiated at 261.7dbars for bin 34 [260dbars].  PTS/O2,T83,Phase,RawTemp/NO3/pH/FSig{},BbSig,TSig: 261.6dbars 8.8185C 33.9503PSU / 4.813mL/L 8.806C 22.429 0.911 / 21.8uM / -0.830473V / {  49   52}   87  561
(Apr 24 2026 04:17:25,  879052 sec) Profile()            Sample 31 initiated at 251.4dbars for bin 35 [250dbars].  PTS/O2,T83,Phase,RawTemp/NO3/pH/FSig{},BbSig,TSig: 251.4dbars 9.0682C 33.9489PSU / 4.945mL/L 9.053C 22.132 0.905 / 20.9uM / -0.829578V / {  50   51}   85  561
(Apr 24 2026 04:19:21,  879168 sec) Profile()            Sample 32 initiated at 241.4dbars for bin 36 [240dbars].  PTS/O2,T83,Phase,RawTemp/NO3/pH/FSig{},BbSig,TSig: 241.4dbars 9.3308C 33.9402PSU / 5.050mL/L 9.317C 21.877 0.897 / 20.0uM / -0.828685V / {  50   51}   85  561
(Apr 24 2026 04:21:17,  879284 sec) Profile()            Sample 33 initiated at 231.6dbars for bin 37 [230dbars].  PTS/O2,T83,Phase,RawTemp/NO3/pH/FSig{},BbSig,TSig: 231.5dbars 9.4327C 33.9251PSU / 5.101mL/L 9.425C 21.763 0.894 / 19.8uM / -0.828705V / {  49   50}   87  561
(Apr 24 2026 04:23:24,  879411 sec) Profile()            Sample 34 initiated at 221.6dbars for bin 38 [220dbars].  PTS/O2,T83,Phase,RawTemp/NO3/pH/FSig{},BbSig,TSig: 221.5dbars 9.4701C 33.8580PSU / 4.829mL/L 9.468C 22.190 0.893 / 20.5uM / -0.829892V / {  50   51}   85  560
(Apr 24 2026 04:24:31,  879478 sec) AscentControlAgent() Bouyancy nudge to 116 (v=0.078dbar/sec).
(Apr 24 2026 04:24:32,  879479 sec) PistonMoveAbsWTO()    106->116 107 108 109 110 111 [30sec, 14.7Volts, 0.201Amps, CPT:1346sec]
(Apr 24 2026 04:25:51,  879558 sec) Profile()            Sample 35 initiated at 211.0dbars for bin 39 [210dbars].  PTS/O2,T83,Phase,RawTemp/NO3/pH/FSig{},BbSig,TSig: 210.9dbars 9.6944C 33.8315PSU / 4.928mL/L 9.689C 21.957 0.887 / 19.2uM / -0.829093V / {  50   51}   86  560
(Apr 24 2026 04:25:52,  879559 sec) PistonMoveAbsWTO()    111->116 112 113 114 115 116 [22sec, 14.6Volts, 0.201Amps, CPT:1368sec]
(Apr 24 2026 04:26:25,  879592 sec) PistonMoveAbsWTO()    115->116 116 [1sec, 14.6Volts, 0.218Amps, CPT:1369sec]
(Apr 24 2026 04:27:48,  879675 sec) Profile()            Sample 36 initiated at 201.1dbars for bin 40 [200dbars].  PTS/O2,T83,Phase,RawTemp/NO3/pH/FSig{},BbSig,TSig: 201.0dbars 10.0276C 33.7339PSU / 4.985mL/L 10.016C 21.760 0.878 / 17.5uM / -0.827401V / {  50   52}   92  560
(Apr 24 2026 04:29:44,  879791 sec) Profile()            Sample 37 initiated at 191.2dbars for bin 41 [190dbars].  PTS/O2,T83,Phase,RawTemp/NO3/pH/FSig{},BbSig,TSig: 191.1dbars 10.5243C 33.6939PSU / 5.103mL/L 10.487C 21.426 0.866 / 15.0uM / -0.825647V / {  51   54}   89  560
(Apr 24 2026 04:31:51,  879918 sec) Profile()            Sample 38 initiated at 181.3dbars for bin 42 [180dbars].  PTS/O2,T83,Phase,RawTemp/NO3/pH/FSig{},BbSig,TSig: 181.2dbars 10.9904C 33.6252PSU / 5.337mL/L 10.954C 20.927 0.853 / 12.8uM / -0.824008V / {  55   62}   97  559
(Apr 24 2026 04:34:20,  880067 sec) Profile()            Sample 39 initiated at 171.4dbars for bin 43 [170dbars].  PTS/O2,T83,Phase,RawTemp/NO3/pH/FSig{},BbSig,TSig: 171.3dbars 11.3354C 33.6328PSU / 5.506mL/L 11.322C 20.571 0.844 / 11.4uM / -0.822845V / {  62   71}  104  559
(Apr 24 2026 04:37:00,  880227 sec) Profile()            Sample 40 initiated at 161.8dbars for bin 44 [160dbars].  PTS/O2,T83,Phase,RawTemp/NO3/pH/FSig{},BbSig,TSig: 161.7dbars 11.6795C 33.6117PSU / 5.650mL/L 11.670C 20.265 0.835 / 10.0uM / -0.821452V / {  70   77}  103  558
(Apr 24 2026 04:41:08,  880475 sec) Profile()            Sample 41 initiated at 151.8dbars for bin 45 [150dbars].  PTS/O2,T83,Phase,RawTemp/NO3/pH/FSig{},BbSig,TSig: 151.7dbars 12.0984C 33.5848PSU / 5.764mL/L 12.092C 19.986 0.824 / 8.4uM / -0.820202V / {  81   92}   98  557
(Apr 24 2026 04:45:00,  880707 sec) AscentControlAgent() Bouyancy nudge to 126 (v=0.010dbar/sec).
(Apr 24 2026 04:45:00,  880707 sec) PistonMoveAbsWTO()    116->126 117 118 119 120 121 [30sec, 14.8Volts, 0.195Amps, CPT:1399sec]
(Apr 24 2026 04:45:41,  880748 sec) PistonMoveAbsWTO()    121->126 122 123 124 125 126 [22sec, 14.8Volts, 0.188Amps, CPT:1421sec]
(Apr 24 2026 04:48:43,  880930 sec) Profile()            Sample 42 initiated at 141.7dbars for bin 46 [140dbars].  PTS/O2,T83,Phase,RawTemp/NO3/pH/FSig{},BbSig,TSig: 141.6dbars 13.1762C 33.6110PSU / 6.017mL/L 13.169C 19.348 0.797 / 5.0uM / -0.817202V / {  94  108}  117  556
(Apr 24 2026 04:51:23,  881090 sec) Profile()            Sample 43 initiated at 131.6dbars for bin 47 [130dbars].  PTS/O2,T83,Phase,RawTemp/NO3/pH/FSig{},BbSig,TSig: 131.6dbars 13.7985C 33.6643PSU / 6.105mL/L 13.778C 19.068 0.782 / 3.5uM / -0.815686V / { 110  119}  108  555
(Apr 24 2026 04:54:36,  881283 sec) Profile()            Sample 44 initiated at 121.6dbars for bin 48 [120dbars].  PTS/O2,T83,Phase,RawTemp/NO3/pH/FSig{},BbSig,TSig: 121.5dbars 14.6101C 33.7496PSU / 6.209mL/L 14.586C 18.720 0.762 / 2.1uM / -0.814084V / { 132  168}  123  554
(Apr 24 2026 04:59:28,  881575 sec) Profile()            Sample 45 initiated at 111.8dbars for bin 49 [110dbars].  PTS/O2,T83,Phase,RawTemp/NO3/pH/FSig{},BbSig,TSig: 111.7dbars 15.1611C 33.8144PSU / 6.284mL/L 15.159C 18.478 0.749 / 1.3uM / -0.812802V / { 159  206}  126  553
(Apr 24 2026 05:00:13,  881620 sec) AscentControlAgent() Bouyancy nudge to 131 (v=0.029dbar/sec).
(Apr 24 2026 05:00:13,  881620 sec) PistonMoveAbsWTO()    126->131 127 128 129 130 131 [26sec, 14.8Volts, 0.188Amps, CPT:1447sec]
(Apr 24 2026 05:04:46,  881893 sec) Profile()            Sample 46 initiated at 101.7dbars for bin 50 [100dbars].  PTS/O2,T83,Phase,RawTemp/NO3/pH/FSig{},BbSig,TSig: 101.6dbars 15.9362C 33.8109PSU / 6.360mL/L 15.911C 18.192 0.731 / 1.3uM / -0.811590V / {  88  112}  124  551
(Apr 24 2026 05:05:20,  881927 sec) AscentControlAgent() Bouyancy nudge to 136 (v=0.034dbar/sec).
(Apr 24 2026 05:05:20,  881927 sec) PistonMoveAbsWTO()    131->136 132 133 134 135 136 [26sec, 14.8Volts, 0.183Amps, CPT:1473sec]
(Apr 24 2026 05:06:57,  882024 sec) Profile()            Sample 47 initiated at 96.7dbars for bin 51 [95dbars].  PTS/O2,T83,Phase,RawTemp/NO3/pH/FSig{},BbSig,TSig: 96.7dbars 16.1037C 33.8164PSU / 6.364mL/L 16.100C 18.137 0.727 / 1.6uM / -0.811102V / {  85   90}  123  551
(Apr 24 2026 05:08:31,  882118 sec) Profile()            Sample 48 initiated at 91.5dbars for bin 52 [90dbars].  PTS/O2,T83,Phase,RawTemp/NO3/pH/FSig{},BbSig,TSig: 91.4dbars 16.7360C 33.8656PSU / 6.350mL/L 16.710C 17.996 0.713 / 1.6uM / -0.810222V / {  70   77}  114  550
(Apr 24 2026 05:10:05,  882212 sec) Profile()            Sample 49 initiated at 86.9dbars for bin 53 [85dbars].  PTS/O2,T83,Phase,RawTemp/NO3/pH/FSig{},BbSig,TSig: 86.9dbars 17.0077C 33.8645PSU / 6.366mL/L 17.000C 17.904 0.707 / 1.4uM / -0.809842V / {  66   68}  114  550
(Apr 24 2026 05:12:01,  882328 sec) Profile()            Sample 50 initiated at 81.8dbars for bin 54 [80dbars].  PTS/O2,T83,Phase,RawTemp/NO3/pH/FSig{},BbSig,TSig: 81.7dbars 17.0131C 33.8320PSU / 6.398mL/L 17.014C 17.865 0.706 / 1.4uM / -0.809554V / {  65   67}  120  550
(Apr 24 2026 05:12:13,  882340 sec) PistonMoveAbsWTO()    136->136 [0sec, 0.0Volts, 0.000Amps, CPT:1473sec]
(Apr 24 2026 05:14:08,  882455 sec) Profile()            Sample 51 initiated at 76.8dbars for bin 55 [75dbars].  PTS/O2,T83,Phase,RawTemp/NO3/pH/FSig{},BbSig,TSig: 76.8dbars 16.9629C 33.7985PSU / 6.405mL/L 16.961C 17.871 0.707 / 1.5uM / -0.809473V / {  65   65}  111  549
(Apr 24 2026 05:15:37,  882544 sec) AscentControlAgent() Bouyancy nudge to 141 (v=0.039dbar/sec).
(Apr 24 2026 05:15:37,  882544 sec) PistonMoveAbsWTO()    136->141 137 138 139 140 141 [26sec, 14.8Volts, 0.180Amps, CPT:1499sec]
(Apr 24 2026 05:16:52,  882619 sec) Profile()            Sample 52 initiated at 70.4dbars for bin 56 [70dbars].  PTS/O2,T83,Phase,RawTemp/NO3/pH/FSig{},BbSig,TSig: 70.4dbars 17.0657C 33.8131PSU / 6.405mL/L 17.056C 17.847 0.705 / 1.6uM / -0.809231V / {  62   61}  113  549
(Apr 24 2026 05:17:53,  882680 sec) Profile()            Sample 53 initiated at 66.8dbars for bin 57 [65dbars].  PTS/O2,T83,Phase,RawTemp/NO3/pH/FSig{},BbSig,TSig: 66.8dbars 17.2417C 33.8385PSU / 6.399mL/L 17.228C 17.810 0.702 / 1.6uM / -0.809012V / {  59   64}  110  549
(Apr 24 2026 05:19:16,  882763 sec) Profile()            Sample 54 initiated at 61.9dbars for bin 58 [60dbars].  PTS/O2,T83,Phase,RawTemp/NO3/pH/FSig{},BbSig,TSig: 61.8dbars 17.4096C 33.8656PSU / 6.393mL/L 17.397C 17.774 0.698 / 1.6uM / -0.808804V / {  60   61}  113  548
(Apr 24 2026 05:20:50,  882857 sec) Profile()            Sample 55 initiated at 56.5dbars for bin 59 [55dbars].  PTS/O2,T83,Phase,RawTemp/NO3/pH/FSig{},BbSig,TSig: 56.4dbars 17.2292C 33.7584PSU / 6.434mL/L 17.237C 17.768 0.701 / 1.6uM / -0.808805V / {  56   57}  112  548
(Apr 24 2026 05:22:13,  882940 sec) Profile()            Sample 56 initiated at 52.0dbars for bin 60 [50dbars].  PTS/O2,T83,Phase,RawTemp/NO3/pH/FSig{},BbSig,TSig: 52.0dbars 17.4004C 33.7700PSU / 6.429mL/L 17.390C 17.736 0.698 / 1.5uM / -0.808749V / {  56   60}  109  548
(Apr 24 2026 05:23:58,  883045 sec) Profile()            Sample 57 initiated at 46.9dbars for bin 61 [45dbars].  PTS/O2,T83,Phase,RawTemp/NO3/pH/FSig{},BbSig,TSig: 46.8dbars 17.7298C 33.7866PSU / 6.363mL/L 17.715C 17.729 0.691 / 1.5uM / -0.808669V / {  56   55}  114  548
(Apr 24 2026 05:26:05,  883172 sec) Profile()            Sample 58 initiated at 41.9dbars for bin 62 [40dbars].  PTS/O2,T83,Phase,RawTemp/NO3/pH/FSig{},BbSig,TSig: 41.8dbars 17.7993C 33.7568PSU / 6.329mL/L 17.792C 17.748 0.689 / 1.5uM / -0.808656V / {  59   58}  105  547
(Apr 24 2026 05:28:23,  883310 sec) Profile()            Sample 59 initiated at 36.6dbars for bin 63 [35dbars].  PTS/O2,T83,Phase,RawTemp/NO3/pH/FSig{},BbSig,TSig: 36.6dbars 17.8048C 33.7569PSU / 6.335mL/L 17.803C 17.738 0.689 / 1.5uM / -0.808517V / {  55   55}  104  547
(Apr 24 2026 05:30:30,  883437 sec) Profile()            Sample 60 initiated at 31.6dbars for bin 64 [30dbars].  PTS/O2,T83,Phase,RawTemp/NO3/pH/FSig{},BbSig,TSig: 31.6dbars 17.8195C 33.7590PSU / 6.330mL/L 17.818C 17.740 0.689 / 1.6uM / -0.808359V / {  57   55}  109  547
(Apr 24 2026 05:31:15,  883482 sec) AscentControlAgent() Bouyancy nudge to 146 (v=0.039dbar/sec).
(Apr 24 2026 05:31:15,  883482 sec) PistonMoveAbsWTO()    141->146 142 143 144 145 146 [25sec, 14.9Volts, 0.168Amps, CPT:1524sec]
(Apr 24 2026 05:32:30,  883557 sec) Profile()            Sample 61 initiated at 26.7dbars for bin 65 [25dbars].  PTS/O2,T83,Phase,RawTemp/NO3/pH/FSig{},BbSig,TSig: 26.6dbars 17.8687C 33.7632PSU / 6.323mL/L 17.865C 17.736 0.688 / 1.6uM / -0.808222V / {  53   51}  106  547
(Apr 24 2026 05:33:04,  883591 sec) PistonMoveAbsWTO()    146->146 [0sec, 0.0Volts, 0.000Amps, CPT:1524sec]
(Apr 24 2026 05:33:53,  883640 sec) Profile()            Sample 62 initiated at 21.7dbars for bin 66 [20dbars].  PTS/O2,T83,Phase,RawTemp/NO3/pH/FSig{},BbSig,TSig: 21.6dbars 17.9123C 33.7686PSU / 6.319mL/L 17.910C 17.730 0.687 / 1.6uM / -0.808027V / {  54   54}  109  547
(Apr 24 2026 05:34:05,  883652 sec) PistonMoveAbsWTO()    146->146 [0sec, 0.0Volts, 0.000Amps, CPT:1524sec]
(Apr 24 2026 05:34:27,  883674 sec) PistonMoveAbsWTO()    146->146 [0sec, 0.0Volts, 0.000Amps, CPT:1524sec]
(Apr 24 2026 05:35:16,  883723 sec) Profile()            Sample 63 initiated at 16.7dbars for bin 67 [15dbars].  PTS/O2,T83,Phase,RawTemp/NO3/pH/FSig{},BbSig,TSig: 16.6dbars 17.9360C 33.7675PSU / 6.310mL/L 17.934C 17.734 0.686 / 1.6uM / -0.807889V / {  54   52}  108  547
(Apr 24 2026 05:35:28,  883735 sec) PistonMoveAbsWTO()    146->146 [0sec, 0.0Volts, 0.000Amps, CPT:1524sec]
(Apr 24 2026 05:35:39,  883746 sec) PistonMoveAbsWTO()    146->146 [0sec, 0.0Volts, 0.000Amps, CPT:1524sec]
(Apr 24 2026 05:36:50,  883817 sec) Profile()            Sample 64 initiated at 11.4dbars for bin 68 [10dbars].  PTS/O2,T83,Phase,RawTemp/NO3/pH/FSig{},BbSig,TSig: 11.4dbars 17.9611C 33.7700PSU / 6.308mL/L 17.960C 17.729 0.686 / 1.8uM / -0.807721V / {  52   51}  105  546
(Apr 24 2026 05:36:51,  883818 sec) PistonMoveAbsWTO()    146->146 [0sec, 0.0Volts, 0.000Amps, CPT:1524sec]
(Apr 24 2026 05:38:03,  883890 sec) Profile()            Sample 65 initiated at 7.7dbars for bin 69 [6dbars].  PTS/O2,T83,Phase,RawTemp/NO3/pH/FSig{},BbSig,TSig: 7.7dbars 18.2269C 33.7545PSU / 6.285mL/L 18.214C 17.693 0.680 / 1.6uM / -0.807708V / {  52   53}  103  546
(Apr 24 2026 05:38:04,  883891 sec) PistonMoveAbsWTO()    146->146 [0sec, 0.0Volts, 0.000Amps, CPT:1524sec]
(Apr 24 2026 05:38:15,  883902 sec) PistonMoveAbsWTO()    146->146 [0sec, 0.0Volts, 0.000Amps, CPT:1524sec]
(Apr 24 2026 05:38:47,  883934 sec) PistonMoveAbsWTO()    146->146 [1sec, 0.0Volts, 0.000Amps, CPT:1525sec]
(Apr 24 2026 05:39:00,  883947 sec) SurfaceDetect()      SurfacePressure:0.0dbars Pressure:3.9dbars PistonPosition:146
(Apr 24 2026 05:39:00,  883947 sec) Sbe41cpStopCP()      Continuous profile stopped.
(Apr 24 2026 05:39:04,  883951 sec) PistonMoveAbsWTO()    146->168 147 148 149 150 151 152 153 154 155 156 157 158 159 160 161 162 163 164 165 166 167 168 [112sec, 14.8Volts, 0.157Amps, CPT:1637sec]
(Apr 24 2026 05:41:02,  884069 sec) chat()               Expected string [S>] not received.
(Apr 24 2026 05:42:51,  884178 sec) Sbe41cpBinAverage()  Finished averaging 12784 samples in 104 seconds.
(Apr 24 2026 05:42:56,  884183 sec) Sbe41cpUploadCP_()   Sbe41cpSerNo[21418] NSample[12784] NBin[493]
(Apr 24 2026 05:43:27,  884214 sec) Sbe41cpUploadCP_()   Continuous profile uploaded [493 lines].
(Apr 24 2026 05:43:41,  884228 sec) MscErrorLog_()       No error records to log.
(Apr 24 2026 05:43:51,  884238 sec) MscErrorLog_()       No error records to log.

<EOT>
