(May 14 2026 18:28:09,  885521 sec) TelemetryInit()      Profile 5. (Apf11 FwRev: 070325)
(May 14 2026 18:28:09,  885521 sec) TelemetryInit()      Charge consumption model: OCV:15.2V Wake-Cycles:8852 Standby:51.4days Wake:7.2kC Sensors:0.5kC
(May 14 2026 18:33:25,  885837 sec) GetSurfaceObs()      P/O2,T83,Phase,RawTemp/FSig,BbSig,TSig: 0.2dbars / 6.266mL/L 18.523C 17.639 0.673 / 51,48,109
(May 14 2026 18:33:57,  885869 sec) GetSurfaceObs()      P/O2,T83,Phase,RawTemp/FSig,BbSig,TSig: 0.3dbars / 6.252mL/L 18.497C 17.661 0.674 / 52,50,106
(May 14 2026 18:34:30,  885902 sec) GetSurfaceObs()      P/O2,T83,Phase,RawTemp/FSig,BbSig,TSig: 0.4dbars / 6.258mL/L 18.526C 17.646 0.673 / 51,38,105
(May 14 2026 18:35:02,  885934 sec) GetSurfaceObs()      P/O2,T83,Phase,RawTemp/FSig,BbSig,TSig: 0.1dbars / 6.265mL/L 18.519C 17.641 0.673 / 50,43,107
(May 14 2026 18:38:41,  886153 sec) AirSystem()          Battery [214cnt, 15.1V]  Current [23cnt, 90.0mA]  Pneumometer [156cnt, 18.3psi]  Run-Time [104s]
(May 14 2026 18:38:53,  886165 sec) GetSurfaceObs()      P/O2,T83,Phase,RawTemp/FSig,BbSig,TSig: 0.2dbars / 6.299mL/L 17.927C 17.748 0.686 / 50,52,105
(May 14 2026 18:39:26,  886198 sec) GetSurfaceObs()      P/O2,T83,Phase,RawTemp/FSig,BbSig,TSig: 0.0dbars / 6.197mL/L 18.468C 17.731 0.675 / 50,46,105
(May 14 2026 18:39:58,  886230 sec) GetSurfaceObs()      P/O2,T83,Phase,RawTemp/FSig,BbSig,TSig: 0.0dbars / 6.236mL/L 18.249C 17.740 0.679 / 50,46,106
(May 14 2026 18:40:31,  886263 sec) GetSurfaceObs()      P/O2,T83,Phase,RawTemp/FSig,BbSig,TSig: 0.0dbars / 6.224mL/L 18.322C 17.736 0.678 / 50,44,109
(May 14 2026 18:41:03,  886295 sec) GetSurfaceObs()      P/O2,T83,Phase,RawTemp/FSig,BbSig,TSig: 0.0dbars / 6.216mL/L 18.457C 17.712 0.675 / 50,41,105
(May 14 2026 18:41:36,  886328 sec) GetSurfaceObs()      P/O2,T83,Phase,RawTemp/FSig,BbSig,TSig: 0.1dbars / 6.238mL/L 18.242C 17.739 0.679 / 50,47,112
(May 14 2026 18:42:08,  886360 sec) GetSurfaceObs()      P/O2,T83,Phase,RawTemp/FSig,BbSig,TSig: 0.3dbars / 6.235mL/L 18.477C 17.685 0.674 / 50,40,106
(May 14 2026 18:42:41,  886393 sec) GetSurfaceObs()      P/O2,T83,Phase,RawTemp/FSig,BbSig,TSig: 0.0dbars / 6.260mL/L 18.062C 17.759 0.683 / 52,46,105
(May 14 2026 18:42:51,  886403 sec) AirSystem()          Air-bladder inflation by-passed. Pneumatic Pressure: [155cnt, 18.2psi].
(May 14 2026 18:43:38,  886450 sec) GetSurfaceObs()      P/O2,T83,Phase,RawTemp/FSig,BbSig,TSig: 0.3dbars / 6.233mL/L 18.218C 17.751 0.680 / 50,47,117
(May 14 2026 18:43:42,  886454 sec) GpsServices()        GPS almanac is current.
(May 14 2026 18:43:42,  886454 sec) GpsServices()        Initiating GPS fix acquisition.
(May 14 2026 18:43:46,  886458 sec) gga()                $GPGGA,184400,3115.2616,N,13049.8622,W,0,00,,,M,,M,,*42
(May 14 2026 18:43:57,  886469 sec) gga()                $GPGGA,184420,3115.2616,N,13049.8622,W,0,00,,,M,,M,,*40
(May 14 2026 18:44:08,  886480 sec) gga()                $GPGGA,184430,3107.1627,N,13101.3139,W,1,07,1.0,7.3,M,-40.3,M,,*7F
(May 14 2026 18:44:08,  886480 sec) GpsServices()        Profile 5 GPS fix obtained in 26 seconds.
(May 14 2026 18:44:08,  886480 sec) GpsServices()                   lon      lat mm/dd/yyyy hhmmss nsat
(May 14 2026 18:44:08,  886480 sec) GpsServices()        Fix: -131.0219  31.1194 05/14/2026 184430    7
(May 14 2026 18:44:18,  886490 sec) gga()                $GPGGA,184440,3107.1628,N,13101.3143,W,1,07,0.9,7.0,M,-40.3,M,,*71
(May 14 2026 18:44:27,  886499 sec) gga()                $GPGGA,184450,3107.1628,N,13101.3137,W,1,07,0.9,7.8,M,-40.3,M,,*7B
(May 14 2026 18:44:27,  886499 sec) GpsServices()        APF11 RTC skew (-23s) OK.
(May 14 2026 18:44:27,  886499 sec) GpsServices()        GPS services complete.
(May 14 2026 18:45:02,  886534 sec) IrGeoLoc()           <x,y,z>=<-3564km,-4128km,3288km> lat=31.256 lon=-130.806 IrSysTime=0x19644ebd
(May 14 2026 18:45:05,  886537 sec) CLogin()             Connecting to primary host.
(May 14 2026 18:45:16,  886548 sec) CLogin()             Connection 1 established in 11 seconds.
(May 14 2026 18:45:27,  886559 sec) login()              Login successful.
(May 14 2026 18:45:32,  886564 sec) chat()               Expected string [cmd>] not received.
(May 14 2026 18:45:32,  886564 sec) login()              Attempt to set the command prompt failed.
(May 14 2026 18:45:35,  886567 sec) CLogin()             Logged in to host.  [Login required 19 seconds]
(May 14 2026 18:45:39,  886571 sec) RxConfig()           Downloading "mission.cfg" from host.
(May 14 2026 18:45:56,  886588 sec) RxConfig()           Download successful: [bytes:33, sec:14.7, bps:2]
(May 14 2026 18:46:01,  886593 sec) WriteVitals_()       Writing vitals to "24583.005.msg".
(May 14 2026 18:46:10,  886602 sec) UpLoadFile()         Uploading "24583.005.log" to host.
(May 14 2026 18:49:29,  886801 sec) sendline()           Blocking CTS signal, aborting ZMODEM transfer.
(May 14 2026 18:49:31,  886803 sec) UpLoadFile()         Upload failed.
(May 14 2026 18:50:54,  886886 sec) CLogin()             Connecting to primary host.
(May 14 2026 18:51:03,  886895 sec) CLogin()             Connection 2 established in 9 seconds.
(May 14 2026 18:51:37,  886929 sec) expect()             Attempt to read prompt string [Last login:] failed.
(May 14 2026 18:51:37,  886929 sec) login()              Login failed.
(May 14 2026 18:52:34,  886986 sec) expect()             Attempt to read prompt string [Password:] failed.
(May 14 2026 18:52:34,  886986 sec) login()              Password prompt not received.
(May 14 2026 18:52:45,  886997 sec) CLogin()             Connection 3 established in 111 seconds.
(May 14 2026 18:53:15,  887027 sec) expect()             Attempt to read prompt string [login:] failed.
(May 14 2026 18:53:15,  887027 sec) login()              Login prompt not received.
(May 14 2026 18:53:25,  887037 sec) login()              Login successful.
(May 14 2026 18:53:31,  887043 sec) chat()               Expected string [cmd>] not received.
(May 14 2026 18:53:31,  887043 sec) login()              Attempt to set the command prompt failed.
(May 14 2026 18:53:40,  887052 sec) CLogin()             Logged in to host.  [Login required 55 seconds]
(May 14 2026 18:53:46,  887058 sec) UpLoadFile()         Uploading "24583.005.log" to host.
(May 14 2026 18:54:03,  887075 sec) Max3109RegModify()   Configuration failure for register(0x0b): 0x00 != 0x03 (expected).
(May 14 2026 18:55:35,  887167 sec) UpLoadFile()         Upload successful: [bytes:22089, sec:109.2, bps:202]
(May 14 2026 18:55:36,  887168 sec) fmove()              Moved: 24583.005.log -> archive/24583.005.log
(May 14 2026 18:55:43,  887175 sec) UpLoadFile()         Uploading "24583.005.msg" to host.
(May 14 2026 18:56:27,  887219 sec) sendline()           No carrier, aborting ZMODEM transfer.
(May 14 2026 18:56:28,  887220 sec) UpLoadFile()         Upload failed.
(May 14 2026 18:56:33,  887225 sec) CLogin()             Connecting to primary host.
(May 14 2026 18:56:38,  887230 sec) chat()               Expected string [OK] not received.
(May 14 2026 18:56:49,  887241 sec) chat()               Expected string [OK] not received.
(May 14 2026 18:58:08,  887320 sec) chat()               Expected string [CONNECT] not received.
(May 14 2026 18:58:08,  887320 sec) modem_connect()      Modem command [AT+CBST=71,0,1;DT00881600005496] failed.
(May 14 2026 18:58:08,  887320 sec) connect()            Connection attempt failed.
(May 14 2026 18:58:16,  887328 sec) CLogin()             Connection 4 established in 103 seconds.
(May 14 2026 18:58:43,  887355 sec) login()              Login successful.
(May 14 2026 18:58:48,  887360 sec) chat()               Expected string [cmd>] not received.
(May 14 2026 18:58:48,  887360 sec) login()              Attempt to set the command prompt failed.
(May 14 2026 18:58:54,  887366 sec) CLogin()             Logged in to host.  [Login required 38 seconds]
(May 14 2026 18:59:09,  887381 sec) UpLoadFile()         Uploading "24583.005.msg" to host.
(May 14 2026 18:59:43,  887415 sec) sendline()           No carrier, aborting ZMODEM transfer.
(May 14 2026 18:59:44,  887416 sec) UpLoadFile()         Upload failed.
(May 14 2026 18:59:44,  887416 sec) UpLoad()             Files successfully uploaded: 1
(May 14 2026 18:59:44,  887416 sec) UpLoad()             Aborting upload: Retry limit [2] exceeded. Upload incomplete.
(May 14 2026 18:59:44,  887416 sec) logout()             No carrier detected.
(May 14 2026 18:59:44,  887416 sec) Telemetry()          Telemetry cycle complete: PrfId=5 ConnectionAttempts=5  Connections=4
(May 14 2026 19:15:00,  888332 sec) AirSystem()          Air-bladder inflation by-passed. Pneumatic Pressure: [156cnt, 18.3psi].
(May 14 2026 19:15:40,  888372 sec) GetSurfaceObs()      P/O2,T83,Phase,RawTemp/FSig,BbSig,TSig: 0.1dbars / 6.271mL/L 18.032C 17.754 0.684 / 50,41,106
(May 14 2026 19:15:43,  888375 sec) GpsServices()        GPS almanac is current.
(May 14 2026 19:15:43,  888375 sec) GpsServices()        Initiating GPS fix acquisition.
(May 14 2026 19:15:48,  888380 sec) gga()                $GPGGA,191610,3107.2869,N,13101.3918,W,6,08,0.9,3.4,M,-40.3,M,,*74
(May 14 2026 19:15:58,  888390 sec) gga()                $GPGGA,191620,3107.2865,N,13101.3924,W,6,08,0.9,8.8,M,-40.3,M,,*73
(May 14 2026 19:16:08,  888400 sec) gga()                $GPGGA,191630,3107.2874,N,13101.3928,W,1,08,0.9,8.6,M,-40.3,M,,*77
(May 14 2026 19:16:08,  888400 sec) GpsServices()        Profile 5 GPS fix obtained in 25 seconds.
(May 14 2026 19:16:08,  888400 sec) GpsServices()                   lon      lat mm/dd/yyyy hhmmss nsat
(May 14 2026 19:16:08,  888400 sec) GpsServices()        Fix: -131.0232  31.1215 05/14/2026 191630    8
(May 14 2026 19:16:18,  888410 sec) gga()                $GPGGA,191640,3107.2879,N,13101.3940,W,1,08,1.0,8.4,M,-40.3,M,,*79
(May 14 2026 19:16:27,  888419 sec) gga()                $GPGGA,191650,3107.2886,N,13101.3946,W,1,08,0.9,6.4,M,-40.3,M,,*78
(May 14 2026 19:16:27,  888419 sec) GpsServices()        APF11 RTC skew (-23s) OK.
(May 14 2026 19:16:27,  888419 sec) GpsServices()        GPS services complete.
(May 14 2026 19:17:02,  888454 sec) IrGeoLoc()           <x,y,z>=<-3584km,-4120km,3276km> lat=31.130 lon=-131.020 IrSysTime=0x19fad773
(May 14 2026 19:17:05,  888457 sec) CLogin()             Connecting to primary host.
(May 14 2026 19:17:15,  888467 sec) CLogin()             Connection 5 established in 10 seconds.
(May 14 2026 19:17:21,  888473 sec) login()              Login successful.
(May 14 2026 19:17:29,  888481 sec) CLogin()             Logged in to host.  [Login required 14 seconds]
(May 14 2026 19:17:31,  888483 sec) RxConfig()           Downloading "mission.cfg" from host.
(May 14 2026 19:17:50,  888502 sec) RxConfig()           Download successful: [bytes:33, sec:17.8, bps:2]
(May 14 2026 19:17:56,  888508 sec) WriteVitals_()       Writing vitals to "24583.005.msg".
(May 14 2026 19:18:05,  888517 sec) UpLoadFile()         Uploading "24583.005.msg" to host.
(May 14 2026 19:19:13,  888585 sec) readline()           No carrier, aborting ZMODEM transfer.
(May 14 2026 19:19:17,  888589 sec) sendline()           No carrier, aborting ZMODEM transfer.
(May 14 2026 19:19:18,  888590 sec) UpLoadFile()         Upload failed.
(May 14 2026 19:19:22,  888594 sec) CLogin()             Connecting to primary host.
(May 14 2026 19:19:40,  888612 sec) CLogin()             Connection 6 established in 18 seconds.
(May 14 2026 19:20:18,  888650 sec) expect()             Attempt to read prompt string [Last login:] failed.
(May 14 2026 19:20:18,  888650 sec) login()              Login failed.
(May 14 2026 19:20:29,  888661 sec) login()              Login successful.
(May 14 2026 19:20:37,  888669 sec) CLogin()             Logged in to host.  [Login required 57 seconds]
(May 14 2026 19:20:43,  888675 sec) UpLoadFile()         Uploading "24583.005.msg" to host.
(May 14 2026 19:23:20,  888832 sec) UpLoadFile()         Upload successful: [bytes:40669, sec:157.5, bps:258]
(May 14 2026 19:23:21,  888833 sec) fmove()              Moved: 24583.005.msg -> archive/24583.005.msg
(May 14 2026 19:23:28,  888840 sec) UpLoadFile()         Uploading "24583.005.isus" to host.
(May 14 2026 19:25:12,  888944 sec) UpLoadFile()         Upload successful: [bytes:25006, sec:103.9, bps:241]
(May 14 2026 19:25:13,  888945 sec) fmove()              Moved: 24583.005.isus -> archive/24583.005.isus
(May 14 2026 19:25:20,  888952 sec) UpLoadFile()         Uploading "24583.005.dura" to host.
(May 14 2026 19:26:18,  889010 sec) UpLoadFile()         Upload successful: [bytes:12406, sec:58.5, bps:212]
(May 14 2026 19:26:20,  889012 sec) fmove()              Moved: 24583.005.dura -> archive/24583.005.dura
(May 14 2026 19:26:21,  889013 sec) UpLoad()             Files successfully uploaded: 3
(May 14 2026 19:26:21,  889013 sec) UpLoad()             Upload complete.
(May 14 2026 19:26:31,  889023 sec) chat()               Expected string [logout] not received.
(May 14 2026 19:26:31,  889023 sec) logout()             Attempt to log-out failed.
(May 14 2026 19:26:31,  889023 sec) logout()             No carrier detected.
(May 14 2026 19:26:31,  889023 sec) Telemetry()          Telemetry cycle complete: PrfId=5 ConnectionAttempts=7  Connections=6
(May 14 2026 19:26:31,  889023 sec) TelemetryTerminate() Parsing new mission configuration.
(May 14 2026 19:26:32,  889024 sec) configure()          Parsing configurators in "mission.cfg".
(May 14 2026 19:26:32,  889024 sec) configure()             TelemetryRetry(15)      [0x7BBC] [TelemetryRetry(15)].
(May 14 2026 19:26:33,  889025 sec) configure()          Configuration CRCs and syntax OK.
(May 14 2026 19:26:33,  889025 sec) ConfigSupervisor()   Configuration accepted.
(May 14 2026 19:26:33,  889025 sec) TelemetryTerminate() Reconditioning the file system.
(May 14 2026 19:26:36,       0 sec) DescentInit()        Deep profile 6 initiated at mission-time 889028sec.
(May 14 2026 19:26:37,       1 sec) DescentInit()        Surface pressure: 0.0dbars.
(May 14 2026 19:26:37,       1 sec) DescentInit()        Charge consumption model: OCV:15.0V Wake-Cycles:8854 Standby:51.4days Wake:7.4kC Sleep:0.5kC
(May 14 2026 19:26:49,      13 sec) DescentInit()        Pneumatic humidity: 1003(5.3%) -> 1096(8.1%)
(May 14 2026 19:26:50,      14 sec) PistonMoveAbsWTO()    171->041 170 169 168 167 166 165 164 163 162 161 160 159 158 157 156 155 154 153 152 151 150 149 148 147 146 145 144 143 142 141 140 139 138 137 136 135 134 133 132 131 130 129 128 127 126 125 124 123 122 121 120 119 118 117 116 115 114 113 112 111 110 109 108 107 106 105 104 103 102 101 100 099 098 097 096 097 096 095 094 093 092 091 090 089 088 087 086 085 084 083 082 081 080 079 078 077 076 075 074 073 072 071 070 069 068 067 066 065 064 063 062 061 060 059 058 057 056 055 054 053 052 051 050 049 048 047 046 045 044 043 042 041 [660sec, 14.9Volts, 0.127Amps, CPT:660sec]
(May 14 2026 19:37:54,     678 sec) DescentInit()        Air solenoid open: Barometer [204cnt,  11.9psi]  Pneumometer [102cnt,  11.9psi]
(May 14 2026 19:38:04,     688 sec) Descent()            Pressure: 48.9
(May 14 2026 20:26:36,    3600 sec) Descent()            Pressure: 456.2
(May 14 2026 21:26:36,    7200 sec) Descent()            Pressure: 762.9
(May 14 2026 22:26:36,   10800 sec) Descent()            Pressure: 922.4
(May 14 2026 23:26:36,   14400 sec) Descent()            Pressure: 962.5
(May 14 2026 23:26:37,   14401 sec) ParkInit()           Charge consumption model: OCV:15.5V Wake-Cycles:8859 Standby:51.6days Wake:7.6kC Sensors:0.5kC
(May 15 2026 01:26:43,   21607 sec) Park()               ParkPOutOfBand[-3, 966.8 dbars]: retract piston.
(May 15 2026 01:26:44,   21608 sec) PistonMoveAbsWTO()    041->040 040 [4sec, 15.3Volts, 0.082Amps, CPT:664sec]
(May 15 2026 04:26:43,   32407 sec) Park()               ParkPOutOfBand[-3, 984.4 dbars]: retract piston.
(May 15 2026 04:26:44,   32408 sec) PistonMoveAbsWTO()    040->039 039 [5sec, 15.2Volts, 0.077Amps, CPT:669sec]
(May 15 2026 07:26:43,   43207 sec) Park()               ParkPOutOfBand[3, 1017.4 dbars]: extend piston.
(May 15 2026 07:26:44,   43208 sec) PistonMoveAbsWTO()    039->040 040 [2sec, 14.9Volts, 0.413Amps, CPT:671sec]
(May 15 2026 12:26:43,   61207 sec) Park()               ParkPOutOfBand[3, 1013.3 dbars]: extend piston.
(May 15 2026 12:26:44,   61208 sec) PistonMoveAbsWTO()    040->041 041 [6sec, 14.9Volts, 0.404Amps, CPT:677sec]
(May 15 2026 15:26:43,   72007 sec) Park()               ParkPOutOfBand[-3, 987.3 dbars]: retract piston.
(May 15 2026 15:26:44,   72008 sec) PistonMoveAbsWTO()    041->040 040 [2sec, 15.2Volts, 0.081Amps, CPT:679sec]
(May 17 2026 00:26:43,  190807 sec) Park()               ParkPOutOfBand[3, 1011.3 dbars]: extend piston.
(May 17 2026 00:26:44,  190808 sec) PistonMoveAbsWTO()    040->041 041 [2sec, 14.8Volts, 0.404Amps, CPT:681sec]
(May 20 2026 13:26:43,  496807 sec) Park()               ParkPOutOfBand[3, 1010.7 dbars]: extend piston.
(May 20 2026 13:26:44,  496808 sec) PistonMoveAbsWTO()    041->042 042 [5sec, 14.8Volts, 0.403Amps, CPT:686sec]
(May 21 2026 13:26:43,  583207 sec) Park()               ParkPOutOfBand[-3, 989.6 dbars]: retract piston.
(May 21 2026 13:26:44,  583208 sec) PistonMoveAbsWTO()    042->041 041 [2sec, 15.1Volts, 0.076Amps, CPT:688sec]
(May 24 2026 15:27:08,  849632 sec) CtdPower()           [ 1007.40,  3.8337, 34.4540]
(May 24 2026 15:27:08,  849632 sec) CtdPower()           CTD Power consumption [218VCnt 3ACnt]: 15.311Volts * 0.012Amps = 0.19Watts.
(May 24 2026 15:27:15,  849639 sec) ParkTerminate()      Piston Position:41 Vacuum:192 HumidityAd12:1013(5.6%) Vq:219 Aq:2 Vsbe:218 Asbe:3 Vflbb:213 Aflbb:12 V83:216 A83:3 MuxTemp:3.894C MuxHumidity:4.1%
(May 24 2026 15:27:48,  849672 sec) ParkTerminate()      PTS/O2,T83,Phase,RawTemp: 1007.4dbars 3.8336C 34.4539PSU / 0.632mL/L 3.836C 37.574 1.058
(May 24 2026 15:27:48,  849672 sec) ParkTerminate()      FLBB FSig{}, BbSig, TSig: {53, 66} 84, 568
(May 24 2026 15:27:49,  849673 sec) GoDeepInit()         Charge consumption model: OCV:15.4V Wake-Cycles:9091 Standby:61.2days Wake:7.9kC Sensors:0.5kC
(May 24 2026 15:27:49,  849673 sec) GoDeepInit()         Moving piston.
(May 24 2026 15:27:49,  849673 sec) PistonMoveAbsWTO()    041->011 040 039 038 037 036 035 034 033 032 031 030 029 028 027 026 025 024 023 022 021 020 019 018 017 016 015 014 013 012 011 [156sec, 15.1Volts, 0.052Amps, CPT:844sec]
(May 24 2026 19:26:36,  864000 sec) ProfileInit()        Charge consumption model: OCV:15.4V Wake-Cycles:9139 Standby:61.4days Wake:7.9kC Sensors:0.5kC
(May 24 2026 19:26:36,  864000 sec) ProfileInit()        PrfId:006  Pressure:1757.8dbar  pTable[3]:1700dbar
(May 24 2026 19:26:38,  864002 sec) ProfileInit()        Muxer PPIs K{1,2} quiescent: 15.34V, 0.0mA, 0.0mW
(May 24 2026 19:26:42,  864006 sec) ProfileInit()        ISUS powered up.
(May 24 2026 19:26:45,  864009 sec) ProfileInit()        Muxer PPIs K{1,2} w/ ISUS awake: 15.06V, 48.0mA, 723.1mW
(May 24 2026 19:26:52,  864016 sec) MscErrorLog_()       No error records to log.
(May 24 2026 19:26:59,  864023 sec) ProfileInit()        DURA powered up.
(May 24 2026 19:27:02,  864026 sec) ProfileInit()        Muxer PPIs K{1,2} w/ DURA awake: 15.08V, 49.0mA, 739.1mW
(May 24 2026 19:27:08,  864032 sec) MscErrorLog_()       No error records to log.
(May 24 2026 19:27:13,  864037 sec) PistonMoveAbsWTO()    011->033 012 013 014 015 016 [30sec, 14.4Volts, 0.559Amps, CPT:874sec]
(May 24 2026 19:27:54,  864078 sec) PistonMoveAbsWTO()    016->033 017 018 019 020 021 [30sec, 14.3Volts, 0.558Amps, CPT:904sec]
(May 24 2026 19:28:35,  864119 sec) PistonMoveAbsWTO()    021->033 022 023 024 025 026 [30sec, 14.2Volts, 0.559Amps, CPT:934sec]
(May 24 2026 19:29:16,  864160 sec) PistonMoveAbsWTO()    026->033 027 028 029 030 [30sec, 14.1Volts, 0.531Amps, CPT:964sec]
(May 24 2026 19:29:57,  864201 sec) PistonMoveAbsWTO()    030->033 031 032 033 [13sec, 14.1Volts, 0.548Amps, CPT:977sec]
(May 24 2026 19:37:35,  864659 sec) Profile()            Sample 0 initiated at 1702.0dbars for bin 3 [1700dbars].  PTS/O2,T83,Phase,RawTemp/NO3/pH/FSig{},BbSig,TSig: 1699.7dbars 2.4696C 34.5826PSU / 1.518mL/L 2.467C 33.339 1.101 / 42.7uM / -0.856596V / {  52   60}   84  570
(May 24 2026 19:54:13,  865657 sec) Profile()            Sample 1 initiated at 1601.4dbars for bin 4 [1600dbars].  PTS/O2,T83,Phase,RawTemp/NO3/pH/FSig{},BbSig,TSig: 1599.4dbars 2.6270C 34.5708PSU / 1.409mL/L 2.622C 33.763 1.097 / 43.0uM / -0.856697V / {  52   61}   83  570
(May 24 2026 20:12:42,  866766 sec) Profile()            Sample 2 initiated at 1501.6dbars for bin 5 [1500dbars].  PTS/O2,T83,Phase,RawTemp/NO3/pH/FSig{},BbSig,TSig: 1499.9dbars 2.8051C 34.5578PSU / 1.289mL/L 2.801C 34.252 1.091 / 43.5uM / -0.856792V / {  53   64}   85  570
(May 24 2026 20:17:52,  867076 sec) AscentControlAgent() Bouyancy nudge to 43 (v=0.080dbar/sec).
(May 24 2026 20:17:52,  867076 sec) PistonMoveAbsWTO()    033->043 034 035 036 037 038 [30sec, 14.6Volts, 0.493Amps, CPT:1007sec]
(May 24 2026 20:18:33,  867117 sec) PistonMoveAbsWTO()    038->043 039 040 041 042 043 [29sec, 14.4Volts, 0.475Amps, CPT:1036sec]
(May 24 2026 20:30:31,  867835 sec) Profile()            Sample 3 initiated at 1401.5dbars for bin 6 [1400dbars].  PTS/O2,T83,Phase,RawTemp/NO3/pH/FSig{},BbSig,TSig: 1399.4dbars 2.9586C 34.5449PSU / 1.191mL/L 2.954C 34.669 1.086 / 43.7uM / -0.856460V / {  54   62}   83  570
(May 24 2026 20:48:05,  868889 sec) Profile()            Sample 4 initiated at 1301.7dbars for bin 7 [1300dbars].  PTS/O2,T83,Phase,RawTemp/NO3/pH/FSig{},BbSig,TSig: 1299.8dbars 3.1147C 34.5317PSU / 1.112mL/L 3.110C 35.020 1.081 / 44.0uM / -0.855923V / {  54   63}   82  569
(May 24 2026 21:03:55,  869839 sec) AscentControlAgent() Bouyancy nudge to 53 (v=0.080dbar/sec).
(May 24 2026 21:03:55,  869839 sec) PistonMoveAbsWTO()    043->053 044 045 046 047 048 [30sec, 14.7Volts, 0.412Amps, CPT:1066sec]
(May 24 2026 21:04:36,  869880 sec) PistonMoveAbsWTO()    048->053 049 050 051 052 053 [28sec, 14.5Volts, 0.423Amps, CPT:1094sec]
(May 24 2026 21:07:32,  870056 sec) Profile()            Sample 5 initiated at 1201.1dbars for bin 8 [1200dbars].  PTS/O2,T83,Phase,RawTemp/NO3/pH/FSig{},BbSig,TSig: 1198.9dbars 3.3099C 34.5133PSU / 1.008mL/L 3.304C 35.501 1.075 / 44.2uM / -0.855420V / {  54   64}   84  569
(May 24 2026 21:24:54,  871098 sec) Profile()            Sample 6 initiated at 1101.1dbars for bin 9 [1100dbars].  PTS/O2,T83,Phase,RawTemp/NO3/pH/FSig{},BbSig,TSig: 1099.3dbars 3.5435C 34.4913PSU / 0.874mL/L 3.537C 36.180 1.068 / 44.6uM / -0.855222V / {  53   64}   85  569
(May 24 2026 21:35:13,  871717 sec) AscentControlAgent() Bouyancy nudge to 63 (v=0.078dbar/sec).
(May 24 2026 21:35:13,  871717 sec) PistonMoveAbsWTO()    053->063 054 055 056 057 058 [30sec, 14.7Volts, 0.392Amps, CPT:1124sec]
(May 24 2026 21:35:54,  871758 sec) PistonMoveAbsWTO()    058->063 059 060 061 062 063 [26sec, 14.6Volts, 0.383Amps, CPT:1150sec]
(May 24 2026 21:43:35,  872219 sec) Profile()            Sample 7 initiated at 1001.0dbars for bin 10 [1000dbars].  PTS/O2,T83,Phase,RawTemp/NO3/pH/FSig{},BbSig,TSig: 998.7dbars 3.8096C 34.4559PSU / 0.684mL/L 3.799C 37.248 1.059 / 44.8uM / -0.855471V / {  54   66}   82  568
(May 24 2026 21:46:33,  872397 sec) Sbe41cpStartCP()     Continuous profile started.
(May 24 2026 21:51:15,  872679 sec) Profile()            Sample 8 initiated at 951.7dbars for bin 11 [950dbars].  PTS/O2,T83,Phase,RawTemp/NO3/pH/FSig{},BbSig,TSig: 951.6dbars 3.9417C 34.4374PSU / 0.600mL/L 3.941C 37.762 1.055 / 44.9uM / -0.855543V / {  55   67}   85  568
(May 24 2026 22:00:09,  873213 sec) Profile()            Sample 9 initiated at 901.6dbars for bin 12 [900dbars].  PTS/O2,T83,Phase,RawTemp/NO3/pH/FSig{},BbSig,TSig: 901.5dbars 4.0847C 34.4166PSU / 0.526mL/L 4.082C 38.235 1.050 / 44.8uM / -0.855716V / {  55   68}   82  568
(May 24 2026 22:09:36,  873780 sec) Profile()            Sample 10 initiated at 851.1dbars for bin 13 [850dbars].  PTS/O2,T83,Phase,RawTemp/NO3/pH/FSig{},BbSig,TSig: 851.1dbars 4.2242C 34.3832PSU / 0.431mL/L 4.221C 38.888 1.046 / 44.8uM / -0.856132V / {  54   67}   83  568
(May 24 2026 22:19:03,  874347 sec) Profile()            Sample 11 initiated at 801.5dbars for bin 14 [800dbars].  PTS/O2,T83,Phase,RawTemp/NO3/pH/FSig{},BbSig,TSig: 801.4dbars 4.3524C 34.3550PSU / 0.382mL/L 4.352C 39.229 1.042 / 44.8uM / -0.856249V / {  54   69}   85  568
(May 24 2026 22:27:19,  874843 sec) AscentControlAgent() Bouyancy nudge to 73 (v=0.071dbar/sec).
(May 24 2026 22:27:19,  874843 sec) PistonMoveAbsWTO()    063->073 064 065 066 067 068 [30sec, 14.6Volts, 0.313Amps, CPT:1180sec]
(May 24 2026 22:28:00,  874884 sec) PistonMoveAbsWTO()    068->073 069 070 071 072 073 [25sec, 14.5Volts, 0.313Amps, CPT:1205sec]
(May 24 2026 22:29:47,  874991 sec) Profile()            Sample 12 initiated at 751.9dbars for bin 15 [750dbars].  PTS/O2,T83,Phase,RawTemp/NO3/pH/FSig{},BbSig,TSig: 751.8dbars 4.4336C 34.3157PSU / 0.374mL/L 4.433C 39.279 1.040 / 44.5uM / -0.856288V / {  53   68}   85  567
(May 24 2026 22:39:14,  875558 sec) Profile()            Sample 13 initiated at 702.0dbars for bin 16 [700dbars].  PTS/O2,T83,Phase,RawTemp/NO3/pH/FSig{},BbSig,TSig: 701.9dbars 4.6008C 34.2791PSU / 0.385mL/L 4.600C 39.161 1.035 / 44.4uM / -0.856200V / {  56   68}   84  567
(May 24 2026 22:49:14,  876158 sec) Profile()            Sample 14 initiated at 651.9dbars for bin 17 [650dbars].  PTS/O2,T83,Phase,RawTemp/NO3/pH/FSig{},BbSig,TSig: 651.8dbars 4.7625C 34.2263PSU / 0.462mL/L 4.762C 38.554 1.030 / 44.0uM / -0.855492V / {  53   69}   84  567
(May 24 2026 22:57:53,  876677 sec) AscentControlAgent() Bouyancy nudge to 83 (v=0.079dbar/sec).
(May 24 2026 22:57:53,  876677 sec) PistonMoveAbsWTO()    073->083 074 075 076 077 078 [30sec, 14.7Volts, 0.288Amps, CPT:1235sec]
(May 24 2026 22:58:34,  876718 sec) PistonMoveAbsWTO()    078->083 079 080 081 082 083 [25sec, 14.6Volts, 0.277Amps, CPT:1260sec]
(May 24 2026 22:59:49,  876793 sec) Profile()            Sample 15 initiated at 600.0dbars for bin 18 [600dbars].  PTS/O2,T83,Phase,RawTemp/NO3/pH/FSig{},BbSig,TSig: 599.9dbars 5.0556C 34.1804PSU / 0.575mL/L 5.052C 37.692 1.021 / 43.1uM / -0.855082V / {  53   69}   85  567
(May 24 2026 23:08:23,  877307 sec) Profile()            Sample 16 initiated at 551.7dbars for bin 19 [550dbars].  PTS/O2,T83,Phase,RawTemp/NO3/pH/FSig{},BbSig,TSig: 551.6dbars 5.3659C 34.1273PSU / 0.816mL/L 5.363C 36.061 1.011 / 42.0uM / -0.853879V / {  54   68}   85  566
(May 24 2026 23:18:36,  877920 sec) Profile()            Sample 17 initiated at 501.9dbars for bin 20 [500dbars].  PTS/O2,T83,Phase,RawTemp/NO3/pH/FSig{},BbSig,TSig: 501.8dbars 5.6715C 34.0842PSU / 1.117mL/L 5.668C 34.284 1.002 / 40.5uM / -0.852311V / {  52   66}   86  566
(May 24 2026 23:29:22,  878566 sec) Profile()            Sample 18 initiated at 452.0dbars for bin 21 [450dbars].  PTS/O2,T83,Phase,RawTemp/NO3/pH/FSig{},BbSig,TSig: 451.9dbars 6.0106C 34.0422PSU / 1.514mL/L 6.007C 32.273 0.992 / 38.8uM / -0.850113V / {  51   66}   91  565
(May 24 2026 23:29:23,  878567 sec) AscentControlAgent() Bouyancy nudge to 93 (v=0.072dbar/sec).
(May 24 2026 23:29:23,  878567 sec) PistonMoveAbsWTO()    083->093 084 085 086 087 088 [30sec, 14.6Volts, 0.247Amps, CPT:1290sec]
(May 24 2026 23:30:04,  878608 sec) PistonMoveAbsWTO()    088->093 089 090 091 092 093 [24sec, 14.6Volts, 0.240Amps, CPT:1314sec]
(May 24 2026 23:31:02,  878666 sec) PistonMoveAbsWTO()    093->093 [0sec, 0.0Volts, 0.000Amps, CPT:1314sec]
(May 24 2026 23:31:14,  878678 sec) PistonMoveAbsWTO()    092->093 093 [1sec, 14.6Volts, 0.275Amps, CPT:1315sec]
(May 24 2026 23:38:42,  879126 sec) Profile()            Sample 19 initiated at 401.6dbars for bin 22 [400dbars].  PTS/O2,T83,Phase,RawTemp/NO3/pH/FSig{},BbSig,TSig: 401.5dbars 6.6655C 34.0171PSU / 2.030mL/L 6.656C 29.998 0.973 / 35.5uM / -0.846542V / {  54   64}   84  565
(May 24 2026 23:42:40,  879364 sec) Profile()            Sample 20 initiated at 381.8dbars for bin 23 [380dbars].  PTS/O2,T83,Phase,RawTemp/NO3/pH/FSig{},BbSig,TSig: 381.8dbars 6.9680C 34.0045PSU / 2.352mL/L 6.959C 28.790 0.964 / 33.9uM / -0.844846V / {  51   61}   86  564
(May 24 2026 23:44:31,  879475 sec) AscentControlAgent() Bouyancy nudge to 103 (v=0.079dbar/sec).
(May 24 2026 23:44:31,  879475 sec) PistonMoveAbsWTO()    093->103 094 095 096 097 098 [30sec, 14.7Volts, 0.232Amps, CPT:1345sec]
(May 24 2026 23:45:12,  879516 sec) PistonMoveAbsWTO()    098->103 099 100 101 102 103 [24sec, 14.6Volts, 0.228Amps, CPT:1369sec]
(May 24 2026 23:46:48,  879612 sec) Profile()            Sample 21 initiated at 361.4dbars for bin 24 [360dbars].  PTS/O2,T83,Phase,RawTemp/NO3/pH/FSig{},BbSig,TSig: 361.3dbars 7.2120C 33.9940PSU / 2.599mL/L 7.204C 27.932 0.957 / 32.6uM / -0.843259V / {  52   62}   87  564
(May 24 2026 23:48:22,  879706 sec) Profile()            Sample 22 initiated at 351.6dbars for bin 25 [350dbars].  PTS/O2,T83,Phase,RawTemp/NO3/pH/FSig{},BbSig,TSig: 351.5dbars 7.3398C 33.9899PSU / 2.735mL/L 7.334C 27.489 0.953 / 31.9uM / -0.842532V / {  53   64}   86  564
(May 24 2026 23:49:56,  879800 sec) Profile()            Sample 23 initiated at 342.0dbars for bin 26 [340dbars].  PTS/O2,T83,Phase,RawTemp/NO3/pH/FSig{},BbSig,TSig: 341.9dbars 7.5054C 33.9755PSU / 2.965mL/L 7.497C 26.792 0.948 / 30.9uM / -0.841117V / {  50   60}   86  563
(May 24 2026 23:51:42,  879906 sec) Profile()            Sample 24 initiated at 330.9dbars for bin 27 [330dbars].  PTS/O2,T83,Phase,RawTemp/NO3/pH/FSig{},BbSig,TSig: 330.8dbars 7.6473C 33.9683PSU / 3.151mL/L 7.639C 26.257 0.944 / 29.6uM / -0.839880V / {  50   61}   88  563
(May 24 2026 23:53:16,  880000 sec) Profile()            Sample 25 initiated at 321.4dbars for bin 28 [320dbars].  PTS/O2,T83,Phase,RawTemp/NO3/pH/FSig{},BbSig,TSig: 321.3dbars 7.8455C 33.9605PSU / 3.407mL/L 7.836C 25.557 0.939 / 28.7uM / -0.838699V / {  50   59}   86  563
(May 24 2026 23:55:01,  880105 sec) Profile()            Sample 26 initiated at 310.9dbars for bin 29 [310dbars].  PTS/O2,T83,Phase,RawTemp/NO3/pH/FSig{},BbSig,TSig: 310.9dbars 8.0692C 33.9496PSU / 3.675mL/L 8.052C 24.871 0.933 / 27.2uM / -0.836891V / {  50   57}   88  563
(May 24 2026 23:56:36,  880200 sec) Profile()            Sample 27 initiated at 301.9dbars for bin 30 [300dbars].  PTS/O2,T83,Phase,RawTemp/NO3/pH/FSig{},BbSig,TSig: 301.9dbars 8.3071C 33.9501PSU / 3.941mL/L 8.295C 24.220 0.926 / 25.9uM / -0.835459V / {  50   55}   86  563
(May 24 2026 23:58:32,  880316 sec) Profile()            Sample 28 initiated at 291.6dbars for bin 31 [290dbars].  PTS/O2,T83,Phase,RawTemp/NO3/pH/FSig{},BbSig,TSig: 291.5dbars 8.5322C 33.9426PSU / 4.141mL/L 8.519C 23.743 0.920 / 24.9uM / -0.834257V / {  50   55}   89  562
(May 25 2026 00:00:39,  880443 sec) Profile()            Sample 29 initiated at 281.3dbars for bin 32 [280dbars].  PTS/O2,T83,Phase,RawTemp/NO3/pH/FSig{},BbSig,TSig: 281.3dbars 8.6815C 33.9389PSU / 4.296mL/L 8.673C 23.393 0.915 / 24.1uM / -0.833458V / {  50   54}   85  562
(May 25 2026 00:02:47,  880571 sec) Profile()            Sample 30 initiated at 271.9dbars for bin 33 [270dbars].  PTS/O2,T83,Phase,RawTemp/NO3/pH/FSig{},BbSig,TSig: 271.9dbars 8.8231C 33.9318PSU / 4.411mL/L 8.816C 23.132 0.911 / 23.7uM / -0.832821V / {  52   53}   86  562
(May 25 2026 00:05:16,  880720 sec) Profile()            Sample 31 initiated at 261.8dbars for bin 34 [260dbars].  PTS/O2,T83,Phase,RawTemp/NO3/pH/FSig{},BbSig,TSig: 261.7dbars 9.0088C 33.9215PSU / 4.520mL/L 9.001C 22.875 0.906 / 22.9uM / -0.832050V / {  50   53}   86  561
(May 25 2026 00:05:49,  880753 sec) AscentControlAgent() Bouyancy nudge to 113 (v=0.069dbar/sec).
(May 25 2026 00:05:50,  880754 sec) PistonMoveAbsWTO()    103->113 104 105 106 107 108 [30sec, 14.7Volts, 0.213Amps, CPT:1399sec]
(May 25 2026 00:06:31,  880795 sec) PistonMoveAbsWTO()    108->113 109 110 111 112 113 [22sec, 14.7Volts, 0.207Amps, CPT:1421sec]
(May 25 2026 00:07:43,  880867 sec) Profile()            Sample 32 initiated at 250.8dbars for bin 35 [250dbars].  PTS/O2,T83,Phase,RawTemp/NO3/pH/FSig{},BbSig,TSig: 250.7dbars 9.1619C 33.9052PSU / 4.592mL/L 9.152C 22.698 0.902 / 22.1uM / -0.831359V / {  50   51}   88  561
(May 25 2026 00:09:17,  880961 sec) Profile()            Sample 33 initiated at 241.9dbars for bin 36 [240dbars].  PTS/O2,T83,Phase,RawTemp/NO3/pH/FSig{},BbSig,TSig: 241.8dbars 9.3939C 33.8731PSU / 4.672mL/L 9.382C 22.483 0.896 / 21.3uM / -0.830767V / {  50   53}   88  561
(May 25 2026 00:11:13,  881077 sec) Profile()            Sample 34 initiated at 231.1dbars for bin 37 [230dbars].  PTS/O2,T83,Phase,RawTemp/NO3/pH/FSig{},BbSig,TSig: 231.0dbars 9.5716C 33.8356PSU / 4.733mL/L 9.556C 22.323 0.891 / 20.7uM / -0.830243V / {  49   51}   88  560
(May 25 2026 00:12:59,  881183 sec) Profile()            Sample 35 initiated at 221.9dbars for bin 38 [220dbars].  PTS/O2,T83,Phase,RawTemp/NO3/pH/FSig{},BbSig,TSig: 221.8dbars 9.8058C 33.7857PSU / 4.824mL/L 9.793C 22.094 0.884 / 19.5uM / -0.829365V / {  50   54}   89  560
(May 25 2026 00:15:17,  881321 sec) Profile()            Sample 36 initiated at 211.5dbars for bin 39 [210dbars].  PTS/O2,T83,Phase,RawTemp/NO3/pH/FSig{},BbSig,TSig: 211.4dbars 10.1530C 33.7322PSU / 4.969mL/L 10.136C 21.748 0.875 / 17.3uM / -0.827664V / {  51   52}   91  560
(May 25 2026 00:16:23,  881387 sec) AscentControlAgent() Bouyancy nudge to 123 (v=0.072dbar/sec).
(May 25 2026 00:16:24,  881388 sec) PistonMoveAbsWTO()    113->123 114 115 116 117 118 [30sec, 14.7Volts, 0.197Amps, CPT:1451sec]
(May 25 2026 00:17:05,  881429 sec) PistonMoveAbsWTO()    118->123 119 120 121 122 123 [23sec, 14.7Volts, 0.195Amps, CPT:1474sec]
(May 25 2026 00:18:19,  881503 sec) Profile()            Sample 37 initiated at 200.1dbars for bin 40 [200dbars].  PTS/O2,T83,Phase,RawTemp/NO3/pH/FSig{},BbSig,TSig: 200.1dbars 10.5784C 33.6783PSU / 5.181mL/L 10.564C 21.282 0.864 / 15.3uM / -0.826009V / {  51   57}   93  559
(May 25 2026 00:20:04,  881608 sec) Profile()            Sample 38 initiated at 191.6dbars for bin 41 [190dbars].  PTS/O2,T83,Phase,RawTemp/NO3/pH/FSig{},BbSig,TSig: 191.5dbars 11.0354C 33.6171PSU / 5.301mL/L 11.002C 20.966 0.852 / 12.9uM / -0.824355V / {  56   60}   94  559
(May 25 2026 00:22:11,  881735 sec) Profile()            Sample 39 initiated at 182.0dbars for bin 42 [180dbars].  PTS/O2,T83,Phase,RawTemp/NO3/pH/FSig{},BbSig,TSig: 181.9dbars 11.6387C 33.5898PSU / 5.538mL/L 11.607C 20.440 0.836 / 10.1uM / -0.822064V / {  65   73}   96  559
(May 25 2026 00:24:41,  881885 sec) Profile()            Sample 40 initiated at 171.8dbars for bin 43 [170dbars].  PTS/O2,T83,Phase,RawTemp/NO3/pH/FSig{},BbSig,TSig: 171.8dbars 12.4205C 33.5696PSU / 5.768mL/L 12.396C 19.893 0.816 / 7.7uM / -0.820061V / {  77   85}   96  558
(May 25 2026 00:28:28,  882112 sec) Profile()            Sample 41 initiated at 161.9dbars for bin 44 [160dbars].  PTS/O2,T83,Phase,RawTemp/NO3/pH/FSig{},BbSig,TSig: 161.8dbars 12.6744C 33.4806PSU / 5.858mL/L 12.665C 19.696 0.809 / 7.1uM / -0.819529V / {  81   93}  102  557
(May 25 2026 00:32:19,  882343 sec) AscentControlAgent() Bouyancy nudge to 133 (v=0.033dbar/sec).
(May 25 2026 00:32:20,  882344 sec) PistonMoveAbsWTO()    123->133 124 125 126 127 128 129 [30sec, 14.8Volts, 0.190Amps, CPT:1504sec]
(May 25 2026 00:33:40,  882424 sec) Profile()            Sample 42 initiated at 151.1dbars for bin 45 [150dbars].  PTS/O2,T83,Phase,RawTemp/NO3/pH/FSig{},BbSig,TSig: 151.1dbars 12.9839C 33.4948PSU / 5.945mL/L 12.979C 19.493 0.801 / 5.8uM / -0.818198V / {  82   94}   98  555
(May 25 2026 00:33:40,  882424 sec) PistonMoveAbsWTO()    129->133 130 131 132 133 [21sec, 14.7Volts, 0.190Amps, CPT:1525sec]
(May 25 2026 00:36:08,  882572 sec) Profile()            Sample 43 initiated at 142.0dbars for bin 46 [140dbars].  PTS/O2,T83,Phase,RawTemp/NO3/pH/FSig{},BbSig,TSig: 141.9dbars 14.2838C 33.6455PSU / 6.071mL/L 14.241C 18.982 0.771 / 3.3uM / -0.815591V / {  90  103}  103  555
(May 25 2026 00:39:00,  882744 sec) Profile()            Sample 44 initiated at 131.7dbars for bin 47 [130dbars].  PTS/O2,T83,Phase,RawTemp/NO3/pH/FSig{},BbSig,TSig: 131.7dbars 15.9933C 33.9366PSU / 6.165mL/L 15.946C 18.409 0.730 / 1.8uM / -0.812686V / { 101  125}   98  554
(May 25 2026 00:42:57,  882981 sec) Profile()            Sample 45 initiated at 121.7dbars for bin 48 [120dbars].  PTS/O2,T83,Phase,RawTemp/NO3/pH/FSig{},BbSig,TSig: 121.7dbars 16.9400C 34.0811PSU / 6.265mL/L 16.915C 18.041 0.709 / 1.6uM / -0.810972V / {  92  111}  106  552
(May 25 2026 00:46:44,  883208 sec) Profile()            Sample 46 initiated at 112.0dbars for bin 49 [110dbars].  PTS/O2,T83,Phase,RawTemp/NO3/pH/FSig{},BbSig,TSig: 111.9dbars 17.0049C 34.0340PSU / 6.295mL/L 16.980C 17.991 0.707 / 1.6uM / -0.810652V / {  99  126}  109  550
(May 25 2026 00:51:04,  883468 sec) Profile()            Sample 47 initiated at 101.8dbars for bin 50 [100dbars].  PTS/O2,T83,Phase,RawTemp/NO3/pH/FSig{},BbSig,TSig: 101.8dbars 17.0049C 33.8987PSU / 6.357mL/L 17.004C 17.914 0.707 / 1.7uM / -0.810439V / {  96   97}  110  549
(May 25 2026 00:53:05,  883589 sec) AscentControlAgent() Bouyancy nudge to 138 (v=0.025dbar/sec).
(May 25 2026 00:53:06,  883590 sec) PistonMoveAbsWTO()    133->138 134 135 136 137 138 [25sec, 14.9Volts, 0.178Amps, CPT:1550sec]
(May 25 2026 00:54:54,  883698 sec) Profile()            Sample 48 initiated at 96.9dbars for bin 51 [95dbars].  PTS/O2,T83,Phase,RawTemp/NO3/pH/FSig{},BbSig,TSig: 96.9dbars 17.2273C 33.9419PSU / 6.364mL/L 17.221C 17.851 0.702 / 1.7uM / -0.810060V / {  74   87}  113  549
(May 25 2026 00:56:38,  883802 sec) Profile()            Sample 49 initiated at 91.8dbars for bin 52 [90dbars].  PTS/O2,T83,Phase,RawTemp/NO3/pH/FSig{},BbSig,TSig: 91.8dbars 17.1164C 33.8831PSU / 6.380mL/L 17.121C 17.859 0.704 / 1.6uM / -0.810048V / {  73   92}  112  548
(May 25 2026 00:58:24,  883908 sec) Profile()            Sample 50 initiated at 86.5dbars for bin 53 [85dbars].  PTS/O2,T83,Phase,RawTemp/NO3/pH/FSig{},BbSig,TSig: 86.5dbars 17.0967C 33.8526PSU / 6.389mL/L 17.097C 17.854 0.704 / 1.8uM / -0.809810V / {  71   82}  114  548
(May 25 2026 00:59:59,  884003 sec) Profile()            Sample 51 initiated at 81.6dbars for bin 54 [80dbars].  PTS/O2,T83,Phase,RawTemp/NO3/pH/FSig{},BbSig,TSig: 81.6dbars 17.0942C 33.8494PSU / 6.393mL/L 17.094C 17.851 0.705 / 1.7uM / -0.809720V / {  70   81}  110  548
(May 25 2026 01:01:32,  884096 sec) Profile()            Sample 52 initiated at 76.9dbars for bin 55 [75dbars].  PTS/O2,T83,Phase,RawTemp/NO3/pH/FSig{},BbSig,TSig: 76.9dbars 17.1156C 33.8013PSU / 6.405mL/L 17.109C 17.834 0.704 / 1.7uM / -0.809584V / {  70   77}  109  548
(May 25 2026 01:03:28,  884212 sec) Profile()            Sample 53 initiated at 72.0dbars for bin 56 [70dbars].  PTS/O2,T83,Phase,RawTemp/NO3/pH/FSig{},BbSig,TSig: 71.9dbars 16.9860C 33.7196PSU / 6.447mL/L 16.994C 17.816 0.707 / 1.7uM / -0.809501V / {  68   77}  114  548
(May 25 2026 01:05:46,  884350 sec) Profile()            Sample 54 initiated at 66.8dbars for bin 57 [65dbars].  PTS/O2,T83,Phase,RawTemp/NO3/pH/FSig{},BbSig,TSig: 66.8dbars 17.1276C 33.7239PSU / 6.439mL/L 17.125C 17.791 0.704 / 1.8uM / -0.809281V / {  66   67}  117  548
(May 25 2026 01:08:26,  884510 sec) Profile()            Sample 55 initiated at 61.7dbars for bin 58 [60dbars].  PTS/O2,T83,Phase,RawTemp/NO3/pH/FSig{},BbSig,TSig: 61.7dbars 17.1019C 33.7025PSU / 6.453mL/L 17.103C 17.782 0.704 / 1.8uM / -0.809122V / {  64   66}  112  548
(May 25 2026 01:08:38,  884522 sec) AscentControlAgent() Bouyancy nudge to 143 (v=0.033dbar/sec).
(May 25 2026 01:08:38,  884522 sec) PistonMoveAbsWTO()    138->143 139 140 141 142 143 [26sec, 14.8Volts, 0.168Amps, CPT:1576sec]
(May 25 2026 01:10:26,  884630 sec) Profile()            Sample 56 initiated at 57.0dbars for bin 59 [55dbars].  PTS/O2,T83,Phase,RawTemp/NO3/pH/FSig{},BbSig,TSig: 57.0dbars 17.0402C 33.6545PSU / 6.475mL/L 17.045C 17.771 0.706 / 1.7uM / -0.809032V / {  61   65}  121  547
(May 25 2026 01:12:00,  884724 sec) Profile()            Sample 57 initiated at 51.9dbars for bin 60 [50dbars].  PTS/O2,T83,Phase,RawTemp/NO3/pH/FSig{},BbSig,TSig: 51.8dbars 17.0429C 33.6001PSU / 6.480mL/L 17.042C 17.767 0.706 / 2.7uM / -0.809058V / {  59   60}  117  547
(May 25 2026 01:13:56,  884840 sec) Profile()            Sample 58 initiated at 46.7dbars for bin 61 [45dbars].  PTS/O2,T83,Phase,RawTemp/NO3/pH/FSig{},BbSig,TSig: 46.7dbars 17.5321C 33.6735PSU / 6.400mL/L 17.526C 17.735 0.695 / 1.9uM / -0.808908V / {  60   57}  111  547
(May 25 2026 01:16:14,  884978 sec) Profile()            Sample 59 initiated at 41.8dbars for bin 62 [40dbars].  PTS/O2,T83,Phase,RawTemp/NO3/pH/FSig{},BbSig,TSig: 41.7dbars 17.7120C 33.6992PSU / 6.363mL/L 17.709C 17.730 0.691 / 1.8uM / -0.808768V / {  55   55}  119  547
(May 25 2026 01:18:32,  885116 sec) Profile()            Sample 60 initiated at 36.8dbars for bin 63 [35dbars].  PTS/O2,T83,Phase,RawTemp/NO3/pH/FSig{},BbSig,TSig: 36.8dbars 17.7412C 33.7022PSU / 6.359mL/L 17.740C 17.727 0.690 / 1.9uM / -0.808598V / {  55   58}  107  547
(May 25 2026 01:19:06,  885150 sec) AscentControlAgent() Bouyancy nudge to 148 (v=0.035dbar/sec).
(May 25 2026 01:19:06,  885150 sec) PistonMoveAbsWTO()    143->148 144 145 146 147 148 [26sec, 14.9Volts, 0.164Amps, CPT:1602sec]
(May 25 2026 01:20:44,  885248 sec) Profile()            Sample 61 initiated at 31.4dbars for bin 64 [30dbars].  PTS/O2,T83,Phase,RawTemp/NO3/pH/FSig{},BbSig,TSig: 31.4dbars 17.7776C 33.6977PSU / 6.340mL/L 17.775C 17.740 0.690 / 1.9uM / -0.808558V / {  54   50}  106  547
(May 25 2026 01:22:07,  885331 sec) Profile()            Sample 62 initiated at 26.5dbars for bin 65 [25dbars].  PTS/O2,T83,Phase,RawTemp/NO3/pH/FSig{},BbSig,TSig: 26.4dbars 17.7779C 33.6853PSU / 6.340mL/L 17.778C 17.739 0.689 / 1.8uM / -0.808373V / {  51   52}  104  547
(May 25 2026 01:23:30,  885414 sec) Profile()            Sample 63 initiated at 21.5dbars for bin 66 [20dbars].  PTS/O2,T83,Phase,RawTemp/NO3/pH/FSig{},BbSig,TSig: 21.5dbars 17.8356C 33.6850PSU / 6.328mL/L 17.832C 17.738 0.688 / 1.9uM / -0.808217V / {  52   51}  107  547
(May 25 2026 01:25:04,  885508 sec) Profile()            Sample 64 initiated at 16.5dbars for bin 67 [15dbars].  PTS/O2,T83,Phase,RawTemp/NO3/pH/FSig{},BbSig,TSig: 16.5dbars 18.0098C 33.6230PSU / 6.291mL/L 18.004C 17.738 0.685 / 1.8uM / -0.807955V / {  54   51}  130  547
(May 25 2026 01:26:49,  885613 sec) Profile()            Sample 65 initiated at 11.9dbars for bin 68 [10dbars].  PTS/O2,T83,Phase,RawTemp/NO3/pH/FSig{},BbSig,TSig: 11.9dbars 18.0169C 33.6179PSU / 6.292mL/L 18.016C 17.734 0.684 / 1.8uM / -0.807638V / {  50   48}  110  546
(May 25 2026 01:28:23,  885707 sec) Profile()            Sample 66 initiated at 7.7dbars for bin 69 [6dbars].  PTS/O2,T83,Phase,RawTemp/NO3/pH/FSig{},BbSig,TSig: 7.7dbars 18.0365C 33.6151PSU / 6.295mL/L 18.036C 17.726 0.684 / 2.1uM / -0.807497V / {  53   46}  110  546
(May 25 2026 01:29:20,  885764 sec) SurfaceDetect()      SurfacePressure:0.0dbars Pressure:3.7dbars PistonPosition:148
(May 25 2026 01:29:20,  885764 sec) Sbe41cpStopCP()      Continuous profile stopped.
(May 25 2026 01:29:24,  885768 sec) PistonMoveAbsWTO()    148->170 149 150 151 152 153 154 155 156 157 158 159 160 161 162 163 164 165 166 167 168 169 170 [112sec, 14.8Volts, 0.153Amps, CPT:1714sec]
(May 25 2026 01:31:21,  885885 sec) chat()               Expected string [S>] not received.
(May 25 2026 01:33:12,  885996 sec) Sbe41cpBinAverage()  Finished averaging 13380 samples in 106 seconds.
(May 25 2026 01:33:17,  886001 sec) Sbe41cpUploadCP_()   Sbe41cpSerNo[21418] NSample[13380] NBin[493]
(May 25 2026 01:33:48,  886032 sec) Sbe41cpUploadCP_()   Continuous profile uploaded [493 lines].
(May 25 2026 01:34:02,  886046 sec) MscErrorLog_()       No error records to log.
(May 25 2026 01:34:12,  886056 sec) MscErrorLog_()       No error records to log.

<EOT>
