(Jun 14 2026 15:09:04,  886520 sec) TelemetryInit()      Profile 8. (Apf11 FwRev: 070325)
(Jun 14 2026 15:09:04,  886520 sec) TelemetryInit()      Charge consumption model: OCV:15.2V Wake-Cycles:14678 Standby:81.9days Wake:10.9kC Sensors:0.9kC
(Jun 14 2026 15:14:20,  886836 sec) GetSurfaceObs()      P/O2,T83,Phase,RawTemp/FSig,BbSig,TSig: 0.3dbars / 6.214mL/L 18.437C 17.719 0.675 / 54,52,107
(Jun 14 2026 15:14:52,  886868 sec) GetSurfaceObs()      P/O2,T83,Phase,RawTemp/FSig,BbSig,TSig: 0.1dbars / 6.211mL/L 18.435C 17.723 0.675 / 54,50,110
(Jun 14 2026 15:15:25,  886901 sec) GetSurfaceObs()      P/O2,T83,Phase,RawTemp/FSig,BbSig,TSig: 0.2dbars / 6.206mL/L 18.431C 17.729 0.675 / 55,50,107
(Jun 14 2026 15:15:57,  886933 sec) GetSurfaceObs()      P/O2,T83,Phase,RawTemp/FSig,BbSig,TSig: 0.2dbars / 6.205mL/L 18.431C 17.731 0.675 / 53,47,106
(Jun 14 2026 15:19:34,  887150 sec) AirSystem()          Battery [214cnt, 15.1V]  Current [23cnt, 89.7mA]  Pneumometer [155cnt, 18.2psi]  Run-Time [103s]
(Jun 14 2026 15:19:46,  887162 sec) GetSurfaceObs()      P/O2,T83,Phase,RawTemp/FSig,BbSig,TSig: -0.1dbars / 6.247mL/L 17.826C 17.833 0.688 / 52,47,110
(Jun 14 2026 15:20:18,  887194 sec) GetSurfaceObs()      P/O2,T83,Phase,RawTemp/FSig,BbSig,TSig: -0.1dbars / 6.281mL/L 17.638C 17.840 0.693 / 52,50,112
(Jun 14 2026 15:20:51,  887227 sec) GetSurfaceObs()      P/O2,T83,Phase,RawTemp/FSig,BbSig,TSig: -0.1dbars / 6.275mL/L 17.578C 17.862 0.694 / 54,53,107
(Jun 14 2026 15:21:23,  887259 sec) GetSurfaceObs()      P/O2,T83,Phase,RawTemp/FSig,BbSig,TSig: -0.1dbars / 6.310mL/L 17.393C 17.869 0.698 / 54,51,114
(Jun 14 2026 15:21:56,  887292 sec) GetSurfaceObs()      P/O2,T83,Phase,RawTemp/FSig,BbSig,TSig: -0.1dbars / 6.310mL/L 17.316C 17.888 0.700 / 53,53,114
(Jun 14 2026 15:22:28,  887324 sec) GetSurfaceObs()      P/O2,T83,Phase,RawTemp/FSig,BbSig,TSig: -0.1dbars / 6.350mL/L 17.142C 17.886 0.703 / 52,50,108
(Jun 14 2026 15:23:01,  887357 sec) GetSurfaceObs()      P/O2,T83,Phase,RawTemp/FSig,BbSig,TSig: -0.1dbars / 6.296mL/L 17.311C 17.905 0.700 / 52,49,104
(Jun 14 2026 15:23:33,  887389 sec) GetSurfaceObs()      P/O2,T83,Phase,RawTemp/FSig,BbSig,TSig: -0.0dbars / 6.305mL/L 17.196C 17.924 0.702 / 53,50,107
(Jun 14 2026 15:23:44,  887400 sec) AirSystem()          Air-bladder inflation by-passed. Pneumatic Pressure: [156cnt, 18.3psi].
(Jun 14 2026 15:24:17,  887433 sec) GetSurfaceObs()      P/O2,T83,Phase,RawTemp/FSig,BbSig,TSig: 0.0dbars / 6.326mL/L 17.100C 17.925 0.704 / 54,44,158
(Jun 14 2026 15:24:20,  887436 sec) GpsServices()        GPS almanac is current.
(Jun 14 2026 15:24:20,  887436 sec) GpsServices()        Initiating GPS fix acquisition.
(Jun 14 2026 15:24:23,  887439 sec) gga()                $GPGGA,152440,3058.1118,N,13123.3086,W,0,00,,,M,,M,,*41
(Jun 14 2026 15:24:32,  887448 sec) gga()                $GPGGA,152450,3058.1118,N,13123.3086,W,0,00,,,M,,M,,*40
(Jun 14 2026 15:24:33,  887449 sec) gga()                $GPGGA,152450,3058.1118,N,13123.3086,W,0,00,,,M,,M,,*40
(Jun 14 2026 15:24:42,  887458 sec) gga()                $GPGGA,152510,3058.1118,N,13123.3086,W,0,00,,,M,,M,,*45
(Jun 14 2026 15:24:52,  887468 sec) gga()                $GPGGA,152520,3058.1118,N,13123.3086,W,0,00,,,M,,M,,*46
(Jun 14 2026 15:25:03,  887479 sec) gga()                $GPGGA,152530,3054.9478,N,13133.0844,W,1,10,0.8,-3.6,M,-39.7,M,,*5A
(Jun 14 2026 15:25:03,  887479 sec) GpsServices()        Profile 8 GPS fix obtained in 43 seconds.
(Jun 14 2026 15:25:03,  887479 sec) GpsServices()                   lon      lat mm/dd/yyyy hhmmss nsat
(Jun 14 2026 15:25:03,  887479 sec) GpsServices()        Fix: -131.5514  30.9158 06/14/2026 152530   10
(Jun 14 2026 15:25:13,  887489 sec) gga()                $GPGGA,152540,3054.9481,N,13133.0845,W,1,10,0.8,-2.8,M,-39.7,M,,*55
(Jun 14 2026 15:25:22,  887498 sec) gga()                $GPGGA,152550,3054.9483,N,13133.0842,W,1,10,0.8,-2.2,M,-39.7,M,,*5B
(Jun 14 2026 15:25:22,  887498 sec) GpsServices()        APF11 RTC skew (-28s) OK.
(Jun 14 2026 15:25:22,  887498 sec) GpsServices()        GPS services complete.
(Jun 14 2026 15:25:57,  887533 sec) IrGeoLoc()           <x,y,z>=<-3616km,-4104km,3260km> lat=30.964 lon=-131.383 IrSysTime=0x1b28355a
(Jun 14 2026 15:26:00,  887536 sec) CLogin()             Connecting to primary host.
(Jun 14 2026 15:26:13,  887549 sec) CLogin()             Connection 1 established in 13 seconds.
(Jun 14 2026 15:26:43,  887579 sec) expect()             Attempt to read prompt string [login:] failed.
(Jun 14 2026 15:26:43,  887579 sec) login()              Login prompt not received.
(Jun 14 2026 15:26:50,  887586 sec) login()              Login successful.
(Jun 14 2026 15:26:59,  887595 sec) CLogin()             Logged in to host.  [Login required 46 seconds]
(Jun 14 2026 15:27:05,  887601 sec) RxConfig()           Downloading "mission.cfg" from host.
(Jun 14 2026 15:27:15,  887611 sec) RxConfig()           Download successful: [bytes:33, sec:8.0, bps:4]
(Jun 14 2026 15:27:21,  887617 sec) WriteVitals_()       Writing vitals to "24583.008.msg".
(Jun 14 2026 15:27:27,  887623 sec) UpLoadFile()         Uploading "24583.008.log" to host.
(Jun 14 2026 15:30:53,  887829 sec) sendline()           Blocking CTS signal, aborting ZMODEM transfer.
(Jun 14 2026 15:30:54,  887830 sec) UpLoadFile()         Upload failed.
(Jun 14 2026 15:31:38,  887874 sec) chat()               Expected string [rz] not received.
(Jun 14 2026 15:31:38,  887874 sec) UpLoadFile()         Failed attempt to execute "rz" on the host.
(Jun 14 2026 15:31:38,  887874 sec) UpLoad()             Files successfully uploaded: 0
(Jun 14 2026 15:31:38,  887874 sec) UpLoad()             Aborting upload: Retry limit [2] exceeded. Upload incomplete.
(Jun 14 2026 15:31:45,  887881 sec) chat()               Expected string [cmd>] not received.
(Jun 14 2026 15:31:45,  887881 sec) logout()             Can't get command prompt.
(Jun 14 2026 15:31:50,  887886 sec) chat()               Expected string [logout] not received.
(Jun 14 2026 15:31:50,  887886 sec) logout()             Attempt to log-out failed.
(Jun 14 2026 15:31:57,  887893 sec) chat()               Expected string [cmd>] not received.
(Jun 14 2026 15:31:57,  887893 sec) logout()             Can't get command prompt.
(Jun 14 2026 15:32:02,  887898 sec) chat()               Expected string [logout] not received.
(Jun 14 2026 15:32:02,  887898 sec) logout()             Attempt to log-out failed.
(Jun 14 2026 15:32:02,  887898 sec) logout()             No carrier detected.
(Jun 14 2026 15:32:02,  887898 sec) Telemetry()          Telemetry cycle complete: PrfId=8 ConnectionAttempts=1  Connections=1
(Jun 14 2026 15:47:30,  888826 sec) AirSystem()          Battery [218cnt, 15.3V]  Current [25cnt, 96.1mA]  Pneumometer [158cnt, 18.6psi]  Run-Time [9s]
(Jun 14 2026 15:48:04,  888860 sec) GetSurfaceObs()      P/O2,T83,Phase,RawTemp/FSig,BbSig,TSig: -0.1dbars / 6.372mL/L 16.677C 17.980 0.714 / 51,55,109
(Jun 14 2026 15:48:07,  888863 sec) GpsServices()        GPS almanac is current.
(Jun 14 2026 15:48:07,  888863 sec) GpsServices()        Initiating GPS fix acquisition.
(Jun 14 2026 15:48:14,  888870 sec) gga()                $GPGGA,154840,3054.9053,N,13133.0620,W,6,09,1.1,-5.0,M,-39.7,M,,*50
(Jun 14 2026 15:48:33,  888889 sec) gga()                $GPGGA,154900,3054.9044,N,13133.0628,W,1,09,1.0,-5.4,M,-39.7,M,,*59
(Jun 14 2026 15:48:33,  888889 sec) GpsServices()        Profile 8 GPS fix obtained in 26 seconds.
(Jun 14 2026 15:48:33,  888889 sec) GpsServices()                   lon      lat mm/dd/yyyy hhmmss nsat
(Jun 14 2026 15:48:33,  888889 sec) GpsServices()        Fix: -131.5510  30.9151 06/14/2026 154900    9
(Jun 14 2026 15:48:43,  888899 sec) gga()                $GPGGA,154910,3054.9042,N,13133.0623,W,1,09,1.0,-6.2,M,-39.7,M,,*50
(Jun 14 2026 15:48:52,  888908 sec) gga()                $GPGGA,154920,3054.9037,N,13133.0623,W,1,09,1.0,-5.6,M,-39.7,M,,*56
(Jun 14 2026 15:48:52,  888908 sec) GpsServices()        APF11 RTC skew (-28s) OK.
(Jun 14 2026 15:48:52,  888908 sec) GpsServices()        GPS services complete.
(Jun 14 2026 15:49:20,  888936 sec) IrGeoLoc()           <x,y,z>=<-3628km,-4100km,3256km> lat=30.910 lon=-131.505 IrSysTime=0x1bbec93e
(Jun 14 2026 15:49:23,  888939 sec) CLogin()             Connecting to primary host.
(Jun 14 2026 15:49:35,  888951 sec) CLogin()             Connection 2 established in 12 seconds.
(Jun 14 2026 15:50:05,  888981 sec) expect()             Attempt to read prompt string [login:] failed.
(Jun 14 2026 15:50:05,  888981 sec) login()              Login prompt not received.
(Jun 14 2026 15:50:16,  888992 sec) login()              Login successful.
(Jun 14 2026 15:50:25,  889001 sec) CLogin()             Logged in to host.  [Login required 50 seconds]
(Jun 14 2026 15:50:26,  889002 sec) RxConfig()           Downloading "mission.cfg" from host.
(Jun 14 2026 15:50:41,  889017 sec) RxConfig()           Download successful: [bytes:33, sec:12.9, bps:3]
(Jun 14 2026 15:50:47,  889023 sec) WriteVitals_()       Writing vitals to "24583.008.msg".
(Jun 14 2026 15:50:53,  889029 sec) UpLoadFile()         Uploading "24583.008.log" to host.
(Jun 14 2026 15:51:50,  889086 sec) UpLoadFile()         Upload successful: [bytes:15201, sec:57.0, bps:267]
(Jun 14 2026 15:51:51,  889087 sec) fmove()              Moved: 24583.008.log -> archive/24583.008.log
(Jun 14 2026 15:51:56,  889092 sec) UpLoadFile()         Uploading "24583.008.msg" to host.
(Jun 14 2026 15:54:16,  889232 sec) UpLoadFile()         Upload successful: [bytes:43836, sec:139.7, bps:314]
(Jun 14 2026 15:54:17,  889233 sec) fmove()              Moved: 24583.008.msg -> archive/24583.008.msg
(Jun 14 2026 15:54:24,  889240 sec) UpLoadFile()         Uploading "24583.008.isus" to host.
(Jun 14 2026 15:55:46,  889322 sec) UpLoadFile()         Upload successful: [bytes:25341, sec:82.6, bps:307]
(Jun 14 2026 15:55:48,  889324 sec) fmove()              Moved: 24583.008.isus -> archive/24583.008.isus
(Jun 14 2026 15:55:57,  889333 sec) UpLoadFile()         Uploading "24583.008.dura" to host.
(Jun 14 2026 15:56:43,  889379 sec) UpLoadFile()         Upload successful: [bytes:12563, sec:46.1, bps:273]
(Jun 14 2026 15:56:44,  889380 sec) fmove()              Moved: 24583.008.dura -> archive/24583.008.dura
(Jun 14 2026 15:56:46,  889382 sec) UpLoad()             Files successfully uploaded: 4
(Jun 14 2026 15:56:46,  889382 sec) UpLoad()             Upload complete.
(Jun 14 2026 15:56:53,  889389 sec) chat()               Expected string [logout] not received.
(Jun 14 2026 15:56:53,  889389 sec) logout()             Attempt to log-out failed.
(Jun 14 2026 15:56:53,  889389 sec) logout()             No carrier detected.
(Jun 14 2026 15:56:53,  889389 sec) Telemetry()          Telemetry cycle complete: PrfId=8 ConnectionAttempts=2  Connections=2
(Jun 14 2026 15:56:53,  889389 sec) TelemetryTerminate() Parsing new mission configuration.
(Jun 14 2026 15:56:54,  889390 sec) configure()          Parsing configurators in "mission.cfg".
(Jun 14 2026 15:56:54,  889390 sec) configure()             TelemetryRetry(15)      [0x7BBC] [TelemetryRetry(15)].
(Jun 14 2026 15:56:55,  889391 sec) configure()          Configuration CRCs and syntax OK.
(Jun 14 2026 15:56:55,  889391 sec) ConfigSupervisor()   Configuration accepted.
(Jun 14 2026 15:56:55,  889391 sec) TelemetryTerminate() Reconditioning the file system.
(Jun 14 2026 15:56:58,       0 sec) DescentInit()        Deep profile 9 initiated at mission-time 889394sec.
(Jun 14 2026 15:56:59,       1 sec) DescentInit()        Surface pressure: -0.0dbars.
(Jun 14 2026 15:56:59,       1 sec) DescentInit()        Charge consumption model: OCV:15.0V Wake-Cycles:14680 Standby:81.9days Wake:11.0kC Sleep:0.9kC
(Jun 14 2026 15:57:11,      13 sec) DescentInit()        Pneumatic humidity: 1012(5.6%) -> 1144(9.4%)
(Jun 14 2026 15:57:12,      14 sec) PistonMoveAbsWTO()    173->042 172 171 170 169 168 167 166 165 164 163 162 161 160 159 158 157 156 155 154 153 152 151 150 149 148 147 146 145 144 143 142 141 140 139 138 137 136 135 134 133 132 131 130 129 128 127 126 125 124 123 122 121 120 119 118 117 116 115 114 113 112 111 110 109 108 107 106 105 104 103 102 101 100 099 098 097 096 095 094 093 092 091 090 089 088 087 086 085 084 083 082 081 080 079 078 077 076 075 074 073 072 071 070 069 068 067 066 065 064 063 062 061 060 059 058 057 056 055 054 053 052 051 050 049 048 047 046 045 044 043 042 [665sec, 14.9Volts, 0.133Amps, CPT:665sec]
(Jun 14 2026 16:08:21,     683 sec) DescentInit()        Air solenoid open: Barometer [204cnt,  11.9psi]  Pneumometer [102cnt,  11.9psi]
(Jun 14 2026 16:08:31,     693 sec) Descent()            Pressure: 58.6
(Jun 14 2026 16:56:58,    3600 sec) Descent()            Pressure: 456.0
(Jun 14 2026 17:56:58,    7200 sec) Descent()            Pressure: 760.3
(Jun 14 2026 18:56:58,   10800 sec) Descent()            Pressure: 920.0
(Jun 14 2026 19:56:58,   14400 sec) Descent()            Pressure: 955.5
(Jun 14 2026 19:56:59,   14401 sec) ParkInit()           Charge consumption model: OCV:15.5V Wake-Cycles:14685 Standby:82.0days Wake:11.2kC Sensors:0.9kC
(Jun 14 2026 21:57:05,   21607 sec) Park()               ParkPOutOfBand[-3, 960.6 dbars]: retract piston.
(Jun 14 2026 21:57:06,   21608 sec) PistonMoveAbsWTO()    042->041 041 [5sec, 15.2Volts, 0.086Amps, CPT:670sec]
(Jun 15 2026 00:57:05,   32407 sec) Park()               ParkPOutOfBand[-3, 987.8 dbars]: retract piston.
(Jun 15 2026 00:57:06,   32408 sec) PistonMoveAbsWTO()    041->040 040 [5sec, 15.2Volts, 0.081Amps, CPT:675sec]
(Jun 15 2026 04:57:05,   46807 sec) Park()               ParkPOutOfBand[3, 1010.4 dbars]: extend piston.
(Jun 15 2026 04:57:06,   46808 sec) PistonMoveAbsWTO()    040->041 041 [2sec, 14.9Volts, 0.404Amps, CPT:677sec]
(Jun 15 2026 19:57:05,  100807 sec) Park()               ParkPOutOfBand[3, 1013.7 dbars]: extend piston.
(Jun 15 2026 19:57:06,  100808 sec) PistonMoveAbsWTO()    041->042 042 [6sec, 14.9Volts, 0.404Amps, CPT:683sec]
(Jun 16 2026 01:57:05,  122407 sec) Park()               ParkPOutOfBand[-3, 982.8 dbars]: retract piston.
(Jun 16 2026 01:57:06,  122408 sec) PistonMoveAbsWTO()    042->041 041 [2sec, 15.2Volts, 0.081Amps, CPT:685sec]
(Jun 16 2026 19:57:05,  187207 sec) Park()               ParkPOutOfBand[3, 1011.5 dbars]: extend piston.
(Jun 16 2026 19:57:06,  187208 sec) PistonMoveAbsWTO()    041->042 042 [2sec, 14.8Volts, 0.405Amps, CPT:687sec]
(Jun 22 2026 00:57:05,  637207 sec) Park()               ParkPOutOfBand[3, 1011.4 dbars]: extend piston.
(Jun 22 2026 00:57:06,  637208 sec) PistonMoveAbsWTO()    042->043 043 [6sec, 14.8Volts, 0.404Amps, CPT:693sec]
(Jun 22 2026 03:57:05,  648007 sec) Park()               ParkPOutOfBand[-3, 988.2 dbars]: retract piston.
(Jun 22 2026 03:57:06,  648008 sec) PistonMoveAbsWTO()    043->042 042 [2sec, 15.1Volts, 0.078Amps, CPT:695sec]
(Jun 24 2026 11:57:30,  849632 sec) CtdPower()           [ 1000.27,  3.7877, 34.4567]
(Jun 24 2026 11:57:30,  849632 sec) CtdPower()           CTD Power consumption [217VCnt 3ACnt]: 15.280Volts * 0.012Amps = 0.19Watts.
(Jun 24 2026 11:57:37,  849639 sec) ParkTerminate()      Piston Position:42 Vacuum:192 HumidityAd12:1026(6.0%) Vq:219 Aq:2 Vsbe:217 Asbe:3 Vflbb:213 Aflbb:12 V83:215 A83:3 MuxTemp:3.833C MuxHumidity:4.3%
(Jun 24 2026 11:58:10,  849672 sec) ParkTerminate()      PTS/O2,T83,Phase,RawTemp: 1000.3dbars 3.7879C 34.4566PSU / 0.637mL/L 3.788C 37.554 1.060
(Jun 24 2026 11:58:10,  849672 sec) ParkTerminate()      FLBB FSig{}, BbSig, TSig: {54, 67} 83, 568
(Jun 24 2026 11:58:11,  849673 sec) GoDeepInit()         Charge consumption model: OCV:15.4V Wake-Cycles:14917 Standby:91.7days Wake:11.5kC Sensors:0.9kC
(Jun 24 2026 11:58:11,  849673 sec) GoDeepInit()         Moving piston.
(Jun 24 2026 11:58:11,  849673 sec) PistonMoveAbsWTO()    042->009 041 040 039 038 037 036 035 034 033 032 031 030 029 028 027 026 025 024 023 022 021 020 019 018 017 016 015 014 013 012 011 010 009 [171sec, 15.0Volts, 0.048Amps, CPT:866sec]
(Jun 24 2026 15:56:58,  864000 sec) ProfileInit()        Charge consumption model: OCV:15.4V Wake-Cycles:14965 Standby:91.9days Wake:11.5kC Sensors:0.9kC
(Jun 24 2026 15:56:58,  864000 sec) ProfileInit()        PrfId:009  Pressure:1836.7dbar  pTable[2]:1800dbar
(Jun 24 2026 15:57:00,  864002 sec) ProfileInit()        Muxer PPIs K{1,2} quiescent: 15.30V, -0.1mA, -1.5mW
(Jun 24 2026 15:57:04,  864006 sec) ProfileInit()        ISUS powered up.
(Jun 24 2026 15:57:07,  864009 sec) ProfileInit()        Muxer PPIs K{1,2} w/ ISUS awake: 15.04V, 47.7mA, 717.4mW
(Jun 24 2026 15:57:14,  864016 sec) MscErrorLog_()       No error records to log.
(Jun 24 2026 15:57:21,  864023 sec) ProfileInit()        DURA powered up.
(Jun 24 2026 15:57:25,  864027 sec) ProfileInit()        Muxer PPIs K{1,2} w/ DURA awake: 15.06V, 48.7mA, 733.6mW
(Jun 24 2026 15:57:30,  864032 sec) MscErrorLog_()       No error records to log.
(Jun 24 2026 15:57:36,  864038 sec) PistonMoveAbsWTO()    009->031 010 011 012 013 014 [30sec, 14.4Volts, 0.586Amps, CPT:896sec]
(Jun 24 2026 15:58:17,  864079 sec) PistonMoveAbsWTO()    014->031 015 016 017 018 019 [30sec, 14.2Volts, 0.575Amps, CPT:926sec]
(Jun 24 2026 15:58:58,  864120 sec) PistonMoveAbsWTO()    019->031 020 021 022 023 024 [30sec, 14.2Volts, 0.553Amps, CPT:956sec]
(Jun 24 2026 15:59:39,  864161 sec) PistonMoveAbsWTO()    024->031 025 026 027 028 029 [30sec, 14.1Volts, 0.575Amps, CPT:986sec]
(Jun 24 2026 16:00:20,  864202 sec) PistonMoveAbsWTO()    029->031 030 031 [12sec, 14.1Volts, 0.559Amps, CPT:998sec]
(Jun 24 2026 16:05:24,  864506 sec) Profile()            Sample 0 initiated at 1801.1dbars for bin 2 [1800dbars].  PTS/O2,T83,Phase,RawTemp/NO3/pH/FSig{},BbSig,TSig: 1798.8dbars 2.3279C 34.5969PSU / 1.664mL/L 2.323C 32.787 1.106 / 42.3uM / -0.856105V / {  53   58}   84  571
(Jun 24 2026 16:21:17,  865459 sec) Profile()            Sample 1 initiated at 1701.6dbars for bin 3 [1700dbars].  PTS/O2,T83,Phase,RawTemp/NO3/pH/FSig{},BbSig,TSig: 1699.5dbars 2.4582C 34.5850PSU / 1.540mL/L 2.454C 33.249 1.102 / 42.8uM / -0.856440V / {  51   60}   85  570
(Jun 24 2026 16:38:39,  866501 sec) Profile()            Sample 2 initiated at 1601.1dbars for bin 4 [1600dbars].  PTS/O2,T83,Phase,RawTemp/NO3/pH/FSig{},BbSig,TSig: 1599.2dbars 2.5795C 34.5738PSU / 1.417mL/L 2.576C 33.740 1.098 / 43.2uM / -0.856592V / {  52   60}   84  571
(Jun 24 2026 16:54:07,  867429 sec) AscentControlAgent() Bouyancy nudge to 41 (v=0.077dbar/sec).
(Jun 24 2026 16:54:07,  867429 sec) PistonMoveAbsWTO()    031->041 032 033 034 035 036 [30sec, 14.6Volts, 0.496Amps, CPT:1028sec]
(Jun 24 2026 16:54:48,  867470 sec) PistonMoveAbsWTO()    036->041 037 038 039 040 041 [29sec, 14.4Volts, 0.474Amps, CPT:1057sec]
(Jun 24 2026 16:57:56,  867658 sec) Profile()            Sample 3 initiated at 1501.6dbars for bin 5 [1500dbars].  PTS/O2,T83,Phase,RawTemp/NO3/pH/FSig{},BbSig,TSig: 1499.4dbars 2.7418C 34.5609PSU / 1.314mL/L 2.737C 34.154 1.093 / 43.5uM / -0.856526V / {  52   62}   84  570
(Jun 24 2026 17:15:07,  868689 sec) Profile()            Sample 4 initiated at 1401.5dbars for bin 6 [1400dbars].  PTS/O2,T83,Phase,RawTemp/NO3/pH/FSig{},BbSig,TSig: 1399.5dbars 2.9283C 34.5444PSU / 1.212mL/L 2.922C 34.578 1.087 / 43.7uM / -0.856196V / {  56   62}   82  570
(Jun 24 2026 17:34:20,  869842 sec) Profile()            Sample 5 initiated at 1301.5dbars for bin 7 [1300dbars].  PTS/O2,T83,Phase,RawTemp/NO3/pH/FSig{},BbSig,TSig: 1299.9dbars 3.1079C 34.5318PSU / 1.140mL/L 3.103C 34.878 1.081 / 44.0uM / -0.855466V / {  54   62}   86  570
(Jun 24 2026 17:35:39,  869921 sec) AscentControlAgent() Bouyancy nudge to 51 (v=0.079dbar/sec).
(Jun 24 2026 17:35:39,  869921 sec) PistonMoveAbsWTO()    041->051 042 043 044 045 046 [30sec, 14.6Volts, 0.435Amps, CPT:1087sec]
(Jun 24 2026 17:36:20,  869962 sec) PistonMoveAbsWTO()    046->051 047 048 049 050 051 [28sec, 14.4Volts, 0.438Amps, CPT:1115sec]
(Jun 24 2026 17:51:57,  870899 sec) Profile()            Sample 6 initiated at 1201.4dbars for bin 8 [1200dbars].  PTS/O2,T83,Phase,RawTemp/NO3/pH/FSig{},BbSig,TSig: 1199.5dbars 3.3265C 34.5123PSU / 1.019mL/L 3.321C 35.441 1.074 / 44.4uM / -0.855164V / {  55   63}   86  569
(Jun 24 2026 18:10:26,  872008 sec) Profile()            Sample 7 initiated at 1101.1dbars for bin 9 [1100dbars].  PTS/O2,T83,Phase,RawTemp/NO3/pH/FSig{},BbSig,TSig: 1099.2dbars 3.5514C 34.4890PSU / 0.863mL/L 3.546C 36.238 1.067 / 44.7uM / -0.855200V / {  52   64}   83  569
(Jun 24 2026 18:27:56,  873058 sec) AscentControlAgent() Bouyancy nudge to 61 (v=0.076dbar/sec).
(Jun 24 2026 18:27:56,  873058 sec) PistonMoveAbsWTO()    051->061 052 053 054 055 056 [30sec, 14.7Volts, 0.372Amps, CPT:1145sec]
(Jun 24 2026 18:28:37,  873099 sec) PistonMoveAbsWTO()    056->061 057 058 059 060 061 [26sec, 14.6Volts, 0.364Amps, CPT:1171sec]
(Jun 24 2026 18:30:25,  873207 sec) Profile()            Sample 8 initiated at 1001.9dbars for bin 10 [1000dbars].  PTS/O2,T83,Phase,RawTemp/NO3/pH/FSig{},BbSig,TSig: 999.7dbars 3.7716C 34.4612PSU / 0.711mL/L 3.766C 37.091 1.060 / 44.9uM / -0.855239V / {  55   67}   83  569
(Jun 24 2026 18:33:34,  873396 sec) Sbe41cpStartCP()     Continuous profile started.
(Jun 24 2026 18:38:38,  873700 sec) Profile()            Sample 9 initiated at 951.3dbars for bin 11 [950dbars].  PTS/O2,T83,Phase,RawTemp/NO3/pH/FSig{},BbSig,TSig: 951.2dbars 3.9039C 34.4419PSU / 0.602mL/L 3.902C 37.761 1.056 / 45.1uM / -0.855354V / {  52   67}   85  568
(Jun 24 2026 18:48:05,  874267 sec) Profile()            Sample 10 initiated at 901.9dbars for bin 12 [900dbars].  PTS/O2,T83,Phase,RawTemp/NO3/pH/FSig{},BbSig,TSig: 901.8dbars 4.0184C 34.4209PSU / 0.512mL/L 4.016C 38.344 1.053 / 45.0uM / -0.855634V / {  54   69}   85  568
(Jun 24 2026 18:53:58,  874620 sec) AscentControlAgent() Bouyancy nudge to 71 (v=0.077dbar/sec).
(Jun 24 2026 18:53:58,  874620 sec) PistonMoveAbsWTO()    061->071 062 063 064 065 066 [30sec, 14.6Volts, 0.328Amps, CPT:1201sec]
(Jun 24 2026 18:54:39,  874661 sec) PistonMoveAbsWTO()    066->071 067 068 069 070 071 [25sec, 14.5Volts, 0.329Amps, CPT:1226sec]
(Jun 24 2026 18:57:54,  874856 sec) Profile()            Sample 11 initiated at 851.9dbars for bin 13 [850dbars].  PTS/O2,T83,Phase,RawTemp/NO3/pH/FSig{},BbSig,TSig: 851.8dbars 4.1673C 34.3986PSU / 0.465mL/L 4.166C 38.650 1.048 / 45.0uM / -0.855697V / {  53   67}   86  568
(Jun 24 2026 19:05:53,  875335 sec) Profile()            Sample 12 initiated at 801.9dbars for bin 14 [800dbars].  PTS/O2,T83,Phase,RawTemp/NO3/pH/FSig{},BbSig,TSig: 801.8dbars 4.3350C 34.3631PSU / 0.399mL/L 4.334C 39.103 1.043 / 44.9uM / -0.855948V / {  54   71}   84  568
(Jun 24 2026 19:14:25,  875847 sec) Profile()            Sample 13 initiated at 751.1dbars for bin 15 [750dbars].  PTS/O2,T83,Phase,RawTemp/NO3/pH/FSig{},BbSig,TSig: 751.0dbars 4.4768C 34.3254PSU / 0.365mL/L 4.475C 39.339 1.038 / 44.6uM / -0.856094V / {  54   70}   83  567
(Jun 24 2026 19:24:25,  876447 sec) Profile()            Sample 14 initiated at 701.4dbars for bin 16 [700dbars].  PTS/O2,T83,Phase,RawTemp/NO3/pH/FSig{},BbSig,TSig: 701.4dbars 4.5805C 34.2767PSU / 0.391mL/L 4.579C 39.121 1.035 / 44.6uM / -0.856141V / {  52   69}   83  567
(Jun 24 2026 19:24:37,  876459 sec) AscentControlAgent() Bouyancy nudge to 81 (v=0.077dbar/sec).
(Jun 24 2026 19:24:37,  876459 sec) PistonMoveAbsWTO()    071->081 072 073 074 075 076 [30sec, 14.6Volts, 0.306Amps, CPT:1256sec]
(Jun 24 2026 19:25:18,  876500 sec) PistonMoveAbsWTO()    076->081 077 078 079 080 081 [25sec, 14.5Volts, 0.303Amps, CPT:1281sec]
(Jun 24 2026 19:32:57,  876959 sec) Profile()            Sample 15 initiated at 651.7dbars for bin 17 [650dbars].  PTS/O2,T83,Phase,RawTemp/NO3/pH/FSig{},BbSig,TSig: 651.6dbars 4.7682C 34.2304PSU / 0.448mL/L 4.765C 38.658 1.029 / 44.0uM / -0.856009V / {  54   68}   87  567
(Jun 24 2026 19:42:26,  877528 sec) Profile()            Sample 16 initiated at 601.2dbars for bin 18 [600dbars].  PTS/O2,T83,Phase,RawTemp/NO3/pH/FSig{},BbSig,TSig: 601.1dbars 4.9763C 34.1719PSU / 0.601mL/L 4.974C 37.527 1.023 / 43.3uM / -0.854840V / {  55   68}   87  567
(Jun 24 2026 19:45:02,  877684 sec) AscentControlAgent() Bouyancy nudge to 91 (v=0.080dbar/sec).
(Jun 24 2026 19:45:02,  877684 sec) PistonMoveAbsWTO()    081->091 082 083 084 085 086 [30sec, 14.6Volts, 0.286Amps, CPT:1311sec]
(Jun 24 2026 19:45:43,  877725 sec) PistonMoveAbsWTO()    086->091 087 088 089 090 091 [26sec, 14.6Volts, 0.281Amps, CPT:1337sec]
(Jun 24 2026 19:49:05,  877927 sec) PistonMoveAbsWTO()    091->091 [1sec, 0.0Volts, 0.000Amps, CPT:1338sec]
(Jun 24 2026 19:50:13,  877995 sec) PistonMoveAbsWTO()    091->091 [1sec, 0.0Volts, 0.000Amps, CPT:1339sec]
(Jun 24 2026 19:51:04,  878046 sec) Profile()            Sample 17 initiated at 551.9dbars for bin 19 [550dbars].  PTS/O2,T83,Phase,RawTemp/NO3/pH/FSig{},BbSig,TSig: 551.8dbars 5.3455C 34.1232PSU / 0.824mL/L 5.339C 36.014 1.012 / 42.1uM / -0.853857V / {  54   69}   86  566
(Jun 24 2026 19:51:05,  878047 sec) PistonMoveAbsWTO()    091->091 [0sec, 0.0Volts, 0.000Amps, CPT:1339sec]
(Jun 24 2026 19:51:38,  878080 sec) PistonMoveAbsWTO()    091->091 [1sec, 0.0Volts, 0.000Amps, CPT:1340sec]
(Jun 24 2026 19:52:23,  878125 sec) PistonMoveAbsWTO()    091->091 [1sec, 0.0Volts, 0.000Amps, CPT:1341sec]
(Jun 24 2026 19:52:46,  878148 sec) PistonMoveAbsWTO()    091->091 [1sec, 0.0Volts, 0.000Amps, CPT:1342sec]
(Jun 24 2026 19:55:11,  878293 sec) PistonMoveAbsWTO()    091->091 [0sec, 0.0Volts, 0.000Amps, CPT:1342sec]
(Jun 24 2026 19:55:23,  878305 sec) PistonMoveAbsWTO()    090->091 091 [1sec, 14.7Volts, 0.293Amps, CPT:1343sec]
(Jun 24 2026 19:58:27,  878489 sec) Profile()            Sample 18 initiated at 501.9dbars for bin 20 [500dbars].  PTS/O2,T83,Phase,RawTemp/NO3/pH/FSig{},BbSig,TSig: 501.8dbars 5.6276C 34.0812PSU / 1.102mL/L 5.625C 34.371 1.003 / 40.7uM / -0.852439V / {  54   67}   86  566
(Jun 24 2026 20:06:51,  878993 sec) Profile()            Sample 19 initiated at 451.5dbars for bin 21 [450dbars].  PTS/O2,T83,Phase,RawTemp/NO3/pH/FSig{},BbSig,TSig: 451.5dbars 6.0474C 34.0330PSU / 1.580mL/L 6.042C 31.972 0.991 / 38.5uM / -0.849922V / {  52   66}   88  565
(Jun 24 2026 20:15:42,  879524 sec) AscentControlAgent() Bouyancy nudge to 101 (v=0.075dbar/sec).
(Jun 24 2026 20:15:42,  879524 sec) PistonMoveAbsWTO()    091->101 092 093 094 095 096 [30sec, 14.7Volts, 0.235Amps, CPT:1373sec]
(Jun 24 2026 20:16:23,  879565 sec) PistonMoveAbsWTO()    096->101 097 098 099 100 101 [24sec, 14.7Volts, 0.238Amps, CPT:1397sec]
(Jun 24 2026 20:17:37,  879639 sec) Profile()            Sample 20 initiated at 400.3dbars for bin 22 [400dbars].  PTS/O2,T83,Phase,RawTemp/NO3/pH/FSig{},BbSig,TSig: 400.2dbars 6.6797C 33.9827PSU / 2.303mL/L 6.678C 29.044 0.972 / 34.4uM / -0.845314V / {  52   61}   88  564
(Jun 24 2026 20:20:39,  879821 sec) Profile()            Sample 21 initiated at 381.5dbars for bin 23 [380dbars].  PTS/O2,T83,Phase,RawTemp/NO3/pH/FSig{},BbSig,TSig: 381.4dbars 7.1457C 33.9814PSU / 2.613mL/L 7.132C 27.915 0.959 / 32.6uM / -0.843638V / {  52   63}   91  564
(Jun 24 2026 20:23:53,  880015 sec) Profile()            Sample 22 initiated at 361.6dbars for bin 24 [360dbars].  PTS/O2,T83,Phase,RawTemp/NO3/pH/FSig{},BbSig,TSig: 361.5dbars 7.3291C 33.9710PSU / 3.016mL/L 7.321C 26.714 0.954 / 31.0uM / -0.841667V / {  52   61}   90  564
(Jun 24 2026 20:25:38,  880120 sec) Profile()            Sample 23 initiated at 351.0dbars for bin 25 [350dbars].  PTS/O2,T83,Phase,RawTemp/NO3/pH/FSig{},BbSig,TSig: 350.9dbars 7.5692C 33.9742PSU / 3.164mL/L 7.552C 26.252 0.947 / 30.1uM / -0.840202V / {  50   59}   89  563
(Jun 24 2026 20:27:13,  880215 sec) Profile()            Sample 24 initiated at 341.6dbars for bin 26 [340dbars].  PTS/O2,T83,Phase,RawTemp/NO3/pH/FSig{},BbSig,TSig: 341.5dbars 7.7012C 33.9674PSU / 3.355mL/L 7.693C 25.732 0.943 / 29.2uM / -0.839030V / {  50   57}   90  563
(Jun 24 2026 20:28:58,  880320 sec) Profile()            Sample 25 initiated at 331.7dbars for bin 27 [330dbars].  PTS/O2,T83,Phase,RawTemp/NO3/pH/FSig{},BbSig,TSig: 331.6dbars 7.8887C 33.9710PSU / 3.508mL/L 7.879C 25.307 0.938 / 28.4uM / -0.838342V / {  51   59}   89  563
(Jun 24 2026 20:30:54,  880436 sec) Profile()            Sample 26 initiated at 321.3dbars for bin 28 [320dbars].  PTS/O2,T83,Phase,RawTemp/NO3/pH/FSig{},BbSig,TSig: 321.2dbars 8.0259C 33.9682PSU / 3.650mL/L 8.018C 24.939 0.934 / 27.8uM / -0.837523V / {  50   57}   89  563
(Jun 24 2026 20:32:51,  880553 sec) Profile()            Sample 27 initiated at 311.5dbars for bin 29 [310dbars].  PTS/O2,T83,Phase,RawTemp/NO3/pH/FSig{},BbSig,TSig: 311.4dbars 8.2026C 33.9608PSU / 3.805mL/L 8.192C 24.541 0.929 / 26.8uM / -0.836254V / {  51   56}   88  562
(Jun 24 2026 20:34:58,  880680 sec) Profile()            Sample 28 initiated at 301.5dbars for bin 30 [300dbars].  PTS/O2,T83,Phase,RawTemp/NO3/pH/FSig{},BbSig,TSig: 301.4dbars 8.3854C 33.9564PSU / 4.082mL/L 8.376C 23.908 0.923 / 25.3uM / -0.834617V / {  50   55}   87  562
(Jun 24 2026 20:36:16,  880758 sec) AscentControlAgent() Bouyancy nudge to 111 (v=0.078dbar/sec).
(Jun 24 2026 20:36:16,  880758 sec) PistonMoveAbsWTO()    101->111 102 103 104 105 106 [30sec, 14.7Volts, 0.208Amps, CPT:1427sec]
(Jun 24 2026 20:37:36,  880838 sec) Profile()            Sample 29 initiated at 289.6dbars for bin 31 [290dbars].  PTS/O2,T83,Phase,RawTemp/NO3/pH/FSig{},BbSig,TSig: 289.5dbars 8.5804C 33.9595PSU / 4.374mL/L 8.576C 23.279 0.918 / 23.8uM / -0.832810V / {  50   52}   88  562
(Jun 24 2026 20:37:36,  880838 sec) PistonMoveAbsWTO()    106->111 107 108 109 110 111 [23sec, 14.6Volts, 0.217Amps, CPT:1450sec]
(Jun 24 2026 20:39:11,  880933 sec) Profile()            Sample 30 initiated at 281.0dbars for bin 32 [280dbars].  PTS/O2,T83,Phase,RawTemp/NO3/pH/FSig{},BbSig,TSig: 280.9dbars 8.8026C 33.9569PSU / 4.527mL/L 8.790C 22.930 0.912 / 23.4uM / -0.832409V / {  50   54}   85  562
(Jun 24 2026 20:40:45,  881027 sec) Profile()            Sample 31 initiated at 271.9dbars for bin 33 [270dbars].  PTS/O2,T83,Phase,RawTemp/NO3/pH/FSig{},BbSig,TSig: 271.8dbars 8.9528C 33.9597PSU / 4.566mL/L 8.943C 22.811 0.908 / 22.8uM / -0.832041V / {  48   52}   88  561
(Jun 24 2026 20:42:31,  881133 sec) Profile()            Sample 32 initiated at 261.9dbars for bin 34 [260dbars].  PTS/O2,T83,Phase,RawTemp/NO3/pH/FSig{},BbSig,TSig: 261.8dbars 9.2889C 33.9563PSU / 4.664mL/L 9.268C 22.534 0.899 / 21.1uM / -0.830372V / {  50   53}   87  561
(Jun 24 2026 20:44:27,  881249 sec) Profile()            Sample 33 initiated at 251.7dbars for bin 35 [250dbars].  PTS/O2,T83,Phase,RawTemp/NO3/pH/FSig{},BbSig,TSig: 251.6dbars 9.6296C 33.9508PSU / 4.872mL/L 9.612C 22.072 0.889 / 20.2uM / -0.829166V / {  50   51}   88  561
(Jun 24 2026 20:46:34,  881376 sec) Profile()            Sample 34 initiated at 241.7dbars for bin 36 [240dbars].  PTS/O2,T83,Phase,RawTemp/NO3/pH/FSig{},BbSig,TSig: 241.7dbars 9.7528C 33.9126PSU / 4.882mL/L 9.738C 22.015 0.886 / 19.4uM / -0.828784V / {  50   50}   89  560
(Jun 24 2026 20:49:04,  881526 sec) Profile()            Sample 35 initiated at 231.7dbars for bin 37 [230dbars].  PTS/O2,T83,Phase,RawTemp/NO3/pH/FSig{},BbSig,TSig: 231.6dbars 9.9917C 33.8796PSU / 4.978mL/L 9.980C 21.782 0.879 / 18.8uM / -0.828291V / {  48   50}   89  560
(Jun 24 2026 20:51:44,  881686 sec) Profile()            Sample 36 initiated at 221.4dbars for bin 38 [220dbars].  PTS/O2,T83,Phase,RawTemp/NO3/pH/FSig{},BbSig,TSig: 221.4dbars 10.4277C 33.8593PSU / 5.116mL/L 10.413C 21.430 0.868 / 17.0uM / -0.826784V / {  50   52}   88  560
(Jun 24 2026 20:51:44,  881686 sec) AscentControlAgent() Bouyancy nudge to 121 (v=0.065dbar/sec).
(Jun 24 2026 20:51:45,  881687 sec) PistonMoveAbsWTO()    111->121 112 113 114 115 116 [30sec, 14.7Volts, 0.195Amps, CPT:1480sec]
(Jun 24 2026 20:52:26,  881728 sec) PistonMoveAbsWTO()    116->121 117 118 119 120 121 [23sec, 14.7Volts, 0.195Amps, CPT:1503sec]
(Jun 24 2026 20:53:50,  881812 sec) Profile()            Sample 37 initiated at 211.6dbars for bin 39 [210dbars].  PTS/O2,T83,Phase,RawTemp/NO3/pH/FSig{},BbSig,TSig: 211.5dbars 10.6261C 33.8312PSU / 5.138mL/L 10.616C 21.332 0.862 / 16.1uM / -0.826212V / {  50   52}   93  559
(Jun 24 2026 20:55:24,  881906 sec) Profile()            Sample 38 initiated at 201.6dbars for bin 40 [200dbars].  PTS/O2,T83,Phase,RawTemp/NO3/pH/FSig{},BbSig,TSig: 201.5dbars 10.7550C 33.7758PSU / 5.126mL/L 10.742C 21.312 0.859 / 15.7uM / -0.825935V / {  51   54}   92  559
(Jun 24 2026 20:56:58,  882000 sec) Profile()            Sample 39 initiated at 191.8dbars for bin 41 [190dbars].  PTS/O2,T83,Phase,RawTemp/NO3/pH/FSig{},BbSig,TSig: 191.7dbars 11.0151C 33.7616PSU / 5.171mL/L 11.001C 21.163 0.852 / 14.6uM / -0.825008V / {  50   56}   94  559
(Jun 24 2026 20:58:44,  882106 sec) Profile()            Sample 40 initiated at 182.0dbars for bin 42 [180dbars].  PTS/O2,T83,Phase,RawTemp/NO3/pH/FSig{},BbSig,TSig: 181.9dbars 11.3901C 33.7316PSU / 5.242mL/L 11.370C 20.943 0.842 / 13.2uM / -0.823821V / {  54   61}  105  558
(Jun 24 2026 21:01:02,  882244 sec) Profile()            Sample 41 initiated at 171.5dbars for bin 43 [170dbars].  PTS/O2,T83,Phase,RawTemp/NO3/pH/FSig{},BbSig,TSig: 171.4dbars 11.9601C 33.7456PSU / 5.367mL/L 11.928C 20.590 0.828 / 11.0uM / -0.821928V / {  59   63}   96  558
(Jun 24 2026 21:04:05,  882427 sec) Profile()            Sample 42 initiated at 162.0dbars for bin 44 [160dbars].  PTS/O2,T83,Phase,RawTemp/NO3/pH/FSig{},BbSig,TSig: 161.9dbars 12.6490C 33.7669PSU / 5.586mL/L 12.630C 20.072 0.810 / 8.9uM / -0.820236V / {  68   74}  100  557
(Jun 24 2026 21:08:25,  882687 sec) Profile()            Sample 43 initiated at 151.9dbars for bin 45 [150dbars].  PTS/O2,T83,Phase,RawTemp/NO3/pH/FSig{},BbSig,TSig: 151.9dbars 13.1523C 33.7353PSU / 5.760mL/L 13.147C 19.686 0.797 / 6.8uM / -0.818501V / {  79   93}   97  556
(Jun 24 2026 21:12:11,  882913 sec) Profile()            Sample 44 initiated at 141.8dbars for bin 46 [140dbars].  PTS/O2,T83,Phase,RawTemp/NO3/pH/FSig{},BbSig,TSig: 141.8dbars 13.7678C 33.7866PSU / 5.886mL/L 13.754C 19.350 0.782 / 5.2uM / -0.816800V / {  84   97}  100  555
(Jun 24 2026 21:16:42,  883184 sec) Profile()            Sample 45 initiated at 131.9dbars for bin 47 [130dbars].  PTS/O2,T83,Phase,RawTemp/NO3/pH/FSig{},BbSig,TSig: 131.9dbars 14.3401C 33.8683PSU / 5.878mL/L 14.323C 19.202 0.769 / 4.6uM / -0.815905V / {  88   98}  106  554
(Jun 24 2026 21:17:26,  883228 sec) AscentControlAgent() Bouyancy nudge to 131 (v=0.032dbar/sec).
(Jun 24 2026 21:17:27,  883229 sec) PistonMoveAbsWTO()    121->131 122 123 124 125 126 [30sec, 14.8Volts, 0.185Amps, CPT:1533sec]
(Jun 24 2026 21:18:08,  883270 sec) PistonMoveAbsWTO()    126->131 127 128 129 130 131 [21sec, 14.8Volts, 0.179Amps, CPT:1554sec]
(Jun 24 2026 21:20:37,  883419 sec) Profile()            Sample 46 initiated at 121.8dbars for bin 48 [120dbars].  PTS/O2,T83,Phase,RawTemp/NO3/pH/FSig{},BbSig,TSig: 121.7dbars 14.8544C 33.9029PSU / 6.091mL/L 14.839C 18.794 0.756 / 2.8uM / -0.813903V / {  94  104}  105  553
(Jun 24 2026 21:23:40,  883602 sec) Profile()            Sample 47 initiated at 111.8dbars for bin 49 [110dbars].  PTS/O2,T83,Phase,RawTemp/NO3/pH/FSig{},BbSig,TSig: 111.8dbars 16.0969C 34.0942PSU / 6.180mL/L 16.061C 18.361 0.728 / 1.9uM / -0.811901V / { 100  121}  102  552
(Jun 24 2026 21:27:37,  883839 sec) Profile()            Sample 48 initiated at 101.7dbars for bin 50 [100dbars].  PTS/O2,T83,Phase,RawTemp/NO3/pH/FSig{},BbSig,TSig: 101.7dbars 16.8531C 34.1779PSU / 6.242mL/L 16.794C 18.099 0.711 / 1.7uM / -0.810913V / { 108  129}  108  551
(Jun 24 2026 21:29:34,  883956 sec) Profile()            Sample 49 initiated at 96.9dbars for bin 51 [95dbars].  PTS/O2,T83,Phase,RawTemp/NO3/pH/FSig{},BbSig,TSig: 96.8dbars 17.0834C 34.2270PSU / 6.252mL/L 17.066C 18.018 0.705 / 1.8uM / -0.810394V / {  94  113}  108  550
(Jun 24 2026 21:31:30,  884072 sec) Profile()            Sample 50 initiated at 91.5dbars for bin 52 [90dbars].  PTS/O2,T83,Phase,RawTemp/NO3/pH/FSig{},BbSig,TSig: 91.5dbars 17.1840C 34.2305PSU / 6.272mL/L 17.177C 17.967 0.703 / 1.8uM / -0.810137V / {  81  103}  107  550
(Jun 24 2026 21:33:15,  884177 sec) Profile()            Sample 51 initiated at 86.7dbars for bin 53 [85dbars].  PTS/O2,T83,Phase,RawTemp/NO3/pH/FSig{},BbSig,TSig: 86.6dbars 17.3115C 34.2173PSU / 6.282mL/L 17.299C 17.925 0.700 / 1.7uM / -0.809956V / {  76   92}  109  549
(Jun 24 2026 21:35:12,  884294 sec) Profile()            Sample 52 initiated at 81.6dbars for bin 54 [80dbars].  PTS/O2,T83,Phase,RawTemp/NO3/pH/FSig{},BbSig,TSig: 81.6dbars 17.3238C 34.1447PSU / 6.335mL/L 17.314C 17.860 0.700 / 1.8uM / -0.809719V / {  69   84}  108  549
(Jun 24 2026 21:37:30,  884432 sec) Profile()            Sample 53 initiated at 76.9dbars for bin 55 [75dbars].  PTS/O2,T83,Phase,RawTemp/NO3/pH/FSig{},BbSig,TSig: 76.9dbars 17.4036C 34.1383PSU / 6.378mL/L 17.397C 17.791 0.698 / 1.8uM / -0.809483V / {  72   75}  112  548
(Jun 24 2026 21:38:25,  884487 sec) AscentControlAgent() Bouyancy nudge to 136 (v=0.034dbar/sec).
(Jun 24 2026 21:38:26,  884488 sec) PistonMoveAbsWTO()    131->136 132 133 134 135 136 [25sec, 14.8Volts, 0.171Amps, CPT:1579sec]
(Jun 24 2026 21:40:14,  884596 sec) Profile()            Sample 54 initiated at 71.8dbars for bin 56 [70dbars].  PTS/O2,T83,Phase,RawTemp/NO3/pH/FSig{},BbSig,TSig: 71.8dbars 17.5535C 34.1356PSU / 6.382mL/L 17.546C 17.750 0.695 / 1.9uM / -0.809109V / {  77   74}  130  548
(Jun 24 2026 21:42:10,  884712 sec) Profile()            Sample 55 initiated at 66.6dbars for bin 57 [65dbars].  PTS/O2,T83,Phase,RawTemp/NO3/pH/FSig{},BbSig,TSig: 66.6dbars 18.1359C 34.2115PSU / 6.316mL/L 18.104C 17.685 0.682 / 2.0uM / -0.808743V / {  67   77}  110  548
(Jun 24 2026 21:43:27,  884789 sec) AscentControlAgent() Bouyancy nudge to 141 (v=0.039dbar/sec).
(Jun 24 2026 21:43:28,  884790 sec) PistonMoveAbsWTO()    136->141 137 138 139 140 141 [25sec, 14.8Volts, 0.169Amps, CPT:1604sec]
(Jun 24 2026 21:44:42,  884864 sec) Profile()            Sample 56 initiated at 61.1dbars for bin 58 [60dbars].  PTS/O2,T83,Phase,RawTemp/NO3/pH/FSig{},BbSig,TSig: 61.1dbars 18.5610C 34.2801PSU / 6.270mL/L 18.542C 17.629 0.673 / 2.1uM / -0.808267V / {  64   70}  109  547
(Jun 24 2026 21:46:05,  884947 sec) Profile()            Sample 57 initiated at 56.5dbars for bin 59 [55dbars].  PTS/O2,T83,Phase,RawTemp/NO3/pH/FSig{},BbSig,TSig: 56.5dbars 18.6565C 34.2901PSU / 6.271mL/L 18.648C 17.602 0.671 / 1.9uM / -0.808007V / {  65   65}  111  547
(Jun 24 2026 21:47:28,  885030 sec) Profile()            Sample 58 initiated at 51.5dbars for bin 60 [50dbars].  PTS/O2,T83,Phase,RawTemp/NO3/pH/FSig{},BbSig,TSig: 51.4dbars 18.6401C 34.2668PSU / 6.272mL/L 18.636C 17.604 0.671 / 1.9uM / -0.807892V / {  61   60}  114  547
(Jun 24 2026 21:48:51,  885113 sec) Profile()            Sample 59 initiated at 46.5dbars for bin 61 [45dbars].  PTS/O2,T83,Phase,RawTemp/NO3/pH/FSig{},BbSig,TSig: 46.5dbars 18.6533C 34.2561PSU / 6.283mL/L 18.651C 17.588 0.671 / 2.0uM / -0.807721V / {  60   58}  112  546
(Jun 24 2026 21:50:14,  885196 sec) Profile()            Sample 60 initiated at 41.6dbars for bin 62 [40dbars].  PTS/O2,T83,Phase,RawTemp/NO3/pH/FSig{},BbSig,TSig: 41.5dbars 18.6870C 34.2514PSU / 6.282mL/L 18.684C 17.581 0.670 / 2.0uM / -0.807529V / {  56   57}  108  546
(Jun 24 2026 21:51:37,  885279 sec) Profile()            Sample 61 initiated at 36.8dbars for bin 63 [35dbars].  PTS/O2,T83,Phase,RawTemp/NO3/pH/FSig{},BbSig,TSig: 36.8dbars 18.7938C 34.2390PSU / 6.274mL/L 18.789C 17.564 0.668 / 1.9uM / -0.807401V / {  53   53}  112  546
(Jun 24 2026 21:53:22,  885384 sec) Profile()            Sample 62 initiated at 31.6dbars for bin 64 [30dbars].  PTS/O2,T83,Phase,RawTemp/NO3/pH/FSig{},BbSig,TSig: 31.5dbars 18.8938C 34.2359PSU / 6.256mL/L 18.890C 17.560 0.666 / 2.0uM / -0.807249V / {  52   48}  111  545
(Jun 24 2026 21:55:07,  885489 sec) Profile()            Sample 63 initiated at 26.6dbars for bin 65 [25dbars].  PTS/O2,T83,Phase,RawTemp/NO3/pH/FSig{},BbSig,TSig: 26.6dbars 18.9575C 34.2328PSU / 6.254mL/L 18.954C 17.546 0.664 / 1.9uM / -0.807053V / {  50   49}  111  545
(Jun 24 2026 21:57:03,  885605 sec) Profile()            Sample 64 initiated at 22.0dbars for bin 66 [20dbars].  PTS/O2,T83,Phase,RawTemp/NO3/pH/FSig{},BbSig,TSig: 22.0dbars 19.0161C 34.1516PSU / 6.233mL/L 19.015C 17.556 0.663 / 2.0uM / -0.806960V / {  54   46}  114  545
(Jun 24 2026 21:59:05,  885727 sec) AscentControlAgent() Bouyancy nudge to 146 (v=0.032dbar/sec).
(Jun 24 2026 21:59:05,  885727 sec) PistonMoveAbsWTO()    141->146 142 143 [15sec, 14.9Volts, 0.166Amps, CPT:1619sec]
(Jun 24 2026 21:59:31,  885753 sec) PistonMoveAbsWTO()    143->146 144 145 146 [11sec, 14.9Volts, 0.156Amps, CPT:1630sec]
(Jun 24 2026 22:00:42,  885824 sec) Profile()            Sample 65 initiated at 16.6dbars for bin 67 [15dbars].  PTS/O2,T83,Phase,RawTemp/NO3/pH/FSig{},BbSig,TSig: 16.5dbars 19.0448C 34.0485PSU / 6.145mL/L 19.046C 17.649 0.662 / 2.0uM / -0.807041V / {  51   46}  112  545
(Jun 24 2026 22:02:27,  885929 sec) Profile()            Sample 66 initiated at 11.8dbars for bin 68 [10dbars].  PTS/O2,T83,Phase,RawTemp/NO3/pH/FSig{},BbSig,TSig: 11.7dbars 18.8787C 33.9311PSU / 6.173mL/L 18.885C 17.656 0.666 / 1.9uM / -0.806993V / {  51   48}  116  545
(Jun 24 2026 22:04:01,  886023 sec) Profile()            Sample 67 initiated at 7.9dbars for bin 69 [6dbars].  PTS/O2,T83,Phase,RawTemp/NO3/pH/FSig{},BbSig,TSig: 7.9dbars 18.8647C 33.9117PSU / 6.172mL/L 18.869C 17.661 0.666 / 2.0uM / -0.806739V / {  50   47}  114  545
(Jun 24 2026 22:04:13,  886035 sec) AscentControlAgent() Bouyancy nudge to 151 (v=0.040dbar/sec).
(Jun 24 2026 22:04:13,  886035 sec) PistonMoveAbsWTO()    146->151 147 148 [15sec, 14.9Volts, 0.161Amps, CPT:1645sec]
(Jun 24 2026 22:04:39,  886061 sec) PistonMoveAbsWTO()    148->151 149 150 151 [11sec, 14.9Volts, 0.154Amps, CPT:1656sec]
(Jun 24 2026 22:05:02,  886084 sec) SurfaceDetect()      SurfacePressure:-0.0dbars Pressure:3.9dbars PistonPosition:151
(Jun 24 2026 22:05:02,  886084 sec) Sbe41cpStopCP()      Continuous profile stopped.
(Jun 24 2026 22:05:06,  886088 sec) PistonMoveAbsWTO()    150->173 151 152 153 154 155 156 157 158 159 160 161 162 163 164 165 166 167 168 169 170 171 172 173 [113sec, 14.8Volts, 0.156Amps, CPT:1769sec]
(Jun 24 2026 22:07:04,  886206 sec) chat()               Expected string [S>] not received.
(Jun 24 2026 22:08:52,  886314 sec) Sbe41cpBinAverage()  Finished averaging 12701 samples in 103 seconds.
(Jun 24 2026 22:08:57,  886319 sec) Sbe41cpUploadCP_()   Sbe41cpSerNo[21418] NSample[12701] NBin[493]
(Jun 24 2026 22:09:28,  886350 sec) Sbe41cpUploadCP_()   Continuous profile uploaded [493 lines].
(Jun 24 2026 22:09:42,  886364 sec) MscErrorLog_()       No error records to log.
(Jun 24 2026 22:09:52,  886374 sec) MscErrorLog_()       No error records to log.

<EOT>
