(May 04 2026 12:02:49,  885189 sec) TelemetryInit()      Profile 4. (Apf11 FwRev: 070325)
(May 04 2026 12:02:49,  885189 sec) TelemetryInit()      Charge consumption model: OCV:15.2V Wake-Cycles:6975 Standby:41.2days Wake:6.0kC Sensors:0.4kC
(May 04 2026 12:08:05,  885505 sec) GetSurfaceObs()      P/O2,T83,Phase,RawTemp/FSig,BbSig,TSig: 0.1dbars / 6.292mL/L 17.702C 17.812 0.691 / 54,48,105
(May 04 2026 12:08:37,  885537 sec) GetSurfaceObs()      P/O2,T83,Phase,RawTemp/FSig,BbSig,TSig: 0.1dbars / 6.297mL/L 17.702C 17.807 0.691 / 53,50,118
(May 04 2026 12:09:10,  885570 sec) GetSurfaceObs()      P/O2,T83,Phase,RawTemp/FSig,BbSig,TSig: 0.2dbars / 6.312mL/L 17.704C 17.788 0.691 / 53,48,109
(May 04 2026 12:09:42,  885602 sec) GetSurfaceObs()      P/O2,T83,Phase,RawTemp/FSig,BbSig,TSig: 0.2dbars / 6.320mL/L 17.706C 17.780 0.691 / 52,48,111
(May 04 2026 12:13:21,  885821 sec) AirSystem()          Battery [214cnt, 15.0V]  Current [23cnt, 91.7mA]  Pneumometer [156cnt, 18.3psi]  Run-Time [104s]
(May 04 2026 12:13:33,  885833 sec) GetSurfaceObs()      P/O2,T83,Phase,RawTemp/FSig,BbSig,TSig: -0.0dbars / 6.301mL/L 17.394C 17.879 0.698 / 51,48,104
(May 04 2026 12:14:06,  885866 sec) GetSurfaceObs()      P/O2,T83,Phase,RawTemp/FSig,BbSig,TSig: 0.1dbars / 6.335mL/L 17.222C 17.884 0.702 / 52,49,108
(May 04 2026 12:14:38,  885898 sec) GetSurfaceObs()      P/O2,T83,Phase,RawTemp/FSig,BbSig,TSig: 0.1dbars / 6.275mL/L 17.571C 17.865 0.694 / 53,50,110
(May 04 2026 12:15:11,  885931 sec) GetSurfaceObs()      P/O2,T83,Phase,RawTemp/FSig,BbSig,TSig: -0.1dbars / 6.280mL/L 17.525C 17.870 0.695 / 52,50,108
(May 04 2026 12:15:43,  885963 sec) GetSurfaceObs()      P/O2,T83,Phase,RawTemp/FSig,BbSig,TSig: -0.0dbars / 6.330mL/L 17.159C 17.905 0.703 / 54,50,108
(May 04 2026 12:16:16,  885996 sec) GetSurfaceObs()      P/O2,T83,Phase,RawTemp/FSig,BbSig,TSig: -0.1dbars / 6.311mL/L 17.303C 17.890 0.700 / 51,50,106
(May 04 2026 12:16:48,  886028 sec) GetSurfaceObs()      P/O2,T83,Phase,RawTemp/FSig,BbSig,TSig: 0.1dbars / 6.341mL/L 17.148C 17.895 0.703 / 53,50,104
(May 04 2026 12:17:21,  886061 sec) GetSurfaceObs()      P/O2,T83,Phase,RawTemp/FSig,BbSig,TSig: -0.1dbars / 6.308mL/L 17.271C 17.902 0.701 / 52,47,110
(May 04 2026 12:17:40,  886080 sec) AirSystem()          Battery [215cnt, 15.1V]  Current [23cnt, 91.2mA]  Pneumometer [158cnt, 18.6psi]  Run-Time [9s]
(May 04 2026 12:18:14,  886114 sec) GetSurfaceObs()      P/O2,T83,Phase,RawTemp/FSig,BbSig,TSig: -0.0dbars / 6.297mL/L 17.340C 17.897 0.699 / 54,52,108
(May 04 2026 12:18:17,  886117 sec) GpsServices()        GPS almanac is current.
(May 04 2026 12:18:17,  886117 sec) GpsServices()        Initiating GPS fix acquisition.
(May 04 2026 12:18:19,  886119 sec) gga()                $GPGGA,121830,3119.3839,N,13039.6757,W,0,00,,,M,,M,,*46
(May 04 2026 12:18:28,  886128 sec) gga()                $GPGGA,121850,3119.3839,N,13039.6757,W,0,00,,,M,,M,,*40
(May 04 2026 12:18:38,  886138 sec) gga()                $GPGGA,121900,3119.3839,N,13039.6757,W,0,00,,,M,,M,,*44
(May 04 2026 12:18:49,  886149 sec) gga()                $GPGGA,121910,3119.3839,N,13039.6757,W,0,00,,,M,,M,,*45
(May 04 2026 12:18:58,  886158 sec) gga()                $GPGGA,121920,3119.3839,N,13039.6757,W,0,00,,,M,,M,,*46
(May 04 2026 12:19:10,  886170 sec) gga()                $GPGGA,121930,3115.2616,N,13049.8622,W,1,08,1.2,11.8,M,-40.6,M,,*40
(May 04 2026 12:19:10,  886170 sec) GpsServices()        Profile 4 GPS fix obtained in 53 seconds.
(May 04 2026 12:19:10,  886170 sec) GpsServices()                   lon      lat mm/dd/yyyy hhmmss nsat
(May 04 2026 12:19:10,  886170 sec) GpsServices()        Fix: -130.8310  31.2544 05/04/2026 121930    8
(May 04 2026 12:19:19,  886179 sec) gga()                $GPGGA,121940,3115.2616,N,13049.8641,W,1,07,1.4,12.7,M,-40.6,M,,*47
(May 04 2026 12:19:28,  886188 sec) gga()                $GPGGA,121950,3115.2618,N,13049.8646,W,1,07,1.4,12.0,M,-40.6,M,,*48
(May 04 2026 12:19:28,  886188 sec) GpsServices()        APF11 RTC skew (-22s) OK.
(May 04 2026 12:19:28,  886188 sec) GpsServices()        GPS services complete.
(May 04 2026 12:19:56,  886216 sec) IrGeoLoc()           <x,y,z>=<-3552km,-4136km,3296km> lat=31.326 lon=-130.656 IrSysTime=0x18cdf793
(May 04 2026 12:20:00,  886220 sec) CLogin()             Connecting to primary host.
(May 04 2026 12:20:14,  886234 sec) CLogin()             Connection 1 established in 14 seconds.
(May 04 2026 12:20:18,  886238 sec) login()              Login successful.
(May 04 2026 12:20:25,  886245 sec) CLogin()             Logged in to host.  [Login required 11 seconds]
(May 04 2026 12:20:26,  886246 sec) RxConfig()           Downloading "mission.cfg" from host.
(May 04 2026 12:20:41,  886261 sec) RxConfig()           Download successful: [bytes:33, sec:12.8, bps:3]
(May 04 2026 12:20:47,  886267 sec) WriteVitals_()       Writing vitals to "24583.004.msg".
(May 04 2026 12:20:53,  886273 sec) UpLoadFile()         Uploading "24583.004.log" to host.
(May 04 2026 12:23:43,  886443 sec) UpLoadFile()         Upload successful: [bytes:35724, sec:169.6, bps:211]
(May 04 2026 12:23:44,  886444 sec) fmove()              Moved: 24583.004.log -> archive/24583.004.log
(May 04 2026 12:23:51,  886451 sec) UpLoadFile()         Uploading "24583.004.msg" to host.
(May 04 2026 12:26:18,  886598 sec) UpLoadFile()         Upload successful: [bytes:41132, sec:147.0, bps:280]
(May 04 2026 12:26:19,  886599 sec) fmove()              Moved: 24583.004.msg -> archive/24583.004.msg
(May 04 2026 12:26:23,  886603 sec) UpLoadFile()         Uploading "24583.004.isus" to host.
(May 04 2026 12:28:15,  886715 sec) UpLoadFile()         Upload successful: [bytes:24675, sec:112.0, bps:220]
(May 04 2026 12:28:17,  886717 sec) fmove()              Moved: 24583.004.isus -> archive/24583.004.isus
(May 04 2026 12:28:21,  886721 sec) UpLoadFile()         Uploading "24583.004.dura" to host.
(May 04 2026 12:29:13,  886773 sec) UpLoadFile()         Upload successful: [bytes:12224, sec:52.1, bps:235]
(May 04 2026 12:29:14,  886774 sec) fmove()              Moved: 24583.004.dura -> archive/24583.004.dura
(May 04 2026 12:29:15,  886775 sec) UpLoad()             Files successfully uploaded: 4
(May 04 2026 12:29:15,  886775 sec) UpLoad()             Upload complete.
(May 04 2026 12:29:23,  886783 sec) chat()               Expected string [logout] not received.
(May 04 2026 12:29:23,  886783 sec) logout()             Attempt to log-out failed.
(May 04 2026 12:29:23,  886783 sec) logout()             No carrier detected.
(May 04 2026 12:29:23,  886783 sec) Telemetry()          Telemetry cycle complete: PrfId=4 ConnectionAttempts=1  Connections=1
(May 04 2026 12:29:23,  886783 sec) TelemetryTerminate() Parsing new mission configuration.
(May 04 2026 12:29:24,  886784 sec) configure()          Parsing configurators in "mission.cfg".
(May 04 2026 12:29:24,  886784 sec) configure()             TelemetryRetry(15)      [0x7BBC] [TelemetryRetry(15)].
(May 04 2026 12:29:25,  886785 sec) configure()          Configuration CRCs and syntax OK.
(May 04 2026 12:29:25,  886785 sec) ConfigSupervisor()   Configuration accepted.
(May 04 2026 12:29:25,  886785 sec) TelemetryTerminate() Reconditioning the file system.
(May 04 2026 12:29:28,       0 sec) DescentInit()        Deep profile 5 initiated at mission-time 886788sec.
(May 04 2026 12:29:29,       1 sec) DescentInit()        Surface pressure: -0.0dbars.
(May 04 2026 12:29:29,       1 sec) DescentInit()        Charge consumption model: OCV:14.9V Wake-Cycles:6976 Standby:41.2days Wake:6.0kC Sleep:0.4kC
(May 04 2026 12:29:41,      13 sec) DescentInit()        Pneumatic humidity: 1004(5.4%) -> 1105(8.3%)
(May 04 2026 12:29:42,      14 sec) PistonMoveAbsWTO()    172->040 171 170 169 168 167 166 165 164 163 162 161 160 159 158 157 156 155 154 153 152 151 150 149 148 147 146 145 144 143 142 141 140 139 138 137 136 135 134 133 132 131 130 129 128 127 126 125 124 123 122 121 120 119 118 117 116 115 114 113 112 111 110 109 108 107 106 105 104 103 102 101 100 099 098 097 096 095 094 093 092 091 090 089 088 087 086 085 084 083 082 081 080 079 078 077 076 075 074 073 072 071 070 069 068 067 066 065 064 063 062 061 060 059 058 057 056 055 054 053 052 051 050 049 048 047 046 045 044 043 042 041 040 [674sec, 14.9Volts, 0.128Amps, CPT:674sec]
(May 04 2026 12:41:01,     693 sec) DescentInit()        Air solenoid open: Barometer [203cnt,  11.9psi]  Pneumometer [101cnt,  11.9psi]
(May 04 2026 12:41:11,     703 sec) Descent()            Pressure: 55.6
(May 04 2026 13:29:28,    3600 sec) Descent()            Pressure: 465.0
(May 04 2026 14:29:28,    7200 sec) Descent()            Pressure: 773.4
(May 04 2026 15:29:28,   10800 sec) Descent()            Pressure: 945.8
(May 04 2026 16:29:28,   14400 sec) Descent()            Pressure: 973.0
(May 04 2026 16:29:29,   14401 sec) ParkInit()           Charge consumption model: OCV:15.5V Wake-Cycles:6981 Standby:41.4days Wake:6.3kC Sensors:0.4kC
(May 04 2026 18:29:35,   21607 sec) Park()               ParkPOutOfBand[-3, 971.6 dbars]: retract piston.
(May 04 2026 18:29:36,   21608 sec) PistonMoveAbsWTO()    040->039 039 [5sec, 15.3Volts, 0.079Amps, CPT:679sec]
(May 05 2026 03:29:35,   54007 sec) Park()               ParkPOutOfBand[3, 1015.0 dbars]: extend piston.
(May 05 2026 03:29:36,   54008 sec) PistonMoveAbsWTO()    039->040 040 [2sec, 14.9Volts, 0.413Amps, CPT:681sec]
(May 05 2026 14:29:35,   93607 sec) Park()               ParkPOutOfBand[3, 1011.9 dbars]: extend piston.
(May 05 2026 14:29:36,   93608 sec) PistonMoveAbsWTO()    040->041 041 [6sec, 14.9Volts, 0.399Amps, CPT:687sec]
(May 05 2026 17:29:35,  104407 sec) Park()               ParkPOutOfBand[-3, 988.7 dbars]: retract piston.
(May 05 2026 17:29:36,  104408 sec) PistonMoveAbsWTO()    041->040 040 [2sec, 15.2Volts, 0.085Amps, CPT:689sec]
(May 09 2026 17:29:35,  450007 sec) Park()               ParkPOutOfBand[3, 1015.2 dbars]: extend piston.
(May 09 2026 17:29:36,  450008 sec) PistonMoveAbsWTO()    040->041 041 [2sec, 14.8Volts, 0.409Amps, CPT:691sec]
(May 12 2026 20:29:35,  720007 sec) Park()               ParkPOutOfBand[3, 1014.0 dbars]: extend piston.
(May 12 2026 20:29:36,  720008 sec) PistonMoveAbsWTO()    041->042 042 [6sec, 14.8Volts, 0.385Amps, CPT:697sec]
(May 12 2026 23:29:35,  730807 sec) Park()               ParkPOutOfBand[-3, 986.5 dbars]: retract piston.
(May 12 2026 23:29:36,  730808 sec) PistonMoveAbsWTO()    042->041 041 [2sec, 15.1Volts, 0.092Amps, CPT:699sec]
(May 14 2026 08:30:00,  849632 sec) CtdPower()           [  993.94,  3.7829, 34.4600]
(May 14 2026 08:30:00,  849632 sec) CtdPower()           CTD Power consumption [218VCnt 3ACnt]: 15.333Volts * 0.012Amps = 0.19Watts.
(May 14 2026 08:30:07,  849639 sec) ParkTerminate()      Piston Position:41 Vacuum:192 HumidityAd12:1006(5.4%) Vq:220 Aq:2 Vsbe:218 Asbe:3 Vflbb:214 Aflbb:12 V83:216 A83:3 MuxTemp:3.854C MuxHumidity:4.1%
(May 14 2026 08:30:40,  849672 sec) ParkTerminate()      PTS/O2,T83,Phase,RawTemp: 994.0dbars 3.7830C 34.4599PSU / 0.630mL/L 3.785C 37.598 1.060
(May 14 2026 08:30:40,  849672 sec) ParkTerminate()      FLBB FSig{}, BbSig, TSig: {55, 67} 85, 568
(May 14 2026 08:30:41,  849673 sec) GoDeepInit()         Charge consumption model: OCV:15.4V Wake-Cycles:7213 Standby:51.0days Wake:6.6kC Sensors:0.4kC
(May 14 2026 08:30:41,  849673 sec) GoDeepInit()         Moving piston.
(May 14 2026 08:30:41,  849673 sec) PistonMoveAbsWTO()    041->012 040 039 038 037 036 035 034 033 032 031 030 029 028 027 026 025 024 023 022 021 020 019 018 017 016 015 014 013 012 [150sec, 15.0Volts, 0.050Amps, CPT:849sec]
(May 14 2026 12:29:28,  864000 sec) ProfileInit()        Charge consumption model: OCV:15.5V Wake-Cycles:7261 Standby:51.2days Wake:6.6kC Sensors:0.4kC
(May 14 2026 12:29:28,  864000 sec) ProfileInit()        PrfId:005  Pressure:1726.4dbar  pTable[3]:1700dbar
(May 14 2026 12:29:30,  864002 sec) ProfileInit()        Muxer PPIs K{1,2} quiescent: 15.36V, 0.0mA, 0.0mW
(May 14 2026 12:29:34,  864006 sec) ProfileInit()        ISUS powered up.
(May 14 2026 12:29:37,  864009 sec) ProfileInit()        Muxer PPIs K{1,2} w/ ISUS awake: 15.10V, 47.9mA, 723.5mW
(May 14 2026 12:29:44,  864016 sec) MscErrorLog_()       No error records to log.
(May 14 2026 12:29:51,  864023 sec) ProfileInit()        DURA powered up.
(May 14 2026 12:29:54,  864026 sec) ProfileInit()        Muxer PPIs K{1,2} w/ DURA awake: 15.11V, 49.1mA, 742.0mW
(May 14 2026 12:30:00,  864032 sec) MscErrorLog_()       No error records to log.
(May 14 2026 12:30:05,  864037 sec) PistonMoveAbsWTO()    012->034 013 014 015 016 017 [30sec, 14.5Volts, 0.528Amps, CPT:879sec]
(May 14 2026 12:30:47,  864079 sec) PistonMoveAbsWTO()    017->034 018 019 020 021 022 [30sec, 14.3Volts, 0.529Amps, CPT:909sec]
(May 14 2026 12:31:28,  864120 sec) PistonMoveAbsWTO()    022->034 023 024 025 026 027 [30sec, 14.2Volts, 0.537Amps, CPT:939sec]
(May 14 2026 12:32:09,  864161 sec) PistonMoveAbsWTO()    027->034 028 029 030 031 032 [30sec, 14.1Volts, 0.532Amps, CPT:969sec]
(May 14 2026 12:32:50,  864202 sec) PistonMoveAbsWTO()    032->034 033 034 [11sec, 14.2Volts, 0.552Amps, CPT:980sec]
(May 14 2026 12:36:13,  864405 sec) Profile()            Sample 0 initiated at 1701.1dbars for bin 3 [1700dbars].  PTS/O2,T83,Phase,RawTemp/NO3/pH/FSig{},BbSig,TSig: 1698.7dbars 2.4707C 34.5814PSU / 1.493mL/L 2.468C 33.445 1.101 / 42.6uM / -0.856675V / {  52   61}   83  570
(May 14 2026 12:51:11,  865303 sec) Profile()            Sample 1 initiated at 1601.6dbars for bin 4 [1600dbars].  PTS/O2,T83,Phase,RawTemp/NO3/pH/FSig{},BbSig,TSig: 1599.3dbars 2.6258C 34.5709PSU / 1.405mL/L 2.620C 33.779 1.097 / 43.0uM / -0.856745V / {  52   63}   82  570
(May 14 2026 13:08:00,  866312 sec) Profile()            Sample 2 initiated at 1501.2dbars for bin 5 [1500dbars].  PTS/O2,T83,Phase,RawTemp/NO3/pH/FSig{},BbSig,TSig: 1499.3dbars 2.7584C 34.5593PSU / 1.308mL/L 2.754C 34.175 1.092 / 43.2uM / -0.856708V / {  52   61}   83  570
(May 14 2026 13:20:20,  867052 sec) AscentControlAgent() Bouyancy nudge to 44 (v=0.076dbar/sec).
(May 14 2026 13:20:20,  867052 sec) PistonMoveAbsWTO()    034->044 035 036 037 038 039 [30sec, 14.6Volts, 0.472Amps, CPT:1010sec]
(May 14 2026 13:21:01,  867093 sec) PistonMoveAbsWTO()    039->044 040 041 042 043 044 [29sec, 14.4Volts, 0.472Amps, CPT:1039sec]
(May 14 2026 13:27:17,  867469 sec) Profile()            Sample 3 initiated at 1401.2dbars for bin 6 [1400dbars].  PTS/O2,T83,Phase,RawTemp/NO3/pH/FSig{},BbSig,TSig: 1398.9dbars 2.9395C 34.5444PSU / 1.218mL/L 2.932C 34.549 1.087 / 43.5uM / -0.856534V / {  54   62}   85  570
(May 14 2026 13:44:29,  868501 sec) Profile()            Sample 4 initiated at 1301.4dbars for bin 7 [1300dbars].  PTS/O2,T83,Phase,RawTemp/NO3/pH/FSig{},BbSig,TSig: 1299.5dbars 3.1416C 34.5290PSU / 1.126mL/L 3.136C 34.941 1.080 / 43.6uM / -0.856011V / {  53   62}   85  570
(May 14 2026 14:01:15,  869507 sec) AscentControlAgent() Bouyancy nudge to 54 (v=0.077dbar/sec).
(May 14 2026 14:01:15,  869507 sec) PistonMoveAbsWTO()    044->054 045 046 047 048 049 [30sec, 14.7Volts, 0.419Amps, CPT:1069sec]
(May 14 2026 14:01:56,  869548 sec) PistonMoveAbsWTO()    049->054 050 051 052 053 054 [28sec, 14.5Volts, 0.407Amps, CPT:1097sec]
(May 14 2026 14:04:30,  869702 sec) Profile()            Sample 5 initiated at 1201.5dbars for bin 8 [1200dbars].  PTS/O2,T83,Phase,RawTemp/NO3/pH/FSig{},BbSig,TSig: 1199.2dbars 3.3475C 34.5095PSU / 0.978mL/L 3.340C 35.652 1.074 / 43.9uM / -0.855752V / {  53   64}   85  569
(May 14 2026 14:21:09,  870701 sec) Profile()            Sample 6 initiated at 1101.4dbars for bin 9 [1100dbars].  PTS/O2,T83,Phase,RawTemp/NO3/pH/FSig{},BbSig,TSig: 1099.3dbars 3.5621C 34.4897PSU / 0.855mL/L 3.556C 36.280 1.067 / 44.3uM / -0.855403V / {  52   65}   86  569
(May 14 2026 14:38:32,  871744 sec) Profile()            Sample 7 initiated at 1001.5dbars for bin 10 [1000dbars].  PTS/O2,T83,Phase,RawTemp/NO3/pH/FSig{},BbSig,TSig: 999.9dbars 3.7960C 34.4577PSU / 0.691mL/L 3.790C 37.211 1.060 / 44.4uM / -0.855576V / {  54   67}   86  568
(May 14 2026 14:42:36,  871988 sec) Sbe41cpStartCP()     Continuous profile started.
(May 14 2026 14:42:37,  871989 sec) AscentControlAgent() Bouyancy nudge to 64 (v=0.074dbar/sec).
(May 14 2026 14:42:37,  871989 sec) PistonMoveAbsWTO()    054->064 055 056 057 058 059 [30sec, 14.7Volts, 0.371Amps, CPT:1127sec]
(May 14 2026 14:43:18,  872030 sec) PistonMoveAbsWTO()    059->064 060 061 062 063 064 [25sec, 14.5Volts, 0.375Amps, CPT:1152sec]
(May 14 2026 14:48:02,  872314 sec) Profile()            Sample 8 initiated at 951.8dbars for bin 11 [950dbars].  PTS/O2,T83,Phase,RawTemp/NO3/pH/FSig{},BbSig,TSig: 951.7dbars 3.9317C 34.4385PSU / 0.587mL/L 3.930C 37.849 1.055 / 44.6uM / -0.855742V / {  52   68}   86  568
(May 14 2026 14:56:35,  872827 sec) Profile()            Sample 9 initiated at 901.0dbars for bin 12 [900dbars].  PTS/O2,T83,Phase,RawTemp/NO3/pH/FSig{},BbSig,TSig: 901.0dbars 4.0701C 34.4183PSU / 0.525mL/L 4.069C 38.243 1.051 / 44.6uM / -0.855720V / {  53   67}   86  568
(May 14 2026 15:05:21,  873353 sec) Profile()            Sample 10 initiated at 851.8dbars for bin 13 [850dbars].  PTS/O2,T83,Phase,RawTemp/NO3/pH/FSig{},BbSig,TSig: 851.7dbars 4.2252C 34.3905PSU / 0.448mL/L 4.225C 38.761 1.046 / 44.5uM / -0.856041V / {  53   67}   85  568
(May 14 2026 15:13:39,  873851 sec) AscentControlAgent() Bouyancy nudge to 74 (v=0.079dbar/sec).
(May 14 2026 15:13:39,  873851 sec) PistonMoveAbsWTO()    064->074 065 066 067 068 069 [30sec, 14.6Volts, 0.328Amps, CPT:1182sec]
(May 14 2026 15:14:20,  873892 sec) PistonMoveAbsWTO()    069->074 070 071 072 073 074 [26sec, 14.5Volts, 0.320Amps, CPT:1208sec]
(May 14 2026 15:15:36,  873968 sec) Profile()            Sample 11 initiated at 801.1dbars for bin 14 [800dbars].  PTS/O2,T83,Phase,RawTemp/NO3/pH/FSig{},BbSig,TSig: 801.0dbars 4.3569C 34.3560PSU / 0.388mL/L 4.355C 39.188 1.042 / 44.5uM / -0.856244V / {  55   70}   84  568
(May 14 2026 15:23:14,  874426 sec) Profile()            Sample 12 initiated at 751.8dbars for bin 15 [750dbars].  PTS/O2,T83,Phase,RawTemp/NO3/pH/FSig{},BbSig,TSig: 751.7dbars 4.4693C 34.3282PSU / 0.365mL/L 4.468C 39.340 1.039 / 44.5uM / -0.855789V / {  53   70}   86  567
(May 14 2026 15:31:26,  874918 sec) Profile()            Sample 13 initiated at 701.0dbars for bin 16 [700dbars].  PTS/O2,T83,Phase,RawTemp/NO3/pH/FSig{},BbSig,TSig: 700.9dbars 4.5744C 34.2858PSU / 0.361mL/L 4.574C 39.357 1.035 / 44.2uM / -0.855832V / {  53   69}   90  567
(May 14 2026 15:40:11,  875443 sec) Profile()            Sample 14 initiated at 651.4dbars for bin 17 [650dbars].  PTS/O2,T83,Phase,RawTemp/NO3/pH/FSig{},BbSig,TSig: 651.3dbars 4.7219C 34.2469PSU / 0.397mL/L 4.719C 39.050 1.031 / 43.9uM / -0.855658V / {  53   71}   84  567
(May 14 2026 15:49:23,  875995 sec) AscentControlAgent() Bouyancy nudge to 84 (v=0.074dbar/sec).
(May 14 2026 15:49:23,  875995 sec) PistonMoveAbsWTO()    074->084 075 076 077 078 079 [30sec, 14.6Volts, 0.279Amps, CPT:1238sec]
(May 14 2026 15:50:04,  876036 sec) PistonMoveAbsWTO()    079->084 080 081 082 083 084 [25sec, 14.6Volts, 0.277Amps, CPT:1263sec]
(May 14 2026 15:51:20,  876112 sec) Profile()            Sample 15 initiated at 598.7dbars for bin 18 [600dbars].  PTS/O2,T83,Phase,RawTemp/NO3/pH/FSig{},BbSig,TSig: 598.7dbars 5.0078C 34.1989PSU / 0.517mL/L 5.006C 38.103 1.022 / 43.2uM / -0.855075V / {  54   70}   84  567
(May 14 2026 15:58:58,  876570 sec) Profile()            Sample 16 initiated at 551.5dbars for bin 19 [550dbars].  PTS/O2,T83,Phase,RawTemp/NO3/pH/FSig{},BbSig,TSig: 551.4dbars 5.2628C 34.1471PSU / 0.706mL/L 5.259C 36.769 1.014 / 42.2uM / -0.854178V / {  53   69}   87  566
(May 14 2026 16:07:43,  877095 sec) Profile()            Sample 17 initiated at 502.0dbars for bin 20 [500dbars].  PTS/O2,T83,Phase,RawTemp/NO3/pH/FSig{},BbSig,TSig: 501.9dbars 5.4930C 34.0963PSU / 0.994mL/L 5.489C 34.995 1.007 / 41.1uM / -0.852842V / {  54   67}   90  566
(May 14 2026 16:18:07,  877719 sec) Profile()            Sample 18 initiated at 451.9dbars for bin 21 [450dbars].  PTS/O2,T83,Phase,RawTemp/NO3/pH/FSig{},BbSig,TSig: 451.8dbars 5.9528C 34.0466PSU / 1.464mL/L 5.948C 32.513 0.994 / 38.8uM / -0.850364V / {  54   65}   93  565
(May 14 2026 16:19:57,  877829 sec) AscentControlAgent() Bouyancy nudge to 94 (v=0.068dbar/sec).
(May 14 2026 16:19:58,  877830 sec) PistonMoveAbsWTO()    084->094 085 086 087 088 089 [30sec, 14.7Volts, 0.248Amps, CPT:1293sec]
(May 14 2026 16:20:39,  877871 sec) PistonMoveAbsWTO()    089->094 090 091 092 093 094 [24sec, 14.6Volts, 0.240Amps, CPT:1317sec]
(May 14 2026 16:28:30,  878342 sec) Profile()            Sample 19 initiated at 401.6dbars for bin 22 [400dbars].  PTS/O2,T83,Phase,RawTemp/NO3/pH/FSig{},BbSig,TSig: 401.5dbars 6.5188C 34.0098PSU / 1.968mL/L 6.511C 30.273 0.977 / 36.0uM / -0.847377V / {  52   63}   88  565
(May 14 2026 16:32:06,  878558 sec) Profile()            Sample 20 initiated at 381.3dbars for bin 23 [380dbars].  PTS/O2,T83,Phase,RawTemp/NO3/pH/FSig{},BbSig,TSig: 381.2dbars 6.8046C 34.0001PSU / 2.254mL/L 6.799C 29.166 0.969 / 34.4uM / -0.845503V / {  52   65}   87  564
(May 14 2026 16:35:30,  878762 sec) Profile()            Sample 21 initiated at 361.7dbars for bin 24 [360dbars].  PTS/O2,T83,Phase,RawTemp/NO3/pH/FSig{},BbSig,TSig: 361.6dbars 7.0713C 33.9786PSU / 2.628mL/L 7.058C 27.896 0.961 / 32.8uM / -0.843588V / {  50   63}   89  564
(May 14 2026 16:37:27,  878879 sec) Profile()            Sample 22 initiated at 351.2dbars for bin 25 [350dbars].  PTS/O2,T83,Phase,RawTemp/NO3/pH/FSig{},BbSig,TSig: 351.1dbars 7.3070C 33.9806PSU / 2.763mL/L 7.285C 27.424 0.955 / 31.8uM / -0.842612V / {  51   63}   84  564
(May 14 2026 16:39:23,  878995 sec) Profile()            Sample 23 initiated at 341.5dbars for bin 26 [340dbars].  PTS/O2,T83,Phase,RawTemp/NO3/pH/FSig{},BbSig,TSig: 341.4dbars 7.4106C 33.9841PSU / 2.821mL/L 7.402C 27.222 0.951 / 31.4uM / -0.841976V / {  53   61}   91  564
(May 14 2026 16:41:31,  879123 sec) Profile()            Sample 24 initiated at 331.6dbars for bin 27 [330dbars].  PTS/O2,T83,Phase,RawTemp/NO3/pH/FSig{},BbSig,TSig: 331.6dbars 7.5435C 33.9762PSU / 3.013mL/L 7.537C 26.649 0.947 / 30.5uM / -0.840863V / {  52   61}   88  563
(May 14 2026 16:44:00,  879272 sec) Profile()            Sample 25 initiated at 321.4dbars for bin 28 [320dbars].  PTS/O2,T83,Phase,RawTemp/NO3/pH/FSig{},BbSig,TSig: 321.3dbars 7.7284C 33.9630PSU / 3.254mL/L 7.719C 25.969 0.942 / 29.3uM / -0.839390V / {  50   60}   89  563
(May 14 2026 16:45:50,  879382 sec) AscentControlAgent() Bouyancy nudge to 104 (v=0.064dbar/sec).
(May 14 2026 16:45:51,  879383 sec) PistonMoveAbsWTO()    094->104 095 096 097 098 099 [30sec, 14.7Volts, 0.216Amps, CPT:1347sec]
(May 14 2026 16:47:10,  879462 sec) Profile()            Sample 26 initiated at 310.0dbars for bin 29 [310dbars].  PTS/O2,T83,Phase,RawTemp/NO3/pH/FSig{},BbSig,TSig: 309.9dbars 7.8384C 33.9527PSU / 3.513mL/L 7.836C 25.311 0.939 / 28.2uM / -0.838115V / {  52   57}   88  563
(May 14 2026 16:47:11,  879463 sec) PistonMoveAbsWTO()    099->104 100 101 102 103 104 [22sec, 14.6Volts, 0.217Amps, CPT:1369sec]
(May 14 2026 16:48:55,  879567 sec) Profile()            Sample 27 initiated at 301.9dbars for bin 30 [300dbars].  PTS/O2,T83,Phase,RawTemp/NO3/pH/FSig{},BbSig,TSig: 301.9dbars 8.0063C 33.9538PSU / 3.673mL/L 8.001C 24.892 0.934 / 27.4uM / -0.837276V / {  50   60}   86  563
(May 14 2026 16:51:03,  879695 sec) Profile()            Sample 28 initiated at 291.4dbars for bin 31 [290dbars].  PTS/O2,T83,Phase,RawTemp/NO3/pH/FSig{},BbSig,TSig: 291.3dbars 8.1841C 33.9475PSU / 3.864mL/L 8.175C 24.421 0.929 / 26.4uM / -0.835888V / {  49   56}   86  562
(May 14 2026 16:51:03,  879695 sec) AscentControlAgent() Bouyancy nudge to 114 (v=0.078dbar/sec).
(May 14 2026 16:51:04,  879696 sec) PistonMoveAbsWTO()    104->114 105 106 107 108 109 [30sec, 14.6Volts, 0.207Amps, CPT:1399sec]
(May 14 2026 16:51:45,  879737 sec) PistonMoveAbsWTO()    109->114 110 111 112 113 114 [23sec, 14.6Volts, 0.213Amps, CPT:1422sec]
(May 14 2026 16:52:57,  879809 sec) Profile()            Sample 29 initiated at 281.2dbars for bin 32 [280dbars].  PTS/O2,T83,Phase,RawTemp/NO3/pH/FSig{},BbSig,TSig: 281.1dbars 8.3693C 33.9498PSU / 4.079mL/L 8.361C 23.919 0.924 / 25.1uM / -0.834568V / {  49   54}   87  562
(May 14 2026 16:54:31,  879903 sec) Profile()            Sample 30 initiated at 271.2dbars for bin 33 [270dbars].  PTS/O2,T83,Phase,RawTemp/NO3/pH/FSig{},BbSig,TSig: 271.1dbars 8.5752C 33.9400PSU / 4.270mL/L 8.563C 23.479 0.918 / 24.3uM / -0.833577V / {  50   53}  114  562
(May 14 2026 16:56:05,  879997 sec) Profile()            Sample 31 initiated at 261.0dbars for bin 34 [260dbars].  PTS/O2,T83,Phase,RawTemp/NO3/pH/FSig{},BbSig,TSig: 260.9dbars 8.8073C 33.9309PSU / 4.374mL/L 8.790C 23.209 0.912 / 23.2uM / -0.832440V / {  50   51}   86  562
(May 14 2026 16:57:39,  880091 sec) Profile()            Sample 32 initiated at 251.1dbars for bin 35 [250dbars].  PTS/O2,T83,Phase,RawTemp/NO3/pH/FSig{},BbSig,TSig: 251.0dbars 9.0122C 33.9156PSU / 4.577mL/L 9.000C 22.774 0.906 / 22.4uM / -0.831626V / {  50   52}   87  561
(May 14 2026 16:59:13,  880185 sec) Profile()            Sample 33 initiated at 241.3dbars for bin 36 [240dbars].  PTS/O2,T83,Phase,RawTemp/NO3/pH/FSig{},BbSig,TSig: 241.2dbars 9.2045C 33.8772PSU / 4.608mL/L 9.191C 22.656 0.901 / 22.1uM / -0.831620V / {  50   53}   95  561
(May 14 2026 17:00:47,  880279 sec) Profile()            Sample 34 initiated at 231.5dbars for bin 37 [230dbars].  PTS/O2,T83,Phase,RawTemp/NO3/pH/FSig{},BbSig,TSig: 231.4dbars 9.2493C 33.8473PSU / 4.520mL/L 9.243C 22.795 0.899 / 22.4uM / -0.832100V / {  48   51}   88  561
(May 14 2026 17:02:21,  880373 sec) Profile()            Sample 35 initiated at 221.9dbars for bin 38 [220dbars].  PTS/O2,T83,Phase,RawTemp/NO3/pH/FSig{},BbSig,TSig: 221.8dbars 9.5388C 33.7877PSU / 4.596mL/L 9.520C 22.572 0.892 / 20.9uM / -0.830802V / {  50   52}   86  560
(May 14 2026 17:04:06,  880478 sec) Profile()            Sample 36 initiated at 211.8dbars for bin 39 [210dbars].  PTS/O2,T83,Phase,RawTemp/NO3/pH/FSig{},BbSig,TSig: 211.7dbars 9.7120C 33.7625PSU / 4.724mL/L 9.702C 22.292 0.887 / 19.9uM / -0.830084V / {  50   54}   86  560
(May 14 2026 17:06:02,  880594 sec) Profile()            Sample 37 initiated at 201.8dbars for bin 40 [200dbars].  PTS/O2,T83,Phase,RawTemp/NO3/pH/FSig{},BbSig,TSig: 201.7dbars 10.2461C 33.7344PSU / 4.992mL/L 10.222C 21.684 0.873 / 16.7uM / -0.827114V / {  51   55}   88  560
(May 14 2026 17:08:31,  880743 sec) Profile()            Sample 38 initiated at 191.6dbars for bin 41 [190dbars].  PTS/O2,T83,Phase,RawTemp/NO3/pH/FSig{},BbSig,TSig: 191.6dbars 10.6840C 33.6604PSU / 5.215mL/L 10.668C 21.198 0.861 / 14.4uM / -0.825608V / {  55   62}   94  559
(May 14 2026 17:12:50,  881002 sec) Profile()            Sample 39 initiated at 181.7dbars for bin 42 [180dbars].  PTS/O2,T83,Phase,RawTemp/NO3/pH/FSig{},BbSig,TSig: 181.6dbars 11.4237C 33.6176PSU / 5.461mL/L 11.400C 20.612 0.842 / 11.2uM / -0.822752V / {  63   67}   91  559
(May 14 2026 17:16:20,  881212 sec) AscentControlAgent() Bouyancy nudge to 124 (v=0.025dbar/sec).
(May 14 2026 17:16:20,  881212 sec) PistonMoveAbsWTO()    114->124 115 116 117 118 119 [30sec, 14.8Volts, 0.192Amps, CPT:1452sec]
(May 14 2026 17:17:01,  881253 sec) PistonMoveAbsWTO()    119->124 120 121 122 123 124 [23sec, 14.7Volts, 0.188Amps, CPT:1475sec]
(May 14 2026 17:18:24,  881336 sec) Profile()            Sample 40 initiated at 171.5dbars for bin 43 [170dbars].  PTS/O2,T83,Phase,RawTemp/NO3/pH/FSig{},BbSig,TSig: 171.4dbars 12.0201C 33.5959PSU / 5.673mL/L 11.992C 20.139 0.826 / 8.9uM / -0.820913V / {  72   77}  100  558
(May 14 2026 17:20:42,  881474 sec) Profile()            Sample 41 initiated at 162.0dbars for bin 44 [160dbars].  PTS/O2,T83,Phase,RawTemp/NO3/pH/FSig{},BbSig,TSig: 161.9dbars 12.6287C 33.5864PSU / 5.807mL/L 12.597C 19.782 0.811 / 6.8uM / -0.819304V / {  82   92}  100  557
(May 14 2026 17:23:55,  881667 sec) Profile()            Sample 42 initiated at 151.9dbars for bin 45 [150dbars].  PTS/O2,T83,Phase,RawTemp/NO3/pH/FSig{},BbSig,TSig: 151.9dbars 13.1802C 33.5729PSU / 5.944mL/L 13.157C 19.444 0.797 / 5.0uM / -0.817647V / {  91  101}   98  556
(May 14 2026 17:28:47,  881959 sec) Profile()            Sample 43 initiated at 141.9dbars for bin 46 [140dbars].  PTS/O2,T83,Phase,RawTemp/NO3/pH/FSig{},BbSig,TSig: 141.9dbars 13.5607C 33.5246PSU / 6.093mL/L 13.552C 19.145 0.787 / 4.1uM / -0.816829V / { 104  116}  106  555
(May 14 2026 17:31:33,  882125 sec) AscentControlAgent() Bouyancy nudge to 134 (v=0.023dbar/sec).
(May 14 2026 17:31:33,  882125 sec) PistonMoveAbsWTO()    124->134 125 126 127 128 129 [30sec, 14.8Volts, 0.185Amps, CPT:1505sec]
(May 14 2026 17:32:14,  882166 sec) PistonMoveAbsWTO()    129->134 130 131 132 133 134 [21sec, 14.8Volts, 0.180Amps, CPT:1526sec]
(May 14 2026 17:34:08,  882280 sec) Profile()            Sample 44 initiated at 131.5dbars for bin 47 [130dbars].  PTS/O2,T83,Phase,RawTemp/NO3/pH/FSig{},BbSig,TSig: 131.5dbars 14.2007C 33.5867PSU / 6.167mL/L 14.162C 18.886 0.772 / 2.4uM / -0.815254V / { 104  132}  102  554
(May 14 2026 17:36:37,  882429 sec) Profile()            Sample 45 initiated at 121.4dbars for bin 48 [120dbars].  PTS/O2,T83,Phase,RawTemp/NO3/pH/FSig{},BbSig,TSig: 121.3dbars 15.1491C 33.6822PSU / 6.273mL/L 15.121C 18.500 0.750 / 1.7uM / -0.813301V / { 127  164}  116  553
(May 14 2026 17:38:28,  882540 sec) PistonMoveAbsWTO()    134->134 [0sec, 0.0Volts, 0.000Amps, CPT:1526sec]
(May 14 2026 17:39:28,  882600 sec) Profile()            Sample 46 initiated at 111.9dbars for bin 49 [110dbars].  PTS/O2,T83,Phase,RawTemp/NO3/pH/FSig{},BbSig,TSig: 111.8dbars 16.1506C 33.8446PSU / 6.311mL/L 16.120C 18.194 0.726 / 1.4uM / -0.811691V / { 101  133}  121  552
(May 14 2026 17:43:25,  882837 sec) Profile()            Sample 47 initiated at 101.9dbars for bin 50 [100dbars].  PTS/O2,T83,Phase,RawTemp/NO3/pH/FSig{},BbSig,TSig: 101.9dbars 17.5584C 34.1756PSU / 6.271mL/L 17.534C 17.879 0.695 / 1.6uM / -0.809849V / {  66   75}  110  551
(May 14 2026 17:43:59,  882871 sec) PistonMoveAbsWTO()    134->134 [0sec, 0.0Volts, 0.000Amps, CPT:1526sec]
(May 14 2026 17:44:10,  882882 sec) PistonMoveAbsWTO()    134->134 [0sec, 0.0Volts, 0.000Amps, CPT:1526sec]
(May 14 2026 17:45:43,  882975 sec) Profile()            Sample 48 initiated at 96.7dbars for bin 51 [95dbars].  PTS/O2,T83,Phase,RawTemp/NO3/pH/FSig{},BbSig,TSig: 96.7dbars 17.4237C 34.0754PSU / 6.323mL/L 17.424C 17.847 0.697 / 1.5uM / -0.809821V / {  66  108}  106  550
(May 14 2026 17:46:06,  882998 sec) PistonMoveAbsWTO()    134->134 [0sec, 0.0Volts, 0.000Amps, CPT:1526sec]
(May 14 2026 17:46:50,  883042 sec) AscentControlAgent() Bouyancy nudge to 139 (v=0.037dbar/sec).
(May 14 2026 17:46:50,  883042 sec) PistonMoveAbsWTO()    134->139 135 136 137 138 139 [26sec, 14.8Volts, 0.177Amps, CPT:1552sec]
(May 14 2026 17:48:05,  883117 sec) Profile()            Sample 49 initiated at 91.6dbars for bin 52 [90dbars].  PTS/O2,T83,Phase,RawTemp/NO3/pH/FSig{},BbSig,TSig: 91.5dbars 17.4315C 34.0451PSU / 6.348mL/L 17.423C 17.818 0.697 / 1.6uM / -0.809671V / {  65   71}  107  549
(May 14 2026 17:49:28,  883200 sec) Profile()            Sample 50 initiated at 87.0dbars for bin 53 [85dbars].  PTS/O2,T83,Phase,RawTemp/NO3/pH/FSig{},BbSig,TSig: 86.9dbars 17.4419C 34.0142PSU / 6.353mL/L 17.440C 17.808 0.697 / 1.5uM / -0.809538V / {  63   65}  151  548
(May 14 2026 17:51:02,  883294 sec) Profile()            Sample 51 initiated at 81.5dbars for bin 54 [80dbars].  PTS/O2,T83,Phase,RawTemp/NO3/pH/FSig{},BbSig,TSig: 81.4dbars 17.5682C 33.9918PSU / 6.347mL/L 17.564C 17.785 0.694 / 1.5uM / -0.809342V / {  60   66}  108  548
(May 14 2026 17:52:25,  883377 sec) Profile()            Sample 52 initiated at 76.9dbars for bin 55 [75dbars].  PTS/O2,T83,Phase,RawTemp/NO3/pH/FSig{},BbSig,TSig: 76.9dbars 17.6726C 33.9760PSU / 6.337mL/L 17.665C 17.770 0.692 / 1.7uM / -0.809204V / {  64   63}  105  548
(May 14 2026 17:53:59,  883471 sec) Profile()            Sample 53 initiated at 71.9dbars for bin 56 [70dbars].  PTS/O2,T83,Phase,RawTemp/NO3/pH/FSig{},BbSig,TSig: 71.9dbars 18.0677C 34.0569PSU / 6.294mL/L 18.048C 17.724 0.684 / 1.6uM / -0.808884V / {  61   66}  108  548
(May 14 2026 17:55:44,  883576 sec) Profile()            Sample 54 initiated at 66.6dbars for bin 57 [65dbars].  PTS/O2,T83,Phase,RawTemp/NO3/pH/FSig{},BbSig,TSig: 66.6dbars 17.7369C 33.9197PSU / 6.366mL/L 17.752C 17.716 0.690 / 1.6uM / -0.808919V / {  59   59}  109  547
(May 14 2026 17:57:29,  883681 sec) Profile()            Sample 55 initiated at 61.6dbars for bin 58 [60dbars].  PTS/O2,T83,Phase,RawTemp/NO3/pH/FSig{},BbSig,TSig: 61.6dbars 17.5956C 33.8400PSU / 6.386mL/L 17.603C 17.730 0.693 / 1.5uM / -0.809039V / {  59   59}  106  547
(May 14 2026 17:59:25,  883797 sec) Profile()            Sample 56 initiated at 56.9dbars for bin 59 [55dbars].  PTS/O2,T83,Phase,RawTemp/NO3/pH/FSig{},BbSig,TSig: 56.8dbars 17.3767C 33.7410PSU / 6.417mL/L 17.393C 17.748 0.698 / 1.6uM / -0.809025V / {  54   57}  108  547
(May 14 2026 18:01:54,  883946 sec) Profile()            Sample 57 initiated at 51.7dbars for bin 60 [50dbars].  PTS/O2,T83,Phase,RawTemp/NO3/pH/FSig{},BbSig,TSig: 51.7dbars 17.4740C 33.7298PSU / 6.406mL/L 17.474C 17.741 0.696 / 1.5uM / -0.808973V / {  56   55}  106  547
(May 14 2026 18:02:39,  883991 sec) AscentControlAgent() Bouyancy nudge to 144 (v=0.034dbar/sec).
(May 14 2026 18:02:39,  883991 sec) PistonMoveAbsWTO()    139->144 140 141 142 143 144 [25sec, 14.9Volts, 0.166Amps, CPT:1577sec]
(May 14 2026 18:03:26,  884038 sec) PistonMoveAbsWTO()    143->144 144 [0sec, 14.9Volts, 0.179Amps, CPT:1577sec]
(May 14 2026 18:04:16,  884088 sec) Profile()            Sample 58 initiated at 46.9dbars for bin 61 [45dbars].  PTS/O2,T83,Phase,RawTemp/NO3/pH/FSig{},BbSig,TSig: 46.9dbars 17.5598C 33.7325PSU / 6.379mL/L 17.553C 17.750 0.694 / 1.6uM / -0.808846V / {  56   52}  108  547
(May 14 2026 18:05:50,  884182 sec) Profile()            Sample 59 initiated at 41.6dbars for bin 62 [40dbars].  PTS/O2,T83,Phase,RawTemp/NO3/pH/FSig{},BbSig,TSig: 41.5dbars 17.7083C 33.7521PSU / 6.354mL/L 17.704C 17.742 0.691 / 1.5uM / -0.808693V / {  54   52}  106  547
(May 14 2026 18:07:13,  884265 sec) Profile()            Sample 60 initiated at 36.9dbars for bin 63 [35dbars].  PTS/O2,T83,Phase,RawTemp/NO3/pH/FSig{},BbSig,TSig: 36.9dbars 17.7004C 33.7352PSU / 6.353mL/L 17.698C 17.744 0.691 / 1.6uM / -0.808550V / {  53   50}  106  547
(May 14 2026 18:08:48,  884360 sec) Profile()            Sample 61 initiated at 31.7dbars for bin 64 [30dbars].  PTS/O2,T83,Phase,RawTemp/NO3/pH/FSig{},BbSig,TSig: 31.6dbars 17.7801C 33.7466PSU / 6.352mL/L 17.773C 17.726 0.690 / 1.7uM / -0.808416V / {  54   51}  109  547
(May 14 2026 18:10:23,  884455 sec) Profile()            Sample 62 initiated at 26.7dbars for bin 65 [25dbars].  PTS/O2,T83,Phase,RawTemp/NO3/pH/FSig{},BbSig,TSig: 26.7dbars 17.8269C 33.7488PSU / 6.358mL/L 17.825C 17.706 0.688 / 1.6uM / -0.808177V / {  55   51}  105  546
(May 14 2026 18:12:09,  884561 sec) Profile()            Sample 63 initiated at 21.5dbars for bin 66 [20dbars].  PTS/O2,T83,Phase,RawTemp/NO3/pH/FSig{},BbSig,TSig: 21.4dbars 17.8811C 33.7407PSU / 6.351mL/L 17.876C 17.701 0.687 / 1.7uM / -0.808025V / {  52   49}  107  547
(May 14 2026 18:13:57,  884669 sec) Profile()            Sample 64 initiated at 16.7dbars for bin 67 [15dbars].  PTS/O2,T83,Phase,RawTemp/NO3/pH/FSig{},BbSig,TSig: 16.7dbars 18.0863C 33.7212PSU / 6.332mL/L 18.075C 17.675 0.683 / 1.8uM / -0.807879V / {  55   51}  104  547
(May 14 2026 18:18:01,  884913 sec) AscentControlAgent() Bouyancy nudge to 149 (v=0.014dbar/sec).
(May 14 2026 18:18:01,  884913 sec) PistonMoveAbsWTO()    144->149 145 146 147 [15sec, 15.0Volts, 0.160Amps, CPT:1592sec]
(May 14 2026 18:18:27,  884939 sec) PistonMoveAbsWTO()    147->149 148 149 [11sec, 15.0Volts, 0.165Amps, CPT:1603sec]
(May 14 2026 18:20:01,  885033 sec) Profile()            Sample 65 initiated at 11.9dbars for bin 68 [10dbars].  PTS/O2,T83,Phase,RawTemp/NO3/pH/FSig{},BbSig,TSig: 11.9dbars 18.5309C 33.6394PSU / 6.265mL/L 18.531C 17.638 0.673 / 1.7uM / -0.807666V / {  51   48}  104  546
(May 14 2026 18:21:47,  885139 sec) Profile()            Sample 66 initiated at 7.7dbars for bin 69 [6dbars].  PTS/O2,T83,Phase,RawTemp/NO3/pH/FSig{},BbSig,TSig: 7.7dbars 18.5315C 33.6392PSU / 6.271mL/L 18.532C 17.630 0.673 / 1.7uM / -0.807480V / {  52   49}  108  546
(May 14 2026 18:23:07,  885219 sec) SurfaceDetect()      SurfacePressure:-0.0dbars Pressure:3.6dbars PistonPosition:149
(May 14 2026 18:23:07,  885219 sec) Sbe41cpStopCP()      Continuous profile stopped.
(May 14 2026 18:23:10,  885222 sec) PistonMoveAbsWTO()    149->171 150 151 152 153 154 155 156 157 158 159 160 161 162 163 164 165 166 167 168 169 170 171 [113sec, 14.8Volts, 0.153Amps, CPT:1716sec]
(May 14 2026 18:25:08,  885340 sec) chat()               Expected string [S>] not received.
(May 14 2026 18:26:59,  885451 sec) Sbe41cpBinAverage()  Finished averaging 13244 samples in 106 seconds.
(May 14 2026 18:27:04,  885456 sec) Sbe41cpUploadCP_()   Sbe41cpSerNo[21418] NSample[13244] NBin[493]
(May 14 2026 18:27:35,  885487 sec) Sbe41cpUploadCP_()   Continuous profile uploaded [493 lines].
(May 14 2026 18:27:49,  885501 sec) MscErrorLog_()       No error records to log.
(May 14 2026 18:27:59,  885511 sec) MscErrorLog_()       No error records to log.

<EOT>
