(Apr 03 2026 16:49:01,   47894 sec) TelemetryInit()      Profile 1. (Apf11 FwRev: 070325)
(Apr 03 2026 16:49:01,   47894 sec) TelemetryInit()      Charge consumption model: OCV:15.1V Wake-Cycles:1583 Standby:10.8days Wake:2.6kC Sensors:0.1kC
(Apr 03 2026 16:54:16,   48209 sec) GetSurfaceObs()      P/O2,T83,Phase,RawTemp/FSig,BbSig,TSig: 0.3dbars / 6.377mL/L 17.541C 17.756 0.695 / 51,37,102
(Apr 03 2026 16:54:48,   48241 sec) GetSurfaceObs()      P/O2,T83,Phase,RawTemp/FSig,BbSig,TSig: 0.3dbars / 6.363mL/L 17.543C 17.772 0.695 / 51,43,105
(Apr 03 2026 16:55:21,   48274 sec) GetSurfaceObs()      P/O2,T83,Phase,RawTemp/FSig,BbSig,TSig: 0.2dbars / 6.363mL/L 17.539C 17.773 0.695 / 50,46,101
(Apr 03 2026 16:55:53,   48306 sec) GetSurfaceObs()      P/O2,T83,Phase,RawTemp/FSig,BbSig,TSig: 0.2dbars / 6.367mL/L 17.551C 17.765 0.694 / 50,50,102
(Apr 03 2026 16:59:34,   48527 sec) AirSystem()          Battery [214cnt, 15.0V]  Current [24cnt, 93.4mA]  Pneumometer [155cnt, 18.2psi]  Run-Time [105s]
(Apr 03 2026 16:59:46,   48539 sec) GetSurfaceObs()      P/O2,T83,Phase,RawTemp/FSig,BbSig,TSig: 0.0dbars / 6.422mL/L 17.057C 17.827 0.705 / 50,52,109
(Apr 03 2026 17:00:19,   48572 sec) GetSurfaceObs()      P/O2,T83,Phase,RawTemp/FSig,BbSig,TSig: 0.1dbars / 6.436mL/L 16.918C 17.847 0.708 / 50,48,108
(Apr 03 2026 17:00:51,   48604 sec) GetSurfaceObs()      P/O2,T83,Phase,RawTemp/FSig,BbSig,TSig: 0.2dbars / 6.386mL/L 17.205C 17.831 0.702 / 49,42,101
(Apr 03 2026 17:01:24,   48637 sec) GetSurfaceObs()      P/O2,T83,Phase,RawTemp/FSig,BbSig,TSig: -0.0dbars / 6.519mL/L 16.596C 17.836 0.716 / 50,50,100
(Apr 03 2026 17:01:56,   48669 sec) GetSurfaceObs()      P/O2,T83,Phase,RawTemp/FSig,BbSig,TSig: 0.0dbars / 6.404mL/L 17.057C 17.848 0.705 / 52,42,102
(Apr 03 2026 17:02:29,   48702 sec) GetSurfaceObs()      P/O2,T83,Phase,RawTemp/FSig,BbSig,TSig: 0.1dbars / 6.384mL/L 17.140C 17.849 0.703 / 83,46,158
(Apr 03 2026 17:03:01,   48734 sec) GetSurfaceObs()      P/O2,T83,Phase,RawTemp/FSig,BbSig,TSig: 0.0dbars / 6.365mL/L 17.438C 17.795 0.697 / 50,47,101
(Apr 03 2026 17:03:34,   48767 sec) GetSurfaceObs()      P/O2,T83,Phase,RawTemp/FSig,BbSig,TSig: 0.0dbars / 6.386mL/L 17.173C 17.838 0.703 / 50,46,106
(Apr 03 2026 17:03:44,   48777 sec) AirSystem()          Air-bladder inflation by-passed. Pneumatic Pressure: [155cnt, 18.2psi].
(Apr 03 2026 17:04:17,   48810 sec) GetSurfaceObs()      P/O2,T83,Phase,RawTemp/FSig,BbSig,TSig: 0.0dbars / 6.410mL/L 17.043C 17.844 0.706 / 51,44,100
(Apr 03 2026 17:04:20,   48813 sec) GpsServices()        GPS almanac is current.
(Apr 03 2026 17:04:20,   48813 sec) GpsServices()        Initiating GPS fix acquisition.
(Apr 03 2026 17:04:24,   48817 sec) gga()                $GPGGA,170440,3132.3029,N,13014.2022,W,0,00,,,M,,M,,*47
(Apr 03 2026 17:04:34,   48827 sec) gga()                $GPGGA,170450,3132.3029,N,13014.2022,W,0,00,,,M,,M,,*46
(Apr 03 2026 17:04:43,   48836 sec) gga()                $GPGGA,170500,3132.3029,N,13014.2022,W,0,00,,,M,,M,,*42
(Apr 03 2026 17:04:44,   48837 sec) gga()                $GPGGA,170500,3132.3029,N,13014.2022,W,0,00,,,M,,M,,*42
(Apr 03 2026 17:04:53,   48846 sec) gga()                $GPGGA,170510,3132.3029,N,13014.2022,W,0,00,,,M,,M,,*43
(Apr 03 2026 17:05:03,   48856 sec) gga()                $GPGGA,170520,3132.3029,N,13014.2022,W,0,00,,,M,,M,,*40
(Apr 03 2026 17:05:14,   48867 sec) gga()                $GPGGA,170530,3132.0997,N,13014.6110,W,1,11,0.8,3.9,M,-41.2,M,,*7D
(Apr 03 2026 17:05:14,   48867 sec) GpsServices()        Profile 1 GPS fix obtained in 54 seconds.
(Apr 03 2026 17:05:14,   48867 sec) GpsServices()                   lon      lat mm/dd/yyyy hhmmss nsat
(Apr 03 2026 17:05:14,   48867 sec) GpsServices()        Fix: -130.2435  31.5350 04/03/2026 170530   11
(Apr 03 2026 17:05:24,   48877 sec) gga()                $GPGGA,170540,3132.1005,N,13014.6111,W,1,11,0.8,5.8,M,-41.2,M,,*7F
(Apr 03 2026 17:05:33,   48886 sec) gga()                $GPGGA,170550,3132.1009,N,13014.6109,W,1,11,0.8,6.4,M,-41.2,M,,*74
(Apr 03 2026 17:05:33,   48886 sec) GpsServices()        APF11 RTC skew (-17s) OK.
(Apr 03 2026 17:05:33,   48886 sec) GpsServices()        GPS services complete.
(Apr 03 2026 17:06:01,   48914 sec) IrGeoLoc()           <x,y,z>=<-3512km,-4152km,3316km> lat=31.544 lon=-130.226 IrSysTime=0x1798ccbb
(Apr 03 2026 17:06:05,   48918 sec) CLogin()             Connecting to primary host.
(Apr 03 2026 17:06:20,   48933 sec) CLogin()             Connection 1 established in 15 seconds.
(Apr 03 2026 17:06:24,   48937 sec) login()              Login successful.
(Apr 03 2026 17:06:30,   48943 sec) CLogin()             Logged in to host.  [Login required 10 seconds]
(Apr 03 2026 17:06:31,   48944 sec) RxConfig()           Downloading "mission.cfg" from host.
(Apr 03 2026 17:07:01,   48974 sec) readline()           No carrier, aborting ZMODEM transfer.
(Apr 03 2026 17:07:04,   48977 sec) sendline()           No carrier, aborting ZMODEM transfer.
(Apr 03 2026 17:07:05,   48978 sec) RxConfig()           Download failed.
(Apr 03 2026 17:07:10,   48983 sec) RxConfig()           No carrier detected.
(Apr 03 2026 17:07:10,   48983 sec) DownLoadMissionCfg() Keeping previous version of "mission.cfg".
(Apr 03 2026 17:07:14,   48987 sec) CLogin()             Connecting to primary host.
(Apr 03 2026 17:07:25,   48998 sec) CLogin()             Connection 2 established in 11 seconds.
(Apr 03 2026 17:07:58,   49031 sec) expect()             Attempt to read prompt string [Last login:] failed.
(Apr 03 2026 17:07:58,   49031 sec) login()              Login failed.
(Apr 03 2026 17:08:28,   49061 sec) expect()             Attempt to read prompt string [login:] failed.
(Apr 03 2026 17:08:28,   49061 sec) login()              Login prompt not received.
(Apr 03 2026 17:08:49,   49082 sec) CLogin()             Connection 3 established in 95 seconds.
(Apr 03 2026 17:09:19,   49112 sec) expect()             Attempt to read prompt string [login:] failed.
(Apr 03 2026 17:09:19,   49112 sec) login()              Login prompt not received.
(Apr 03 2026 17:09:29,   49122 sec) login()              Login successful.
(Apr 03 2026 17:09:34,   49127 sec) chat()               Expected string [cmd>] not received.
(Apr 03 2026 17:09:34,   49127 sec) login()              Attempt to set the command prompt failed.
(Apr 03 2026 17:09:43,   49136 sec) CLogin()             Logged in to host.  [Login required 54 seconds]
(Apr 03 2026 17:09:47,   49140 sec) RxConfig()           Downloading "mission.cfg" from host.
(Apr 03 2026 17:10:11,   49164 sec) RxConfig()           Download successful: [bytes:33, sec:22.2, bps:1]
(Apr 03 2026 17:10:17,   49170 sec) WriteVitals_()       Writing vitals to "24583.001.msg".
(Apr 03 2026 17:10:23,   49176 sec) UpLoadFile()         Uploading "24583.001.log" to host.
(Apr 03 2026 17:12:11,   49284 sec) UpLoadFile()         Upload successful: [bytes:30999, sec:108.3, bps:286]
(Apr 03 2026 17:12:12,   49285 sec) fmove()              Moved: 24583.001.log -> archive/24583.001.log
(Apr 03 2026 17:12:16,   49289 sec) UpLoadFile()         Uploading "24583.001.msg" to host.
(Apr 03 2026 17:13:35,   49368 sec) UpLoadFile()         Upload successful: [bytes:18528, sec:78.2, bps:237]
(Apr 03 2026 17:13:36,   49369 sec) fmove()              Moved: 24583.001.msg -> archive/24583.001.msg
(Apr 03 2026 17:13:40,   49373 sec) UpLoadFile()         Uploading "24583.001.isus" to host.
(Apr 03 2026 17:14:44,   49437 sec) sendline()           No carrier, aborting ZMODEM transfer.
(Apr 03 2026 17:14:46,   49439 sec) UpLoadFile()         Upload failed.
(Apr 03 2026 17:14:50,   49443 sec) CLogin()             Connecting to primary host.
(Apr 03 2026 17:15:08,   49461 sec) CLogin()             Connection 4 established in 18 seconds.
(Apr 03 2026 17:15:42,   49495 sec) expect()             Attempt to read prompt string [Last login:] failed.
(Apr 03 2026 17:15:42,   49495 sec) login()              Login failed.
(Apr 03 2026 17:16:12,   49525 sec) expect()             Attempt to read prompt string [login:] failed.
(Apr 03 2026 17:16:12,   49525 sec) login()              Login prompt not received.
(Apr 03 2026 17:17:14,   49587 sec) chat()               Expected string [CONNECT] not received.
(Apr 03 2026 17:17:14,   49587 sec) modem_connect()      Modem command [AT+CBST=71,0,1;DT00881600005496] failed.
(Apr 03 2026 17:17:14,   49587 sec) connect()            Connection attempt failed.
(Apr 03 2026 17:17:14,   49587 sec) CLogin()             Attempt to connect to primary host failed after 2 tries.  Connecting to alternate host.
(Apr 03 2026 17:18:16,   49649 sec) chat()               Expected string [CONNECT] not received.
(Apr 03 2026 17:18:16,   49649 sec) modem_connect()      Modem command [ATDT0012066163256] failed.
(Apr 03 2026 17:18:16,   49649 sec) connect()            Connection attempt failed.
(Apr 03 2026 17:19:18,   49711 sec) chat()               Expected string [CONNECT] not received.
(Apr 03 2026 17:19:18,   49711 sec) modem_connect()      Modem command [ATDT0012066163256] failed.
(Apr 03 2026 17:19:18,   49711 sec) connect()            Connection attempt failed.
(Apr 03 2026 17:19:18,   49711 sec) CLogin()             Attempt to connect to primary and alternate hosts failed - aborting.
(Apr 03 2026 17:19:18,   49711 sec) UpLoad()             Files successfully uploaded: 2
(Apr 03 2026 17:19:18,   49711 sec) UpLoad()             Aborting upload: Retry limit [2] exceeded. Upload incomplete.
(Apr 03 2026 17:19:18,   49711 sec) logout()             No carrier detected.
(Apr 03 2026 17:19:18,   49711 sec) Telemetry()          Telemetry cycle complete: PrfId=1 ConnectionAttempts=7  Connections=4
(Apr 03 2026 17:34:34,   50627 sec) AirSystem()          Air-bladder inflation by-passed. Pneumatic Pressure: [155cnt, 18.2psi].
(Apr 03 2026 17:35:14,   50667 sec) GetSurfaceObs()      P/O2,T83,Phase,RawTemp/FSig,BbSig,TSig: 0.1dbars / 6.354mL/L 17.370C 17.825 0.698 / 48,45,102
(Apr 03 2026 17:35:16,   50669 sec) GpsServices()        GPS almanac is current.
(Apr 03 2026 17:35:16,   50669 sec) GpsServices()        Initiating GPS fix acquisition.
(Apr 03 2026 17:35:24,   50677 sec) gga()                $GPGGA,173540,3132.2016,N,13014.6183,W,6,07,1.6,10.1,M,-41.2,M,,*44
(Apr 03 2026 17:35:44,   50697 sec) gga()                $GPGGA,173600,3132.2032,N,13014.6191,W,1,08,1.0,7.8,M,-41.2,M,,*77
(Apr 03 2026 17:35:44,   50697 sec) GpsServices()        Profile 1 GPS fix obtained in 28 seconds.
(Apr 03 2026 17:35:44,   50697 sec) GpsServices()                   lon      lat mm/dd/yyyy hhmmss nsat
(Apr 03 2026 17:35:44,   50697 sec) GpsServices()        Fix: -130.2437  31.5367 04/03/2026 173600    8
(Apr 03 2026 17:35:54,   50707 sec) gga()                $GPGGA,173610,3132.2024,N,13014.6195,W,1,08,1.0,7.2,M,-41.2,M,,*7F
(Apr 03 2026 17:36:03,   50716 sec) gga()                $GPGGA,173620,3132.2027,N,13014.6195,W,1,08,1.0,7.5,M,-41.2,M,,*78
(Apr 03 2026 17:36:03,   50716 sec) GpsServices()        APF11 RTC skew (-17s) OK.
(Apr 03 2026 17:36:03,   50716 sec) GpsServices()        GPS services complete.
(Apr 03 2026 17:36:31,   50744 sec) IrGeoLoc()           <x,y,z>=<-3420km,-4224km,3316km> lat=31.559 lon=-128.996 IrSysTime=0x17a13df1
(Apr 03 2026 17:36:34,   50747 sec) CLogin()             Connecting to primary host.
(Apr 03 2026 17:36:52,   50765 sec) CLogin()             Connection 5 established in 18 seconds.
(Apr 03 2026 17:37:22,   50795 sec) expect()             Attempt to read prompt string [login:] failed.
(Apr 03 2026 17:37:22,   50795 sec) login()              Login prompt not received.
(Apr 03 2026 17:37:33,   50806 sec) login()              Login successful.
(Apr 03 2026 17:37:37,   50810 sec) CLogin()             Logged in to host.  [Login required 45 seconds]
(Apr 03 2026 17:37:40,   50813 sec) RxConfig()           Downloading "mission.cfg" from host.
(Apr 03 2026 17:37:55,   50828 sec) RxConfig()           Download successful: [bytes:33, sec:13.0, bps:3]
(Apr 03 2026 17:38:05,   50838 sec) UpLoadFile()         Uploading "24583.001.isus" to host.
(Apr 03 2026 17:39:11,   50904 sec) UpLoadFile()         Upload successful: [bytes:13695, sec:66.1, bps:207]
(Apr 03 2026 17:39:12,   50905 sec) fmove()              Moved: 24583.001.isus -> archive/24583.001.isus
(Apr 03 2026 17:39:16,   50909 sec) UpLoadFile()         Uploading "24583.001.dura" to host.
(Apr 03 2026 17:40:09,   50962 sec) UpLoadFile()         Upload successful: [bytes:11836, sec:52.8, bps:224]
(Apr 03 2026 17:40:10,   50963 sec) fmove()              Moved: 24583.001.dura -> archive/24583.001.dura
(Apr 03 2026 17:40:12,   50965 sec) UpLoad()             Files successfully uploaded: 2
(Apr 03 2026 17:40:12,   50965 sec) UpLoad()             Upload complete.
(Apr 03 2026 17:40:19,   50972 sec) chat()               Expected string [logout] not received.
(Apr 03 2026 17:40:19,   50972 sec) logout()             Attempt to log-out failed.
(Apr 03 2026 17:40:19,   50972 sec) logout()             No carrier detected.
(Apr 03 2026 17:40:19,   50972 sec) Telemetry()          Telemetry cycle complete: PrfId=1 ConnectionAttempts=8  Connections=5
(Apr 03 2026 17:40:19,   50972 sec) TelemetryTerminate() Parsing new mission configuration.
(Apr 03 2026 17:40:20,   50973 sec) configure()          Parsing configurators in "mission.cfg".
(Apr 03 2026 17:40:20,   50973 sec) configure()             TelemetryRetry(15)      [0x7BBC] [TelemetryRetry(15)].
(Apr 03 2026 17:40:21,   50974 sec) configure()          Configuration CRCs and syntax OK.
(Apr 03 2026 17:40:21,   50974 sec) ConfigSupervisor()   Configuration accepted.
(Apr 03 2026 17:40:21,   50974 sec) TelemetryTerminate() Reconditioning the file system.
(Apr 03 2026 17:40:24,       0 sec) DescentInit()        Deep profile 2 initiated at mission-time 50977sec.
(Apr 03 2026 17:40:25,       1 sec) DescentInit()        Surface pressure: 0.2dbars.
(Apr 03 2026 17:40:25,       1 sec) DescentInit()        Charge consumption model: OCV:15.0V Wake-Cycles:1585 Standby:10.8days Wake:2.8kC Sleep:0.1kC
(Apr 03 2026 17:40:37,      13 sec) DescentInit()        Pneumatic humidity: 1001(5.3%) -> 1072(7.4%)
(Apr 03 2026 17:40:38,      14 sec) PistonMoveAbsWTO()    165->066 164 163 162 161 160 159 158 157 156 155 154 153 152 151 150 149 148 147 146 145 144 143 142 141 140 139 138 137 136 135 134 133 132 131 130 129 128 127 126 125 124 123 122 123 122 121 120 119 118 117 116 115 114 113 112 111 110 109 108 107 106 105 104 103 102 101 100 099 098 097 096 095 094 093 092 091 090 089 088 087 086 085 084 083 082 081 080 079 078 077 076 075 074 073 072 071 070 069 068 067 066 [504sec, 14.9Volts, 0.139Amps, CPT:504sec]
(Apr 03 2026 17:49:06,     522 sec) DescentInit()        Air solenoid open: Barometer [203cnt,  11.9psi]  Pneumometer [101cnt,  11.9psi]
(Apr 03 2026 17:49:16,     532 sec) Descent()            Pressure: 16.3
(Apr 03 2026 18:40:24,    3600 sec) Descent()            Pressure: 329.8
(Apr 03 2026 19:40:24,    7200 sec) Descent()            Pressure: 470.8
(Apr 03 2026 20:40:24,   10800 sec) Descent()            Pressure: 485.0
(Apr 03 2026 21:40:24,   14400 sec) Descent()            Pressure: 489.1
(Apr 03 2026 21:40:25,   14401 sec) ParkInit()           Charge consumption model: OCV:15.5V Wake-Cycles:1590 Standby:10.9days Wake:2.9kC Sensors:0.1kC
(Apr 03 2026 23:40:31,   21607 sec) Park()               ParkPOutOfBand[-3, 491.8 dbars]: retract piston.
(Apr 03 2026 23:40:32,   21608 sec) PistonMoveAbsWTO()    066->065 065 [4sec, 15.2Volts, 0.119Amps, CPT:508sec]
(Apr 04 2026 02:40:31,   32407 sec) Park()               ParkPOutOfBand[-3, 492.4 dbars]: retract piston.
(Apr 04 2026 02:40:32,   32408 sec) PistonMoveAbsWTO()    065->064 064 [5sec, 15.2Volts, 0.118Amps, CPT:513sec]
(Apr 04 2026 05:40:31,   43207 sec) Park()               ParkPOutOfBand[-3, 518.2 dbars]: retract piston.
(Apr 04 2026 05:40:32,   43208 sec) PistonMoveAbsWTO()    064->063 063 [5sec, 15.2Volts, 0.116Amps, CPT:518sec]
(Apr 04 2026 08:40:31,   54007 sec) Park()               ParkPOutOfBand[-3, 536.6 dbars]: retract piston.
(Apr 04 2026 08:40:32,   54008 sec) PistonMoveAbsWTO()    063->062 062 [4sec, 15.2Volts, 0.114Amps, CPT:522sec]
(Apr 04 2026 11:40:31,   64807 sec) Park()               ParkPOutOfBand[-3, 544.4 dbars]: retract piston.
(Apr 04 2026 11:40:32,   64808 sec) PistonMoveAbsWTO()    062->061 061 [5sec, 15.2Volts, 0.115Amps, CPT:527sec]
(Apr 04 2026 14:40:31,   75607 sec) Park()               ParkPOutOfBand[-3, 565.4 dbars]: retract piston.
(Apr 04 2026 14:40:32,   75608 sec) PistonMoveAbsWTO()    061->060 060 [5sec, 15.1Volts, 0.112Amps, CPT:532sec]
(Apr 04 2026 17:40:31,   86407 sec) Park()               ParkPOutOfBand[-3, 579.5 dbars]: retract piston.
(Apr 04 2026 17:40:32,   86408 sec) PistonMoveAbsWTO()    060->059 059 [4sec, 15.2Volts, 0.104Amps, CPT:536sec]
(Apr 04 2026 20:40:31,   97207 sec) Park()               ParkPOutOfBand[-3, 600.1 dbars]: retract piston.
(Apr 04 2026 20:40:32,   97208 sec) PistonMoveAbsWTO()    059->058 058 [5sec, 15.2Volts, 0.102Amps, CPT:541sec]
(Apr 04 2026 23:40:31,  108007 sec) Park()               ParkPOutOfBand[-3, 613.8 dbars]: retract piston.
(Apr 04 2026 23:40:32,  108008 sec) PistonMoveAbsWTO()    058->057 057 [5sec, 15.2Volts, 0.106Amps, CPT:546sec]
(Apr 05 2026 02:40:31,  118807 sec) Park()               ParkPOutOfBand[-3, 622.6 dbars]: retract piston.
(Apr 05 2026 02:40:32,  118808 sec) PistonMoveAbsWTO()    057->056 056 [4sec, 15.1Volts, 0.108Amps, CPT:550sec]
(Apr 05 2026 05:40:31,  129607 sec) Park()               ParkPOutOfBand[-3, 644.2 dbars]: retract piston.
(Apr 05 2026 05:40:32,  129608 sec) PistonMoveAbsWTO()    056->055 055 [5sec, 15.2Volts, 0.094Amps, CPT:555sec]
(Apr 05 2026 08:40:31,  140407 sec) Park()               ParkPOutOfBand[-3, 664.2 dbars]: retract piston.
(Apr 05 2026 08:40:32,  140408 sec) PistonMoveAbsWTO()    055->054 054 [4sec, 15.1Volts, 0.098Amps, CPT:559sec]
(Apr 05 2026 11:40:31,  151207 sec) Park()               ParkPOutOfBand[-3, 673.4 dbars]: retract piston.
(Apr 05 2026 11:40:32,  151208 sec) PistonMoveAbsWTO()    054->053 053 [6sec, 15.2Volts, 0.097Amps, CPT:565sec]
(Apr 05 2026 14:40:31,  162007 sec) Park()               ParkPOutOfBand[-3, 695.3 dbars]: retract piston.
(Apr 05 2026 14:40:32,  162008 sec) PistonMoveAbsWTO()    053->052 052 [5sec, 15.1Volts, 0.098Amps, CPT:570sec]
(Apr 05 2026 17:40:31,  172807 sec) Park()               ParkPOutOfBand[-3, 708.0 dbars]: retract piston.
(Apr 05 2026 17:40:32,  172808 sec) PistonMoveAbsWTO()    052->051 051 [5sec, 15.1Volts, 0.101Amps, CPT:575sec]
(Apr 05 2026 20:40:31,  183607 sec) Park()               ParkPOutOfBand[-3, 731.3 dbars]: retract piston.
(Apr 05 2026 20:40:32,  183608 sec) PistonMoveAbsWTO()    051->050 050 [5sec, 15.1Volts, 0.097Amps, CPT:580sec]
(Apr 05 2026 23:40:31,  194407 sec) Park()               ParkPOutOfBand[-3, 752.6 dbars]: retract piston.
(Apr 05 2026 23:40:32,  194408 sec) PistonMoveAbsWTO()    050->049 049 [5sec, 15.2Volts, 0.093Amps, CPT:585sec]
(Apr 06 2026 02:40:31,  205207 sec) Park()               ParkPOutOfBand[-3, 768.0 dbars]: retract piston.
(Apr 06 2026 02:40:32,  205208 sec) PistonMoveAbsWTO()    049->048 048 [5sec, 15.2Volts, 0.096Amps, CPT:590sec]
(Apr 06 2026 05:40:31,  216007 sec) Park()               ParkPOutOfBand[-3, 782.2 dbars]: retract piston.
(Apr 06 2026 05:40:32,  216008 sec) PistonMoveAbsWTO()    048->047 047 [4sec, 15.1Volts, 0.088Amps, CPT:594sec]
(Apr 06 2026 08:40:31,  226807 sec) Park()               ParkPOutOfBand[-3, 812.5 dbars]: retract piston.
(Apr 06 2026 08:40:32,  226808 sec) PistonMoveAbsWTO()    047->046 046 [6sec, 15.2Volts, 0.092Amps, CPT:600sec]
(Apr 06 2026 11:40:31,  237607 sec) Park()               ParkPOutOfBand[-3, 831.2 dbars]: retract piston.
(Apr 06 2026 11:40:32,  237608 sec) PistonMoveAbsWTO()    046->045 045 [5sec, 15.2Volts, 0.091Amps, CPT:605sec]
(Apr 06 2026 14:40:31,  248407 sec) Park()               ParkPOutOfBand[-3, 851.7 dbars]: retract piston.
(Apr 06 2026 14:40:32,  248408 sec) PistonMoveAbsWTO()    045->044 044 [4sec, 15.1Volts, 0.084Amps, CPT:609sec]
(Apr 06 2026 17:40:31,  259207 sec) Park()               ParkPOutOfBand[-3, 864.6 dbars]: retract piston.
(Apr 06 2026 17:40:32,  259208 sec) PistonMoveAbsWTO()    044->043 043 [5sec, 15.1Volts, 0.078Amps, CPT:614sec]
(Apr 06 2026 20:40:31,  270007 sec) Park()               ParkPOutOfBand[-3, 891.0 dbars]: retract piston.
(Apr 06 2026 20:40:32,  270008 sec) PistonMoveAbsWTO()    043->042 042 [6sec, 15.1Volts, 0.082Amps, CPT:620sec]
(Apr 06 2026 23:40:31,  280807 sec) Park()               ParkPOutOfBand[-3, 912.7 dbars]: retract piston.
(Apr 06 2026 23:40:32,  280808 sec) PistonMoveAbsWTO()    042->041 041 [4sec, 15.2Volts, 0.083Amps, CPT:624sec]
(Apr 07 2026 02:40:31,  291607 sec) Park()               ParkPOutOfBand[-3, 932.5 dbars]: retract piston.
(Apr 07 2026 02:40:32,  291608 sec) PistonMoveAbsWTO()    041->040 040 [5sec, 15.2Volts, 0.076Amps, CPT:629sec]
(Apr 07 2026 05:40:31,  302407 sec) Park()               ParkPOutOfBand[-3, 955.0 dbars]: retract piston.
(Apr 07 2026 05:40:32,  302408 sec) PistonMoveAbsWTO()    040->039 039 [5sec, 15.2Volts, 0.085Amps, CPT:634sec]
(Apr 07 2026 08:40:31,  313207 sec) Park()               ParkPOutOfBand[-3, 979.0 dbars]: retract piston.
(Apr 07 2026 08:40:32,  313208 sec) PistonMoveAbsWTO()    039->038 038 [5sec, 15.2Volts, 0.078Amps, CPT:639sec]
(Apr 08 2026 09:40:31,  403207 sec) Park()               ParkPOutOfBand[3, 1010.4 dbars]: extend piston.
(Apr 08 2026 09:40:32,  403208 sec) PistonMoveAbsWTO()    038->039 039 [2sec, 14.8Volts, 0.412Amps, CPT:641sec]
(Apr 10 2026 10:40:31,  579607 sec) Park()               ParkPOutOfBand[3, 1013.7 dbars]: extend piston.
(Apr 10 2026 10:40:32,  579608 sec) PistonMoveAbsWTO()    039->040 040 [6sec, 14.8Volts, 0.412Amps, CPT:647sec]
(Apr 10 2026 23:40:31,  626407 sec) Park()               ParkPOutOfBand[-3, 986.6 dbars]: retract piston.
(Apr 10 2026 23:40:32,  626408 sec) PistonMoveAbsWTO()    040->039 039 [2sec, 15.1Volts, 0.076Amps, CPT:649sec]
(Apr 13 2026 13:40:56,  849632 sec) CtdPower()           [ 1002.76,  3.8015, 34.4570]
(Apr 13 2026 13:40:56,  849632 sec) CtdPower()           CTD Power consumption [218VCnt 3ACnt]: 15.328Volts * 0.013Amps = 0.19Watts.
(Apr 13 2026 13:41:03,  849639 sec) ParkTerminate()      Piston Position:39 Vacuum:192 HumidityAd12:1006(5.4%) Vq:220 Aq:2 Vsbe:218 Asbe:3 Vflbb:214 Aflbb:12 V83:216 A83:3 MuxTemp:3.864C MuxHumidity:3.9%
(Apr 13 2026 13:41:36,  849672 sec) ParkTerminate()      PTS/O2,T83,Phase,RawTemp: 1002.9dbars 3.8040C 34.4565PSU / 0.695mL/L 3.804C 37.182 1.059
(Apr 13 2026 13:41:36,  849672 sec) ParkTerminate()      FLBB FSig{}, BbSig, TSig: {53, 67} 87, 568
(Apr 13 2026 13:41:37,  849673 sec) GoDeepInit()         Charge consumption model: OCV:15.4V Wake-Cycles:1822 Standby:20.6days Wake:3.2kC Sensors:0.1kC
(Apr 13 2026 13:41:37,  849673 sec) GoDeepInit()         Moving piston.
(Apr 13 2026 13:41:37,  849673 sec) PistonMoveAbsWTO()    039->015 038 037 036 035 034 033 032 031 030 029 028 027 026 025 024 023 022 021 020 019 018 017 016 015 [124sec, 15.1Volts, 0.050Amps, CPT:773sec]
(Apr 13 2026 17:40:24,  864000 sec) ProfileInit()        Charge consumption model: OCV:15.5V Wake-Cycles:1870 Standby:20.7days Wake:3.2kC Sensors:0.1kC
(Apr 13 2026 17:40:24,  864000 sec) ProfileInit()        PrfId:002  Pressure:1603.4dbar  pTable[4]:1600dbar
(Apr 13 2026 17:40:26,  864002 sec) ProfileInit()        Muxer PPIs K{1,2} quiescent: 15.35V, 0.3mA, 4.6mW
(Apr 13 2026 17:40:30,  864006 sec) ProfileInit()        ISUS powered up.
(Apr 13 2026 17:40:33,  864009 sec) ProfileInit()        Muxer PPIs K{1,2} w/ ISUS awake: 15.11V, 48.9mA, 738.8mW
(Apr 13 2026 17:40:40,  864016 sec) MscErrorLog_()       No error records to log.
(Apr 13 2026 17:40:47,  864023 sec) ProfileInit()        DURA powered up.
(Apr 13 2026 17:40:50,  864026 sec) ProfileInit()        Muxer PPIs K{1,2} w/ DURA awake: 15.12V, 48.6mA, 734.6mW
(Apr 13 2026 17:40:56,  864032 sec) MscErrorLog_()       No error records to log.
(Apr 13 2026 17:41:02,  864038 sec) PistonMoveAbsWTO()    015->037 016 017 018 019 020 [30sec, 14.5Volts, 0.504Amps, CPT:803sec]
(Apr 13 2026 17:41:43,  864079 sec) PistonMoveAbsWTO()    020->037 021 022 023 024 025 [30sec, 14.3Volts, 0.526Amps, CPT:833sec]
(Apr 13 2026 17:43:24,  864180 sec) Profile()            Sample 0 initiated at 1601.3dbars for bin 4 [1600dbars].  PTS/O2,T83,Phase,RawTemp/NO3/pH/FSig{},BbSig,TSig: 1599.9dbars 2.6089C 34.5718PSU / 1.419mL/L 2.607C 33.721 1.097 / 42.5uM / -0.856986V / {  52   61}   82  570
(Apr 13 2026 17:43:24,  864180 sec) PistonMoveAbsWTO()    025->037 026 027 028 029 030 [30sec, 14.2Volts, 0.501Amps, CPT:863sec]
(Apr 13 2026 17:44:05,  864221 sec) PistonMoveAbsWTO()    030->037 031 032 033 034 035 [30sec, 14.1Volts, 0.507Amps, CPT:893sec]
(Apr 13 2026 17:44:46,  864262 sec) PistonMoveAbsWTO()    035->037 036 037 [10sec, 14.2Volts, 0.527Amps, CPT:903sec]
(Apr 13 2026 17:59:54,  865170 sec) Profile()            Sample 1 initiated at 1501.1dbars for bin 5 [1500dbars].  PTS/O2,T83,Phase,RawTemp/NO3/pH/FSig{},BbSig,TSig: 1499.0dbars 2.7777C 34.5559PSU / 1.325mL/L 2.774C 34.091 1.092 / 42.9uM / -0.857172V / {  53   62}   85  570
(Apr 13 2026 18:16:21,  866157 sec) Profile()            Sample 2 initiated at 1401.5dbars for bin 6 [1400dbars].  PTS/O2,T83,Phase,RawTemp/NO3/pH/FSig{},BbSig,TSig: 1399.5dbars 2.9513C 34.5449PSU / 1.277mL/L 2.945C 34.267 1.086 / 43.0uM / -0.856826V / {  53   64}   85  570
(Apr 13 2026 18:35:56,  867332 sec) Profile()            Sample 3 initiated at 1301.5dbars for bin 7 [1300dbars].  PTS/O2,T83,Phase,RawTemp/NO3/pH/FSig{},BbSig,TSig: 1300.0dbars 3.1405C 34.5293PSU / 1.176mL/L 3.135C 34.691 1.080 / 43.3uM / -0.856617V / {  52   64}   83  569
(Apr 13 2026 18:36:52,  867388 sec) AscentControlAgent() Bouyancy nudge to 47 (v=0.075dbar/sec).
(Apr 13 2026 18:36:52,  867388 sec) PistonMoveAbsWTO()    037->047 038 039 040 041 042 [30sec, 14.6Volts, 0.436Amps, CPT:933sec]
(Apr 13 2026 18:37:33,  867429 sec) PistonMoveAbsWTO()    042->047 043 044 045 046 047 [29sec, 14.4Volts, 0.439Amps, CPT:962sec]
(Apr 13 2026 18:54:18,  868434 sec) Profile()            Sample 4 initiated at 1201.2dbars for bin 8 [1200dbars].  PTS/O2,T83,Phase,RawTemp/NO3/pH/FSig{},BbSig,TSig: 1199.5dbars 3.3216C 34.5074PSU / 0.965mL/L 3.319C 35.728 1.074 / 43.8uM / -0.856795V / {  55   65}   85  569
(Apr 13 2026 19:02:24,  868920 sec) AscentControlAgent() Bouyancy nudge to 57 (v=0.080dbar/sec).
(Apr 13 2026 19:02:24,  868920 sec) PistonMoveAbsWTO()    047->057 048 049 050 051 052 [30sec, 14.6Volts, 0.402Amps, CPT:992sec]
(Apr 13 2026 19:03:05,  868961 sec) PistonMoveAbsWTO()    052->057 053 054 055 056 057 [27sec, 14.5Volts, 0.401Amps, CPT:1019sec]
(Apr 13 2026 19:12:05,  869501 sec) Profile()            Sample 5 initiated at 1101.9dbars for bin 9 [1100dbars].  PTS/O2,T83,Phase,RawTemp/NO3/pH/FSig{},BbSig,TSig: 1099.7dbars 3.5485C 34.4796PSU / 0.802mL/L 3.540C 36.594 1.067 / 44.3uM / -0.856571V / {  52   67}   86  569
(Apr 13 2026 19:27:26,  870422 sec) Profile()            Sample 6 initiated at 1000.9dbars for bin 10 [1000dbars].  PTS/O2,T83,Phase,RawTemp/NO3/pH/FSig{},BbSig,TSig: 998.7dbars 3.7681C 34.4563PSU / 0.697mL/L 3.763C 37.179 1.060 / 44.2uM / -0.856214V / {  53   67}   85  568
(Apr 13 2026 19:30:25,  870601 sec) Sbe41cpStartCP()     Continuous profile started.
(Apr 13 2026 19:35:41,  870917 sec) Profile()            Sample 7 initiated at 951.1dbars for bin 11 [950dbars].  PTS/O2,T83,Phase,RawTemp/NO3/pH/FSig{},BbSig,TSig: 951.0dbars 3.8990C 34.4446PSU / 0.614mL/L 3.898C 37.676 1.056 / 44.3uM / -0.856037V / {  54   68}   85  568
(Apr 13 2026 19:43:02,  871358 sec) AscentControlAgent() Bouyancy nudge to 67 (v=0.078dbar/sec).
(Apr 13 2026 19:43:03,  871359 sec) PistonMoveAbsWTO()    057->067 058 059 060 061 062 [30sec, 14.6Volts, 0.365Amps, CPT:1049sec]
(Apr 13 2026 19:43:44,  871400 sec) PistonMoveAbsWTO()    062->067 063 064 065 066 067 [25sec, 14.4Volts, 0.341Amps, CPT:1074sec]
(Apr 13 2026 19:45:44,  871520 sec) Profile()            Sample 8 initiated at 901.0dbars for bin 12 [900dbars].  PTS/O2,T83,Phase,RawTemp/NO3/pH/FSig{},BbSig,TSig: 900.9dbars 4.0510C 34.4212PSU / 0.534mL/L 4.049C 38.188 1.052 / 44.3uM / -0.856125V / {  54   69}   84  568
(Apr 13 2026 19:54:07,  872023 sec) Profile()            Sample 9 initiated at 850.8dbars for bin 13 [850dbars].  PTS/O2,T83,Phase,RawTemp/NO3/pH/FSig{},BbSig,TSig: 850.7dbars 4.1730C 34.3944PSU / 0.455mL/L 4.172C 38.718 1.048 / 44.4uM / -0.856362V / {  53   69}   83  568
(Apr 13 2026 20:02:18,  872514 sec) Profile()            Sample 10 initiated at 801.6dbars for bin 14 [800dbars].  PTS/O2,T83,Phase,RawTemp/NO3/pH/FSig{},BbSig,TSig: 801.5dbars 4.2949C 34.3643PSU / 0.384mL/L 4.294C 39.224 1.044 / 44.4uM / -0.856000V / {  52   70}   85  568
(Apr 13 2026 20:10:52,  873028 sec) Profile()            Sample 11 initiated at 751.9dbars for bin 15 [750dbars].  PTS/O2,T83,Phase,RawTemp/NO3/pH/FSig{},BbSig,TSig: 751.8dbars 4.3755C 34.3182PSU / 0.340mL/L 4.375C 39.553 1.041 / 44.2uM / -0.856381V / {  54   70}   84  567
(Apr 13 2026 20:18:46,  873502 sec) AscentControlAgent() Bouyancy nudge to 77 (v=0.080dbar/sec).
(Apr 13 2026 20:18:47,  873503 sec) PistonMoveAbsWTO()    067->077 068 069 070 071 072 [30sec, 14.6Volts, 0.317Amps, CPT:1104sec]
(Apr 13 2026 20:19:28,  873544 sec) PistonMoveAbsWTO()    072->077 073 074 075 076 077 [25sec, 14.5Volts, 0.313Amps, CPT:1129sec]
(Apr 13 2026 20:20:53,  873629 sec) Profile()            Sample 12 initiated at 701.5dbars for bin 16 [700dbars].  PTS/O2,T83,Phase,RawTemp/NO3/pH/FSig{},BbSig,TSig: 701.4dbars 4.5668C 34.2783PSU / 0.361mL/L 4.565C 39.357 1.036 / 43.9uM / -0.856092V / {  51   69}   84  567
(Apr 13 2026 20:29:04,  874120 sec) Profile()            Sample 13 initiated at 651.8dbars for bin 17 [650dbars].  PTS/O2,T83,Phase,RawTemp/NO3/pH/FSig{},BbSig,TSig: 651.8dbars 4.8043C 34.2317PSU / 0.429mL/L 4.802C 38.790 1.028 / 43.3uM / -0.855639V / {  53   68}   87  567
(Apr 13 2026 20:37:14,  874610 sec) Profile()            Sample 14 initiated at 601.2dbars for bin 18 [600dbars].  PTS/O2,T83,Phase,RawTemp/NO3/pH/FSig{},BbSig,TSig: 601.1dbars 5.0753C 34.1863PSU / 0.561mL/L 5.074C 37.779 1.020 / 42.5uM / -0.854975V / {  53   68}   85  567
(Apr 13 2026 20:46:41,  875177 sec) Profile()            Sample 15 initiated at 551.4dbars for bin 19 [550dbars].  PTS/O2,T83,Phase,RawTemp/NO3/pH/FSig{},BbSig,TSig: 551.3dbars 5.2799C 34.1308PSU / 0.779mL/L 5.278C 36.303 1.014 / 41.6uM / -0.854044V / {  53   67}   86  566
(Apr 13 2026 20:49:27,  875343 sec) AscentControlAgent() Bouyancy nudge to 87 (v=0.075dbar/sec).
(Apr 13 2026 20:49:27,  875343 sec) PistonMoveAbsWTO()    077->087 078 079 080 081 082 [30sec, 14.6Volts, 0.269Amps, CPT:1159sec]
(Apr 13 2026 20:50:08,  875384 sec) PistonMoveAbsWTO()    082->087 083 084 085 086 087 [25sec, 14.5Volts, 0.265Amps, CPT:1184sec]
(Apr 13 2026 20:55:57,  875733 sec) Profile()            Sample 16 initiated at 501.7dbars for bin 20 [500dbars].  PTS/O2,T83,Phase,RawTemp/NO3/pH/FSig{},BbSig,TSig: 501.6dbars 5.5903C 34.0812PSU / 1.144mL/L 5.588C 34.165 1.005 / 40.1uM / -0.852142V / {  52   66}   88  566
(Apr 13 2026 21:04:40,  876256 sec) Profile()            Sample 17 initiated at 452.0dbars for bin 21 [450dbars].  PTS/O2,T83,Phase,RawTemp/NO3/pH/FSig{},BbSig,TSig: 451.9dbars 5.9900C 34.0429PSU / 1.516mL/L 5.983C 32.269 0.993 / 38.2uM / -0.849991V / {  52   64}   89  565
(Apr 13 2026 21:14:40,  876856 sec) Profile()            Sample 18 initiated at 401.6dbars for bin 22 [400dbars].  PTS/O2,T83,Phase,RawTemp/NO3/pH/FSig{},BbSig,TSig: 401.5dbars 6.6045C 34.0063PSU / 2.056mL/L 6.596C 29.923 0.975 / 35.3uM / -0.846948V / {  52   64}   88  565
(Apr 13 2026 21:14:52,  876868 sec) AscentControlAgent() Bouyancy nudge to 97 (v=0.078dbar/sec).
(Apr 13 2026 21:14:52,  876868 sec) PistonMoveAbsWTO()    087->097 088 089 090 091 092 [30sec, 14.7Volts, 0.246Amps, CPT:1214sec]
(Apr 13 2026 21:15:33,  876909 sec) PistonMoveAbsWTO()    092->097 093 094 095 096 097 [23sec, 14.6Volts, 0.239Amps, CPT:1237sec]
(Apr 13 2026 21:16:18,  876954 sec) PistonMoveAbsWTO()    097->097 [0sec, 0.0Volts, 0.000Amps, CPT:1237sec]
(Apr 13 2026 21:18:24,  877080 sec) Profile()            Sample 19 initiated at 381.9dbars for bin 23 [380dbars].  PTS/O2,T83,Phase,RawTemp/NO3/pH/FSig{},BbSig,TSig: 381.8dbars 6.8783C 33.9964PSU / 2.328mL/L 6.866C 28.900 0.967 / 33.9uM / -0.845441V / {  51   62}   87  564
(Apr 13 2026 21:21:59,  877295 sec) Profile()            Sample 20 initiated at 361.1dbars for bin 24 [360dbars].  PTS/O2,T83,Phase,RawTemp/NO3/pH/FSig{},BbSig,TSig: 361.1dbars 7.1530C 33.9852PSU / 2.580mL/L 7.143C 28.011 0.959 / 32.3uM / -0.843576V / {  51   63}   89  564
(Apr 13 2026 21:23:44,  877400 sec) Profile()            Sample 21 initiated at 351.4dbars for bin 25 [350dbars].  PTS/O2,T83,Phase,RawTemp/NO3/pH/FSig{},BbSig,TSig: 351.3dbars 7.2534C 33.9772PSU / 2.801mL/L 7.249C 27.327 0.956 / 31.6uM / -0.842497V / {  51   62}   89  564
(Apr 13 2026 21:25:29,  877505 sec) Profile()            Sample 22 initiated at 341.7dbars for bin 26 [340dbars].  PTS/O2,T83,Phase,RawTemp/NO3/pH/FSig{},BbSig,TSig: 341.6dbars 7.3415C 33.9715PSU / 2.936mL/L 7.335C 26.924 0.953 / 30.9uM / -0.841507V / {  51   61}   87  564
(Apr 13 2026 21:27:25,  877621 sec) Profile()            Sample 23 initiated at 331.3dbars for bin 27 [330dbars].  PTS/O2,T83,Phase,RawTemp/NO3/pH/FSig{},BbSig,TSig: 331.2dbars 7.4779C 33.9559PSU / 3.221mL/L 7.470C 26.134 0.949 / 29.1uM / -0.839037V / {  50   60}   91  563
(Apr 13 2026 21:29:21,  877737 sec) Profile()            Sample 24 initiated at 321.2dbars for bin 28 [320dbars].  PTS/O2,T83,Phase,RawTemp/NO3/pH/FSig{},BbSig,TSig: 321.1dbars 7.5894C 33.9471PSU / 3.521mL/L 7.583C 25.377 0.946 / 27.9uM / -0.837606V / {  52   57}   86  563
(Apr 13 2026 21:31:17,  877853 sec) Profile()            Sample 25 initiated at 311.3dbars for bin 29 [310dbars].  PTS/O2,T83,Phase,RawTemp/NO3/pH/FSig{},BbSig,TSig: 311.2dbars 7.6271C 33.9288PSU / 3.981mL/L 7.620C 24.364 0.945 / 26.5uM / -0.835651V / {  51   58}   88  563
(Apr 13 2026 21:33:15,  877971 sec) Profile()            Sample 26 initiated at 301.4dbars for bin 30 [300dbars].  PTS/O2,T83,Phase,RawTemp/NO3/pH/FSig{},BbSig,TSig: 301.3dbars 7.9036C 33.9358PSU / 4.190mL/L 7.888C 23.857 0.937 / 25.8uM / -0.834941V / {  51   53}   90  563
(Apr 13 2026 21:35:23,  878099 sec) Profile()            Sample 27 initiated at 291.4dbars for bin 31 [290dbars].  PTS/O2,T83,Phase,RawTemp/NO3/pH/FSig{},BbSig,TSig: 291.3dbars 8.1282C 33.9401PSU / 4.337mL/L 8.120C 23.499 0.931 / 24.4uM / -0.833827V / {  51   54}   87  562
(Apr 13 2026 21:36:20,  878156 sec) AscentControlAgent() Bouyancy nudge to 107 (v=0.078dbar/sec).
(Apr 13 2026 21:36:20,  878156 sec) PistonMoveAbsWTO()    097->107 098 099 100 101 102 [30sec, 14.7Volts, 0.218Amps, CPT:1267sec]
(Apr 13 2026 21:37:40,  878236 sec) Profile()            Sample 28 initiated at 281.1dbars for bin 32 [280dbars].  PTS/O2,T83,Phase,RawTemp/NO3/pH/FSig{},BbSig,TSig: 281.0dbars 8.2994C 33.9432PSU / 4.606mL/L 8.289C 22.954 0.926 / 23.4uM / -0.832278V / {  48   53}   86  562
(Apr 13 2026 21:37:41,  878237 sec) PistonMoveAbsWTO()    102->107 103 104 105 106 107 [23sec, 14.6Volts, 0.210Amps, CPT:1290sec]
(Apr 13 2026 21:39:27,  878343 sec) Profile()            Sample 29 initiated at 271.2dbars for bin 33 [270dbars].  PTS/O2,T83,Phase,RawTemp/NO3/pH/FSig{},BbSig,TSig: 271.1dbars 8.5005C 33.9494PSU / 4.745mL/L 8.491C 22.647 0.920 / 22.6uM / -0.831349V / {  52   50}   88  562
(Apr 13 2026 21:41:02,  878438 sec) Profile()            Sample 30 initiated at 262.0dbars for bin 34 [260dbars].  PTS/O2,T83,Phase,RawTemp/NO3/pH/FSig{},BbSig,TSig: 261.9dbars 8.7579C 33.9506PSU / 4.833mL/L 8.742C 22.416 0.913 / 21.7uM / -0.830519V / {  50   52}   87  562
(Apr 13 2026 21:42:59,  878555 sec) Profile()            Sample 31 initiated at 251.2dbars for bin 35 [250dbars].  PTS/O2,T83,Phase,RawTemp/NO3/pH/FSig{},BbSig,TSig: 251.1dbars 8.9761C 33.9511PSU / 4.938mL/L 8.964C 22.172 0.907 / 20.9uM / -0.829687V / {  50   51}   88  561
(Apr 13 2026 21:44:45,  878661 sec) Profile()            Sample 32 initiated at 241.6dbars for bin 36 [240dbars].  PTS/O2,T83,Phase,RawTemp/NO3/pH/FSig{},BbSig,TSig: 241.5dbars 9.1681C 33.9487PSU / 5.030mL/L 9.160C 21.960 0.902 / 20.2uM / -0.828988V / {  49   52}   87  561
(Apr 13 2026 21:46:31,  878767 sec) Profile()            Sample 33 initiated at 231.8dbars for bin 37 [230dbars].  PTS/O2,T83,Phase,RawTemp/NO3/pH/FSig{},BbSig,TSig: 231.7dbars 9.2982C 33.9441PSU / 5.071mL/L 9.289C 21.853 0.898 / 19.7uM / -0.828455V / {  50   51}   87  561
(Apr 13 2026 21:48:28,  878884 sec) Profile()            Sample 34 initiated at 221.1dbars for bin 38 [220dbars].  PTS/O2,T83,Phase,RawTemp/NO3/pH/FSig{},BbSig,TSig: 221.0dbars 9.5149C 33.9315PSU / 5.122mL/L 9.505C 21.704 0.892 / 19.2uM / -0.827997V / {  50   51}   88  560
(Apr 13 2026 21:50:14,  878990 sec) Profile()            Sample 35 initiated at 211.9dbars for bin 39 [210dbars].  PTS/O2,T83,Phase,RawTemp/NO3/pH/FSig{},BbSig,TSig: 211.8dbars 9.6835C 33.8983PSU / 5.118mL/L 9.672C 21.659 0.888 / 18.7uM / -0.827898V / {  49   51}   97  560
(Apr 13 2026 21:52:34,  879130 sec) Profile()            Sample 36 initiated at 201.3dbars for bin 40 [200dbars].  PTS/O2,T83,Phase,RawTemp/NO3/pH/FSig{},BbSig,TSig: 201.2dbars 10.0660C 33.8548PSU / 5.216mL/L 10.043C 21.390 0.878 / 16.9uM / -0.826414V / {  50   50}   90  560
(Apr 13 2026 21:55:15,  879291 sec) Profile()            Sample 37 initiated at 191.8dbars for bin 41 [190dbars].  PTS/O2,T83,Phase,RawTemp/NO3/pH/FSig{},BbSig,TSig: 191.7dbars 10.4208C 33.8350PSU / 5.330mL/L 10.402C 21.108 0.868 / 15.2uM / -0.825154V / {  50   51}   88  560
(Apr 13 2026 21:58:52,  879508 sec) Profile()            Sample 38 initiated at 181.6dbars for bin 42 [180dbars].  PTS/O2,T83,Phase,RawTemp/NO3/pH/FSig{},BbSig,TSig: 181.6dbars 10.7858C 33.7718PSU / 5.429mL/L 10.774C 20.847 0.858 / 13.8uM / -0.824114V / {  54   56}   88  559
(Apr 13 2026 22:01:39,  879675 sec) AscentControlAgent() Bouyancy nudge to 117 (v=0.036dbar/sec).
(Apr 13 2026 22:01:39,  879675 sec) PistonMoveAbsWTO()    107->117 108 109 110 111 112 [30sec, 14.8Volts, 0.192Amps, CPT:1320sec]
(Apr 13 2026 22:02:20,  879716 sec) PistonMoveAbsWTO()    112->117 113 114 115 116 117 [24sec, 14.7Volts, 0.191Amps, CPT:1344sec]
(Apr 13 2026 22:03:34,  879790 sec) Profile()            Sample 39 initiated at 171.8dbars for bin 43 [170dbars].  PTS/O2,T83,Phase,RawTemp/NO3/pH/FSig{},BbSig,TSig: 171.7dbars 11.2126C 33.6977PSU / 5.531mL/L 11.203C 20.572 0.847 / 11.6uM / -0.822854V / {  55   59}   94  558
(Apr 13 2026 22:06:03,  879939 sec) Profile()            Sample 40 initiated at 161.9dbars for bin 44 [160dbars].  PTS/O2,T83,Phase,RawTemp/NO3/pH/FSig{},BbSig,TSig: 161.8dbars 11.6580C 33.6203PSU / 5.580mL/L 11.629C 20.375 0.836 / 9.7uM / -0.821454V / {  65   92}   96  558
(Apr 13 2026 22:09:17,  880133 sec) Profile()            Sample 41 initiated at 151.9dbars for bin 45 [150dbars].  PTS/O2,T83,Phase,RawTemp/NO3/pH/FSig{},BbSig,TSig: 151.9dbars 12.0338C 33.5771PSU / 5.747mL/L 12.020C 20.030 0.826 / 8.3uM / -0.820267V / {  75   89}   99  557
(Apr 13 2026 22:13:59,  880415 sec) Profile()            Sample 42 initiated at 141.9dbars for bin 46 [140dbars].  PTS/O2,T83,Phase,RawTemp/NO3/pH/FSig{},BbSig,TSig: 141.9dbars 12.5364C 33.5292PSU / 5.909mL/L 12.521C 19.670 0.813 / 6.7uM / -0.818599V / {  86   94}   98  556
(Apr 13 2026 22:16:56,  880592 sec) AscentControlAgent() Bouyancy nudge to 127 (v=0.014dbar/sec).
(Apr 13 2026 22:16:56,  880592 sec) PistonMoveAbsWTO()    117->127 118 119 120 121 122 [30sec, 14.8Volts, 0.185Amps, CPT:1374sec]
(Apr 13 2026 22:17:37,  880633 sec) PistonMoveAbsWTO()    122->127 123 124 125 126 127 [23sec, 14.8Volts, 0.184Amps, CPT:1397sec]
(Apr 13 2026 22:20:29,  880805 sec) Profile()            Sample 43 initiated at 132.0dbars for bin 47 [130dbars].  PTS/O2,T83,Phase,RawTemp/NO3/pH/FSig{},BbSig,TSig: 131.9dbars 13.0692C 33.5372PSU / 6.048mL/L 13.055C 19.341 0.800 / 4.4uM / -0.816805V / {  99  118}  106  555
(Apr 13 2026 22:23:21,  880977 sec) Profile()            Sample 44 initiated at 121.5dbars for bin 48 [120dbars].  PTS/O2,T83,Phase,RawTemp/NO3/pH/FSig{},BbSig,TSig: 121.4dbars 14.1848C 33.6333PSU / 6.173mL/L 14.143C 18.884 0.773 / 2.0uM / -0.814607V / { 131  166}  116  555
(Apr 13 2026 22:26:23,  881159 sec) Profile()            Sample 45 initiated at 111.9dbars for bin 49 [110dbars].  PTS/O2,T83,Phase,RawTemp/NO3/pH/FSig{},BbSig,TSig: 111.9dbars 14.7483C 33.6695PSU / 6.319mL/L 14.724C 18.552 0.759 / 1.2uM / -0.813454V / { 165  215}  133  554
(Apr 13 2026 22:30:32,  881408 sec) Profile()            Sample 46 initiated at 101.8dbars for bin 50 [100dbars].  PTS/O2,T83,Phase,RawTemp/NO3/pH/FSig{},BbSig,TSig: 101.8dbars 15.5860C 33.7979PSU / 6.362mL/L 15.574C 18.277 0.739 / 1.0uM / -0.811679V / { 135  178}  125  553
(Apr 13 2026 22:32:12,  881508 sec) AscentControlAgent() Bouyancy nudge to 132 (v=0.031dbar/sec).
(Apr 13 2026 22:32:12,  881508 sec) PistonMoveAbsWTO()    127->132 128 129 130 131 132 [25sec, 14.8Volts, 0.174Amps, CPT:1422sec]
(Apr 13 2026 22:33:49,  881605 sec) Profile()            Sample 47 initiated at 96.9dbars for bin 51 [95dbars].  PTS/O2,T83,Phase,RawTemp/NO3/pH/FSig{},BbSig,TSig: 96.8dbars 16.5796C 33.9843PSU / 6.308mL/L 16.510C 18.095 0.718 / 1.0uM / -0.810399V / {  82   98}  117  552
(Apr 13 2026 22:35:45,  881721 sec) Profile()            Sample 48 initiated at 91.8dbars for bin 52 [90dbars].  PTS/O2,T83,Phase,RawTemp/NO3/pH/FSig{},BbSig,TSig: 91.8dbars 16.7417C 34.0015PSU / 6.342mL/L 16.727C 18.002 0.713 / 1.1uM / -0.809958V / {  69   75}  114  551
(Apr 13 2026 22:37:41,  881837 sec) Profile()            Sample 49 initiated at 86.8dbars for bin 53 [85dbars].  PTS/O2,T83,Phase,RawTemp/NO3/pH/FSig{},BbSig,TSig: 86.7dbars 16.6711C 33.9044PSU / 6.377mL/L 16.668C 17.976 0.714 / 1.1uM / -0.809866V / {  65   69}  114  550
(Apr 13 2026 22:40:00,  881976 sec) Profile()            Sample 50 initiated at 81.7dbars for bin 54 [80dbars].  PTS/O2,T83,Phase,RawTemp/NO3/pH/FSig{},BbSig,TSig: 81.7dbars 16.9352C 33.9129PSU / 6.348mL/L 16.906C 17.949 0.709 / 1.2uM / -0.809591V / {  69   69}  111  550
(Apr 13 2026 22:42:40,  882136 sec) Profile()            Sample 51 initiated at 76.9dbars for bin 55 [75dbars].  PTS/O2,T83,Phase,RawTemp/NO3/pH/FSig{},BbSig,TSig: 76.9dbars 16.9430C 33.8374PSU / 6.384mL/L 16.954C 17.896 0.708 / 1.2uM / -0.809318V / {  62   61}  113  549
(Apr 13 2026 22:42:52,  882148 sec) AscentControlAgent() Bouyancy nudge to 137 (v=0.031dbar/sec).
(Apr 13 2026 22:42:52,  882148 sec) PistonMoveAbsWTO()    132->137 133 134 135 136 137 [25sec, 14.8Volts, 0.175Amps, CPT:1447sec]
(Apr 13 2026 22:45:02,  882278 sec) Profile()            Sample 52 initiated at 72.0dbars for bin 56 [70dbars].  PTS/O2,T83,Phase,RawTemp/NO3/pH/FSig{},BbSig,TSig: 71.9dbars 16.8702C 33.7953PSU / 6.400mL/L 16.869C 17.899 0.710 / 1.1uM / -0.809211V / {  54   56}  112  549
(Apr 13 2026 22:46:36,  882372 sec) Profile()            Sample 53 initiated at 66.8dbars for bin 57 [65dbars].  PTS/O2,T83,Phase,RawTemp/NO3/pH/FSig{},BbSig,TSig: 66.8dbars 17.1504C 33.8441PSU / 6.383mL/L 17.136C 17.852 0.704 / 1.1uM / -0.808909V / {  56   54}  110  549
(Apr 13 2026 22:48:10,  882466 sec) Profile()            Sample 54 initiated at 61.8dbars for bin 58 [60dbars].  PTS/O2,T83,Phase,RawTemp/NO3/pH/FSig{},BbSig,TSig: 61.7dbars 16.9907C 33.7783PSU / 6.418mL/L 16.994C 17.847 0.707 / 1.1uM / -0.808737V / {  55   54}  109  548
(Apr 13 2026 22:49:45,  882561 sec) Profile()            Sample 55 initiated at 56.8dbars for bin 59 [55dbars].  PTS/O2,T83,Phase,RawTemp/NO3/pH/FSig{},BbSig,TSig: 56.7dbars 17.1539C 33.8062PSU / 6.400mL/L 17.143C 17.830 0.703 / 1.4uM / -0.808504V / {  53   50}  109  548
(Apr 13 2026 22:51:30,  882666 sec) Profile()            Sample 56 initiated at 51.8dbars for bin 60 [50dbars].  PTS/O2,T83,Phase,RawTemp/NO3/pH/FSig{},BbSig,TSig: 51.8dbars 17.8284C 33.9585PSU / 6.338mL/L 17.799C 17.735 0.689 / 1.3uM / -0.808060V / {  54   50}  105  548
(Apr 13 2026 22:53:37,  882793 sec) Profile()            Sample 57 initiated at 46.8dbars for bin 61 [45dbars].  PTS/O2,T83,Phase,RawTemp/NO3/pH/FSig{},BbSig,TSig: 46.7dbars 18.1322C 34.0265PSU / 6.305mL/L 18.117C 17.695 0.682 / 1.3uM / -0.807573V / {  50   47}  109  548
(Apr 13 2026 22:55:56,  882932 sec) Profile()            Sample 58 initiated at 41.8dbars for bin 62 [40dbars].  PTS/O2,T83,Phase,RawTemp/NO3/pH/FSig{},BbSig,TSig: 41.8dbars 18.3150C 34.0540PSU / 6.282mL/L 18.310C 17.673 0.678 / 1.3uM / -0.807370V / {  51   45}  108  547
(Apr 13 2026 22:58:14,  883070 sec) Profile()            Sample 59 initiated at 36.9dbars for bin 63 [35dbars].  PTS/O2,T83,Phase,RawTemp/NO3/pH/FSig{},BbSig,TSig: 36.8dbars 18.3376C 34.0487PSU / 6.287mL/L 18.336C 17.661 0.677 / 1.4uM / -0.806949V / {  50   46}  103  547
(Apr 13 2026 22:58:47,  883103 sec) AscentControlAgent() Bouyancy nudge to 142 (v=0.036dbar/sec).
(Apr 13 2026 22:58:48,  883104 sec) PistonMoveAbsWTO()    137->142 138 139 140 141 142 [25sec, 14.8Volts, 0.169Amps, CPT:1472sec]
(Apr 13 2026 23:00:25,  883201 sec) Profile()            Sample 60 initiated at 31.7dbars for bin 64 [30dbars].  PTS/O2,T83,Phase,RawTemp/NO3/pH/FSig{},BbSig,TSig: 31.7dbars 17.9715C 33.7264PSU / 6.314mL/L 17.985C 17.717 0.685 / 1.4uM / -0.807833V / {  52   48}  101  546
(Apr 13 2026 23:02:32,  883328 sec) Profile()            Sample 61 initiated at 26.8dbars for bin 65 [25dbars].  PTS/O2,T83,Phase,RawTemp/NO3/pH/FSig{},BbSig,TSig: 26.8dbars 17.9774C 33.7230PSU / 6.302mL/L 17.980C 17.731 0.685 / 1.2uM / -0.807497V / {  50   45}  102  546
(Apr 13 2026 23:04:40,  883456 sec) Profile()            Sample 62 initiated at 21.6dbars for bin 66 [20dbars].  PTS/O2,T83,Phase,RawTemp/NO3/pH/FSig{},BbSig,TSig: 21.5dbars 17.9849C 33.7221PSU / 6.303mL/L 17.988C 17.729 0.685 / 1.3uM / -0.807437V / {  49   43}  104  546
(Apr 13 2026 23:06:36,  883572 sec) Profile()            Sample 63 initiated at 16.8dbars for bin 67 [15dbars].  PTS/O2,T83,Phase,RawTemp/NO3/pH/FSig{},BbSig,TSig: 16.8dbars 18.0023C 33.7229PSU / 6.298mL/L 18.006C 17.730 0.685 / 1.3uM / -0.806527V / {  49   46}  105  546
(Apr 13 2026 23:08:43,  883699 sec) Profile()            Sample 64 initiated at 11.7dbars for bin 68 [10dbars].  PTS/O2,T83,Phase,RawTemp/NO3/pH/FSig{},BbSig,TSig: 11.7dbars 18.0385C 33.7222PSU / 6.294mL/L 18.041C 17.725 0.684 / 1.3uM / -0.806788V / {  51   44}  102  546
(Apr 13 2026 23:10:29,  883805 sec) Profile()            Sample 65 initiated at 7.9dbars for bin 69 [6dbars].  PTS/O2,T83,Phase,RawTemp/NO3/pH/FSig{},BbSig,TSig: 7.9dbars 18.0871C 33.7243PSU / 6.294mL/L 18.090C 17.713 0.683 / 1.4uM / -0.806532V / {  49   44}  101  546
(Apr 13 2026 23:12:10,  883906 sec) SurfaceDetect()      SurfacePressure:0.2dbars Pressure:3.9dbars PistonPosition:142
(Apr 13 2026 23:12:10,  883906 sec) Sbe41cpStopCP()      Continuous profile stopped.
(Apr 13 2026 23:12:13,  883909 sec) PistonMoveAbsWTO()    142->164 143 144 145 146 147 148 149 150 151 152 153 154 155 156 157 158 159 160 161 162 163 164 [113sec, 14.8Volts, 0.148Amps, CPT:1585sec]
(Apr 13 2026 23:14:11,  884027 sec) chat()               Expected string [S>] not received.
(Apr 13 2026 23:16:02,  884138 sec) Sbe41cpBinAverage()  Finished averaging 13317 samples in 106 seconds.
(Apr 13 2026 23:16:07,  884143 sec) Sbe41cpUploadCP_()   Sbe41cpSerNo[21418] NSample[13317] NBin[493]
(Apr 13 2026 23:16:38,  884174 sec) Sbe41cpUploadCP_()   Continuous profile uploaded [493 lines].
(Apr 13 2026 23:16:52,  884188 sec) MscErrorLog_()       No error records to log.
(Apr 13 2026 23:17:02,  884198 sec) MscErrorLog_()       No error records to log.

<EOT>
