(Apr 05 2026 19:25:40,   45476 sec) TelemetryInit()      Profile 1. (Apf11 FwRev: 102725)
(Apr 05 2026 19:25:40,   45476 sec) TelemetryInit()      Charge consumption model: OCV:15.1V Wake-Cycles:1396 Standby:11.7days Wake:2.4kC Sensors:0.1kC
(Apr 05 2026 19:30:51,   45787 sec) GetSurfaceObs()      P/O2,T2,TPhase,RPhase,RawTemp/FSig{},BbSig,TSig: 0.3dbars / 284.0uM 17.940C 31.456 7.947 208.647 / {50,44},110,546
(Apr 05 2026 19:31:21,   45817 sec) GetSurfaceObs()      P/O2,T2,TPhase,RPhase,RawTemp/FSig{},BbSig,TSig: 0.4dbars / 285.4uM 17.924C 31.406 7.931 209.178 / {49,44},112,546
(Apr 05 2026 19:31:50,   45846 sec) GetSurfaceObs()      P/O2,T2,TPhase,RPhase,RawTemp/FSig{},BbSig,TSig: 0.2dbars / 284.6uM 17.939C 31.432 7.940 208.668 / {50,48},113,545
(Apr 05 2026 19:32:20,   45876 sec) GetSurfaceObs()      P/O2,T2,TPhase,RPhase,RawTemp/FSig{},BbSig,TSig: 0.4dbars / 285.0uM 17.942C 31.416 7.928 208.575 / {50,64},115,546
(Apr 05 2026 19:35:45,   46081 sec) AirSystem()          Battery [213cnt, 15.0V]  Current [24cnt, 92.7mA]  Pneumometer [157cnt, 18.5psi]  Run-Time [98s]
(Apr 05 2026 19:35:55,   46091 sec) GetSurfaceObs()      P/O2,T2,TPhase,RPhase,RawTemp/FSig{},BbSig,TSig: 0.2dbars / 280.8uM 18.303C 31.429 7.941 196.702 / {50,39},110,545
(Apr 05 2026 19:36:24,   46120 sec) GetSurfaceObs()      P/O2,T2,TPhase,RPhase,RawTemp/FSig{},BbSig,TSig: 0.1dbars / 282.4uM 18.383C 31.331 7.945 194.065 / {50,45},112,545
(Apr 05 2026 19:36:54,   46150 sec) GetSurfaceObs()      P/O2,T2,TPhase,RPhase,RawTemp/FSig{},BbSig,TSig: 0.1dbars / 279.7uM 18.252C 31.498 7.936 198.367 / {50,44},114,545
(Apr 05 2026 19:37:23,   46179 sec) GetSurfaceObs()      P/O2,T2,TPhase,RPhase,RawTemp/FSig{},BbSig,TSig: 0.1dbars / 282.8uM 18.043C 31.460 7.938 205.257 / {50,40},111,546
(Apr 05 2026 19:37:53,   46209 sec) GetSurfaceObs()      P/O2,T2,TPhase,RPhase,RawTemp/FSig{},BbSig,TSig: 0.1dbars / 281.9uM 18.210C 31.426 7.936 199.759 / {50,43},109,545
(Apr 05 2026 19:38:22,   46238 sec) GetSurfaceObs()      P/O2,T2,TPhase,RPhase,RawTemp/FSig{},BbSig,TSig: 0.2dbars / 282.0uM 18.208C 31.423 7.928 199.831 / {50,47},111,545
(Apr 05 2026 19:38:52,   46268 sec) GetSurfaceObs()      P/O2,T2,TPhase,RPhase,RawTemp/FSig{},BbSig,TSig: 0.1dbars / 279.4uM 18.334C 31.475 7.924 195.669 / {51,43},110,545
(Apr 05 2026 19:39:21,   46297 sec) GetSurfaceObs()      P/O2,T2,TPhase,RPhase,RawTemp/FSig{},BbSig,TSig: 0.1dbars / 282.7uM 18.639C 31.212 7.935 185.639 / {49,44},110,545
(Apr 05 2026 19:39:42,   46318 sec) AirSystem()          Battery [214cnt, 15.1V]  Current [24cnt, 93.1mA]  Pneumometer [158cnt, 18.6psi]  Run-Time [9s]
(Apr 05 2026 19:40:12,   46348 sec) GetSurfaceObs()      P/O2,T2,TPhase,RPhase,RawTemp/FSig{},BbSig,TSig: 0.1dbars / 281.2uM 18.688C 31.250 7.938 184.022 / {49,34},109,545
(Apr 05 2026 19:40:14,   46350 sec) GpsServices()        GPS almanac is current.
(Apr 05 2026 19:40:14,   46350 sec) GpsServices()        Initiating GPS fix acquisition.
(Apr 05 2026 19:40:17,   46353 sec) gga()                $GPGGA,194020,3253.3663,N,14005.0691,W,0,00,,,M,,M,,*48
(Apr 05 2026 19:40:27,   46363 sec) gga()                $GPGGA,194030,3253.3663,N,14005.0691,W,0,00,,,M,,M,,*49
(Apr 05 2026 19:40:37,   46373 sec) gga()                $GPGGA,194040,3253.3663,N,14005.0691,W,0,00,,,M,,M,,*4E
(Apr 05 2026 19:40:47,   46383 sec) gga()                $GPGGA,194050,3253.3663,N,14005.0691,W,0,00,,,M,,M,,*4F
(Apr 05 2026 19:40:56,   46392 sec) gga()                $GPGGA,194100,3253.3663,N,14005.0691,W,0,00,,,M,,M,,*4B
(Apr 05 2026 19:40:57,   46393 sec) gga()                $GPGGA,194100,3253.3663,N,14005.0691,W,0,00,,,M,,M,,*4B
(Apr 05 2026 19:41:06,   46402 sec) gga()                $GPGGA,194110,3253.3663,N,14005.0691,W,0,00,,,M,,M,,*4A
(Apr 05 2026 19:41:17,   46413 sec) gga()                $GPGGA,194120,3253.3663,N,14005.0691,W,0,00,,,M,,M,,*49
(Apr 05 2026 19:41:27,   46423 sec) gga()                $GPGGA,194130,3253.2933,N,14007.2335,W,1,09,0.9,10.3,M,-29.6,M,,*45
(Apr 05 2026 19:41:27,   46423 sec) GpsServices()        Profile 1 GPS fix obtained in 73 seconds.
(Apr 05 2026 19:41:27,   46423 sec) GpsServices()                   lon      lat mm/dd/yyyy hhmmss nsat
(Apr 05 2026 19:41:27,   46423 sec) GpsServices()        Fix: -140.1206  32.8882 04/05/2026 194130    9
(Apr 05 2026 19:41:37,   46433 sec) gga()                $GPGGA,194140,3253.2937,N,14007.2337,W,1,09,0.9,10.9,M,-29.6,M,,*4E
(Apr 05 2026 19:41:46,   46442 sec) gga()                $GPGGA,194150,3253.2950,N,14007.2349,W,1,09,0.9,8.7,M,-29.6,M,,*70
(Apr 05 2026 19:41:46,   46442 sec) GpsServices()        APF11 RTC skew (-4s) OK.
(Apr 05 2026 19:41:47,   46443 sec) GpsServices()        GPS services complete.
(Apr 05 2026 19:42:14,   46470 sec) IrGeoLoc()           <x,y,z>=<-4112km,-3440km,3440km> lat=32.861 lon=-140.085 IrSysTime=0x17b8170d
(Apr 05 2026 19:42:18,   46474 sec) CLogin()             Connecting to primary host.
(Apr 05 2026 19:42:26,   46482 sec) CLogin()             Connection 1 established in 8 seconds.
(Apr 05 2026 19:42:32,   46488 sec) login()              Login successful.
(Apr 05 2026 19:42:35,   46491 sec) CLogin()             Logged in to host.  [Login required 9 seconds]
(Apr 05 2026 19:42:37,   46493 sec) RxConfig()           Downloading "mission.cfg" from host.
(Apr 05 2026 19:42:48,   46504 sec) RxConfig()           Download successful: [bytes:33, sec:9.8, bps:3]
(Apr 05 2026 19:42:52,   46508 sec) WriteVitals_()       Writing vitals to "23394.001.msg".
(Apr 05 2026 19:42:58,   46514 sec) UpLoadFile()         Uploading "23394.001.log" to host.
(Apr 05 2026 19:45:02,   46638 sec) UpLoadFile()         Upload successful: [bytes:31708, sec:124.5, bps:255]
(Apr 05 2026 19:45:03,   46639 sec) fmove()              Moved: 23394.001.log -> archive/23394.001.log
(Apr 05 2026 19:45:09,   46645 sec) UpLoadFile()         Uploading "23394.001.msg" to host.
(Apr 05 2026 19:47:16,   46772 sec) UpLoadFile()         Upload successful: [bytes:19469, sec:126.7, bps:154]
(Apr 05 2026 19:47:16,   46772 sec) fmove()              Moved: 23394.001.msg -> archive/23394.001.msg
(Apr 05 2026 19:47:20,   46776 sec) UpLoadFile()         Uploading "23394.001.isus" to host.
(Apr 05 2026 19:48:54,   46870 sec) UpLoadFile()         Upload successful: [bytes:23614, sec:94.3, bps:250]
(Apr 05 2026 19:48:55,   46871 sec) fmove()              Moved: 23394.001.isus -> archive/23394.001.isus
(Apr 05 2026 19:49:01,   46877 sec) UpLoadFile()         Uploading "23394.001.dura" to host.
(Apr 05 2026 19:49:56,   46932 sec) UpLoadFile()         Upload successful: [bytes:11611, sec:54.8, bps:212]
(Apr 05 2026 19:49:57,   46933 sec) fmove()              Moved: 23394.001.dura -> archive/23394.001.dura
(Apr 05 2026 19:49:58,   46934 sec) UpLoad()             Files successfully uploaded: 4
(Apr 05 2026 19:49:58,   46934 sec) UpLoad()             Upload complete.
(Apr 05 2026 19:50:07,   46943 sec) chat()               Expected string [logout] not received.
(Apr 05 2026 19:50:07,   46943 sec) logout()             Attempt to log-out failed.
(Apr 05 2026 19:50:07,   46943 sec) logout()             No carrier detected.
(Apr 05 2026 19:50:07,   46943 sec) Telemetry()          Telemetry cycle complete: PrfId=1 ConnectionAttempts=1  Connections=1
(Apr 05 2026 19:50:07,   46943 sec) TelemetryTerminate() Parsing new mission configuration.
(Apr 05 2026 19:50:08,   46944 sec) configure()          Parsing configurators in "mission.cfg".
(Apr 05 2026 19:50:08,   46944 sec) configure()             TelemetryRetry(15)      [0x7BBC] [TelemetryRetry(15)].
(Apr 05 2026 19:50:08,   46944 sec) configure()          Configuration CRCs and syntax OK.
(Apr 05 2026 19:50:08,   46944 sec) ConfigSupervisor()   Configuration accepted.
(Apr 05 2026 19:50:08,   46944 sec) TelemetryTerminate() Reconditioning the file system.
(Apr 05 2026 19:50:11,       0 sec) DescentInit()        Deep profile 2 initiated at mission-time 46947sec.
(Apr 05 2026 19:50:12,       1 sec) DescentInit()        Surface pressure: 0.1dbars.
(Apr 05 2026 19:50:12,       1 sec) DescentInit()        Charge consumption model: OCV:14.9V Wake-Cycles:1397 Standby:11.7days Wake:2.4kC Sleep:0.1kC
(Apr 05 2026 19:50:24,      13 sec) DescentInit()        Pneumatic humidity: 976(4.6%) -> 999(5.2%)
(Apr 05 2026 19:50:24,      13 sec) PistonMoveAbsWTO()    163->066 162 161 160 159 158 157 156 155 154 153 152 151 150 149 148 147 146 145 144 143 142 141 140 139 138 137 136 135 134 133 132 131 130 129 128 127 126 125 124 125 124 123 122 121 120 119 118 117 116 115 114 113 112 111 110 109 108 107 106 105 104 103 102 101 100 099 098 097 096 095 094 093 092 091 090 089 088 087 086 085 084 083 082 081 080 079 078 077 076 075 074 073 072 071 070 069 068 067 066 [500sec, 14.8Volts, 0.156Amps, CPT:500sec]
(Apr 05 2026 19:58:48,     517 sec) DescentInit()        Air solenoid open: Barometer [203cnt,  11.9psi]  Pneumometer [103cnt,  12.1psi]
(Apr 05 2026 19:58:58,     527 sec) Descent()            Pressure: 25.6
(Apr 05 2026 20:50:11,    3600 sec) Descent()            Pressure: 413.5
(Apr 05 2026 21:50:11,    7200 sec) Descent()            Pressure: 633.3
(Apr 05 2026 22:50:11,   10800 sec) Descent()            Pressure: 665.6
(Apr 05 2026 23:50:11,   14400 sec) Descent()            Pressure: 673.5
(Apr 05 2026 23:50:12,   14401 sec) ParkInit()           Charge consumption model: OCV:15.4V Wake-Cycles:1402 Standby:11.9days Wake:2.7kC Sensors:0.1kC
(Apr 06 2026 01:50:18,   21607 sec) Park()               ParkPOutOfBand[-3, 672.6 dbars]: retract piston.
(Apr 06 2026 01:50:19,   21608 sec) PistonMoveAbsWTO()    066->065 065 [4sec, 15.0Volts, 0.140Amps, CPT:504sec]
(Apr 06 2026 04:50:18,   32407 sec) Park()               ParkPOutOfBand[-3, 685.7 dbars]: retract piston.
(Apr 06 2026 04:50:19,   32408 sec) PistonMoveAbsWTO()    065->064 064 [6sec, 15.0Volts, 0.139Amps, CPT:510sec]
(Apr 06 2026 07:50:18,   43207 sec) Park()               ParkPOutOfBand[-3, 701.4 dbars]: retract piston.
(Apr 06 2026 07:50:19,   43208 sec) PistonMoveAbsWTO()    064->063 063 [5sec, 15.1Volts, 0.129Amps, CPT:515sec]
(Apr 06 2026 10:50:18,   54007 sec) Park()               ParkPOutOfBand[-3, 710.9 dbars]: retract piston.
(Apr 06 2026 10:50:19,   54008 sec) PistonMoveAbsWTO()    063->062 062 [4sec, 15.0Volts, 0.130Amps, CPT:519sec]
(Apr 06 2026 13:50:18,   64807 sec) Park()               ParkPOutOfBand[-3, 720.1 dbars]: retract piston.
(Apr 06 2026 13:50:19,   64808 sec) PistonMoveAbsWTO()    062->061 061 [5sec, 15.0Volts, 0.124Amps, CPT:524sec]
(Apr 06 2026 16:50:18,   75607 sec) Park()               ParkPOutOfBand[-3, 732.1 dbars]: retract piston.
(Apr 06 2026 16:50:19,   75608 sec) PistonMoveAbsWTO()    061->060 060 [5sec, 15.0Volts, 0.123Amps, CPT:529sec]
(Apr 06 2026 19:50:18,   86407 sec) Park()               ParkPOutOfBand[-3, 747.4 dbars]: retract piston.
(Apr 06 2026 19:50:19,   86408 sec) PistonMoveAbsWTO()    060->059 059 [5sec, 15.0Volts, 0.116Amps, CPT:534sec]
(Apr 06 2026 22:50:18,   97207 sec) Park()               ParkPOutOfBand[-3, 753.8 dbars]: retract piston.
(Apr 06 2026 22:50:19,   97208 sec) PistonMoveAbsWTO()    059->058 058 [4sec, 15.0Volts, 0.124Amps, CPT:538sec]
(Apr 07 2026 01:50:18,  108007 sec) Park()               ParkPOutOfBand[-3, 763.8 dbars]: retract piston.
(Apr 07 2026 01:50:19,  108008 sec) PistonMoveAbsWTO()    058->057 057 [6sec, 15.0Volts, 0.122Amps, CPT:544sec]
(Apr 07 2026 04:50:18,  118807 sec) Park()               ParkPOutOfBand[-3, 778.7 dbars]: retract piston.
(Apr 07 2026 04:50:19,  118808 sec) PistonMoveAbsWTO()    057->056 056 [4sec, 15.0Volts, 0.122Amps, CPT:548sec]
(Apr 07 2026 07:50:18,  129607 sec) Park()               ParkPOutOfBand[-3, 792.8 dbars]: retract piston.
(Apr 07 2026 07:50:19,  129608 sec) PistonMoveAbsWTO()    056->055 055 [5sec, 15.0Volts, 0.113Amps, CPT:553sec]
(Apr 07 2026 10:50:18,  140407 sec) Park()               ParkPOutOfBand[-3, 805.4 dbars]: retract piston.
(Apr 07 2026 10:50:19,  140408 sec) PistonMoveAbsWTO()    055->054 054 [5sec, 15.0Volts, 0.114Amps, CPT:558sec]
(Apr 07 2026 13:50:18,  151207 sec) Park()               ParkPOutOfBand[-3, 815.3 dbars]: retract piston.
(Apr 07 2026 13:50:19,  151208 sec) PistonMoveAbsWTO()    054->053 053 [5sec, 15.0Volts, 0.109Amps, CPT:563sec]
(Apr 07 2026 16:50:18,  162007 sec) Park()               ParkPOutOfBand[-3, 828.2 dbars]: retract piston.
(Apr 07 2026 16:50:19,  162008 sec) PistonMoveAbsWTO()    053->052 052 [5sec, 15.0Volts, 0.110Amps, CPT:568sec]
(Apr 07 2026 19:50:18,  172807 sec) Park()               ParkPOutOfBand[-3, 841.0 dbars]: retract piston.
(Apr 07 2026 19:50:19,  172808 sec) PistonMoveAbsWTO()    052->051 051 [4sec, 15.0Volts, 0.110Amps, CPT:572sec]
(Apr 07 2026 22:50:18,  183607 sec) Park()               ParkPOutOfBand[-3, 849.8 dbars]: retract piston.
(Apr 07 2026 22:50:19,  183608 sec) PistonMoveAbsWTO()    051->050 050 [5sec, 15.0Volts, 0.111Amps, CPT:577sec]
(Apr 08 2026 01:50:18,  194407 sec) Park()               ParkPOutOfBand[-3, 870.2 dbars]: retract piston.
(Apr 08 2026 01:50:19,  194408 sec) PistonMoveAbsWTO()    050->049 049 [5sec, 15.0Volts, 0.108Amps, CPT:582sec]
(Apr 08 2026 04:50:18,  205207 sec) Park()               ParkPOutOfBand[-3, 887.1 dbars]: retract piston.
(Apr 08 2026 04:50:19,  205208 sec) PistonMoveAbsWTO()    049->048 048 [5sec, 15.0Volts, 0.103Amps, CPT:587sec]
(Apr 08 2026 07:50:18,  216007 sec) Park()               ParkPOutOfBand[-3, 898.1 dbars]: retract piston.
(Apr 08 2026 07:50:19,  216008 sec) PistonMoveAbsWTO()    048->047 047 [4sec, 15.0Volts, 0.103Amps, CPT:591sec]
(Apr 08 2026 10:50:18,  226807 sec) Park()               ParkPOutOfBand[-3, 908.5 dbars]: retract piston.
(Apr 08 2026 10:50:19,  226808 sec) PistonMoveAbsWTO()    047->046 046 [5sec, 15.0Volts, 0.109Amps, CPT:596sec]
(Apr 08 2026 13:50:18,  237607 sec) Park()               ParkPOutOfBand[-3, 919.6 dbars]: retract piston.
(Apr 08 2026 13:50:19,  237608 sec) PistonMoveAbsWTO()    046->045 045 [5sec, 15.0Volts, 0.112Amps, CPT:601sec]
(Apr 08 2026 16:50:18,  248407 sec) Park()               ParkPOutOfBand[-3, 934.8 dbars]: retract piston.
(Apr 08 2026 16:50:19,  248408 sec) PistonMoveAbsWTO()    045->044 044 [5sec, 15.0Volts, 0.102Amps, CPT:606sec]
(Apr 08 2026 19:50:18,  259207 sec) Park()               ParkPOutOfBand[-3, 940.8 dbars]: retract piston.
(Apr 08 2026 19:50:19,  259208 sec) PistonMoveAbsWTO()    044->043 043 [5sec, 15.0Volts, 0.107Amps, CPT:611sec]
(Apr 08 2026 22:50:18,  270007 sec) Park()               ParkPOutOfBand[-3, 955.9 dbars]: retract piston.
(Apr 08 2026 22:50:19,  270008 sec) PistonMoveAbsWTO()    043->042 042 [5sec, 15.0Volts, 0.107Amps, CPT:616sec]
(Apr 09 2026 01:50:18,  280807 sec) Park()               ParkPOutOfBand[-3, 978.2 dbars]: retract piston.
(Apr 09 2026 01:50:19,  280808 sec) PistonMoveAbsWTO()    042->041 041 [5sec, 15.0Volts, 0.097Amps, CPT:621sec]
(Apr 09 2026 04:50:18,  291607 sec) Park()               ParkPOutOfBand[-3, 988.8 dbars]: retract piston.
(Apr 09 2026 04:50:19,  291608 sec) PistonMoveAbsWTO()    041->040 040 [4sec, 15.0Volts, 0.098Amps, CPT:625sec]
(Apr 15 2026 15:50:43,  849632 sec) CtdPower()           [ 1006.58,  3.7080, 34.4022]
(Apr 15 2026 15:50:43,  849632 sec) CtdPower()           CTD Power consumption [216VCnt 3ACnt]: 15.166Volts * 0.012Amps = 0.19Watts.
(Apr 15 2026 15:50:47,  849636 sec) ParkTerminate()      Piston Position:40 Vacuum:192 HumidityAd12:978(4.6%) Vq:218 Aq:2 Vsbe:216 Asbe:3 Vflbb:212 Aflbb:13 Vopt:211 Aopt:12 MuxTemp:2.685C MuxHumidity:0.0%
(Apr 15 2026 15:51:17,  849666 sec) ParkTerminate()      PTS/O2,T2,TPhase,RawTemp: 1006.7dbars 3.7040C 34.4049PSU / 12.0uM 3.699C 60.769 7.571 665.654
(Apr 15 2026 15:51:17,  849666 sec) ParkTerminate()      FLBB FSig{}, BbSig, TSig: {55, 69} 101, 568
(Apr 15 2026 15:51:18,  849667 sec) GoDeepInit()         Charge consumption model: OCV:15.3V Wake-Cycles:1634 Standby:21.5days Wake:3.0kC Sensors:0.1kC
(Apr 15 2026 15:51:18,  849667 sec) GoDeepInit()         Moving piston.
(Apr 15 2026 15:51:18,  849667 sec) PistonMoveAbsWTO()    040->015 039 038 037 036 035 034 033 032 031 030 029 028 027 026 025 024 023 022 021 020 019 018 017 016 015 [127sec, 15.0Volts, 0.072Amps, CPT:752sec]
(Apr 15 2026 19:50:11,  864000 sec) ProfileInit()        Charge consumption model: OCV:15.3V Wake-Cycles:1682 Standby:21.7days Wake:3.0kC Sensors:0.1kC
(Apr 15 2026 19:50:11,  864000 sec) ProfileInit()        PrfId:002  Pressure:1371.4dbar  pTable[7]:1300dbar
(Apr 15 2026 19:50:13,  864002 sec) ProfileInit()        Muxer PPIs K{1,2} quiescent: 15.20V, 0.0mA, 0.0mW
(Apr 15 2026 19:50:17,  864006 sec) ProfileInit()        ISUS powered up.
(Apr 15 2026 19:50:20,  864009 sec) ProfileInit()        Muxer PPIs K{1,2} w/ ISUS awake: 15.02V, 48.8mA, 733.2mW
(Apr 15 2026 19:50:27,  864016 sec) MscErrorLog_()       No error records to log.
(Apr 15 2026 19:50:33,  864022 sec) ProfileInit()        DURA powered up.
(Apr 15 2026 19:50:37,  864026 sec) ProfileInit()        Muxer PPIs K{1,2} w/ DURA awake: 15.06V, 49.4mA, 744.0mW
(Apr 15 2026 19:50:43,  864032 sec) MscErrorLog_()       No error records to log.
(Apr 15 2026 19:50:48,  864037 sec) PistonMoveAbsWTO()    015->037 016 017 018 019 020 021 [30sec, 14.5Volts, 0.503Amps, CPT:782sec]
(Apr 15 2026 19:51:29,  864078 sec) PistonMoveAbsWTO()    021->037 022 023 024 025 026 [30sec, 14.3Volts, 0.496Amps, CPT:812sec]
(Apr 15 2026 19:52:10,  864119 sec) PistonMoveAbsWTO()    026->037 027 028 029 030 031 [30sec, 14.1Volts, 0.490Amps, CPT:842sec]
(Apr 15 2026 19:52:51,  864160 sec) PistonMoveAbsWTO()    031->037 032 033 034 035 036 [30sec, 14.1Volts, 0.485Amps, CPT:872sec]
(Apr 15 2026 19:53:32,  864201 sec) PistonMoveAbsWTO()    036->037 037 [3sec, 14.1Volts, 0.497Amps, CPT:875sec]
(Apr 15 2026 20:04:04,  864833 sec) Profile()            Sample 0 initiated at 1301.7dbars for bin 7 [1300dbars].  PTS/O2,T2,TPhase,RPhase,RawTemp/NO3/pH/FSig{},BbSig,TSig: 1299.6dbars 3.0831C 34.5058PSU / 36.7uM 3.072C 57.418 7.632 684.688 / 42.3uM / -1.063998V / {  55   65}   88  569
(Apr 15 2026 20:20:49,  865838 sec) AscentControlAgent() Bouyancy nudge to 47 (v=0.079dbar/sec).
(Apr 15 2026 20:20:49,  865838 sec) PistonMoveAbsWTO()    037->047 038 039 040 041 042 [30sec, 14.5Volts, 0.453Amps, CPT:905sec]
(Apr 15 2026 20:21:30,  865879 sec) PistonMoveAbsWTO()    042->047 043 044 045 046 047 [26sec, 14.3Volts, 0.454Amps, CPT:931sec]
(Apr 15 2026 20:23:04,  865973 sec) Profile()            Sample 1 initiated at 1199.2dbars for bin 8 [1200dbars].  PTS/O2,T2,TPhase,RPhase,RawTemp/NO3/pH/FSig{},BbSig,TSig: 1197.0dbars 3.2972C 34.4747PSU / 25.2uM 3.287C 58.913 7.650 678.183 / 42.9uM / -1.064727V / {  53   67}   88  569
(Apr 15 2026 20:39:50,  866979 sec) Profile()            Sample 2 initiated at 1101.3dbars for bin 9 [1100dbars].  PTS/O2,T2,TPhase,RPhase,RawTemp/NO3/pH/FSig{},BbSig,TSig: 1099.5dbars 3.4895C 34.4440PSU / 18.1uM 3.480C 59.891 7.653 672.336 / 43.2uM / -1.064821V / {  54   69}   90  569
(Apr 15 2026 20:51:26,  867675 sec) AscentControlAgent() Bouyancy nudge to 57 (v=0.072dbar/sec).
(Apr 15 2026 20:51:26,  867675 sec) PistonMoveAbsWTO()    047->057 048 049 050 051 052 [30sec, 14.6Volts, 0.416Amps, CPT:961sec]
(Apr 15 2026 20:52:07,  867716 sec) PistonMoveAbsWTO()    052->057 053 054 055 056 057 [25sec, 14.4Volts, 0.419Amps, CPT:986sec]
(Apr 15 2026 20:59:44,  868173 sec) Profile()            Sample 3 initiated at 1001.1dbars for bin 10 [1000dbars].  PTS/O2,T2,TPhase,RPhase,RawTemp/NO3/pH/FSig{},BbSig,TSig: 999.1dbars 3.7488C 34.3945PSU / 11.8uM 3.737C 60.782 7.660 664.502 / 43.3uM / -1.064932V / {  54   69}   88  568
(Apr 15 2026 21:03:06,  868375 sec) Sbe41cpStartCP()     Continuous profile started.
(Apr 15 2026 21:08:50,  868719 sec) Profile()            Sample 4 initiated at 951.2dbars for bin 11 [950dbars].  PTS/O2,T2,TPhase,RPhase,RawTemp/NO3/pH/FSig{},BbSig,TSig: 951.1dbars 3.9019C 34.3637PSU / 10.2uM 3.890C 61.013 7.663 659.837 / 43.1uM / -1.064984V / {  54   69}   90  568
(Apr 15 2026 21:11:36,  868885 sec) AscentControlAgent() Bouyancy nudge to 67 (v=0.079dbar/sec).
(Apr 15 2026 21:11:36,  868885 sec) PistonMoveAbsWTO()    057->067 058 059 060 061 062 [30sec, 14.4Volts, 0.395Amps, CPT:1016sec]
(Apr 15 2026 21:12:17,  868926 sec) PistonMoveAbsWTO()    062->067 063 064 065 066 067 [26sec, 14.3Volts, 0.395Amps, CPT:1042sec]
(Apr 15 2026 21:17:42,  869251 sec) Profile()            Sample 5 initiated at 901.8dbars for bin 12 [900dbars].  PTS/O2,T2,TPhase,RPhase,RawTemp/NO3/pH/FSig{},BbSig,TSig: 901.7dbars 4.0260C 34.3336PSU / 9.7uM 4.014C 61.085 7.667 656.039 / 43.1uM / -1.064825V / {  52   69}   91  568
(Apr 15 2026 21:26:11,  869760 sec) Profile()            Sample 6 initiated at 851.8dbars for bin 13 [850dbars].  PTS/O2,T2,TPhase,RPhase,RawTemp/NO3/pH/FSig{},BbSig,TSig: 851.8dbars 4.1290C 34.2995PSU / 10.6uM 4.117C 60.934 7.670 652.917 / 42.9uM / -1.064534V / {  54   68}   90  568
(Apr 15 2026 21:36:52,  870401 sec) Profile()            Sample 7 initiated at 801.5dbars for bin 14 [800dbars].  PTS/O2,T2,TPhase,RPhase,RawTemp/NO3/pH/FSig{},BbSig,TSig: 801.4dbars 4.2977C 34.2567PSU / 13.2uM 4.285C 60.503 7.672 647.756 / 42.5uM / -1.064178V / {  55   71}   89  567
(Apr 15 2026 21:36:53,  870402 sec) AscentControlAgent() Bouyancy nudge to 77 (v=0.070dbar/sec).
(Apr 15 2026 21:36:53,  870402 sec) PistonMoveAbsWTO()    067->077 068 069 070 071 072 [30sec, 14.4Volts, 0.366Amps, CPT:1072sec]
(Apr 15 2026 21:37:34,  870443 sec) PistonMoveAbsWTO()    072->077 073 074 075 076 077 [25sec, 14.3Volts, 0.359Amps, CPT:1097sec]
(Apr 15 2026 21:46:38,  870987 sec) Profile()            Sample 8 initiated at 751.6dbars for bin 15 [750dbars].  PTS/O2,T2,TPhase,RPhase,RawTemp/NO3/pH/FSig{},BbSig,TSig: 751.5dbars 4.5121C 34.2052PSU / 18.5uM 4.503C 59.655 7.678 641.068 / 42.1uM / -1.063529V / {  55   70}   92  567
(Apr 15 2026 21:56:46,  871595 sec) Profile()            Sample 9 initiated at 701.5dbars for bin 16 [700dbars].  PTS/O2,T2,TPhase,RPhase,RawTemp/NO3/pH/FSig{},BbSig,TSig: 701.4dbars 4.7240C 34.1588PSU / 27.3uM 4.710C 58.317 7.683 634.706 / 41.3uM / -1.062505V / {  54   67}   88  567
(Apr 15 2026 22:02:11,  871920 sec) AscentControlAgent() Bouyancy nudge to 87 (v=0.077dbar/sec).
(Apr 15 2026 22:02:11,  871920 sec) PistonMoveAbsWTO()    077->087 078 079 080 081 082 [30sec, 14.5Volts, 0.341Amps, CPT:1127sec]
(Apr 15 2026 22:02:52,  871961 sec) PistonMoveAbsWTO()    082->087 083 084 085 086 087 [24sec, 14.4Volts, 0.342Amps, CPT:1151sec]
(Apr 15 2026 22:06:28,  872177 sec) Profile()            Sample 10 initiated at 651.5dbars for bin 17 [650dbars].  PTS/O2,T2,TPhase,RPhase,RawTemp/NO3/pH/FSig{},BbSig,TSig: 651.5dbars 5.0119C 34.1244PSU / 35.0uM 4.995C 57.170 7.671 625.935 / 40.3uM / -1.061279V / {  53   69}   91  567
(Apr 15 2026 22:15:12,  872701 sec) Profile()            Sample 11 initiated at 601.6dbars for bin 18 [600dbars].  PTS/O2,T2,TPhase,RPhase,RawTemp/NO3/pH/FSig{},BbSig,TSig: 601.6dbars 5.3072C 34.0918PSU / 46.4uM 5.294C 55.560 7.690 616.694 / 39.2uM / -1.059849V / {  54   66}   91  566
(Apr 15 2026 22:22:35,  873144 sec) AscentControlAgent() Bouyancy nudge to 97 (v=0.074dbar/sec).
(Apr 15 2026 22:22:35,  873144 sec) PistonMoveAbsWTO()    087->097 088 089 090 091 092 [30sec, 14.5Volts, 0.307Amps, CPT:1181sec]
(Apr 15 2026 22:23:16,  873185 sec) PistonMoveAbsWTO()    092->097 093 094 095 096 097 [24sec, 14.5Volts, 0.312Amps, CPT:1205sec]
(Apr 15 2026 22:25:34,  873323 sec) Profile()            Sample 12 initiated at 551.6dbars for bin 19 [550dbars].  PTS/O2,T2,TPhase,RPhase,RawTemp/NO3/pH/FSig{},BbSig,TSig: 551.4dbars 5.7315C 34.0448PSU / 65.1uM 5.722C 53.106 7.701 603.436 / 36.9uM / -1.057252V / {  53   67}   88  565
(Apr 15 2026 22:34:28,  873857 sec) Profile()            Sample 13 initiated at 501.3dbars for bin 20 [500dbars].  PTS/O2,T2,TPhase,RPhase,RawTemp/NO3/pH/FSig{},BbSig,TSig: 501.2dbars 6.3085C 33.9975PSU / 100.9uM 6.277C 49.048 7.715 586.136 / 33.7uM / -1.053206V / {  52   65}   92  565
(Apr 15 2026 22:44:16,  874445 sec) Profile()            Sample 14 initiated at 451.9dbars for bin 21 [450dbars].  PTS/O2,T2,TPhase,RPhase,RawTemp/NO3/pH/FSig{},BbSig,TSig: 451.8dbars 6.8092C 33.9622PSU / 136.5uM 6.788C 45.633 7.736 570.137 / 30.1uM / -1.048408V / {  51   61}   92  564
(Apr 15 2026 22:47:57,  874666 sec) AscentControlAgent() Bouyancy nudge to 107 (v=0.068dbar/sec).
(Apr 15 2026 22:47:57,  874666 sec) PistonMoveAbsWTO()    097->107 098 099 100 101 102 [30sec, 14.6Volts, 0.281Amps, CPT:1235sec]
(Apr 15 2026 22:48:38,  874707 sec) PistonMoveAbsWTO()    102->107 103 104 105 106 107 [24sec, 14.5Volts, 0.290Amps, CPT:1259sec]
(Apr 15 2026 22:54:47,  875076 sec) Profile()            Sample 15 initiated at 401.2dbars for bin 22 [400dbars].  PTS/O2,T2,TPhase,RPhase,RawTemp/NO3/pH/FSig{},BbSig,TSig: 401.1dbars 7.4350C 33.9446PSU / 177.8uM 7.417C 42.255 7.751 550.351 / 25.9uM / -1.043124V / {  51   57}   92  563
(Apr 15 2026 22:58:41,  875310 sec) Profile()            Sample 16 initiated at 381.7dbars for bin 23 [380dbars].  PTS/O2,T2,TPhase,RPhase,RawTemp/NO3/pH/FSig{},BbSig,TSig: 381.6dbars 7.7004C 33.9470PSU / 187.2uM 7.683C 41.497 7.749 541.979 / 24.4uM / -1.041500V / {  50   55}   95  563
(Apr 15 2026 23:02:58,  875567 sec) Profile()            Sample 17 initiated at 361.8dbars for bin 24 [360dbars].  PTS/O2,T2,TPhase,RPhase,RawTemp/NO3/pH/FSig{},BbSig,TSig: 361.8dbars 8.0208C 33.9558PSU / 202.2uM 8.005C 40.390 7.765 531.769 / 22.9uM / -1.039576V / {  52   56}   93  562
(Apr 15 2026 23:03:43,  875612 sec) AscentControlAgent() Bouyancy nudge to 117 (v=0.077dbar/sec).
(Apr 15 2026 23:03:43,  875612 sec) PistonMoveAbsWTO()    107->117 108 109 110 111 112 [30sec, 14.6Volts, 0.271Amps, CPT:1289sec]
(Apr 15 2026 23:04:24,  875653 sec) PistonMoveAbsWTO()    112->117 113 114 115 116 117 [23sec, 14.5Volts, 0.264Amps, CPT:1312sec]
(Apr 15 2026 23:05:34,  875723 sec) Profile()            Sample 18 initiated at 348.7dbars for bin 25 [350dbars].  PTS/O2,T2,TPhase,RPhase,RawTemp/NO3/pH/FSig{},BbSig,TSig: 348.6dbars 8.2786C 33.9583PSU / 200.1uM 8.262C 40.387 7.771 523.619 / 22.1uM / -1.039175V / {  51   54}   98  562
(Apr 15 2026 23:06:43,  875792 sec) Profile()            Sample 19 initiated at 341.1dbars for bin 26 [340dbars].  PTS/O2,T2,TPhase,RPhase,RawTemp/NO3/pH/FSig{},BbSig,TSig: 341.0dbars 8.4000C 33.9613PSU / 208.2uM 8.382C 39.832 7.766 519.813 / 21.6uM / -1.038403V / {  53   55}   90  562
(Apr 15 2026 23:08:14,  875883 sec) Profile()            Sample 20 initiated at 331.0dbars for bin 27 [330dbars].  PTS/O2,T2,TPhase,RPhase,RawTemp/NO3/pH/FSig{},BbSig,TSig: 331.0dbars 8.6015C 33.9712PSU / 213.6uM 8.574C 39.418 7.762 513.718 / 20.7uM / -1.037449V / {  51   55}  101  562
(Apr 15 2026 23:09:46,  875975 sec) Profile()            Sample 21 initiated at 321.0dbars for bin 28 [320dbars].  PTS/O2,T2,TPhase,RPhase,RawTemp/NO3/pH/FSig{},BbSig,TSig: 320.9dbars 8.8343C 33.9816PSU / 222.8uM 8.808C 38.777 7.774 506.246 / 19.7uM / -1.036221V / {  51   54}   96  561
(Apr 15 2026 23:11:17,  876066 sec) Profile()            Sample 22 initiated at 311.1dbars for bin 29 [310dbars].  PTS/O2,T2,TPhase,RPhase,RawTemp/NO3/pH/FSig{},BbSig,TSig: 311.0dbars 9.0007C 33.9853PSU / 227.2uM 8.976C 38.447 7.782 500.888 / 19.1uM / -1.035629V / {  49   51}   92  561
(Apr 15 2026 23:12:48,  876157 sec) Profile()            Sample 23 initiated at 301.6dbars for bin 30 [300dbars].  PTS/O2,T2,TPhase,RPhase,RawTemp/NO3/pH/FSig{},BbSig,TSig: 301.5dbars 9.0851C 33.9670PSU / 226.7uM 9.075C 38.424 7.785 497.725 / 19.3uM / -1.035881V / {  50   52}   90  561
(Apr 15 2026 23:14:30,  876259 sec) Profile()            Sample 24 initiated at 291.9dbars for bin 31 [290dbars].  PTS/O2,T2,TPhase,RPhase,RawTemp/NO3/pH/FSig{},BbSig,TSig: 291.8dbars 9.2145C 33.9537PSU / 224.9uM 9.201C 38.459 7.787 493.700 / 18.8uM / -1.035783V / {  49   52}   93  560
(Apr 15 2026 23:16:35,  876384 sec) Profile()            Sample 25 initiated at 281.3dbars for bin 32 [280dbars].  PTS/O2,T2,TPhase,RPhase,RawTemp/NO3/pH/FSig{},BbSig,TSig: 281.2dbars 9.5002C 33.9324PSU / 228.5uM 9.482C 38.116 7.795 484.716 / 18.0uM / -1.035130V / {  51   51}   94  560
(Apr 15 2026 23:18:39,  876508 sec) Profile()            Sample 26 initiated at 271.9dbars for bin 33 [270dbars].  PTS/O2,T2,TPhase,RPhase,RawTemp/NO3/pH/FSig{},BbSig,TSig: 271.7dbars 9.6591C 33.9137PSU / 230.5uM 9.652C 37.922 7.795 479.280 / 17.5uM / -1.034803V / {  50   52}   92  560
(Apr 15 2026 23:19:34,  876563 sec) AscentControlAgent() Bouyancy nudge to 127 (v=0.077dbar/sec).
(Apr 15 2026 23:19:35,  876564 sec) PistonMoveAbsWTO()    117->127 118 119 120 121 122 [30sec, 14.6Volts, 0.245Amps, CPT:1342sec]
(Apr 15 2026 23:20:52,  876641 sec) Profile()            Sample 27 initiated at 261.9dbars for bin 34 [260dbars].  PTS/O2,T2,TPhase,RPhase,RawTemp/NO3/pH/FSig{},BbSig,TSig: 261.9dbars 9.9918C 33.8925PSU / 233.4uM 9.964C 37.611 7.803 469.266 / 16.0uM / -1.033622V / {  49   50}   91  560
(Apr 15 2026 23:20:52,  876641 sec) PistonMoveAbsWTO()    122->127 123 124 125 126 127 [23sec, 14.5Volts, 0.247Amps, CPT:1365sec]
(Apr 15 2026 23:22:46,  876755 sec) Profile()            Sample 28 initiated at 250.9dbars for bin 35 [250dbars].  PTS/O2,T2,TPhase,RPhase,RawTemp/NO3/pH/FSig{},BbSig,TSig: 250.8dbars 10.2335C 33.8660PSU / 237.3uM 10.214C 37.276 7.808 461.222 / 15.0uM / -1.032959V / {  49   51}   91  559
(Apr 15 2026 23:24:17,  876846 sec) Profile()            Sample 29 initiated at 241.8dbars for bin 36 [240dbars].  PTS/O2,T2,TPhase,RPhase,RawTemp/NO3/pH/FSig{},BbSig,TSig: 241.7dbars 10.5277C 33.8458PSU / 240.9uM 10.505C 36.945 7.814 451.846 / 13.9uM / -1.032006V / {  50   51}   96  559
(Apr 15 2026 23:26:11,  876960 sec) Profile()            Sample 30 initiated at 231.3dbars for bin 37 [230dbars].  PTS/O2,T2,TPhase,RPhase,RawTemp/NO3/pH/FSig{},BbSig,TSig: 231.2dbars 11.0059C 33.8349PSU / 244.9uM 10.949C 36.515 7.823 437.515 / 11.8uM / -1.030452V / {  50   51}  103  559
(Apr 15 2026 23:28:04,  877073 sec) Profile()            Sample 31 initiated at 221.6dbars for bin 38 [220dbars].  PTS/O2,T2,TPhase,RPhase,RawTemp/NO3/pH/FSig{},BbSig,TSig: 221.5dbars 11.6728C 33.8568PSU / 253.3uM 11.613C 35.768 7.814 416.003 / 9.3uM / -1.028468V / {  50   51}  104  558
(Apr 15 2026 23:30:08,  877197 sec) Profile()            Sample 32 initiated at 211.8dbars for bin 39 [210dbars].  PTS/O2,T2,TPhase,RPhase,RawTemp/NO3/pH/FSig{},BbSig,TSig: 211.7dbars 11.8912C 33.8599PSU / 256.1uM 11.890C 35.495 7.839 407.021 / 8.7uM / -1.028264V / {  50   51}   95  557
(Apr 15 2026 23:32:24,  877333 sec) Profile()            Sample 33 initiated at 201.4dbars for bin 40 [200dbars].  PTS/O2,T2,TPhase,RPhase,RawTemp/NO3/pH/FSig{},BbSig,TSig: 201.4dbars 12.1572C 33.8344PSU / 256.8uM 12.121C 35.347 7.842 399.511 / 7.9uM / -1.027403V / {  52   53}   98  557
(Apr 15 2026 23:34:50,  877479 sec) Profile()            Sample 34 initiated at 191.6dbars for bin 41 [190dbars].  PTS/O2,T2,TPhase,RPhase,RawTemp/NO3/pH/FSig{},BbSig,TSig: 191.6dbars 13.0638C 33.9466PSU / 260.8uM 13.013C 34.724 7.851 370.442 / 5.7uM / -1.025301V / {  54   57}   99  556
(Apr 15 2026 23:37:39,  877648 sec) Profile()            Sample 35 initiated at 181.8dbars for bin 42 [180dbars].  PTS/O2,T2,TPhase,RPhase,RawTemp/NO3/pH/FSig{},BbSig,TSig: 181.7dbars 13.2383C 33.8634PSU / 264.6uM 13.239C 34.440 7.871 363.074 / 4.8uM / -1.024794V / {  60   65}  105  555
(Apr 15 2026 23:41:56,  877905 sec) Profile()            Sample 36 initiated at 171.9dbars for bin 43 [170dbars].  PTS/O2,T2,TPhase,RPhase,RawTemp/NO3/pH/FSig{},BbSig,TSig: 171.9dbars 13.5944C 33.8637PSU / 267.6uM 13.575C 34.143 7.876 352.103 / 3.8uM / -1.023914V / {  61   65}  102  554
(Apr 15 2026 23:45:14,  878103 sec) AscentControlAgent() Bouyancy nudge to 137 (v=0.029dbar/sec).
(Apr 15 2026 23:45:15,  878104 sec) PistonMoveAbsWTO()    127->137 128 129 130 131 132 [30sec, 14.7Volts, 0.232Amps, CPT:1395sec]
(Apr 15 2026 23:45:56,  878145 sec) PistonMoveAbsWTO()    133->137 134 135 136 137 [21sec, 14.6Volts, 0.231Amps, CPT:1416sec]
(Apr 15 2026 23:47:16,  878225 sec) Profile()            Sample 37 initiated at 161.5dbars for bin 44 [160dbars].  PTS/O2,T2,TPhase,RPhase,RawTemp/NO3/pH/FSig{},BbSig,TSig: 161.5dbars 14.5031C 33.9416PSU / 270.3uM 14.448C 33.608 7.878 323.505 / 2.2uM / -1.021870V / {  67   72}  106  553
(Apr 15 2026 23:49:31,  878360 sec) Profile()            Sample 38 initiated at 151.9dbars for bin 45 [150dbars].  PTS/O2,T2,TPhase,RPhase,RawTemp/NO3/pH/FSig{},BbSig,TSig: 151.9dbars 15.8524C 34.2034PSU / 273.2uM 15.835C 32.844 7.901 277.943 / 1.0uM / -1.019641V / {  81   90}  117  553
(Apr 15 2026 23:51:58,  878507 sec) Profile()            Sample 39 initiated at 141.6dbars for bin 46 [140dbars].  PTS/O2,T2,TPhase,RPhase,RawTemp/NO3/pH/FSig{},BbSig,TSig: 141.6dbars 16.6414C 34.3162PSU / 276.0uM 16.599C 32.380 7.911 252.815 / 0.3uM / -1.018494V / {  90  100}  121  552
(Apr 15 2026 23:54:13,  878642 sec) Profile()            Sample 40 initiated at 131.9dbars for bin 47 [130dbars].  PTS/O2,T2,TPhase,RPhase,RawTemp/NO3/pH/FSig{},BbSig,TSig: 131.8dbars 17.1273C 34.4100PSU / 277.2uM 17.095C 32.106 7.926 236.465 / 0.1uM / -1.017632V / { 106  126}  121  551
(Apr 15 2026 23:56:40,  878789 sec) Profile()            Sample 41 initiated at 121.6dbars for bin 48 [120dbars].  PTS/O2,T2,TPhase,RPhase,RawTemp/NO3/pH/FSig{},BbSig,TSig: 121.5dbars 17.0036C 34.3506PSU / 278.6uM 17.025C 32.079 7.923 238.767 / 0.3uM / -1.017789V / { 103  123}  128  550
(Apr 15 2026 23:59:06,  878935 sec) Profile()            Sample 42 initiated at 111.6dbars for bin 49 [110dbars].  PTS/O2,T2,TPhase,RPhase,RawTemp/NO3/pH/FSig{},BbSig,TSig: 111.4dbars 17.3334C 34.4170PSU / 279.1uM 17.321C 31.928 7.922 229.045 / -0.1uM / -1.017141V / { 122  155}  140  549
(Apr 16 2026 00:01:33,  879082 sec) Profile()            Sample 43 initiated at 101.6dbars for bin 50 [100dbars].  PTS/O2,T2,TPhase,RPhase,RawTemp/NO3/pH/FSig{},BbSig,TSig: 101.5dbars 17.4133C 34.4229PSU / 283.6uM 17.419C 31.699 7.921 225.810 / 0.0uM / -1.016780V / {  79   95}  139  548
(Apr 16 2026 00:02:42,  879151 sec) Profile()            Sample 44 initiated at 97.0dbars for bin 51 [95dbars].  PTS/O2,T2,TPhase,RPhase,RawTemp/NO3/pH/FSig{},BbSig,TSig: 96.9dbars 17.5014C 34.4391PSU / 283.1uM 17.491C 31.688 7.925 223.423 / 0.1uM / -1.016581V / {  72   82}  137  548
(Apr 16 2026 00:04:02,  879231 sec) Profile()            Sample 45 initiated at 91.8dbars for bin 52 [90dbars].  PTS/O2,T2,TPhase,RPhase,RawTemp/NO3/pH/FSig{},BbSig,TSig: 91.8dbars 17.6044C 34.4605PSU / 283.9uM 17.603C 31.607 7.930 219.749 / -0.0uM / -1.016525V / {  64   69}  120  548
(Apr 16 2026 00:05:22,  879311 sec) Profile()            Sample 46 initiated at 86.8dbars for bin 53 [85dbars].  PTS/O2,T2,TPhase,RPhase,RawTemp/NO3/pH/FSig{},BbSig,TSig: 86.7dbars 17.6851C 34.4636PSU / 284.0uM 17.685C 31.567 7.918 217.055 / -0.1uM / -1.016457V / {  60   61}  118  547
(Apr 16 2026 00:06:43,  879392 sec) Profile()            Sample 47 initiated at 81.9dbars for bin 54 [80dbars].  PTS/O2,T2,TPhase,RPhase,RawTemp/NO3/pH/FSig{},BbSig,TSig: 81.8dbars 17.6819C 34.4519PSU / 284.1uM 17.688C 31.562 7.920 216.951 / -0.1uM / -1.016455V / {  60   57}  121  547
(Apr 16 2026 00:08:14,  879483 sec) Profile()            Sample 48 initiated at 76.5dbars for bin 55 [75dbars].  PTS/O2,T2,TPhase,RPhase,RawTemp/NO3/pH/FSig{},BbSig,TSig: 76.5dbars 17.7036C 34.4488PSU / 284.1uM 17.705C 31.553 7.930 216.382 / 0.2uM / -1.016405V / {  55   57}  120  547
(Apr 16 2026 00:09:44,  879573 sec) Profile()            Sample 49 initiated at 71.4dbars for bin 56 [70dbars].  PTS/O2,T2,TPhase,RPhase,RawTemp/NO3/pH/FSig{},BbSig,TSig: 71.3dbars 17.7339C 34.4281PSU / 284.3uM 17.740C 31.529 7.926 215.221 / 0.2uM / -1.016317V / {  55   52}  119  547
(Apr 16 2026 00:11:16,  879665 sec) Profile()            Sample 50 initiated at 66.4dbars for bin 57 [65dbars].  PTS/O2,T2,TPhase,RPhase,RawTemp/NO3/pH/FSig{},BbSig,TSig: 66.4dbars 17.7335C 34.4275PSU / 284.3uM 17.743C 31.528 7.927 215.135 / 0.2uM / -1.016315V / {  54   51}  118  547
(Apr 16 2026 00:12:37,  879746 sec) Profile()            Sample 51 initiated at 61.7dbars for bin 58 [60dbars].  PTS/O2,T2,TPhase,RPhase,RawTemp/NO3/pH/FSig{},BbSig,TSig: 61.7dbars 17.7308C 34.4254PSU / 284.5uM 17.743C 31.519 7.925 215.143 / 0.2uM / -1.016218V / {  56   54}  129  546
(Apr 16 2026 00:14:08,  879837 sec) Profile()            Sample 52 initiated at 56.5dbars for bin 59 [55dbars].  PTS/O2,T2,TPhase,RPhase,RawTemp/NO3/pH/FSig{},BbSig,TSig: 56.4dbars 17.7184C 34.4068PSU / 284.6uM 17.733C 31.521 7.926 215.480 / 0.2uM / -1.016082V / {  56   53}  117  546
(Apr 16 2026 00:15:38,  879927 sec) Profile()            Sample 53 initiated at 51.6dbars for bin 60 [50dbars].  PTS/O2,T2,TPhase,RPhase,RawTemp/NO3/pH/FSig{},BbSig,TSig: 51.6dbars 17.7314C 34.3898PSU / 284.5uM 17.743C 31.520 7.925 215.132 / 0.2uM / -1.016159V / {  55   50}  121  546
(Apr 16 2026 00:17:20,  880029 sec) Profile()            Sample 54 initiated at 46.4dbars for bin 61 [45dbars].  PTS/O2,T2,TPhase,RPhase,RawTemp/NO3/pH/FSig{},BbSig,TSig: 46.3dbars 17.7479C 34.3792PSU / 284.6uM 17.765C 31.509 7.925 214.419 / 0.3uM / -1.015992V / {  52   49}  127  546
(Apr 16 2026 00:18:52,  880121 sec) Profile()            Sample 55 initiated at 42.0dbars for bin 62 [40dbars].  PTS/O2,T2,TPhase,RPhase,RawTemp/NO3/pH/FSig{},BbSig,TSig: 41.9dbars 17.7439C 34.3732PSU / 284.6uM 17.762C 31.510 7.924 214.525 / 0.2uM / -1.015994V / {  51   50}  118  546
(Apr 16 2026 00:20:44,  880233 sec) Profile()            Sample 56 initiated at 36.8dbars for bin 63 [35dbars].  PTS/O2,T2,TPhase,RPhase,RawTemp/NO3/pH/FSig{},BbSig,TSig: 36.8dbars 17.7389C 34.3630PSU / 284.7uM 17.763C 31.505 7.922 214.473 / 0.2uM / -1.015928V / {  51   47}  122  546
(Apr 16 2026 00:22:48,  880357 sec) Profile()            Sample 57 initiated at 31.6dbars for bin 64 [30dbars].  PTS/O2,T2,TPhase,RPhase,RawTemp/NO3/pH/FSig{},BbSig,TSig: 31.6dbars 17.7775C 34.3704PSU / 284.7uM 17.788C 31.493 7.925 213.651 / 0.2uM / -1.015737V / {  50   47}  190  546
(Apr 16 2026 00:24:52,  880481 sec) Profile()            Sample 58 initiated at 26.8dbars for bin 65 [25dbars].  PTS/O2,T2,TPhase,RPhase,RawTemp/NO3/pH/FSig{},BbSig,TSig: 26.8dbars 17.8402C 34.3816PSU / 284.8uM 17.865C 31.455 7.923 211.104 / 0.4uM / -1.015766V / {  52   47}  117  546
(Apr 16 2026 00:27:07,  880616 sec) Profile()            Sample 59 initiated at 21.8dbars for bin 66 [20dbars].  PTS/O2,T2,TPhase,RPhase,RawTemp/NO3/pH/FSig{},BbSig,TSig: 21.8dbars 17.9111C 34.3974PSU / 284.3uM 17.938C 31.443 7.922 208.711 / 0.5uM / -1.015253V / {  51   45}  116  546
(Apr 16 2026 00:27:08,  880617 sec) AscentControlAgent() Bouyancy nudge to 142 (v=0.038dbar/sec).
(Apr 16 2026 00:27:08,  880617 sec) PistonMoveAbsWTO()    137->142 138 139 140 141 142 [26sec, 14.8Volts, 0.196Amps, CPT:1442sec]
(Apr 16 2026 00:28:53,  880722 sec) Profile()            Sample 60 initiated at 16.8dbars for bin 67 [15dbars].  PTS/O2,T2,TPhase,RPhase,RawTemp/NO3/pH/FSig{},BbSig,TSig: 16.7dbars 17.9305C 34.3985PSU / 284.2uM 17.955C 31.441 7.923 208.156 / 0.6uM / -1.015498V / {  50   46}  112  546
(Apr 16 2026 00:30:13,  880802 sec) Profile()            Sample 61 initiated at 11.8dbars for bin 68 [10dbars].  PTS/O2,T2,TPhase,RPhase,RawTemp/NO3/pH/FSig{},BbSig,TSig: 11.7dbars 18.0023C 34.4088PSU / 284.3uM 18.034C 31.403 7.923 205.560 / 0.7uM / -1.015298V / {  50   45}  115  546
(Apr 16 2026 00:31:22,  880871 sec) Profile()            Sample 62 initiated at 7.7dbars for bin 69 [6dbars].  PTS/O2,T2,TPhase,RPhase,RawTemp/NO3/pH/FSig{},BbSig,TSig: 7.6dbars 18.0555C 34.4108PSU / 284.2uM 18.096C 31.379 7.921 203.529 / 0.7uM / -1.015317V / {  51   43}  114  546
(Apr 16 2026 00:31:57,  880906 sec) SurfaceDetect()      SurfacePressure:0.1dbars Pressure:3.8dbars PistonPosition:142
(Apr 16 2026 00:31:57,  880906 sec) Sbe41cpStopCP()      Continuous profile stopped.
(Apr 16 2026 00:32:01,  880910 sec) PistonMoveAbsWTO()    142->164 143 144 145 146 147 148 149 150 151 152 153 154 155 156 157 158 159 160 161 162 163 164 [111sec, 14.7Volts, 0.198Amps, CPT:1553sec]
(Apr 16 2026 00:33:57,  881026 sec) chat()               Expected string [S>] not received.
(Apr 16 2026 00:35:45,  881134 sec) Sbe41cpBinAverage()  Finished averaging 12544 samples in 103 seconds.
(Apr 16 2026 00:35:50,  881139 sec) Sbe41cpUploadCP_()   Sbe41cpSerNo[20389] NSample[12544] NBin[493]
(Apr 16 2026 00:36:21,  881170 sec) Sbe41cpUploadCP_()   Continuous profile uploaded [493 lines].
(Apr 16 2026 00:36:35,  881184 sec) MscErrorLog_()       No error records to log.
(Apr 16 2026 00:36:45,  881194 sec) MscErrorLog_()       No error records to log.

<EOT>
