(May 06 2026 11:21:05,  881771 sec) TelemetryInit()      Profile 4. (Apf11 FwRev: 102725)
(May 06 2026 11:21:05,  881771 sec) TelemetryInit()      Charge consumption model: OCV:15.1V Wake-Cycles:6085 Standby:42.1days Wake:5.8kC Sensors:0.4kC
(May 06 2026 11:26:16,  882082 sec) GetSurfaceObs()      P/O2,T2,TPhase,RPhase,RawTemp/FSig{},BbSig,TSig: 0.5dbars / 282.9uM 18.161C 31.406 7.909 201.361 / {53,51},112,545
(May 06 2026 11:26:46,  882112 sec) GetSurfaceObs()      P/O2,T2,TPhase,RPhase,RawTemp/FSig{},BbSig,TSig: 0.4dbars / 284.4uM 18.111C 31.368 7.904 203.016 / {52,51},112,545
(May 06 2026 11:27:15,  882141 sec) GetSurfaceObs()      P/O2,T2,TPhase,RPhase,RawTemp/FSig{},BbSig,TSig: 0.3dbars / 283.8uM 18.128C 31.382 7.911 202.448 / {54,50},117,545
(May 06 2026 11:27:45,  882171 sec) GetSurfaceObs()      P/O2,T2,TPhase,RPhase,RawTemp/FSig{},BbSig,TSig: 0.4dbars / 284.0uM 18.131C 31.375 7.908 202.346 / {54,50},110,545
(May 06 2026 11:31:04,  882370 sec) AirSystem()          Battery [214cnt, 15.0V]  Current [24cnt, 92.5mA]  Pneumometer [155cnt, 18.2psi]  Run-Time [95s]
(May 06 2026 11:31:13,  882379 sec) GetSurfaceObs()      P/O2,T2,TPhase,RPhase,RawTemp/FSig{},BbSig,TSig: 0.2dbars / 291.0uM 16.796C 31.673 7.903 246.325 / {53,50},120,545
(May 06 2026 11:31:43,  882409 sec) GetSurfaceObs()      P/O2,T2,TPhase,RPhase,RawTemp/FSig{},BbSig,TSig: 0.2dbars / 289.3uM 16.922C 31.683 7.898 242.157 / {52,50},120,545
(May 06 2026 11:32:12,  882438 sec) GetSurfaceObs()      P/O2,T2,TPhase,RPhase,RawTemp/FSig{},BbSig,TSig: 0.1dbars / 292.5uM 16.608C 31.695 7.903 252.500 / {53,49},111,545
(May 06 2026 11:32:42,  882468 sec) GetSurfaceObs()      P/O2,T2,TPhase,RPhase,RawTemp/FSig{},BbSig,TSig: 0.1dbars / 291.3uM 16.694C 31.704 7.903 249.662 / {53,51},113,545
(May 06 2026 11:33:11,  882497 sec) GetSurfaceObs()      P/O2,T2,TPhase,RPhase,RawTemp/FSig{},BbSig,TSig: 0.2dbars / 290.1uM 16.819C 31.699 7.903 245.569 / {51,50},115,545
(May 06 2026 11:33:41,  882527 sec) GetSurfaceObs()      P/O2,T2,TPhase,RPhase,RawTemp/FSig{},BbSig,TSig: 0.2dbars / 293.8uM 16.506C 31.689 7.900 255.848 / {53,50},111,545
(May 06 2026 11:34:10,  882556 sec) GetSurfaceObs()      P/O2,T2,TPhase,RPhase,RawTemp/FSig{},BbSig,TSig: 0.2dbars / 293.7uM 16.424C 31.729 7.901 258.570 / {53,49},112,545
(May 06 2026 11:34:40,  882586 sec) GetSurfaceObs()      P/O2,T2,TPhase,RPhase,RawTemp/FSig{},BbSig,TSig: 0.1dbars / 283.7uM 17.342C 31.728 7.893 228.350 / {54,50},110,545
(May 06 2026 11:35:00,  882606 sec) AirSystem()          Battery [214cnt, 15.1V]  Current [24cnt, 92.3mA]  Pneumometer [158cnt, 18.6psi]  Run-Time [9s]
(May 06 2026 11:35:31,  882637 sec) GetSurfaceObs()      P/O2,T2,TPhase,RPhase,RawTemp/FSig{},BbSig,TSig: 0.1dbars / 295.0uM 16.288C 31.735 7.897 263.038 / {54,49},109,545
(May 06 2026 11:35:33,  882639 sec) GpsServices()        GPS almanac is current.
(May 06 2026 11:35:33,  882639 sec) GpsServices()        Initiating GPS fix acquisition.
(May 06 2026 11:35:41,  882647 sec) gga()                $GPGGA,113540,3301.3615,N,14035.2748,W,0,00,,,M,,M,,*47
(May 06 2026 11:35:53,  882659 sec) gga()                $GPGGA,113600,3301.3615,N,14035.2748,W,0,00,,,M,,M,,*40
(May 06 2026 11:35:54,  882660 sec) gga()                $GPGGA,113600,3301.3615,N,14035.2748,W,0,00,,,M,,M,,*40
(May 06 2026 11:36:04,  882670 sec) gga()                $GPGGA,113610,3301.3615,N,14035.2748,W,0,00,,,M,,M,,*41
(May 06 2026 11:36:24,  882690 sec) gga()                $GPGGA,113630,3311.5866,N,14047.8589,W,1,10,0.9,3.1,M,-29.0,M,,*7D
(May 06 2026 11:36:24,  882690 sec) GpsServices()        Profile 4 GPS fix obtained in 51 seconds.
(May 06 2026 11:36:24,  882690 sec) GpsServices()                   lon      lat mm/dd/yyyy hhmmss nsat
(May 06 2026 11:36:24,  882690 sec) GpsServices()        Fix: -140.7977  33.1931 05/06/2026 113630   10
(May 06 2026 11:36:34,  882700 sec) gga()                $GPGGA,113640,3311.5889,N,14047.8605,W,1,10,0.9,2.7,M,-29.0,M,,*7B
(May 06 2026 11:36:44,  882710 sec) gga()                $GPGGA,113650,3311.5909,N,14047.8622,W,1,10,0.9,1.0,M,-29.0,M,,*72
(May 06 2026 11:36:44,  882710 sec) GpsServices()        APF11 RTC skew (-6s) OK.
(May 06 2026 11:36:44,  882710 sec) GpsServices()        GPS services complete.
(May 06 2026 11:37:11,  882737 sec) IrGeoLoc()           <x,y,z>=<-4132km,-3396km,3456km> lat=33.044 lon=-140.584 IrSysTime=0x18eb6afb
(May 06 2026 11:37:15,  882741 sec) CLogin()             Connecting to primary host.
(May 06 2026 11:37:28,  882754 sec) CLogin()             Connection 1 established in 13 seconds.
(May 06 2026 11:37:32,  882758 sec) login()              Login successful.
(May 06 2026 11:37:41,  882767 sec) CLogin()             Logged in to host.  [Login required 13 seconds]
(May 06 2026 11:37:42,  882768 sec) RxConfig()           Downloading "mission.cfg" from host.
(May 06 2026 11:37:52,  882778 sec) RxConfig()           Download successful: [bytes:33, sec:7.6, bps:4]
(May 06 2026 11:37:56,  882782 sec) WriteVitals_()       Writing vitals to "23394.004.msg".
(May 06 2026 11:38:01,  882787 sec) UpLoadFile()         Uploading "23394.004.log" to host.
(May 06 2026 11:40:32,  882938 sec) UpLoadFile()         Upload successful: [bytes:35381, sec:150.9, bps:234]
(May 06 2026 11:40:33,  882939 sec) fmove()              Moved: 23394.004.log -> archive/23394.004.log
(May 06 2026 11:40:37,  882943 sec) UpLoadFile()         Uploading "23394.004.msg" to host.
(May 06 2026 11:43:14,  883100 sec) UpLoadFile()         Upload successful: [bytes:41999, sec:157.3, bps:267]
(May 06 2026 11:43:15,  883101 sec) fmove()              Moved: 23394.004.msg -> archive/23394.004.msg
(May 06 2026 11:43:18,  883104 sec) UpLoadFile()         Uploading "23394.004.isus" to host.
(May 06 2026 11:44:47,  883193 sec) UpLoadFile()         Upload successful: [bytes:24022, sec:88.6, bps:271]
(May 06 2026 11:44:48,  883194 sec) fmove()              Moved: 23394.004.isus -> archive/23394.004.isus
(May 06 2026 11:44:54,  883200 sec) UpLoadFile()         Uploading "23394.004.dura" to host.
(May 06 2026 11:46:16,  883282 sec) UpLoadFile()         Upload successful: [bytes:11843, sec:82.3, bps:144]
(May 06 2026 11:46:17,  883283 sec) fmove()              Moved: 23394.004.dura -> archive/23394.004.dura
(May 06 2026 11:46:18,  883284 sec) UpLoad()             Files successfully uploaded: 4
(May 06 2026 11:46:19,  883285 sec) UpLoad()             Upload complete.
(May 06 2026 11:46:26,  883292 sec) chat()               Expected string [logout] not received.
(May 06 2026 11:46:26,  883292 sec) logout()             Attempt to log-out failed.
(May 06 2026 11:46:26,  883292 sec) logout()             No carrier detected.
(May 06 2026 11:46:26,  883292 sec) Telemetry()          Telemetry cycle complete: PrfId=4 ConnectionAttempts=1  Connections=1
(May 06 2026 11:46:26,  883292 sec) TelemetryTerminate() Parsing new mission configuration.
(May 06 2026 11:46:27,  883293 sec) configure()          Parsing configurators in "mission.cfg".
(May 06 2026 11:46:27,  883293 sec) configure()             TelemetryRetry(15)      [0x7BBC] [TelemetryRetry(15)].
(May 06 2026 11:46:27,  883293 sec) configure()          Configuration CRCs and syntax OK.
(May 06 2026 11:46:27,  883293 sec) ConfigSupervisor()   Configuration accepted.
(May 06 2026 11:46:27,  883293 sec) TelemetryTerminate() Reconditioning the file system.
(May 06 2026 11:46:30,       0 sec) DescentInit()        Deep profile 5 initiated at mission-time 883296sec.
(May 06 2026 11:46:31,       1 sec) DescentInit()        Surface pressure: 0.2dbars.
(May 06 2026 11:46:31,       1 sec) DescentInit()        Charge consumption model: OCV:14.9V Wake-Cycles:6086 Standby:42.1days Wake:5.8kC Sleep:0.4kC
(May 06 2026 11:46:43,      13 sec) DescentInit()        Pneumatic humidity: 979(4.6%) -> 1026(6.0%)
(May 06 2026 11:46:43,      13 sec) PistonMoveAbsWTO()    162->041 161 160 159 158 157 156 155 154 153 152 151 150 149 148 147 146 145 144 143 142 141 140 139 138 137 136 135 134 133 132 131 130 129 128 127 126 125 124 123 122 121 120 119 118 117 116 115 114 113 112 111 110 109 108 107 106 105 104 103 102 101 100 099 098 097 096 095 094 093 092 091 090 089 088 087 086 085 084 083 082 081 080 079 078 077 076 075 074 073 072 071 070 069 068 067 066 065 064 063 062 061 060 059 058 057 056 055 054 053 052 051 050 049 048 047 046 045 044 043 042 041 [622sec, 14.8Volts, 0.147Amps, CPT:622sec]
(May 06 2026 11:57:10,     640 sec) DescentInit()        Air solenoid open: Barometer [204cnt,  12.0psi]  Pneumometer [104cnt,  12.2psi]
(May 06 2026 11:57:20,     650 sec) Descent()            Pressure: 55.3
(May 06 2026 12:46:30,    3600 sec) Descent()            Pressure: 510.3
(May 06 2026 13:46:30,    7200 sec) Descent()            Pressure: 853.9
(May 06 2026 14:46:30,   10800 sec) Descent()            Pressure: 988.6
(May 06 2026 15:46:30,   14400 sec) Descent()            Pressure: 992.0
(May 06 2026 15:46:31,   14401 sec) ParkInit()           Charge consumption model: OCV:15.4V Wake-Cycles:6091 Standby:42.2days Wake:6.1kC Sensors:0.4kC
(May 16 2026 07:47:02,  849632 sec) CtdPower()           [ 1012.86,  3.8053, 34.3858]
(May 16 2026 07:47:02,  849632 sec) CtdPower()           CTD Power consumption [215VCnt 3ACnt]: 15.130Volts * 0.012Amps = 0.18Watts.
(May 16 2026 07:47:06,  849636 sec) ParkTerminate()      Piston Position:41 Vacuum:192 HumidityAd12:980(4.7%) Vq:217 Aq:2 Vsbe:215 Asbe:3 Vflbb:211 Aflbb:13 Vopt:210 Aopt:15 MuxTemp:2.756C MuxHumidity:0.0%
(May 16 2026 07:47:36,  849666 sec) ParkTerminate()      PTS/O2,T2,TPhase,RawTemp: 1012.7dbars 3.8082C 34.3848PSU / 11.1uM 3.794C 60.891 7.566 662.761
(May 16 2026 07:47:36,  849666 sec) ParkTerminate()      FLBB FSig{}, BbSig, TSig: {55, 68} 87, 568
(May 16 2026 07:47:37,  849667 sec) GoDeepInit()         Charge consumption model: OCV:15.3V Wake-Cycles:6323 Standby:51.9days Wake:6.4kC Sensors:0.4kC
(May 16 2026 07:47:37,  849667 sec) GoDeepInit()         Moving piston.
(May 16 2026 07:47:37,  849667 sec) PistonMoveAbsWTO()    041->012 040 039 038 037 036 035 034 033 032 031 030 029 028 027 026 025 024 023 022 021 020 019 018 017 016 015 014 013 012 [147sec, 14.9Volts, 0.074Amps, CPT:769sec]
(May 16 2026 11:46:30,  864000 sec) ProfileInit()        Charge consumption model: OCV:15.3V Wake-Cycles:6371 Standby:52.0days Wake:6.4kC Sensors:0.4kC
(May 16 2026 11:46:30,  864000 sec) ProfileInit()        PrfId:005  Pressure:1424.5dbar  pTable[6]:1400dbar
(May 16 2026 11:46:32,  864002 sec) ProfileInit()        Muxer PPIs K{1,2} quiescent: 15.16V, 0.2mA, 3.0mW
(May 16 2026 11:46:36,  864006 sec) ProfileInit()        ISUS powered up.
(May 16 2026 11:46:39,  864009 sec) ProfileInit()        Muxer PPIs K{1,2} w/ ISUS awake: 14.99V, 49.1mA, 735.9mW
(May 16 2026 11:46:46,  864016 sec) MscErrorLog_()       No error records to log.
(May 16 2026 11:46:52,  864022 sec) ProfileInit()        DURA powered up.
(May 16 2026 11:46:56,  864026 sec) ProfileInit()        Muxer PPIs K{1,2} w/ DURA awake: 15.03V, 48.8mA, 733.4mW
(May 16 2026 11:47:02,  864032 sec) MscErrorLog_()       No error records to log.
(May 16 2026 11:47:07,  864037 sec) PistonMoveAbsWTO()    012->034 013 014 015 016 017 [30sec, 14.4Volts, 0.503Amps, CPT:799sec]
(May 16 2026 11:47:48,  864078 sec) PistonMoveAbsWTO()    017->034 018 019 020 021 022 023 [30sec, 14.2Volts, 0.498Amps, CPT:829sec]
(May 16 2026 11:48:29,  864119 sec) PistonMoveAbsWTO()    023->034 024 025 026 027 028 [30sec, 14.1Volts, 0.501Amps, CPT:859sec]
(May 16 2026 11:49:10,  864160 sec) PistonMoveAbsWTO()    028->034 029 030 031 032 033 [30sec, 14.1Volts, 0.506Amps, CPT:889sec]
(May 16 2026 11:49:51,  864201 sec) PistonMoveAbsWTO()    033->034 034 [4sec, 14.1Volts, 0.508Amps, CPT:893sec]
(May 16 2026 11:52:31,  864361 sec) Profile()            Sample 0 initiated at 1401.3dbars for bin 6 [1400dbars].  PTS/O2,T2,TPhase,RPhase,RawTemp/NO3/pH/FSig{},BbSig,TSig: 1398.9dbars 2.9277C 34.5220PSU / 39.5uM 2.921C 57.104 7.591 689.269 / 42.5uM / -1.064298V / {  53   65}   91  569
(May 16 2026 12:07:59,  865289 sec) Profile()            Sample 1 initiated at 1301.6dbars for bin 7 [1300dbars].  PTS/O2,T2,TPhase,RPhase,RawTemp/NO3/pH/FSig{},BbSig,TSig: 1299.7dbars 3.0990C 34.5017PSU / 33.2uM 3.087C 57.873 7.602 684.245 / 42.8uM / -1.064381V / {  53   65}   87  569
(May 16 2026 12:16:50,  865820 sec) AscentControlAgent() Bouyancy nudge to 44 (v=0.079dbar/sec).
(May 16 2026 12:16:50,  865820 sec) PistonMoveAbsWTO()    034->044 035 036 037 038 039 [30sec, 14.5Volts, 0.462Amps, CPT:923sec]
(May 16 2026 12:17:31,  865861 sec) PistonMoveAbsWTO()    039->044 040 041 042 043 044 [26sec, 14.3Volts, 0.456Amps, CPT:949sec]
(May 16 2026 12:26:15,  866385 sec) Profile()            Sample 2 initiated at 1201.3dbars for bin 8 [1200dbars].  PTS/O2,T2,TPhase,RPhase,RawTemp/NO3/pH/FSig{},BbSig,TSig: 1199.2dbars 3.3175C 34.4734PSU / 25.0uM 3.308C 58.930 7.607 677.544 / 43.2uM / -1.064587V / {  54   68}   89  569
(May 16 2026 12:44:30,  867480 sec) Profile()            Sample 3 initiated at 1101.4dbars for bin 9 [1100dbars].  PTS/O2,T2,TPhase,RPhase,RawTemp/NO3/pH/FSig{},BbSig,TSig: 1099.8dbars 3.5081C 34.4412PSU / 17.8uM 3.498C 59.919 7.599 671.779 / 43.5uM / -1.064811V / {  56   68}   90  569
(May 16 2026 12:47:28,  867658 sec) AscentControlAgent() Bouyancy nudge to 54 (v=0.077dbar/sec).
(May 16 2026 12:47:28,  867658 sec) PistonMoveAbsWTO()    044->054 045 046 047 048 049 [30sec, 14.5Volts, 0.428Amps, CPT:979sec]
(May 16 2026 12:48:09,  867699 sec) PistonMoveAbsWTO()    049->054 050 051 052 053 054 [25sec, 14.4Volts, 0.430Amps, CPT:1004sec]
(May 16 2026 13:03:08,  868598 sec) Profile()            Sample 4 initiated at 1001.5dbars for bin 10 [1000dbars].  PTS/O2,T2,TPhase,RPhase,RawTemp/NO3/pH/FSig{},BbSig,TSig: 999.7dbars 3.7338C 34.3995PSU / 12.2uM 3.722C 60.728 7.613 664.953 / 43.6uM / -1.064848V / {  55   68}   88  568
(May 16 2026 13:07:02,  868832 sec) Sbe41cpStartCP()     Continuous profile started.
(May 16 2026 13:13:32,  869222 sec) Profile()            Sample 5 initiated at 951.7dbars for bin 11 [950dbars].  PTS/O2,T2,TPhase,RPhase,RawTemp/NO3/pH/FSig{},BbSig,TSig: 951.6dbars 3.8462C 34.3784PSU / 10.7uM 3.836C 60.953 7.614 661.499 / 43.5uM / -1.064759V / {  54   69}   89  568
(May 16 2026 13:13:32,  869222 sec) AscentControlAgent() Bouyancy nudge to 64 (v=0.072dbar/sec).
(May 16 2026 13:13:33,  869223 sec) PistonMoveAbsWTO()    054->064 055 056 057 058 059 [30sec, 14.4Volts, 0.395Amps, CPT:1034sec]
(May 16 2026 13:14:14,  869264 sec) PistonMoveAbsWTO()    059->064 060 061 062 063 064 [25sec, 14.3Volts, 0.398Amps, CPT:1059sec]
(May 16 2026 13:22:25,  869755 sec) Profile()            Sample 6 initiated at 901.3dbars for bin 12 [900dbars].  PTS/O2,T2,TPhase,RPhase,RawTemp/NO3/pH/FSig{},BbSig,TSig: 901.1dbars 3.9794C 34.3427PSU / 9.6uM 3.966C 61.096 7.615 657.529 / 43.5uM / -1.064719V / {  54   69}   91  568
(May 16 2026 13:32:02,  870332 sec) Profile()            Sample 7 initiated at 852.0dbars for bin 13 [850dbars].  PTS/O2,T2,TPhase,RPhase,RawTemp/NO3/pH/FSig{},BbSig,TSig: 851.9dbars 4.1379C 34.3068PSU / 10.2uM 4.124C 60.990 7.617 652.688 / 43.3uM / -1.064492V / {  55   69}   90  568
(May 16 2026 13:39:01,  870751 sec) AscentControlAgent() Bouyancy nudge to 74 (v=0.074dbar/sec).
(May 16 2026 13:39:02,  870752 sec) PistonMoveAbsWTO()    064->074 065 066 067 068 069 [30sec, 14.5Volts, 0.370Amps, CPT:1089sec]
(May 16 2026 13:39:43,  870793 sec) PistonMoveAbsWTO()    069->074 070 071 072 073 074 [25sec, 14.4Volts, 0.375Amps, CPT:1114sec]
(May 16 2026 13:42:23,  870953 sec) Profile()            Sample 8 initiated at 802.0dbars for bin 14 [800dbars].  PTS/O2,T2,TPhase,RPhase,RawTemp/NO3/pH/FSig{},BbSig,TSig: 801.9dbars 4.2937C 34.2696PSU / 12.2uM 4.282C 60.651 7.626 647.855 / 43.0uM / -1.064085V / {  55   68}   89  567
(May 16 2026 13:51:14,  871484 sec) Profile()            Sample 9 initiated at 752.0dbars for bin 15 [750dbars].  PTS/O2,T2,TPhase,RPhase,RawTemp/NO3/pH/FSig{},BbSig,TSig: 751.9dbars 4.4989C 34.2162PSU / 17.3uM 4.485C 59.838 7.627 641.641 / 42.4uM / -1.063512V / {  54   66}   87  567
(May 16 2026 13:59:19,  871969 sec) AscentControlAgent() Bouyancy nudge to 84 (v=0.071dbar/sec).
(May 16 2026 13:59:19,  871969 sec) PistonMoveAbsWTO()    074->084 075 076 077 078 079 [30sec, 14.5Volts, 0.347Amps, CPT:1144sec]
(May 16 2026 14:00:00,  872010 sec) PistonMoveAbsWTO()    079->084 080 081 082 083 084 [25sec, 14.4Volts, 0.344Amps, CPT:1169sec]
(May 16 2026 14:02:06,  872136 sec) Profile()            Sample 10 initiated at 701.4dbars for bin 16 [700dbars].  PTS/O2,T2,TPhase,RPhase,RawTemp/NO3/pH/FSig{},BbSig,TSig: 701.3dbars 4.6806C 34.1713PSU / 25.1uM 4.666C 58.651 7.631 636.072 / 41.8uM / -1.062566V / {  53   67}   89  567
(May 16 2026 14:11:08,  872678 sec) Profile()            Sample 11 initiated at 651.8dbars for bin 17 [650dbars].  PTS/O2,T2,TPhase,RPhase,RawTemp/NO3/pH/FSig{},BbSig,TSig: 651.7dbars 4.9437C 34.1162PSU / 38.1uM 4.928C 56.759 7.637 628.008 / 40.6uM / -1.061031V / {  54   68}   90  567
(May 16 2026 14:21:16,  873286 sec) Profile()            Sample 12 initiated at 601.4dbars for bin 18 [600dbars].  PTS/O2,T2,TPhase,RPhase,RawTemp/NO3/pH/FSig{},BbSig,TSig: 601.3dbars 5.1592C 34.0508PSU / 61.6uM 5.147C 53.715 7.634 621.238 / 38.9uM / -1.058815V / {  51   66}   90  566
(May 16 2026 14:24:46,  873496 sec) AscentControlAgent() Bouyancy nudge to 94 (v=0.076dbar/sec).
(May 16 2026 14:24:46,  873496 sec) PistonMoveAbsWTO()    084->094 085 086 087 088 089 [30sec, 14.5Volts, 0.317Amps, CPT:1199sec]
(May 16 2026 14:25:27,  873537 sec) PistonMoveAbsWTO()    089->094 090 091 092 093 094 [23sec, 14.4Volts, 0.316Amps, CPT:1222sec]
(May 16 2026 14:30:49,  873859 sec) Profile()            Sample 13 initiated at 551.5dbars for bin 19 [550dbars].  PTS/O2,T2,TPhase,RPhase,RawTemp/NO3/pH/FSig{},BbSig,TSig: 551.4dbars 5.4575C 34.0097PSU / 80.0uM 5.438C 51.535 7.652 612.239 / 37.2uM / -1.056283V / {  54   63}   94  566
(May 16 2026 14:40:00,  874410 sec) AscentControlAgent() Bouyancy nudge to 104 (v=0.065dbar/sec).
(May 16 2026 14:40:00,  874410 sec) PistonMoveAbsWTO()    094->104 095 096 097 098 099 [30sec, 14.6Volts, 0.299Amps, CPT:1252sec]
(May 16 2026 14:40:41,  874451 sec) PistonMoveAbsWTO()    099->104 100 101 102 103 104 [23sec, 14.5Volts, 0.301Amps, CPT:1275sec]
(May 16 2026 14:42:12,  874542 sec) Profile()            Sample 14 initiated at 501.7dbars for bin 20 [500dbars].  PTS/O2,T2,TPhase,RPhase,RawTemp/NO3/pH/FSig{},BbSig,TSig: 501.6dbars 6.0172C 33.9726PSU / 112.4uM 5.996C 48.090 7.670 594.905 / 33.7uM / -1.051937V / {  55   61}   91  565
(May 16 2026 14:50:52,  875062 sec) Profile()            Sample 15 initiated at 451.5dbars for bin 21 [450dbars].  PTS/O2,T2,TPhase,RPhase,RawTemp/NO3/pH/FSig{},BbSig,TSig: 451.4dbars 6.7671C 33.9505PSU / 147.9uM 6.750C 44.748 7.694 571.348 / 29.5uM / -1.046928V / {  54   59}   93  564
(May 16 2026 15:00:18,  875628 sec) Profile()            Sample 16 initiated at 401.9dbars for bin 22 [400dbars].  PTS/O2,T2,TPhase,RPhase,RawTemp/NO3/pH/FSig{},BbSig,TSig: 401.9dbars 7.5093C 33.9619PSU / 180.2uM 7.490C 42.052 7.713 548.057 / 25.9uM / -1.042589V / {  51   58}   93  563
(May 16 2026 15:01:04,  875674 sec) AscentControlAgent() Bouyancy nudge to 114 (v=0.077dbar/sec).
(May 16 2026 15:01:04,  875674 sec) PistonMoveAbsWTO()    104->114 105 106 107 108 109 [30sec, 14.6Volts, 0.275Amps, CPT:1305sec]
(May 16 2026 15:01:45,  875715 sec) PistonMoveAbsWTO()    109->114 110 111 112 113 114 [24sec, 14.5Volts, 0.272Amps, CPT:1329sec]
(May 16 2026 15:04:26,  875876 sec) Profile()            Sample 17 initiated at 381.6dbars for bin 23 [380dbars].  PTS/O2,T2,TPhase,RPhase,RawTemp/NO3/pH/FSig{},BbSig,TSig: 381.5dbars 7.8469C 33.9536PSU / 180.4uM 7.829C 41.865 7.728 537.352 / 25.1uM / -1.042351V / {  52   57}   91  563
(May 16 2026 15:08:01,  876091 sec) Profile()            Sample 18 initiated at 361.7dbars for bin 24 [360dbars].  PTS/O2,T2,TPhase,RPhase,RawTemp/NO3/pH/FSig{},BbSig,TSig: 361.6dbars 8.1967C 33.9558PSU / 197.0uM 8.175C 40.618 7.733 526.378 / 23.3uM / -1.040079V / {  52   58}   92  562
(May 16 2026 15:09:56,  876206 sec) Profile()            Sample 19 initiated at 351.5dbars for bin 25 [350dbars].  PTS/O2,T2,TPhase,RPhase,RawTemp/NO3/pH/FSig{},BbSig,TSig: 351.4dbars 8.3694C 33.9541PSU / 200.9uM 8.354C 40.288 7.735 520.710 / 22.8uM / -1.039554V / {  51   56}   93  562
(May 16 2026 15:11:50,  876320 sec) Profile()            Sample 20 initiated at 341.3dbars for bin 26 [340dbars].  PTS/O2,T2,TPhase,RPhase,RawTemp/NO3/pH/FSig{},BbSig,TSig: 341.2dbars 8.6150C 33.9550PSU / 206.2uM 8.586C 39.847 7.740 513.339 / 21.8uM / -1.038441V / {  49   55}   92  562
(May 16 2026 15:13:44,  876434 sec) Profile()            Sample 21 initiated at 331.0dbars for bin 27 [330dbars].  PTS/O2,T2,TPhase,RPhase,RawTemp/NO3/pH/FSig{},BbSig,TSig: 330.9dbars 8.7566C 33.9571PSU / 212.5uM 8.740C 39.398 7.746 508.421 / 21.1uM / -1.037722V / {  51   56}  110  561
(May 16 2026 15:15:27,  876537 sec) Profile()            Sample 22 initiated at 321.7dbars for bin 28 [320dbars].  PTS/O2,T2,TPhase,RPhase,RawTemp/NO3/pH/FSig{},BbSig,TSig: 321.6dbars 8.9921C 33.9603PSU / 219.8uM 8.972C 38.861 7.754 501.035 / 20.3uM / -1.036918V / {  49   54}   91  561
(May 16 2026 15:17:21,  876651 sec) Profile()            Sample 23 initiated at 311.2dbars for bin 29 [310dbars].  PTS/O2,T2,TPhase,RPhase,RawTemp/NO3/pH/FSig{},BbSig,TSig: 311.1dbars 9.2000C 33.9433PSU / 220.3uM 9.180C 38.728 7.751 494.371 / 19.6uM / -1.036338V / {  51   51}   95  561
(May 16 2026 15:19:04,  876754 sec) Profile()            Sample 24 initiated at 301.9dbars for bin 30 [300dbars].  PTS/O2,T2,TPhase,RPhase,RawTemp/NO3/pH/FSig{},BbSig,TSig: 301.8dbars 9.3779C 33.9330PSU / 222.1uM 9.352C 38.536 7.764 488.879 / 19.2uM / -1.036046V / {  50   51}   94  560
(May 16 2026 15:20:58,  876868 sec) Profile()            Sample 25 initiated at 292.0dbars for bin 31 [290dbars].  PTS/O2,T2,TPhase,RPhase,RawTemp/NO3/pH/FSig{},BbSig,TSig: 291.9dbars 9.5275C 33.9188PSU / 224.0uM 9.511C 38.349 7.766 483.782 / 18.6uM / -1.035532V / {  51   50}   96  560
(May 16 2026 15:23:03,  876993 sec) Profile()            Sample 26 initiated at 281.7dbars for bin 32 [280dbars].  PTS/O2,T2,TPhase,RPhase,RawTemp/NO3/pH/FSig{},BbSig,TSig: 281.7dbars 9.7306C 33.9088PSU / 227.8uM 9.716C 38.038 7.766 477.223 / 17.8uM / -1.034879V / {  49   51}   95  560
(May 16 2026 15:25:19,  877129 sec) Profile()            Sample 27 initiated at 271.6dbars for bin 33 [270dbars].  PTS/O2,T2,TPhase,RPhase,RawTemp/NO3/pH/FSig{},BbSig,TSig: 271.5dbars 9.8687C 33.9015PSU / 230.3uM 9.850C 37.835 7.774 472.929 / 17.2uM / -1.034327V / {  50   51}   99  559
(May 16 2026 15:27:57,  877287 sec) Profile()            Sample 28 initiated at 261.9dbars for bin 34 [260dbars].  PTS/O2,T2,TPhase,RPhase,RawTemp/NO3/pH/FSig{},BbSig,TSig: 261.8dbars 10.0698C 33.8590PSU / 232.3uM 10.051C 37.621 7.780 466.451 / 16.6uM / -1.033963V / {  51   51}   94  559
(May 16 2026 15:28:10,  877300 sec) AscentControlAgent() Bouyancy nudge to 124 (v=0.064dbar/sec).
(May 16 2026 15:28:10,  877300 sec) PistonMoveAbsWTO()    114->124 115 116 117 118 119 [30sec, 14.6Volts, 0.243Amps, CPT:1359sec]
(May 16 2026 15:28:51,  877341 sec) PistonMoveAbsWTO()    119->124 120 121 122 123 124 [23sec, 14.5Volts, 0.246Amps, CPT:1382sec]
(May 16 2026 15:30:34,  877444 sec) Profile()            Sample 29 initiated at 251.6dbars for bin 35 [250dbars].  PTS/O2,T2,TPhase,RPhase,RawTemp/NO3/pH/FSig{},BbSig,TSig: 251.5dbars 10.4518C 33.8562PSU / 238.6uM 10.429C 37.101 7.771 454.291 / 14.6uM / -1.032336V / {  49   50}   95  559
(May 16 2026 15:32:28,  877558 sec) Profile()            Sample 30 initiated at 241.9dbars for bin 36 [240dbars].  PTS/O2,T2,TPhase,RPhase,RawTemp/NO3/pH/FSig{},BbSig,TSig: 241.8dbars 10.6976C 33.8201PSU / 242.2uM 10.683C 36.789 7.775 446.112 / 13.4uM / -1.031504V / {  51   51}   94  559
(May 16 2026 15:33:14,  877604 sec) AscentControlAgent() Bouyancy nudge to 134 (v=0.078dbar/sec).
(May 16 2026 15:33:14,  877604 sec) PistonMoveAbsWTO()    124->134 125 126 127 128 129 [30sec, 14.6Volts, 0.240Amps, CPT:1412sec]
(May 16 2026 15:33:55,  877645 sec) PistonMoveAbsWTO()    129->134 130 131 132 133 134 [24sec, 14.5Volts, 0.238Amps, CPT:1436sec]
(May 16 2026 15:35:06,  877716 sec) Profile()            Sample 31 initiated at 229.1dbars for bin 37 [230dbars].  PTS/O2,T2,TPhase,RPhase,RawTemp/NO3/pH/FSig{},BbSig,TSig: 228.9dbars 11.1322C 33.7661PSU / 246.5uM 11.112C 36.353 7.795 432.257 / 11.5uM / -1.030306V / {  51   54}   94  558
(May 16 2026 15:36:27,  877797 sec) Profile()            Sample 32 initiated at 220.9dbars for bin 38 [220dbars].  PTS/O2,T2,TPhase,RPhase,RawTemp/NO3/pH/FSig{},BbSig,TSig: 220.9dbars 11.5514C 33.7483PSU / 249.5uM 11.502C 36.009 7.803 419.617 / 10.1uM / -1.029253V / {  54   56}   97  558
(May 16 2026 15:38:10,  877900 sec) Profile()            Sample 33 initiated at 211.3dbars for bin 39 [210dbars].  PTS/O2,T2,TPhase,RPhase,RawTemp/NO3/pH/FSig{},BbSig,TSig: 211.3dbars 12.0536C 33.7554PSU / 253.2uM 12.000C 35.581 7.813 403.467 / 8.0uM / -1.027707V / {  59   59}  105  557
(May 16 2026 15:40:05,  878015 sec) Profile()            Sample 34 initiated at 201.8dbars for bin 40 [200dbars].  PTS/O2,T2,TPhase,RPhase,RawTemp/NO3/pH/FSig{},BbSig,TSig: 201.8dbars 13.0260C 33.8515PSU / 261.2uM 12.976C 34.725 7.833 371.678 / 5.7uM / -1.025734V / {  68   75}  111  557
(May 16 2026 15:42:10,  878140 sec) Profile()            Sample 35 initiated at 192.0dbars for bin 41 [190dbars].  PTS/O2,T2,TPhase,RPhase,RawTemp/NO3/pH/FSig{},BbSig,TSig: 191.9dbars 13.5798C 33.9017PSU / 264.4uM 13.512C 34.321 7.848 354.157 / 4.3uM / -1.024085V / {  79   84}  108  556
(May 16 2026 15:44:27,  878277 sec) Profile()            Sample 36 initiated at 181.7dbars for bin 42 [180dbars].  PTS/O2,T2,TPhase,RPhase,RawTemp/NO3/pH/FSig{},BbSig,TSig: 181.7dbars 14.9932C 34.1392PSU / 269.3uM 14.853C 33.464 7.860 310.200 / 2.0uM / -1.021448V / {  88   94}  119  555
(May 16 2026 15:46:54,  878424 sec) Profile()            Sample 37 initiated at 172.0dbars for bin 43 [170dbars].  PTS/O2,T2,TPhase,RPhase,RawTemp/NO3/pH/FSig{},BbSig,TSig: 172.0dbars 15.5922C 34.2133PSU / 277.3uM 15.548C 32.796 7.881 287.368 / 0.5uM / -1.019469V / {  87  104}  112  553
(May 16 2026 15:49:44,  878594 sec) Profile()            Sample 38 initiated at 161.4dbars for bin 44 [160dbars].  PTS/O2,T2,TPhase,RPhase,RawTemp/NO3/pH/FSig{},BbSig,TSig: 161.4dbars 15.8129C 34.2169PSU / 286.5uM 15.817C 32.289 7.875 278.522 / 0.2uM / -1.018725V / {  83   98}  122  552
(May 16 2026 15:52:21,  878751 sec) Profile()            Sample 39 initiated at 152.0dbars for bin 45 [150dbars].  PTS/O2,T2,TPhase,RPhase,RawTemp/NO3/pH/FSig{},BbSig,TSig: 151.9dbars 16.0778C 34.2625PSU / 287.7uM 16.050C 32.134 7.887 270.869 / 0.3uM / -1.018350V / {  84   98}  122  551
(May 16 2026 15:55:10,  878920 sec) Profile()            Sample 40 initiated at 141.7dbars for bin 46 [140dbars].  PTS/O2,T2,TPhase,RPhase,RawTemp/NO3/pH/FSig{},BbSig,TSig: 141.7dbars 16.4784C 34.3366PSU / 285.4uM 16.505C 32.025 7.900 255.882 / 0.2uM / -1.017847V / {  87  103}  120  551
(May 16 2026 15:57:47,  879077 sec) Profile()            Sample 41 initiated at 131.5dbars for bin 47 [130dbars].  PTS/O2,T2,TPhase,RPhase,RawTemp/NO3/pH/FSig{},BbSig,TSig: 131.3dbars 16.9296C 34.4366PSU / 285.1uM 16.886C 31.869 7.889 243.352 / 0.2uM / -1.017351V / {  78   95}  128  550
(May 16 2026 16:00:14,  879224 sec) Profile()            Sample 42 initiated at 121.3dbars for bin 48 [120dbars].  PTS/O2,T2,TPhase,RPhase,RawTemp/NO3/pH/FSig{},BbSig,TSig: 121.2dbars 17.1216C 34.4712PSU / 285.1uM 17.104C 31.776 7.903 236.173 / 0.2uM / -1.016963V / {  75   87}  116  549
(May 16 2026 16:02:29,  879359 sec) Profile()            Sample 43 initiated at 111.8dbars for bin 49 [110dbars].  PTS/O2,T2,TPhase,RPhase,RawTemp/NO3/pH/FSig{},BbSig,TSig: 111.7dbars 17.2324C 34.4786PSU / 285.7uM 17.226C 31.698 7.905 232.144 / 0.4uM / -1.016752V / {  73   82}  116  548
(May 16 2026 16:05:07,  879517 sec) Profile()            Sample 44 initiated at 101.5dbars for bin 50 [100dbars].  PTS/O2,T2,TPhase,RPhase,RawTemp/NO3/pH/FSig{},BbSig,TSig: 101.5dbars 17.6002C 34.5332PSU / 284.4uM 17.574C 31.598 7.907 220.698 / 0.3uM / -1.016544V / {  69   81}  118  548
(May 16 2026 16:06:38,  879608 sec) Profile()            Sample 45 initiated at 96.7dbars for bin 51 [95dbars].  PTS/O2,T2,TPhase,RPhase,RawTemp/NO3/pH/FSig{},BbSig,TSig: 96.7dbars 17.8952C 34.5944PSU / 282.5uM 17.851C 31.557 7.900 211.582 / 0.4uM / -1.016248V / {  65   75}  114  548
(May 16 2026 16:08:20,  879710 sec) Profile()            Sample 46 initiated at 91.9dbars for bin 52 [90dbars].  PTS/O2,T2,TPhase,RPhase,RawTemp/NO3/pH/FSig{},BbSig,TSig: 91.9dbars 18.0540C 34.6040PSU / 282.4uM 18.037C 31.478 7.912 205.469 / 0.3uM / -1.016124V / {  64   70}  118  547
(May 16 2026 16:10:25,  879835 sec) Profile()            Sample 47 initiated at 86.8dbars for bin 53 [85dbars].  PTS/O2,T2,TPhase,RPhase,RawTemp/NO3/pH/FSig{},BbSig,TSig: 86.8dbars 18.1744C 34.6247PSU / 282.6uM 18.167C 31.415 7.914 201.161 / 0.4uM / -1.015991V / {  59   62}  113  547
(May 16 2026 16:12:29,  879959 sec) Profile()            Sample 48 initiated at 81.8dbars for bin 54 [80dbars].  PTS/O2,T2,TPhase,RPhase,RawTemp/NO3/pH/FSig{},BbSig,TSig: 81.8dbars 18.1400C 34.5995PSU / 283.1uM 18.145C 31.405 7.922 201.896 / 0.2uM / -1.016016V / {  60   63}  116  547
(May 16 2026 16:14:33,  880083 sec) Profile()            Sample 49 initiated at 76.7dbars for bin 55 [75dbars].  PTS/O2,T2,TPhase,RPhase,RawTemp/NO3/pH/FSig{},BbSig,TSig: 76.8dbars 18.0661C 34.5498PSU / 283.5uM 18.071C 31.422 7.912 204.341 / 0.3uM / -1.016097V / {  60   61}  112  546
(May 16 2026 16:16:38,  880208 sec) Profile()            Sample 50 initiated at 71.9dbars for bin 56 [70dbars].  PTS/O2,T2,TPhase,RPhase,RawTemp/NO3/pH/FSig{},BbSig,TSig: 72.0dbars 18.1209C 34.5541PSU / 283.8uM 18.122C 31.387 7.913 202.664 / 0.3uM / -1.016027V / {  57   56}  112  546
(May 16 2026 16:18:42,  880332 sec) Profile()            Sample 51 initiated at 67.0dbars for bin 57 [65dbars].  PTS/O2,T2,TPhase,RPhase,RawTemp/NO3/pH/FSig{},BbSig,TSig: 67.0dbars 18.1627C 34.5544PSU / 283.7uM 18.162C 31.374 7.909 201.340 / 0.3uM / -1.016025V / {  58   58}  112  546
(May 16 2026 16:19:37,  880387 sec) AscentControlAgent() Bouyancy nudge to 139 (v=0.040dbar/sec).
(May 16 2026 16:19:38,  880388 sec) PistonMoveAbsWTO()    134->139 135 136 137 138 139 [25sec, 14.8Volts, 0.198Amps, CPT:1461sec]
(May 16 2026 16:20:50,  880460 sec) Profile()            Sample 52 initiated at 61.6dbars for bin 58 [60dbars].  PTS/O2,T2,TPhase,RPhase,RawTemp/NO3/pH/FSig{},BbSig,TSig: 61.6dbars 18.1802C 34.5476PSU / 284.1uM 18.186C 31.348 7.914 200.559 / 0.3uM / -1.015975V / {  55   54}  121  546
(May 16 2026 16:22:10,  880540 sec) Profile()            Sample 53 initiated at 56.5dbars for bin 59 [55dbars].  PTS/O2,T2,TPhase,RPhase,RawTemp/NO3/pH/FSig{},BbSig,TSig: 56.5dbars 18.1970C 34.5477PSU / 284.2uM 18.201C 31.336 7.914 200.059 / 0.2uM / -1.015812V / {  56   53}  116  546
(May 16 2026 16:23:30,  880620 sec) Profile()            Sample 54 initiated at 51.3dbars for bin 60 [50dbars].  PTS/O2,T2,TPhase,RPhase,RawTemp/NO3/pH/FSig{},BbSig,TSig: 51.3dbars 18.2056C 34.5493PSU / 284.2uM 18.212C 31.331 7.916 199.708 / 0.3uM / -1.015778V / {  56   53}  120  545
(May 16 2026 16:24:39,  880689 sec) Profile()            Sample 55 initiated at 46.9dbars for bin 61 [45dbars].  PTS/O2,T2,TPhase,RPhase,RawTemp/NO3/pH/FSig{},BbSig,TSig: 46.9dbars 18.2492C 34.5564PSU / 284.2uM 18.252C 31.312 7.914 198.389 / 0.3uM / -1.015700V / {  53   52}  110  545
(May 16 2026 16:26:00,  880770 sec) Profile()            Sample 56 initiated at 41.8dbars for bin 62 [40dbars].  PTS/O2,T2,TPhase,RPhase,RawTemp/NO3/pH/FSig{},BbSig,TSig: 41.8dbars 18.2150C 34.5367PSU / 284.5uM 18.230C 31.312 7.917 199.103 / 0.3uM / -1.015709V / {  56   53}  115  545
(May 16 2026 16:27:31,  880861 sec) Profile()            Sample 57 initiated at 36.4dbars for bin 63 [35dbars].  PTS/O2,T2,TPhase,RPhase,RawTemp/NO3/pH/FSig{},BbSig,TSig: 36.3dbars 18.1635C 34.5120PSU / 284.9uM 18.178C 31.318 7.913 200.820 / 0.3uM / -1.015703V / {  55   54}  113  545
(May 16 2026 16:28:51,  880941 sec) Profile()            Sample 58 initiated at 31.9dbars for bin 64 [30dbars].  PTS/O2,T2,TPhase,RPhase,RawTemp/NO3/pH/FSig{},BbSig,TSig: 31.7dbars 18.4012C 34.5643PSU / 284.0uM 18.386C 31.267 7.918 193.975 / 0.2uM / -1.015429V / {  54   50}  110  545
(May 16 2026 16:30:34,  881044 sec) Profile()            Sample 59 initiated at 26.6dbars for bin 65 [25dbars].  PTS/O2,T2,TPhase,RPhase,RawTemp/NO3/pH/FSig{},BbSig,TSig: 26.5dbars 18.4189C 34.5444PSU / 284.2uM 18.418C 31.245 7.912 192.904 / 0.4uM / -1.015481V / {  53   50}  120  545
(May 16 2026 16:32:27,  881157 sec) Profile()            Sample 60 initiated at 21.6dbars for bin 66 [20dbars].  PTS/O2,T2,TPhase,RPhase,RawTemp/NO3/pH/FSig{},BbSig,TSig: 21.6dbars 18.6263C 34.5148PSU / 283.7uM 18.616C 31.177 7.915 186.387 / 0.5uM / -1.015597V / {  54   50}  112  545
(May 16 2026 16:34:50,  881300 sec) AscentControlAgent() Bouyancy nudge to 144 (v=0.030dbar/sec).
(May 16 2026 16:34:51,  881301 sec) PistonMoveAbsWTO()    139->144 140 141 [15sec, 14.9Volts, 0.193Amps, CPT:1476sec]
(May 16 2026 16:35:17,  881327 sec) PistonMoveAbsWTO()    142->144 143 144 [11sec, 14.9Volts, 0.190Amps, CPT:1487sec]
(May 16 2026 16:36:15,  881385 sec) Profile()            Sample 61 initiated at 16.8dbars for bin 67 [15dbars].  PTS/O2,T2,TPhase,RPhase,RawTemp/NO3/pH/FSig{},BbSig,TSig: 16.7dbars 18.8966C 34.5049PSU / 281.5uM 18.920C 31.139 7.912 176.383 / 0.4uM / -1.015295V / {  51   51}  108  545
(May 16 2026 16:37:57,  881487 sec) Profile()            Sample 62 initiated at 11.7dbars for bin 68 [10dbars].  PTS/O2,T2,TPhase,RPhase,RawTemp/NO3/pH/FSig{},BbSig,TSig: 11.6dbars 18.8974C 34.5047PSU / 281.3uM 18.919C 31.147 7.911 176.420 / 0.4uM / -1.015435V / {  55   50}  130  545
(May 16 2026 16:39:17,  881567 sec) Profile()            Sample 63 initiated at 7.8dbars for bin 69 [6dbars].  PTS/O2,T2,TPhase,RPhase,RawTemp/NO3/pH/FSig{},BbSig,TSig: 7.8dbars 18.8965C 34.5048PSU / 281.5uM 18.924C 31.137 7.914 176.257 / 0.7uM / -1.015389V / {  51   45}  108  545
(May 16 2026 16:39:52,  881602 sec) SurfaceDetect()      SurfacePressure:0.2dbars Pressure:3.9dbars PistonPosition:144
(May 16 2026 16:39:52,  881602 sec) Sbe41cpStopCP()      Continuous profile stopped.
(May 16 2026 16:39:55,  881605 sec) PistonMoveAbsWTO()    144->166 145 146 147 148 149 150 151 152 153 154 155 156 157 158 159 160 161 162 163 164 165 166 [112sec, 14.7Volts, 0.193Amps, CPT:1599sec]
(May 16 2026 16:41:53,  881723 sec) chat()               Expected string [S>] not received.
(May 16 2026 16:43:42,  881832 sec) Sbe41cpBinAverage()  Finished averaging 12783 samples in 104 seconds.
(May 16 2026 16:43:47,  881837 sec) Sbe41cpUploadCP_()   Sbe41cpSerNo[20389] NSample[12783] NBin[493]
(May 16 2026 16:44:18,  881868 sec) Sbe41cpUploadCP_()   Continuous profile uploaded [493 lines].
(May 16 2026 16:44:32,  881882 sec) MscErrorLog_()       No error records to log.
(May 16 2026 16:44:42,  881892 sec) MscErrorLog_()       No error records to log.

<EOT>
