(Jun 06 2026 04:05:21,  882392 sec) TelemetryInit()      Profile 7. (Apf11 FwRev: 102725)
(Jun 06 2026 04:05:21,  882392 sec) TelemetryInit()      Charge consumption model: OCV:15.2V Wake-Cycles:10922 Standby:72.4days Wake:9.3kC Sensors:0.7kC
(Jun 06 2026 04:10:32,  882703 sec) GetSurfaceObs()      P/O2,T2,TPhase,RPhase,RawTemp/FSig{},BbSig,TSig: 0.4dbars / 277.9uM 19.754C 30.936 7.895 148.979 / {54,51},107,543
(Jun 06 2026 04:11:02,  882733 sec) GetSurfaceObs()      P/O2,T2,TPhase,RPhase,RawTemp/FSig{},BbSig,TSig: 0.5dbars / 277.9uM 19.677C 30.971 7.898 151.526 / {55,52},123,543
(Jun 06 2026 04:11:31,  882762 sec) GetSurfaceObs()      P/O2,T2,TPhase,RPhase,RawTemp/FSig{},BbSig,TSig: 0.5dbars / 277.9uM 19.711C 30.954 7.909 150.395 / {54,52},112,543
(Jun 06 2026 04:12:01,  882792 sec) GetSurfaceObs()      P/O2,T2,TPhase,RPhase,RawTemp/FSig{},BbSig,TSig: 0.3dbars / 276.0uM 19.738C 31.024 7.903 149.496 / {53,54},108,543
(Jun 06 2026 04:15:20,  882991 sec) AirSystem()          Battery [214cnt, 15.0V]  Current [24cnt, 92.6mA]  Pneumometer [156cnt, 18.3psi]  Run-Time [95s]
(Jun 06 2026 04:15:29,  883000 sec) GetSurfaceObs()      P/O2,T2,TPhase,RPhase,RawTemp/FSig{},BbSig,TSig: 0.2dbars / 284.4uM 18.100C 31.373 7.894 203.385 / {54,52},111,543
(Jun 06 2026 04:15:59,  883030 sec) GetSurfaceObs()      P/O2,T2,TPhase,RPhase,RawTemp/FSig{},BbSig,TSig: 0.3dbars / 283.0uM 18.091C 31.431 7.902 203.689 / {55,52},117,543
(Jun 06 2026 04:16:28,  883059 sec) GetSurfaceObs()      P/O2,T2,TPhase,RPhase,RawTemp/FSig{},BbSig,TSig: 0.2dbars / 282.3uM 18.306C 31.368 7.902 196.610 / {52,50},110,543
(Jun 06 2026 04:16:58,  883089 sec) GetSurfaceObs()      P/O2,T2,TPhase,RPhase,RawTemp/FSig{},BbSig,TSig: 0.2dbars / 284.2uM 18.044C 31.404 7.897 205.225 / {54,50},108,543
(Jun 06 2026 04:17:27,  883118 sec) GetSurfaceObs()      P/O2,T2,TPhase,RPhase,RawTemp/FSig{},BbSig,TSig: 0.2dbars / 288.6uM 18.262C 31.135 7.899 198.055 / {53,50},110,542
(Jun 06 2026 04:17:57,  883148 sec) GetSurfaceObs()      P/O2,T2,TPhase,RPhase,RawTemp/FSig{},BbSig,TSig: 0.2dbars / 284.7uM 17.915C 31.436 7.901 209.467 / {88,52},142,542
(Jun 06 2026 04:18:26,  883177 sec) GetSurfaceObs()      P/O2,T2,TPhase,RPhase,RawTemp/FSig{},BbSig,TSig: 0.2dbars / 273.2uM 19.133C 31.393 7.902 169.385 / {53,52},112,542
(Jun 06 2026 04:18:56,  883207 sec) GetSurfaceObs()      P/O2,T2,TPhase,RPhase,RawTemp/FSig{},BbSig,TSig: 0.2dbars / 287.2uM 17.984C 31.309 7.901 207.202 / {52,52},109,542
(Jun 06 2026 04:19:04,  883215 sec) AirSystem()          Air-bladder inflation by-passed. Pneumatic Pressure: [156cnt, 18.3psi].
(Jun 06 2026 04:19:34,  883245 sec) GetSurfaceObs()      P/O2,T2,TPhase,RPhase,RawTemp/FSig{},BbSig,TSig: 0.2dbars / 282.4uM 18.313C 31.360 7.897 196.375 / {53,54},112,542
(Jun 06 2026 04:19:37,  883248 sec) GpsServices()        GPS almanac is current.
(Jun 06 2026 04:19:37,  883248 sec) GpsServices()        Initiating GPS fix acquisition.
(Jun 06 2026 04:19:39,  883250 sec) gga()                $GPGGA,041940,3328.4166,N,14102.9613,W,0,00,,,M,,M,,*43
(Jun 06 2026 04:19:49,  883260 sec) gga()                $GPGGA,041950,3328.4166,N,14102.9613,W,0,00,,,M,,M,,*42
(Jun 06 2026 04:20:01,  883272 sec) gga()                $GPGGA,042010,3328.4166,N,14102.9613,W,0,00,,,M,,M,,*4C
(Jun 06 2026 04:20:11,  883282 sec) gga()                $GPGGA,042020,3328.4166,N,14102.9613,W,0,00,,,M,,M,,*4F
(Jun 06 2026 04:20:21,  883292 sec) gga()                $GPGGA,042030,3328.4166,N,14102.9613,W,0,00,,,M,,M,,*4E
(Jun 06 2026 04:20:22,  883293 sec) gga()                $GPGGA,042030,3328.4166,N,14102.9613,W,0,00,,,M,,M,,*4E
(Jun 06 2026 04:20:31,  883302 sec) gga()                $GPGGA,042040,3328.4166,N,14102.9613,W,0,00,,,M,,M,,*49
(Jun 06 2026 04:20:52,  883323 sec) gga()                $GPGGA,042100,3335.3598,N,14104.0900,W,1,07,1.2,11.9,M,-28.9,M,,*4C
(Jun 06 2026 04:20:52,  883323 sec) GpsServices()        Profile 7 GPS fix obtained in 75 seconds.
(Jun 06 2026 04:20:52,  883323 sec) GpsServices()                   lon      lat mm/dd/yyyy hhmmss nsat
(Jun 06 2026 04:20:52,  883323 sec) GpsServices()        Fix: -141.0682  33.5893 06/06/2026 042100    7
(Jun 06 2026 04:21:02,  883333 sec) gga()                $GPGGA,042110,3335.3608,N,14104.0898,W,1,09,0.8,11.1,M,-28.9,M,,*4A
(Jun 06 2026 04:21:11,  883342 sec) gga()                $GPGGA,042120,3335.3622,N,14104.0904,W,1,09,0.9,10.2,M,-28.9,M,,*46
(Jun 06 2026 04:21:11,  883342 sec) GpsServices()        APF11 RTC skew (-9s) OK.
(Jun 06 2026 04:21:11,  883342 sec) GpsServices()        GPS services complete.
(Jun 06 2026 04:21:39,  883370 sec) IrGeoLoc()           <x,y,z>=<-4140km,-3348km,3496km> lat=33.465 lon=-141.038 IrSysTime=0x1aacf84b
(Jun 06 2026 04:21:42,  883373 sec) CLogin()             Connecting to primary host.
(Jun 06 2026 04:22:01,  883392 sec) CLogin()             Connection 1 established in 19 seconds.
(Jun 06 2026 04:22:32,  883423 sec) expect()             Attempt to read prompt string [login:] failed.
(Jun 06 2026 04:22:32,  883423 sec) login()              Login prompt not received.
(Jun 06 2026 04:22:40,  883431 sec) login()              Login successful.
(Jun 06 2026 04:22:44,  883435 sec) CLogin()             Logged in to host.  [Login required 43 seconds]
(Jun 06 2026 04:22:45,  883436 sec) RxConfig()           Downloading "mission.cfg" from host.
(Jun 06 2026 04:22:57,  883448 sec) RxConfig()           Download successful: [bytes:33, sec:9.9, bps:3]
(Jun 06 2026 04:23:01,  883452 sec) WriteVitals_()       Writing vitals to "23394.007.msg".
(Jun 06 2026 04:23:06,  883457 sec) UpLoadFile()         Uploading "23394.007.log" to host.
(Jun 06 2026 04:25:14,  883585 sec) UpLoadFile()         Upload successful: [bytes:40099, sec:128.3, bps:312]
(Jun 06 2026 04:25:15,  883586 sec) fmove()              Moved: 23394.007.log -> archive/23394.007.log
(Jun 06 2026 04:25:19,  883590 sec) UpLoadFile()         Uploading "23394.007.msg" to host.
(Jun 06 2026 04:27:38,  883729 sec) UpLoadFile()         Upload successful: [bytes:42004, sec:138.9, bps:303]
(Jun 06 2026 04:27:39,  883730 sec) fmove()              Moved: 23394.007.msg -> archive/23394.007.msg
(Jun 06 2026 04:27:42,  883733 sec) UpLoadFile()         Uploading "23394.007.isus" to host.
(Jun 06 2026 04:29:07,  883818 sec) UpLoadFile()         Upload successful: [bytes:24023, sec:85.1, bps:282]
(Jun 06 2026 04:29:08,  883819 sec) fmove()              Moved: 23394.007.isus -> archive/23394.007.isus
(Jun 06 2026 04:29:12,  883823 sec) UpLoadFile()         Uploading "23394.007.dura" to host.
(Jun 06 2026 04:29:56,  883867 sec) UpLoadFile()         Upload successful: [bytes:11840, sec:43.9, bps:270]
(Jun 06 2026 04:29:57,  883868 sec) fmove()              Moved: 23394.007.dura -> archive/23394.007.dura
(Jun 06 2026 04:29:58,  883869 sec) UpLoad()             Files successfully uploaded: 4
(Jun 06 2026 04:29:58,  883869 sec) UpLoad()             Upload complete.
(Jun 06 2026 04:30:08,  883879 sec) chat()               Expected string [logout] not received.
(Jun 06 2026 04:30:08,  883879 sec) logout()             Attempt to log-out failed.
(Jun 06 2026 04:30:08,  883879 sec) logout()             No carrier detected.
(Jun 06 2026 04:30:08,  883879 sec) Telemetry()          Telemetry cycle complete: PrfId=7 ConnectionAttempts=1  Connections=1
(Jun 06 2026 04:30:08,  883879 sec) TelemetryTerminate() Parsing new mission configuration.
(Jun 06 2026 04:30:09,  883880 sec) configure()          Parsing configurators in "mission.cfg".
(Jun 06 2026 04:30:09,  883880 sec) configure()             TelemetryRetry(15)      [0x7BBC] [TelemetryRetry(15)].
(Jun 06 2026 04:30:09,  883880 sec) configure()          Configuration CRCs and syntax OK.
(Jun 06 2026 04:30:09,  883880 sec) ConfigSupervisor()   Configuration accepted.
(Jun 06 2026 04:30:09,  883880 sec) TelemetryTerminate() Reconditioning the file system.
(Jun 06 2026 04:30:12,       0 sec) DescentInit()        Deep profile 8 initiated at mission-time 883883sec.
(Jun 06 2026 04:30:13,       1 sec) DescentInit()        Surface pressure: 0.3dbars.
(Jun 06 2026 04:30:13,       1 sec) DescentInit()        Charge consumption model: OCV:14.9V Wake-Cycles:10923 Standby:72.4days Wake:9.3kC Sleep:0.7kC
(Jun 06 2026 04:30:25,      13 sec) DescentInit()        Pneumatic humidity: 991(5.0%) -> 1033(6.2%)
(Jun 06 2026 04:30:25,      13 sec) PistonMoveAbsWTO()    169->041 168 167 166 165 164 163 162 161 160 159 158 157 156 155 154 153 152 151 150 149 148 147 146 145 144 143 142 141 140 139 138 137 136 135 134 133 132 131 130 129 128 127 126 125 124 123 122 121 120 119 118 117 116 115 114 113 112 111 110 109 108 107 106 105 104 103 102 101 100 099 098 097 096 095 094 093 092 091 090 089 088 087 086 085 084 083 082 081 080 079 078 077 076 075 074 073 072 071 070 069 068 067 066 065 064 063 062 061 060 059 058 057 056 055 054 053 052 051 050 049 048 047 046 045 044 043 042 041 [657sec, 14.8Volts, 0.150Amps, CPT:657sec]
(Jun 06 2026 04:41:26,     674 sec) DescentInit()        Air solenoid open: Barometer [205cnt,  12.0psi]  Pneumometer [104cnt,  12.2psi]
(Jun 06 2026 04:41:36,     684 sec) Descent()            Pressure: 57.6
(Jun 06 2026 05:30:12,    3600 sec) Descent()            Pressure: 518.5
(Jun 06 2026 06:30:12,    7200 sec) Descent()            Pressure: 870.5
(Jun 06 2026 07:30:12,   10800 sec) Descent()            Pressure: 996.9
(Jun 06 2026 08:30:12,   14400 sec) Descent()            Pressure: 1004.9
(Jun 06 2026 08:30:13,   14401 sec) ParkInit()           Charge consumption model: OCV:15.4V Wake-Cycles:10928 Standby:72.6days Wake:9.6kC Sensors:0.7kC
(Jun 07 2026 08:30:19,  100807 sec) Park()               ParkPOutOfBand[3, 1010.8 dbars]: extend piston.
(Jun 07 2026 08:30:20,  100808 sec) PistonMoveAbsWTO()    041->042 042 [3sec, 14.7Volts, 0.422Amps, CPT:660sec]
(Jun 16 2026 00:30:44,  849632 sec) CtdPower()           [ 1008.87,  3.8009, 34.3884]
(Jun 16 2026 00:30:44,  849632 sec) CtdPower()           CTD Power consumption [215VCnt 3ACnt]: 15.108Volts * 0.012Amps = 0.18Watts.
(Jun 16 2026 00:30:48,  849636 sec) ParkTerminate()      Piston Position:42 Vacuum:192 HumidityAd12:988(4.9%) Vq:217 Aq:2 Vsbe:215 Asbe:3 Vflbb:211 Aflbb:13 Vopt:210 Aopt:12 MuxTemp:2.756C MuxHumidity:0.0%
(Jun 16 2026 00:31:18,  849666 sec) ParkTerminate()      PTS/O2,T2,TPhase,RawTemp: 1008.9dbars 3.8015C 34.3881PSU / 10.9uM 3.791C 60.916 7.540 662.874
(Jun 16 2026 00:31:18,  849666 sec) ParkTerminate()      FLBB FSig{}, BbSig, TSig: {54, 69} 89, 568
(Jun 16 2026 00:31:19,  849667 sec) GoDeepInit()         Charge consumption model: OCV:15.3V Wake-Cycles:11160 Standby:82.2days Wake:9.9kC Sensors:0.7kC
(Jun 16 2026 00:31:19,  849667 sec) GoDeepInit()         Moving piston.
(Jun 16 2026 00:31:19,  849667 sec) PistonMoveAbsWTO()    042->009 041 040 039 038 037 036 035 034 033 032 031 030 029 028 027 026 025 024 023 022 021 020 019 018 017 016 015 014 013 012 011 010 009 [165sec, 14.9Volts, 0.074Amps, CPT:825sec]
(Jun 16 2026 04:30:12,  864000 sec) ProfileInit()        Charge consumption model: OCV:15.3V Wake-Cycles:11208 Standby:82.4days Wake:9.9kC Sensors:0.7kC
(Jun 16 2026 04:30:12,  864000 sec) ProfileInit()        PrfId:008  Pressure:1477.7dbar  pTable[6]:1400dbar
(Jun 16 2026 04:30:14,  864002 sec) ProfileInit()        Muxer PPIs K{1,2} quiescent: 15.12V, 0.2mA, 3.0mW
(Jun 16 2026 04:30:18,  864006 sec) ProfileInit()        ISUS powered up.
(Jun 16 2026 04:30:21,  864009 sec) ProfileInit()        Muxer PPIs K{1,2} w/ ISUS awake: 14.97V, 49.5mA, 741.1mW
(Jun 16 2026 04:30:28,  864016 sec) MscErrorLog_()       No error records to log.
(Jun 16 2026 04:30:34,  864022 sec) ProfileInit()        DURA powered up.
(Jun 16 2026 04:30:38,  864026 sec) ProfileInit()        Muxer PPIs K{1,2} w/ DURA awake: 15.02V, 49.4mA, 742.0mW
(Jun 16 2026 04:30:44,  864032 sec) MscErrorLog_()       No error records to log.
(Jun 16 2026 04:30:49,  864037 sec) PistonMoveAbsWTO()    009->031 010 011 012 013 014 [30sec, 14.4Volts, 0.500Amps, CPT:855sec]
(Jun 16 2026 04:31:30,  864078 sec) PistonMoveAbsWTO()    014->031 015 016 017 018 019 020 [30sec, 14.2Volts, 0.498Amps, CPT:885sec]
(Jun 16 2026 04:32:11,  864119 sec) PistonMoveAbsWTO()    020->031 021 022 023 024 025 [30sec, 14.1Volts, 0.498Amps, CPT:915sec]
(Jun 16 2026 04:32:52,  864160 sec) PistonMoveAbsWTO()    025->031 026 027 028 029 030 [30sec, 14.0Volts, 0.509Amps, CPT:945sec]
(Jun 16 2026 04:33:33,  864201 sec) PistonMoveAbsWTO()    030->031 031 [5sec, 14.1Volts, 0.508Amps, CPT:950sec]
(Jun 16 2026 04:45:24,  864912 sec) Profile()            Sample 0 initiated at 1401.9dbars for bin 6 [1400dbars].  PTS/O2,T2,TPhase,RPhase,RawTemp/NO3/pH/FSig{},BbSig,TSig: 1400.0dbars 2.9323C 34.5229PSU / 40.3uM 2.923C 57.002 7.577 689.205 / 42.5uM / -1.064184V / {  54   63}   88  569
(Jun 16 2026 05:00:52,  865840 sec) AscentControlAgent() Bouyancy nudge to 41 (v=0.077dbar/sec).
(Jun 16 2026 05:00:52,  865840 sec) PistonMoveAbsWTO()    031->041 032 033 034 035 036 [30sec, 14.5Volts, 0.469Amps, CPT:980sec]
(Jun 16 2026 05:01:33,  865881 sec) PistonMoveAbsWTO()    036->041 037 038 039 040 041 [26sec, 14.3Volts, 0.475Amps, CPT:1006sec]
(Jun 16 2026 05:04:46,  866074 sec) Profile()            Sample 1 initiated at 1301.5dbars for bin 7 [1300dbars].  PTS/O2,T2,TPhase,RPhase,RawTemp/NO3/pH/FSig{},BbSig,TSig: 1299.4dbars 3.1190C 34.5009PSU / 33.4uM 3.110C 57.843 7.587 683.547 / 42.9uM / -1.064278V / {  54   66}   88  569
(Jun 16 2026 05:21:22,  867070 sec) Profile()            Sample 2 initiated at 1201.6dbars for bin 8 [1200dbars].  PTS/O2,T2,TPhase,RPhase,RawTemp/NO3/pH/FSig{},BbSig,TSig: 1199.6dbars 3.3162C 34.4736PSU / 25.5uM 3.307C 58.866 7.594 677.584 / 43.2uM / -1.064546V / {  55   67}   92  569
(Jun 16 2026 05:36:50,  867998 sec) AscentControlAgent() Bouyancy nudge to 51 (v=0.073dbar/sec).
(Jun 16 2026 05:36:50,  867998 sec) PistonMoveAbsWTO()    041->051 042 043 044 045 046 [30sec, 14.6Volts, 0.430Amps, CPT:1036sec]
(Jun 16 2026 05:37:31,  868039 sec) PistonMoveAbsWTO()    046->051 047 048 049 050 051 [25sec, 14.4Volts, 0.431Amps, CPT:1061sec]
(Jun 16 2026 05:41:06,  868254 sec) Profile()            Sample 3 initiated at 1101.4dbars for bin 9 [1100dbars].  PTS/O2,T2,TPhase,RPhase,RawTemp/NO3/pH/FSig{},BbSig,TSig: 1099.4dbars 3.5474C 34.4335PSU / 17.0uM 3.535C 60.038 7.594 670.658 / 43.5uM / -1.064920V / {  55   70}   89  569
(Jun 16 2026 05:52:10,  868918 sec) AscentControlAgent() Bouyancy nudge to 61 (v=0.076dbar/sec).
(Jun 16 2026 05:52:10,  868918 sec) PistonMoveAbsWTO()    051->061 052 053 054 055 056 [30sec, 14.6Volts, 0.411Amps, CPT:1091sec]
(Jun 16 2026 05:52:51,  868959 sec) PistonMoveAbsWTO()    056->061 057 058 059 060 061 [25sec, 14.4Volts, 0.410Amps, CPT:1116sec]
(Jun 16 2026 06:00:07,  869395 sec) Profile()            Sample 4 initiated at 1001.3dbars for bin 10 [1000dbars].  PTS/O2,T2,TPhase,RPhase,RawTemp/NO3/pH/FSig{},BbSig,TSig: 999.3dbars 3.8461C 34.3790PSU / 10.7uM 3.834C 60.950 7.596 661.558 / 43.5uM / -1.065063V / {  54   68}   90  568
(Jun 16 2026 06:03:28,  869596 sec) Sbe41cpStartCP()     Continuous profile started.
(Jun 16 2026 06:08:40,  869908 sec) Profile()            Sample 5 initiated at 951.2dbars for bin 11 [950dbars].  PTS/O2,T2,TPhase,RPhase,RawTemp/NO3/pH/FSig{},BbSig,TSig: 951.2dbars 3.9757C 34.3478PSU / 9.7uM 3.963C 61.094 7.603 657.618 / 43.4uM / -1.065072V / {  54   68}   90  568
(Jun 16 2026 06:17:44,  870452 sec) Profile()            Sample 6 initiated at 901.7dbars for bin 12 [900dbars].  PTS/O2,T2,TPhase,RPhase,RawTemp/NO3/pH/FSig{},BbSig,TSig: 901.6dbars 4.0892C 34.3206PSU / 9.8uM 4.077C 61.063 7.602 654.129 / 43.2uM / -1.064799V / {  57   68}   89  568
(Jun 16 2026 06:28:27,  871095 sec) Profile()            Sample 7 initiated at 851.5dbars for bin 13 [850dbars].  PTS/O2,T2,TPhase,RPhase,RawTemp/NO3/pH/FSig{},BbSig,TSig: 851.5dbars 4.2458C 34.2817PSU / 11.3uM 4.234C 60.805 7.608 649.339 / 42.9uM / -1.064519V / {  54   69}   90  568
(Jun 16 2026 06:29:00,  871128 sec) AscentControlAgent() Bouyancy nudge to 71 (v=0.070dbar/sec).
(Jun 16 2026 06:29:01,  871129 sec) PistonMoveAbsWTO()    061->071 062 063 064 065 066 [30sec, 14.4Volts, 0.364Amps, CPT:1146sec]
(Jun 16 2026 06:29:42,  871170 sec) PistonMoveAbsWTO()    066->071 067 068 069 070 071 [24sec, 14.3Volts, 0.366Amps, CPT:1170sec]
(Jun 16 2026 06:37:52,  871660 sec) Profile()            Sample 8 initiated at 801.6dbars for bin 14 [800dbars].  PTS/O2,T2,TPhase,RPhase,RawTemp/NO3/pH/FSig{},BbSig,TSig: 801.5dbars 4.3835C 34.2464PSU / 14.0uM 4.369C 60.363 7.583 645.201 / 42.8uM / -1.064038V / {  55   68}   89  567
(Jun 16 2026 06:44:18,  872046 sec) AscentControlAgent() Bouyancy nudge to 81 (v=0.078dbar/sec).
(Jun 16 2026 06:44:19,  872047 sec) PistonMoveAbsWTO()    071->081 072 073 074 075 076 [30sec, 14.5Volts, 0.352Amps, CPT:1200sec]
(Jun 16 2026 06:45:00,  872088 sec) PistonMoveAbsWTO()    076->081 077 078 079 080 081 [24sec, 14.4Volts, 0.350Amps, CPT:1224sec]
(Jun 16 2026 06:47:50,  872258 sec) Profile()            Sample 9 initiated at 751.1dbars for bin 15 [750dbars].  PTS/O2,T2,TPhase,RPhase,RawTemp/NO3/pH/FSig{},BbSig,TSig: 751.0dbars 4.5597C 34.2015PSU / 19.4uM 4.548C 59.503 7.608 639.683 / 42.2uM / -1.063394V / {  53   67}   91  567
(Jun 16 2026 06:56:10,  872758 sec) Profile()            Sample 10 initiated at 701.9dbars for bin 16 [700dbars].  PTS/O2,T2,TPhase,RPhase,RawTemp/NO3/pH/FSig{},BbSig,TSig: 701.8dbars 4.7726C 34.1490PSU / 29.2uM 4.757C 58.037 7.617 633.267 / 41.4uM / -1.062238V / {  54   66}   90  567
(Jun 16 2026 07:05:47,  873335 sec) Profile()            Sample 11 initiated at 651.3dbars for bin 17 [650dbars].  PTS/O2,T2,TPhase,RPhase,RawTemp/NO3/pH/FSig{},BbSig,TSig: 651.2dbars 4.9696C 34.0906PSU / 45.0uM 4.951C 55.837 7.624 627.281 / 40.1uM / -1.060596V / {  56   64}   89  566
(Jun 16 2026 07:09:38,  873566 sec) AscentControlAgent() Bouyancy nudge to 91 (v=0.072dbar/sec).
(Jun 16 2026 07:09:39,  873567 sec) PistonMoveAbsWTO()    081->091 082 083 084 085 086 [30sec, 14.5Volts, 0.318Amps, CPT:1254sec]
(Jun 16 2026 07:10:20,  873608 sec) PistonMoveAbsWTO()    086->091 087 088 089 090 091 [24sec, 14.4Volts, 0.315Amps, CPT:1278sec]
(Jun 16 2026 07:16:06,  873954 sec) Profile()            Sample 12 initiated at 601.1dbars for bin 18 [600dbars].  PTS/O2,T2,TPhase,RPhase,RawTemp/NO3/pH/FSig{},BbSig,TSig: 601.0dbars 5.2486C 34.0373PSU / 66.9uM 5.231C 53.068 7.629 618.652 / 38.4uM / -1.058219V / {  54   64}   90  566
(Jun 16 2026 07:24:56,  874484 sec) AscentControlAgent() Bouyancy nudge to 101 (v=0.078dbar/sec).
(Jun 16 2026 07:24:56,  874484 sec) PistonMoveAbsWTO()    091->101 092 093 094 095 096 [30sec, 14.6Volts, 0.307Amps, CPT:1308sec]
(Jun 16 2026 07:25:37,  874525 sec) PistonMoveAbsWTO()    096->101 097 098 099 100 101 [24sec, 14.5Volts, 0.302Amps, CPT:1332sec]
(Jun 16 2026 07:26:47,  874595 sec) Profile()            Sample 13 initiated at 549.0dbars for bin 19 [550dbars].  PTS/O2,T2,TPhase,RPhase,RawTemp/NO3/pH/FSig{},BbSig,TSig: 548.9dbars 5.7799C 34.0076PSU / 82.2uM 5.773C 51.159 7.646 601.839 / 36.2uM / -1.055520V / {  54   64}   90  565
(Jun 16 2026 07:34:10,  875038 sec) Profile()            Sample 14 initiated at 501.3dbars for bin 20 [500dbars].  PTS/O2,T2,TPhase,RPhase,RawTemp/NO3/pH/FSig{},BbSig,TSig: 501.2dbars 6.2685C 33.9835PSU / 101.4uM 6.268C 49.001 7.659 586.425 / 33.4uM / -1.052474V / {  55   62}   91  565
(Jun 16 2026 07:43:23,  875591 sec) Profile()            Sample 15 initiated at 451.7dbars for bin 21 [450dbars].  PTS/O2,T2,TPhase,RPhase,RawTemp/NO3/pH/FSig{},BbSig,TSig: 451.6dbars 7.0233C 33.9684PSU / 135.8uM 7.006C 45.581 7.684 563.288 / 29.9uM / -1.048137V / {  52   60}   93  564
(Jun 16 2026 07:45:25,  875713 sec) AscentControlAgent() Bouyancy nudge to 111 (v=0.077dbar/sec).
(Jun 16 2026 07:45:25,  875713 sec) PistonMoveAbsWTO()    101->111 102 103 104 105 106 [30sec, 14.6Volts, 0.281Amps, CPT:1362sec]
(Jun 16 2026 07:46:06,  875754 sec) PistonMoveAbsWTO()    106->111 107 108 109 110 111 [23sec, 14.5Volts, 0.282Amps, CPT:1385sec]
(Jun 16 2026 07:52:45,  876153 sec) Profile()            Sample 16 initiated at 401.3dbars for bin 22 [400dbars].  PTS/O2,T2,TPhase,RPhase,RawTemp/NO3/pH/FSig{},BbSig,TSig: 401.2dbars 7.9545C 33.9656PSU / 196.3uM 7.934C 40.786 7.714 534.018 / 23.6uM / -1.040341V / {  50   57}   93  563
(Jun 16 2026 07:56:17,  876365 sec) Profile()            Sample 17 initiated at 381.0dbars for bin 23 [380dbars].  PTS/O2,T2,TPhase,RPhase,RawTemp/NO3/pH/FSig{},BbSig,TSig: 380.9dbars 8.3224C 33.9756PSU / 208.8uM 8.298C 39.846 7.724 522.484 / 21.9uM / -1.038687V / {  51   54}   97  562
(Jun 16 2026 07:59:49,  876577 sec) Profile()            Sample 18 initiated at 361.5dbars for bin 24 [360dbars].  PTS/O2,T2,TPhase,RPhase,RawTemp/NO3/pH/FSig{},BbSig,TSig: 361.4dbars 8.6691C 33.9919PSU / 219.3uM 8.653C 39.051 7.731 511.183 / 20.7uM / -1.037089V / {  50   53}   97  562
(Jun 16 2026 08:01:42,  876690 sec) Profile()            Sample 19 initiated at 351.4dbars for bin 25 [350dbars].  PTS/O2,T2,TPhase,RPhase,RawTemp/NO3/pH/FSig{},BbSig,TSig: 351.3dbars 8.8495C 33.9982PSU / 222.1uM 8.824C 38.810 7.736 505.733 / 20.1uM / -1.036381V / {  50   54}   96  561
(Jun 16 2026 08:03:35,  876803 sec) Profile()            Sample 20 initiated at 341.7dbars for bin 26 [340dbars].  PTS/O2,T2,TPhase,RPhase,RawTemp/NO3/pH/FSig{},BbSig,TSig: 341.7dbars 9.0790C 34.0113PSU / 226.3uM 9.048C 38.460 7.742 498.613 / 19.3uM / -1.035563V / {  50   52}   94  561
(Jun 16 2026 08:05:39,  876927 sec) Profile()            Sample 21 initiated at 331.8dbars for bin 27 [330dbars].  PTS/O2,T2,TPhase,RPhase,RawTemp/NO3/pH/FSig{},BbSig,TSig: 331.7dbars 9.2155C 34.0199PSU / 230.6uM 9.205C 38.146 7.746 493.594 / 18.7uM / -1.035069V / {  50   52}   97  561
(Jun 16 2026 08:07:54,  877062 sec) Profile()            Sample 22 initiated at 321.4dbars for bin 28 [320dbars].  PTS/O2,T2,TPhase,RPhase,RawTemp/NO3/pH/FSig{},BbSig,TSig: 321.3dbars 9.4688C 34.0320PSU / 233.7uM 9.455C 37.855 7.753 485.593 / 18.1uM / -1.034304V / {  50   51}   98  560
(Jun 16 2026 08:10:09,  877197 sec) Profile()            Sample 23 initiated at 311.4dbars for bin 29 [310dbars].  PTS/O2,T2,TPhase,RPhase,RawTemp/NO3/pH/FSig{},BbSig,TSig: 311.3dbars 9.6007C 34.0337PSU / 236.1uM 9.583C 37.659 7.758 481.482 / 17.6uM / -1.033963V / {  50   50}   95  560
(Jun 16 2026 08:10:43,  877231 sec) AscentControlAgent() Bouyancy nudge to 121 (v=0.074dbar/sec).
(Jun 16 2026 08:10:43,  877231 sec) PistonMoveAbsWTO()    111->121 112 113 114 115 116 [30sec, 14.6Volts, 0.256Amps, CPT:1415sec]
(Jun 16 2026 08:11:24,  877272 sec) PistonMoveAbsWTO()    116->121 117 118 119 120 121 [23sec, 14.5Volts, 0.252Amps, CPT:1438sec]
(Jun 16 2026 08:12:33,  877341 sec) Profile()            Sample 24 initiated at 300.1dbars for bin 30 [300dbars].  PTS/O2,T2,TPhase,RPhase,RawTemp/NO3/pH/FSig{},BbSig,TSig: 300.0dbars 9.7719C 34.0425PSU / 238.6uM 9.759C 37.442 7.759 475.830 / 17.1uM / -1.033369V / {  50   52}   96  560
(Jun 16 2026 08:13:53,  877421 sec) Profile()            Sample 25 initiated at 291.9dbars for bin 31 [290dbars].  PTS/O2,T2,TPhase,RPhase,RawTemp/NO3/pH/FSig{},BbSig,TSig: 291.8dbars 9.9416C 34.0501PSU / 240.2uM 9.929C 37.273 7.763 470.370 / 16.5uM / -1.032867V / {  50   51}   96  560
(Jun 16 2026 08:15:35,  877523 sec) Profile()            Sample 26 initiated at 281.7dbars for bin 32 [280dbars].  PTS/O2,T2,TPhase,RPhase,RawTemp/NO3/pH/FSig{},BbSig,TSig: 281.6dbars 10.1927C 34.0522PSU / 242.2uM 10.172C 37.046 7.771 462.578 / 15.8uM / -1.032267V / {  49   51}   95  559
(Jun 16 2026 08:17:17,  877625 sec) Profile()            Sample 27 initiated at 271.7dbars for bin 33 [270dbars].  PTS/O2,T2,TPhase,RPhase,RawTemp/NO3/pH/FSig{},BbSig,TSig: 271.6dbars 10.3922C 34.0502PSU / 243.5uM 10.374C 36.874 7.768 456.075 / 15.2uM / -1.031725V / {  50   50}   94  559
(Jun 16 2026 08:19:10,  877738 sec) Profile()            Sample 28 initiated at 261.1dbars for bin 34 [260dbars].  PTS/O2,T2,TPhase,RPhase,RawTemp/NO3/pH/FSig{},BbSig,TSig: 261.0dbars 10.6591C 34.0406PSU / 245.9uM 10.623C 36.631 7.780 448.048 / 14.2uM / -1.031124V / {  50   51}   96  559
(Jun 16 2026 08:20:52,  877840 sec) Profile()            Sample 29 initiated at 251.6dbars for bin 35 [250dbars].  PTS/O2,T2,TPhase,RPhase,RawTemp/NO3/pH/FSig{},BbSig,TSig: 251.4dbars 10.8495C 34.0386PSU / 247.8uM 10.827C 36.430 7.787 441.457 / 13.6uM / -1.030514V / {  51   50}   99  558
(Jun 16 2026 08:22:45,  877953 sec) Profile()            Sample 30 initiated at 241.6dbars for bin 36 [240dbars].  PTS/O2,T2,TPhase,RPhase,RawTemp/NO3/pH/FSig{},BbSig,TSig: 241.6dbars 11.1529C 34.0360PSU / 249.9uM 11.129C 36.177 7.791 431.693 / 12.4uM / -1.029732V / {  50   50}   96  558
(Jun 16 2026 08:24:49,  878077 sec) Profile()            Sample 31 initiated at 231.8dbars for bin 37 [230dbars].  PTS/O2,T2,TPhase,RPhase,RawTemp/NO3/pH/FSig{},BbSig,TSig: 231.8dbars 11.3438C 34.0132PSU / 253.3uM 11.323C 35.912 7.800 425.420 / 11.4uM / -1.029189V / {  50   50}   93  558
(Jun 16 2026 08:25:56,  878144 sec) AscentControlAgent() Bouyancy nudge to 131 (v=0.079dbar/sec).
(Jun 16 2026 08:25:56,  878144 sec) PistonMoveAbsWTO()    121->131 122 123 124 125 126 [30sec, 14.6Volts, 0.230Amps, CPT:1468sec]
(Jun 16 2026 08:27:12,  878220 sec) Profile()            Sample 32 initiated at 221.4dbars for bin 38 [220dbars].  PTS/O2,T2,TPhase,RPhase,RawTemp/NO3/pH/FSig{},BbSig,TSig: 221.3dbars 11.5779C 33.9979PSU / 256.8uM 11.564C 35.624 7.801 417.620 / 10.5uM / -1.028484V / {  49   51}   97  557
(Jun 16 2026 08:27:13,  878221 sec) PistonMoveAbsWTO()    126->131 127 128 129 130 131 [22sec, 14.6Volts, 0.236Amps, CPT:1490sec]
(Jun 16 2026 08:28:55,  878323 sec) Profile()            Sample 33 initiated at 211.7dbars for bin 39 [210dbars].  PTS/O2,T2,TPhase,RPhase,RawTemp/NO3/pH/FSig{},BbSig,TSig: 211.6dbars 11.7100C 33.9936PSU / 258.0uM 11.701C 35.499 7.800 413.155 / 9.8uM / -1.028065V / {  52   52}   98  557
(Jun 16 2026 08:30:37,  878425 sec) Profile()            Sample 34 initiated at 201.7dbars for bin 40 [200dbars].  PTS/O2,T2,TPhase,RPhase,RawTemp/NO3/pH/FSig{},BbSig,TSig: 201.6dbars 12.2613C 33.9917PSU / 259.9uM 12.237C 35.145 7.810 395.753 / 8.2uM / -1.026914V / {  52   56}   99  556
(Jun 16 2026 08:32:30,  878538 sec) Profile()            Sample 35 initiated at 191.4dbars for bin 41 [190dbars].  PTS/O2,T2,TPhase,RPhase,RawTemp/NO3/pH/FSig{},BbSig,TSig: 191.4dbars 12.5788C 33.9634PSU / 262.3uM 12.557C 34.878 7.806 385.323 / 7.1uM / -1.026236V / {  56   62}  106  556
(Jun 16 2026 08:34:25,  878653 sec) Profile()            Sample 36 initiated at 181.8dbars for bin 42 [180dbars].  PTS/O2,T2,TPhase,RPhase,RawTemp/NO3/pH/FSig{},BbSig,TSig: 181.8dbars 12.9842C 33.9488PSU / 263.4uM 12.953C 34.633 7.828 372.423 / 5.9uM / -1.025411V / {  65   68}  104  555
(Jun 16 2026 08:36:42,  878790 sec) Profile()            Sample 37 initiated at 171.5dbars for bin 43 [170dbars].  PTS/O2,T2,TPhase,RPhase,RawTemp/NO3/pH/FSig{},BbSig,TSig: 171.4dbars 13.5316C 33.9879PSU / 266.5uM 13.492C 34.234 7.830 354.804 / 4.5uM / -1.024028V / {  75   81}  104  555
(Jun 16 2026 08:39:09,  878937 sec) Profile()            Sample 38 initiated at 161.4dbars for bin 44 [160dbars].  PTS/O2,T2,TPhase,RPhase,RawTemp/NO3/pH/FSig{},BbSig,TSig: 161.4dbars 14.1153C 34.0399PSU / 268.6uM 14.078C 33.860 7.840 335.641 / 3.5uM / -1.022934V / {  81   91}  108  554
(Jun 16 2026 08:41:58,  879106 sec) Profile()            Sample 39 initiated at 151.6dbars for bin 45 [150dbars].  PTS/O2,T2,TPhase,RPhase,RawTemp/NO3/pH/FSig{},BbSig,TSig: 151.5dbars 15.0341C 34.1502PSU / 270.5uM 14.985C 33.349 7.858 305.866 / 2.1uM / -1.021059V / {  92  104}  120  554
(Jun 16 2026 08:45:31,  879319 sec) Profile()            Sample 40 initiated at 141.7dbars for bin 46 [140dbars].  PTS/O2,T2,TPhase,RPhase,RawTemp/NO3/pH/FSig{},BbSig,TSig: 141.7dbars 15.6833C 34.1988PSU / 284.5uM 15.664C 32.438 7.877 283.547 / 0.2uM / -1.019005V / { 111  134}  114  552
(Jun 16 2026 08:49:27,  879555 sec) Profile()            Sample 41 initiated at 131.7dbars for bin 47 [130dbars].  PTS/O2,T2,TPhase,RPhase,RawTemp/NO3/pH/FSig{},BbSig,TSig: 131.7dbars 15.7990C 34.2076PSU / 287.8uM 15.794C 32.246 7.883 279.302 / 0.3uM / -1.018573V / {  93  111}  113  551
(Jun 16 2026 08:53:23,  879791 sec) Profile()            Sample 42 initiated at 121.9dbars for bin 48 [120dbars].  PTS/O2,T2,TPhase,RPhase,RawTemp/NO3/pH/FSig{},BbSig,TSig: 121.8dbars 16.0786C 34.2429PSU / 288.7uM 16.059C 32.091 7.877 270.579 / 0.1uM / -1.018126V / {  86  107}  125  550
(Jun 16 2026 08:57:05,  880013 sec) AscentControlAgent() Bouyancy nudge to 136 (v=0.038dbar/sec).
(Jun 16 2026 08:57:05,  880013 sec) PistonMoveAbsWTO()    131->136 132 133 134 135 136 [26sec, 14.8Volts, 0.206Amps, CPT:1516sec]
(Jun 16 2026 08:58:18,  880086 sec) Profile()            Sample 43 initiated at 110.6dbars for bin 49 [110dbars].  PTS/O2,T2,TPhase,RPhase,RawTemp/NO3/pH/FSig{},BbSig,TSig: 110.5dbars 16.6034C 34.3507PSU / 288.7uM 16.558C 31.870 7.883 254.163 / 0.4uM / -1.017408V / {  75   87}  121  549
(Jun 16 2026 09:00:45,  880233 sec) Profile()            Sample 44 initiated at 101.7dbars for bin 50 [100dbars].  PTS/O2,T2,TPhase,RPhase,RawTemp/NO3/pH/FSig{},BbSig,TSig: 101.6dbars 16.9287C 34.4179PSU / 287.8uM 16.918C 31.745 7.891 242.314 / 0.5uM / -1.017000V / {  68   79}  119  549
(Jun 16 2026 09:02:06,  880314 sec) Profile()            Sample 45 initiated at 96.6dbars for bin 51 [95dbars].  PTS/O2,T2,TPhase,RPhase,RawTemp/NO3/pH/FSig{},BbSig,TSig: 96.5dbars 17.2395C 34.4739PSU / 287.5uM 17.197C 31.635 7.893 233.099 / 0.3uM / -1.016730V / {  69   75}  116  549
(Jun 16 2026 09:03:27,  880395 sec) Profile()            Sample 46 initiated at 91.6dbars for bin 52 [90dbars].  PTS/O2,T2,TPhase,RPhase,RawTemp/NO3/pH/FSig{},BbSig,TSig: 91.5dbars 17.6234C 34.5527PSU / 286.6uM 17.575C 31.508 7.892 220.680 / 0.6uM / -1.016293V / {  67   69}  113  548
(Jun 16 2026 09:04:47,  880475 sec) Profile()            Sample 47 initiated at 86.8dbars for bin 53 [85dbars].  PTS/O2,T2,TPhase,RPhase,RawTemp/NO3/pH/FSig{},BbSig,TSig: 86.8dbars 17.9674C 34.6097PSU / 286.1uM 17.906C 31.386 7.898 209.761 / 0.5uM / -1.016061V / {  62   68}  117  548
(Jun 16 2026 09:06:07,  880555 sec) Profile()            Sample 48 initiated at 82.0dbars for bin 54 [80dbars].  PTS/O2,T2,TPhase,RPhase,RawTemp/NO3/pH/FSig{},BbSig,TSig: 81.9dbars 18.2577C 34.6645PSU / 285.1uM 18.221C 31.293 7.911 199.388 / 0.5uM / -1.015787V / {  61   64}  116  548
(Jun 16 2026 09:07:38,  880646 sec) Profile()            Sample 49 initiated at 76.4dbars for bin 55 [75dbars].  PTS/O2,T2,TPhase,RPhase,RawTemp/NO3/pH/FSig{},BbSig,TSig: 76.4dbars 18.4803C 34.6419PSU / 285.8uM 18.410C 31.181 7.903 193.176 / 0.6uM / -1.016007V / {  61   65}  112  547
(Jun 16 2026 09:09:10,  880738 sec) Profile()            Sample 50 initiated at 71.8dbars for bin 56 [70dbars].  PTS/O2,T2,TPhase,RPhase,RawTemp/NO3/pH/FSig{},BbSig,TSig: 71.8dbars 18.5868C 34.6254PSU / 285.3uM 18.567C 31.136 7.909 188.003 / 0.4uM / -1.015851V / {  61   60}  122  547
(Jun 16 2026 09:10:52,  880840 sec) Profile()            Sample 51 initiated at 66.9dbars for bin 57 [65dbars].  PTS/O2,T2,TPhase,RPhase,RawTemp/NO3/pH/FSig{},BbSig,TSig: 66.9dbars 18.8535C 34.6616PSU / 283.9uM 18.819C 31.085 7.914 179.717 / 0.6uM / -1.015758V / {  60   60}  112  546
(Jun 16 2026 09:12:56,  880964 sec) Profile()            Sample 52 initiated at 61.8dbars for bin 58 [60dbars].  PTS/O2,T2,TPhase,RPhase,RawTemp/NO3/pH/FSig{},BbSig,TSig: 61.7dbars 18.9590C 34.6794PSU / 283.4uM 18.944C 31.051 7.915 175.613 / 0.5uM / -1.015607V / {  57   59}  116  546
(Jun 16 2026 09:15:01,  881089 sec) Profile()            Sample 53 initiated at 56.7dbars for bin 59 [55dbars].  PTS/O2,T2,TPhase,RPhase,RawTemp/NO3/pH/FSig{},BbSig,TSig: 56.6dbars 18.9938C 34.6856PSU / 283.5uM 18.989C 31.031 7.915 174.112 / 0.5uM / -1.015496V / {  57   58}  110  546
(Jun 16 2026 09:16:54,  881202 sec) Profile()            Sample 54 initiated at 51.9dbars for bin 60 [50dbars].  PTS/O2,T2,TPhase,RPhase,RawTemp/NO3/pH/FSig{},BbSig,TSig: 51.9dbars 19.0498C 34.6927PSU / 283.4uM 19.046C 31.008 7.916 172.261 / 0.5uM / -1.015417V / {  58   55}  114  545
(Jun 16 2026 09:18:59,  881327 sec) Profile()            Sample 55 initiated at 47.0dbars for bin 61 [45dbars].  PTS/O2,T2,TPhase,RPhase,RawTemp/NO3/pH/FSig{},BbSig,TSig: 47.0dbars 19.1386C 34.6815PSU / 283.1uM 19.136C 30.985 7.909 169.295 / 0.5uM / -1.015448V / {  59   54}  114  545
(Jun 16 2026 09:21:47,  881495 sec) Profile()            Sample 56 initiated at 41.8dbars for bin 62 [40dbars].  PTS/O2,T2,TPhase,RPhase,RawTemp/NO3/pH/FSig{},BbSig,TSig: 41.8dbars 19.0705C 34.5930PSU / 283.8uM 19.063C 30.988 7.915 171.684 / 0.5uM / -1.015572V / {  74   55}  120  544
(Jun 16 2026 09:23:05,  881573 sec) AscentControlAgent() Bouyancy nudge to 141 (v=0.027dbar/sec).
(Jun 16 2026 09:23:05,  881573 sec) PistonMoveAbsWTO()    136->141 137 138 139 140 141 [25sec, 14.8Volts, 0.198Amps, CPT:1541sec]
(Jun 16 2026 09:25:02,  881690 sec) Profile()            Sample 57 initiated at 37.0dbars for bin 63 [35dbars].  PTS/O2,T2,TPhase,RPhase,RawTemp/NO3/pH/FSig{},BbSig,TSig: 36.9dbars 19.1262C 34.5884PSU / 283.6uM 19.126C 30.968 7.914 169.610 / 0.5uM / -1.015453V / {  55   54}  115  544
(Jun 16 2026 09:26:44,  881792 sec) Profile()            Sample 58 initiated at 31.8dbars for bin 64 [30dbars].  PTS/O2,T2,TPhase,RPhase,RawTemp/NO3/pH/FSig{},BbSig,TSig: 31.8dbars 19.1984C 34.5924PSU / 283.7uM 19.189C 30.937 7.914 167.536 / 0.6uM / -1.015351V / {  56   52}  119  544
(Jun 16 2026 09:28:37,  881905 sec) Profile()            Sample 59 initiated at 26.8dbars for bin 65 [25dbars].  PTS/O2,T2,TPhase,RPhase,RawTemp/NO3/pH/FSig{},BbSig,TSig: 26.7dbars 19.4506C 34.6018PSU / 282.6uM 19.416C 30.889 7.914 160.097 / 0.5uM / -1.015352V / {  55   52}  113  544
(Jun 16 2026 09:31:26,  882074 sec) Profile()            Sample 60 initiated at 21.9dbars for bin 66 [20dbars].  PTS/O2,T2,TPhase,RPhase,RawTemp/NO3/pH/FSig{},BbSig,TSig: 22.0dbars 19.7930C 34.5833PSU / 280.9uM 19.759C 30.814 7.914 148.809 / 0.6uM / -1.015294V / {  60   56}  120  544
(Jun 16 2026 09:33:39,  882207 sec) AscentControlAgent() Bouyancy nudge to 146 (v=0.019dbar/sec).
(Jun 16 2026 09:33:39,  882207 sec) PistonMoveAbsWTO()    141->146 142 143 144 [15sec, 14.9Volts, 0.198Amps, CPT:1556sec]
(Jun 16 2026 09:34:05,  882233 sec) PistonMoveAbsWTO()    144->146 145 146 [9sec, 14.9Volts, 0.202Amps, CPT:1565sec]
(Jun 16 2026 09:36:30,  882378 sec) Profile()            Sample 61 initiated at 16.7dbars for bin 67 [15dbars].  PTS/O2,T2,TPhase,RPhase,RawTemp/NO3/pH/FSig{},BbSig,TSig: 16.7dbars 20.3950C 34.6079PSU / 273.5uM 20.387C 30.858 7.927 128.211 / 0.6uM / -1.015384V / {  56   52}  113  543
(Jun 16 2026 09:38:45,  882513 sec) Profile()            Sample 62 initiated at 12.0dbars for bin 68 [10dbars].  PTS/O2,T2,TPhase,RPhase,RawTemp/NO3/pH/FSig{},BbSig,TSig: 11.9dbars 20.6472C 34.5981PSU / 272.2uM 20.622C 30.815 7.928 120.513 / 0.8uM / -1.015278V / {  59   54}  128  543
(Jun 16 2026 09:38:46,  882514 sec) AscentControlAgent() Bouyancy nudge to 151 (v=0.029dbar/sec).
(Jun 16 2026 09:38:46,  882514 sec) PistonMoveAbsWTO()    146->151 147 148 [15sec, 14.8Volts, 0.192Amps, CPT:1580sec]
(Jun 16 2026 09:39:12,  882540 sec) PistonMoveAbsWTO()    148->151 149 150 151 [11sec, 14.8Volts, 0.190Amps, CPT:1591sec]
(Jun 16 2026 09:40:44,  882632 sec) Profile()            Sample 63 initiated at 7.8dbars for bin 69 [6dbars].  PTS/O2,T2,TPhase,RPhase,RawTemp/NO3/pH/FSig{},BbSig,TSig: 7.8dbars 20.6638C 34.5995PSU / 271.9uM 20.665C 30.812 7.925 119.101 / 0.7uM / -1.015189V / {  55   50}  115  543
(Jun 16 2026 09:41:30,  882678 sec) SurfaceDetect()      SurfacePressure:0.3dbars Pressure:3.8dbars PistonPosition:151
(Jun 16 2026 09:41:30,  882678 sec) Sbe41cpStopCP()      Continuous profile stopped.
(Jun 16 2026 09:41:33,  882681 sec) PistonMoveAbsWTO()    151->173 152 153 154 155 156 157 158 159 160 161 162 163 164 165 166 167 168 169 170 171 172 173 [112sec, 14.7Volts, 0.194Amps, CPT:1703sec]
(Jun 16 2026 09:43:30,  882798 sec) chat()               Expected string [S>] not received.
(Jun 16 2026 09:45:21,  882909 sec) Sbe41cpBinAverage()  Finished averaging 13095 samples in 106 seconds.
(Jun 16 2026 09:45:26,  882914 sec) Sbe41cpUploadCP_()   Sbe41cpSerNo[20389] NSample[13095] NBin[493]
(Jun 16 2026 09:45:57,  882945 sec) Sbe41cpUploadCP_()   Continuous profile uploaded [493 lines].
(Jun 16 2026 09:46:11,  882959 sec) MscErrorLog_()       No error records to log.
(Jun 16 2026 09:46:21,  882969 sec) MscErrorLog_()       No error records to log.

<EOT>
