(Jun 16 2026 09:46:30,  882978 sec) TelemetryInit()      Profile 8. (Apf11 FwRev: 102725)
(Jun 16 2026 09:46:30,  882978 sec) TelemetryInit()      Charge consumption model: OCV:15.2V Wake-Cycles:12601 Standby:82.6days Wake:10.5kC Sensors:0.9kC
(Jun 16 2026 09:51:41,  883289 sec) GetSurfaceObs()      P/O2,T2,TPhase,RPhase,RawTemp/FSig{},BbSig,TSig: 0.4dbars / 271.5uM 20.615C 30.848 7.925 120.727 / {56,54},124,542
(Jun 16 2026 09:52:11,  883319 sec) GetSurfaceObs()      P/O2,T2,TPhase,RPhase,RawTemp/FSig{},BbSig,TSig: 0.3dbars / 271.2uM 20.630C 30.852 7.918 120.230 / {57,57},122,542
(Jun 16 2026 09:52:40,  883348 sec) GetSurfaceObs()      P/O2,T2,TPhase,RPhase,RawTemp/FSig{},BbSig,TSig: 0.4dbars / 271.8uM 20.615C 30.833 7.926 120.735 / {55,53},112,542
(Jun 16 2026 09:53:10,  883378 sec) GetSurfaceObs()      P/O2,T2,TPhase,RPhase,RawTemp/FSig{},BbSig,TSig: 0.3dbars / 269.9uM 20.618C 30.914 7.924 120.627 / {53,52},111,541
(Jun 16 2026 09:56:16,  883564 sec) AirSystem()          Battery [214cnt, 15.0V]  Current [24cnt, 94.5mA]  Pneumometer [155cnt, 18.2psi]  Run-Time [89s]
(Jun 16 2026 09:56:26,  883574 sec) GetSurfaceObs()      P/O2,T2,TPhase,RPhase,RawTemp/FSig{},BbSig,TSig: 0.2dbars / 269.1uM 20.231C 31.106 7.922 133.334 / {54,50},112,541
(Jun 16 2026 09:56:55,  883603 sec) GetSurfaceObs()      P/O2,T2,TPhase,RPhase,RawTemp/FSig{},BbSig,TSig: 0.4dbars / 270.4uM 20.039C 31.134 7.921 139.638 / {56,53},117,541
(Jun 16 2026 09:57:25,  883633 sec) GetSurfaceObs()      P/O2,T2,TPhase,RPhase,RawTemp/FSig{},BbSig,TSig: 0.1dbars / 273.3uM 19.706C 31.148 7.917 150.560 / {53,57},113,541
(Jun 16 2026 09:57:54,  883662 sec) GetSurfaceObs()      P/O2,T2,TPhase,RPhase,RawTemp/FSig{},BbSig,TSig: 0.2dbars / 273.7uM 19.677C 31.144 7.920 151.522 / {54,53},115,541
(Jun 16 2026 09:58:24,  883692 sec) GetSurfaceObs()      P/O2,T2,TPhase,RPhase,RawTemp/FSig{},BbSig,TSig: 0.2dbars / 272.7uM 19.803C 31.133 7.917 147.386 / {51,53},112,541
(Jun 16 2026 09:58:53,  883721 sec) GetSurfaceObs()      P/O2,T2,TPhase,RPhase,RawTemp/FSig{},BbSig,TSig: 0.2dbars / 272.1uM 20.245C 30.975 7.919 132.875 / {51,52},109,541
(Jun 16 2026 09:59:23,  883751 sec) GetSurfaceObs()      P/O2,T2,TPhase,RPhase,RawTemp/FSig{},BbSig,TSig: 0.2dbars / 271.3uM 20.063C 31.085 7.921 138.828 / {55,50},116,541
(Jun 16 2026 09:59:52,  883780 sec) GetSurfaceObs()      P/O2,T2,TPhase,RPhase,RawTemp/FSig{},BbSig,TSig: 0.1dbars / 268.5uM 20.441C 31.046 7.924 126.447 / {56,52},116,541
(Jun 16 2026 10:00:13,  883801 sec) AirSystem()          Battery [215cnt, 15.1V]  Current [24cnt, 94.7mA]  Pneumometer [156cnt, 18.3psi]  Run-Time [9s]
(Jun 16 2026 10:00:50,  883838 sec) GetSurfaceObs()      P/O2,T2,TPhase,RPhase,RawTemp/FSig{},BbSig,TSig: 0.2dbars / 273.2uM 19.776C 31.122 7.922 148.251 / {57,65},132,541
(Jun 16 2026 10:00:53,  883841 sec) GpsServices()        GPS almanac is current.
(Jun 16 2026 10:00:53,  883841 sec) GpsServices()        Initiating GPS fix acquisition.
(Jun 16 2026 10:00:58,  883846 sec) gga()                $GPGGA,100100,3335.3598,N,14104.0892,W,0,00,,,M,,M,,*4D
(Jun 16 2026 10:01:10,  883858 sec) gga()                $GPGGA,100120,3335.3598,N,14104.0892,W,0,00,,,M,,M,,*4F
(Jun 16 2026 10:01:21,  883869 sec) gga()                $GPGGA,100130,3339.0932,N,14103.0349,W,1,06,1.7,7.4,M,-29.0,M,,*7D
(Jun 16 2026 10:01:21,  883869 sec) GpsServices()        Profile 8 GPS fix obtained in 28 seconds.
(Jun 16 2026 10:01:21,  883869 sec) GpsServices()                   lon      lat mm/dd/yyyy hhmmss nsat
(Jun 16 2026 10:01:21,  883869 sec) GpsServices()        Fix: -141.0506  33.6516 06/16/2026 100130    6
(Jun 16 2026 10:01:31,  883879 sec) gga()                $GPGGA,100140,3339.0933,N,14103.0336,W,1,06,1.6,7.5,M,-29.0,M,,*73
(Jun 16 2026 10:01:40,  883888 sec) gga()                $GPGGA,100150,3339.0935,N,14103.0339,W,1,07,1.5,6.3,M,-29.0,M,,*7E
(Jun 16 2026 10:01:40,  883888 sec) GpsServices()        APF11 RTC skew (-10s) OK.
(Jun 16 2026 10:01:40,  883888 sec) GpsServices()        GPS services complete.
(Jun 16 2026 10:02:08,  883916 sec) IrGeoLoc()           <x,y,z>=<-4144km,-3328km,3508km> lat=33.603 lon=-141.232 IrSysTime=0x1b42d6c7
(Jun 16 2026 10:02:11,  883919 sec) CLogin()             Connecting to primary host.
(Jun 16 2026 10:02:22,  883930 sec) CLogin()             Connection 1 established in 11 seconds.
(Jun 16 2026 10:02:53,  883961 sec) expect()             Attempt to read prompt string [Last login:] failed.
(Jun 16 2026 10:02:53,  883961 sec) login()              Login failed.
(Jun 16 2026 10:03:23,  883991 sec) expect()             Attempt to read prompt string [login:] failed.
(Jun 16 2026 10:03:23,  883991 sec) login()              Login prompt not received.
(Jun 16 2026 10:03:32,  884000 sec) CLogin()             Connection 2 established in 81 seconds.
(Jun 16 2026 10:03:41,  884009 sec) login()              Login successful.
(Jun 16 2026 10:03:45,  884013 sec) CLogin()             Logged in to host.  [Login required 13 seconds]
(Jun 16 2026 10:03:49,  884017 sec) RxConfig()           Downloading "mission.cfg" from host.
(Jun 16 2026 10:04:06,  884034 sec) RxConfig()           Download successful: [bytes:33, sec:14.8, bps:2]
(Jun 16 2026 10:04:10,  884038 sec) WriteVitals_()       Writing vitals to "23394.008.msg".
(Jun 16 2026 10:04:15,  884043 sec) UpLoadFile()         Uploading "23394.008.log" to host.
(Jun 16 2026 10:06:46,  884194 sec) UpLoadFile()         Upload successful: [bytes:36599, sec:150.8, bps:243]
(Jun 16 2026 10:06:47,  884195 sec) fmove()              Moved: 23394.008.log -> archive/23394.008.log
(Jun 16 2026 10:06:53,  884201 sec) UpLoadFile()         Uploading "23394.008.msg" to host.
(Jun 16 2026 10:11:06,  884454 sec) readline()           Time-out expired, aborting ZMODEM transfer.
(Jun 16 2026 10:11:06,  884454 sec) UpLoadFile()         Upload successful: [bytes:42008, sec:252.4, bps:166]
(Jun 16 2026 10:11:07,  884455 sec) fmove()              Moved: 23394.008.msg -> archive/23394.008.msg
(Jun 16 2026 10:11:39,  884487 sec) chat()               Expected string [rz] not received.
(Jun 16 2026 10:11:39,  884487 sec) UpLoadFile()         Failed attempt to execute "rz" on the host.
(Jun 16 2026 10:12:11,  884519 sec) chat()               Expected string [rz] not received.
(Jun 16 2026 10:12:11,  884519 sec) UpLoadFile()         Failed attempt to execute "rz" on the host.
(Jun 16 2026 10:12:11,  884519 sec) UpLoad()             Files successfully uploaded: 2
(Jun 16 2026 10:12:11,  884519 sec) UpLoad()             Aborting upload: Retry limit [2] exceeded. Upload incomplete.
(Jun 16 2026 10:12:18,  884526 sec) chat()               Expected string [cmd>] not received.
(Jun 16 2026 10:12:18,  884526 sec) logout()             Can't get command prompt.
(Jun 16 2026 10:12:23,  884531 sec) chat()               Expected string [logout] not received.
(Jun 16 2026 10:12:23,  884531 sec) logout()             Attempt to log-out failed.
(Jun 16 2026 10:12:30,  884538 sec) chat()               Expected string [cmd>] not received.
(Jun 16 2026 10:12:30,  884538 sec) logout()             Can't get command prompt.
(Jun 16 2026 10:12:35,  884543 sec) chat()               Expected string [logout] not received.
(Jun 16 2026 10:12:35,  884543 sec) logout()             Attempt to log-out failed.
(Jun 16 2026 10:12:42,  884550 sec) chat()               Expected string [cmd>] not received.
(Jun 16 2026 10:12:42,  884550 sec) logout()             Can't get command prompt.
(Jun 16 2026 10:12:47,  884555 sec) chat()               Expected string [logout] not received.
(Jun 16 2026 10:12:47,  884555 sec) logout()             Attempt to log-out failed.
(Jun 16 2026 10:12:47,  884555 sec) Telemetry()          Telemetry cycle complete: PrfId=8 ConnectionAttempts=2  Connections=2
(Jun 16 2026 10:28:03,  885471 sec) AirSystem()          Air-bladder inflation by-passed. Pneumatic Pressure: [156cnt, 18.3psi].
(Jun 16 2026 10:28:54,  885522 sec) GetSurfaceObs()      P/O2,T2,TPhase,RPhase,RawTemp/FSig{},BbSig,TSig: 0.2dbars / 272.4uM 19.856C 31.125 7.900 145.642 / {55,55},131,541
(Jun 16 2026 10:28:56,  885524 sec) GpsServices()        GPS almanac is current.
(Jun 16 2026 10:28:56,  885524 sec) GpsServices()        Initiating GPS fix acquisition.
(Jun 16 2026 10:29:02,  885530 sec) gga()                $GPGGA,102910,3339.2397,N,14103.0313,W,1,07,1.4,-7.0,M,-29.0,M,,*56
(Jun 16 2026 10:29:02,  885530 sec) GpsServices()        Profile 8 GPS fix obtained in 6 seconds.
(Jun 16 2026 10:29:02,  885530 sec) GpsServices()                   lon      lat mm/dd/yyyy hhmmss nsat
(Jun 16 2026 10:29:02,  885530 sec) GpsServices()        Fix: -141.0505  33.6540 06/16/2026 102910    7
(Jun 16 2026 10:29:21,  885549 sec) gga()                $GPGGA,102930,3339.2386,N,14103.0273,W,1,07,1.4,0.9,M,-29.0,M,,*70
(Jun 16 2026 10:29:30,  885558 sec) gga()                $GPGGA,102940,3339.2391,N,14103.0282,W,1,07,1.4,0.7,M,-29.0,M,,*71
(Jun 16 2026 10:29:30,  885558 sec) GpsServices()        APF11 RTC skew (-10s) OK.
(Jun 16 2026 10:29:30,  885558 sec) GpsServices()        GPS services complete.
(Jun 16 2026 10:29:58,  885586 sec) IrGeoLoc()           <x,y,z>=<-4132km,-3340km,3512km> lat=33.642 lon=-141.051 IrSysTime=0x1bd8cc44
(Jun 16 2026 10:30:01,  885589 sec) CLogin()             Connecting to primary host.
(Jun 16 2026 10:30:16,  885604 sec) CLogin()             Connection 3 established in 15 seconds.
(Jun 16 2026 10:30:46,  885634 sec) expect()             Attempt to read prompt string [login:] failed.
(Jun 16 2026 10:30:46,  885634 sec) login()              Login prompt not received.
(Jun 16 2026 10:30:54,  885642 sec) login()              Login successful.
(Jun 16 2026 10:31:03,  885651 sec) CLogin()             Logged in to host.  [Login required 47 seconds]
(Jun 16 2026 10:31:06,  885654 sec) RxConfig()           Downloading "mission.cfg" from host.
(Jun 16 2026 10:31:21,  885669 sec) RxConfig()           Download successful: [bytes:33, sec:12.4, bps:3]
(Jun 16 2026 10:31:33,  885681 sec) UpLoadFile()         Uploading "23394.008.isus" to host.
(Jun 16 2026 10:32:59,  885767 sec) UpLoadFile()         Upload successful: [bytes:24024, sec:86.0, bps:280]
(Jun 16 2026 10:33:00,  885768 sec) fmove()              Moved: 23394.008.isus -> archive/23394.008.isus
(Jun 16 2026 10:33:06,  885774 sec) UpLoadFile()         Uploading "23394.008.dura" to host.
(Jun 16 2026 10:33:49,  885817 sec) UpLoadFile()         Upload successful: [bytes:11837, sec:43.2, bps:274]
(Jun 16 2026 10:33:50,  885818 sec) fmove()              Moved: 23394.008.dura -> archive/23394.008.dura
(Jun 16 2026 10:33:51,  885819 sec) UpLoad()             Files successfully uploaded: 2
(Jun 16 2026 10:33:51,  885819 sec) UpLoad()             Upload complete.
(Jun 16 2026 10:34:01,  885829 sec) chat()               Expected string [logout] not received.
(Jun 16 2026 10:34:01,  885829 sec) logout()             Attempt to log-out failed.
(Jun 16 2026 10:34:01,  885829 sec) logout()             No carrier detected.
(Jun 16 2026 10:34:01,  885829 sec) Telemetry()          Telemetry cycle complete: PrfId=8 ConnectionAttempts=3  Connections=3
(Jun 16 2026 10:34:01,  885829 sec) TelemetryTerminate() Parsing new mission configuration.
(Jun 16 2026 10:34:02,  885830 sec) configure()          Parsing configurators in "mission.cfg".
(Jun 16 2026 10:34:02,  885830 sec) configure()             TelemetryRetry(15)      [0x7BBC] [TelemetryRetry(15)].
(Jun 16 2026 10:34:02,  885830 sec) configure()          Configuration CRCs and syntax OK.
(Jun 16 2026 10:34:02,  885830 sec) ConfigSupervisor()   Configuration accepted.
(Jun 16 2026 10:34:02,  885830 sec) TelemetryTerminate() Reconditioning the file system.
(Jun 16 2026 10:34:05,       0 sec) DescentInit()        Deep profile 9 initiated at mission-time 885833sec.
(Jun 16 2026 10:34:06,       1 sec) DescentInit()        Surface pressure: 0.2dbars.
(Jun 16 2026 10:34:06,       1 sec) DescentInit()        Charge consumption model: OCV:15.0V Wake-Cycles:12603 Standby:82.6days Wake:10.7kC Sleep:0.9kC
(Jun 16 2026 10:34:18,      13 sec) DescentInit()        Pneumatic humidity: 989(4.9%) -> 1061(7.0%)
(Jun 16 2026 10:34:18,      13 sec) PistonMoveAbsWTO()    173->042 172 171 170 169 168 167 166 165 164 163 162 161 160 159 158 157 156 155 154 153 152 151 150 149 148 147 146 145 144 143 142 141 140 139 138 137 136 135 134 133 132 131 130 129 128 127 126 125 124 123 122 121 120 119 118 117 116 115 114 113 112 111 110 109 108 107 106 105 104 103 102 101 100 099 098 097 096 095 094 093 092 091 090 089 088 087 086 085 084 083 082 081 080 079 078 077 076 075 074 073 072 071 070 069 068 067 066 065 064 063 062 061 060 059 058 057 056 055 054 053 052 051 050 049 048 047 046 045 044 043 042 [667sec, 14.9Volts, 0.143Amps, CPT:667sec]
(Jun 16 2026 10:45:30,     685 sec) DescentInit()        Air solenoid open: Barometer [206cnt,  12.0psi]  Pneumometer [105cnt,  12.3psi]
(Jun 16 2026 10:45:40,     695 sec) Descent()            Pressure: 62.5
(Jun 16 2026 11:34:05,    3600 sec) Descent()            Pressure: 516.3
(Jun 16 2026 12:34:05,    7200 sec) Descent()            Pressure: 850.2
(Jun 16 2026 13:34:05,   10800 sec) Descent()            Pressure: 981.0
(Jun 16 2026 14:34:05,   14400 sec) Descent()            Pressure: 986.9
(Jun 16 2026 14:34:06,   14401 sec) ParkInit()           Charge consumption model: OCV:15.4V Wake-Cycles:12608 Standby:82.7days Wake:10.9kC Sensors:0.9kC
(Jun 16 2026 16:34:12,   21607 sec) Park()               ParkPOutOfBand[-3, 989.2 dbars]: retract piston.
(Jun 16 2026 16:34:13,   21608 sec) PistonMoveAbsWTO()    042->041 041 [5sec, 15.0Volts, 0.086Amps, CPT:672sec]
(Jun 17 2026 00:34:12,   50407 sec) Park()               ParkPOutOfBand[3, 1010.9 dbars]: extend piston.
(Jun 17 2026 00:34:13,   50408 sec) PistonMoveAbsWTO()    041->042 042 [2sec, 14.7Volts, 0.430Amps, CPT:674sec]
(Jun 26 2026 06:34:37,  849632 sec) CtdPower()           [ 1005.84,  3.7985, 34.3888]
(Jun 26 2026 06:34:37,  849632 sec) CtdPower()           CTD Power consumption [215VCnt 3ACnt]: 15.091Volts * 0.012Amps = 0.19Watts.
(Jun 26 2026 06:34:41,  849636 sec) ParkTerminate()      Piston Position:42 Vacuum:192 HumidityAd12:982(4.7%) Vq:217 Aq:2 Vsbe:215 Asbe:3 Vflbb:210 Aflbb:13 Vopt:210 Aopt:12 MuxTemp:2.766C MuxHumidity:0.0%
(Jun 26 2026 06:35:11,  849666 sec) ParkTerminate()      PTS/O2,T2,TPhase,RawTemp: 1005.8dbars 3.7981C 34.3888PSU / 10.5uM 3.791C 60.987 7.535 662.867
(Jun 26 2026 06:35:11,  849666 sec) ParkTerminate()      FLBB FSig{}, BbSig, TSig: {55, 68} 92, 568
(Jun 26 2026 06:35:12,  849667 sec) GoDeepInit()         Charge consumption model: OCV:15.3V Wake-Cycles:12840 Standby:92.4days Wake:11.1kC Sensors:0.9kC
(Jun 26 2026 06:35:12,  849667 sec) GoDeepInit()         Moving piston.
(Jun 26 2026 06:35:12,  849667 sec) PistonMoveAbsWTO()    042->009 041 040 039 038 037 036 035 034 033 032 031 030 029 028 027 026 025 024 023 022 021 020 019 018 017 016 015 014 013 012 011 010 009 [165sec, 14.9Volts, 0.078Amps, CPT:839sec]
(Jun 26 2026 10:34:05,  864000 sec) ProfileInit()        Charge consumption model: OCV:15.3V Wake-Cycles:12888 Standby:92.5days Wake:11.1kC Sensors:0.9kC
(Jun 26 2026 10:34:05,  864000 sec) ProfileInit()        PrfId:009  Pressure:1475.7dbar  pTable[6]:1400dbar
(Jun 26 2026 10:34:07,  864002 sec) ProfileInit()        Muxer PPIs K{1,2} quiescent: 15.10V, 0.2mA, 3.0mW
(Jun 26 2026 10:34:11,  864006 sec) ProfileInit()        ISUS powered up.
(Jun 26 2026 10:34:14,  864009 sec) ProfileInit()        Muxer PPIs K{1,2} w/ ISUS awake: 14.96V, 49.5mA, 740.7mW
(Jun 26 2026 10:34:21,  864016 sec) MscErrorLog_()       No error records to log.
(Jun 26 2026 10:34:27,  864022 sec) ProfileInit()        DURA powered up.
(Jun 26 2026 10:34:31,  864026 sec) ProfileInit()        Muxer PPIs K{1,2} w/ DURA awake: 15.01V, 49.3mA, 739.9mW
(Jun 26 2026 10:34:37,  864032 sec) MscErrorLog_()       No error records to log.
(Jun 26 2026 10:34:42,  864037 sec) PistonMoveAbsWTO()    009->031 010 011 012 013 014 [30sec, 14.4Volts, 0.512Amps, CPT:869sec]
(Jun 26 2026 10:35:23,  864078 sec) PistonMoveAbsWTO()    014->031 015 016 017 018 019 020 [30sec, 14.2Volts, 0.509Amps, CPT:899sec]
(Jun 26 2026 10:36:04,  864119 sec) PistonMoveAbsWTO()    020->031 021 022 023 024 025 [30sec, 14.1Volts, 0.507Amps, CPT:929sec]
(Jun 26 2026 10:36:45,  864160 sec) PistonMoveAbsWTO()    025->031 026 027 028 029 030 [30sec, 14.0Volts, 0.496Amps, CPT:959sec]
(Jun 26 2026 10:37:26,  864201 sec) PistonMoveAbsWTO()    030->031 031 [4sec, 14.1Volts, 0.501Amps, CPT:963sec]
(Jun 26 2026 10:48:32,  864867 sec) Profile()            Sample 0 initiated at 1401.7dbars for bin 6 [1400dbars].  PTS/O2,T2,TPhase,RPhase,RawTemp/NO3/pH/FSig{},BbSig,TSig: 1399.6dbars 2.9124C 34.5249PSU / 41.5uM 2.903C 56.848 7.574 689.789 / 42.5uM / -1.063927V / {  55   61}   91  569
(Jun 26 2026 10:59:24,  865519 sec) AscentControlAgent() Bouyancy nudge to 41 (v=0.080dbar/sec).
(Jun 26 2026 10:59:24,  865519 sec) PistonMoveAbsWTO()    031->041 032 033 034 035 036 [30sec, 14.5Volts, 0.471Amps, CPT:993sec]
(Jun 26 2026 11:00:05,  865560 sec) PistonMoveAbsWTO()    036->041 037 038 039 040 041 [26sec, 14.3Volts, 0.484Amps, CPT:1019sec]
(Jun 26 2026 11:06:59,  865974 sec) Profile()            Sample 1 initiated at 1301.0dbars for bin 7 [1300dbars].  PTS/O2,T2,TPhase,RPhase,RawTemp/NO3/pH/FSig{},BbSig,TSig: 1298.8dbars 3.1103C 34.5017PSU / 33.8uM 3.101C 57.783 7.583 683.829 / 42.9uM / -1.064221V / {  51   63}   90  569
(Jun 26 2026 11:24:18,  867013 sec) Profile()            Sample 2 initiated at 1201.8dbars for bin 8 [1200dbars].  PTS/O2,T2,TPhase,RPhase,RawTemp/NO3/pH/FSig{},BbSig,TSig: 1200.0dbars 3.3128C 34.4732PSU / 24.5uM 3.303C 58.999 7.586 677.693 / 43.2uM / -1.064569V / {  55   66}   92  569
(Jun 26 2026 11:40:19,  867974 sec) AscentControlAgent() Bouyancy nudge to 51 (v=0.075dbar/sec).
(Jun 26 2026 11:40:19,  867974 sec) PistonMoveAbsWTO()    041->051 042 043 044 045 046 [30sec, 14.6Volts, 0.424Amps, CPT:1049sec]
(Jun 26 2026 11:41:00,  868015 sec) PistonMoveAbsWTO()    046->051 047 048 049 050 051 [25sec, 14.4Volts, 0.425Amps, CPT:1074sec]
(Jun 26 2026 11:44:13,  868208 sec) Profile()            Sample 3 initiated at 1101.2dbars for bin 9 [1100dbars].  PTS/O2,T2,TPhase,RPhase,RawTemp/NO3/pH/FSig{},BbSig,TSig: 1099.1dbars 3.5117C 34.4400PSU / 17.4uM 3.501C 59.980 7.591 671.679 / 43.5uM / -1.064803V / {  55   67}   88  569
(Jun 26 2026 12:00:47,  869202 sec) AscentControlAgent() Bouyancy nudge to 61 (v=0.078dbar/sec).
(Jun 26 2026 12:00:47,  869202 sec) PistonMoveAbsWTO()    051->061 052 053 054 055 056 [30sec, 14.6Volts, 0.412Amps, CPT:1104sec]
(Jun 26 2026 12:01:28,  869243 sec) PistonMoveAbsWTO()    056->061 057 058 059 060 061 [25sec, 14.4Volts, 0.403Amps, CPT:1129sec]
(Jun 26 2026 12:03:01,  869336 sec) Profile()            Sample 4 initiated at 1001.7dbars for bin 10 [1000dbars].  PTS/O2,T2,TPhase,RPhase,RawTemp/NO3/pH/FSig{},BbSig,TSig: 999.4dbars 3.7429C 34.3989PSU / 12.0uM 3.733C 60.761 7.595 664.639 / 43.5uM / -1.064781V / {  52   69}   90  568
(Jun 26 2026 12:06:10,  869525 sec) Sbe41cpStartCP()     Continuous profile started.
(Jun 26 2026 12:10:49,  869804 sec) Profile()            Sample 5 initiated at 951.5dbars for bin 11 [950dbars].  PTS/O2,T2,TPhase,RPhase,RawTemp/NO3/pH/FSig{},BbSig,TSig: 951.4dbars 3.8821C 34.3721PSU / 10.3uM 3.870C 61.003 7.595 660.460 / 43.5uM / -1.064738V / {  55   68}   89  568
(Jun 26 2026 12:20:26,  870381 sec) Profile()            Sample 6 initiated at 901.2dbars for bin 12 [900dbars].  PTS/O2,T2,TPhase,RPhase,RawTemp/NO3/pH/FSig{},BbSig,TSig: 901.2dbars 4.0145C 34.3389PSU / 9.5uM 4.002C 61.106 7.596 656.409 / 43.4uM / -1.064646V / {  53   69}   90  568
(Jun 26 2026 12:26:30,  870745 sec) AscentControlAgent() Bouyancy nudge to 71 (v=0.074dbar/sec).
(Jun 26 2026 12:26:31,  870746 sec) PistonMoveAbsWTO()    061->071 062 063 064 065 066 [30sec, 14.5Volts, 0.375Amps, CPT:1159sec]
(Jun 26 2026 12:27:12,  870787 sec) PistonMoveAbsWTO()    066->071 067 068 069 070 071 [25sec, 14.3Volts, 0.384Amps, CPT:1184sec]
(Jun 26 2026 12:30:36,  870991 sec) Profile()            Sample 7 initiated at 851.2dbars for bin 13 [850dbars].  PTS/O2,T2,TPhase,RPhase,RawTemp/NO3/pH/FSig{},BbSig,TSig: 851.1dbars 4.1479C 34.3028PSU / 10.3uM 4.136C 60.975 7.602 652.332 / 43.2uM / -1.064442V / {  53   69}   89  568
(Jun 26 2026 12:39:51,  871546 sec) Profile()            Sample 8 initiated at 801.4dbars for bin 14 [800dbars].  PTS/O2,T2,TPhase,RPhase,RawTemp/NO3/pH/FSig{},BbSig,TSig: 801.3dbars 4.2974C 34.2672PSU / 12.3uM 4.285C 60.643 7.595 647.769 / 43.0uM / -1.064074V / {  53   69}   89  567
(Jun 26 2026 12:41:41,  871656 sec) AscentControlAgent() Bouyancy nudge to 81 (v=0.080dbar/sec).
(Jun 26 2026 12:41:42,  871657 sec) PistonMoveAbsWTO()    071->081 072 073 074 075 076 [30sec, 14.4Volts, 0.361Amps, CPT:1214sec]
(Jun 26 2026 12:42:23,  871698 sec) PistonMoveAbsWTO()    076->081 077 078 079 080 081 [24sec, 14.4Volts, 0.360Amps, CPT:1238sec]
(Jun 26 2026 12:48:54,  872089 sec) Profile()            Sample 9 initiated at 751.2dbars for bin 15 [750dbars].  PTS/O2,T2,TPhase,RPhase,RawTemp/NO3/pH/FSig{},BbSig,TSig: 751.2dbars 4.4916C 34.2159PSU / 17.3uM 4.480C 59.839 7.604 641.797 / 42.5uM / -1.063500V / {  54   70}   92  567
(Jun 26 2026 12:57:24,  872599 sec) Profile()            Sample 10 initiated at 701.9dbars for bin 16 [700dbars].  PTS/O2,T2,TPhase,RPhase,RawTemp/NO3/pH/FSig{},BbSig,TSig: 701.8dbars 4.6721C 34.1674PSU / 25.1uM 4.659C 58.645 7.609 636.280 / 41.8uM / -1.062586V / {  52   67}   86  567
(Jun 26 2026 13:06:16,  873131 sec) Profile()            Sample 11 initiated at 651.6dbars for bin 17 [650dbars].  PTS/O2,T2,TPhase,RPhase,RawTemp/NO3/pH/FSig{},BbSig,TSig: 651.5dbars 4.9098C 34.1210PSU / 36.7uM 4.893C 56.964 7.615 629.087 / 40.8uM / -1.061193V / {  54   66}   90  567
(Jun 26 2026 13:12:43,  873518 sec) AscentControlAgent() Bouyancy nudge to 91 (v=0.072dbar/sec).
(Jun 26 2026 13:12:44,  873519 sec) PistonMoveAbsWTO()    081->091 082 083 084 085 086 [30sec, 14.5Volts, 0.323Amps, CPT:1268sec]
(Jun 26 2026 13:13:25,  873560 sec) PistonMoveAbsWTO()    086->091 087 088 089 090 091 [24sec, 14.4Volts, 0.320Amps, CPT:1292sec]
(Jun 26 2026 13:16:47,  873762 sec) Profile()            Sample 12 initiated at 601.3dbars for bin 18 [600dbars].  PTS/O2,T2,TPhase,RPhase,RawTemp/NO3/pH/FSig{},BbSig,TSig: 601.2dbars 5.0963C 34.0614PSU / 56.5uM 5.082C 54.355 7.620 623.249 / 39.3uM / -1.059040V / {  55   65}   91  566
(Jun 26 2026 13:26:22,  874337 sec) Profile()            Sample 13 initiated at 551.8dbars for bin 19 [550dbars].  PTS/O2,T2,TPhase,RPhase,RawTemp/NO3/pH/FSig{},BbSig,TSig: 551.8dbars 5.3909C 34.0171PSU / 77.5uM 5.375C 51.826 7.630 614.196 / 37.3uM / -1.056494V / {  54   63}   89  566
(Jun 26 2026 13:32:59,  874734 sec) AscentControlAgent() Bouyancy nudge to 101 (v=0.076dbar/sec).
(Jun 26 2026 13:32:59,  874734 sec) PistonMoveAbsWTO()    091->101 092 093 094 095 096 [30sec, 14.6Volts, 0.303Amps, CPT:1322sec]
(Jun 26 2026 13:33:41,  874776 sec) PistonMoveAbsWTO()    096->101 097 098 099 100 101 [22sec, 14.5Volts, 0.298Amps, CPT:1344sec]
(Jun 26 2026 13:36:40,  874955 sec) Profile()            Sample 14 initiated at 501.1dbars for bin 20 [500dbars].  PTS/O2,T2,TPhase,RPhase,RawTemp/NO3/pH/FSig{},BbSig,TSig: 500.9dbars 5.8776C 33.9707PSU / 109.4uM 5.848C 48.433 7.640 599.495 / 34.1uM / -1.052416V / {  51   61}   93  565
(Jun 26 2026 13:45:53,  875508 sec) Profile()            Sample 15 initiated at 451.3dbars for bin 21 [450dbars].  PTS/O2,T2,TPhase,RPhase,RawTemp/NO3/pH/FSig{},BbSig,TSig: 451.2dbars 6.7282C 33.9592PSU / 144.7uM 6.706C 45.020 7.672 572.725 / 29.9uM / -1.047239V / {  55   60}   94  564
(Jun 26 2026 13:53:25,  875960 sec) AscentControlAgent() Bouyancy nudge to 111 (v=0.071dbar/sec).
(Jun 26 2026 13:53:25,  875960 sec) PistonMoveAbsWTO()    101->111 102 103 104 105 106 [30sec, 14.6Volts, 0.279Amps, CPT:1374sec]
(Jun 26 2026 13:54:06,  876001 sec) PistonMoveAbsWTO()    106->111 107 108 109 110 111 [23sec, 14.5Volts, 0.279Amps, CPT:1397sec]
(Jun 26 2026 13:56:32,  876147 sec) Profile()            Sample 16 initiated at 401.2dbars for bin 22 [400dbars].  PTS/O2,T2,TPhase,RPhase,RawTemp/NO3/pH/FSig{},BbSig,TSig: 401.2dbars 7.6262C 33.9490PSU / 186.7uM 7.609C 41.567 7.697 544.313 / 25.0uM / -1.041900V / {  53   57}   93  563
(Jun 26 2026 13:59:53,  876348 sec) Profile()            Sample 17 initiated at 381.2dbars for bin 23 [380dbars].  PTS/O2,T2,TPhase,RPhase,RawTemp/NO3/pH/FSig{},BbSig,TSig: 381.1dbars 8.0462C 33.9627PSU / 201.1uM 8.024C 40.448 7.710 531.184 / 23.0uM / -1.039763V / {  50   58}   94  563
(Jun 26 2026 14:03:25,  876560 sec) Profile()            Sample 18 initiated at 361.5dbars for bin 24 [360dbars].  PTS/O2,T2,TPhase,RPhase,RawTemp/NO3/pH/FSig{},BbSig,TSig: 361.5dbars 8.4024C 33.9733PSU / 212.0uM 8.377C 39.617 7.723 519.974 / 21.6uM / -1.038177V / {  51   55}   92  562
(Jun 26 2026 14:05:18,  876673 sec) Profile()            Sample 19 initiated at 351.8dbars for bin 25 [350dbars].  PTS/O2,T2,TPhase,RPhase,RawTemp/NO3/pH/FSig{},BbSig,TSig: 351.8dbars 8.6208C 33.9805PSU / 218.1uM 8.601C 39.149 7.724 512.843 / 20.8uM / -1.037183V / {  51   53}   95  562
(Jun 26 2026 14:07:22,  876797 sec) Profile()            Sample 20 initiated at 341.6dbars for bin 26 [340dbars].  PTS/O2,T2,TPhase,RPhase,RawTemp/NO3/pH/FSig{},BbSig,TSig: 341.5dbars 8.8613C 33.9912PSU / 223.8uM 8.851C 38.699 7.736 504.882 / 20.0uM / -1.036265V / {  50   55}   94  561
(Jun 26 2026 14:09:26,  876921 sec) Profile()            Sample 21 initiated at 331.8dbars for bin 27 [330dbars].  PTS/O2,T2,TPhase,RPhase,RawTemp/NO3/pH/FSig{},BbSig,TSig: 331.7dbars 9.1569C 34.0070PSU / 228.1uM 9.131C 38.323 7.740 495.960 / 19.1uM / -1.035406V / {  50   51}   96  561
(Jun 26 2026 14:11:41,  877056 sec) Profile()            Sample 22 initiated at 321.1dbars for bin 28 [320dbars].  PTS/O2,T2,TPhase,RPhase,RawTemp/NO3/pH/FSig{},BbSig,TSig: 321.1dbars 9.4517C 34.0250PSU / 232.8uM 9.420C 37.919 7.746 486.716 / 18.1uM / -1.034421V / {  50   50}  115  560
(Jun 26 2026 14:13:45,  877180 sec) Profile()            Sample 23 initiated at 311.5dbars for bin 29 [310dbars].  PTS/O2,T2,TPhase,RPhase,RawTemp/NO3/pH/FSig{},BbSig,TSig: 311.5dbars 9.7237C 34.0399PSU / 236.8uM 9.701C 37.563 7.750 477.699 / 17.3uM / -1.033604V / {  49   52}   92  560
(Jun 26 2026 14:13:46,  877181 sec) AscentControlAgent() Bouyancy nudge to 121 (v=0.078dbar/sec).
(Jun 26 2026 14:13:46,  877181 sec) PistonMoveAbsWTO()    111->121 112 113 114 115 116 [30sec, 14.6Volts, 0.252Amps, CPT:1427sec]
(Jun 26 2026 14:14:27,  877222 sec) PistonMoveAbsWTO()    116->121 117 118 119 120 121 [22sec, 14.5Volts, 0.248Amps, CPT:1449sec]
(Jun 26 2026 14:15:47,  877302 sec) Profile()            Sample 24 initiated at 300.9dbars for bin 30 [300dbars].  PTS/O2,T2,TPhase,RPhase,RawTemp/NO3/pH/FSig{},BbSig,TSig: 300.8dbars 9.9336C 34.0479PSU / 239.6uM 9.924C 37.306 7.758 470.554 / 16.7uM / -1.033009V / {  50   50}   93  560
(Jun 26 2026 14:17:18,  877393 sec) Profile()            Sample 25 initiated at 291.1dbars for bin 31 [290dbars].  PTS/O2,T2,TPhase,RPhase,RawTemp/NO3/pH/FSig{},BbSig,TSig: 291.0dbars 10.1053C 34.0516PSU / 240.6uM 10.082C 37.174 7.761 465.456 / 16.2uM / -1.032599V / {  49   50}   95  560
(Jun 26 2026 14:18:49,  877484 sec) Profile()            Sample 26 initiated at 281.7dbars for bin 32 [280dbars].  PTS/O2,T2,TPhase,RPhase,RawTemp/NO3/pH/FSig{},BbSig,TSig: 281.6dbars 10.2816C 34.0525PSU / 242.3uM 10.263C 36.996 7.764 459.642 / 15.6uM / -1.032147V / {  49   50}   93  559
(Jun 26 2026 14:20:31,  877586 sec) Profile()            Sample 27 initiated at 271.6dbars for bin 33 [270dbars].  PTS/O2,T2,TPhase,RPhase,RawTemp/NO3/pH/FSig{},BbSig,TSig: 271.5dbars 10.6193C 34.0671PSU / 244.3uM 10.592C 36.725 7.768 449.034 / 14.5uM / -1.031247V / {  50   51}   94  559
(Jun 26 2026 14:22:24,  877699 sec) Profile()            Sample 28 initiated at 261.5dbars for bin 34 [260dbars].  PTS/O2,T2,TPhase,RPhase,RawTemp/NO3/pH/FSig{},BbSig,TSig: 261.4dbars 10.8612C 34.0678PSU / 247.1uM 10.847C 36.455 7.765 440.806 / 13.8uM / -1.030577V / {  51   49}   98  559
(Jun 26 2026 14:24:17,  877812 sec) Profile()            Sample 29 initiated at 251.8dbars for bin 35 [250dbars].  PTS/O2,T2,TPhase,RPhase,RawTemp/NO3/pH/FSig{},BbSig,TSig: 251.7dbars 11.1717C 34.0640PSU / 248.9uM 11.134C 36.223 7.786 431.536 / 12.5uM / -1.029743V / {  50   50}   94  558
(Jun 26 2026 14:26:32,  877947 sec) Profile()            Sample 30 initiated at 241.3dbars for bin 36 [240dbars].  PTS/O2,T2,TPhase,RPhase,RawTemp/NO3/pH/FSig{},BbSig,TSig: 241.2dbars 11.3386C 34.0559PSU / 252.4uM 11.327C 35.953 7.795 425.294 / 11.9uM / -1.029291V / {  50   50}   94  558
(Jun 26 2026 14:28:36,  878071 sec) Profile()            Sample 31 initiated at 232.0dbars for bin 37 [230dbars].  PTS/O2,T2,TPhase,RPhase,RawTemp/NO3/pH/FSig{},BbSig,TSig: 231.9dbars 11.5899C 34.0553PSU / 255.5uM 11.568C 35.682 7.799 417.461 / 10.5uM / -1.028322V / {  49   53}   98  557
(Jun 26 2026 14:29:21,  878116 sec) AscentControlAgent() Bouyancy nudge to 131 (v=0.075dbar/sec).
(Jun 26 2026 14:29:21,  878116 sec) PistonMoveAbsWTO()    121->131 122 123 124 125 126 [30sec, 14.6Volts, 0.239Amps, CPT:1479sec]
(Jun 26 2026 14:30:01,  878156 sec) PistonMoveAbsWTO()    126->131 127 128 129 130 131 [23sec, 14.6Volts, 0.230Amps, CPT:1502sec]
(Jun 26 2026 14:31:11,  878226 sec) Profile()            Sample 32 initiated at 219.9dbars for bin 38 [220dbars].  PTS/O2,T2,TPhase,RPhase,RawTemp/NO3/pH/FSig{},BbSig,TSig: 219.8dbars 11.9863C 34.0402PSU / 259.3uM 11.958C 35.312 7.805 404.809 / 9.4uM / -1.027559V / {  50   54}  100  557
(Jun 26 2026 14:32:33,  878308 sec) Profile()            Sample 33 initiated at 211.6dbars for bin 39 [210dbars].  PTS/O2,T2,TPhase,RPhase,RawTemp/NO3/pH/FSig{},BbSig,TSig: 211.6dbars 12.2971C 34.0196PSU / 259.2uM 12.273C 35.161 7.808 394.575 / 8.2uM / -1.026982V / {  51   54}   96  556
(Jun 26 2026 14:34:16,  878411 sec) Profile()            Sample 34 initiated at 201.7dbars for bin 40 [200dbars].  PTS/O2,T2,TPhase,RPhase,RawTemp/NO3/pH/FSig{},BbSig,TSig: 201.6dbars 12.5232C 33.9902PSU / 259.3uM 12.497C 35.046 7.799 387.272 / 7.7uM / -1.026620V / {  53   56}   97  556
(Jun 26 2026 14:36:11,  878526 sec) Profile()            Sample 35 initiated at 191.1dbars for bin 41 [190dbars].  PTS/O2,T2,TPhase,RPhase,RawTemp/NO3/pH/FSig{},BbSig,TSig: 191.0dbars 12.8642C 33.9590PSU / 258.9uM 12.856C 34.891 7.820 375.565 / 6.6uM / -1.025845V / {  57   60}   97  556
(Jun 26 2026 14:38:05,  878640 sec) Profile()            Sample 36 initiated at 181.3dbars for bin 42 [180dbars].  PTS/O2,T2,TPhase,RPhase,RawTemp/NO3/pH/FSig{},BbSig,TSig: 181.3dbars 13.4351C 33.9719PSU / 260.9uM 13.369C 34.549 7.825 358.816 / 5.2uM / -1.024569V / {  65   73}  102  555
(Jun 26 2026 14:40:22,  878777 sec) Profile()            Sample 37 initiated at 171.6dbars for bin 43 [170dbars].  PTS/O2,T2,TPhase,RPhase,RawTemp/NO3/pH/FSig{},BbSig,TSig: 171.6dbars 14.3367C 34.0669PSU / 271.5uM 14.241C 33.652 7.836 330.290 / 2.4uM / -1.022152V / {  80   89}  107  554
(Jun 26 2026 14:41:40,  878855 sec) PistonMoveAbsWTO()    130->131 131 [1sec, 14.7Volts, 0.253Amps, CPT:1503sec]
(Jun 26 2026 14:43:13,  878948 sec) Profile()            Sample 38 initiated at 162.0dbars for bin 44 [160dbars].  PTS/O2,T2,TPhase,RPhase,RawTemp/NO3/pH/FSig{},BbSig,TSig: 161.9dbars 15.0806C 34.1638PSU / 277.7uM 15.038C 33.013 7.858 304.123 / 1.3uM / -1.020621V / {  79   92}  107  553
(Jun 26 2026 14:46:37,  879152 sec) Profile()            Sample 39 initiated at 151.9dbars for bin 45 [150dbars].  PTS/O2,T2,TPhase,RPhase,RawTemp/NO3/pH/FSig{},BbSig,TSig: 151.8dbars 15.7922C 34.2593PSU / 278.0uM 15.739C 32.680 7.868 281.097 / 0.8uM / -1.019473V / {  81   91}  110  552
(Jun 26 2026 14:49:59,  879354 sec) Profile()            Sample 40 initiated at 141.8dbars for bin 46 [140dbars].  PTS/O2,T2,TPhase,RPhase,RawTemp/NO3/pH/FSig{},BbSig,TSig: 141.8dbars 16.2147C 34.3372PSU / 281.2uM 16.198C 32.336 7.878 265.992 / 0.3uM / -1.018479V / {  77   90}  104  551
(Jun 26 2026 14:53:10,  879545 sec) Profile()            Sample 41 initiated at 131.7dbars for bin 47 [130dbars].  PTS/O2,T2,TPhase,RPhase,RawTemp/NO3/pH/FSig{},BbSig,TSig: 131.6dbars 16.3934C 34.3424PSU / 284.7uM 16.394C 32.105 7.870 259.553 / 0.3uM / -1.018078V / {  78   90}  108  550
(Jun 26 2026 14:56:22,  879737 sec) Profile()            Sample 42 initiated at 121.6dbars for bin 48 [120dbars].  PTS/O2,T2,TPhase,RPhase,RawTemp/NO3/pH/FSig{},BbSig,TSig: 121.5dbars 16.6257C 34.3576PSU / 286.2uM 16.585C 31.958 7.861 253.262 / 0.3uM / -1.017676V / {  84  135}  111  550
(Jun 26 2026 15:00:28,  879983 sec) Profile()            Sample 43 initiated at 111.8dbars for bin 49 [110dbars].  PTS/O2,T2,TPhase,RPhase,RawTemp/NO3/pH/FSig{},BbSig,TSig: 111.7dbars 16.8820C 34.3862PSU / 283.6uM 16.873C 31.937 7.883 243.791 / 0.3uM / -1.017586V / { 102  127}  112  549
(Jun 26 2026 15:05:40,  880295 sec) Profile()            Sample 44 initiated at 101.8dbars for bin 50 [100dbars].  PTS/O2,T2,TPhase,RPhase,RawTemp/NO3/pH/FSig{},BbSig,TSig: 101.8dbars 17.5234C 34.5090PSU / 279.2uM 17.472C 31.858 7.897 224.057 / 0.2uM / -1.016859V / { 102  127}  116  548
(Jun 26 2026 15:05:41,  880296 sec) AscentControlAgent() Bouyancy nudge to 136 (v=0.031dbar/sec).
(Jun 26 2026 15:05:41,  880296 sec) PistonMoveAbsWTO()    131->136 132 133 134 135 136 [25sec, 14.8Volts, 0.206Amps, CPT:1528sec]
(Jun 26 2026 15:07:38,  880413 sec) Profile()            Sample 45 initiated at 96.7dbars for bin 51 [95dbars].  PTS/O2,T2,TPhase,RPhase,RawTemp/NO3/pH/FSig{},BbSig,TSig: 96.6dbars 17.6707C 34.5237PSU / 282.5uM 17.657C 31.642 7.898 217.961 / 0.4uM / -1.016467V / {  71   89}  110  548
(Jun 26 2026 15:08:58,  880493 sec) Profile()            Sample 46 initiated at 91.7dbars for bin 52 [90dbars].  PTS/O2,T2,TPhase,RPhase,RawTemp/NO3/pH/FSig{},BbSig,TSig: 91.7dbars 17.8735C 34.5577PSU / 284.2uM 17.854C 31.486 7.900 211.476 / 0.4uM / -1.016275V / {  71   79}  112  547
(Jun 26 2026 15:10:18,  880573 sec) Profile()            Sample 47 initiated at 86.8dbars for bin 53 [85dbars].  PTS/O2,T2,TPhase,RPhase,RawTemp/NO3/pH/FSig{},BbSig,TSig: 86.7dbars 17.9981C 34.5838PSU / 283.4uM 17.979C 31.465 7.902 207.375 / 0.5uM / -1.016151V / {  70   81}  126  547
(Jun 26 2026 15:11:39,  880654 sec) Profile()            Sample 48 initiated at 81.7dbars for bin 54 [80dbars].  PTS/O2,T2,TPhase,RPhase,RawTemp/NO3/pH/FSig{},BbSig,TSig: 81.6dbars 18.1238C 34.5978PSU / 282.1uM 18.117C 31.457 7.903 202.836 / 0.4uM / -1.016024V / {  68   86}  117  547
(Jun 26 2026 15:12:59,  880734 sec) Profile()            Sample 49 initiated at 76.8dbars for bin 55 [75dbars].  PTS/O2,T2,TPhase,RPhase,RawTemp/NO3/pH/FSig{},BbSig,TSig: 76.7dbars 18.1305C 34.5791PSU / 282.6uM 18.132C 31.430 7.904 202.323 / 0.3uM / -1.016008V / {  67   72}  117  546
(Jun 26 2026 15:14:19,  880814 sec) Profile()            Sample 50 initiated at 71.9dbars for bin 56 [70dbars].  PTS/O2,T2,TPhase,RPhase,RawTemp/NO3/pH/FSig{},BbSig,TSig: 71.9dbars 18.1984C 34.5691PSU / 282.7uM 18.191C 31.399 7.900 200.397 / 0.3uM / -1.015917V / {  63   71}  112  546
(Jun 26 2026 15:15:50,  880905 sec) Profile()            Sample 51 initiated at 66.8dbars for bin 57 [65dbars].  PTS/O2,T2,TPhase,RPhase,RawTemp/NO3/pH/FSig{},BbSig,TSig: 66.8dbars 18.2292C 34.5580PSU / 283.6uM 18.224C 31.350 7.906 199.304 / 0.5uM / -1.015837V / {  62   92}  107  546
(Jun 26 2026 15:17:33,  881008 sec) Profile()            Sample 52 initiated at 61.7dbars for bin 58 [60dbars].  PTS/O2,T2,TPhase,RPhase,RawTemp/NO3/pH/FSig{},BbSig,TSig: 61.6dbars 18.5145C 34.5820PSU / 284.1uM 18.477C 31.220 7.908 190.971 / 0.6uM / -1.015734V / {  62   66}  115  546
(Jun 26 2026 15:19:37,  881132 sec) Profile()            Sample 53 initiated at 57.0dbars for bin 59 [55dbars].  PTS/O2,T2,TPhase,RPhase,RawTemp/NO3/pH/FSig{},BbSig,TSig: 56.9dbars 18.7975C 34.6167PSU / 284.9uM 18.746C 31.076 7.912 182.132 / 0.7uM / -1.015548V / {  66   66}  113  546
(Jun 26 2026 15:20:55,  881210 sec) AscentControlAgent() Bouyancy nudge to 141 (v=0.037dbar/sec).
(Jun 26 2026 15:20:55,  881210 sec) PistonMoveAbsWTO()    136->141 137 138 139 140 141 [26sec, 14.8Volts, 0.201Amps, CPT:1554sec]
(Jun 26 2026 15:22:19,  881294 sec) Profile()            Sample 54 initiated at 51.8dbars for bin 60 [50dbars].  PTS/O2,T2,TPhase,RPhase,RawTemp/NO3/pH/FSig{},BbSig,TSig: 51.8dbars 18.9678C 34.6186PSU / 284.0uM 18.973C 31.017 7.917 174.657 / 0.6uM / -1.015496V / {  62   60}  114  545
(Jun 26 2026 15:24:01,  881396 sec) Profile()            Sample 55 initiated at 46.5dbars for bin 61 [45dbars].  PTS/O2,T2,TPhase,RPhase,RawTemp/NO3/pH/FSig{},BbSig,TSig: 46.5dbars 19.2473C 34.6440PSU / 283.5uM 19.226C 30.931 7.915 166.323 / 0.7uM / -1.015383V / {  57   61}  111  545
(Jun 26 2026 15:25:43,  881498 sec) Profile()            Sample 56 initiated at 41.7dbars for bin 62 [40dbars].  PTS/O2,T2,TPhase,RPhase,RawTemp/NO3/pH/FSig{},BbSig,TSig: 41.6dbars 19.3407C 34.6291PSU / 283.1uM 19.335C 30.902 7.916 162.760 / 0.8uM / -1.015380V / {  60   57}  122  545
(Jun 26 2026 15:27:37,  881612 sec) Profile()            Sample 57 initiated at 36.6dbars for bin 63 [35dbars].  PTS/O2,T2,TPhase,RPhase,RawTemp/NO3/pH/FSig{},BbSig,TSig: 36.6dbars 19.6617C 34.6516PSU / 281.6uM 19.645C 30.831 7.918 152.551 / 1.0uM / -1.015367V / {  57   59}  118  545
(Jun 26 2026 15:29:52,  881747 sec) Profile()            Sample 58 initiated at 31.9dbars for bin 64 [30dbars].  PTS/O2,T2,TPhase,RPhase,RawTemp/NO3/pH/FSig{},BbSig,TSig: 31.8dbars 19.8246C 34.6249PSU / 280.7uM 19.803C 30.802 7.919 147.378 / 0.9uM / -1.015332V / {  57   56}  117  544
(Jun 26 2026 15:30:59,  881814 sec) AscentControlAgent() Bouyancy nudge to 146 (v=0.033dbar/sec).
(Jun 26 2026 15:30:59,  881814 sec) PistonMoveAbsWTO()    141->146 142 143 144 145 146 [25sec, 14.8Volts, 0.196Amps, CPT:1579sec]
(Jun 26 2026 15:32:55,  881930 sec) Profile()            Sample 59 initiated at 26.6dbars for bin 65 [25dbars].  PTS/O2,T2,TPhase,RPhase,RawTemp/NO3/pH/FSig{},BbSig,TSig: 26.6dbars 20.1512C 34.6304PSU / 278.1uM 20.137C 30.771 7.917 136.411 / 1.0uM / -1.015280V / {  57   52}  129  544
(Jun 26 2026 15:35:10,  882065 sec) Profile()            Sample 60 initiated at 21.8dbars for bin 66 [20dbars].  PTS/O2,T2,TPhase,RPhase,RawTemp/NO3/pH/FSig{},BbSig,TSig: 21.7dbars 20.4762C 34.5636PSU / 273.5uM 20.457C 30.827 7.923 125.914 / 1.0uM / -1.015225V / {  62   55}  139  543
(Jun 26 2026 15:36:06,  882121 sec) AscentControlAgent() Bouyancy nudge to 151 (v=0.032dbar/sec).
(Jun 26 2026 15:36:06,  882121 sec) PistonMoveAbsWTO()    146->151 147 148 149 [15sec, 14.8Volts, 0.192Amps, CPT:1594sec]
(Jun 26 2026 15:36:32,  882147 sec) PistonMoveAbsWTO()    149->151 150 151 [11sec, 14.8Volts, 0.192Amps, CPT:1605sec]
(Jun 26 2026 15:37:52,  882227 sec) Profile()            Sample 61 initiated at 16.7dbars for bin 67 [15dbars].  PTS/O2,T2,TPhase,RPhase,RawTemp/NO3/pH/FSig{},BbSig,TSig: 16.7dbars 20.5061C 34.5617PSU / 272.5uM 20.511C 30.848 7.928 124.158 / 1.0uM / -1.015178V / {  56   59}  117  543
(Jun 26 2026 15:39:34,  882329 sec) Profile()            Sample 62 initiated at 11.6dbars for bin 68 [10dbars].  PTS/O2,T2,TPhase,RPhase,RawTemp/NO3/pH/FSig{},BbSig,TSig: 11.5dbars 20.5047C 34.5623PSU / 272.3uM 20.512C 30.855 7.924 124.113 / 1.0uM / -1.015071V / {  59   58}  132  543
(Jun 26 2026 15:41:05,  882420 sec) Profile()            Sample 63 initiated at 7.9dbars for bin 69 [6dbars].  PTS/O2,T2,TPhase,RPhase,RawTemp/NO3/pH/FSig{},BbSig,TSig: 7.8dbars 20.5038C 34.5623PSU / 272.5uM 20.513C 30.848 7.910 124.087 / 1.1uM / -1.015014V / {  57   67}  143  542
(Jun 26 2026 15:42:14,  882489 sec) SurfaceDetect()      SurfacePressure:0.2dbars Pressure:3.7dbars PistonPosition:151
(Jun 26 2026 15:42:14,  882489 sec) Sbe41cpStopCP()      Continuous profile stopped.
(Jun 26 2026 15:42:17,  882492 sec) PistonMoveAbsWTO()    151->173 152 153 154 155 156 157 158 159 160 161 162 163 164 165 166 167 168 169 170 171 172 173 [111sec, 14.8Volts, 0.185Amps, CPT:1716sec]
(Jun 26 2026 15:44:14,  882609 sec) chat()               Expected string [S>] not received.
(Jun 26 2026 15:46:04,  882719 sec) Sbe41cpBinAverage()  Finished averaging 12977 samples in 105 seconds.
(Jun 26 2026 15:46:09,  882724 sec) Sbe41cpUploadCP_()   Sbe41cpSerNo[20389] NSample[12977] NBin[493]
(Jun 26 2026 15:46:40,  882755 sec) Sbe41cpUploadCP_()   Continuous profile uploaded [493 lines].
(Jun 26 2026 15:46:54,  882769 sec) MscErrorLog_()       No error records to log.
(Jun 26 2026 15:47:04,  882779 sec) MscErrorLog_()       No error records to log.

<EOT>
