(May 16 2026 16:44:51,  881901 sec) TelemetryInit()      Profile 5. (Apf11 FwRev: 102725)
(May 16 2026 16:44:51,  881901 sec) TelemetryInit()      Charge consumption model: OCV:15.1V Wake-Cycles:7670 Standby:52.2days Wake:6.9kC Sensors:0.5kC
(May 16 2026 16:50:02,  882212 sec) GetSurfaceObs()      P/O2,T2,TPhase,RPhase,RawTemp/FSig{},BbSig,TSig: 0.6dbars / 280.4uM 18.842C 31.218 7.932 178.953 / {54,53},107,544
(May 16 2026 16:50:32,  882242 sec) GetSurfaceObs()      P/O2,T2,TPhase,RPhase,RawTemp/FSig{},BbSig,TSig: 0.5dbars / 281.5uM 18.884C 31.157 7.922 177.575 / {56,52},106,544
(May 16 2026 16:51:01,  882271 sec) GetSurfaceObs()      P/O2,T2,TPhase,RPhase,RawTemp/FSig{},BbSig,TSig: 0.5dbars / 281.8uM 18.852C 31.156 7.921 178.622 / {54,50},112,544
(May 16 2026 16:51:31,  882301 sec) GetSurfaceObs()      P/O2,T2,TPhase,RPhase,RawTemp/FSig{},BbSig,TSig: 0.6dbars / 281.2uM 18.876C 31.170 7.917 177.831 / {53,48},105,544
(May 16 2026 16:54:46,  882496 sec) AirSystem()          Battery [214cnt, 15.0V]  Current [23cnt, 91.7mA]  Pneumometer [155cnt, 18.2psi]  Run-Time [93s]
(May 16 2026 16:54:55,  882505 sec) GetSurfaceObs()      P/O2,T2,TPhase,RPhase,RawTemp/FSig{},BbSig,TSig: 0.2dbars / 283.3uM 18.181C 31.383 7.921 200.706 / {55,53},110,544
(May 16 2026 16:55:25,  882535 sec) GetSurfaceObs()      P/O2,T2,TPhase,RPhase,RawTemp/FSig{},BbSig,TSig: 0.2dbars / 284.2uM 18.200C 31.336 7.907 200.086 / {51,50},104,544
(May 16 2026 16:55:54,  882564 sec) GetSurfaceObs()      P/O2,T2,TPhase,RPhase,RawTemp/FSig{},BbSig,TSig: 0.3dbars / 285.9uM 18.027C 31.342 7.909 205.795 / {52,54},106,544
(May 16 2026 16:56:24,  882594 sec) GetSurfaceObs()      P/O2,T2,TPhase,RPhase,RawTemp/FSig{},BbSig,TSig: 0.2dbars / 281.0uM 18.602C 31.294 7.909 186.869 / {54,50},105,544
(May 16 2026 16:56:53,  882623 sec) GetSurfaceObs()      P/O2,T2,TPhase,RPhase,RawTemp/FSig{},BbSig,TSig: 0.2dbars / 279.8uM 18.616C 31.339 7.911 186.400 / {54,51},110,544
(May 16 2026 16:57:23,  882653 sec) GetSurfaceObs()      P/O2,T2,TPhase,RPhase,RawTemp/FSig{},BbSig,TSig: 0.2dbars / 284.9uM 18.140C 31.332 7.905 202.068 / {53,54},108,544
(May 16 2026 16:57:52,  882682 sec) GetSurfaceObs()      P/O2,T2,TPhase,RPhase,RawTemp/FSig{},BbSig,TSig: 0.4dbars / 288.6uM 18.135C 31.187 7.909 202.240 / {53,50},107,544
(May 16 2026 16:58:22,  882712 sec) GetSurfaceObs()      P/O2,T2,TPhase,RPhase,RawTemp/FSig{},BbSig,TSig: 0.2dbars / 283.6uM 18.240C 31.342 7.902 198.779 / {52,51},108,544
(May 16 2026 16:58:30,  882720 sec) AirSystem()          Air-bladder inflation by-passed. Pneumatic Pressure: [156cnt, 18.3psi].
(May 16 2026 16:59:07,  882757 sec) GetSurfaceObs()      P/O2,T2,TPhase,RPhase,RawTemp/FSig{},BbSig,TSig: 0.2dbars / 286.4uM 17.997C 31.333 7.901 206.789 / {53,50},108,544
(May 16 2026 16:59:10,  882760 sec) GpsServices()        Replacing aged (92 days) almanac.
(May 16 2026 16:59:10,  882760 sec) GpsAlmanacUpLoad()   Pausing for 15 minutes to upload GPS almanac.
(May 16 2026 17:14:10,  883660 sec) GpsAlmanacUpLoad()   Pause complete.
(May 16 2026 17:14:10,  883660 sec) GpsServices()        New almanac acquired.
(May 16 2026 17:14:10,  883660 sec) GpsServices()        Initiating GPS fix acquisition.
(May 16 2026 17:14:14,  883664 sec) gga()                $GPGGA,171420,3321.4006,N,14057.1382,W,1,10,0.8,1.0,M,-28.9,M,,*79
(May 16 2026 17:14:14,  883664 sec) GpsServices()        Profile 5 GPS fix obtained in 4 seconds.
(May 16 2026 17:14:14,  883664 sec) GpsServices()                   lon      lat mm/dd/yyyy hhmmss nsat
(May 16 2026 17:14:14,  883664 sec) GpsServices()        Fix: -140.9523  33.3567 05/16/2026 171420   10
(May 16 2026 17:14:24,  883674 sec) gga()                $GPGGA,171430,3321.4016,N,14057.1382,W,1,10,0.8,1.8,M,-28.9,M,,*71
(May 16 2026 17:14:33,  883683 sec) gga()                $GPGGA,171440,3321.4035,N,14057.1379,W,1,10,0.8,1.5,M,-28.9,M,,*7E
(May 16 2026 17:14:33,  883683 sec) GpsServices()        APF11 RTC skew (-7s) OK.
(May 16 2026 17:14:33,  883683 sec) GpsServices()        GPS services complete.
(May 16 2026 17:15:07,  883717 sec) IrGeoLoc()           <x,y,z>=<-4140km,-3372km,3472km> lat=33.209 lon=-140.837 IrSysTime=0x19812a9b
(May 16 2026 17:15:11,  883721 sec) CLogin()             Connecting to primary host.
(May 16 2026 17:15:22,  883732 sec) CLogin()             Connection 1 established in 11 seconds.
(May 16 2026 17:15:35,  883745 sec) login()              Login successful.
(May 16 2026 17:15:39,  883749 sec) CLogin()             Logged in to host.  [Login required 17 seconds]
(May 16 2026 17:15:45,  883755 sec) RxConfig()           Downloading "mission.cfg" from host.
(May 16 2026 17:16:02,  883772 sec) RxConfig()           Download successful: [bytes:33, sec:14.8, bps:2]
(May 16 2026 17:16:06,  883776 sec) WriteVitals_()       Writing vitals to "23394.005.msg".
(May 16 2026 17:16:13,  883783 sec) UpLoadFile()         Uploading "23394.005.log" to host.
(May 16 2026 17:18:47,  883937 sec) UpLoadFile()         Upload successful: [bytes:35251, sec:154.3, bps:229]
(May 16 2026 17:18:48,  883938 sec) fmove()              Moved: 23394.005.log -> archive/23394.005.log
(May 16 2026 17:18:52,  883942 sec) UpLoadFile()         Uploading "23394.005.msg" to host.
(May 16 2026 17:21:39,  884109 sec) UpLoadFile()         Upload successful: [bytes:41997, sec:167.1, bps:251]
(May 16 2026 17:21:40,  884110 sec) fmove()              Moved: 23394.005.msg -> archive/23394.005.msg
(May 16 2026 17:21:43,  884113 sec) UpLoadFile()         Uploading "23394.005.isus" to host.
(May 16 2026 17:23:20,  884210 sec) UpLoadFile()         Upload successful: [bytes:24020, sec:96.9, bps:248]
(May 16 2026 17:23:21,  884211 sec) fmove()              Moved: 23394.005.isus -> archive/23394.005.isus
(May 16 2026 17:23:30,  884220 sec) UpLoadFile()         Uploading "23394.005.dura" to host.
(May 16 2026 17:24:21,  884271 sec) UpLoadFile()         Upload successful: [bytes:11846, sec:50.7, bps:234]
(May 16 2026 17:24:22,  884272 sec) fmove()              Moved: 23394.005.dura -> archive/23394.005.dura
(May 16 2026 17:24:23,  884273 sec) UpLoad()             Files successfully uploaded: 4
(May 16 2026 17:24:23,  884273 sec) UpLoad()             Upload complete.
(May 16 2026 17:24:30,  884280 sec) chat()               Expected string [logout] not received.
(May 16 2026 17:24:30,  884280 sec) logout()             Attempt to log-out failed.
(May 16 2026 17:24:30,  884280 sec) logout()             No carrier detected.
(May 16 2026 17:24:30,  884280 sec) Telemetry()          Telemetry cycle complete: PrfId=5 ConnectionAttempts=1  Connections=1
(May 16 2026 17:24:30,  884280 sec) TelemetryTerminate() Parsing new mission configuration.
(May 16 2026 17:24:31,  884281 sec) configure()          Parsing configurators in "mission.cfg".
(May 16 2026 17:24:31,  884281 sec) configure()             TelemetryRetry(15)      [0x7BBC] [TelemetryRetry(15)].
(May 16 2026 17:24:31,  884281 sec) configure()          Configuration CRCs and syntax OK.
(May 16 2026 17:24:31,  884281 sec) ConfigSupervisor()   Configuration accepted.
(May 16 2026 17:24:31,  884281 sec) TelemetryTerminate() Reconditioning the file system.
(May 16 2026 17:24:34,       0 sec) DescentInit()        Deep profile 6 initiated at mission-time 884284sec.
(May 16 2026 17:24:35,       1 sec) DescentInit()        Surface pressure: 0.2dbars.
(May 16 2026 17:24:35,       1 sec) DescentInit()        Charge consumption model: OCV:14.9V Wake-Cycles:7671 Standby:52.2days Wake:7.0kC Sleep:0.5kC
(May 16 2026 17:24:47,      13 sec) DescentInit()        Pneumatic humidity: 975(4.5%) -> 1000(5.3%)
(May 16 2026 17:24:47,      13 sec) PistonMoveAbsWTO()    166->041 165 164 163 162 161 160 159 158 157 156 155 154 153 152 151 150 149 148 147 146 145 144 143 142 141 140 139 138 137 136 135 134 133 132 131 130 129 128 129 128 127 126 125 124 123 122 121 120 119 118 117 116 115 114 113 112 111 110 109 108 107 106 105 104 103 102 101 100 099 098 097 096 095 094 093 092 091 090 089 088 087 086 085 084 083 082 081 080 079 078 077 076 075 074 073 072 071 070 069 068 067 066 065 064 063 062 061 060 059 058 057 056 055 054 053 052 051 050 049 048 047 046 045 044 043 042 041 [641sec, 14.8Volts, 0.146Amps, CPT:641sec]
(May 16 2026 17:35:32,     658 sec) DescentInit()        Air solenoid open: Barometer [205cnt,  12.0psi]  Pneumometer [104cnt,  12.2psi]
(May 16 2026 17:35:42,     668 sec) Descent()            Pressure: 55.9
(May 16 2026 18:24:34,    3600 sec) Descent()            Pressure: 512.5
(May 16 2026 19:24:34,    7200 sec) Descent()            Pressure: 849.1
(May 16 2026 20:24:34,   10800 sec) Descent()            Pressure: 992.3
(May 16 2026 21:24:34,   14400 sec) Descent()            Pressure: 1000.1
(May 16 2026 21:24:35,   14401 sec) ParkInit()           Charge consumption model: OCV:15.4V Wake-Cycles:7676 Standby:52.3days Wake:7.3kC Sensors:0.5kC
(May 20 2026 16:24:41,  342007 sec) Park()               ParkPOutOfBand[3, 1013.2 dbars]: extend piston.
(May 20 2026 16:24:42,  342008 sec) PistonMoveAbsWTO()    041->042 042 [2sec, 14.6Volts, 0.429Amps, CPT:643sec]
(May 26 2026 13:25:06,  849632 sec) CtdPower()           [ 1003.67,  3.7560, 34.3955]
(May 26 2026 13:25:06,  849632 sec) CtdPower()           CTD Power consumption [215VCnt 3ACnt]: 15.130Volts * 0.012Amps = 0.18Watts.
(May 26 2026 13:25:10,  849636 sec) ParkTerminate()      Piston Position:42 Vacuum:192 HumidityAd12:978(4.6%) Vq:217 Aq:2 Vsbe:215 Asbe:3 Vflbb:211 Aflbb:13 Vopt:210 Aopt:12 MuxTemp:2.726C MuxHumidity:0.0%
(May 26 2026 13:25:40,  849666 sec) ParkTerminate()      PTS/O2,T2,TPhase,RawTemp: 1003.7dbars 3.7564C 34.3953PSU / 11.5uM 3.746C 60.830 7.518 664.233
(May 26 2026 13:25:40,  849666 sec) ParkTerminate()      FLBB FSig{}, BbSig, TSig: {54, 68} 89, 568
(May 26 2026 13:25:41,  849667 sec) GoDeepInit()         Charge consumption model: OCV:15.3V Wake-Cycles:7908 Standby:62.0days Wake:7.6kC Sensors:0.5kC
(May 26 2026 13:25:41,  849667 sec) GoDeepInit()         Moving piston.
(May 26 2026 13:25:41,  849667 sec) PistonMoveAbsWTO()    042->011 041 040 039 038 037 036 035 034 033 032 031 030 029 028 027 026 025 024 023 022 021 020 019 018 017 016 015 014 013 012 011 [154sec, 14.9Volts, 0.074Amps, CPT:797sec]
(May 26 2026 17:24:34,  864000 sec) ProfileInit()        Charge consumption model: OCV:15.3V Wake-Cycles:7956 Standby:62.1days Wake:7.6kC Sensors:0.5kC
(May 26 2026 17:24:34,  864000 sec) ProfileInit()        PrfId:006  Pressure:1443.5dbar  pTable[6]:1400dbar
(May 26 2026 17:24:36,  864002 sec) ProfileInit()        Muxer PPIs K{1,2} quiescent: 15.16V, 0.2mA, 3.0mW
(May 26 2026 17:24:40,  864006 sec) ProfileInit()        ISUS powered up.
(May 26 2026 17:24:43,  864009 sec) ProfileInit()        Muxer PPIs K{1,2} w/ ISUS awake: 14.99V, 49.4mA, 740.6mW
(May 26 2026 17:24:50,  864016 sec) MscErrorLog_()       No error records to log.
(May 26 2026 17:24:56,  864022 sec) ProfileInit()        DURA powered up.
(May 26 2026 17:25:00,  864026 sec) ProfileInit()        Muxer PPIs K{1,2} w/ DURA awake: 15.03V, 49.4mA, 742.6mW
(May 26 2026 17:25:06,  864032 sec) MscErrorLog_()       No error records to log.
(May 26 2026 17:25:11,  864037 sec) PistonMoveAbsWTO()    011->033 012 013 014 015 016 [30sec, 14.4Volts, 0.498Amps, CPT:827sec]
(May 26 2026 17:25:52,  864078 sec) PistonMoveAbsWTO()    016->033 017 018 019 020 021 022 [30sec, 14.2Volts, 0.495Amps, CPT:857sec]
(May 26 2026 17:26:33,  864119 sec) PistonMoveAbsWTO()    022->033 023 024 025 026 027 [30sec, 14.1Volts, 0.488Amps, CPT:887sec]
(May 26 2026 17:27:14,  864160 sec) PistonMoveAbsWTO()    027->033 028 029 030 031 032 [30sec, 14.1Volts, 0.501Amps, CPT:917sec]
(May 26 2026 17:27:55,  864201 sec) PistonMoveAbsWTO()    032->033 033 [3sec, 14.1Volts, 0.508Amps, CPT:920sec]
(May 26 2026 17:34:26,  864592 sec) Profile()            Sample 0 initiated at 1401.6dbars for bin 6 [1400dbars].  PTS/O2,T2,TPhase,RPhase,RawTemp/NO3/pH/FSig{},BbSig,TSig: 1399.5dbars 2.9127C 34.5255PSU / 41.4uM 2.903C 56.868 7.584 689.802 / 42.3uM / -1.064098V / {  54   64}   87  570
(May 26 2026 17:54:09,  865775 sec) Profile()            Sample 1 initiated at 1301.8dbars for bin 7 [1300dbars].  PTS/O2,T2,TPhase,RPhase,RawTemp/NO3/pH/FSig{},BbSig,TSig: 1300.2dbars 3.1047C 34.5021PSU / 33.4uM 3.096C 57.840 7.600 683.967 / 42.8uM / -1.064344V / {  53   65}   88  569
(May 26 2026 17:54:55,  865821 sec) AscentControlAgent() Bouyancy nudge to 43 (v=0.078dbar/sec).
(May 26 2026 17:54:55,  865821 sec) PistonMoveAbsWTO()    033->043 034 035 036 037 038 [30sec, 14.4Volts, 0.469Amps, CPT:950sec]
(May 26 2026 17:55:36,  865862 sec) PistonMoveAbsWTO()    038->043 039 040 041 042 043 [27sec, 14.3Volts, 0.470Amps, CPT:977sec]
(May 26 2026 18:11:09,  866795 sec) Profile()            Sample 2 initiated at 1201.8dbars for bin 8 [1200dbars].  PTS/O2,T2,TPhase,RPhase,RawTemp/NO3/pH/FSig{},BbSig,TSig: 1200.0dbars 3.3176C 34.4731PSU / 25.0uM 3.308C 58.935 7.600 677.544 / 43.3uM / -1.064612V / {  53   65}   88  569
(May 26 2026 18:26:37,  867723 sec) AscentControlAgent() Bouyancy nudge to 53 (v=0.073dbar/sec).
(May 26 2026 18:26:37,  867723 sec) PistonMoveAbsWTO()    043->053 044 045 046 047 048 [30sec, 14.6Volts, 0.429Amps, CPT:1007sec]
(May 26 2026 18:27:18,  867764 sec) PistonMoveAbsWTO()    048->053 049 050 051 052 053 [25sec, 14.4Volts, 0.428Amps, CPT:1032sec]
(May 26 2026 18:31:15,  868001 sec) Profile()            Sample 3 initiated at 1100.9dbars for bin 9 [1100dbars].  PTS/O2,T2,TPhase,RPhase,RawTemp/NO3/pH/FSig{},BbSig,TSig: 1098.9dbars 3.5331C 34.4361PSU / 16.6uM 3.522C 60.091 7.607 671.038 / 43.6uM / -1.064968V / {  54   68}   89  569
(May 26 2026 18:50:04,  869130 sec) Profile()            Sample 4 initiated at 1001.8dbars for bin 10 [1000dbars].  PTS/O2,T2,TPhase,RPhase,RawTemp/NO3/pH/FSig{},BbSig,TSig: 1000.1dbars 3.8225C 34.3821PSU / 10.9uM 3.812C 60.915 7.612 662.216 / 43.5uM / -1.065075V / {  54   70}   90  568
(May 26 2026 18:52:07,  869253 sec) AscentControlAgent() Bouyancy nudge to 63 (v=0.079dbar/sec).
(May 26 2026 18:52:07,  869253 sec) PistonMoveAbsWTO()    053->063 054 055 056 057 058 [30sec, 14.5Volts, 0.399Amps, CPT:1062sec]
(May 26 2026 18:54:07,  869373 sec) Sbe41cpStartCP()     Continuous profile started.
(May 26 2026 18:54:08,  869374 sec) PistonMoveAbsWTO()    058->063 059 060 061 062 063 [25sec, 14.4Volts, 0.407Amps, CPT:1087sec]
(May 26 2026 18:58:39,  869645 sec) Profile()            Sample 5 initiated at 951.9dbars for bin 11 [950dbars].  PTS/O2,T2,TPhase,RPhase,RawTemp/NO3/pH/FSig{},BbSig,TSig: 951.8dbars 3.9338C 34.3593PSU / 9.9uM 3.922C 61.057 7.612 658.875 / 43.4uM / -1.064994V / {  55   68}   89  568
(May 26 2026 19:07:53,  870199 sec) Profile()            Sample 6 initiated at 901.2dbars for bin 12 [900dbars].  PTS/O2,T2,TPhase,RPhase,RawTemp/NO3/pH/FSig{},BbSig,TSig: 901.1dbars 4.0520C 34.3279PSU / 9.9uM 4.041C 61.051 7.616 655.216 / 43.3uM / -1.064735V / {  53   68}   87  568
(May 26 2026 19:13:02,  870508 sec) AscentControlAgent() Bouyancy nudge to 73 (v=0.080dbar/sec).
(May 26 2026 19:13:03,  870509 sec) PistonMoveAbsWTO()    063->073 064 065 066 067 068 [30sec, 14.4Volts, 0.379Amps, CPT:1117sec]
(May 26 2026 19:13:44,  870550 sec) PistonMoveAbsWTO()    068->073 069 070 071 072 073 [25sec, 14.3Volts, 0.374Amps, CPT:1142sec]
(May 26 2026 19:17:19,  870765 sec) Profile()            Sample 7 initiated at 851.3dbars for bin 13 [850dbars].  PTS/O2,T2,TPhase,RPhase,RawTemp/NO3/pH/FSig{},BbSig,TSig: 851.2dbars 4.1746C 34.2949PSU / 10.8uM 4.163C 60.889 7.617 651.498 / 43.2uM / -1.064487V / {  53   68}   89  568
(May 26 2026 19:25:50,  871276 sec) Profile()            Sample 8 initiated at 801.1dbars for bin 14 [800dbars].  PTS/O2,T2,TPhase,RPhase,RawTemp/NO3/pH/FSig{},BbSig,TSig: 801.0dbars 4.3732C 34.2506PSU / 13.7uM 4.360C 60.418 7.621 645.480 / 42.7uM / -1.064067V / {  53   67}   88  567
(May 26 2026 19:35:38,  871864 sec) Profile()            Sample 9 initiated at 751.8dbars for bin 15 [750dbars].  PTS/O2,T2,TPhase,RPhase,RawTemp/NO3/pH/FSig{},BbSig,TSig: 751.8dbars 4.5506C 34.2046PSU / 19.1uM 4.537C 59.562 7.627 640.019 / 42.2uM / -1.063458V / {  53   68}   90  567
(May 26 2026 19:38:23,  872029 sec) AscentControlAgent() Bouyancy nudge to 83 (v=0.072dbar/sec).
(May 26 2026 19:38:24,  872030 sec) PistonMoveAbsWTO()    073->083 074 075 076 077 078 [30sec, 14.5Volts, 0.355Amps, CPT:1172sec]
(May 26 2026 19:39:05,  872071 sec) PistonMoveAbsWTO()    078->083 079 080 081 082 083 [23sec, 14.4Volts, 0.351Amps, CPT:1195sec]
(May 26 2026 19:45:25,  872451 sec) Profile()            Sample 10 initiated at 701.0dbars for bin 16 [700dbars].  PTS/O2,T2,TPhase,RPhase,RawTemp/NO3/pH/FSig{},BbSig,TSig: 700.8dbars 4.7649C 34.1498PSU / 29.4uM 4.751C 58.007 7.629 633.447 / 41.4uM / -1.062285V / {  54   67}   89  567
(May 26 2026 19:54:04,  872970 sec) Profile()            Sample 11 initiated at 651.8dbars for bin 17 [650dbars].  PTS/O2,T2,TPhase,RPhase,RawTemp/NO3/pH/FSig{},BbSig,TSig: 651.7dbars 4.9501C 34.1112PSU / 39.9uM 4.936C 56.514 7.633 627.751 / 40.5uM / -1.060952V / {  53   65}  130  566
(May 26 2026 20:04:45,  873611 sec) Profile()            Sample 12 initiated at 602.0dbars for bin 18 [600dbars].  PTS/O2,T2,TPhase,RPhase,RawTemp/NO3/pH/FSig{},BbSig,TSig: 601.9dbars 5.2036C 34.0473PSU / 59.6uM 5.206C 53.929 7.645 619.415 / 38.6uM / -1.058458V / {  53   64}   92  566
(May 26 2026 20:04:46,  873612 sec) AscentControlAgent() Bouyancy nudge to 93 (v=0.072dbar/sec).
(May 26 2026 20:04:46,  873612 sec) PistonMoveAbsWTO()    083->093 084 085 086 087 088 [30sec, 14.5Volts, 0.317Amps, CPT:1225sec]
(May 26 2026 20:05:27,  873653 sec) PistonMoveAbsWTO()    088->093 089 090 091 092 093 [24sec, 14.4Volts, 0.317Amps, CPT:1249sec]
(May 26 2026 20:13:57,  874163 sec) Profile()            Sample 13 initiated at 551.7dbars for bin 19 [550dbars].  PTS/O2,T2,TPhase,RPhase,RawTemp/NO3/pH/FSig{},BbSig,TSig: 551.6dbars 5.5533C 34.0043PSU / 84.9uM 5.534C 50.975 7.652 609.266 / 36.6uM / -1.055598V / {  53   63}   92  566
(May 26 2026 20:24:16,  874782 sec) Profile()            Sample 14 initiated at 501.9dbars for bin 20 [500dbars].  PTS/O2,T2,TPhase,RPhase,RawTemp/NO3/pH/FSig{},BbSig,TSig: 501.8dbars 5.9485C 33.9719PSU / 111.6uM 5.933C 48.191 7.667 596.848 / 34.2uM / -1.052383V / {  53   62}   94  565
(May 26 2026 20:25:01,  874827 sec) AscentControlAgent() Bouyancy nudge to 103 (v=0.075dbar/sec).
(May 26 2026 20:25:01,  874827 sec) PistonMoveAbsWTO()    093->103 094 095 096 097 098 [30sec, 14.5Volts, 0.293Amps, CPT:1279sec]
(May 26 2026 20:25:42,  874868 sec) PistonMoveAbsWTO()    098->103 099 100 101 102 103 [24sec, 14.5Volts, 0.289Amps, CPT:1303sec]
(May 26 2026 20:33:39,  875345 sec) Profile()            Sample 15 initiated at 451.4dbars for bin 21 [450dbars].  PTS/O2,T2,TPhase,RPhase,RawTemp/NO3/pH/FSig{},BbSig,TSig: 451.4dbars 6.7325C 33.9608PSU / 137.4uM 6.702C 45.600 7.657 572.841 / 31.0uM / -1.048868V / {  51   61}   98  564
(May 26 2026 20:43:36,  875942 sec) Profile()            Sample 16 initiated at 401.9dbars for bin 22 [400dbars].  PTS/O2,T2,TPhase,RPhase,RawTemp/NO3/pH/FSig{},BbSig,TSig: 401.8dbars 7.5189C 33.9524PSU / 170.3uM 7.494C 42.726 7.703 547.950 / 26.6uM / -1.043933V / {  50   56}   92  563
(May 26 2026 20:45:16,  876042 sec) AscentControlAgent() Bouyancy nudge to 113 (v=0.078dbar/sec).
(May 26 2026 20:45:16,  876042 sec) PistonMoveAbsWTO()    103->113 104 105 106 107 108 [30sec, 14.6Volts, 0.262Amps, CPT:1333sec]
(May 26 2026 20:45:57,  876083 sec) PistonMoveAbsWTO()    108->113 109 110 111 112 113 [23sec, 14.5Volts, 0.271Amps, CPT:1356sec]
(May 26 2026 20:47:39,  876185 sec) Profile()            Sample 17 initiated at 381.2dbars for bin 23 [380dbars].  PTS/O2,T2,TPhase,RPhase,RawTemp/NO3/pH/FSig{},BbSig,TSig: 381.1dbars 7.8383C 33.9511PSU / 182.5uM 7.818C 41.730 7.716 537.709 / 24.9uM / -1.041978V / {  50   59}   93  563
(May 26 2026 20:50:49,  876375 sec) Profile()            Sample 18 initiated at 361.2dbars for bin 24 [360dbars].  PTS/O2,T2,TPhase,RPhase,RawTemp/NO3/pH/FSig{},BbSig,TSig: 361.0dbars 8.1051C 33.9548PSU / 194.4uM 8.089C 40.826 7.728 529.104 / 23.5uM / -1.040397V / {  51   56}   93  562
(May 26 2026 20:52:31,  876477 sec) Profile()            Sample 19 initiated at 351.2dbars for bin 25 [350dbars].  PTS/O2,T2,TPhase,RPhase,RawTemp/NO3/pH/FSig{},BbSig,TSig: 351.1dbars 8.3148C 33.9589PSU / 199.5uM 8.291C 40.409 7.713 522.706 / 22.7uM / -1.039314V / {  50   55}   99  562
(May 26 2026 20:54:13,  876579 sec) Profile()            Sample 20 initiated at 341.5dbars for bin 26 [340dbars].  PTS/O2,T2,TPhase,RPhase,RawTemp/NO3/pH/FSig{},BbSig,TSig: 341.4dbars 8.4756C 33.9685PSU / 206.3uM 8.463C 39.905 7.726 517.235 / 21.9uM / -1.038427V / {  51   56}   91  562
(May 26 2026 20:56:06,  876692 sec) Profile()            Sample 21 initiated at 331.1dbars for bin 27 [330dbars].  PTS/O2,T2,TPhase,RPhase,RawTemp/NO3/pH/FSig{},BbSig,TSig: 331.0dbars 8.7025C 33.9667PSU / 213.6uM 8.674C 39.369 7.739 510.530 / 21.0uM / -1.037485V / {  50   53}   92  562
(May 26 2026 20:57:59,  876805 sec) Profile()            Sample 22 initiated at 321.2dbars for bin 28 [320dbars].  PTS/O2,T2,TPhase,RPhase,RawTemp/NO3/pH/FSig{},BbSig,TSig: 321.1dbars 8.8538C 33.9714PSU / 218.7uM 8.833C 38.995 7.742 505.467 / 20.3uM / -1.036762V / {  49   54}   91  561
(May 26 2026 20:59:54,  876920 sec) Profile()            Sample 23 initiated at 311.4dbars for bin 29 [310dbars].  PTS/O2,T2,TPhase,RPhase,RawTemp/NO3/pH/FSig{},BbSig,TSig: 311.3dbars 9.0595C 33.9671PSU / 223.8uM 9.043C 38.600 7.728 498.759 / 19.8uM / -1.036207V / {  51   50}   95  561
(May 26 2026 21:02:00,  877046 sec) Profile()            Sample 24 initiated at 301.2dbars for bin 30 [300dbars].  PTS/O2,T2,TPhase,RPhase,RawTemp/NO3/pH/FSig{},BbSig,TSig: 301.1dbars 9.2583C 33.9579PSU / 225.5uM 9.239C 38.407 7.743 492.500 / 19.2uM / -1.035919V / {  48   52}   93  561
(May 26 2026 21:04:05,  877171 sec) Profile()            Sample 25 initiated at 291.8dbars for bin 31 [290dbars].  PTS/O2,T2,TPhase,RPhase,RawTemp/NO3/pH/FSig{},BbSig,TSig: 291.7dbars 9.3719C 33.9457PSU / 226.1uM 9.359C 38.313 7.754 488.671 / 18.9uM / -1.035535V / {  51   52}   96  560
(May 26 2026 21:06:32,  877318 sec) Profile()            Sample 26 initiated at 281.7dbars for bin 32 [280dbars].  PTS/O2,T2,TPhase,RPhase,RawTemp/NO3/pH/FSig{},BbSig,TSig: 281.6dbars 9.5299C 33.9416PSU / 228.4uM 9.515C 38.108 7.760 483.657 / 18.4uM / -1.035044V / {  50   52}   95  560
(May 26 2026 21:06:33,  877319 sec) AscentControlAgent() Bouyancy nudge to 123 (v=0.071dbar/sec).
(May 26 2026 21:06:33,  877319 sec) PistonMoveAbsWTO()    113->123 114 115 116 117 118 [30sec, 14.6Volts, 0.254Amps, CPT:1386sec]
(May 26 2026 21:07:14,  877360 sec) PistonMoveAbsWTO()    118->123 119 120 121 122 123 [24sec, 14.5Volts, 0.251Amps, CPT:1410sec]
(May 26 2026 21:08:47,  877453 sec) Profile()            Sample 27 initiated at 271.4dbars for bin 33 [270dbars].  PTS/O2,T2,TPhase,RPhase,RawTemp/NO3/pH/FSig{},BbSig,TSig: 271.4dbars 9.7317C 33.9299PSU / 231.3uM 9.721C 37.844 7.765 477.052 / 17.5uM / -1.034379V / {  50   51}   93  560
(May 26 2026 21:10:41,  877567 sec) Profile()            Sample 28 initiated at 261.0dbars for bin 34 [260dbars].  PTS/O2,T2,TPhase,RPhase,RawTemp/NO3/pH/FSig{},BbSig,TSig: 260.9dbars 9.9239C 33.9090PSU / 233.6uM 9.909C 37.625 7.766 471.029 / 16.9uM / -1.033985V / {  49   51}   99  559
(May 26 2026 21:12:36,  877682 sec) Profile()            Sample 29 initiated at 251.1dbars for bin 35 [250dbars].  PTS/O2,T2,TPhase,RPhase,RawTemp/NO3/pH/FSig{},BbSig,TSig: 251.0dbars 10.1402C 33.8839PSU / 235.5uM 10.120C 37.419 7.774 464.237 / 16.0uM / -1.033246V / {  50   51}   93  559
(May 26 2026 21:14:30,  877796 sec) Profile()            Sample 30 initiated at 241.6dbars for bin 36 [240dbars].  PTS/O2,T2,TPhase,RPhase,RawTemp/NO3/pH/FSig{},BbSig,TSig: 241.4dbars 10.3439C 33.8737PSU / 238.5uM 10.332C 37.152 7.779 457.434 / 14.9uM / -1.032513V / {  50   52}   94  559
(May 26 2026 21:16:35,  877921 sec) Profile()            Sample 31 initiated at 231.2dbars for bin 37 [230dbars].  PTS/O2,T2,TPhase,RPhase,RawTemp/NO3/pH/FSig{},BbSig,TSig: 231.1dbars 11.1378C 33.9486PSU / 246.2uM 11.057C 36.398 7.775 434.010 / 12.2uM / -1.030011V / {  51   50}  102  558
(May 26 2026 21:18:41,  878047 sec) Profile()            Sample 32 initiated at 221.7dbars for bin 38 [220dbars].  PTS/O2,T2,TPhase,RPhase,RawTemp/NO3/pH/FSig{},BbSig,TSig: 221.6dbars 11.8195C 34.0116PSU / 255.0uM 11.736C 35.623 7.798 412.039 / 9.6uM / -1.027890V / {  53   56}  115  558
(May 26 2026 21:21:08,  878194 sec) Profile()            Sample 33 initiated at 211.9dbars for bin 39 [210dbars].  PTS/O2,T2,TPhase,RPhase,RawTemp/NO3/pH/FSig{},BbSig,TSig: 211.8dbars 12.1407C 33.9869PSU / 259.3uM 12.098C 35.243 7.812 400.276 / 8.6uM / -1.027200V / {  53   58}  102  557
(May 26 2026 21:21:54,  878240 sec) AscentControlAgent() Bouyancy nudge to 133 (v=0.067dbar/sec).
(May 26 2026 21:21:54,  878240 sec) PistonMoveAbsWTO()    123->133 124 125 126 127 128 [30sec, 14.6Volts, 0.231Amps, CPT:1440sec]
(May 26 2026 21:22:35,  878281 sec) PistonMoveAbsWTO()    128->133 129 130 131 132 133 [22sec, 14.6Volts, 0.232Amps, CPT:1462sec]
(May 26 2026 21:23:45,  878351 sec) Profile()            Sample 34 initiated at 201.8dbars for bin 40 [200dbars].  PTS/O2,T2,TPhase,RPhase,RawTemp/NO3/pH/FSig{},BbSig,TSig: 201.8dbars 12.4418C 33.9693PSU / 262.9uM 12.429C 34.912 7.818 389.483 / 7.5uM / -1.026397V / {  55   58}  101  556
(May 26 2026 21:25:50,  878476 sec) Profile()            Sample 35 initiated at 191.5dbars for bin 41 [190dbars].  PTS/O2,T2,TPhase,RPhase,RawTemp/NO3/pH/FSig{},BbSig,TSig: 191.4dbars 12.7201C 33.9280PSU / 261.2uM 12.680C 34.870 7.821 381.322 / 6.8uM / -1.026056V / {  58   61}   99  556
(May 26 2026 21:27:56,  878602 sec) Profile()            Sample 36 initiated at 181.9dbars for bin 42 [180dbars].  PTS/O2,T2,TPhase,RPhase,RawTemp/NO3/pH/FSig{},BbSig,TSig: 181.8dbars 13.0301C 33.9098PSU / 261.0uM 13.006C 34.718 7.835 370.695 / 5.9uM / -1.025400V / {  60   65}  102  555
(May 26 2026 21:30:23,  878749 sec) Profile()            Sample 37 initiated at 171.5dbars for bin 43 [170dbars].  PTS/O2,T2,TPhase,RPhase,RawTemp/NO3/pH/FSig{},BbSig,TSig: 171.6dbars 13.8111C 33.9700PSU / 263.3uM 13.743C 34.261 7.848 346.602 / 4.4uM / -1.023876V / {  74   80}  105  555
(May 26 2026 21:32:51,  878897 sec) Profile()            Sample 38 initiated at 161.6dbars for bin 44 [160dbars].  PTS/O2,T2,TPhase,RPhase,RawTemp/NO3/pH/FSig{},BbSig,TSig: 161.6dbars 14.5874C 34.0406PSU / 265.2uM 14.484C 33.820 7.850 322.317 / 3.0uM / -1.022402V / {  83   93}  113  554
(May 26 2026 21:36:02,  879088 sec) Profile()            Sample 39 initiated at 151.6dbars for bin 45 [150dbars].  PTS/O2,T2,TPhase,RPhase,RawTemp/NO3/pH/FSig{},BbSig,TSig: 151.5dbars 15.5222C 34.1539PSU / 272.6uM 15.434C 33.049 7.872 291.113 / 1.4uM / -1.020282V / { 105  118}  115  553
(May 26 2026 21:39:47,  879313 sec) Profile()            Sample 40 initiated at 142.0dbars for bin 46 [140dbars].  PTS/O2,T2,TPhase,RPhase,RawTemp/NO3/pH/FSig{},BbSig,TSig: 141.9dbars 16.8796C 34.4284PSU / 275.1uM 16.787C 32.334 7.890 246.596 / 0.6uM / -1.018091V / { 110  136}  110  551
(May 26 2026 21:42:59,  879505 sec) Profile()            Sample 41 initiated at 131.6dbars for bin 47 [130dbars].  PTS/O2,T2,TPhase,RPhase,RawTemp/NO3/pH/FSig{},BbSig,TSig: 131.5dbars 17.4436C 34.5587PSU / 277.1uM 17.428C 31.963 7.910 225.495 / 0.3uM / -1.017110V / { 114  128}  115  550
(May 26 2026 21:45:48,  879674 sec) Profile()            Sample 42 initiated at 121.5dbars for bin 48 [120dbars].  PTS/O2,T2,TPhase,RPhase,RawTemp/NO3/pH/FSig{},BbSig,TSig: 121.4dbars 17.8354C 34.6406PSU / 277.6uM 17.787C 31.785 7.904 213.699 / 0.3uM / -1.016575V / {  91  109}  114  549
(May 26 2026 21:48:48,  879854 sec) Profile()            Sample 43 initiated at 111.5dbars for bin 49 [110dbars].  PTS/O2,T2,TPhase,RPhase,RawTemp/NO3/pH/FSig{},BbSig,TSig: 111.5dbars 18.1353C 34.6980PSU / 278.1uM 18.101C 31.630 7.913 203.363 / 0.4uM / -1.016171V / {  76   91}  116  548
(May 26 2026 21:51:58,  880044 sec) Profile()            Sample 44 initiated at 101.9dbars for bin 50 [100dbars].  PTS/O2,T2,TPhase,RPhase,RawTemp/NO3/pH/FSig{},BbSig,TSig: 101.9dbars 18.1321C 34.6456PSU / 277.1uM 18.120C 31.664 7.914 202.730 / 0.3uM / -1.016272V / {  70   83}  107  547
(May 26 2026 21:53:52,  880158 sec) Profile()            Sample 45 initiated at 96.7dbars for bin 51 [95dbars].  PTS/O2,T2,TPhase,RPhase,RawTemp/NO3/pH/FSig{},BbSig,TSig: 96.7dbars 18.1899C 34.6544PSU / 278.2uM 18.194C 31.587 7.913 200.286 / 0.2uM / -1.016192V / {  67   72}  110  547
(May 26 2026 21:55:45,  880271 sec) Profile()            Sample 46 initiated at 91.6dbars for bin 52 [90dbars].  PTS/O2,T2,TPhase,RPhase,RawTemp/NO3/pH/FSig{},BbSig,TSig: 91.5dbars 18.2762C 34.6613PSU / 278.7uM 18.266C 31.533 7.909 197.927 / 0.3uM / -1.015975V / {  69   74}  111  546
(May 26 2026 21:57:27,  880373 sec) Profile()            Sample 47 initiated at 87.0dbars for bin 53 [85dbars].  PTS/O2,T2,TPhase,RPhase,RawTemp/NO3/pH/FSig{},BbSig,TSig: 86.9dbars 18.5255C 34.7214PSU / 279.4uM 18.506C 31.403 7.913 190.024 / 0.7uM / -1.015564V / {  63   63}  107  546
(May 26 2026 21:59:43,  880509 sec) Profile()            Sample 48 initiated at 81.6dbars for bin 54 [80dbars].  PTS/O2,T2,TPhase,RPhase,RawTemp/NO3/pH/FSig{},BbSig,TSig: 81.6dbars 18.7425C 34.7662PSU / 279.9uM 18.731C 31.284 7.914 182.621 / 0.3uM / -1.015400V / {  61   58}  112  546
(May 26 2026 22:01:47,  880633 sec) Profile()            Sample 49 initiated at 76.9dbars for bin 55 [75dbars].  PTS/O2,T2,TPhase,RPhase,RawTemp/NO3/pH/FSig{},BbSig,TSig: 76.8dbars 18.7616C 34.7621PSU / 280.5uM 18.762C 31.248 7.917 181.586 / 0.4uM / -1.015326V / {  60   58}  110  545
(May 26 2026 22:02:32,  880678 sec) AscentControlAgent() Bouyancy nudge to 138 (v=0.038dbar/sec).
(May 26 2026 22:02:32,  880678 sec) PistonMoveAbsWTO()    133->138 134 135 136 137 138 [26sec, 14.8Volts, 0.207Amps, CPT:1488sec]
(May 26 2026 22:03:56,  880762 sec) Profile()            Sample 50 initiated at 71.7dbars for bin 56 [70dbars].  PTS/O2,T2,TPhase,RPhase,RawTemp/NO3/pH/FSig{},BbSig,TSig: 71.6dbars 18.6002C 34.6735PSU / 281.6uM 18.627C 31.260 7.910 186.039 / 0.2uM / -1.015491V / {  57   57}  116  545
(May 26 2026 22:05:27,  880853 sec) Profile()            Sample 51 initiated at 66.6dbars for bin 57 [65dbars].  PTS/O2,T2,TPhase,RPhase,RawTemp/NO3/pH/FSig{},BbSig,TSig: 66.5dbars 18.5222C 34.6214PSU / 282.9uM 18.542C 31.245 7.915 188.819 / 0.3uM / -1.015534V / {  56   56}  111  545
(May 26 2026 22:06:58,  880944 sec) Profile()            Sample 52 initiated at 61.7dbars for bin 58 [60dbars].  PTS/O2,T2,TPhase,RPhase,RawTemp/NO3/pH/FSig{},BbSig,TSig: 61.6dbars 18.6435C 34.6352PSU / 283.0uM 18.643C 31.198 7.910 185.502 / 0.4uM / -1.015405V / {  55   52}  114  545
(May 26 2026 22:08:30,  881036 sec) Profile()            Sample 53 initiated at 56.9dbars for bin 59 [55dbars].  PTS/O2,T2,TPhase,RPhase,RawTemp/NO3/pH/FSig{},BbSig,TSig: 56.8dbars 18.6972C 34.6215PSU / 283.3uM 18.703C 31.161 7.913 183.542 / 0.4uM / -1.015411V / {  54   50}  113  545
(May 26 2026 22:10:45,  881171 sec) Profile()            Sample 54 initiated at 51.7dbars for bin 60 [50dbars].  PTS/O2,T2,TPhase,RPhase,RawTemp/NO3/pH/FSig{},BbSig,TSig: 51.7dbars 18.9459C 34.5438PSU / 280.6uM 18.947C 31.165 7.914 175.499 / 0.4uM / -1.015818V / {  51   50}  106  545
(May 26 2026 22:13:11,  881317 sec) Profile()            Sample 55 initiated at 46.6dbars for bin 61 [45dbars].  PTS/O2,T2,TPhase,RPhase,RawTemp/NO3/pH/FSig{},BbSig,TSig: 46.5dbars 18.9548C 34.5430PSU / 280.2uM 18.981C 31.169 7.915 174.385 / 0.4uM / -1.015581V / {  52   50}  109  545
(May 26 2026 22:13:12,  881318 sec) AscentControlAgent() Bouyancy nudge to 143 (v=0.038dbar/sec).
(May 26 2026 22:13:12,  881318 sec) PistonMoveAbsWTO()    138->143 139 140 141 142 143 [24sec, 14.8Volts, 0.193Amps, CPT:1512sec]
(May 26 2026 22:14:46,  881412 sec) Profile()            Sample 56 initiated at 41.7dbars for bin 62 [40dbars].  PTS/O2,T2,TPhase,RPhase,RawTemp/NO3/pH/FSig{},BbSig,TSig: 41.7dbars 18.9584C 34.5423PSU / 280.2uM 18.975C 31.168 7.915 174.584 / 0.4uM / -1.015425V / {  52   52}  106  544
(May 26 2026 22:15:55,  881481 sec) Profile()            Sample 57 initiated at 37.0dbars for bin 63 [35dbars].  PTS/O2,T2,TPhase,RPhase,RawTemp/NO3/pH/FSig{},BbSig,TSig: 36.8dbars 18.9578C 34.5420PSU / 280.6uM 18.983C 31.151 7.915 174.336 / 0.4uM / -1.015456V / {  52   50}  107  544
(May 26 2026 22:17:15,  881561 sec) Profile()            Sample 58 initiated at 31.4dbars for bin 64 [30dbars].  PTS/O2,T2,TPhase,RPhase,RawTemp/NO3/pH/FSig{},BbSig,TSig: 31.3dbars 18.9628C 34.5419PSU / 280.4uM 18.994C 31.155 7.911 173.961 / 0.5uM / -1.015195V / {  51   48}  107  544
(May 26 2026 22:18:24,  881630 sec) Profile()            Sample 59 initiated at 26.5dbars for bin 65 [25dbars].  PTS/O2,T2,TPhase,RPhase,RawTemp/NO3/pH/FSig{},BbSig,TSig: 26.4dbars 18.9646C 34.5417PSU / 280.6uM 18.995C 31.145 7.914 173.945 / 0.5uM / -1.015029V / {  52   49}  107  544
(May 26 2026 22:19:45,  881711 sec) Profile()            Sample 60 initiated at 21.5dbars for bin 66 [20dbars].  PTS/O2,T2,TPhase,RPhase,RawTemp/NO3/pH/FSig{},BbSig,TSig: 21.4dbars 18.9758C 34.5416PSU / 280.6uM 19.020C 31.136 7.915 173.095 / 0.7uM / -1.015095V / {  50   48}  106  544
(May 26 2026 22:21:05,  881791 sec) Profile()            Sample 61 initiated at 16.9dbars for bin 67 [15dbars].  PTS/O2,T2,TPhase,RPhase,RawTemp/NO3/pH/FSig{},BbSig,TSig: 16.9dbars 18.9828C 34.5419PSU / 280.9uM 19.033C 31.118 7.914 172.674 / 0.7uM / -1.015071V / {  50   48}  109  544
(May 26 2026 22:22:47,  881893 sec) Profile()            Sample 62 initiated at 11.8dbars for bin 68 [10dbars].  PTS/O2,T2,TPhase,RPhase,RawTemp/NO3/pH/FSig{},BbSig,TSig: 11.8dbars 18.9838C 34.5404PSU / 280.8uM 19.027C 31.122 7.910 172.870 / 0.7uM / -1.014420V / {  50   48}  105  544
(May 26 2026 22:24:19,  881985 sec) Profile()            Sample 63 initiated at 7.9dbars for bin 69 [6dbars].  PTS/O2,T2,TPhase,RPhase,RawTemp/NO3/pH/FSig{},BbSig,TSig: 7.8dbars 18.9857C 34.5416PSU / 281.4uM 19.016C 31.103 7.917 173.245 / 0.7uM / -1.014953V / {  51   47}  106  544
(May 26 2026 22:25:05,  882031 sec) SurfaceDetect()      SurfacePressure:0.2dbars Pressure:4.1dbars PistonPosition:143
(May 26 2026 22:25:05,  882031 sec) Sbe41cpStopCP()      Continuous profile stopped.
(May 26 2026 22:25:08,  882034 sec) PistonMoveAbsWTO()    143->165 144 145 146 147 148 149 150 151 152 153 154 155 156 157 158 159 160 161 162 163 164 165 [112sec, 14.7Volts, 0.183Amps, CPT:1624sec]
(May 26 2026 22:27:05,  882151 sec) chat()               Expected string [S>] not received.
(May 26 2026 22:28:54,  882260 sec) Sbe41cpBinAverage()  Finished averaging 12671 samples in 104 seconds.
(May 26 2026 22:28:59,  882265 sec) Sbe41cpUploadCP_()   Sbe41cpSerNo[20389] NSample[12671] NBin[493]
(May 26 2026 22:29:30,  882296 sec) Sbe41cpUploadCP_()   Continuous profile uploaded [493 lines].
(May 26 2026 22:29:44,  882310 sec) MscErrorLog_()       No error records to log.
(May 26 2026 22:29:54,  882320 sec) MscErrorLog_()       No error records to log.

<EOT>
