(Apr 26 2026 05:59:44,  881757 sec) TelemetryInit()      Profile 3. (Apf11 FwRev: 102725)
(Apr 26 2026 05:59:44,  881757 sec) TelemetryInit()      Charge consumption model: OCV:15.1V Wake-Cycles:4508 Standby:31.9days Wake:4.7kC Sensors:0.3kC
(Apr 26 2026 06:04:55,  882068 sec) GetSurfaceObs()      P/O2,T2,TPhase,RPhase,RawTemp/FSig{},BbSig,TSig: 0.5dbars / 284.9uM 17.942C 31.419 7.913 208.571 / {52,50},112,546
(Apr 26 2026 06:05:25,  882098 sec) GetSurfaceObs()      P/O2,T2,TPhase,RPhase,RawTemp/FSig{},BbSig,TSig: 0.3dbars / 285.0uM 17.925C 31.421 7.915 209.138 / {53,50},117,546
(Apr 26 2026 06:05:54,  882127 sec) GetSurfaceObs()      P/O2,T2,TPhase,RPhase,RawTemp/FSig{},BbSig,TSig: 0.6dbars / 284.8uM 17.923C 31.431 7.909 209.205 / {53,49},117,546
(Apr 26 2026 06:06:24,  882157 sec) GetSurfaceObs()      P/O2,T2,TPhase,RPhase,RawTemp/FSig{},BbSig,TSig: 0.4dbars / 288.8uM 17.584C 31.414 7.914 220.385 / {51,50},117,545
(Apr 26 2026 06:09:41,  882354 sec) AirSystem()          Battery [214cnt, 15.0V]  Current [23cnt, 91.6mA]  Pneumometer [155cnt, 18.2psi]  Run-Time [94s]
(Apr 26 2026 06:09:50,  882363 sec) GetSurfaceObs()      P/O2,T2,TPhase,RPhase,RawTemp/FSig{},BbSig,TSig: 0.2dbars / 298.2uM 15.989C 31.744 7.912 272.868 / {51,50},113,546
(Apr 26 2026 06:10:20,  882393 sec) GetSurfaceObs()      P/O2,T2,TPhase,RPhase,RawTemp/FSig{},BbSig,TSig: 0.3dbars / 288.8uM 16.814C 31.750 7.909 245.707 / {52,50},114,546
(Apr 26 2026 06:10:49,  882422 sec) GetSurfaceObs()      P/O2,T2,TPhase,RPhase,RawTemp/FSig{},BbSig,TSig: 0.4dbars / 292.2uM 16.477C 31.763 7.908 256.812 / {53,50},111,545
(Apr 26 2026 06:11:19,  882452 sec) GetSurfaceObs()      P/O2,T2,TPhase,RPhase,RawTemp/FSig{},BbSig,TSig: 0.4dbars / 282.7uM 17.611C 31.653 7.906 219.489 / {50,49},108,545
(Apr 26 2026 06:11:48,  882481 sec) GetSurfaceObs()      P/O2,T2,TPhase,RPhase,RawTemp/FSig{},BbSig,TSig: 0.2dbars / 286.2uM 17.030C 31.761 7.910 238.612 / {52,50},112,545
(Apr 26 2026 06:12:18,  882511 sec) GetSurfaceObs()      P/O2,T2,TPhase,RPhase,RawTemp/FSig{},BbSig,TSig: 0.3dbars / 302.0uM 16.427C 31.405 7.906 258.476 / {51,49},115,545
(Apr 26 2026 06:12:47,  882540 sec) GetSurfaceObs()      P/O2,T2,TPhase,RPhase,RawTemp/FSig{},BbSig,TSig: 0.2dbars / 296.2uM 16.006C 31.815 7.902 272.298 / {52,48},114,546
(Apr 26 2026 06:13:17,  882570 sec) GetSurfaceObs()      P/O2,T2,TPhase,RPhase,RawTemp/FSig{},BbSig,TSig: 0.2dbars / 292.2uM 16.510C 31.751 7.907 255.746 / {54,48},116,545
(Apr 26 2026 06:13:37,  882590 sec) AirSystem()          Battery [214cnt, 15.1V]  Current [24cnt, 94.8mA]  Pneumometer [158cnt, 18.6psi]  Run-Time [9s]
(Apr 26 2026 06:14:08,  882621 sec) GetSurfaceObs()      P/O2,T2,TPhase,RPhase,RawTemp/FSig{},BbSig,TSig: 0.2dbars / 287.1uM 17.562C 31.493 7.906 221.091 / {51,51},113,545
(Apr 26 2026 06:14:10,  882623 sec) GpsServices()        GPS almanac is current.
(Apr 26 2026 06:14:10,  882623 sec) GpsServices()        Initiating GPS fix acquisition.
(Apr 26 2026 06:14:13,  882626 sec) gga()                $GPGGA,061410,3256.2986,N,14020.2744,W,0,00,,,M,,M,,*48
(Apr 26 2026 06:14:22,  882635 sec) gga()                $GPGGA,061420,3256.2986,N,14020.2744,W,0,00,,,M,,M,,*4B
(Apr 26 2026 06:14:34,  882647 sec) gga()                $GPGGA,061440,3256.2986,N,14020.2744,W,0,00,,,M,,M,,*4D
(Apr 26 2026 06:14:44,  882657 sec) gga()                $GPGGA,061450,3256.2986,N,14020.2744,W,0,00,,,M,,M,,*4C
(Apr 26 2026 06:14:54,  882667 sec) gga()                $GPGGA,061500,3256.2986,N,14020.2744,W,0,00,,,M,,M,,*48
(Apr 26 2026 06:15:04,  882677 sec) gga()                $GPGGA,061510,3256.2986,N,14020.2744,W,0,00,,,M,,M,,*49
(Apr 26 2026 06:15:14,  882687 sec) gga()                $GPGGA,061520,3256.2986,N,14020.2744,W,0,00,,,M,,M,,*4A
(Apr 26 2026 06:15:25,  882698 sec) gga()                $GPGGA,061530,3301.3608,N,14035.2753,W,1,09,0.9,7.0,M,-29.1,M,,*7D
(Apr 26 2026 06:15:25,  882698 sec) GpsServices()        Profile 3 GPS fix obtained in 75 seconds.
(Apr 26 2026 06:15:25,  882698 sec) GpsServices()                   lon      lat mm/dd/yyyy hhmmss nsat
(Apr 26 2026 06:15:25,  882698 sec) GpsServices()        Fix: -140.5879  33.0227 04/26/2026 061530    9
(Apr 26 2026 06:15:35,  882708 sec) gga()                $GPGGA,061540,3301.3619,N,14035.2760,W,1,09,0.9,6.2,M,-29.1,M,,*79
(Apr 26 2026 06:15:44,  882717 sec) gga()                $GPGGA,061550,3301.3633,N,14035.2773,W,1,09,0.9,3.8,M,-29.1,M,,*7D
(Apr 26 2026 06:15:44,  882717 sec) GpsServices()        APF11 RTC skew (-6s) OK.
(Apr 26 2026 06:15:45,  882718 sec) GpsServices()        GPS services complete.
(Apr 26 2026 06:16:12,  882745 sec) IrGeoLoc()           <x,y,z>=<-4120km,-3424km,3444km> lat=32.911 lon=-140.271 IrSysTime=0x1855adf2
(Apr 26 2026 06:16:16,  882749 sec) CLogin()             Connecting to primary host.
(Apr 26 2026 06:16:36,  882769 sec) CLogin()             Connection 1 established in 20 seconds.
(Apr 26 2026 06:16:44,  882777 sec) login()              Login successful.
(Apr 26 2026 06:16:55,  882788 sec) CLogin()             Logged in to host.  [Login required 19 seconds]
(Apr 26 2026 06:17:01,  882794 sec) RxConfig()           Downloading "mission.cfg" from host.
(Apr 26 2026 06:17:18,  882811 sec) RxConfig()           Download successful: [bytes:33, sec:14.4, bps:2]
(Apr 26 2026 06:17:22,  882815 sec) WriteVitals_()       Writing vitals to "23394.003.msg".
(Apr 26 2026 06:17:27,  882820 sec) UpLoadFile()         Uploading "23394.003.log" to host.
(Apr 26 2026 06:19:47,  882960 sec) UpLoadFile()         Upload successful: [bytes:36097, sec:140.4, bps:257]
(Apr 26 2026 06:19:48,  882961 sec) fmove()              Moved: 23394.003.log -> archive/23394.003.log
(Apr 26 2026 06:19:52,  882965 sec) UpLoadFile()         Uploading "23394.003.msg" to host.
(Apr 26 2026 06:22:10,  883103 sec) UpLoadFile()         Upload successful: [bytes:41896, sec:138.3, bps:303]
(Apr 26 2026 06:22:11,  883104 sec) fmove()              Moved: 23394.003.msg -> archive/23394.003.msg
(Apr 26 2026 06:22:17,  883110 sec) UpLoadFile()         Uploading "23394.003.isus" to host.
(Apr 26 2026 06:23:47,  883200 sec) UpLoadFile()         Upload successful: [bytes:23690, sec:90.0, bps:263]
(Apr 26 2026 06:23:48,  883201 sec) fmove()              Moved: 23394.003.isus -> archive/23394.003.isus
(Apr 26 2026 06:23:51,  883204 sec) UpLoadFile()         Uploading "23394.003.dura" to host.
(Apr 26 2026 06:24:39,  883252 sec) UpLoadFile()         Upload successful: [bytes:11672, sec:47.2, bps:247]
(Apr 26 2026 06:24:40,  883253 sec) fmove()              Moved: 23394.003.dura -> archive/23394.003.dura
(Apr 26 2026 06:24:41,  883254 sec) UpLoad()             Files successfully uploaded: 4
(Apr 26 2026 06:24:41,  883254 sec) UpLoad()             Upload complete.
(Apr 26 2026 06:24:50,  883263 sec) chat()               Expected string [logout] not received.
(Apr 26 2026 06:24:50,  883263 sec) logout()             Attempt to log-out failed.
(Apr 26 2026 06:24:50,  883263 sec) logout()             No carrier detected.
(Apr 26 2026 06:24:50,  883263 sec) Telemetry()          Telemetry cycle complete: PrfId=3 ConnectionAttempts=1  Connections=1
(Apr 26 2026 06:24:50,  883263 sec) TelemetryTerminate() Parsing new mission configuration.
(Apr 26 2026 06:24:51,  883264 sec) configure()          Parsing configurators in "mission.cfg".
(Apr 26 2026 06:24:51,  883264 sec) configure()             TelemetryRetry(15)      [0x7BBC] [TelemetryRetry(15)].
(Apr 26 2026 06:24:51,  883264 sec) configure()          Configuration CRCs and syntax OK.
(Apr 26 2026 06:24:51,  883264 sec) ConfigSupervisor()   Configuration accepted.
(Apr 26 2026 06:24:51,  883264 sec) TelemetryTerminate() Reconditioning the file system.
(Apr 26 2026 06:24:54,       0 sec) DescentInit()        Deep profile 4 initiated at mission-time 883267sec.
(Apr 26 2026 06:24:55,       1 sec) DescentInit()        Surface pressure: 0.2dbars.
(Apr 26 2026 06:24:55,       1 sec) DescentInit()        Charge consumption model: OCV:14.9V Wake-Cycles:4509 Standby:31.9days Wake:4.7kC Sleep:0.3kC
(Apr 26 2026 06:25:07,      13 sec) DescentInit()        Pneumatic humidity: 986(4.9%) -> 1034(6.2%)
(Apr 26 2026 06:25:07,      13 sec) PistonMoveAbsWTO()    163->041 162 161 160 161 160 159 158 157 156 155 154 153 152 151 150 149 148 147 146 145 144 143 142 141 140 139 138 137 136 135 134 133 132 131 130 129 128 127 126 125 124 123 122 121 120 119 118 117 116 115 114 113 112 111 110 109 108 107 106 105 104 103 102 101 100 099 098 097 096 095 094 093 092 091 090 089 088 087 086 085 084 083 082 081 080 079 078 077 076 075 074 073 072 071 070 069 068 067 066 065 064 063 062 061 060 059 058 057 056 055 054 053 052 051 050 049 048 047 046 045 044 043 042 041 [627sec, 14.8Volts, 0.146Amps, CPT:627sec]
(Apr 26 2026 06:35:38,     644 sec) DescentInit()        Air solenoid open: Barometer [204cnt,  11.9psi]  Pneumometer [104cnt,  12.2psi]
(Apr 26 2026 06:35:48,     654 sec) Descent()            Pressure: 53.8
(Apr 26 2026 07:24:54,    3600 sec) Descent()            Pressure: 515.3
(Apr 26 2026 08:24:54,    7200 sec) Descent()            Pressure: 862.3
(Apr 26 2026 09:24:54,   10800 sec) Descent()            Pressure: 987.2
(Apr 26 2026 10:24:54,   14400 sec) Descent()            Pressure: 994.4
(Apr 26 2026 10:24:55,   14401 sec) ParkInit()           Charge consumption model: OCV:15.4V Wake-Cycles:4514 Standby:32.1days Wake:5.0kC Sensors:0.3kC
(May 06 2026 02:25:26,  849632 sec) CtdPower()           [ 1000.75,  3.6943, 34.4103]
(May 06 2026 02:25:26,  849632 sec) CtdPower()           CTD Power consumption [215VCnt 3ACnt]: 15.144Volts * 0.012Amps = 0.18Watts.
(May 06 2026 02:25:30,  849636 sec) ParkTerminate()      Piston Position:41 Vacuum:192 HumidityAd12:972(4.4%) Vq:218 Aq:2 Vsbe:215 Asbe:3 Vflbb:211 Aflbb:13 Vopt:210 Aopt:12 MuxTemp:2.695C MuxHumidity:0.0%
(May 06 2026 02:26:00,  849666 sec) ParkTerminate()      PTS/O2,T2,TPhase,RawTemp: 1000.9dbars 3.6940C 34.4087PSU / 12.2uM 3.689C 60.731 7.568 665.980
(May 06 2026 02:26:00,  849666 sec) ParkTerminate()      FLBB FSig{}, BbSig, TSig: {55, 67} 89, 568
(May 06 2026 02:26:01,  849667 sec) GoDeepInit()         Charge consumption model: OCV:15.3V Wake-Cycles:4746 Standby:41.7days Wake:5.2kC Sensors:0.3kC
(May 06 2026 02:26:01,  849667 sec) GoDeepInit()         Moving piston.
(May 06 2026 02:26:01,  849667 sec) PistonMoveAbsWTO()    041->013 040 039 038 037 036 035 034 033 032 031 030 029 028 027 026 025 024 023 022 021 020 019 018 017 016 015 014 013 [142sec, 14.9Volts, 0.081Amps, CPT:769sec]
(May 06 2026 06:24:54,  864000 sec) ProfileInit()        Charge consumption model: OCV:15.3V Wake-Cycles:4794 Standby:41.9days Wake:5.2kC Sensors:0.3kC
(May 06 2026 06:24:54,  864000 sec) ProfileInit()        PrfId:004  Pressure:1408.1dbar  pTable[6]:1400dbar
(May 06 2026 06:24:56,  864002 sec) ProfileInit()        Muxer PPIs K{1,2} quiescent: 15.17V, 0.2mA, 3.0mW
(May 06 2026 06:25:00,  864006 sec) ProfileInit()        ISUS powered up.
(May 06 2026 06:25:03,  864009 sec) ProfileInit()        Muxer PPIs K{1,2} w/ ISUS awake: 15.00V, 49.6mA, 743.8mW
(May 06 2026 06:25:10,  864016 sec) MscErrorLog_()       No error records to log.
(May 06 2026 06:25:16,  864022 sec) ProfileInit()        DURA powered up.
(May 06 2026 06:25:20,  864026 sec) ProfileInit()        Muxer PPIs K{1,2} w/ DURA awake: 15.04V, 49.4mA, 742.8mW
(May 06 2026 06:25:26,  864032 sec) MscErrorLog_()       No error records to log.
(May 06 2026 06:25:31,  864037 sec) PistonMoveAbsWTO()    013->035 014 015 016 017 018 [30sec, 14.4Volts, 0.509Amps, CPT:799sec]
(May 06 2026 06:26:12,  864078 sec) PistonMoveAbsWTO()    018->035 019 020 021 022 023 024 [30sec, 14.2Volts, 0.493Amps, CPT:829sec]
(May 06 2026 06:26:53,  864119 sec) PistonMoveAbsWTO()    024->035 025 026 027 028 029 [30sec, 14.1Volts, 0.494Amps, CPT:859sec]
(May 06 2026 06:28:31,  864217 sec) Profile()            Sample 0 initiated at 1401.7dbars for bin 6 [1400dbars].  PTS/O2,T2,TPhase,RPhase,RawTemp/NO3/pH/FSig{},BbSig,TSig: 1399.6dbars 2.9038C 34.5247PSU / 41.1uM 2.894C 56.907 7.602 690.078 / 42.3uM / -1.064113V / {  56   64}   87  569
(May 06 2026 06:28:32,  864218 sec) PistonMoveAbsWTO()    029->035 030 031 032 033 034 [30sec, 14.1Volts, 0.497Amps, CPT:889sec]
(May 06 2026 06:29:13,  864259 sec) PistonMoveAbsWTO()    034->035 035 [3sec, 14.1Volts, 0.503Amps, CPT:892sec]
(May 06 2026 06:44:11,  865157 sec) Profile()            Sample 1 initiated at 1301.2dbars for bin 7 [1300dbars].  PTS/O2,T2,TPhase,RPhase,RawTemp/NO3/pH/FSig{},BbSig,TSig: 1299.1dbars 3.1186C 34.5006PSU / 33.1uM 3.109C 57.883 7.614 683.571 / 42.8uM / -1.064345V / {  56   65}   89  569
(May 06 2026 07:03:00,  866286 sec) Profile()            Sample 2 initiated at 1201.9dbars for bin 8 [1200dbars].  PTS/O2,T2,TPhase,RPhase,RawTemp/NO3/pH/FSig{},BbSig,TSig: 1200.4dbars 3.3068C 34.4740PSU / 25.1uM 3.294C 58.917 7.622 677.955 / 43.1uM / -1.064694V / {  54   68}   89  569
(May 06 2026 07:05:25,  866431 sec) AscentControlAgent() Bouyancy nudge to 45 (v=0.069dbar/sec).
(May 06 2026 07:05:25,  866431 sec) PistonMoveAbsWTO()    035->045 036 037 038 039 040 [30sec, 14.5Volts, 0.451Amps, CPT:922sec]
(May 06 2026 07:06:06,  866472 sec) PistonMoveAbsWTO()    040->045 041 042 043 044 045 [26sec, 14.3Volts, 0.448Amps, CPT:948sec]
(May 06 2026 07:20:53,  867359 sec) AscentControlAgent() Bouyancy nudge to 55 (v=0.078dbar/sec).
(May 06 2026 07:20:53,  867359 sec) PistonMoveAbsWTO()    045->055 046 047 048 049 050 [30sec, 14.5Volts, 0.426Amps, CPT:978sec]
(May 06 2026 07:21:34,  867400 sec) PistonMoveAbsWTO()    050->055 051 052 053 054 055 [25sec, 14.4Volts, 0.431Amps, CPT:1003sec]
(May 06 2026 07:23:19,  867505 sec) Profile()            Sample 3 initiated at 1101.0dbars for bin 9 [1100dbars].  PTS/O2,T2,TPhase,RPhase,RawTemp/NO3/pH/FSig{},BbSig,TSig: 1098.8dbars 3.5625C 34.4331PSU / 17.0uM 3.552C 60.032 7.625 670.136 / 43.5uM / -1.064982V / {  53   67}   87  569
(May 06 2026 07:39:44,  868490 sec) Profile()            Sample 4 initiated at 1001.6dbars for bin 10 [1000dbars].  PTS/O2,T2,TPhase,RPhase,RawTemp/NO3/pH/FSig{},BbSig,TSig: 999.7dbars 3.7652C 34.3932PSU / 11.8uM 3.753C 60.789 7.627 664.018 / 43.5uM / -1.064945V / {  53   70}   90  568
(May 06 2026 07:43:17,  868703 sec) Sbe41cpStartCP()     Continuous profile started.
(May 06 2026 07:49:14,  869060 sec) Profile()            Sample 5 initiated at 952.0dbars for bin 11 [950dbars].  PTS/O2,T2,TPhase,RPhase,RawTemp/NO3/pH/FSig{},BbSig,TSig: 952.0dbars 3.9094C 34.3607PSU / 10.0uM 3.896C 61.053 7.627 659.660 / 43.4uM / -1.064982V / {  55   68}   89  568
(May 06 2026 07:51:15,  869181 sec) AscentControlAgent() Bouyancy nudge to 65 (v=0.072dbar/sec).
(May 06 2026 07:51:16,  869182 sec) PistonMoveAbsWTO()    055->065 056 057 058 059 060 [30sec, 14.4Volts, 0.395Amps, CPT:1033sec]
(May 06 2026 07:51:57,  869223 sec) PistonMoveAbsWTO()    060->065 061 062 063 064 065 [24sec, 14.3Volts, 0.398Amps, CPT:1057sec]
(May 06 2026 07:59:01,  869647 sec) Profile()            Sample 6 initiated at 901.7dbars for bin 12 [900dbars].  PTS/O2,T2,TPhase,RPhase,RawTemp/NO3/pH/FSig{},BbSig,TSig: 901.7dbars 4.0258C 34.3307PSU / 9.7uM 4.015C 61.086 7.632 656.034 / 43.4uM / -1.064799V / {  53   69}   87  568
(May 06 2026 08:06:55,  870121 sec) PistonMoveAbsWTO()    064->065 065 [1sec, 14.5Volts, 0.412Amps, CPT:1058sec]
(May 06 2026 08:08:37,  870223 sec) Profile()            Sample 7 initiated at 851.1dbars for bin 13 [850dbars].  PTS/O2,T2,TPhase,RPhase,RawTemp/NO3/pH/FSig{},BbSig,TSig: 851.0dbars 4.1599C 34.2958PSU / 10.7uM 4.146C 60.911 7.636 652.026 / 43.2uM / -1.064511V / {  53   68}   92  568
(May 06 2026 08:16:42,  870708 sec) AscentControlAgent() Bouyancy nudge to 75 (v=0.079dbar/sec).
(May 06 2026 08:16:42,  870708 sec) PistonMoveAbsWTO()    065->075 066 067 068 069 070 [30sec, 14.5Volts, 0.372Amps, CPT:1088sec]
(May 06 2026 08:17:23,  870749 sec) PistonMoveAbsWTO()    070->075 071 072 073 074 075 [25sec, 14.4Volts, 0.375Amps, CPT:1113sec]
(May 06 2026 08:18:34,  870820 sec) Profile()            Sample 8 initiated at 801.8dbars for bin 14 [800dbars].  PTS/O2,T2,TPhase,RPhase,RawTemp/NO3/pH/FSig{},BbSig,TSig: 801.7dbars 4.3023C 34.2695PSU / 12.2uM 4.290C 60.648 7.634 647.620 / 42.9uM / -1.064095V / {  54   69}   89  567
(May 06 2026 08:27:03,  871329 sec) Profile()            Sample 9 initiated at 751.4dbars for bin 15 [750dbars].  PTS/O2,T2,TPhase,RPhase,RawTemp/NO3/pH/FSig{},BbSig,TSig: 751.2dbars 4.4963C 34.2191PSU / 16.8uM 4.481C 59.918 7.642 641.758 / 42.4uM / -1.063542V / {  55   67}   94  567
(May 06 2026 08:32:12,  871638 sec) AscentControlAgent() Bouyancy nudge to 85 (v=0.077dbar/sec).
(May 06 2026 08:32:12,  871638 sec) PistonMoveAbsWTO()    075->085 076 077 078 079 080 [30sec, 14.5Volts, 0.346Amps, CPT:1143sec]
(May 06 2026 08:32:53,  871679 sec) PistonMoveAbsWTO()    080->085 081 082 083 084 085 [24sec, 14.4Volts, 0.345Amps, CPT:1167sec]
(May 06 2026 08:37:00,  871926 sec) Profile()            Sample 10 initiated at 701.0dbars for bin 16 [700dbars].  PTS/O2,T2,TPhase,RPhase,RawTemp/NO3/pH/FSig{},BbSig,TSig: 700.9dbars 4.7038C 34.1636PSU / 26.1uM 4.690C 58.494 7.648 635.331 / 41.4uM / -1.062479V / {  53   66}   92  567
(May 06 2026 08:45:29,  872435 sec) Profile()            Sample 11 initiated at 651.8dbars for bin 17 [650dbars].  PTS/O2,T2,TPhase,RPhase,RawTemp/NO3/pH/FSig{},BbSig,TSig: 651.7dbars 4.9388C 34.1145PSU / 38.3uM 4.920C 56.739 7.653 628.233 / 40.5uM / -1.061044V / {  56   66}   92  567
(May 06 2026 08:55:48,  873054 sec) Profile()            Sample 12 initiated at 601.8dbars for bin 18 [600dbars].  PTS/O2,T2,TPhase,RPhase,RawTemp/NO3/pH/FSig{},BbSig,TSig: 601.8dbars 5.2949C 34.0624PSU / 57.2uM 5.276C 54.205 7.660 617.246 / 38.7uM / -1.058880V / {  53   63}   90  566
(May 06 2026 08:57:28,  873154 sec) AscentControlAgent() Bouyancy nudge to 95 (v=0.072dbar/sec).
(May 06 2026 08:57:28,  873154 sec) PistonMoveAbsWTO()    085->095 086 087 088 089 090 [30sec, 14.5Volts, 0.319Amps, CPT:1197sec]
(May 06 2026 08:58:09,  873195 sec) PistonMoveAbsWTO()    090->095 091 092 093 094 095 [24sec, 14.4Volts, 0.320Amps, CPT:1221sec]
(May 06 2026 09:04:39,  873585 sec) Profile()            Sample 13 initiated at 552.0dbars for bin 19 [550dbars].  PTS/O2,T2,TPhase,RPhase,RawTemp/NO3/pH/FSig{},BbSig,TSig: 551.9dbars 5.5001C 34.0042PSU / 83.4uM 5.482C 51.158 7.667 610.881 / 36.8uM / -1.055970V / {  50   62}   90  566
(May 06 2026 09:14:14,  874160 sec) Profile()            Sample 14 initiated at 501.5dbars for bin 20 [500dbars].  PTS/O2,T2,TPhase,RPhase,RawTemp/NO3/pH/FSig{},BbSig,TSig: 501.5dbars 5.9618C 33.9771PSU / 107.3uM 5.945C 48.579 7.673 596.481 / 33.9uM / -1.052237V / {  52   63}   93  565
(May 06 2026 09:17:45,  874371 sec) AscentControlAgent() Bouyancy nudge to 105 (v=0.062dbar/sec).
(May 06 2026 09:17:45,  874371 sec) PistonMoveAbsWTO()    095->105 096 097 098 099 100 [30sec, 14.6Volts, 0.292Amps, CPT:1251sec]
(May 06 2026 09:18:26,  874412 sec) PistonMoveAbsWTO()    100->105 101 102 103 104 105 [24sec, 14.5Volts, 0.289Amps, CPT:1275sec]
(May 06 2026 09:25:08,  874814 sec) Profile()            Sample 15 initiated at 451.4dbars for bin 21 [450dbars].  PTS/O2,T2,TPhase,RPhase,RawTemp/NO3/pH/FSig{},BbSig,TSig: 451.3dbars 6.8107C 33.9501PSU / 150.0uM 6.794C 44.566 7.706 569.956 / 29.2uM / -1.047030V / {  53   60}   95  564
(May 06 2026 09:33:39,  875325 sec) Profile()            Sample 16 initiated at 401.4dbars for bin 22 [400dbars].  PTS/O2,T2,TPhase,RPhase,RawTemp/NO3/pH/FSig{},BbSig,TSig: 401.3dbars 7.5745C 33.9546PSU / 183.2uM 7.537C 41.834 7.726 546.568 / 25.4uM / -1.042045V / {  53   59}   92  563
(May 06 2026 09:37:23,  875549 sec) Profile()            Sample 17 initiated at 381.6dbars for bin 23 [380dbars].  PTS/O2,T2,TPhase,RPhase,RawTemp/NO3/pH/FSig{},BbSig,TSig: 381.4dbars 7.8657C 33.9678PSU / 193.2uM 7.846C 41.029 7.735 536.799 / 24.0uM / -1.040576V / {  51   57}   94  563
(May 06 2026 09:41:41,  875807 sec) Profile()            Sample 18 initiated at 361.9dbars for bin 24 [360dbars].  PTS/O2,T2,TPhase,RPhase,RawTemp/NO3/pH/FSig{},BbSig,TSig: 361.8dbars 8.3379C 33.9830PSU / 209.2uM 8.319C 39.808 7.746 521.823 / 21.9uM / -1.038289V / {  51   55}   94  562
(May 06 2026 09:44:08,  875954 sec) Profile()            Sample 19 initiated at 351.5dbars for bin 25 [350dbars].  PTS/O2,T2,TPhase,RPhase,RawTemp/NO3/pH/FSig{},BbSig,TSig: 351.4dbars 8.5363C 33.9905PSU / 214.0uM 8.510C 39.430 7.742 515.749 / 21.1uM / -1.037368V / {  50   56}   93  562
(May 06 2026 09:44:09,  875955 sec) AscentControlAgent() Bouyancy nudge to 115 (v=0.072dbar/sec).
(May 06 2026 09:44:09,  875955 sec) PistonMoveAbsWTO()    105->115 106 107 108 109 110 [30sec, 14.6Volts, 0.257Amps, CPT:1305sec]
(May 06 2026 09:44:50,  875996 sec) PistonMoveAbsWTO()    110->115 111 112 113 114 115 [24sec, 14.5Volts, 0.264Amps, CPT:1329sec]
(May 06 2026 09:46:12,  876078 sec) Profile()            Sample 20 initiated at 341.3dbars for bin 26 [340dbars].  PTS/O2,T2,TPhase,RPhase,RawTemp/NO3/pH/FSig{},BbSig,TSig: 341.2dbars 8.6753C 33.9974PSU / 219.4uM 8.662C 39.043 7.752 510.902 / 20.5uM / -1.036611V / {  51   51}   96  561
(May 06 2026 09:47:43,  876169 sec) Profile()            Sample 21 initiated at 331.5dbars for bin 27 [330dbars].  PTS/O2,T2,TPhase,RPhase,RawTemp/NO3/pH/FSig{},BbSig,TSig: 331.4dbars 8.9422C 34.0084PSU / 224.1uM 8.917C 38.651 7.756 502.773 / 19.5uM / -1.035630V / {  50   53}   93  561
(May 06 2026 09:49:14,  876260 sec) Profile()            Sample 22 initiated at 321.9dbars for bin 28 [320dbars].  PTS/O2,T2,TPhase,RPhase,RawTemp/NO3/pH/FSig{},BbSig,TSig: 321.8dbars 9.2407C 34.0192PSU / 229.2uM 9.206C 38.221 7.761 493.558 / 18.7uM / -1.034798V / {  50   54}   96  561
(May 06 2026 09:50:57,  876363 sec) Profile()            Sample 23 initiated at 311.2dbars for bin 29 [310dbars].  PTS/O2,T2,TPhase,RPhase,RawTemp/NO3/pH/FSig{},BbSig,TSig: 311.1dbars 9.3242C 34.0255PSU / 232.7uM 9.312C 37.982 7.770 490.172 / 18.3uM / -1.034358V / {  50   51}   94  560
(May 06 2026 09:52:39,  876465 sec) Profile()            Sample 24 initiated at 301.2dbars for bin 30 [300dbars].  PTS/O2,T2,TPhase,RPhase,RawTemp/NO3/pH/FSig{},BbSig,TSig: 301.1dbars 9.4960C 34.0358PSU / 234.8uM 9.483C 37.780 7.770 484.696 / 17.8uM / -1.033894V / {  50   50}   94  560
(May 06 2026 09:54:21,  876567 sec) Profile()            Sample 25 initiated at 291.9dbars for bin 31 [290dbars].  PTS/O2,T2,TPhase,RPhase,RawTemp/NO3/pH/FSig{},BbSig,TSig: 291.8dbars 9.8301C 34.0503PSU / 238.1uM 9.796C 37.448 7.774 474.662 / 16.8uM / -1.032927V / {  50   50}   93  560
(May 06 2026 09:56:26,  876692 sec) Profile()            Sample 26 initiated at 281.6dbars for bin 32 [280dbars].  PTS/O2,T2,TPhase,RPhase,RawTemp/NO3/pH/FSig{},BbSig,TSig: 281.5dbars 10.1217C 34.0584PSU / 241.9uM 10.105C 37.093 7.766 464.732 / 15.9uM / -1.032148V / {  52   52}   95  559
(May 06 2026 09:58:41,  876827 sec) Profile()            Sample 27 initiated at 271.5dbars for bin 33 [270dbars].  PTS/O2,T2,TPhase,RPhase,RawTemp/NO3/pH/FSig{},BbSig,TSig: 271.5dbars 10.3238C 34.0692PSU / 243.5uM 10.305C 36.913 7.788 458.281 / 15.5uM / -1.031665V / {  51   50}   92  559
(May 06 2026 09:59:26,  876872 sec) AscentControlAgent() Bouyancy nudge to 125 (v=0.074dbar/sec).
(May 06 2026 09:59:26,  876872 sec) PistonMoveAbsWTO()    115->125 116 117 118 119 120 [30sec, 14.6Volts, 0.248Amps, CPT:1359sec]
(May 06 2026 10:00:07,  876913 sec) PistonMoveAbsWTO()    120->125 121 122 123 124 125 [22sec, 14.5Volts, 0.249Amps, CPT:1381sec]
(May 06 2026 10:01:17,  876983 sec) Profile()            Sample 28 initiated at 260.2dbars for bin 34 [260dbars].  PTS/O2,T2,TPhase,RPhase,RawTemp/NO3/pH/FSig{},BbSig,TSig: 260.1dbars 10.5955C 34.0481PSU / 245.8uM 10.578C 36.658 7.785 449.502 / 14.6uM / -1.031096V / {  50   51}   95  559
(May 06 2026 10:02:48,  877074 sec) Profile()            Sample 29 initiated at 251.6dbars for bin 35 [250dbars].  PTS/O2,T2,TPhase,RPhase,RawTemp/NO3/pH/FSig{},BbSig,TSig: 251.5dbars 10.8044C 34.0401PSU / 247.3uM 10.787C 36.477 7.797 442.756 / 13.6uM / -1.030471V / {  50   50}   94  558
(May 06 2026 10:04:41,  877187 sec) Profile()            Sample 30 initiated at 241.1dbars for bin 36 [240dbars].  PTS/O2,T2,TPhase,RPhase,RawTemp/NO3/pH/FSig{},BbSig,TSig: 241.1dbars 11.2288C 34.0486PSU / 250.1uM 11.185C 36.139 7.793 429.889 / 12.2uM / -1.029508V / {  50   51}   95  558
(May 06 2026 10:06:24,  877290 sec) Profile()            Sample 31 initiated at 231.7dbars for bin 37 [230dbars].  PTS/O2,T2,TPhase,RPhase,RawTemp/NO3/pH/FSig{},BbSig,TSig: 231.6dbars 11.5714C 34.0545PSU / 253.0uM 11.537C 35.820 7.792 418.498 / 10.9uM / -1.028553V / {  51   50}   95  558
(May 06 2026 10:08:17,  877403 sec) Profile()            Sample 32 initiated at 221.7dbars for bin 38 [220dbars].  PTS/O2,T2,TPhase,RPhase,RawTemp/NO3/pH/FSig{},BbSig,TSig: 221.6dbars 11.9188C 34.0403PSU / 255.9uM 11.889C 35.507 7.815 407.062 / 9.5uM / -1.027759V / {  50   50}   95  557
(May 06 2026 10:10:21,  877527 sec) Profile()            Sample 33 initiated at 211.3dbars for bin 39 [210dbars].  PTS/O2,T2,TPhase,RPhase,RawTemp/NO3/pH/FSig{},BbSig,TSig: 211.2dbars 12.2455C 34.0297PSU / 258.7uM 12.221C 35.209 7.823 396.273 / 8.4uM / -1.026906V / {  50   53}   99  557
(May 06 2026 10:12:26,  877652 sec) Profile()            Sample 34 initiated at 201.6dbars for bin 40 [200dbars].  PTS/O2,T2,TPhase,RPhase,RawTemp/NO3/pH/FSig{},BbSig,TSig: 201.6dbars 12.1985C 33.8966PSU / 260.0uM 12.242C 35.137 7.834 395.584 / 7.9uM / -1.026840V / {  53   55}  114  556
(May 06 2026 10:15:03,  877809 sec) Profile()            Sample 35 initiated at 191.4dbars for bin 41 [190dbars].  PTS/O2,T2,TPhase,RPhase,RawTemp/NO3/pH/FSig{},BbSig,TSig: 191.3dbars 12.3766C 33.8533PSU / 260.7uM 12.380C 35.038 7.836 391.109 / 7.5uM / -1.026613V / {  54   56}   99  556
(May 06 2026 10:18:03,  877989 sec) Profile()            Sample 36 initiated at 181.5dbars for bin 42 [180dbars].  PTS/O2,T2,TPhase,RPhase,RawTemp/NO3/pH/FSig{},BbSig,TSig: 181.5dbars 12.8560C 33.8937PSU / 264.3uM 12.834C 34.652 7.845 376.314 / 6.0uM / -1.025401V / {  59   61}  101  555
(May 06 2026 10:22:42,  878268 sec) Profile()            Sample 37 initiated at 171.7dbars for bin 43 [170dbars].  PTS/O2,T2,TPhase,RPhase,RawTemp/NO3/pH/FSig{},BbSig,TSig: 171.7dbars 13.3914C 33.8944PSU / 266.2uM 13.362C 34.310 7.857 359.069 / 4.6uM / -1.024334V / {  62   66}  118  554
(May 06 2026 10:25:28,  878434 sec) AscentControlAgent() Bouyancy nudge to 135 (v=0.022dbar/sec).
(May 06 2026 10:25:28,  878434 sec) PistonMoveAbsWTO()    125->135 126 127 128 129 130 [30sec, 14.7Volts, 0.229Amps, CPT:1411sec]
(May 06 2026 10:26:09,  878475 sec) PistonMoveAbsWTO()    130->135 131 132 133 134 135 [23sec, 14.7Volts, 0.224Amps, CPT:1434sec]
(May 06 2026 10:28:14,  878600 sec) Profile()            Sample 38 initiated at 161.8dbars for bin 44 [160dbars].  PTS/O2,T2,TPhase,RPhase,RawTemp/NO3/pH/FSig{},BbSig,TSig: 161.8dbars 15.0388C 34.1414PSU / 273.1uM 14.941C 33.256 7.873 307.304 / 1.6uM / -1.020784V / {  81   89}  113  554
(May 06 2026 10:30:51,  878757 sec) Profile()            Sample 39 initiated at 151.7dbars for bin 45 [150dbars].  PTS/O2,T2,TPhase,RPhase,RawTemp/NO3/pH/FSig{},BbSig,TSig: 151.6dbars 15.6942C 34.2083PSU / 278.9uM 15.655C 32.678 7.887 283.867 / 0.6uM / -1.019459V / {  89  101}  124  552
(May 06 2026 10:33:18,  878904 sec) Profile()            Sample 40 initiated at 141.8dbars for bin 46 [140dbars].  PTS/O2,T2,TPhase,RPhase,RawTemp/NO3/pH/FSig{},BbSig,TSig: 141.7dbars 16.0261C 34.2489PSU / 283.1uM 15.994C 32.348 7.897 272.718 / 0.2uM / -1.018573V / {  97  105}  124  552
(May 06 2026 10:35:44,  879050 sec) Profile()            Sample 41 initiated at 131.8dbars for bin 47 [130dbars].  PTS/O2,T2,TPhase,RPhase,RawTemp/NO3/pH/FSig{},BbSig,TSig: 131.6dbars 16.4264C 34.3210PSU / 283.3uM 16.389C 32.165 7.903 259.713 / 0.4uM / -1.018207V / {  91  106}  119  551
(May 06 2026 10:38:11,  879197 sec) Profile()            Sample 42 initiated at 121.7dbars for bin 48 [120dbars].  PTS/O2,T2,TPhase,RPhase,RawTemp/NO3/pH/FSig{},BbSig,TSig: 121.5dbars 16.8023C 34.3782PSU / 275.9uM 16.774C 32.303 7.900 247.035 / 0.5uM / -1.018192V / { 106  121}  137  550
(May 06 2026 10:40:37,  879343 sec) Profile()            Sample 43 initiated at 111.8dbars for bin 49 [110dbars].  PTS/O2,T2,TPhase,RPhase,RawTemp/NO3/pH/FSig{},BbSig,TSig: 111.6dbars 17.0961C 34.4347PSU / 275.7uM 17.059C 32.186 7.905 237.648 / 0.5uM / -1.017652V / { 116  142}  140  549
(May 06 2026 10:43:15,  879501 sec) Profile()            Sample 44 initiated at 101.6dbars for bin 50 [100dbars].  PTS/O2,T2,TPhase,RPhase,RawTemp/NO3/pH/FSig{},BbSig,TSig: 101.6dbars 17.4268C 34.5024PSU / 278.0uM 17.411C 31.933 7.911 226.070 / 0.4uM / -1.017054V / { 125  149}  138  549
(May 06 2026 10:44:35,  879581 sec) Profile()            Sample 45 initiated at 96.9dbars for bin 51 [95dbars].  PTS/O2,T2,TPhase,RPhase,RawTemp/NO3/pH/FSig{},BbSig,TSig: 96.8dbars 17.5183C 34.5101PSU / 278.4uM 17.515C 31.872 7.919 222.653 / 0.4uM / -1.016746V / { 115  140}  134  548
(May 06 2026 10:46:06,  879672 sec) Profile()            Sample 46 initiated at 91.8dbars for bin 52 [90dbars].  PTS/O2,T2,TPhase,RPhase,RawTemp/NO3/pH/FSig{},BbSig,TSig: 91.7dbars 17.5778C 34.5257PSU / 279.8uM 17.574C 31.786 7.915 220.703 / 0.4uM / -1.016599V / {  80   92}  139  548
(May 06 2026 10:47:38,  879764 sec) Profile()            Sample 47 initiated at 86.7dbars for bin 53 [85dbars].  PTS/O2,T2,TPhase,RPhase,RawTemp/NO3/pH/FSig{},BbSig,TSig: 86.7dbars 17.4637C 34.4728PSU / 281.3uM 17.484C 31.764 7.918 223.678 / 0.4uM / -1.016582V / {  74   86}  127  547
(May 06 2026 10:49:20,  879866 sec) Profile()            Sample 48 initiated at 81.5dbars for bin 54 [80dbars].  PTS/O2,T2,TPhase,RPhase,RawTemp/NO3/pH/FSig{},BbSig,TSig: 81.4dbars 17.4895C 34.4660PSU / 281.4uM 17.507C 31.752 7.915 222.901 / 0.3uM / -1.016570V / {  72  101}  132  547
(May 06 2026 10:50:51,  879957 sec) Profile()            Sample 49 initiated at 76.9dbars for bin 55 [75dbars].  PTS/O2,T2,TPhase,RPhase,RawTemp/NO3/pH/FSig{},BbSig,TSig: 76.9dbars 17.4191C 34.4403PSU / 281.6uM 17.436C 31.773 7.908 225.258 / 0.4uM / -1.016587V / {  74   80}  136  547
(May 06 2026 10:52:34,  880060 sec) Profile()            Sample 50 initiated at 71.8dbars for bin 56 [70dbars].  PTS/O2,T2,TPhase,RPhase,RawTemp/NO3/pH/FSig{},BbSig,TSig: 71.8dbars 17.1351C 34.3175PSU / 282.9uM 17.156C 31.843 7.910 234.478 / 0.2uM / -1.016919V / {  71   76}  129  547
(May 06 2026 10:54:27,  880173 sec) Profile()            Sample 51 initiated at 66.9dbars for bin 57 [65dbars].  PTS/O2,T2,TPhase,RPhase,RawTemp/NO3/pH/FSig{},BbSig,TSig: 66.9dbars 17.0883C 34.2830PSU / 283.6uM 17.087C 31.843 7.906 236.740 / 0.2uM / -1.016874V / {  62   69}  124  547
(May 06 2026 10:56:31,  880297 sec) Profile()            Sample 52 initiated at 61.7dbars for bin 58 [60dbars].  PTS/O2,T2,TPhase,RPhase,RawTemp/NO3/pH/FSig{},BbSig,TSig: 61.7dbars 17.3279C 34.3344PSU / 283.4uM 17.299C 31.757 7.908 229.743 / 0.3uM / -1.016639V / {  59   59}  124  547
(May 06 2026 10:58:47,  880433 sec) Profile()            Sample 53 initiated at 56.7dbars for bin 59 [55dbars].  PTS/O2,T2,TPhase,RPhase,RawTemp/NO3/pH/FSig{},BbSig,TSig: 56.7dbars 17.4214C 34.3537PSU / 283.8uM 17.418C 31.690 7.907 225.822 / 0.4uM / -1.016477V / {  60   60}  125  547
(May 06 2026 11:01:02,  880568 sec) Profile()            Sample 54 initiated at 52.0dbars for bin 60 [50dbars].  PTS/O2,T2,TPhase,RPhase,RawTemp/NO3/pH/FSig{},BbSig,TSig: 51.9dbars 17.8336C 34.4548PSU / 283.6uM 17.801C 31.534 7.910 213.228 / 0.4uM / -1.016100V / {  58   59}  117  547
(May 06 2026 11:01:35,  880601 sec) AscentControlAgent() Bouyancy nudge to 140 (v=0.035dbar/sec).
(May 06 2026 11:01:36,  880602 sec) PistonMoveAbsWTO()    135->140 136 137 138 139 140 [25sec, 14.8Volts, 0.207Amps, CPT:1459sec]
(May 06 2026 11:03:21,  880707 sec) Profile()            Sample 55 initiated at 46.7dbars for bin 61 [45dbars].  PTS/O2,T2,TPhase,RPhase,RawTemp/NO3/pH/FSig{},BbSig,TSig: 46.6dbars 17.9063C 34.4651PSU / 284.0uM 17.902C 31.472 7.919 209.911 / 0.6uM / -1.015984V / {  56   53}  122  547
(May 06 2026 11:04:52,  880798 sec) Profile()            Sample 56 initiated at 41.5dbars for bin 62 [40dbars].  PTS/O2,T2,TPhase,RPhase,RawTemp/NO3/pH/FSig{},BbSig,TSig: 41.5dbars 18.1349C 34.5166PSU / 283.6uM 18.123C 31.395 7.919 202.635 / 0.5uM / -1.015903V / {  57   53}  129  546
(May 06 2026 11:06:23,  880889 sec) Profile()            Sample 57 initiated at 36.4dbars for bin 63 [35dbars].  PTS/O2,T2,TPhase,RPhase,RawTemp/NO3/pH/FSig{},BbSig,TSig: 36.4dbars 18.1602C 34.5208PSU / 283.7uM 18.159C 31.374 7.920 201.453 / 0.6uM / -1.015796V / {  55   55}  123  546
(May 06 2026 11:07:55,  880981 sec) Profile()            Sample 58 initiated at 31.5dbars for bin 64 [30dbars].  PTS/O2,T2,TPhase,RPhase,RawTemp/NO3/pH/FSig{},BbSig,TSig: 31.5dbars 18.0489C 34.4691PSU / 284.4uM 18.078C 31.382 7.922 204.099 / 0.6uM / -1.015787V / {  54   53}  117  546
(May 06 2026 11:09:37,  881083 sec) Profile()            Sample 59 initiated at 26.6dbars for bin 65 [25dbars].  PTS/O2,T2,TPhase,RPhase,RawTemp/NO3/pH/FSig{},BbSig,TSig: 26.6dbars 18.0800C 34.4583PSU / 284.4uM 18.084C 31.378 7.914 203.894 / 0.6uM / -1.015823V / {  55   56}  116  546
(May 06 2026 11:11:19,  881185 sec) Profile()            Sample 60 initiated at 21.6dbars for bin 66 [20dbars].  PTS/O2,T2,TPhase,RPhase,RawTemp/NO3/pH/FSig{},BbSig,TSig: 21.6dbars 18.1503C 34.4576PSU / 284.2uM 18.150C 31.360 7.917 201.751 / 0.6uM / -1.015775V / {  54   54}  114  546
(May 06 2026 11:12:40,  881266 sec) Profile()            Sample 61 initiated at 17.0dbars for bin 67 [15dbars].  PTS/O2,T2,TPhase,RPhase,RawTemp/NO3/pH/FSig{},BbSig,TSig: 16.9dbars 18.1736C 34.4553PSU / 284.1uM 18.169C 31.355 7.918 201.104 / 0.7uM / -1.015749V / {  53   51}  116  546
(May 06 2026 11:14:11,  881357 sec) Profile()            Sample 62 initiated at 11.6dbars for bin 68 [10dbars].  PTS/O2,T2,TPhase,RPhase,RawTemp/NO3/pH/FSig{},BbSig,TSig: 11.5dbars 18.1786C 34.4566PSU / 284.0uM 18.183C 31.353 7.921 200.642 / 0.7uM / -1.015677V / {  52   50}  112  546
(May 06 2026 11:15:20,  881426 sec) Profile()            Sample 63 initiated at 7.9dbars for bin 69 [6dbars].  PTS/O2,T2,TPhase,RPhase,RawTemp/NO3/pH/FSig{},BbSig,TSig: 7.8dbars 18.1816C 34.4559PSU / 284.0uM 18.185C 31.350 7.917 200.575 / 0.6uM / -1.015656V / {  55   52}  110  545
(May 06 2026 11:16:05,  881471 sec) SurfaceDetect()      SurfacePressure:0.2dbars Pressure:3.9dbars PistonPosition:140
(May 06 2026 11:16:06,  881472 sec) Sbe41cpStopCP()      Continuous profile stopped.
(May 06 2026 11:16:09,  881475 sec) PistonMoveAbsWTO()    140->162 141 142 143 144 145 146 147 148 149 150 151 152 153 154 155 156 157 158 159 160 161 162 [112sec, 14.7Volts, 0.189Amps, CPT:1571sec]
(May 06 2026 11:18:07,  881593 sec) chat()               Expected string [S>] not received.
(May 06 2026 11:19:56,  881702 sec) Sbe41cpBinAverage()  Finished averaging 12782 samples in 104 seconds.
(May 06 2026 11:20:01,  881707 sec) Sbe41cpUploadCP_()   Sbe41cpSerNo[20389] NSample[12782] NBin[493]
(May 06 2026 11:20:32,  881738 sec) Sbe41cpUploadCP_()   Continuous profile uploaded [493 lines].
(May 06 2026 11:20:46,  881752 sec) MscErrorLog_()       No error records to log.
(May 06 2026 11:20:56,  881762 sec) MscErrorLog_()       No error records to log.

<EOT>
