(Apr 16 2026 00:36:54,  881203 sec) TelemetryInit()      Profile 2. (Apf11 FwRev: 102725)
(Apr 16 2026 00:36:54,  881203 sec) TelemetryInit()      Charge consumption model: OCV:15.1V Wake-Cycles:2927 Standby:21.8days Wake:3.5kC Sensors:0.2kC
(Apr 16 2026 00:42:05,  881514 sec) GetSurfaceObs()      P/O2,T2,TPhase,RPhase,RawTemp/FSig{},BbSig,TSig: 0.4dbars / 281.3uM 19.108C 31.068 7.959 170.219 / {50,43},110,544
(Apr 16 2026 00:42:35,  881544 sec) GetSurfaceObs()      P/O2,T2,TPhase,RPhase,RawTemp/FSig{},BbSig,TSig: 0.4dbars / 282.2uM 19.088C 31.040 7.946 170.868 / {50,42},109,545
(Apr 16 2026 00:43:04,  881573 sec) GetSurfaceObs()      P/O2,T2,TPhase,RPhase,RawTemp/FSig{},BbSig,TSig: 0.4dbars / 282.1uM 19.075C 31.050 7.944 171.307 / {50,45},110,544
(Apr 16 2026 00:43:34,  881603 sec) GetSurfaceObs()      P/O2,T2,TPhase,RPhase,RawTemp/FSig{},BbSig,TSig: 0.4dbars / 281.9uM 19.098C 31.047 7.941 170.554 / {48,47},108,544
(Apr 16 2026 00:46:51,  881800 sec) AirSystem()          Battery [214cnt, 15.0V]  Current [24cnt, 93.9mA]  Pneumometer [156cnt, 18.3psi]  Run-Time [94s]
(Apr 16 2026 00:47:00,  881809 sec) GetSurfaceObs()      P/O2,T2,TPhase,RPhase,RawTemp/FSig{},BbSig,TSig: 0.1dbars / 276.3uM 20.080C 30.866 7.960 138.285 / {50,47},109,544
(Apr 16 2026 00:47:30,  881839 sec) GetSurfaceObs()      P/O2,T2,TPhase,RPhase,RawTemp/FSig{},BbSig,TSig: 0.2dbars / 273.5uM 20.184C 30.942 7.956 134.882 / {49,43},114,544
(Apr 16 2026 00:47:59,  881868 sec) GetSurfaceObs()      P/O2,T2,TPhase,RPhase,RawTemp/FSig{},BbSig,TSig: 0.2dbars / 275.4uM 19.963C 30.954 7.956 142.107 / {49,43},108,544
(Apr 16 2026 00:48:29,  881898 sec) GetSurfaceObs()      P/O2,T2,TPhase,RPhase,RawTemp/FSig{},BbSig,TSig: 0.2dbars / 275.3uM 20.167C 30.874 7.951 135.435 / {49,48},112,544
(Apr 16 2026 00:48:58,  881927 sec) GetSurfaceObs()      P/O2,T2,TPhase,RPhase,RawTemp/FSig{},BbSig,TSig: 0.2dbars / 273.2uM 20.199C 30.946 7.942 134.384 / {49,43},108,544
(Apr 16 2026 00:49:28,  881957 sec) GetSurfaceObs()      P/O2,T2,TPhase,RPhase,RawTemp/FSig{},BbSig,TSig: 0.2dbars / 276.3uM 20.171C 30.833 7.955 135.296 / {49,47},110,544
(Apr 16 2026 00:49:57,  881986 sec) GetSurfaceObs()      P/O2,T2,TPhase,RPhase,RawTemp/FSig{},BbSig,TSig: 0.2dbars / 273.5uM 20.587C 30.774 7.958 121.658 / {49,48},113,544
(Apr 16 2026 00:50:27,  882016 sec) GetSurfaceObs()      P/O2,T2,TPhase,RPhase,RawTemp/FSig{},BbSig,TSig: 0.2dbars / 271.4uM 20.698C 30.819 7.955 118.013 / {49,-17},107,544
(Apr 16 2026 00:50:35,  882024 sec) AirSystem()          Air-bladder inflation by-passed. Pneumatic Pressure: [156cnt, 18.3psi].
(Apr 16 2026 00:51:05,  882054 sec) GetSurfaceObs()      P/O2,T2,TPhase,RPhase,RawTemp/FSig{},BbSig,TSig: 0.3dbars / 277.9uM 20.277C 30.723 7.954 131.833 / {51,32},111,544
(Apr 16 2026 00:51:08,  882057 sec) GpsServices()        GPS almanac is current.
(Apr 16 2026 00:51:08,  882057 sec) GpsServices()        Initiating GPS fix acquisition.
(Apr 16 2026 00:51:13,  882062 sec) gga()                $GPGGA,005110,3253.2921,N,14007.2327,W,0,00,,,M,,M,,*43
(Apr 16 2026 00:51:25,  882074 sec) gga()                $GPGGA,005130,3253.2921,N,14007.2327,W,0,00,,,M,,M,,*41
(Apr 16 2026 00:51:26,  882075 sec) gga()                $GPGGA,005130,3253.2921,N,14007.2327,W,0,00,,,M,,M,,*41
(Apr 16 2026 00:51:35,  882084 sec) gga()                $GPGGA,005140,3253.2921,N,14007.2327,W,0,00,,,M,,M,,*46
(Apr 16 2026 00:51:56,  882105 sec) gga()                $GPGGA,005200,3256.2991,N,14020.2741,W,1,09,0.9,2.7,M,-29.4,M,,*76
(Apr 16 2026 00:51:56,  882105 sec) GpsServices()        Profile 2 GPS fix obtained in 48 seconds.
(Apr 16 2026 00:51:56,  882105 sec) GpsServices()                   lon      lat mm/dd/yyyy hhmmss nsat
(Apr 16 2026 00:51:56,  882105 sec) GpsServices()        Fix: -140.3379  32.9383 04/16/2026 005200    9
(Apr 16 2026 00:52:06,  882115 sec) gga()                $GPGGA,005210,3256.2998,N,14020.2740,W,1,09,0.9,1.7,M,-29.4,M,,*7C
(Apr 16 2026 00:52:15,  882124 sec) gga()                $GPGGA,005220,3256.3003,N,14020.2738,W,1,09,0.9,1.2,M,-29.4,M,,*7F
(Apr 16 2026 00:52:15,  882124 sec) GpsServices()        APF11 RTC skew (-5s) OK.
(Apr 16 2026 00:52:16,  882125 sec) GpsServices()        GPS services complete.
(Apr 16 2026 00:52:43,  882152 sec) IrGeoLoc()           <x,y,z>=<-4112km,-3436km,3440km> lat=32.873 lon=-140.118 IrSysTime=0x17bfff91
(Apr 16 2026 00:52:47,  882156 sec) CLogin()             Connecting to primary host.
(Apr 16 2026 00:52:56,  882165 sec) CLogin()             Connection 1 established in 9 seconds.
(Apr 16 2026 00:53:02,  882171 sec) login()              Login successful.
(Apr 16 2026 00:53:07,  882176 sec) CLogin()             Logged in to host.  [Login required 11 seconds]
(Apr 16 2026 00:53:08,  882177 sec) RxConfig()           Downloading "mission.cfg" from host.
(Apr 16 2026 00:53:20,  882189 sec) RxConfig()           Download successful: [bytes:33, sec:9.6, bps:3]
(Apr 16 2026 00:53:24,  882193 sec) WriteVitals_()       Writing vitals to "23394.002.msg".
(Apr 16 2026 00:53:31,  882200 sec) UpLoadFile()         Uploading "23394.002.log" to host.
(Apr 16 2026 00:54:53,  882282 sec) readline()           Time-out expired, aborting ZMODEM transfer.
(Apr 16 2026 00:54:53,  882282 sec) UpLoadFile()         Upload failed.
(Apr 16 2026 00:56:21,  882370 sec) CLogin()             Connecting to primary host.
(Apr 16 2026 00:56:26,  882375 sec) chat()               Expected string [OK] not received.
(Apr 16 2026 00:56:41,  882390 sec) CLogin()             Connection 2 established in 20 seconds.
(Apr 16 2026 00:56:47,  882396 sec) login()              Login successful.
(Apr 16 2026 00:56:51,  882400 sec) CLogin()             Logged in to host.  [Login required 10 seconds]
(Apr 16 2026 00:56:53,  882402 sec) UpLoadFile()         Uploading "23394.002.log" to host.
(Apr 16 2026 00:59:01,  882530 sec) UpLoadFile()         Upload successful: [bytes:40640, sec:127.7, bps:318]
(Apr 16 2026 00:59:02,  882531 sec) fmove()              Moved: 23394.002.log -> archive/23394.002.log
(Apr 16 2026 00:59:05,  882534 sec) UpLoadFile()         Uploading "23394.002.msg" to host.
(Apr 16 2026 01:01:21,  882670 sec) UpLoadFile()         Upload successful: [bytes:41894, sec:135.8, bps:308]
(Apr 16 2026 01:01:22,  882671 sec) fmove()              Moved: 23394.002.msg -> archive/23394.002.msg
(Apr 16 2026 01:01:28,  882677 sec) UpLoadFile()         Uploading "23394.002.isus" to host.
(Apr 16 2026 01:02:47,  882756 sec) UpLoadFile()         Upload successful: [bytes:23653, sec:79.1, bps:299]
(Apr 16 2026 01:02:48,  882757 sec) fmove()              Moved: 23394.002.isus -> archive/23394.002.isus
(Apr 16 2026 01:02:51,  882760 sec) UpLoadFile()         Uploading "23394.002.dura" to host.
(Apr 16 2026 01:02:54,  882763 sec) Spi1CsPulse()        Chip-select pulse failed for SPI1 device 4.
(Apr 16 2026 01:02:54,  882763 sec) Max3109RegModify()   Configuration failure for register(0x0b): 0x32 != 0x03 (expected).
(Apr 16 2026 01:02:56,  882765 sec) Max3109RegModify()   Configuration failure for register(0x0b): 0x00 != 0x03 (expected).
(Apr 16 2026 01:03:34,  882803 sec) UpLoadFile()         Upload successful: [bytes:11650, sec:42.3, bps:275]
(Apr 16 2026 01:03:35,  882804 sec) fmove()              Moved: 23394.002.dura -> archive/23394.002.dura
(Apr 16 2026 01:03:36,  882805 sec) UpLoad()             Files successfully uploaded: 4
(Apr 16 2026 01:03:36,  882805 sec) UpLoad()             Upload complete.
(Apr 16 2026 01:03:43,  882812 sec) chat()               Expected string [logout] not received.
(Apr 16 2026 01:03:43,  882812 sec) logout()             Attempt to log-out failed.
(Apr 16 2026 01:03:43,  882812 sec) logout()             No carrier detected.
(Apr 16 2026 01:03:43,  882812 sec) Telemetry()          Telemetry cycle complete: PrfId=2 ConnectionAttempts=2  Connections=2
(Apr 16 2026 01:03:43,  882812 sec) TelemetryTerminate() Parsing new mission configuration.
(Apr 16 2026 01:03:44,  882813 sec) configure()          Parsing configurators in "mission.cfg".
(Apr 16 2026 01:03:44,  882813 sec) configure()             TelemetryRetry(15)      [0x7BBC] [TelemetryRetry(15)].
(Apr 16 2026 01:03:44,  882813 sec) configure()          Configuration CRCs and syntax OK.
(Apr 16 2026 01:03:44,  882813 sec) ConfigSupervisor()   Configuration accepted.
(Apr 16 2026 01:03:44,  882813 sec) TelemetryTerminate() Reconditioning the file system.
(Apr 16 2026 01:03:47,       0 sec) DescentInit()        Deep profile 3 initiated at mission-time 882816sec.
(Apr 16 2026 01:03:48,       1 sec) DescentInit()        Surface pressure: 0.2dbars.
(Apr 16 2026 01:03:48,       1 sec) DescentInit()        Charge consumption model: OCV:14.9V Wake-Cycles:2928 Standby:21.8days Wake:3.5kC Sleep:0.2kC
(Apr 16 2026 01:04:00,      13 sec) DescentInit()        Pneumatic humidity: 983(4.8%) -> 1014(5.7%)
(Apr 16 2026 01:04:00,      13 sec) PistonMoveAbsWTO()    164->040 163 162 161 160 159 158 157 156 155 154 153 152 151 150 149 148 147 146 145 144 143 142 141 140 139 138 137 136 135 134 133 132 131 130 129 128 127 126 125 124 123 122 121 120 119 118 117 116 115 114 113 112 111 110 109 108 107 106 105 104 103 102 101 100 099 098 097 096 095 094 093 092 091 090 089 088 087 086 085 084 083 082 081 080 079 078 077 076 075 074 073 072 071 070 069 068 067 066 065 064 063 062 061 060 059 058 057 056 055 054 053 052 051 050 049 048 047 046 045 044 043 042 041 040 [636sec, 14.8Volts, 0.149Amps, CPT:636sec]
(Apr 16 2026 01:14:40,     653 sec) DescentInit()        Air solenoid open: Barometer [204cnt,  12.0psi]  Pneumometer [104cnt,  12.2psi]
(Apr 16 2026 01:14:50,     663 sec) Descent()            Pressure: 59.9
(Apr 16 2026 02:03:47,    3600 sec) Descent()            Pressure: 518.5
(Apr 16 2026 03:03:47,    7200 sec) Descent()            Pressure: 870.7
(Apr 16 2026 04:03:47,   10800 sec) Descent()            Pressure: 990.3
(Apr 16 2026 05:03:47,   14400 sec) Descent()            Pressure: 1001.9
(Apr 16 2026 05:03:48,   14401 sec) ParkInit()           Charge consumption model: OCV:15.4V Wake-Cycles:2933 Standby:22.0days Wake:3.8kC Sensors:0.2kC
(Apr 17 2026 18:03:54,  147607 sec) Park()               ParkPOutOfBand[3, 1011.3 dbars]: extend piston.
(Apr 17 2026 18:03:55,  147608 sec) PistonMoveAbsWTO()    040->041 041 [2sec, 14.8Volts, 0.447Amps, CPT:638sec]
(Apr 23 2026 08:04:00,  630013 sec) FlbbSample()         Timeout period expired.
(Apr 25 2026 21:04:19,  849632 sec) CtdPower()           [ 1008.27,  3.7118, 34.4044]
(Apr 25 2026 21:04:19,  849632 sec) CtdPower()           CTD Power consumption [216VCnt 3ACnt]: 15.157Volts * 0.012Amps = 0.19Watts.
(Apr 25 2026 21:04:23,  849636 sec) ParkTerminate()      Piston Position:41 Vacuum:192 HumidityAd12:990(5.0%) Vq:218 Aq:2 Vsbe:216 Asbe:3 Vflbb:211 Aflbb:13 Vopt:211 Aopt:12 MuxTemp:2.695C MuxHumidity:0.0%
(Apr 25 2026 21:04:53,  849666 sec) ParkTerminate()      PTS/O2,T2,TPhase,RawTemp: 1008.3dbars 3.7121C 34.4042PSU / 12.3uM 3.702C 60.716 7.548 665.572
(Apr 25 2026 21:04:53,  849666 sec) ParkTerminate()      FLBB FSig{}, BbSig, TSig: {55, 69} 91, 568
(Apr 25 2026 21:04:54,  849667 sec) GoDeepInit()         Charge consumption model: OCV:15.3V Wake-Cycles:3165 Standby:31.6days Wake:4.1kC Sensors:0.2kC
(Apr 25 2026 21:04:54,  849667 sec) GoDeepInit()         Moving piston.
(Apr 25 2026 21:04:54,  849667 sec) PistonMoveAbsWTO()    041->014 040 039 038 037 036 035 034 033 032 031 030 029 028 027 026 025 024 023 022 021 020 019 018 017 016 015 014 [134sec, 14.9Volts, 0.080Amps, CPT:772sec]
(Apr 26 2026 01:03:47,  864000 sec) ProfileInit()        Charge consumption model: OCV:15.3V Wake-Cycles:3213 Standby:31.8days Wake:4.1kC Sensors:0.2kC
(Apr 26 2026 01:03:47,  864000 sec) ProfileInit()        PrfId:003  Pressure:1391.8dbar  pTable[7]:1300dbar
(Apr 26 2026 01:03:49,  864002 sec) ProfileInit()        Muxer PPIs K{1,2} quiescent: 15.19V, -0.1mA, -1.5mW
(Apr 26 2026 01:03:53,  864006 sec) ProfileInit()        ISUS powered up.
(Apr 26 2026 01:03:56,  864009 sec) ProfileInit()        Muxer PPIs K{1,2} w/ ISUS awake: 15.02V, 49.3mA, 740.3mW
(Apr 26 2026 01:04:03,  864016 sec) MscErrorLog_()       No error records to log.
(Apr 26 2026 01:04:09,  864022 sec) ProfileInit()        DURA powered up.
(Apr 26 2026 01:04:13,  864026 sec) ProfileInit()        Muxer PPIs K{1,2} w/ DURA awake: 15.05V, 49.4mA, 743.6mW
(Apr 26 2026 01:04:19,  864032 sec) MscErrorLog_()       No error records to log.
(Apr 26 2026 01:04:24,  864037 sec) PistonMoveAbsWTO()    014->036 015 016 017 018 019 [30sec, 14.5Volts, 0.490Amps, CPT:802sec]
(Apr 26 2026 01:05:05,  864078 sec) PistonMoveAbsWTO()    020->036 021 022 023 024 025 [30sec, 14.3Volts, 0.490Amps, CPT:832sec]
(Apr 26 2026 01:05:46,  864119 sec) PistonMoveAbsWTO()    025->036 026 027 028 029 030 [30sec, 14.1Volts, 0.494Amps, CPT:862sec]
(Apr 26 2026 01:06:27,  864160 sec) PistonMoveAbsWTO()    030->036 031 032 033 034 035 [30sec, 14.1Volts, 0.496Amps, CPT:892sec]
(Apr 26 2026 01:07:08,  864201 sec) PistonMoveAbsWTO()    035->036 036 [3sec, 14.1Volts, 0.503Amps, CPT:895sec]
(Apr 26 2026 01:21:54,  865087 sec) Profile()            Sample 0 initiated at 1301.2dbars for bin 7 [1300dbars].  PTS/O2,T2,TPhase,RPhase,RawTemp/NO3/pH/FSig{},BbSig,TSig: 1299.3dbars 3.0848C 34.5055PSU / 35.4uM 3.075C 57.580 7.612 684.594 / 42.7uM / -1.064106V / {  53   66}   89  569
(Apr 26 2026 01:39:24,  866137 sec) AscentControlAgent() Bouyancy nudge to 46 (v=0.074dbar/sec).
(Apr 26 2026 01:39:24,  866137 sec) PistonMoveAbsWTO()    036->046 037 038 039 040 041 [30sec, 14.5Volts, 0.452Amps, CPT:925sec]
(Apr 26 2026 01:40:05,  866178 sec) PistonMoveAbsWTO()    041->046 042 043 044 045 046 [26sec, 14.4Volts, 0.445Amps, CPT:951sec]
(Apr 26 2026 01:41:50,  866283 sec) Profile()            Sample 1 initiated at 1201.3dbars for bin 8 [1200dbars].  PTS/O2,T2,TPhase,RPhase,RawTemp/NO3/pH/FSig{},BbSig,TSig: 1199.2dbars 3.2898C 34.4793PSU / 27.4uM 3.280C 58.606 7.625 678.398 / 43.0uM / -1.064353V / {  56   68}   95  569
(Apr 26 2026 01:59:54,  867367 sec) Profile()            Sample 2 initiated at 1101.4dbars for bin 9 [1100dbars].  PTS/O2,T2,TPhase,RPhase,RawTemp/NO3/pH/FSig{},BbSig,TSig: 1099.7dbars 3.4975C 34.4464PSU / 20.1uM 3.488C 59.591 7.635 672.082 / 43.3uM / -1.064536V / {  55   66}   95  569
(Apr 26 2026 02:05:04,  867677 sec) AscentControlAgent() Bouyancy nudge to 56 (v=0.076dbar/sec).
(Apr 26 2026 02:05:04,  867677 sec) PistonMoveAbsWTO()    046->056 047 048 049 050 051 [30sec, 14.5Volts, 0.427Amps, CPT:981sec]
(Apr 26 2026 02:05:45,  867718 sec) PistonMoveAbsWTO()    051->056 052 053 054 055 056 [25sec, 14.4Volts, 0.428Amps, CPT:1006sec]
(Apr 26 2026 02:18:43,  868496 sec) Profile()            Sample 3 initiated at 1001.8dbars for bin 10 [1000dbars].  PTS/O2,T2,TPhase,RPhase,RawTemp/NO3/pH/FSig{},BbSig,TSig: 1000.1dbars 3.7262C 34.3991PSU / 12.0uM 3.716C 60.763 7.639 665.151 / 43.5uM / -1.064864V / {  55   68}   89  568
(Apr 26 2026 02:22:49,  868742 sec) Sbe41cpStartCP()     Continuous profile started.
(Apr 26 2026 02:25:24,  868897 sec) AscentControlAgent() Bouyancy nudge to 66 (v=0.074dbar/sec).
(Apr 26 2026 02:25:25,  868898 sec) PistonMoveAbsWTO()    056->066 057 058 059 060 061 [30sec, 14.5Volts, 0.402Amps, CPT:1036sec]
(Apr 26 2026 02:26:06,  868939 sec) PistonMoveAbsWTO()    061->066 062 063 064 065 066 [25sec, 14.3Volts, 0.397Amps, CPT:1061sec]
(Apr 26 2026 02:28:45,  869098 sec) Profile()            Sample 4 initiated at 952.0dbars for bin 11 [950dbars].  PTS/O2,T2,TPhase,RPhase,RawTemp/NO3/pH/FSig{},BbSig,TSig: 951.9dbars 3.9096C 34.3622PSU / 10.1uM 3.896C 61.025 7.642 659.662 / 43.4uM / -1.064969V / {  57   69}   89  568
(Apr 26 2026 02:36:41,  869574 sec) Profile()            Sample 5 initiated at 901.6dbars for bin 12 [900dbars].  PTS/O2,T2,TPhase,RPhase,RawTemp/NO3/pH/FSig{},BbSig,TSig: 901.5dbars 4.0497C 34.3239PSU / 9.8uM 4.036C 61.066 7.646 655.370 / 43.3uM / -1.064877V / {  56   70}   88  568
(Apr 26 2026 02:44:59,  870072 sec) Profile()            Sample 6 initiated at 851.1dbars for bin 13 [850dbars].  PTS/O2,T2,TPhase,RPhase,RawTemp/NO3/pH/FSig{},BbSig,TSig: 851.0dbars 4.1907C 34.2874PSU / 11.1uM 4.178C 60.837 7.650 651.038 / 43.0uM / -1.064599V / {  55   68}   89  568
(Apr 26 2026 02:50:52,  870425 sec) AscentControlAgent() Bouyancy nudge to 76 (v=0.077dbar/sec).
(Apr 26 2026 02:50:52,  870425 sec) PistonMoveAbsWTO()    066->076 067 068 069 070 071 [30sec, 14.5Volts, 0.364Amps, CPT:1091sec]
(Apr 26 2026 02:51:33,  870466 sec) PistonMoveAbsWTO()    071->076 072 073 074 075 076 [24sec, 14.4Volts, 0.363Amps, CPT:1115sec]
(Apr 26 2026 02:54:45,  870658 sec) Profile()            Sample 7 initiated at 801.8dbars for bin 14 [800dbars].  PTS/O2,T2,TPhase,RPhase,RawTemp/NO3/pH/FSig{},BbSig,TSig: 801.8dbars 4.3553C 34.2480PSU / 13.9uM 4.341C 60.388 7.651 646.058 / 42.7uM / -1.064195V / {  56   68}   90  567
(Apr 26 2026 03:03:58,  871211 sec) Profile()            Sample 8 initiated at 751.0dbars for bin 15 [750dbars].  PTS/O2,T2,TPhase,RPhase,RawTemp/NO3/pH/FSig{},BbSig,TSig: 750.9dbars 4.4943C 34.2179PSU / 17.2uM 4.481C 59.854 7.655 641.750 / 42.3uM / -1.063506V / {  54   67}   90  567
(Apr 26 2026 03:13:00,  871753 sec) Profile()            Sample 9 initiated at 701.4dbars for bin 16 [700dbars].  PTS/O2,T2,TPhase,RPhase,RawTemp/NO3/pH/FSig{},BbSig,TSig: 701.3dbars 4.6198C 34.1875PSU / 22.0uM 4.606C 59.112 7.658 637.906 / 42.1uM / -1.062767V / {  53   67}   90  567
(Apr 26 2026 03:21:16,  872249 sec) AscentControlAgent() Bouyancy nudge to 86 (v=0.064dbar/sec).
(Apr 26 2026 03:21:16,  872249 sec) PistonMoveAbsWTO()    076->086 077 078 079 080 081 [30sec, 14.5Volts, 0.328Amps, CPT:1145sec]
(Apr 26 2026 03:21:57,  872290 sec) PistonMoveAbsWTO()    081->086 082 083 084 085 086 [24sec, 14.4Volts, 0.332Amps, CPT:1169sec]
(Apr 26 2026 03:24:24,  872437 sec) Profile()            Sample 10 initiated at 651.9dbars for bin 17 [650dbars].  PTS/O2,T2,TPhase,RPhase,RawTemp/NO3/pH/FSig{},BbSig,TSig: 651.9dbars 4.8346C 34.1425PSU / 31.3uM 4.823C 57.729 7.667 631.247 / 41.0uM / -1.061555V / {  54   66}   89  567
(Apr 26 2026 03:26:26,  872559 sec) AscentControlAgent() Bouyancy nudge to 96 (v=0.077dbar/sec).
(Apr 26 2026 03:26:26,  872559 sec) PistonMoveAbsWTO()    086->096 087 088 089 090 091 [30sec, 14.4Volts, 0.327Amps, CPT:1199sec]
(Apr 26 2026 03:27:07,  872600 sec) PistonMoveAbsWTO()    091->096 092 093 094 095 096 [25sec, 14.4Volts, 0.326Amps, CPT:1224sec]
(Apr 26 2026 03:33:15,  872968 sec) Profile()            Sample 11 initiated at 601.0dbars for bin 18 [600dbars].  PTS/O2,T2,TPhase,RPhase,RawTemp/NO3/pH/FSig{},BbSig,TSig: 600.9dbars 5.2723C 34.0886PSU / 46.2uM 5.259C 55.593 7.672 617.778 / 39.3uM / -1.059771V / {  52   65}   91  566
(Apr 26 2026 03:41:03,  873436 sec) Profile()            Sample 12 initiated at 551.9dbars for bin 19 [550dbars].  PTS/O2,T2,TPhase,RPhase,RawTemp/NO3/pH/FSig{},BbSig,TSig: 551.8dbars 5.5186C 34.0427PSU / 67.1uM 5.504C 52.948 7.679 610.190 / 37.7uM / -1.057325V / {  53   65}   88  566
(Apr 26 2026 03:50:21,  873994 sec) Profile()            Sample 13 initiated at 501.8dbars for bin 20 [500dbars].  PTS/O2,T2,TPhase,RPhase,RawTemp/NO3/pH/FSig{},BbSig,TSig: 501.6dbars 6.0462C 34.0277PSU / 78.7uM 6.034C 51.442 7.698 593.721 / 35.9uM / -1.055336V / {  54   64}   92  565
(Apr 26 2026 03:56:49,  874382 sec) AscentControlAgent() Bouyancy nudge to 106 (v=0.074dbar/sec).
(Apr 26 2026 03:56:49,  874382 sec) PistonMoveAbsWTO()    096->106 097 098 099 100 101 [30sec, 14.6Volts, 0.296Amps, CPT:1254sec]
(Apr 26 2026 03:57:30,  874423 sec) PistonMoveAbsWTO()    101->106 102 103 104 105 106 [24sec, 14.5Volts, 0.293Amps, CPT:1278sec]
(Apr 26 2026 04:00:42,  874615 sec) Profile()            Sample 14 initiated at 451.5dbars for bin 21 [450dbars].  PTS/O2,T2,TPhase,RPhase,RawTemp/NO3/pH/FSig{},BbSig,TSig: 451.4dbars 6.6529C 33.9871PSU / 114.7uM 6.639C 47.581 7.712 574.805 / 32.2uM / -1.050904V / {  53   63}   90  564
(Apr 26 2026 04:10:09,  875182 sec) Profile()            Sample 15 initiated at 401.9dbars for bin 22 [400dbars].  PTS/O2,T2,TPhase,RPhase,RawTemp/NO3/pH/FSig{},BbSig,TSig: 401.8dbars 7.3393C 33.9580PSU / 154.1uM 7.327C 43.987 7.735 553.196 / 27.8uM / -1.045304V / {  52   60}   94  563
(Apr 26 2026 04:14:04,  875417 sec) Profile()            Sample 16 initiated at 381.6dbars for bin 23 [380dbars].  PTS/O2,T2,TPhase,RPhase,RawTemp/NO3/pH/FSig{},BbSig,TSig: 381.5dbars 7.6515C 33.9546PSU / 170.6uM 7.636C 42.637 7.741 543.460 / 26.4uM / -1.043650V / {  51   57}   92  563
(Apr 26 2026 04:18:10,  875663 sec) Profile()            Sample 17 initiated at 361.3dbars for bin 24 [360dbars].  PTS/O2,T2,TPhase,RPhase,RawTemp/NO3/pH/FSig{},BbSig,TSig: 361.2dbars 7.9253C 33.9531PSU / 191.2uM 7.908C 41.121 7.747 534.838 / 23.5uM / -1.040237V / {  51   56}   93  562
(Apr 26 2026 04:20:14,  875787 sec) Profile()            Sample 18 initiated at 351.8dbars for bin 25 [350dbars].  PTS/O2,T2,TPhase,RPhase,RawTemp/NO3/pH/FSig{},BbSig,TSig: 351.7dbars 8.1543C 33.9589PSU / 201.6uM 8.140C 40.358 7.754 527.513 / 23.1uM / -1.039714V / {  52   56}   93  562
(Apr 26 2026 04:22:29,  875922 sec) Profile()            Sample 19 initiated at 341.9dbars for bin 26 [340dbars].  PTS/O2,T2,TPhase,RPhase,RawTemp/NO3/pH/FSig{},BbSig,TSig: 341.8dbars 8.3153C 33.9626PSU / 206.0uM 8.291C 40.015 7.753 522.692 / 22.1uM / -1.038342V / {  50   53}   93  562
(Apr 26 2026 04:22:30,  875923 sec) AscentControlAgent() Bouyancy nudge to 116 (v=0.075dbar/sec).
(Apr 26 2026 04:22:30,  875923 sec) PistonMoveAbsWTO()    106->116 107 108 109 110 111 [30sec, 14.5Volts, 0.265Amps, CPT:1308sec]
(Apr 26 2026 04:23:11,  875964 sec) PistonMoveAbsWTO()    111->116 112 113 114 115 116 [24sec, 14.5Volts, 0.261Amps, CPT:1332sec]
(Apr 26 2026 04:24:34,  876047 sec) Profile()            Sample 20 initiated at 331.7dbars for bin 27 [330dbars].  PTS/O2,T2,TPhase,RPhase,RawTemp/NO3/pH/FSig{},BbSig,TSig: 331.6dbars 8.4529C 33.9641PSU / 212.2uM 8.437C 39.573 7.759 518.083 / 21.8uM / -1.038150V / {  50   55}   91  562
(Apr 26 2026 04:26:16,  876149 sec) Profile()            Sample 21 initiated at 321.5dbars for bin 28 [320dbars].  PTS/O2,T2,TPhase,RPhase,RawTemp/NO3/pH/FSig{},BbSig,TSig: 321.5dbars 8.6557C 33.9645PSU / 210.2uM 8.635C 39.588 7.759 511.782 / 21.1uM / -1.037553V / {  50   53}   93  561
(Apr 26 2026 04:27:58,  876251 sec) Profile()            Sample 22 initiated at 311.9dbars for bin 29 [310dbars].  PTS/O2,T2,TPhase,RPhase,RawTemp/NO3/pH/FSig{},BbSig,TSig: 311.8dbars 8.7895C 33.9609PSU / 215.9uM 8.776C 39.183 7.766 507.267 / 20.7uM / -1.037284V / {  50   54}   94  561
(Apr 26 2026 04:29:52,  876365 sec) Profile()            Sample 23 initiated at 301.6dbars for bin 30 [300dbars].  PTS/O2,T2,TPhase,RPhase,RawTemp/NO3/pH/FSig{},BbSig,TSig: 301.6dbars 9.1457C 33.9772PSU / 224.4uM 9.127C 38.526 7.775 496.086 / 19.1uM / -1.035689V / {  51   50}   91  561
(Apr 26 2026 04:31:56,  876489 sec) Profile()            Sample 24 initiated at 291.2dbars for bin 31 [290dbars].  PTS/O2,T2,TPhase,RPhase,RawTemp/NO3/pH/FSig{},BbSig,TSig: 291.2dbars 9.5156C 33.9845PSU / 232.0uM 9.487C 37.929 7.781 484.555 / 17.8uM / -1.034228V / {  50   52}   93  561
(Apr 26 2026 04:34:01,  876614 sec) Profile()            Sample 25 initiated at 281.4dbars for bin 32 [280dbars].  PTS/O2,T2,TPhase,RPhase,RawTemp/NO3/pH/FSig{},BbSig,TSig: 281.3dbars 9.7135C 33.9700PSU / 236.1uM 9.717C 37.591 7.788 477.198 / 17.3uM / -1.033937V / {  51   50}   99  560
(Apr 26 2026 04:36:16,  876749 sec) Profile()            Sample 26 initiated at 271.2dbars for bin 33 [270dbars].  PTS/O2,T2,TPhase,RPhase,RawTemp/NO3/pH/FSig{},BbSig,TSig: 271.1dbars 9.9536C 33.9685PSU / 237.6uM 9.939C 37.402 7.778 470.055 / 16.3uM / -1.033094V / {  50   50}   91  560
(Apr 26 2026 04:38:31,  876884 sec) Profile()            Sample 27 initiated at 261.7dbars for bin 34 [260dbars].  PTS/O2,T2,TPhase,RPhase,RawTemp/NO3/pH/FSig{},BbSig,TSig: 261.6dbars 10.0056C 33.9085PSU / 236.8uM 10.003C 37.412 7.778 468.021 / 16.4uM / -1.033489V / {  50   50}   93  559
(Apr 26 2026 04:38:32,  876885 sec) AscentControlAgent() Bouyancy nudge to 126 (v=0.073dbar/sec).
(Apr 26 2026 04:38:32,  876885 sec) PistonMoveAbsWTO()    116->126 117 118 119 120 121 [30sec, 14.6Volts, 0.247Amps, CPT:1362sec]
(Apr 26 2026 04:39:13,  876926 sec) PistonMoveAbsWTO()    121->126 122 123 124 125 126 [22sec, 14.5Volts, 0.245Amps, CPT:1384sec]
(Apr 26 2026 04:40:34,  877007 sec) Profile()            Sample 28 initiated at 251.6dbars for bin 35 [250dbars].  PTS/O2,T2,TPhase,RPhase,RawTemp/NO3/pH/FSig{},BbSig,TSig: 251.5dbars 10.1500C 33.8846PSU / 236.8uM 10.143C 37.336 7.791 463.498 / 15.6uM / -1.033039V / {  50   50}   95  559
(Apr 26 2026 04:42:16,  877109 sec) Profile()            Sample 29 initiated at 240.9dbars for bin 36 [240dbars].  PTS/O2,T2,TPhase,RPhase,RawTemp/NO3/pH/FSig{},BbSig,TSig: 240.8dbars 10.4482C 33.8746PSU / 240.1uM 10.415C 37.027 7.796 454.743 / 14.5uM / -1.032119V / {  50   50}   93  559
(Apr 26 2026 04:43:47,  877200 sec) Profile()            Sample 30 initiated at 231.5dbars for bin 37 [230dbars].  PTS/O2,T2,TPhase,RPhase,RawTemp/NO3/pH/FSig{},BbSig,TSig: 231.3dbars 10.7638C 33.8524PSU / 243.0uM 10.710C 36.733 7.801 445.237 / 13.4uM / -1.031155V / {  50   50}   93  559
(Apr 26 2026 04:45:30,  877303 sec) Profile()            Sample 31 initiated at 221.8dbars for bin 38 [220dbars].  PTS/O2,T2,TPhase,RPhase,RawTemp/NO3/pH/FSig{},BbSig,TSig: 221.6dbars 10.8742C 33.8469PSU / 245.4uM 10.859C 36.536 7.812 440.420 / 12.7uM / -1.030784V / {  49   50}   93  558
(Apr 26 2026 04:47:23,  877416 sec) Profile()            Sample 32 initiated at 211.8dbars for bin 39 [210dbars].  PTS/O2,T2,TPhase,RPhase,RawTemp/NO3/pH/FSig{},BbSig,TSig: 211.7dbars 11.1479C 33.8020PSU / 248.3uM 11.126C 36.255 7.817 431.785 / 11.5uM / -1.029907V / {  50   53}   98  558
(Apr 26 2026 04:49:39,  877552 sec) Profile()            Sample 33 initiated at 201.2dbars for bin 40 [200dbars].  PTS/O2,T2,TPhase,RPhase,RawTemp/NO3/pH/FSig{},BbSig,TSig: 201.1dbars 11.5538C 33.7623PSU / 251.2uM 11.503C 35.923 7.802 419.586 / 9.9uM / -1.028864V / {  50   57}  106  558
(Apr 26 2026 04:52:16,  877709 sec) Profile()            Sample 34 initiated at 191.7dbars for bin 41 [190dbars].  PTS/O2,T2,TPhase,RPhase,RawTemp/NO3/pH/FSig{},BbSig,TSig: 191.7dbars 11.9387C 33.7559PSU / 255.7uM 11.914C 35.504 7.828 406.253 / 8.5uM / -1.027803V / {  53   56}   97  557
(Apr 26 2026 04:55:27,  877900 sec) Profile()            Sample 35 initiated at 181.8dbars for bin 42 [180dbars].  PTS/O2,T2,TPhase,RPhase,RawTemp/NO3/pH/FSig{},BbSig,TSig: 181.8dbars 12.3800C 33.7704PSU / 258.9uM 12.352C 35.138 7.837 392.012 / 7.1uM / -1.026493V / {  58   62}  100  556
(Apr 26 2026 04:58:56,  878109 sec) AscentControlAgent() Bouyancy nudge to 136 (v=0.040dbar/sec).
(Apr 26 2026 04:58:57,  878110 sec) PistonMoveAbsWTO()    126->136 127 128 129 130 131 132 [30sec, 14.7Volts, 0.225Amps, CPT:1414sec]
(Apr 26 2026 05:00:14,  878187 sec) Profile()            Sample 36 initiated at 171.1dbars for bin 43 [170dbars].  PTS/O2,T2,TPhase,RPhase,RawTemp/NO3/pH/FSig{},BbSig,TSig: 171.0dbars 13.1797C 33.7797PSU / 263.3uM 13.092C 34.571 7.856 367.874 / 5.1uM / -1.024712V / {  68   69}  106  555
(Apr 26 2026 05:00:14,  878187 sec) PistonMoveAbsWTO()    132->136 133 134 135 136 [22sec, 14.6Volts, 0.229Amps, CPT:1436sec]
(Apr 26 2026 05:02:51,  878344 sec) Profile()            Sample 37 initiated at 161.4dbars for bin 44 [160dbars].  PTS/O2,T2,TPhase,RPhase,RawTemp/NO3/pH/FSig{},BbSig,TSig: 161.4dbars 13.9553C 33.8550PSU / 267.9uM 13.935C 33.958 7.867 340.307 / 3.4uM / -1.023146V / {  84   97}  124  555
(Apr 26 2026 05:05:18,  878491 sec) Profile()            Sample 38 initiated at 151.5dbars for bin 45 [150dbars].  PTS/O2,T2,TPhase,RPhase,RawTemp/NO3/pH/FSig{},BbSig,TSig: 151.4dbars 14.7754C 33.9683PSU / 270.4uM 14.717C 33.479 7.871 314.658 / 2.3uM / -1.021612V / {  97  106}  122  554
(Apr 26 2026 05:07:55,  878648 sec) Profile()            Sample 39 initiated at 141.7dbars for bin 46 [140dbars].  PTS/O2,T2,TPhase,RPhase,RawTemp/NO3/pH/FSig{},BbSig,TSig: 141.6dbars 15.5206C 34.0769PSU / 272.1uM 15.444C 33.067 7.890 290.779 / 1.6uM / -1.020244V / { 114  130}  137  553
(Apr 26 2026 05:10:55,  878828 sec) Profile()            Sample 40 initiated at 131.4dbars for bin 47 [130dbars].  PTS/O2,T2,TPhase,RPhase,RawTemp/NO3/pH/FSig{},BbSig,TSig: 131.3dbars 16.2701C 34.2198PSU / 274.8uM 16.237C 32.590 7.902 264.717 / 0.8uM / -1.019086V / { 130  158}  148  552
(Apr 26 2026 05:13:32,  878985 sec) Profile()            Sample 41 initiated at 121.8dbars for bin 48 [120dbars].  PTS/O2,T2,TPhase,RPhase,RawTemp/NO3/pH/FSig{},BbSig,TSig: 121.9dbars 16.9170C 34.3300PSU / 277.0uM 16.873C 32.215 7.913 243.789 / 0.2uM / -1.017842V / { 160  196}  169  551
(Apr 26 2026 05:16:32,  879165 sec) Profile()            Sample 42 initiated at 111.5dbars for bin 49 [110dbars].  PTS/O2,T2,TPhase,RPhase,RawTemp/NO3/pH/FSig{},BbSig,TSig: 111.4dbars 17.2787C 34.3921PSU / 280.0uM 17.250C 31.920 7.909 231.361 / 0.1uM / -1.017271V / {  93  114}  150  550
(Apr 26 2026 05:16:32,  879165 sec) PistonMoveAbsWTO()    135->136 136 [1sec, 14.8Volts, 0.236Amps, CPT:1437sec]
(Apr 26 2026 05:19:32,  879345 sec) Profile()            Sample 43 initiated at 101.8dbars for bin 50 [100dbars].  PTS/O2,T2,TPhase,RPhase,RawTemp/NO3/pH/FSig{},BbSig,TSig: 101.8dbars 17.3791C 34.4073PSU / 281.0uM 17.376C 31.824 7.919 227.223 / 0.1uM / -1.016969V / {  76   87}  126  549
(Apr 26 2026 05:21:15,  879448 sec) Profile()            Sample 44 initiated at 96.8dbars for bin 51 [95dbars].  PTS/O2,T2,TPhase,RPhase,RawTemp/NO3/pH/FSig{},BbSig,TSig: 96.7dbars 17.4799C 34.4159PSU / 281.3uM 17.472C 31.769 7.924 224.053 / 0.1uM / -1.016833V / {  70   74}  127  548
(Apr 26 2026 05:23:08,  879561 sec) Profile()            Sample 45 initiated at 91.5dbars for bin 52 [90dbars].  PTS/O2,T2,TPhase,RPhase,RawTemp/NO3/pH/FSig{},BbSig,TSig: 91.5dbars 17.5339C 34.4211PSU / 281.8uM 17.529C 31.726 7.920 222.175 / 0.2uM / -1.016670V / {  67   71}  128  548
(Apr 26 2026 05:25:01,  879674 sec) Profile()            Sample 46 initiated at 86.6dbars for bin 53 [85dbars].  PTS/O2,T2,TPhase,RPhase,RawTemp/NO3/pH/FSig{},BbSig,TSig: 86.5dbars 17.6401C 34.4185PSU / 282.8uM 17.625C 31.642 7.922 219.033 / 0.2uM / -1.016491V / {  62   64}  126  547
(Apr 26 2026 05:26:55,  879788 sec) Profile()            Sample 47 initiated at 81.5dbars for bin 54 [80dbars].  PTS/O2,T2,TPhase,RPhase,RawTemp/NO3/pH/FSig{},BbSig,TSig: 81.4dbars 17.7412C 34.4300PSU / 283.6uM 17.729C 31.564 7.922 215.586 / 0.4uM / -1.016364V / {  57   60}  123  547
(Apr 26 2026 05:28:37,  879890 sec) Profile()            Sample 48 initiated at 76.6dbars for bin 55 [75dbars].  PTS/O2,T2,TPhase,RPhase,RawTemp/NO3/pH/FSig{},BbSig,TSig: 76.7dbars 17.9085C 34.4435PSU / 283.7uM 17.895C 31.486 7.918 210.118 / 0.3uM / -1.016373V / {  56   57}  121  547
(Apr 26 2026 05:30:30,  880003 sec) Profile()            Sample 49 initiated at 71.5dbars for bin 56 [70dbars].  PTS/O2,T2,TPhase,RPhase,RawTemp/NO3/pH/FSig{},BbSig,TSig: 71.5dbars 17.8718C 34.3870PSU / 283.8uM 17.877C 31.493 7.923 210.727 / 0.4uM / -1.016503V / {  57   56}  119  547
(Apr 26 2026 05:32:24,  880117 sec) Profile()            Sample 50 initiated at 66.8dbars for bin 57 [65dbars].  PTS/O2,T2,TPhase,RPhase,RawTemp/NO3/pH/FSig{},BbSig,TSig: 66.7dbars 17.8831C 34.3862PSU / 283.6uM 17.883C 31.497 7.924 210.515 / 0.4uM / -1.016415V / {  55   54}  117  547
(Apr 26 2026 05:34:17,  880230 sec) Profile()            Sample 51 initiated at 61.7dbars for bin 58 [60dbars].  PTS/O2,T2,TPhase,RPhase,RawTemp/NO3/pH/FSig{},BbSig,TSig: 61.6dbars 17.8722C 34.3778PSU / 283.9uM 17.876C 31.489 7.927 210.749 / 0.3uM / -1.016371V / {  55   54}  121  546
(Apr 26 2026 05:35:59,  880332 sec) Profile()            Sample 52 initiated at 57.0dbars for bin 59 [55dbars].  PTS/O2,T2,TPhase,RPhase,RawTemp/NO3/pH/FSig{},BbSig,TSig: 56.9dbars 17.8771C 34.3693PSU / 284.2uM 17.875C 31.477 7.922 210.790 / 0.5uM / -1.016312V / {  55   53}  118  546
(Apr 26 2026 05:37:53,  880446 sec) Profile()            Sample 53 initiated at 52.0dbars for bin 60 [50dbars].  PTS/O2,T2,TPhase,RPhase,RawTemp/NO3/pH/FSig{},BbSig,TSig: 51.9dbars 17.9253C 34.3766PSU / 284.0uM 17.921C 31.463 7.920 209.259 / 0.4uM / -1.016281V / {  53   54}  115  546
(Apr 26 2026 05:40:08,  880581 sec) Profile()            Sample 54 initiated at 46.7dbars for bin 61 [45dbars].  PTS/O2,T2,TPhase,RPhase,RawTemp/NO3/pH/FSig{},BbSig,TSig: 46.6dbars 17.9800C 34.3859PSU / 284.0uM 17.979C 31.440 7.906 207.349 / 0.4uM / -1.016201V / {  52   51}  116  546
(Apr 26 2026 05:42:02,  880695 sec) Profile()            Sample 55 initiated at 41.5dbars for bin 62 [40dbars].  PTS/O2,T2,TPhase,RPhase,RawTemp/NO3/pH/FSig{},BbSig,TSig: 41.5dbars 17.9800C 34.3858PSU / 284.0uM 17.983C 31.439 7.917 207.236 / 0.4uM / -1.016118V / {  52   49}  113  546
(Apr 26 2026 05:43:44,  880797 sec) Profile()            Sample 56 initiated at 37.0dbars for bin 63 [35dbars].  PTS/O2,T2,TPhase,RPhase,RawTemp/NO3/pH/FSig{},BbSig,TSig: 36.9dbars 17.9770C 34.3861PSU / 283.8uM 17.981C 31.446 7.914 207.292 / 0.5uM / -1.016105V / {  53   50}  109  546
(Apr 26 2026 05:46:21,  880954 sec) Profile()            Sample 57 initiated at 31.8dbars for bin 64 [30dbars].  PTS/O2,T2,TPhase,RPhase,RawTemp/NO3/pH/FSig{},BbSig,TSig: 31.8dbars 17.9756C 34.3859PSU / 283.9uM 17.981C 31.443 7.912 207.297 / 0.5uM / -1.016043V / {  53   51}  115  546
(Apr 26 2026 05:46:21,  880954 sec) AscentControlAgent() Bouyancy nudge to 141 (v=0.037dbar/sec).
(Apr 26 2026 05:46:22,  880955 sec) PistonMoveAbsWTO()    136->141 137 138 139 140 141 [25sec, 14.8Volts, 0.193Amps, CPT:1462sec]
(Apr 26 2026 05:48:40,  881093 sec) Profile()            Sample 58 initiated at 26.7dbars for bin 65 [25dbars].  PTS/O2,T2,TPhase,RPhase,RawTemp/NO3/pH/FSig{},BbSig,TSig: 26.7dbars 17.9767C 34.3857PSU / 284.3uM 17.980C 31.428 7.917 207.330 / 0.4uM / -1.015976V / {  53   50}  110  546
(Apr 26 2026 05:50:00,  881173 sec) Profile()            Sample 59 initiated at 21.9dbars for bin 66 [20dbars].  PTS/O2,T2,TPhase,RPhase,RawTemp/NO3/pH/FSig{},BbSig,TSig: 21.9dbars 17.9766C 34.3853PSU / 284.3uM 17.980C 31.425 7.917 207.347 / 0.5uM / -1.015892V / {  51   50}  120  546
(Apr 26 2026 05:51:20,  881253 sec) Profile()            Sample 60 initiated at 16.2dbars for bin 67 [15dbars].  PTS/O2,T2,TPhase,RPhase,RawTemp/NO3/pH/FSig{},BbSig,TSig: 16.1dbars 17.9777C 34.3853PSU / 284.5uM 17.980C 31.420 7.917 207.323 / 0.6uM / -1.015849V / {  54   50}  112  545
(Apr 26 2026 05:52:41,  881334 sec) Profile()            Sample 61 initiated at 11.5dbars for bin 68 [10dbars].  PTS/O2,T2,TPhase,RPhase,RawTemp/NO3/pH/FSig{},BbSig,TSig: 11.4dbars 17.9763C 34.3851PSU / 284.6uM 17.978C 31.417 7.917 207.384 / 0.7uM / -1.015738V / {  53   50}  110  546
(Apr 26 2026 05:53:50,  881403 sec) Profile()            Sample 62 initiated at 7.5dbars for bin 69 [6dbars].  PTS/O2,T2,TPhase,RPhase,RawTemp/NO3/pH/FSig{},BbSig,TSig: 7.5dbars 17.9769C 34.3849PSU / 284.5uM 17.979C 31.420 7.912 207.370 / 0.6uM / -1.015720V / {  52   51}  116  545
(Apr 26 2026 05:54:46,  881459 sec) SurfaceDetect()      SurfacePressure:0.2dbars Pressure:3.9dbars PistonPosition:141
(Apr 26 2026 05:54:47,  881460 sec) Sbe41cpStopCP()      Continuous profile stopped.
(Apr 26 2026 05:54:50,  881463 sec) PistonMoveAbsWTO()    141->163 142 143 144 145 146 147 148 149 150 151 152 153 154 155 156 157 156 157 158 159 160 161 162 163 [111sec, 14.7Volts, 0.182Amps, CPT:1573sec]
(Apr 26 2026 05:56:46,  881579 sec) chat()               Expected string [S>] not received.
(Apr 26 2026 05:58:35,  881688 sec) Sbe41cpBinAverage()  Finished averaging 12730 samples in 104 seconds.
(Apr 26 2026 05:58:40,  881693 sec) Sbe41cpUploadCP_()   Sbe41cpSerNo[20389] NSample[12730] NBin[493]
(Apr 26 2026 05:59:11,  881724 sec) Sbe41cpUploadCP_()   Continuous profile uploaded [493 lines].
(Apr 26 2026 05:59:25,  881738 sec) MscErrorLog_()       No error records to log.
(Apr 26 2026 05:59:35,  881748 sec) MscErrorLog_()       No error records to log.

<EOT>
