(May 01 2026 05:59:31,  885797 sec) TelemetryInit()      Profile 9. (Apf11 FwRev: 022725)
(May 01 2026 05:59:31,  885797 sec) TelemetryInit()      Charge consumption model: OCV:15.0V Wake-Cycles:12003 Standby:168.5days Wake:7.3kC Sensors:1.4kC
(May 01 2026 06:09:11,  886377 sec) AirSystem()          Battery [209cnt, 14.7V]  Current [26cnt, 101.8mA]  Pneumometer [156cnt, 18.3psi]  Run-Time [132s]
(May 01 2026 06:09:34,  886400 sec) GpsServices()        GPS almanac is current.
(May 01 2026 06:09:34,  886400 sec) GpsServices()        Initiating GPS fix acquisition.
(May 01 2026 06:09:39,  886405 sec) gga()                $GPGGA,060930,5003.8708,S,10623.6175,E,0,00,,,M,,M,,*4E
(May 01 2026 06:09:56,  886422 sec) gga()                $GPGGA,060950,5003.8708,S,10623.6175,E,0,00,,,M,,M,,*48
(May 01 2026 06:10:06,  886432 sec) gga()                $GPGGA,061000,5003.8708,S,10623.6175,E,0,00,,,M,,M,,*45
(May 01 2026 06:10:07,  886433 sec) gga()                $GPGGA,061000,5003.8708,S,10623.6175,E,0,00,,,M,,M,,*45
(May 01 2026 06:10:16,  886442 sec) gga()                $GPGGA,061010,5003.8708,S,10623.6175,E,0,00,,,M,,M,,*44
(May 01 2026 06:10:26,  886452 sec) gga()                $GPGGA,061020,5003.8708,S,10623.6175,E,0,00,,,M,,M,,*47
(May 01 2026 06:10:36,  886462 sec) gga()                $GPGGA,061030,5003.8708,S,10623.6175,E,0,00,,,M,,M,,*46
(May 01 2026 06:10:37,  886463 sec) gga()                $GPGGA,061030,5003.8708,S,10623.6175,E,0,00,,,M,,M,,*46
(May 01 2026 06:10:46,  886472 sec) gga()                $GPGGA,061040,5003.8708,S,10623.6175,E,0,00,,,M,,M,,*41
(May 01 2026 06:10:56,  886482 sec) gga()                $GPGGA,061050,5003.8708,S,10623.6175,E,0,00,,,M,,M,,*40
(May 01 2026 06:11:06,  886492 sec) gga()                $GPGGA,061100,5003.8708,S,10623.6175,E,0,00,,,M,,M,,*44
(May 01 2026 06:11:07,  886493 sec) gga()                $GPGGA,061100,5003.8708,S,10623.6175,E,0,00,,,M,,M,,*44
(May 01 2026 06:11:16,  886502 sec) gga()                $GPGGA,061110,5003.8708,S,10623.6175,E,0,00,,,M,,M,,*45
(May 01 2026 06:11:26,  886512 sec) gga()                $GPGGA,061120,5003.8708,S,10623.6175,E,0,00,,,M,,M,,*46
(May 01 2026 06:11:37,  886523 sec) gga()                $GPGGA,061130,5003.8708,S,10623.6175,E,0,00,,,M,,M,,*47
(May 01 2026 06:11:46,  886532 sec) gga()                $GPGGA,061140,5003.8708,S,10623.6175,E,0,00,,,M,,M,,*40
(May 01 2026 06:11:56,  886542 sec) gga()                $GPGGA,061150,5003.8708,S,10623.6175,E,0,00,,,M,,M,,*41
(May 01 2026 06:12:06,  886552 sec) gga()                $GPGGA,061200,5003.8708,S,10623.6175,E,0,00,,,M,,M,,*47
(May 01 2026 06:12:16,  886562 sec) gga()                $GPGGA,061210,5003.8708,S,10623.6175,E,0,00,,,M,,M,,*46
(May 01 2026 06:12:26,  886572 sec) gga()                $GPGGA,061220,5003.8708,S,10623.6175,E,0,00,,,M,,M,,*45
(May 01 2026 06:12:37,  886583 sec) gga()                $GPGGA,061230,4947.3086,S,10625.2706,E,1,08,1.5,-0.7,M,-9.5,M,,*6E
(May 01 2026 06:12:37,  886583 sec) GpsServices()        Profile 9 GPS fix obtained in 183 seconds.
(May 01 2026 06:12:37,  886583 sec) GpsServices()                   lon      lat mm/dd/yyyy hhmmss nsat
(May 01 2026 06:12:37,  886583 sec) GpsServices()        Fix:  106.4212 -49.7885 05/01/2026 061230    8
(May 01 2026 06:12:47,  886593 sec) gga()                $GPGGA,061240,4947.3095,S,10625.2705,E,1,08,1.5,-3.2,M,-9.5,M,,*6E
(May 01 2026 06:12:56,  886602 sec) gga()                $GPGGA,061250,4947.3084,S,10625.2706,E,1,08,1.5,-3.6,M,-9.5,M,,*68
(May 01 2026 06:12:56,  886602 sec) GpsServices()        APF11 RTC skew (6s) OK.
(May 01 2026 06:12:56,  886602 sec) LogNmeaSentences()   ,19,327,38,14,55,111,42,15,61,258,42,17,25,060,41*72
(May 01 2026 06:12:56,  886602 sec) LogNmeaSentences()   $GPGSV,3,2,12,19,11,037,38,20,77,333,42,21,05,350,25,22,69,078,42*7A
(May 01 2026 06:12:56,  886602 sec) LogNmeaSentences()   $GPGSV,3,3,12,23,23,225,37,24,30,264,37,30,28,095,40,10,01,199,00*7A
(May 01 2026 06:13:06,  886612 sec) LogNmeaSentences()   $GPRMC,061300,A,4947.3076,S,10625.2722,E,000.0,107.6,010526,036.1,W*70
(May 01 2026 06:13:06,  886612 sec) LogNmeaSentences()   $GPGGA,061300,4947.3076,S,10625.2722,E,1,09,1.0,-4.9,M,-9.5,M,,*6B
(May 01 2026 06:13:06,  886612 sec) LogNmeaSentences()   $GPGSA,A,3,05,14,15,17,,20,,22,23,24,30,,1.3,1.0,0.8*3D
(May 01 2026 06:13:06,  886612 sec) LogNmeaSentences()   $GPGSV,3,1,12,05,19,327,41,14,55,112,40,15,61,258,45,17,25,061,39*74
(May 01 2026 06:13:06,  886612 sec) LogNmeaSentences()   $GPGSV,3,2,12,19,12,037,39,20,77,333,44,21,05,350,31,22,69,078,41*78
(May 01 2026 06:13:07,  886613 sec) LogNmeaSentences()   $GPGSV,3,3,12,23,23,225,41,24,30,264,42,30,28,095,40,10,01,199,00*79
(May 01 2026 06:13:07,  886613 sec) LogNmeaSentences()   $PGRMT,GPS 15x-L software ver. 4.50,,,,,,,,*76
(May 01 2026 06:13:16,  886622 sec) LogNmeaSentences()   $GPRMC,061310,A,4947.3078,S,10625.2725,E,001.1,133.0,010526,036.1,W*79
(May 01 2026 06:13:16,  886622 sec) LogNmeaSentences()   $GPGGA,061310,4947.3078,S,10625.2725,E,1,09,1.0,-5.0,M,-9.5,M,,*6B
(May 01 2026 06:13:16,  886622 sec) LogNmeaSentences()   $GPGSA,A,3,05,14,15,17,,20,,22,23,24,30,,1.3,1.0,0.8*3D
(May 01 2026 06:13:16,  886622 sec) LogNmeaSentences()   $GPGSV,3,1,12,05,19,327,29,14,55,112,35,15,61,258,33,17,25,061,39*79
(May 01 2026 06:13:16,  886622 sec) LogNmeaSentences()   $GPGSV,3,2,12,19,12,037,31,20,77,333,35,21,05,350,28,22,69,079,40*7E
(May 01 2026 06:13:17,  886623 sec) LogNmeaSentences()   $GPGSV,3,3,12,23,23,226,29,24,30,264,29,30,28,095,38,10,01,199,00*76
(May 01 2026 06:13:26,  886632 sec) LogNmeaSentences()   $GPRMC,061320,A,4947.3074,S,10625.2733,E,001.5,358.9,010526,036.1,W*73
(May 01 2026 06:13:26,  886632 sec) LogNmeaSentences()   $GPGGA,061320,4947.3074,S,10625.2733,E,1,09,1.0,-4.7,M,-9.5,M,,*65
(May 01 2026 06:13:26,  886632 sec) LogNmeaSentences()   $GPGSA,A,3,05,14,15,17,,20,22,23,24,30,,,1.7,1.0,1.4*34
(May 01 2026 06:13:26,  886632 sec) LogNmeaSentences()   $GPGSV,3,1,12,05,19,326,38,14,55,112,42,15,61,258,43,17,25,061,40*71
(May 01 2026 06:13:26,  886632 sec) LogNmeaSentences()   $GPGSV,3,2,12,19,12,037,40,20,77,333,42,22,69,079,42,23,23,226,39*7C
(May 01 2026 06:13:26,  886632 sec) LogNmeaSentences()   $GPGSV,3,3,12,24,30,264,41,30,28,095,38,10,01,199,00,13,80,016,00*78
(May 01 2026 06:13:27,  886633 sec) GpsServices()        GPS services complete.
(May 01 2026 06:13:55,  886661 sec) IrGeoLoc()           <x,y,z>=<-1148km,3932km,-4868km> lat=-50.110 lon=106.276 IrSysTime=0x189e3f62
(May 01 2026 06:13:58,  886664 sec) CLogin()             Connecting to primary host.
(May 01 2026 06:14:16,  886682 sec) CLogin()             Connection 1 established in 18 seconds.
(May 01 2026 06:14:50,  886716 sec) expect()             Attempt to read prompt string [Last login:] failed.
(May 01 2026 06:14:50,  886716 sec) login()              Login failed.
(May 01 2026 06:15:20,  886746 sec) expect()             Attempt to read prompt string [login:] failed.
(May 01 2026 06:15:20,  886746 sec) login()              Login prompt not received.
(May 01 2026 06:15:30,  886756 sec) CLogin()             Connection 2 established in 92 seconds.
(May 01 2026 06:16:03,  886789 sec) expect()             Attempt to read prompt string [Last login:] failed.
(May 01 2026 06:16:03,  886789 sec) login()              Login failed.
(May 01 2026 06:16:33,  886819 sec) expect()             Attempt to read prompt string [login:] failed.
(May 01 2026 06:16:33,  886819 sec) login()              Login prompt not received.
(May 01 2026 06:16:33,  886819 sec) CLogin()             Attempt to connect to primary host failed after 2 tries.  Connecting to alternate host.
(May 01 2026 06:16:49,  886835 sec) CLogin()             Connection 3 established in 171 seconds.
(May 01 2026 06:17:13,  886859 sec) login()              Login successful.
(May 01 2026 06:17:20,  886866 sec) CLogin()             Logged in to host.  [Login required 31 seconds]
(May 01 2026 06:17:22,  886868 sec) RxConfig()           Downloading "mission.cfg" from host.
(May 01 2026 06:17:38,  886884 sec) RxConfig()           Download successful: [bytes:33, sec:14.0, bps:2]
(May 01 2026 06:17:42,  886888 sec) WriteVitals_()       Writing vitals to "23050.009.msg".
(May 01 2026 06:17:47,  886893 sec) UpLoadFile()         Uploading "23050.009.log" to host.
(May 01 2026 06:19:11,  886977 sec) UpLoadFile()         Upload successful: [bytes:17568, sec:83.4, bps:211]
(May 01 2026 06:19:12,  886978 sec) fmove()              Moved: 23050.009.log -> archive/23050.009.log
(May 01 2026 06:19:16,  886982 sec) UpLoadFile()         Uploading "23050.009.msg" to host.
(May 01 2026 06:21:20,  887106 sec) UpLoadFile()         Upload successful: [bytes:26611, sec:124.1, bps:214]
(May 01 2026 06:21:21,  887107 sec) fmove()              Moved: 23050.009.msg -> archive/23050.009.msg
(May 01 2026 06:21:22,  887108 sec) UpLoad()             Files successfully uploaded: 2
(May 01 2026 06:21:22,  887108 sec) UpLoad()             Upload complete.
(May 01 2026 06:21:32,  887118 sec) chat()               Expected string [logout] not received.
(May 01 2026 06:21:32,  887118 sec) logout()             Attempt to log-out failed.
(May 01 2026 06:21:39,  887125 sec) chat()               Expected string [logout] not received.
(May 01 2026 06:21:39,  887125 sec) logout()             Attempt to log-out failed.
(May 01 2026 06:21:39,  887125 sec) logout()             No carrier detected.
(May 01 2026 06:21:39,  887125 sec) Telemetry()          Telemetry cycle complete: PrfId=9 ConnectionAttempts=3  Connections=3
(May 01 2026 06:21:39,  887125 sec) TelemetryTerminate() Parsing new mission configuration.
(May 01 2026 06:21:40,  887126 sec) configure()          Parsing configurators in "mission.cfg".
(May 01 2026 06:21:40,  887126 sec) configure()             TelemetryRetry(15)      [0x7BBC] [TelemetryRetry(15)].
(May 01 2026 06:21:40,  887126 sec) configure()          Configuration CRCs and syntax OK.
(May 01 2026 06:21:40,  887126 sec) ConfigSupervisor()   Configuration accepted.
(May 01 2026 06:21:40,  887126 sec) TelemetryTerminate() Reconditioning the file system.
(May 01 2026 06:21:43,       0 sec) DescentInit()        Deep profile 10 initiated at mission-time 887129sec.
(May 01 2026 06:21:44,       1 sec) DescentInit()        Surface pressure: -0.2dbars.
(May 01 2026 06:21:44,       1 sec) DescentInit()        Charge consumption model: OCV:14.7V Wake-Cycles:12004 Standby:168.5days Wake:7.3kC Sleep:1.4kC
(May 01 2026 06:21:56,      13 sec) DescentInit()        Pneumatic humidity: 967(4.3%) -> 1027(6.0%)
(May 01 2026 06:21:56,      13 sec) PistonMoveAbsWTO()    163->061 162 161 160 159 158 157 156 157 156 155 154 153 152 151 150 149 148 147 148 147 146 145 146 145 144 143 144 143 142 141 140 139 138 137 136 135 134 133 132 131 130 129 130 129 128 127 128 127 126 125 124 123 122 121 120 119 118 117 116 115 114 113 112 111 110 109 108 107 106 105 104 103 102 101 100 099 098 097 096 095 094 093 092 091 090 089 088 087 086 085 084 083 082 081 080 079 078 077 076 075 074 073 072 071 070 069 068 067 066 065 064 063 062 061 [532sec, 14.5Volts, 0.146Amps, CPT:532sec]
(May 01 2026 06:30:52,     549 sec) DescentInit()        Air solenoid open: Barometer [194cnt,  11.4psi]  Pneumometer [ 98cnt,  11.4psi]
(May 01 2026 06:31:02,     559 sec) Descent()            Pressure: 39.4
(May 01 2026 07:21:43,    3600 sec) Descent()            Pressure: 480.7
(May 01 2026 08:21:43,    7200 sec) Descent()            Pressure: 819.5
(May 01 2026 09:21:43,   10800 sec) Descent()            Pressure: 972.9
(May 01 2026 10:21:43,   14400 sec) Descent()            Pressure: 990.6
(May 01 2026 10:21:44,   14401 sec) ParkInit()           Charge consumption model: OCV:15.4V Wake-Cycles:12009 Standby:168.7days Wake:7.5kC Sensors:1.4kC
(May 11 2026 02:22:15,  849632 sec) CtdPower()           [ 1009.03,  2.4132, 34.6674]
(May 11 2026 02:22:15,  849632 sec) CtdPower()           CTD Power consumption [209VCnt 4ACnt]: 14.660Volts * 0.014Amps = 0.20Watts.
(May 11 2026 02:22:15,  849632 sec) ParkTerminate()      Piston Position:61 Vacuum:192 HumidityAd12:1011(5.6%) Vq:214 Aq:2 Vsbe:209 Asbe:4
(May 11 2026 02:22:37,  849654 sec) ParkTerminate()      PTS: 1009.1dbars 2.4132C 34.6675PSU
(May 11 2026 02:22:37,  849654 sec) GoDeepInit()         Charge consumption model: OCV:15.1V Wake-Cycles:12241 Standby:178.3days Wake:7.5kC Sensors:1.4kC
(May 11 2026 02:22:37,  849654 sec) GoDeepInit()         Moving piston.
(May 11 2026 02:22:37,  849654 sec) PistonMoveAbsWTO()    061->009 060 059 058 057 056 055 054 053 052 051 050 049 048 047 046 045 044 043 042 041 040 039 038 037 036 035 034 033 032 031 030 029 028 027 026 025 024 023 022 021 020 019 018 017 016 015 014 013 012 011 010 009 [261sec, 14.9Volts, 0.061Amps, CPT:793sec]
(May 11 2026 06:21:43,  864000 sec) ProfileInit()        Charge consumption model: OCV:15.2V Wake-Cycles:12288 Standby:178.5days Wake:7.5kC Sensors:1.4kC
(May 11 2026 06:21:43,  864000 sec) ProfileInit()        PrfId:010  Pressure:2005.4dbar  pTable[0]:2000dbar
(May 11 2026 06:21:45,  864002 sec) PistonMoveAbsWTO()    009->031 010 011 012 013 014 [30sec, 14.3Volts, 0.614Amps, CPT:823sec]
(May 11 2026 06:22:26,  864043 sec) PistonMoveAbsWTO()    014->031 015 016 017 018 019 [30sec, 14.2Volts, 0.615Amps, CPT:853sec]
(May 11 2026 06:23:08,  864085 sec) PistonMoveAbsWTO()    019->031 020 021 022 023 024 [30sec, 14.0Volts, 0.615Amps, CPT:883sec]
(May 11 2026 06:24:12,  864149 sec) Profile()            Sample 0 initiated at 1999.0dbars for bin 0 [2000dbars].  PTS: 1996.8dbars 1.5991C 34.7421PSU
(May 11 2026 06:24:12,  864149 sec) PistonMoveAbsWTO()    024->031 025 026 027 028 029 [30sec, 14.0Volts, 0.622Amps, CPT:913sec]
(May 11 2026 06:24:53,  864190 sec) PistonMoveAbsWTO()    029->031 030 031 [7sec, 14.0Volts, 0.624Amps, CPT:920sec]
(May 11 2026 06:28:29,  864406 sec) PistonMoveAbsWTO()    031->031 [0sec, 0.0Volts, 0.000Amps, CPT:920sec]
(May 11 2026 06:30:52,  864549 sec) Profile()            Sample 1 initiated at 1950.1dbars for bin 1 [1950dbars].  PTS: 1947.5dbars 1.6512C 34.7431PSU
(May 11 2026 06:34:32,  864769 sec) PistonMoveAbsWTO()    031->031 [0sec, 0.0Volts, 0.000Amps, CPT:920sec]
(May 11 2026 06:35:27,  864824 sec) PistonMoveAbsWTO()    031->031 [0sec, 0.0Volts, 0.000Amps, CPT:920sec]
(May 11 2026 06:38:02,  864979 sec) Profile()            Sample 2 initiated at 1899.9dbars for bin 2 [1900dbars].  PTS: 1897.5dbars 1.6896C 34.7440PSU
(May 11 2026 06:42:16,  865233 sec) PistonMoveAbsWTO()    031->031 [0sec, 0.0Volts, 0.000Amps, CPT:920sec]
(May 11 2026 06:45:45,  865442 sec) Profile()            Sample 3 initiated at 1850.0dbars for bin 3 [1850dbars].  PTS: 1847.9dbars 1.7357C 34.7457PSU
(May 11 2026 06:51:16,  865773 sec) PistonMoveAbsWTO()    031->031 [0sec, 0.0Volts, 0.000Amps, CPT:920sec]
(May 11 2026 06:51:27,  865784 sec) PistonMoveAbsWTO()    031->031 [0sec, 0.0Volts, 0.000Amps, CPT:920sec]
(May 11 2026 06:51:49,  865806 sec) PistonMoveAbsWTO()    031->031 [0sec, 0.0Volts, 0.000Amps, CPT:920sec]
(May 11 2026 06:54:13,  865950 sec) Profile()            Sample 4 initiated at 1800.5dbars for bin 4 [1800dbars].  PTS: 1798.5dbars 1.7714C 34.7459PSU
(May 11 2026 06:54:46,  865983 sec) PistonMoveAbsWTO()    031->031 [0sec, 0.0Volts, 0.000Amps, CPT:920sec]
(May 11 2026 06:56:03,  866060 sec) PistonMoveAbsWTO()    031->031 [0sec, 0.0Volts, 0.000Amps, CPT:920sec]
(May 11 2026 06:59:44,  866281 sec) PistonMoveAbsWTO()    031->031 [0sec, 0.0Volts, 0.000Amps, CPT:920sec]
(May 11 2026 07:03:36,  866513 sec) Profile()            Sample 5 initiated at 1750.4dbars for bin 5 [1750dbars].  PTS: 1748.7dbars 1.8238C 34.7457PSU
(May 11 2026 07:06:21,  866678 sec) PistonMoveAbsWTO()    031->031 [0sec, 0.0Volts, 0.000Amps, CPT:920sec]
(May 11 2026 07:12:47,  867064 sec) AscentControlAgent() Bouyancy nudge to 41 (v=0.075dbar/sec).
(May 11 2026 07:12:48,  867065 sec) PistonMoveAbsWTO()    031->041 032 033 034 035 036 [30sec, 14.4Volts, 0.549Amps, CPT:950sec]
(May 11 2026 07:13:29,  867106 sec) PistonMoveAbsWTO()    036->041 037 038 039 040 041 [27sec, 14.3Volts, 0.553Amps, CPT:977sec]
(May 11 2026 07:14:29,  867166 sec) Profile()            Sample 6 initiated at 1698.6dbars for bin 6 [1700dbars].  PTS: 1696.3dbars 1.8743C 34.7454PSU
(May 11 2026 07:21:50,  867607 sec) Profile()            Sample 7 initiated at 1650.2dbars for bin 7 [1650dbars].  PTS: 1648.0dbars 1.9208C 34.7470PSU
(May 11 2026 07:30:07,  868104 sec) Profile()            Sample 8 initiated at 1600.8dbars for bin 8 [1600dbars].  PTS: 1598.9dbars 1.9520C 34.7442PSU
(May 11 2026 07:39:41,  868678 sec) Profile()            Sample 9 initiated at 1550.5dbars for bin 9 [1550dbars].  PTS: 1548.8dbars 1.9867C 34.7416PSU
(May 11 2026 07:43:32,  868909 sec) AscentControlAgent() Bouyancy nudge to 51 (v=0.078dbar/sec).
(May 11 2026 07:43:33,  868910 sec) PistonMoveAbsWTO()    041->051 042 043 044 045 046 [30sec, 14.5Volts, 0.520Amps, CPT:1007sec]
(May 11 2026 07:44:14,  868951 sec) PistonMoveAbsWTO()    046->051 047 048 049 050 051 [26sec, 14.3Volts, 0.505Amps, CPT:1033sec]
(May 11 2026 07:48:43,  869220 sec) Profile()            Sample 10 initiated at 1500.1dbars for bin 10 [1500dbars].  PTS: 1497.8dbars 2.0555C 34.7420PSU
(May 11 2026 07:56:16,  869673 sec) Profile()            Sample 11 initiated at 1451.0dbars for bin 11 [1450dbars].  PTS: 1448.7dbars 2.0801C 34.7387PSU
(May 11 2026 08:04:32,  870169 sec) Profile()            Sample 12 initiated at 1400.9dbars for bin 12 [1400dbars].  PTS: 1398.9dbars 2.1517C 34.7383PSU
(May 11 2026 08:13:55,  870732 sec) Profile()            Sample 13 initiated at 1350.5dbars for bin 13 [1350dbars].  PTS: 1348.7dbars 2.1935C 34.7352PSU
(May 11 2026 08:19:59,  871096 sec) AscentControlAgent() Bouyancy nudge to 61 (v=0.076dbar/sec).
(May 11 2026 08:20:00,  871097 sec) PistonMoveAbsWTO()    051->061 052 053 054 055 056 [30sec, 14.5Volts, 0.447Amps, CPT:1063sec]
(May 11 2026 08:20:41,  871138 sec) PistonMoveAbsWTO()    056->061 057 058 059 060 061 [24sec, 14.4Volts, 0.462Amps, CPT:1087sec]
(May 11 2026 08:23:40,  871317 sec) Profile()            Sample 14 initiated at 1299.9dbars for bin 14 [1300dbars].  PTS: 1297.5dbars 2.2213C 34.7256PSU
(May 11 2026 08:31:24,  871781 sec) Profile()            Sample 15 initiated at 1250.4dbars for bin 15 [1250dbars].  PTS: 1248.3dbars 2.2755C 34.7204PSU
(May 11 2026 08:40:13,  872310 sec) Profile()            Sample 16 initiated at 1200.6dbars for bin 16 [1200dbars].  PTS: 1198.7dbars 2.3015C 34.7107PSU
(May 11 2026 08:51:04,  872961 sec) Profile()            Sample 17 initiated at 1150.4dbars for bin 17 [1150dbars].  PTS: 1148.9dbars 2.3378C 34.7024PSU
(May 11 2026 08:51:05,  872962 sec) AscentControlAgent() Bouyancy nudge to 71 (v=0.072dbar/sec).
(May 11 2026 08:51:05,  872962 sec) PistonMoveAbsWTO()    061->071 062 063 064 065 066 [30sec, 14.6Volts, 0.437Amps, CPT:1117sec]
(May 11 2026 08:51:46,  873003 sec) PistonMoveAbsWTO()    066->071 067 068 069 070 071 [26sec, 14.4Volts, 0.417Amps, CPT:1143sec]
(May 11 2026 08:59:22,  873459 sec) Profile()            Sample 18 initiated at 1100.1dbars for bin 18 [1100dbars].  PTS: 1098.0dbars 2.3577C 34.6892PSU
(May 11 2026 09:08:12,  873989 sec) Profile()            Sample 19 initiated at 1050.7dbars for bin 19 [1050dbars].  PTS: 1048.9dbars 2.3932C 34.6793PSU
(May 11 2026 09:18:08,  874585 sec) Profile()            Sample 20 initiated at 1001.0dbars for bin 20 [1000dbars].  PTS: 999.3dbars 2.3786C 34.6606PSU
(May 11 2026 09:22:45,  874862 sec) Sbe41cpStartCP()     Continuous profile started.
(May 11 2026 09:22:46,  874863 sec) AscentControlAgent() Bouyancy nudge to 81 (v=0.079dbar/sec).
(May 11 2026 09:22:46,  874863 sec) PistonMoveAbsWTO()    071->081 072 073 074 075 076 [30sec, 14.6Volts, 0.389Amps, CPT:1173sec]
(May 11 2026 09:23:27,  874904 sec) PistonMoveAbsWTO()    076->081 077 078 079 080 081 [25sec, 14.4Volts, 0.387Amps, CPT:1198sec]
(May 11 2026 09:49:01,  876438 sec) AscentControlAgent() Bouyancy nudge to 91 (v=0.079dbar/sec).
(May 11 2026 09:49:01,  876438 sec) PistonMoveAbsWTO()    081->091 082 083 084 085 086 [30sec, 14.5Volts, 0.348Amps, CPT:1228sec]
(May 11 2026 09:49:43,  876480 sec) PistonMoveAbsWTO()    086->091 087 088 089 090 091 [25sec, 14.4Volts, 0.343Amps, CPT:1253sec]
(May 11 2026 10:25:21,  878618 sec) AscentControlAgent() Bouyancy nudge to 101 (v=0.072dbar/sec).
(May 11 2026 10:25:21,  878618 sec) PistonMoveAbsWTO()    091->101 092 093 094 095 096 [30sec, 14.5Volts, 0.301Amps, CPT:1283sec]
(May 11 2026 10:26:03,  878660 sec) PistonMoveAbsWTO()    096->101 097 098 099 100 101 [24sec, 14.5Volts, 0.297Amps, CPT:1307sec]
(May 11 2026 10:51:36,  880193 sec) AscentControlAgent() Bouyancy nudge to 111 (v=0.076dbar/sec).
(May 11 2026 10:51:36,  880193 sec) PistonMoveAbsWTO()    101->111 102 103 104 105 106 [30sec, 14.6Volts, 0.272Amps, CPT:1337sec]
(May 11 2026 10:52:18,  880235 sec) PistonMoveAbsWTO()    106->111 107 108 109 110 111 [24sec, 14.5Volts, 0.272Amps, CPT:1361sec]
(May 11 2026 11:17:50,  881767 sec) AscentControlAgent() Bouyancy nudge to 121 (v=0.074dbar/sec).
(May 11 2026 11:17:50,  881767 sec) PistonMoveAbsWTO()    111->121 112 113 114 115 116 [30sec, 14.6Volts, 0.237Amps, CPT:1391sec]
(May 11 2026 11:18:31,  881808 sec) PistonMoveAbsWTO()    116->121 117 118 119 120 121 [23sec, 14.5Volts, 0.239Amps, CPT:1414sec]
(May 11 2026 11:39:00,  883037 sec) AscentControlAgent() Bouyancy nudge to 131 (v=0.076dbar/sec).
(May 11 2026 11:39:00,  883037 sec) PistonMoveAbsWTO()    121->131 122 123 124 125 126 [30sec, 14.6Volts, 0.209Amps, CPT:1444sec]
(May 11 2026 11:39:41,  883078 sec) PistonMoveAbsWTO()    126->131 127 128 129 130 131 [24sec, 14.6Volts, 0.213Amps, CPT:1468sec]
(May 11 2026 12:00:09,  884306 sec) AscentControlAgent() Bouyancy nudge to 141 (v=0.066dbar/sec).
(May 11 2026 12:00:09,  884306 sec) PistonMoveAbsWTO()    131->141 132 133 134 135 136 [30sec, 14.6Volts, 0.193Amps, CPT:1498sec]
(May 11 2026 12:00:50,  884347 sec) PistonMoveAbsWTO()    136->141 137 138 139 140 141 [23sec, 14.6Volts, 0.186Amps, CPT:1521sec]
(May 11 2026 12:19:18,  885455 sec) SurfaceDetect()      SurfacePressure:-0.2dbars Pressure:3.7dbars PistonPosition:141
(May 11 2026 12:19:18,  885455 sec) Sbe41cpStopCP()      Continuous profile stopped.
(May 11 2026 12:19:22,  885459 sec) PistonMoveAbsWTO()    141->163 142 143 144 145 146 147 148 149 150 151 152 153 154 155 156 157 158 157 158 159 160 161 162 163 [113sec, 14.6Volts, 0.166Amps, CPT:1634sec]
(May 11 2026 12:21:20,  885577 sec) chat()               Expected string [S>] not received.
(May 11 2026 12:22:59,  885676 sec) Sbe41cpBinAverage()  Finished averaging 10605 samples in 94 seconds.
(May 11 2026 12:23:04,  885681 sec) Sbe41cpUploadCP_()   Sbe41cpSerNo[18724] NSample[10605] NBin[493]
(May 11 2026 12:23:35,  885712 sec) Sbe41cpUploadCP_()   Continuous profile uploaded [493 lines].

<EOT>
