(Mar 10 2026 22:08:14,  885653 sec) TelemetryInit()      Profile 4. (Apf11 FwRev: 022725)
(Mar 10 2026 22:08:14,  885653 sec) TelemetryInit()      Charge consumption model: OCV:15.0V Wake-Cycles:5801 Standby:117.5days Wake:4.3kC Sensors:0.6kC
(Mar 10 2026 22:17:39,  886218 sec) AirSystem()          Battery [210cnt, 14.7V]  Current [26cnt, 101.6mA]  Pneumometer [155cnt, 18.2psi]  Run-Time [125s]
(Mar 10 2026 22:18:09,  886248 sec) GpsServices()        GPS almanac is current.
(Mar 10 2026 22:18:09,  886248 sec) GpsServices()        Initiating GPS fix acquisition.
(Mar 10 2026 22:18:18,  886257 sec) gga()                $GPGGA,221810,5034.1170,S,10340.6798,E,0,00,,,M,,M,,*4B
(Mar 10 2026 22:18:28,  886267 sec) gga()                $GPGGA,221820,5034.1170,S,10340.6798,E,0,00,,,M,,M,,*48
(Mar 10 2026 22:18:42,  886281 sec) gga()                $GPGGA,221840,5034.1170,S,10340.6798,E,0,00,,,M,,M,,*4E
(Mar 10 2026 22:18:52,  886291 sec) gga()                $GPGGA,221850,5034.1170,S,10340.6798,E,0,00,,,M,,M,,*4F
(Mar 10 2026 22:19:02,  886301 sec) gga()                $GPGGA,221900,5034.1170,S,10340.6798,E,0,00,,,M,,M,,*4B
(Mar 10 2026 22:19:03,  886302 sec) gga()                $GPGGA,221900,5034.1170,S,10340.6798,E,0,00,,,M,,M,,*4B
(Mar 10 2026 22:19:12,  886311 sec) gga()                $GPGGA,221910,5034.1170,S,10340.6798,E,0,00,,,M,,M,,*4A
(Mar 10 2026 22:19:22,  886321 sec) gga()                $GPGGA,221920,5034.1170,S,10340.6798,E,0,00,,,M,,M,,*49
(Mar 10 2026 22:19:32,  886331 sec) gga()                $GPGGA,221930,5034.1170,S,10340.6798,E,0,00,,,M,,M,,*48
(Mar 10 2026 22:19:34,  886333 sec) gga()                $GPGGA,221930,5008.3791,S,10441.4219,E,6,05,1.5,-9.4,M,-6.6,M,,*60
(Mar 10 2026 22:19:43,  886342 sec) gga()                $GPGGA,221940,5008.3785,S,10441.4227,E,1,05,1.5,-8.5,M,-6.6,M,,*68
(Mar 10 2026 22:19:43,  886342 sec) GpsServices()        Profile 4 GPS fix obtained in 94 seconds.
(Mar 10 2026 22:19:43,  886342 sec) GpsServices()                   lon      lat mm/dd/yyyy hhmmss nsat
(Mar 10 2026 22:19:43,  886342 sec) GpsServices()        Fix:  104.6904 -50.1396 03/10/2026 221940    5
(Mar 10 2026 22:19:53,  886352 sec) gga()                $GPGGA,221950,5008.3764,S,10441.4256,E,1,05,1.7,-3.5,M,-6.6,M,,*69
(Mar 10 2026 22:20:02,  886361 sec) gga()                $GPGGA,222000,5008.3753,S,10441.4254,E,1,05,1.5,-1.3,M,-6.6,M,,*66
(Mar 10 2026 22:20:02,  886361 sec) GpsServices()        APF11 RTC skew (2s) OK.
(Mar 10 2026 22:20:02,  886361 sec) GpsServices()        GPS services complete.
(Mar 10 2026 22:20:37,  886396 sec) IrGeoLoc()           <x,y,z>=<-956km,3944km,-4900km> lat=-50.557 lon=103.625 IrSysTime=0x15ae6e22
(Mar 10 2026 22:20:40,  886399 sec) CLogin()             Connecting to primary host.
(Mar 10 2026 22:20:52,  886411 sec) CLogin()             Connection 1 established in 12 seconds.
(Mar 10 2026 22:21:23,  886442 sec) expect()             Attempt to read prompt string [Last login:] failed.
(Mar 10 2026 22:21:23,  886442 sec) login()              Login failed.
(Mar 10 2026 22:21:53,  886472 sec) expect()             Attempt to read prompt string [login:] failed.
(Mar 10 2026 22:21:53,  886472 sec) login()              Login prompt not received.
(Mar 10 2026 22:22:10,  886489 sec) CLogin()             Connection 2 established in 90 seconds.
(Mar 10 2026 22:22:15,  886494 sec) login()              Login successful.
(Mar 10 2026 22:22:19,  886498 sec) CLogin()             Logged in to host.  [Login required 9 seconds]
(Mar 10 2026 22:22:20,  886499 sec) RxConfig()           Downloading "mission.cfg" from host.
(Mar 10 2026 22:22:30,  886509 sec) RxConfig()           Download successful: [bytes:33, sec:8.0, bps:4]
(Mar 10 2026 22:22:34,  886513 sec) WriteVitals_()       Writing vitals to "23050.004.msg".
(Mar 10 2026 22:22:42,  886521 sec) UpLoadFile()         Uploading "23050.004.log" to host.
(Mar 10 2026 22:24:17,  886616 sec) UpLoadFile()         Upload successful: [bytes:21733, sec:95.7, bps:227]
(Mar 10 2026 22:24:18,  886617 sec) fmove()              Moved: 23050.004.log -> archive/23050.004.log
(Mar 10 2026 22:24:22,  886621 sec) UpLoadFile()         Uploading "23050.004.msg" to host.
(Mar 10 2026 22:26:30,  886749 sec) UpLoadFile()         Upload successful: [bytes:26575, sec:127.6, bps:208]
(Mar 10 2026 22:26:31,  886750 sec) fmove()              Moved: 23050.004.msg -> archive/23050.004.msg
(Mar 10 2026 22:26:32,  886751 sec) UpLoad()             Files successfully uploaded: 2
(Mar 10 2026 22:26:32,  886751 sec) UpLoad()             Upload complete.
(Mar 10 2026 22:26:41,  886760 sec) chat()               Expected string [logout] not received.
(Mar 10 2026 22:26:41,  886760 sec) logout()             Attempt to log-out failed.
(Mar 10 2026 22:26:41,  886760 sec) logout()             No carrier detected.
(Mar 10 2026 22:26:41,  886760 sec) Telemetry()          Telemetry cycle complete: PrfId=4 ConnectionAttempts=2  Connections=2
(Mar 10 2026 22:26:41,  886760 sec) TelemetryTerminate() Parsing new mission configuration.
(Mar 10 2026 22:26:42,  886761 sec) configure()          Parsing configurators in "mission.cfg".
(Mar 10 2026 22:26:42,  886761 sec) configure()             TelemetryRetry(15)      [0x7BBC] [TelemetryRetry(15)].
(Mar 10 2026 22:26:42,  886761 sec) configure()          Configuration CRCs and syntax OK.
(Mar 10 2026 22:26:42,  886761 sec) ConfigSupervisor()   Configuration accepted.
(Mar 10 2026 22:26:42,  886761 sec) TelemetryTerminate() Reconditioning the file system.
(Mar 10 2026 22:26:45,       0 sec) DescentInit()        Deep profile 5 initiated at mission-time 886764sec.
(Mar 10 2026 22:26:46,       1 sec) DescentInit()        Surface pressure: -0.3dbars.
(Mar 10 2026 22:26:46,       1 sec) DescentInit()        Charge consumption model: OCV:14.7V Wake-Cycles:5802 Standby:117.5days Wake:4.3kC Sleep:0.6kC
(Mar 10 2026 22:26:58,      13 sec) DescentInit()        Pneumatic humidity: 993(5.1%) -> 1038(6.4%)
(Mar 10 2026 22:26:58,      13 sec) PistonMoveAbsWTO()    168->062 167 166 165 164 163 164 163 162 161 160 159 158 157 156 155 154 153 152 153 152 151 150 149 148 147 146 145 144 143 142 141 140 139 138 137 136 135 134 133 132 131 130 129 128 127 128 127 126 125 124 123 122 121 120 119 118 117 116 115 114 113 112 111 110 109 108 107 106 105 104 103 102 101 100 099 098 097 096 095 094 093 092 091 090 089 088 087 086 085 084 083 082 081 080 079 078 077 076 075 074 073 072 071 070 069 068 067 066 065 064 063 062 [556sec, 14.6Volts, 0.143Amps, CPT:556sec]
(Mar 10 2026 22:36:17,     572 sec) DescentInit()        Air solenoid open: Barometer [195cnt,  11.4psi]  Pneumometer [ 98cnt,  11.5psi]
(Mar 10 2026 22:36:27,     582 sec) Descent()            Pressure: 35.2
(Mar 10 2026 23:26:45,    3600 sec) Descent()            Pressure: 456.6
(Mar 11 2026 00:26:45,    7200 sec) Descent()            Pressure: 803.8
(Mar 11 2026 01:26:45,   10800 sec) Descent()            Pressure: 973.3
(Mar 11 2026 02:26:45,   14400 sec) Descent()            Pressure: 988.6
(Mar 11 2026 02:26:46,   14401 sec) ParkInit()           Charge consumption model: OCV:15.4V Wake-Cycles:5807 Standby:117.7days Wake:4.5kC Sensors:0.6kC
(Mar 20 2026 18:27:17,  849632 sec) CtdPower()           [  997.85,  2.5120, 34.6210]
(Mar 20 2026 18:27:17,  849632 sec) CtdPower()           CTD Power consumption [209VCnt 4ACnt]: 14.713Volts * 0.014Amps = 0.20Watts.
(Mar 20 2026 18:27:17,  849632 sec) ParkTerminate()      Piston Position:62 Vacuum:192 HumidityAd12:1012(5.6%) Vq:214 Aq:2 Vsbe:209 Asbe:4
(Mar 20 2026 18:27:39,  849654 sec) ParkTerminate()      PTS: 997.8dbars 2.5129C 34.6213PSU
(Mar 20 2026 18:27:39,  849654 sec) GoDeepInit()         Charge consumption model: OCV:15.2V Wake-Cycles:6039 Standby:127.3days Wake:4.5kC Sensors:0.6kC
(Mar 20 2026 18:27:39,  849654 sec) GoDeepInit()         Moving piston.
(Mar 20 2026 18:27:39,  849654 sec) PistonMoveAbsWTO()    062->009 061 060 059 058 057 056 055 054 053 052 051 050 049 048 047 046 045 044 043 042 041 040 039 038 037 036 035 034 033 032 031 030 029 028 027 026 025 024 023 022 021 020 019 018 017 016 015 014 013 012 011 010 009 [267sec, 14.9Volts, 0.059Amps, CPT:823sec]
(Mar 20 2026 22:26:45,  864000 sec) ProfileInit()        Charge consumption model: OCV:15.2V Wake-Cycles:6086 Standby:127.5days Wake:4.5kC Sensors:0.6kC
(Mar 20 2026 22:26:45,  864000 sec) ProfileInit()        PrfId:005  Pressure:2000.6dbar  pTable[0]:2000dbar
(Mar 20 2026 22:27:09,  864024 sec) Profile()            Sample 0 initiated at 2000.6dbars for bin 0 [2000dbars].  PTS: 2000.6dbars 1.7819C 34.7496PSU
(Mar 20 2026 22:27:09,  864024 sec) PistonMoveAbsWTO()    009->031 010 011 012 013 014 [30sec, 14.4Volts, 0.639Amps, CPT:853sec]
(Mar 20 2026 22:27:50,  864065 sec) PistonMoveAbsWTO()    014->031 015 016 017 018 019 [30sec, 14.2Volts, 0.623Amps, CPT:883sec]
(Mar 20 2026 22:28:32,  864107 sec) PistonMoveAbsWTO()    019->031 020 021 022 023 024 [30sec, 14.0Volts, 0.615Amps, CPT:913sec]
(Mar 20 2026 22:29:14,  864149 sec) PistonMoveAbsWTO()    024->031 025 026 027 028 029 [30sec, 14.0Volts, 0.619Amps, CPT:943sec]
(Mar 20 2026 22:29:56,  864191 sec) PistonMoveAbsWTO()    029->031 030 031 [7sec, 14.0Volts, 0.628Amps, CPT:950sec]
(Mar 20 2026 22:35:33,  864528 sec) Profile()            Sample 1 initiated at 1949.8dbars for bin 1 [1950dbars].  PTS: 1947.2dbars 1.8393C 34.7508PSU
(Mar 20 2026 22:42:21,  864936 sec) Profile()            Sample 2 initiated at 1900.9dbars for bin 2 [1900dbars].  PTS: 1898.4dbars 1.8668C 34.7503PSU
(Mar 20 2026 22:49:53,  865388 sec) Profile()            Sample 3 initiated at 1850.5dbars for bin 3 [1850dbars].  PTS: 1848.2dbars 1.9177C 34.7512PSU
(Mar 20 2026 22:57:59,  865874 sec) Profile()            Sample 4 initiated at 1800.2dbars for bin 4 [1800dbars].  PTS: 1798.1dbars 1.9578C 34.7512PSU
(Mar 20 2026 23:06:37,  866392 sec) Profile()            Sample 5 initiated at 1751.0dbars for bin 5 [1750dbars].  PTS: 1749.1dbars 2.0028C 34.7497PSU
(Mar 20 2026 23:17:06,  867021 sec) Profile()            Sample 6 initiated at 1700.4dbars for bin 6 [1700dbars].  PTS: 1698.9dbars 2.0401C 34.7495PSU
(Mar 20 2026 23:17:50,  867065 sec) AscentControlAgent() Bouyancy nudge to 41 (v=0.075dbar/sec).
(Mar 20 2026 23:17:51,  867066 sec) PistonMoveAbsWTO()    031->041 032 033 034 035 036 [30sec, 14.4Volts, 0.546Amps, CPT:980sec]
(Mar 20 2026 23:18:32,  867107 sec) PistonMoveAbsWTO()    036->041 037 038 039 040 041 [27sec, 14.2Volts, 0.557Amps, CPT:1007sec]
(Mar 20 2026 23:25:14,  867509 sec) Profile()            Sample 7 initiated at 1650.1dbars for bin 7 [1650dbars].  PTS: 1647.9dbars 2.0801C 34.7471PSU
(Mar 20 2026 23:33:08,  867983 sec) Profile()            Sample 8 initiated at 1601.0dbars for bin 8 [1600dbars].  PTS: 1598.9dbars 2.1369C 34.7444PSU
(Mar 20 2026 23:42:09,  868524 sec) Profile()            Sample 9 initiated at 1550.9dbars for bin 9 [1550dbars].  PTS: 1549.2dbars 2.1733C 34.7413PSU
(Mar 20 2026 23:52:49,  869164 sec) Profile()            Sample 10 initiated at 1500.7dbars for bin 10 [1500dbars].  PTS: 1499.3dbars 2.2114C 34.7373PSU
(Mar 20 2026 23:53:44,  869219 sec) AscentControlAgent() Bouyancy nudge to 51 (v=0.072dbar/sec).
(Mar 20 2026 23:53:45,  869220 sec) PistonMoveAbsWTO()    041->051 042 043 044 045 046 [30sec, 14.5Volts, 0.506Amps, CPT:1037sec]
(Mar 20 2026 23:54:26,  869261 sec) PistonMoveAbsWTO()    046->051 047 048 049 050 051 [26sec, 14.3Volts, 0.495Amps, CPT:1063sec]
(Mar 21 2026 00:01:29,  869684 sec) Profile()            Sample 11 initiated at 1449.9dbars for bin 11 [1450dbars].  PTS: 1447.8dbars 2.2464C 34.7317PSU
(Mar 21 2026 00:10:19,  870214 sec) Profile()            Sample 12 initiated at 1400.2dbars for bin 12 [1400dbars].  PTS: 1398.4dbars 2.2676C 34.7229PSU
(Mar 21 2026 00:19:30,  870765 sec) AscentControlAgent() Bouyancy nudge to 61 (v=0.078dbar/sec).
(Mar 21 2026 00:19:31,  870766 sec) PistonMoveAbsWTO()    051->061 052 053 054 055 056 [30sec, 14.5Volts, 0.458Amps, CPT:1093sec]
(Mar 21 2026 00:20:34,  870829 sec) Profile()            Sample 13 initiated at 1350.6dbars for bin 13 [1350dbars].  PTS: 1348.7dbars 2.3120C 34.7176PSU
(Mar 21 2026 00:20:34,  870829 sec) PistonMoveAbsWTO()    056->061 057 058 059 060 061 [26sec, 14.4Volts, 0.454Amps, CPT:1119sec]
(Mar 21 2026 00:28:21,  871296 sec) Profile()            Sample 14 initiated at 1300.4dbars for bin 14 [1300dbars].  PTS: 1298.2dbars 2.3572C 34.7111PSU
(Mar 21 2026 00:36:27,  871782 sec) Profile()            Sample 15 initiated at 1250.5dbars for bin 15 [1250dbars].  PTS: 1248.5dbars 2.3885C 34.6965PSU
(Mar 21 2026 00:45:27,  872322 sec) Profile()            Sample 16 initiated at 1200.9dbars for bin 16 [1200dbars].  PTS: 1199.1dbars 2.4323C 34.6892PSU
(Mar 21 2026 00:56:07,  872962 sec) Profile()            Sample 17 initiated at 1150.2dbars for bin 17 [1150dbars].  PTS: 1148.7dbars 2.4558C 34.6810PSU
(Mar 21 2026 00:56:08,  872963 sec) AscentControlAgent() Bouyancy nudge to 71 (v=0.075dbar/sec).
(Mar 21 2026 00:56:08,  872963 sec) PistonMoveAbsWTO()    061->071 062 063 064 065 066 [30sec, 14.6Volts, 0.430Amps, CPT:1149sec]
(Mar 21 2026 00:56:49,  873004 sec) PistonMoveAbsWTO()    066->071 067 068 069 070 071 [25sec, 14.4Volts, 0.418Amps, CPT:1174sec]
(Mar 21 2026 01:04:13,  873448 sec) Profile()            Sample 18 initiated at 1100.3dbars for bin 18 [1100dbars].  PTS: 1098.2dbars 2.4713C 34.6680PSU
(Mar 21 2026 01:13:03,  873978 sec) Profile()            Sample 19 initiated at 1050.7dbars for bin 19 [1050dbars].  PTS: 1048.8dbars 2.5068C 34.6510PSU
(Mar 21 2026 01:21:52,  874507 sec) AscentControlAgent() Bouyancy nudge to 81 (v=0.079dbar/sec).
(Mar 21 2026 01:21:53,  874508 sec) PistonMoveAbsWTO()    071->081 072 073 074 075 076 [30sec, 14.6Volts, 0.393Amps, CPT:1204sec]
(Mar 21 2026 01:22:34,  874549 sec) PistonMoveAbsWTO()    076->081 077 078 079 080 081 [24sec, 14.5Volts, 0.385Amps, CPT:1228sec]
(Mar 21 2026 01:23:31,  874606 sec) Profile()            Sample 20 initiated at 999.2dbars for bin 20 [1000dbars].  PTS: 996.7dbars 2.5048C 34.6213PSU
(Mar 21 2026 01:26:40,  874795 sec) Sbe41cpStartCP()     Continuous profile started.
(Mar 21 2026 01:56:51,  876606 sec) AscentControlAgent() Bouyancy nudge to 91 (v=0.075dbar/sec).
(Mar 21 2026 01:56:52,  876607 sec) PistonMoveAbsWTO()    081->091 082 083 084 085 086 [30sec, 14.5Volts, 0.340Amps, CPT:1258sec]
(Mar 21 2026 01:57:33,  876648 sec) PistonMoveAbsWTO()    086->091 087 088 089 090 091 [24sec, 14.4Volts, 0.344Amps, CPT:1282sec]
(Mar 21 2026 02:02:59,  876974 sec) PistonMoveAbsWTO()    091->091 [0sec, 0.0Volts, 0.000Amps, CPT:1282sec]
(Mar 21 2026 02:03:10,  876985 sec) PistonMoveAbsWTO()    090->091 091 [1sec, 14.5Volts, 0.382Amps, CPT:1283sec]
(Mar 21 2026 02:28:20,  878495 sec) AscentControlAgent() Bouyancy nudge to 101 (v=0.078dbar/sec).
(Mar 21 2026 02:28:21,  878496 sec) PistonMoveAbsWTO()    091->101 092 093 094 095 096 [30sec, 14.5Volts, 0.306Amps, CPT:1313sec]
(Mar 21 2026 02:29:02,  878537 sec) PistonMoveAbsWTO()    096->101 097 098 099 100 101 [24sec, 14.4Volts, 0.303Amps, CPT:1337sec]
(Mar 21 2026 02:49:33,  879768 sec) AscentControlAgent() Bouyancy nudge to 111 (v=0.075dbar/sec).
(Mar 21 2026 02:49:34,  879769 sec) PistonMoveAbsWTO()    101->111 102 103 104 105 106 [30sec, 14.6Volts, 0.280Amps, CPT:1367sec]
(Mar 21 2026 02:50:15,  879810 sec) PistonMoveAbsWTO()    106->111 107 108 109 110 111 [22sec, 14.5Volts, 0.279Amps, CPT:1389sec]
(Mar 21 2026 03:20:49,  881644 sec) AscentControlAgent() Bouyancy nudge to 121 (v=0.070dbar/sec).
(Mar 21 2026 03:20:49,  881644 sec) PistonMoveAbsWTO()    111->121 112 113 114 115 116 [30sec, 14.6Volts, 0.241Amps, CPT:1419sec]
(Mar 21 2026 03:21:30,  881685 sec) PistonMoveAbsWTO()    116->121 117 118 119 120 121 [24sec, 14.5Volts, 0.231Amps, CPT:1443sec]
(Mar 21 2026 03:42:01,  882916 sec) AscentControlAgent() Bouyancy nudge to 131 (v=0.080dbar/sec).
(Mar 21 2026 03:42:01,  882916 sec) PistonMoveAbsWTO()    121->131 122 123 124 125 126 [30sec, 14.6Volts, 0.211Amps, CPT:1473sec]
(Mar 21 2026 03:42:42,  882957 sec) PistonMoveAbsWTO()    126->131 127 128 129 130 131 [23sec, 14.6Volts, 0.215Amps, CPT:1496sec]
(Mar 21 2026 04:08:14,  884489 sec) AscentControlAgent() Bouyancy nudge to 141 (v=0.047dbar/sec).
(Mar 21 2026 04:08:14,  884489 sec) PistonMoveAbsWTO()    131->141 132 133 134 135 136 [30sec, 14.7Volts, 0.185Amps, CPT:1526sec]
(Mar 21 2026 04:08:55,  884530 sec) PistonMoveAbsWTO()    136->141 137 138 139 140 141 [23sec, 14.6Volts, 0.183Amps, CPT:1549sec]
(Mar 21 2026 04:14:19,  884854 sec) AscentControlAgent() Bouyancy nudge to 151 (v=0.079dbar/sec).
(Mar 21 2026 04:14:19,  884854 sec) PistonMoveAbsWTO()    141->151 142 143 144 145 146 [30sec, 14.6Volts, 0.169Amps, CPT:1579sec]
(Mar 21 2026 04:15:01,  884896 sec) PistonMoveAbsWTO()    146->151 147 148 149 150 151 [22sec, 14.6Volts, 0.171Amps, CPT:1601sec]
(Mar 21 2026 04:22:37,  885352 sec) SurfaceDetect()      SurfacePressure:-0.3dbars Pressure:3.7dbars PistonPosition:151
(Mar 21 2026 04:22:37,  885352 sec) Sbe41cpStopCP()      Continuous profile stopped.
(Mar 21 2026 04:22:41,  885356 sec) PistonMoveAbsWTO()    151->173 152 153 154 155 156 157 158 157 158 159 160 159 160 161 162 163 164 165 166 167 168 169 170 171 172 173 [114sec, 14.6Volts, 0.160Amps, CPT:1715sec]
(Mar 21 2026 04:24:40,  885475 sec) chat()               Expected string [S>] not received.
(Mar 21 2026 04:26:19,  885574 sec) Sbe41cpBinAverage()  Finished averaging 10570 samples in 94 seconds.
(Mar 21 2026 04:26:24,  885579 sec) Sbe41cpUploadCP_()   Sbe41cpSerNo[18724] NSample[10570] NBin[493]
(Mar 21 2026 04:26:55,  885610 sec) Sbe41cpUploadCP_()   Continuous profile uploaded [493 lines].

<EOT>
